[2026-08-18T12:18:30.990+0000] {processor.py:161} INFO - Started process (PID=173) to work on /home/airflow/.local/lib/python3.8/site-packages/airflow/example_dags/example_task_group.py
[2026-08-18T12:18:30.993+0000] {processor.py:830} INFO - Processing file /home/airflow/.local/lib/python3.8/site-packages/airflow/example_dags/example_task_group.py for tasks to queue
[2026-08-18T12:18:30.999+0000] {logging_mixin.py:188} INFO - [2026-08-18T12:18:30.998+0000] {dagbag.py:538} INFO - Filling up the DagBag from /home/airflow/.local/lib/python3.8/site-packages/airflow/example_dags/example_task_group.py
[2026-08-18T12:18:31.032+0000] {processor.py:840} INFO - DAG(s) 'example_task_group' retrieved from /home/airflow/.local/lib/python3.8/site-packages/airflow/example_dags/example_task_group.py
[2026-08-18T12:18:31.331+0000] {logging_mixin.py:188} INFO - [2026-08-18T12:18:31.330+0000] {dag.py:3036} INFO - Sync 1 DAGs
[2026-08-18T12:18:31.377+0000] {logging_mixin.py:188} INFO - [2026-08-18T12:18:31.377+0000] {dag.py:3823} INFO - Setting next_dagrun for example_task_group to 2026-08-17 00:00:00+00:00, run_after=2026-08-18 00:00:00+00:00
[2026-08-18T12:18:31.425+0000] {processor.py:183} INFO - Processing /home/airflow/.local/lib/python3.8/site-packages/airflow/example_dags/example_task_group.py took 0.485 seconds
[2026-08-18T12:19:02.009+0000] {processor.py:161} INFO - Started process (PID=275) to work on /home/airflow/.local/lib/python3.8/site-packages/airflow/example_dags/example_task_group.py
[2026-08-18T12:19:02.010+0000] {processor.py:830} INFO - Processing file /home/airflow/.local/lib/python3.8/site-packages/airflow/example_dags/example_task_group.py for tasks to queue
[2026-08-18T12:19:02.013+0000] {logging_mixin.py:188} INFO - [2026-08-18T12:19:02.012+0000] {dagbag.py:538} INFO - Filling up the DagBag from /home/airflow/.local/lib/python3.8/site-packages/airflow/example_dags/example_task_group.py
[2026-08-18T12:19:02.025+0000] {processor.py:840} INFO - DAG(s) 'example_task_group' retrieved from /home/airflow/.local/lib/python3.8/site-packages/airflow/example_dags/example_task_group.py
[2026-08-18T12:19:02.053+0000] {logging_mixin.py:188} INFO - [2026-08-18T12:19:02.052+0000] {dag.py:3036} INFO - Sync 1 DAGs
[2026-08-18T12:19:02.085+0000] {logging_mixin.py:188} INFO - [2026-08-18T12:19:02.085+0000] {dag.py:3823} INFO - Setting next_dagrun for example_task_group to 2026-08-17 00:00:00+00:00, run_after=2026-08-18 00:00:00+00:00
[2026-08-18T12:19:02.119+0000] {processor.py:183} INFO - Processing /home/airflow/.local/lib/python3.8/site-packages/airflow/example_dags/example_task_group.py took 0.114 seconds
[2026-08-18T12:19:32.516+0000] {processor.py:161} INFO - Started process (PID=354) to work on /home/airflow/.local/lib/python3.8/site-packages/airflow/example_dags/example_task_group.py
[2026-08-18T12:19:32.518+0000] {processor.py:830} INFO - Processing file /home/airflow/.local/lib/python3.8/site-packages/airflow/example_dags/example_task_group.py for tasks to queue
[2026-08-18T12:19:32.520+0000] {logging_mixin.py:188} INFO - [2026-08-18T12:19:32.520+0000] {dagbag.py:538} INFO - Filling up the DagBag from /home/airflow/.local/lib/python3.8/site-packages/airflow/example_dags/example_task_group.py
[2026-08-18T12:19:32.530+0000] {processor.py:840} INFO - DAG(s) 'example_task_group' retrieved from /home/airflow/.local/lib/python3.8/site-packages/airflow/example_dags/example_task_group.py
[2026-08-18T12:19:32.547+0000] {logging_mixin.py:188} INFO - [2026-08-18T12:19:32.546+0000] {dag.py:3036} INFO - Sync 1 DAGs
[2026-08-18T12:19:32.574+0000] {logging_mixin.py:188} INFO - [2026-08-18T12:19:32.574+0000] {dag.py:3823} INFO - Setting next_dagrun for example_task_group to 2026-08-17 00:00:00+00:00, run_after=2026-08-18 00:00:00+00:00
[2026-08-18T12:19:32.596+0000] {processor.py:183} INFO - Processing /home/airflow/.local/lib/python3.8/site-packages/airflow/example_dags/example_task_group.py took 0.084 seconds
[2026-08-18T12:20:03.294+0000] {processor.py:161} INFO - Started process (PID=433) to work on /home/airflow/.local/lib/python3.8/site-packages/airflow/example_dags/example_task_group.py
[2026-08-18T12:20:03.295+0000] {processor.py:830} INFO - Processing file /home/airflow/.local/lib/python3.8/site-packages/airflow/example_dags/example_task_group.py for tasks to queue
[2026-08-18T12:20:03.297+0000] {logging_mixin.py:188} INFO - [2026-08-18T12:20:03.297+0000] {dagbag.py:538} INFO - Filling up the DagBag from /home/airflow/.local/lib/python3.8/site-packages/airflow/example_dags/example_task_group.py
[2026-08-18T12:20:03.304+0000] {processor.py:840} INFO - DAG(s) 'example_task_group' retrieved from /home/airflow/.local/lib/python3.8/site-packages/airflow/example_dags/example_task_group.py
[2026-08-18T12:20:03.399+0000] {logging_mixin.py:188} INFO - [2026-08-18T12:20:03.399+0000] {dag.py:3036} INFO - Sync 1 DAGs
[2026-08-18T12:20:03.417+0000] {logging_mixin.py:188} INFO - [2026-08-18T12:20:03.417+0000] {dag.py:3823} INFO - Setting next_dagrun for example_task_group to 2026-08-17 00:00:00+00:00, run_after=2026-08-18 00:00:00+00:00
[2026-08-18T12:20:03.436+0000] {processor.py:183} INFO - Processing /home/airflow/.local/lib/python3.8/site-packages/airflow/example_dags/example_task_group.py took 0.146 seconds
[2026-08-18T12:20:33.633+0000] {processor.py:161} INFO - Started process (PID=516) to work on /home/airflow/.local/lib/python3.8/site-packages/airflow/example_dags/example_task_group.py
[2026-08-18T12:20:33.634+0000] {processor.py:830} INFO - Processing file /home/airflow/.local/lib/python3.8/site-packages/airflow/example_dags/example_task_group.py for tasks to queue
[2026-08-18T12:20:33.637+0000] {logging_mixin.py:188} INFO - [2026-08-18T12:20:33.636+0000] {dagbag.py:538} INFO - Filling up the DagBag from /home/airflow/.local/lib/python3.8/site-packages/airflow/example_dags/example_task_group.py
[2026-08-18T12:20:33.644+0000] {processor.py:840} INFO - DAG(s) 'example_task_group' retrieved from /home/airflow/.local/lib/python3.8/site-packages/airflow/example_dags/example_task_group.py
[2026-08-18T12:20:33.667+0000] {logging_mixin.py:188} INFO - [2026-08-18T12:20:33.666+0000] {dag.py:3036} INFO - Sync 1 DAGs
[2026-08-18T12:20:33.689+0000] {logging_mixin.py:188} INFO - [2026-08-18T12:20:33.689+0000] {dag.py:3823} INFO - Setting next_dagrun for example_task_group to 2026-08-17 00:00:00+00:00, run_after=2026-08-18 00:00:00+00:00
[2026-08-18T12:20:33.714+0000] {processor.py:183} INFO - Processing /home/airflow/.local/lib/python3.8/site-packages/airflow/example_dags/example_task_group.py took 0.086 seconds
[2026-08-18T12:21:04.322+0000] {processor.py:161} INFO - Started process (PID=595) to work on /home/airflow/.local/lib/python3.8/site-packages/airflow/example_dags/example_task_group.py
[2026-08-18T12:21:04.324+0000] {processor.py:830} INFO - Processing file /home/airflow/.local/lib/python3.8/site-packages/airflow/example_dags/example_task_group.py for tasks to queue
[2026-08-18T12:21:04.326+0000] {logging_mixin.py:188} INFO - [2026-08-18T12:21:04.326+0000] {dagbag.py:538} INFO - Filling up the DagBag from /home/airflow/.local/lib/python3.8/site-packages/airflow/example_dags/example_task_group.py
[2026-08-18T12:21:04.340+0000] {processor.py:840} INFO - DAG(s) 'example_task_group' retrieved from /home/airflow/.local/lib/python3.8/site-packages/airflow/example_dags/example_task_group.py
[2026-08-18T12:21:04.364+0000] {logging_mixin.py:188} INFO - [2026-08-18T12:21:04.364+0000] {dag.py:3036} INFO - Sync 1 DAGs
[2026-08-18T12:21:04.390+0000] {logging_mixin.py:188} INFO - [2026-08-18T12:21:04.390+0000] {dag.py:3823} INFO - Setting next_dagrun for example_task_group to 2026-08-17 00:00:00+00:00, run_after=2026-08-18 00:00:00+00:00
[2026-08-18T12:21:04.414+0000] {processor.py:183} INFO - Processing /home/airflow/.local/lib/python3.8/site-packages/airflow/example_dags/example_task_group.py took 0.095 seconds
[2026-08-18T12:21:34.819+0000] {processor.py:161} INFO - Started process (PID=674) to work on /home/airflow/.local/lib/python3.8/site-packages/airflow/example_dags/example_task_group.py
[2026-08-18T12:21:34.820+0000] {processor.py:830} INFO - Processing file /home/airflow/.local/lib/python3.8/site-packages/airflow/example_dags/example_task_group.py for tasks to queue
[2026-08-18T12:21:34.823+0000] {logging_mixin.py:188} INFO - [2026-08-18T12:21:34.822+0000] {dagbag.py:538} INFO - Filling up the DagBag from /home/airflow/.local/lib/python3.8/site-packages/airflow/example_dags/example_task_group.py
[2026-08-18T12:21:34.831+0000] {processor.py:840} INFO - DAG(s) 'example_task_group' retrieved from /home/airflow/.local/lib/python3.8/site-packages/airflow/example_dags/example_task_group.py
[2026-08-18T12:21:34.853+0000] {logging_mixin.py:188} INFO - [2026-08-18T12:21:34.853+0000] {dag.py:3036} INFO - Sync 1 DAGs
[2026-08-18T12:21:34.873+0000] {logging_mixin.py:188} INFO - [2026-08-18T12:21:34.872+0000] {dag.py:3823} INFO - Setting next_dagrun for example_task_group to 2026-08-17 00:00:00+00:00, run_after=2026-08-18 00:00:00+00:00
[2026-08-18T12:21:34.892+0000] {processor.py:183} INFO - Processing /home/airflow/.local/lib/python3.8/site-packages/airflow/example_dags/example_task_group.py took 0.076 seconds
[2026-08-18T12:22:05.048+0000] {processor.py:161} INFO - Started process (PID=753) to work on /home/airflow/.local/lib/python3.8/site-packages/airflow/example_dags/example_task_group.py
[2026-08-18T12:22:05.049+0000] {processor.py:830} INFO - Processing file /home/airflow/.local/lib/python3.8/site-packages/airflow/example_dags/example_task_group.py for tasks to queue
[2026-08-18T12:22:05.052+0000] {logging_mixin.py:188} INFO - [2026-08-18T12:22:05.051+0000] {dagbag.py:538} INFO - Filling up the DagBag from /home/airflow/.local/lib/python3.8/site-packages/airflow/example_dags/example_task_group.py
[2026-08-18T12:22:05.059+0000] {processor.py:840} INFO - DAG(s) 'example_task_group' retrieved from /home/airflow/.local/lib/python3.8/site-packages/airflow/example_dags/example_task_group.py
[2026-08-18T12:22:05.081+0000] {logging_mixin.py:188} INFO - [2026-08-18T12:22:05.081+0000] {dag.py:3036} INFO - Sync 1 DAGs
[2026-08-18T12:22:05.102+0000] {logging_mixin.py:188} INFO - [2026-08-18T12:22:05.101+0000] {dag.py:3823} INFO - Setting next_dagrun for example_task_group to 2026-08-17 00:00:00+00:00, run_after=2026-08-18 00:00:00+00:00
[2026-08-18T12:22:05.121+0000] {processor.py:183} INFO - Processing /home/airflow/.local/lib/python3.8/site-packages/airflow/example_dags/example_task_group.py took 0.076 seconds
[2026-08-18T12:22:35.642+0000] {processor.py:161} INFO - Started process (PID=832) to work on /home/airflow/.local/lib/python3.8/site-packages/airflow/example_dags/example_task_group.py
[2026-08-18T12:22:35.643+0000] {processor.py:830} INFO - Processing file /home/airflow/.local/lib/python3.8/site-packages/airflow/example_dags/example_task_group.py for tasks to queue
[2026-08-18T12:22:35.645+0000] {logging_mixin.py:188} INFO - [2026-08-18T12:22:35.644+0000] {dagbag.py:538} INFO - Filling up the DagBag from /home/airflow/.local/lib/python3.8/site-packages/airflow/example_dags/example_task_group.py
[2026-08-18T12:22:35.652+0000] {processor.py:840} INFO - DAG(s) 'example_task_group' retrieved from /home/airflow/.local/lib/python3.8/site-packages/airflow/example_dags/example_task_group.py
[2026-08-18T12:22:35.675+0000] {logging_mixin.py:188} INFO - [2026-08-18T12:22:35.675+0000] {dag.py:3036} INFO - Sync 1 DAGs
[2026-08-18T12:22:35.695+0000] {logging_mixin.py:188} INFO - [2026-08-18T12:22:35.695+0000] {dag.py:3823} INFO - Setting next_dagrun for example_task_group to 2026-08-17 00:00:00+00:00, run_after=2026-08-18 00:00:00+00:00
[2026-08-18T12:22:35.714+0000] {processor.py:183} INFO - Processing /home/airflow/.local/lib/python3.8/site-packages/airflow/example_dags/example_task_group.py took 0.075 seconds
[2026-08-18T12:23:06.143+0000] {processor.py:161} INFO - Started process (PID=913) to work on /home/airflow/.local/lib/python3.8/site-packages/airflow/example_dags/example_task_group.py
[2026-08-18T12:23:06.145+0000] {processor.py:830} INFO - Processing file /home/airflow/.local/lib/python3.8/site-packages/airflow/example_dags/example_task_group.py for tasks to queue
[2026-08-18T12:23:06.147+0000] {logging_mixin.py:188} INFO - [2026-08-18T12:23:06.146+0000] {dagbag.py:538} INFO - Filling up the DagBag from /home/airflow/.local/lib/python3.8/site-packages/airflow/example_dags/example_task_group.py
[2026-08-18T12:23:06.155+0000] {processor.py:840} INFO - DAG(s) 'example_task_group' retrieved from /home/airflow/.local/lib/python3.8/site-packages/airflow/example_dags/example_task_group.py
[2026-08-18T12:23:06.178+0000] {logging_mixin.py:188} INFO - [2026-08-18T12:23:06.178+0000] {dag.py:3036} INFO - Sync 1 DAGs
[2026-08-18T12:23:06.201+0000] {logging_mixin.py:188} INFO - [2026-08-18T12:23:06.201+0000] {dag.py:3823} INFO - Setting next_dagrun for example_task_group to 2026-08-17 00:00:00+00:00, run_after=2026-08-18 00:00:00+00:00
[2026-08-18T12:23:06.221+0000] {processor.py:183} INFO - Processing /home/airflow/.local/lib/python3.8/site-packages/airflow/example_dags/example_task_group.py took 0.081 seconds
[2026-08-18T12:23:36.598+0000] {processor.py:161} INFO - Started process (PID=994) to work on /home/airflow/.local/lib/python3.8/site-packages/airflow/example_dags/example_task_group.py
[2026-08-18T12:23:36.599+0000] {processor.py:830} INFO - Processing file /home/airflow/.local/lib/python3.8/site-packages/airflow/example_dags/example_task_group.py for tasks to queue
[2026-08-18T12:23:36.601+0000] {logging_mixin.py:188} INFO - [2026-08-18T12:23:36.600+0000] {dagbag.py:538} INFO - Filling up the DagBag from /home/airflow/.local/lib/python3.8/site-packages/airflow/example_dags/example_task_group.py
[2026-08-18T12:23:36.608+0000] {processor.py:840} INFO - DAG(s) 'example_task_group' retrieved from /home/airflow/.local/lib/python3.8/site-packages/airflow/example_dags/example_task_group.py
[2026-08-18T12:23:36.622+0000] {logging_mixin.py:188} INFO - [2026-08-18T12:23:36.622+0000] {dag.py:3036} INFO - Sync 1 DAGs
[2026-08-18T12:23:36.646+0000] {logging_mixin.py:188} INFO - [2026-08-18T12:23:36.645+0000] {dag.py:3823} INFO - Setting next_dagrun for example_task_group to 2026-08-17 00:00:00+00:00, run_after=2026-08-18 00:00:00+00:00
[2026-08-18T12:23:36.667+0000] {processor.py:183} INFO - Processing /home/airflow/.local/lib/python3.8/site-packages/airflow/example_dags/example_task_group.py took 0.073 seconds
[2026-08-18T12:24:07.008+0000] {processor.py:161} INFO - Started process (PID=1075) to work on /home/airflow/.local/lib/python3.8/site-packages/airflow/example_dags/example_task_group.py
[2026-08-18T12:24:07.009+0000] {processor.py:830} INFO - Processing file /home/airflow/.local/lib/python3.8/site-packages/airflow/example_dags/example_task_group.py for tasks to queue
[2026-08-18T12:24:07.011+0000] {logging_mixin.py:188} INFO - [2026-08-18T12:24:07.010+0000] {dagbag.py:538} INFO - Filling up the DagBag from /home/airflow/.local/lib/python3.8/site-packages/airflow/example_dags/example_task_group.py
[2026-08-18T12:24:07.018+0000] {processor.py:840} INFO - DAG(s) 'example_task_group' retrieved from /home/airflow/.local/lib/python3.8/site-packages/airflow/example_dags/example_task_group.py
[2026-08-18T12:24:07.124+0000] {logging_mixin.py:188} INFO - [2026-08-18T12:24:07.124+0000] {dag.py:3036} INFO - Sync 1 DAGs
[2026-08-18T12:24:07.146+0000] {logging_mixin.py:188} INFO - [2026-08-18T12:24:07.146+0000] {dag.py:3823} INFO - Setting next_dagrun for example_task_group to 2026-08-17 00:00:00+00:00, run_after=2026-08-18 00:00:00+00:00
[2026-08-18T12:24:07.166+0000] {processor.py:183} INFO - Processing /home/airflow/.local/lib/python3.8/site-packages/airflow/example_dags/example_task_group.py took 0.161 seconds
[2026-08-18T12:24:38.191+0000] {processor.py:161} INFO - Started process (PID=1156) to work on /home/airflow/.local/lib/python3.8/site-packages/airflow/example_dags/example_task_group.py
[2026-08-18T12:24:38.192+0000] {processor.py:830} INFO - Processing file /home/airflow/.local/lib/python3.8/site-packages/airflow/example_dags/example_task_group.py for tasks to queue
[2026-08-18T12:24:38.194+0000] {logging_mixin.py:188} INFO - [2026-08-18T12:24:38.194+0000] {dagbag.py:538} INFO - Filling up the DagBag from /home/airflow/.local/lib/python3.8/site-packages/airflow/example_dags/example_task_group.py
[2026-08-18T12:24:38.201+0000] {processor.py:840} INFO - DAG(s) 'example_task_group' retrieved from /home/airflow/.local/lib/python3.8/site-packages/airflow/example_dags/example_task_group.py
[2026-08-18T12:24:38.222+0000] {logging_mixin.py:188} INFO - [2026-08-18T12:24:38.222+0000] {dag.py:3036} INFO - Sync 1 DAGs
[2026-08-18T12:24:38.243+0000] {logging_mixin.py:188} INFO - [2026-08-18T12:24:38.242+0000] {dag.py:3823} INFO - Setting next_dagrun for example_task_group to 2026-08-17 00:00:00+00:00, run_after=2026-08-18 00:00:00+00:00
[2026-08-18T12:24:38.261+0000] {processor.py:183} INFO - Processing /home/airflow/.local/lib/python3.8/site-packages/airflow/example_dags/example_task_group.py took 0.073 seconds
[2026-08-18T12:25:08.582+0000] {processor.py:161} INFO - Started process (PID=1238) to work on /home/airflow/.local/lib/python3.8/site-packages/airflow/example_dags/example_task_group.py
[2026-08-18T12:25:08.583+0000] {processor.py:830} INFO - Processing file /home/airflow/.local/lib/python3.8/site-packages/airflow/example_dags/example_task_group.py for tasks to queue
[2026-08-18T12:25:08.585+0000] {logging_mixin.py:188} INFO - [2026-08-18T12:25:08.585+0000] {dagbag.py:538} INFO - Filling up the DagBag from /home/airflow/.local/lib/python3.8/site-packages/airflow/example_dags/example_task_group.py
[2026-08-18T12:25:08.593+0000] {processor.py:840} INFO - DAG(s) 'example_task_group' retrieved from /home/airflow/.local/lib/python3.8/site-packages/airflow/example_dags/example_task_group.py
[2026-08-18T12:25:08.620+0000] {logging_mixin.py:188} INFO - [2026-08-18T12:25:08.620+0000] {dag.py:3036} INFO - Sync 1 DAGs
[2026-08-18T12:25:08.645+0000] {logging_mixin.py:188} INFO - [2026-08-18T12:25:08.645+0000] {dag.py:3823} INFO - Setting next_dagrun for example_task_group to 2026-08-17 00:00:00+00:00, run_after=2026-08-18 00:00:00+00:00
[2026-08-18T12:25:08.666+0000] {processor.py:183} INFO - Processing /home/airflow/.local/lib/python3.8/site-packages/airflow/example_dags/example_task_group.py took 0.089 seconds
[2026-08-18T12:25:38.833+0000] {processor.py:161} INFO - Started process (PID=1327) to work on /home/airflow/.local/lib/python3.8/site-packages/airflow/example_dags/example_task_group.py
[2026-08-18T12:25:38.835+0000] {processor.py:830} INFO - Processing file /home/airflow/.local/lib/python3.8/site-packages/airflow/example_dags/example_task_group.py for tasks to queue
[2026-08-18T12:25:38.839+0000] {logging_mixin.py:188} INFO - [2026-08-18T12:25:38.839+0000] {dagbag.py:538} INFO - Filling up the DagBag from /home/airflow/.local/lib/python3.8/site-packages/airflow/example_dags/example_task_group.py
[2026-08-18T12:25:38.859+0000] {processor.py:840} INFO - DAG(s) 'example_task_group' retrieved from /home/airflow/.local/lib/python3.8/site-packages/airflow/example_dags/example_task_group.py
[2026-08-18T12:25:38.914+0000] {logging_mixin.py:188} INFO - [2026-08-18T12:25:38.914+0000] {dag.py:3036} INFO - Sync 1 DAGs
[2026-08-18T12:25:38.964+0000] {logging_mixin.py:188} INFO - [2026-08-18T12:25:38.963+0000] {dag.py:3823} INFO - Setting next_dagrun for example_task_group to 2026-08-17 00:00:00+00:00, run_after=2026-08-18 00:00:00+00:00
[2026-08-18T12:25:39.007+0000] {processor.py:183} INFO - Processing /home/airflow/.local/lib/python3.8/site-packages/airflow/example_dags/example_task_group.py took 0.182 seconds
[2026-08-18T12:26:09.419+0000] {processor.py:161} INFO - Started process (PID=1419) to work on /home/airflow/.local/lib/python3.8/site-packages/airflow/example_dags/example_task_group.py
[2026-08-18T12:26:09.421+0000] {processor.py:830} INFO - Processing file /home/airflow/.local/lib/python3.8/site-packages/airflow/example_dags/example_task_group.py for tasks to queue
[2026-08-18T12:26:09.423+0000] {logging_mixin.py:188} INFO - [2026-08-18T12:26:09.423+0000] {dagbag.py:538} INFO - Filling up the DagBag from /home/airflow/.local/lib/python3.8/site-packages/airflow/example_dags/example_task_group.py
[2026-08-18T12:26:09.430+0000] {processor.py:840} INFO - DAG(s) 'example_task_group' retrieved from /home/airflow/.local/lib/python3.8/site-packages/airflow/example_dags/example_task_group.py
[2026-08-18T12:26:09.453+0000] {logging_mixin.py:188} INFO - [2026-08-18T12:26:09.452+0000] {dag.py:3036} INFO - Sync 1 DAGs
[2026-08-18T12:26:09.475+0000] {logging_mixin.py:188} INFO - [2026-08-18T12:26:09.475+0000] {dag.py:3823} INFO - Setting next_dagrun for example_task_group to 2026-08-17 00:00:00+00:00, run_after=2026-08-18 00:00:00+00:00
[2026-08-18T12:26:09.495+0000] {processor.py:183} INFO - Processing /home/airflow/.local/lib/python3.8/site-packages/airflow/example_dags/example_task_group.py took 0.079 seconds
[2026-08-18T12:26:39.990+0000] {processor.py:161} INFO - Started process (PID=1500) to work on /home/airflow/.local/lib/python3.8/site-packages/airflow/example_dags/example_task_group.py
[2026-08-18T12:26:39.991+0000] {processor.py:830} INFO - Processing file /home/airflow/.local/lib/python3.8/site-packages/airflow/example_dags/example_task_group.py for tasks to queue
[2026-08-18T12:26:39.993+0000] {logging_mixin.py:188} INFO - [2026-08-18T12:26:39.992+0000] {dagbag.py:538} INFO - Filling up the DagBag from /home/airflow/.local/lib/python3.8/site-packages/airflow/example_dags/example_task_group.py
[2026-08-18T12:26:40.003+0000] {processor.py:840} INFO - DAG(s) 'example_task_group' retrieved from /home/airflow/.local/lib/python3.8/site-packages/airflow/example_dags/example_task_group.py
[2026-08-18T12:26:40.029+0000] {logging_mixin.py:188} INFO - [2026-08-18T12:26:40.029+0000] {dag.py:3036} INFO - Sync 1 DAGs
[2026-08-18T12:26:40.218+0000] {logging_mixin.py:188} INFO - [2026-08-18T12:26:40.218+0000] {dag.py:3823} INFO - Setting next_dagrun for example_task_group to 2026-08-17 00:00:00+00:00, run_after=2026-08-18 00:00:00+00:00
[2026-08-18T12:26:40.247+0000] {processor.py:183} INFO - Processing /home/airflow/.local/lib/python3.8/site-packages/airflow/example_dags/example_task_group.py took 0.260 seconds
[2026-08-18T12:27:10.575+0000] {processor.py:161} INFO - Started process (PID=1586) to work on /home/airflow/.local/lib/python3.8/site-packages/airflow/example_dags/example_task_group.py
[2026-08-18T12:27:10.576+0000] {processor.py:830} INFO - Processing file /home/airflow/.local/lib/python3.8/site-packages/airflow/example_dags/example_task_group.py for tasks to queue
[2026-08-18T12:27:10.579+0000] {logging_mixin.py:188} INFO - [2026-08-18T12:27:10.578+0000] {dagbag.py:538} INFO - Filling up the DagBag from /home/airflow/.local/lib/python3.8/site-packages/airflow/example_dags/example_task_group.py
[2026-08-18T12:27:10.590+0000] {processor.py:840} INFO - DAG(s) 'example_task_group' retrieved from /home/airflow/.local/lib/python3.8/site-packages/airflow/example_dags/example_task_group.py
[2026-08-18T12:27:10.615+0000] {logging_mixin.py:188} INFO - [2026-08-18T12:27:10.615+0000] {dag.py:3036} INFO - Sync 1 DAGs
[2026-08-18T12:27:10.641+0000] {logging_mixin.py:188} INFO - [2026-08-18T12:27:10.640+0000] {dag.py:3823} INFO - Setting next_dagrun for example_task_group to 2026-08-17 00:00:00+00:00, run_after=2026-08-18 00:00:00+00:00
[2026-08-18T12:27:10.665+0000] {processor.py:183} INFO - Processing /home/airflow/.local/lib/python3.8/site-packages/airflow/example_dags/example_task_group.py took 0.093 seconds
[2026-08-18T12:27:41.230+0000] {processor.py:161} INFO - Started process (PID=1667) to work on /home/airflow/.local/lib/python3.8/site-packages/airflow/example_dags/example_task_group.py
[2026-08-18T12:27:41.231+0000] {processor.py:830} INFO - Processing file /home/airflow/.local/lib/python3.8/site-packages/airflow/example_dags/example_task_group.py for tasks to queue
[2026-08-18T12:27:41.233+0000] {logging_mixin.py:188} INFO - [2026-08-18T12:27:41.233+0000] {dagbag.py:538} INFO - Filling up the DagBag from /home/airflow/.local/lib/python3.8/site-packages/airflow/example_dags/example_task_group.py
[2026-08-18T12:27:41.240+0000] {processor.py:840} INFO - DAG(s) 'example_task_group' retrieved from /home/airflow/.local/lib/python3.8/site-packages/airflow/example_dags/example_task_group.py
[2026-08-18T12:27:41.262+0000] {logging_mixin.py:188} INFO - [2026-08-18T12:27:41.262+0000] {dag.py:3036} INFO - Sync 1 DAGs
[2026-08-18T12:27:41.283+0000] {logging_mixin.py:188} INFO - [2026-08-18T12:27:41.283+0000] {dag.py:3823} INFO - Setting next_dagrun for example_task_group to 2026-08-17 00:00:00+00:00, run_after=2026-08-18 00:00:00+00:00
[2026-08-18T12:27:41.302+0000] {processor.py:183} INFO - Processing /home/airflow/.local/lib/python3.8/site-packages/airflow/example_dags/example_task_group.py took 0.075 seconds
[2026-08-18T12:28:11.874+0000] {processor.py:161} INFO - Started process (PID=1753) to work on /home/airflow/.local/lib/python3.8/site-packages/airflow/example_dags/example_task_group.py
[2026-08-18T12:28:11.875+0000] {processor.py:830} INFO - Processing file /home/airflow/.local/lib/python3.8/site-packages/airflow/example_dags/example_task_group.py for tasks to queue
[2026-08-18T12:28:11.877+0000] {logging_mixin.py:188} INFO - [2026-08-18T12:28:11.877+0000] {dagbag.py:538} INFO - Filling up the DagBag from /home/airflow/.local/lib/python3.8/site-packages/airflow/example_dags/example_task_group.py
[2026-08-18T12:28:11.884+0000] {processor.py:840} INFO - DAG(s) 'example_task_group' retrieved from /home/airflow/.local/lib/python3.8/site-packages/airflow/example_dags/example_task_group.py
[2026-08-18T12:28:11.906+0000] {logging_mixin.py:188} INFO - [2026-08-18T12:28:11.906+0000] {dag.py:3036} INFO - Sync 1 DAGs
[2026-08-18T12:28:11.926+0000] {logging_mixin.py:188} INFO - [2026-08-18T12:28:11.926+0000] {dag.py:3823} INFO - Setting next_dagrun for example_task_group to 2026-08-17 00:00:00+00:00, run_after=2026-08-18 00:00:00+00:00
[2026-08-18T12:28:11.945+0000] {processor.py:183} INFO - Processing /home/airflow/.local/lib/python3.8/site-packages/airflow/example_dags/example_task_group.py took 0.074 seconds
[2026-08-18T12:28:42.316+0000] {processor.py:161} INFO - Started process (PID=1834) to work on /home/airflow/.local/lib/python3.8/site-packages/airflow/example_dags/example_task_group.py
[2026-08-18T12:28:42.317+0000] {processor.py:830} INFO - Processing file /home/airflow/.local/lib/python3.8/site-packages/airflow/example_dags/example_task_group.py for tasks to queue
[2026-08-18T12:28:42.319+0000] {logging_mixin.py:188} INFO - [2026-08-18T12:28:42.319+0000] {dagbag.py:538} INFO - Filling up the DagBag from /home/airflow/.local/lib/python3.8/site-packages/airflow/example_dags/example_task_group.py
[2026-08-18T12:28:42.329+0000] {processor.py:840} INFO - DAG(s) 'example_task_group' retrieved from /home/airflow/.local/lib/python3.8/site-packages/airflow/example_dags/example_task_group.py
[2026-08-18T12:28:42.353+0000] {logging_mixin.py:188} INFO - [2026-08-18T12:28:42.353+0000] {dag.py:3036} INFO - Sync 1 DAGs
[2026-08-18T12:28:42.378+0000] {logging_mixin.py:188} INFO - [2026-08-18T12:28:42.378+0000] {dag.py:3823} INFO - Setting next_dagrun for example_task_group to 2026-08-17 00:00:00+00:00, run_after=2026-08-18 00:00:00+00:00
[2026-08-18T12:28:42.403+0000] {processor.py:183} INFO - Processing /home/airflow/.local/lib/python3.8/site-packages/airflow/example_dags/example_task_group.py took 0.090 seconds
[2026-08-18T12:29:13.016+0000] {processor.py:161} INFO - Started process (PID=1915) to work on /home/airflow/.local/lib/python3.8/site-packages/airflow/example_dags/example_task_group.py
[2026-08-18T12:29:13.017+0000] {processor.py:830} INFO - Processing file /home/airflow/.local/lib/python3.8/site-packages/airflow/example_dags/example_task_group.py for tasks to queue
[2026-08-18T12:29:13.020+0000] {logging_mixin.py:188} INFO - [2026-08-18T12:29:13.019+0000] {dagbag.py:538} INFO - Filling up the DagBag from /home/airflow/.local/lib/python3.8/site-packages/airflow/example_dags/example_task_group.py
[2026-08-18T12:29:13.030+0000] {processor.py:840} INFO - DAG(s) 'example_task_group' retrieved from /home/airflow/.local/lib/python3.8/site-packages/airflow/example_dags/example_task_group.py
[2026-08-18T12:29:13.057+0000] {logging_mixin.py:188} INFO - [2026-08-18T12:29:13.057+0000] {dag.py:3036} INFO - Sync 1 DAGs
[2026-08-18T12:29:13.083+0000] {logging_mixin.py:188} INFO - [2026-08-18T12:29:13.083+0000] {dag.py:3823} INFO - Setting next_dagrun for example_task_group to 2026-08-17 00:00:00+00:00, run_after=2026-08-18 00:00:00+00:00
[2026-08-18T12:29:13.109+0000] {processor.py:183} INFO - Processing /home/airflow/.local/lib/python3.8/site-packages/airflow/example_dags/example_task_group.py took 0.098 seconds
[2026-08-18T12:29:43.875+0000] {processor.py:161} INFO - Started process (PID=1996) to work on /home/airflow/.local/lib/python3.8/site-packages/airflow/example_dags/example_task_group.py
[2026-08-18T12:29:43.876+0000] {processor.py:830} INFO - Processing file /home/airflow/.local/lib/python3.8/site-packages/airflow/example_dags/example_task_group.py for tasks to queue
[2026-08-18T12:29:43.878+0000] {logging_mixin.py:188} INFO - [2026-08-18T12:29:43.878+0000] {dagbag.py:538} INFO - Filling up the DagBag from /home/airflow/.local/lib/python3.8/site-packages/airflow/example_dags/example_task_group.py
[2026-08-18T12:29:43.886+0000] {processor.py:840} INFO - DAG(s) 'example_task_group' retrieved from /home/airflow/.local/lib/python3.8/site-packages/airflow/example_dags/example_task_group.py
[2026-08-18T12:29:43.909+0000] {logging_mixin.py:188} INFO - [2026-08-18T12:29:43.908+0000] {dag.py:3036} INFO - Sync 1 DAGs
[2026-08-18T12:29:43.930+0000] {logging_mixin.py:188} INFO - [2026-08-18T12:29:43.930+0000] {dag.py:3823} INFO - Setting next_dagrun for example_task_group to 2026-08-17 00:00:00+00:00, run_after=2026-08-18 00:00:00+00:00
[2026-08-18T12:29:43.952+0000] {processor.py:183} INFO - Processing /home/airflow/.local/lib/python3.8/site-packages/airflow/example_dags/example_task_group.py took 0.080 seconds
[2026-08-18T12:30:14.273+0000] {processor.py:161} INFO - Started process (PID=2077) to work on /home/airflow/.local/lib/python3.8/site-packages/airflow/example_dags/example_task_group.py
[2026-08-18T12:30:14.274+0000] {processor.py:830} INFO - Processing file /home/airflow/.local/lib/python3.8/site-packages/airflow/example_dags/example_task_group.py for tasks to queue
[2026-08-18T12:30:14.276+0000] {logging_mixin.py:188} INFO - [2026-08-18T12:30:14.276+0000] {dagbag.py:538} INFO - Filling up the DagBag from /home/airflow/.local/lib/python3.8/site-packages/airflow/example_dags/example_task_group.py
[2026-08-18T12:30:14.283+0000] {processor.py:840} INFO - DAG(s) 'example_task_group' retrieved from /home/airflow/.local/lib/python3.8/site-packages/airflow/example_dags/example_task_group.py
[2026-08-18T12:30:14.305+0000] {logging_mixin.py:188} INFO - [2026-08-18T12:30:14.305+0000] {dag.py:3036} INFO - Sync 1 DAGs
[2026-08-18T12:30:14.327+0000] {logging_mixin.py:188} INFO - [2026-08-18T12:30:14.327+0000] {dag.py:3823} INFO - Setting next_dagrun for example_task_group to 2026-08-17 00:00:00+00:00, run_after=2026-08-18 00:00:00+00:00
[2026-08-18T12:30:14.347+0000] {processor.py:183} INFO - Processing /home/airflow/.local/lib/python3.8/site-packages/airflow/example_dags/example_task_group.py took 0.078 seconds
[2026-08-18T12:30:44.997+0000] {processor.py:161} INFO - Started process (PID=2158) to work on /home/airflow/.local/lib/python3.8/site-packages/airflow/example_dags/example_task_group.py
[2026-08-18T12:30:44.999+0000] {processor.py:830} INFO - Processing file /home/airflow/.local/lib/python3.8/site-packages/airflow/example_dags/example_task_group.py for tasks to queue
[2026-08-18T12:30:45.001+0000] {logging_mixin.py:188} INFO - [2026-08-18T12:30:45.000+0000] {dagbag.py:538} INFO - Filling up the DagBag from /home/airflow/.local/lib/python3.8/site-packages/airflow/example_dags/example_task_group.py
[2026-08-18T12:30:45.008+0000] {processor.py:840} INFO - DAG(s) 'example_task_group' retrieved from /home/airflow/.local/lib/python3.8/site-packages/airflow/example_dags/example_task_group.py
[2026-08-18T12:30:45.033+0000] {logging_mixin.py:188} INFO - [2026-08-18T12:30:45.032+0000] {dag.py:3036} INFO - Sync 1 DAGs
[2026-08-18T12:30:45.056+0000] {logging_mixin.py:188} INFO - [2026-08-18T12:30:45.056+0000] {dag.py:3823} INFO - Setting next_dagrun for example_task_group to 2026-08-17 00:00:00+00:00, run_after=2026-08-18 00:00:00+00:00
[2026-08-18T12:30:45.079+0000] {processor.py:183} INFO - Processing /home/airflow/.local/lib/python3.8/site-packages/airflow/example_dags/example_task_group.py took 0.085 seconds
[2026-08-18T12:31:15.804+0000] {processor.py:161} INFO - Started process (PID=2239) to work on /home/airflow/.local/lib/python3.8/site-packages/airflow/example_dags/example_task_group.py
[2026-08-18T12:31:15.805+0000] {processor.py:830} INFO - Processing file /home/airflow/.local/lib/python3.8/site-packages/airflow/example_dags/example_task_group.py for tasks to queue
[2026-08-18T12:31:15.807+0000] {logging_mixin.py:188} INFO - [2026-08-18T12:31:15.807+0000] {dagbag.py:538} INFO - Filling up the DagBag from /home/airflow/.local/lib/python3.8/site-packages/airflow/example_dags/example_task_group.py
[2026-08-18T12:31:15.814+0000] {processor.py:840} INFO - DAG(s) 'example_task_group' retrieved from /home/airflow/.local/lib/python3.8/site-packages/airflow/example_dags/example_task_group.py
[2026-08-18T12:31:15.835+0000] {logging_mixin.py:188} INFO - [2026-08-18T12:31:15.835+0000] {dag.py:3036} INFO - Sync 1 DAGs
[2026-08-18T12:31:15.856+0000] {logging_mixin.py:188} INFO - [2026-08-18T12:31:15.855+0000] {dag.py:3823} INFO - Setting next_dagrun for example_task_group to 2026-08-17 00:00:00+00:00, run_after=2026-08-18 00:00:00+00:00
[2026-08-18T12:31:15.874+0000] {processor.py:183} INFO - Processing /home/airflow/.local/lib/python3.8/site-packages/airflow/example_dags/example_task_group.py took 0.073 seconds
[2026-08-18T12:31:46.381+0000] {processor.py:161} INFO - Started process (PID=2320) to work on /home/airflow/.local/lib/python3.8/site-packages/airflow/example_dags/example_task_group.py
[2026-08-18T12:31:46.383+0000] {processor.py:830} INFO - Processing file /home/airflow/.local/lib/python3.8/site-packages/airflow/example_dags/example_task_group.py for tasks to queue
[2026-08-18T12:31:46.385+0000] {logging_mixin.py:188} INFO - [2026-08-18T12:31:46.385+0000] {dagbag.py:538} INFO - Filling up the DagBag from /home/airflow/.local/lib/python3.8/site-packages/airflow/example_dags/example_task_group.py
[2026-08-18T12:31:46.393+0000] {processor.py:840} INFO - DAG(s) 'example_task_group' retrieved from /home/airflow/.local/lib/python3.8/site-packages/airflow/example_dags/example_task_group.py
[2026-08-18T12:31:46.423+0000] {logging_mixin.py:188} INFO - [2026-08-18T12:31:46.423+0000] {dag.py:3036} INFO - Sync 1 DAGs
[2026-08-18T12:31:46.457+0000] {logging_mixin.py:188} INFO - [2026-08-18T12:31:46.457+0000] {dag.py:3823} INFO - Setting next_dagrun for example_task_group to 2026-08-17 00:00:00+00:00, run_after=2026-08-18 00:00:00+00:00
[2026-08-18T12:31:46.487+0000] {processor.py:183} INFO - Processing /home/airflow/.local/lib/python3.8/site-packages/airflow/example_dags/example_task_group.py took 0.111 seconds
[2026-08-18T12:32:16.604+0000] {processor.py:161} INFO - Started process (PID=2401) to work on /home/airflow/.local/lib/python3.8/site-packages/airflow/example_dags/example_task_group.py
[2026-08-18T12:32:16.605+0000] {processor.py:830} INFO - Processing file /home/airflow/.local/lib/python3.8/site-packages/airflow/example_dags/example_task_group.py for tasks to queue
[2026-08-18T12:32:16.607+0000] {logging_mixin.py:188} INFO - [2026-08-18T12:32:16.607+0000] {dagbag.py:538} INFO - Filling up the DagBag from /home/airflow/.local/lib/python3.8/site-packages/airflow/example_dags/example_task_group.py
[2026-08-18T12:32:16.616+0000] {processor.py:840} INFO - DAG(s) 'example_task_group' retrieved from /home/airflow/.local/lib/python3.8/site-packages/airflow/example_dags/example_task_group.py
[2026-08-18T12:32:16.643+0000] {logging_mixin.py:188} INFO - [2026-08-18T12:32:16.643+0000] {dag.py:3036} INFO - Sync 1 DAGs
[2026-08-18T12:32:16.666+0000] {logging_mixin.py:188} INFO - [2026-08-18T12:32:16.666+0000] {dag.py:3823} INFO - Setting next_dagrun for example_task_group to 2026-08-17 00:00:00+00:00, run_after=2026-08-18 00:00:00+00:00
[2026-08-18T12:32:16.692+0000] {processor.py:183} INFO - Processing /home/airflow/.local/lib/python3.8/site-packages/airflow/example_dags/example_task_group.py took 0.092 seconds
[2026-08-18T12:32:47.219+0000] {processor.py:161} INFO - Started process (PID=2491) to work on /home/airflow/.local/lib/python3.8/site-packages/airflow/example_dags/example_task_group.py
[2026-08-18T12:32:47.220+0000] {processor.py:830} INFO - Processing file /home/airflow/.local/lib/python3.8/site-packages/airflow/example_dags/example_task_group.py for tasks to queue
[2026-08-18T12:32:47.222+0000] {logging_mixin.py:188} INFO - [2026-08-18T12:32:47.222+0000] {dagbag.py:538} INFO - Filling up the DagBag from /home/airflow/.local/lib/python3.8/site-packages/airflow/example_dags/example_task_group.py
[2026-08-18T12:32:47.230+0000] {processor.py:840} INFO - DAG(s) 'example_task_group' retrieved from /home/airflow/.local/lib/python3.8/site-packages/airflow/example_dags/example_task_group.py
[2026-08-18T12:32:47.252+0000] {logging_mixin.py:188} INFO - [2026-08-18T12:32:47.252+0000] {dag.py:3036} INFO - Sync 1 DAGs
[2026-08-18T12:32:47.277+0000] {logging_mixin.py:188} INFO - [2026-08-18T12:32:47.276+0000] {dag.py:3823} INFO - Setting next_dagrun for example_task_group to 2026-08-17 00:00:00+00:00, run_after=2026-08-18 00:00:00+00:00
[2026-08-18T12:32:47.298+0000] {processor.py:183} INFO - Processing /home/airflow/.local/lib/python3.8/site-packages/airflow/example_dags/example_task_group.py took 0.082 seconds
[2026-08-18T12:33:18.084+0000] {processor.py:161} INFO - Started process (PID=2581) to work on /home/airflow/.local/lib/python3.8/site-packages/airflow/example_dags/example_task_group.py
[2026-08-18T12:33:18.085+0000] {processor.py:830} INFO - Processing file /home/airflow/.local/lib/python3.8/site-packages/airflow/example_dags/example_task_group.py for tasks to queue
[2026-08-18T12:33:18.089+0000] {logging_mixin.py:188} INFO - [2026-08-18T12:33:18.088+0000] {dagbag.py:538} INFO - Filling up the DagBag from /home/airflow/.local/lib/python3.8/site-packages/airflow/example_dags/example_task_group.py
[2026-08-18T12:33:18.101+0000] {processor.py:840} INFO - DAG(s) 'example_task_group' retrieved from /home/airflow/.local/lib/python3.8/site-packages/airflow/example_dags/example_task_group.py
[2026-08-18T12:33:18.136+0000] {logging_mixin.py:188} INFO - [2026-08-18T12:33:18.136+0000] {dag.py:3036} INFO - Sync 1 DAGs
[2026-08-18T12:33:18.180+0000] {logging_mixin.py:188} INFO - [2026-08-18T12:33:18.180+0000] {dag.py:3823} INFO - Setting next_dagrun for example_task_group to 2026-08-17 00:00:00+00:00, run_after=2026-08-18 00:00:00+00:00
[2026-08-18T12:33:18.222+0000] {processor.py:183} INFO - Processing /home/airflow/.local/lib/python3.8/site-packages/airflow/example_dags/example_task_group.py took 0.145 seconds
[2026-08-18T12:33:48.466+0000] {processor.py:161} INFO - Started process (PID=2663) to work on /home/airflow/.local/lib/python3.8/site-packages/airflow/example_dags/example_task_group.py
[2026-08-18T12:33:48.467+0000] {processor.py:830} INFO - Processing file /home/airflow/.local/lib/python3.8/site-packages/airflow/example_dags/example_task_group.py for tasks to queue
[2026-08-18T12:33:48.469+0000] {logging_mixin.py:188} INFO - [2026-08-18T12:33:48.469+0000] {dagbag.py:538} INFO - Filling up the DagBag from /home/airflow/.local/lib/python3.8/site-packages/airflow/example_dags/example_task_group.py
[2026-08-18T12:33:48.477+0000] {processor.py:840} INFO - DAG(s) 'example_task_group' retrieved from /home/airflow/.local/lib/python3.8/site-packages/airflow/example_dags/example_task_group.py
[2026-08-18T12:33:48.571+0000] {logging_mixin.py:188} INFO - [2026-08-18T12:33:48.571+0000] {dag.py:3036} INFO - Sync 1 DAGs
[2026-08-18T12:33:48.595+0000] {logging_mixin.py:188} INFO - [2026-08-18T12:33:48.595+0000] {dag.py:3823} INFO - Setting next_dagrun for example_task_group to 2026-08-17 00:00:00+00:00, run_after=2026-08-18 00:00:00+00:00
[2026-08-18T12:33:48.618+0000] {processor.py:183} INFO - Processing /home/airflow/.local/lib/python3.8/site-packages/airflow/example_dags/example_task_group.py took 0.157 seconds
[2026-08-18T12:34:18.742+0000] {processor.py:161} INFO - Started process (PID=2758) to work on /home/airflow/.local/lib/python3.8/site-packages/airflow/example_dags/example_task_group.py
[2026-08-18T12:34:18.745+0000] {processor.py:830} INFO - Processing file /home/airflow/.local/lib/python3.8/site-packages/airflow/example_dags/example_task_group.py for tasks to queue
[2026-08-18T12:34:18.751+0000] {logging_mixin.py:188} INFO - [2026-08-18T12:34:18.750+0000] {dagbag.py:538} INFO - Filling up the DagBag from /home/airflow/.local/lib/python3.8/site-packages/airflow/example_dags/example_task_group.py
[2026-08-18T12:34:18.770+0000] {processor.py:840} INFO - DAG(s) 'example_task_group' retrieved from /home/airflow/.local/lib/python3.8/site-packages/airflow/example_dags/example_task_group.py
[2026-08-18T12:34:18.843+0000] {logging_mixin.py:188} INFO - [2026-08-18T12:34:18.842+0000] {dag.py:3036} INFO - Sync 1 DAGs
[2026-08-18T12:34:18.897+0000] {logging_mixin.py:188} INFO - [2026-08-18T12:34:18.897+0000] {dag.py:3823} INFO - Setting next_dagrun for example_task_group to 2026-08-17 00:00:00+00:00, run_after=2026-08-18 00:00:00+00:00
[2026-08-18T12:34:18.939+0000] {processor.py:183} INFO - Processing /home/airflow/.local/lib/python3.8/site-packages/airflow/example_dags/example_task_group.py took 0.208 seconds
[2026-08-18T12:34:49.585+0000] {processor.py:161} INFO - Started process (PID=2843) to work on /home/airflow/.local/lib/python3.8/site-packages/airflow/example_dags/example_task_group.py
[2026-08-18T12:34:49.587+0000] {processor.py:830} INFO - Processing file /home/airflow/.local/lib/python3.8/site-packages/airflow/example_dags/example_task_group.py for tasks to queue
[2026-08-18T12:34:49.589+0000] {logging_mixin.py:188} INFO - [2026-08-18T12:34:49.588+0000] {dagbag.py:538} INFO - Filling up the DagBag from /home/airflow/.local/lib/python3.8/site-packages/airflow/example_dags/example_task_group.py
[2026-08-18T12:34:49.595+0000] {processor.py:840} INFO - DAG(s) 'example_task_group' retrieved from /home/airflow/.local/lib/python3.8/site-packages/airflow/example_dags/example_task_group.py
[2026-08-18T12:34:49.620+0000] {logging_mixin.py:188} INFO - [2026-08-18T12:34:49.619+0000] {dag.py:3036} INFO - Sync 1 DAGs
[2026-08-18T12:34:49.641+0000] {logging_mixin.py:188} INFO - [2026-08-18T12:34:49.640+0000] {dag.py:3823} INFO - Setting next_dagrun for example_task_group to 2026-08-17 00:00:00+00:00, run_after=2026-08-18 00:00:00+00:00
[2026-08-18T12:34:49.774+0000] {processor.py:183} INFO - Processing /home/airflow/.local/lib/python3.8/site-packages/airflow/example_dags/example_task_group.py took 0.192 seconds
[2026-08-18T12:35:20.463+0000] {processor.py:161} INFO - Started process (PID=2933) to work on /home/airflow/.local/lib/python3.8/site-packages/airflow/example_dags/example_task_group.py
[2026-08-18T12:35:20.465+0000] {processor.py:830} INFO - Processing file /home/airflow/.local/lib/python3.8/site-packages/airflow/example_dags/example_task_group.py for tasks to queue
[2026-08-18T12:35:20.466+0000] {logging_mixin.py:188} INFO - [2026-08-18T12:35:20.466+0000] {dagbag.py:538} INFO - Filling up the DagBag from /home/airflow/.local/lib/python3.8/site-packages/airflow/example_dags/example_task_group.py
[2026-08-18T12:35:20.476+0000] {processor.py:840} INFO - DAG(s) 'example_task_group' retrieved from /home/airflow/.local/lib/python3.8/site-packages/airflow/example_dags/example_task_group.py
[2026-08-18T12:35:20.502+0000] {logging_mixin.py:188} INFO - [2026-08-18T12:35:20.501+0000] {dag.py:3036} INFO - Sync 1 DAGs
[2026-08-18T12:35:20.525+0000] {logging_mixin.py:188} INFO - [2026-08-18T12:35:20.524+0000] {dag.py:3823} INFO - Setting next_dagrun for example_task_group to 2026-08-17 00:00:00+00:00, run_after=2026-08-18 00:00:00+00:00
[2026-08-18T12:35:20.604+0000] {processor.py:183} INFO - Processing /home/airflow/.local/lib/python3.8/site-packages/airflow/example_dags/example_task_group.py took 0.144 seconds
[2026-08-18T12:35:51.034+0000] {processor.py:161} INFO - Started process (PID=3023) to work on /home/airflow/.local/lib/python3.8/site-packages/airflow/example_dags/example_task_group.py
[2026-08-18T12:35:51.035+0000] {processor.py:830} INFO - Processing file /home/airflow/.local/lib/python3.8/site-packages/airflow/example_dags/example_task_group.py for tasks to queue
[2026-08-18T12:35:51.038+0000] {logging_mixin.py:188} INFO - [2026-08-18T12:35:51.037+0000] {dagbag.py:538} INFO - Filling up the DagBag from /home/airflow/.local/lib/python3.8/site-packages/airflow/example_dags/example_task_group.py
[2026-08-18T12:35:51.045+0000] {processor.py:840} INFO - DAG(s) 'example_task_group' retrieved from /home/airflow/.local/lib/python3.8/site-packages/airflow/example_dags/example_task_group.py
[2026-08-18T12:35:51.069+0000] {logging_mixin.py:188} INFO - [2026-08-18T12:35:51.068+0000] {dag.py:3036} INFO - Sync 1 DAGs
[2026-08-18T12:35:51.090+0000] {logging_mixin.py:188} INFO - [2026-08-18T12:35:51.090+0000] {dag.py:3823} INFO - Setting next_dagrun for example_task_group to 2026-08-17 00:00:00+00:00, run_after=2026-08-18 00:00:00+00:00
[2026-08-18T12:35:51.170+0000] {processor.py:183} INFO - Processing /home/airflow/.local/lib/python3.8/site-packages/airflow/example_dags/example_task_group.py took 0.140 seconds
[2026-08-18T12:36:21.735+0000] {processor.py:161} INFO - Started process (PID=3104) to work on /home/airflow/.local/lib/python3.8/site-packages/airflow/example_dags/example_task_group.py
[2026-08-18T12:36:21.737+0000] {processor.py:830} INFO - Processing file /home/airflow/.local/lib/python3.8/site-packages/airflow/example_dags/example_task_group.py for tasks to queue
[2026-08-18T12:36:21.739+0000] {logging_mixin.py:188} INFO - [2026-08-18T12:36:21.739+0000] {dagbag.py:538} INFO - Filling up the DagBag from /home/airflow/.local/lib/python3.8/site-packages/airflow/example_dags/example_task_group.py
[2026-08-18T12:36:21.748+0000] {processor.py:840} INFO - DAG(s) 'example_task_group' retrieved from /home/airflow/.local/lib/python3.8/site-packages/airflow/example_dags/example_task_group.py
[2026-08-18T12:36:21.777+0000] {logging_mixin.py:188} INFO - [2026-08-18T12:36:21.777+0000] {dag.py:3036} INFO - Sync 1 DAGs
[2026-08-18T12:36:21.813+0000] {logging_mixin.py:188} INFO - [2026-08-18T12:36:21.813+0000] {dag.py:3823} INFO - Setting next_dagrun for example_task_group to 2026-08-17 00:00:00+00:00, run_after=2026-08-18 00:00:00+00:00
[2026-08-18T12:36:21.898+0000] {processor.py:183} INFO - Processing /home/airflow/.local/lib/python3.8/site-packages/airflow/example_dags/example_task_group.py took 0.167 seconds
[2026-08-18T12:36:52.301+0000] {processor.py:161} INFO - Started process (PID=3190) to work on /home/airflow/.local/lib/python3.8/site-packages/airflow/example_dags/example_task_group.py
[2026-08-18T12:36:52.302+0000] {processor.py:830} INFO - Processing file /home/airflow/.local/lib/python3.8/site-packages/airflow/example_dags/example_task_group.py for tasks to queue
[2026-08-18T12:36:52.304+0000] {logging_mixin.py:188} INFO - [2026-08-18T12:36:52.304+0000] {dagbag.py:538} INFO - Filling up the DagBag from /home/airflow/.local/lib/python3.8/site-packages/airflow/example_dags/example_task_group.py
[2026-08-18T12:36:52.313+0000] {processor.py:840} INFO - DAG(s) 'example_task_group' retrieved from /home/airflow/.local/lib/python3.8/site-packages/airflow/example_dags/example_task_group.py
[2026-08-18T12:36:52.337+0000] {logging_mixin.py:188} INFO - [2026-08-18T12:36:52.337+0000] {dag.py:3036} INFO - Sync 1 DAGs
[2026-08-18T12:36:52.358+0000] {logging_mixin.py:188} INFO - [2026-08-18T12:36:52.358+0000] {dag.py:3823} INFO - Setting next_dagrun for example_task_group to 2026-08-17 00:00:00+00:00, run_after=2026-08-18 00:00:00+00:00
[2026-08-18T12:36:52.445+0000] {processor.py:183} INFO - Processing /home/airflow/.local/lib/python3.8/site-packages/airflow/example_dags/example_task_group.py took 0.148 seconds
[2026-08-18T12:37:22.560+0000] {processor.py:161} INFO - Started process (PID=3271) to work on /home/airflow/.local/lib/python3.8/site-packages/airflow/example_dags/example_task_group.py
[2026-08-18T12:37:22.561+0000] {processor.py:830} INFO - Processing file /home/airflow/.local/lib/python3.8/site-packages/airflow/example_dags/example_task_group.py for tasks to queue
[2026-08-18T12:37:22.563+0000] {logging_mixin.py:188} INFO - [2026-08-18T12:37:22.563+0000] {dagbag.py:538} INFO - Filling up the DagBag from /home/airflow/.local/lib/python3.8/site-packages/airflow/example_dags/example_task_group.py
[2026-08-18T12:37:22.573+0000] {processor.py:840} INFO - DAG(s) 'example_task_group' retrieved from /home/airflow/.local/lib/python3.8/site-packages/airflow/example_dags/example_task_group.py
[2026-08-18T12:37:22.600+0000] {logging_mixin.py:188} INFO - [2026-08-18T12:37:22.600+0000] {dag.py:3036} INFO - Sync 1 DAGs
[2026-08-18T12:37:22.625+0000] {logging_mixin.py:188} INFO - [2026-08-18T12:37:22.625+0000] {dag.py:3823} INFO - Setting next_dagrun for example_task_group to 2026-08-17 00:00:00+00:00, run_after=2026-08-18 00:00:00+00:00
[2026-08-18T12:37:22.654+0000] {processor.py:183} INFO - Processing /home/airflow/.local/lib/python3.8/site-packages/airflow/example_dags/example_task_group.py took 0.098 seconds
[2026-08-18T12:37:52.799+0000] {processor.py:161} INFO - Started process (PID=3352) to work on /home/airflow/.local/lib/python3.8/site-packages/airflow/example_dags/example_task_group.py
[2026-08-18T12:37:52.800+0000] {processor.py:830} INFO - Processing file /home/airflow/.local/lib/python3.8/site-packages/airflow/example_dags/example_task_group.py for tasks to queue
[2026-08-18T12:37:52.802+0000] {logging_mixin.py:188} INFO - [2026-08-18T12:37:52.802+0000] {dagbag.py:538} INFO - Filling up the DagBag from /home/airflow/.local/lib/python3.8/site-packages/airflow/example_dags/example_task_group.py
[2026-08-18T12:37:52.809+0000] {processor.py:840} INFO - DAG(s) 'example_task_group' retrieved from /home/airflow/.local/lib/python3.8/site-packages/airflow/example_dags/example_task_group.py
[2026-08-18T12:37:52.833+0000] {logging_mixin.py:188} INFO - [2026-08-18T12:37:52.832+0000] {dag.py:3036} INFO - Sync 1 DAGs
[2026-08-18T12:37:52.863+0000] {logging_mixin.py:188} INFO - [2026-08-18T12:37:52.862+0000] {dag.py:3823} INFO - Setting next_dagrun for example_task_group to 2026-08-17 00:00:00+00:00, run_after=2026-08-18 00:00:00+00:00
[2026-08-18T12:37:52.888+0000] {processor.py:183} INFO - Processing /home/airflow/.local/lib/python3.8/site-packages/airflow/example_dags/example_task_group.py took 0.093 seconds
[2026-08-18T12:38:24.125+0000] {processor.py:161} INFO - Started process (PID=3433) to work on /home/airflow/.local/lib/python3.8/site-packages/airflow/example_dags/example_task_group.py
[2026-08-18T12:38:24.127+0000] {processor.py:830} INFO - Processing file /home/airflow/.local/lib/python3.8/site-packages/airflow/example_dags/example_task_group.py for tasks to queue
[2026-08-18T12:38:24.130+0000] {logging_mixin.py:188} INFO - [2026-08-18T12:38:24.130+0000] {dagbag.py:538} INFO - Filling up the DagBag from /home/airflow/.local/lib/python3.8/site-packages/airflow/example_dags/example_task_group.py
[2026-08-18T12:38:24.137+0000] {processor.py:840} INFO - DAG(s) 'example_task_group' retrieved from /home/airflow/.local/lib/python3.8/site-packages/airflow/example_dags/example_task_group.py
[2026-08-18T12:38:24.158+0000] {logging_mixin.py:188} INFO - [2026-08-18T12:38:24.158+0000] {dag.py:3036} INFO - Sync 1 DAGs
[2026-08-18T12:38:24.179+0000] {logging_mixin.py:188} INFO - [2026-08-18T12:38:24.178+0000] {dag.py:3823} INFO - Setting next_dagrun for example_task_group to 2026-08-17 00:00:00+00:00, run_after=2026-08-18 00:00:00+00:00
[2026-08-18T12:38:24.202+0000] {processor.py:183} INFO - Processing /home/airflow/.local/lib/python3.8/site-packages/airflow/example_dags/example_task_group.py took 0.080 seconds
[2026-08-18T12:38:54.301+0000] {processor.py:161} INFO - Started process (PID=3514) to work on /home/airflow/.local/lib/python3.8/site-packages/airflow/example_dags/example_task_group.py
[2026-08-18T12:38:54.302+0000] {processor.py:830} INFO - Processing file /home/airflow/.local/lib/python3.8/site-packages/airflow/example_dags/example_task_group.py for tasks to queue
[2026-08-18T12:38:54.305+0000] {logging_mixin.py:188} INFO - [2026-08-18T12:38:54.304+0000] {dagbag.py:538} INFO - Filling up the DagBag from /home/airflow/.local/lib/python3.8/site-packages/airflow/example_dags/example_task_group.py
[2026-08-18T12:38:54.315+0000] {processor.py:840} INFO - DAG(s) 'example_task_group' retrieved from /home/airflow/.local/lib/python3.8/site-packages/airflow/example_dags/example_task_group.py
[2026-08-18T12:38:54.337+0000] {logging_mixin.py:188} INFO - [2026-08-18T12:38:54.336+0000] {dag.py:3036} INFO - Sync 1 DAGs
[2026-08-18T12:38:54.359+0000] {logging_mixin.py:188} INFO - [2026-08-18T12:38:54.358+0000] {dag.py:3823} INFO - Setting next_dagrun for example_task_group to 2026-08-17 00:00:00+00:00, run_after=2026-08-18 00:00:00+00:00
[2026-08-18T12:38:54.379+0000] {processor.py:183} INFO - Processing /home/airflow/.local/lib/python3.8/site-packages/airflow/example_dags/example_task_group.py took 0.084 seconds
[2026-08-18T12:39:25.781+0000] {processor.py:161} INFO - Started process (PID=3604) to work on /home/airflow/.local/lib/python3.8/site-packages/airflow/example_dags/example_task_group.py
[2026-08-18T12:39:25.782+0000] {processor.py:830} INFO - Processing file /home/airflow/.local/lib/python3.8/site-packages/airflow/example_dags/example_task_group.py for tasks to queue
[2026-08-18T12:39:25.785+0000] {logging_mixin.py:188} INFO - [2026-08-18T12:39:25.785+0000] {dagbag.py:538} INFO - Filling up the DagBag from /home/airflow/.local/lib/python3.8/site-packages/airflow/example_dags/example_task_group.py
[2026-08-18T12:39:25.795+0000] {processor.py:840} INFO - DAG(s) 'example_task_group' retrieved from /home/airflow/.local/lib/python3.8/site-packages/airflow/example_dags/example_task_group.py
[2026-08-18T12:39:25.829+0000] {logging_mixin.py:188} INFO - [2026-08-18T12:39:25.829+0000] {dag.py:3036} INFO - Sync 1 DAGs
[2026-08-18T12:39:25.858+0000] {logging_mixin.py:188} INFO - [2026-08-18T12:39:25.858+0000] {dag.py:3823} INFO - Setting next_dagrun for example_task_group to 2026-08-17 00:00:00+00:00, run_after=2026-08-18 00:00:00+00:00
[2026-08-18T12:39:25.888+0000] {processor.py:183} INFO - Processing /home/airflow/.local/lib/python3.8/site-packages/airflow/example_dags/example_task_group.py took 0.111 seconds
[2026-08-18T12:39:56.854+0000] {processor.py:161} INFO - Started process (PID=3685) to work on /home/airflow/.local/lib/python3.8/site-packages/airflow/example_dags/example_task_group.py
[2026-08-18T12:39:56.855+0000] {processor.py:830} INFO - Processing file /home/airflow/.local/lib/python3.8/site-packages/airflow/example_dags/example_task_group.py for tasks to queue
[2026-08-18T12:39:56.858+0000] {logging_mixin.py:188} INFO - [2026-08-18T12:39:56.857+0000] {dagbag.py:538} INFO - Filling up the DagBag from /home/airflow/.local/lib/python3.8/site-packages/airflow/example_dags/example_task_group.py
[2026-08-18T12:39:56.868+0000] {processor.py:840} INFO - DAG(s) 'example_task_group' retrieved from /home/airflow/.local/lib/python3.8/site-packages/airflow/example_dags/example_task_group.py
[2026-08-18T12:39:56.890+0000] {logging_mixin.py:188} INFO - [2026-08-18T12:39:56.890+0000] {dag.py:3036} INFO - Sync 1 DAGs
[2026-08-18T12:39:56.912+0000] {logging_mixin.py:188} INFO - [2026-08-18T12:39:56.912+0000] {dag.py:3823} INFO - Setting next_dagrun for example_task_group to 2026-08-17 00:00:00+00:00, run_after=2026-08-18 00:00:00+00:00
[2026-08-18T12:39:56.938+0000] {processor.py:183} INFO - Processing /home/airflow/.local/lib/python3.8/site-packages/airflow/example_dags/example_task_group.py took 0.089 seconds
[2026-08-18T12:40:27.595+0000] {processor.py:161} INFO - Started process (PID=3766) to work on /home/airflow/.local/lib/python3.8/site-packages/airflow/example_dags/example_task_group.py
[2026-08-18T12:40:27.597+0000] {processor.py:830} INFO - Processing file /home/airflow/.local/lib/python3.8/site-packages/airflow/example_dags/example_task_group.py for tasks to queue
[2026-08-18T12:40:27.601+0000] {logging_mixin.py:188} INFO - [2026-08-18T12:40:27.601+0000] {dagbag.py:538} INFO - Filling up the DagBag from /home/airflow/.local/lib/python3.8/site-packages/airflow/example_dags/example_task_group.py
[2026-08-18T12:40:27.615+0000] {processor.py:840} INFO - DAG(s) 'example_task_group' retrieved from /home/airflow/.local/lib/python3.8/site-packages/airflow/example_dags/example_task_group.py
[2026-08-18T12:40:27.646+0000] {logging_mixin.py:188} INFO - [2026-08-18T12:40:27.646+0000] {dag.py:3036} INFO - Sync 1 DAGs
[2026-08-18T12:40:27.678+0000] {logging_mixin.py:188} INFO - [2026-08-18T12:40:27.678+0000] {dag.py:3823} INFO - Setting next_dagrun for example_task_group to 2026-08-17 00:00:00+00:00, run_after=2026-08-18 00:00:00+00:00
[2026-08-18T12:40:27.707+0000] {processor.py:183} INFO - Processing /home/airflow/.local/lib/python3.8/site-packages/airflow/example_dags/example_task_group.py took 0.117 seconds
[2026-08-18T12:40:58.998+0000] {processor.py:161} INFO - Started process (PID=3847) to work on /home/airflow/.local/lib/python3.8/site-packages/airflow/example_dags/example_task_group.py
[2026-08-18T12:40:59.000+0000] {processor.py:830} INFO - Processing file /home/airflow/.local/lib/python3.8/site-packages/airflow/example_dags/example_task_group.py for tasks to queue
[2026-08-18T12:40:59.003+0000] {logging_mixin.py:188} INFO - [2026-08-18T12:40:59.002+0000] {dagbag.py:538} INFO - Filling up the DagBag from /home/airflow/.local/lib/python3.8/site-packages/airflow/example_dags/example_task_group.py
[2026-08-18T12:40:59.013+0000] {processor.py:840} INFO - DAG(s) 'example_task_group' retrieved from /home/airflow/.local/lib/python3.8/site-packages/airflow/example_dags/example_task_group.py
[2026-08-18T12:40:59.042+0000] {logging_mixin.py:188} INFO - [2026-08-18T12:40:59.042+0000] {dag.py:3036} INFO - Sync 1 DAGs
[2026-08-18T12:40:59.070+0000] {logging_mixin.py:188} INFO - [2026-08-18T12:40:59.070+0000] {dag.py:3823} INFO - Setting next_dagrun for example_task_group to 2026-08-17 00:00:00+00:00, run_after=2026-08-18 00:00:00+00:00
[2026-08-18T12:40:59.097+0000] {processor.py:183} INFO - Processing /home/airflow/.local/lib/python3.8/site-packages/airflow/example_dags/example_task_group.py took 0.103 seconds
[2026-08-18T12:41:30.137+0000] {processor.py:161} INFO - Started process (PID=3929) to work on /home/airflow/.local/lib/python3.8/site-packages/airflow/example_dags/example_task_group.py
[2026-08-18T12:41:30.139+0000] {processor.py:830} INFO - Processing file /home/airflow/.local/lib/python3.8/site-packages/airflow/example_dags/example_task_group.py for tasks to queue
[2026-08-18T12:41:30.141+0000] {logging_mixin.py:188} INFO - [2026-08-18T12:41:30.141+0000] {dagbag.py:538} INFO - Filling up the DagBag from /home/airflow/.local/lib/python3.8/site-packages/airflow/example_dags/example_task_group.py
[2026-08-18T12:41:30.151+0000] {processor.py:840} INFO - DAG(s) 'example_task_group' retrieved from /home/airflow/.local/lib/python3.8/site-packages/airflow/example_dags/example_task_group.py
[2026-08-18T12:41:30.177+0000] {logging_mixin.py:188} INFO - [2026-08-18T12:41:30.176+0000] {dag.py:3036} INFO - Sync 1 DAGs
[2026-08-18T12:41:30.205+0000] {logging_mixin.py:188} INFO - [2026-08-18T12:41:30.205+0000] {dag.py:3823} INFO - Setting next_dagrun for example_task_group to 2026-08-17 00:00:00+00:00, run_after=2026-08-18 00:00:00+00:00
[2026-08-18T12:41:30.229+0000] {processor.py:183} INFO - Processing /home/airflow/.local/lib/python3.8/site-packages/airflow/example_dags/example_task_group.py took 0.096 seconds
[2026-08-18T12:42:01.161+0000] {processor.py:161} INFO - Started process (PID=4010) to work on /home/airflow/.local/lib/python3.8/site-packages/airflow/example_dags/example_task_group.py
[2026-08-18T12:42:01.163+0000] {processor.py:830} INFO - Processing file /home/airflow/.local/lib/python3.8/site-packages/airflow/example_dags/example_task_group.py for tasks to queue
[2026-08-18T12:42:01.164+0000] {logging_mixin.py:188} INFO - [2026-08-18T12:42:01.164+0000] {dagbag.py:538} INFO - Filling up the DagBag from /home/airflow/.local/lib/python3.8/site-packages/airflow/example_dags/example_task_group.py
[2026-08-18T12:42:01.172+0000] {processor.py:840} INFO - DAG(s) 'example_task_group' retrieved from /home/airflow/.local/lib/python3.8/site-packages/airflow/example_dags/example_task_group.py
[2026-08-18T12:42:01.195+0000] {logging_mixin.py:188} INFO - [2026-08-18T12:42:01.194+0000] {dag.py:3036} INFO - Sync 1 DAGs
[2026-08-18T12:42:01.218+0000] {logging_mixin.py:188} INFO - [2026-08-18T12:42:01.218+0000] {dag.py:3823} INFO - Setting next_dagrun for example_task_group to 2026-08-17 00:00:00+00:00, run_after=2026-08-18 00:00:00+00:00
[2026-08-18T12:42:01.239+0000] {processor.py:183} INFO - Processing /home/airflow/.local/lib/python3.8/site-packages/airflow/example_dags/example_task_group.py took 0.082 seconds
[2026-08-18T12:42:31.895+0000] {processor.py:161} INFO - Started process (PID=4091) to work on /home/airflow/.local/lib/python3.8/site-packages/airflow/example_dags/example_task_group.py
[2026-08-18T12:42:31.897+0000] {processor.py:830} INFO - Processing file /home/airflow/.local/lib/python3.8/site-packages/airflow/example_dags/example_task_group.py for tasks to queue
[2026-08-18T12:42:31.899+0000] {logging_mixin.py:188} INFO - [2026-08-18T12:42:31.899+0000] {dagbag.py:538} INFO - Filling up the DagBag from /home/airflow/.local/lib/python3.8/site-packages/airflow/example_dags/example_task_group.py
[2026-08-18T12:42:31.907+0000] {processor.py:840} INFO - DAG(s) 'example_task_group' retrieved from /home/airflow/.local/lib/python3.8/site-packages/airflow/example_dags/example_task_group.py
[2026-08-18T12:42:31.933+0000] {logging_mixin.py:188} INFO - [2026-08-18T12:42:31.933+0000] {dag.py:3036} INFO - Sync 1 DAGs
[2026-08-18T12:42:31.957+0000] {logging_mixin.py:188} INFO - [2026-08-18T12:42:31.957+0000] {dag.py:3823} INFO - Setting next_dagrun for example_task_group to 2026-08-17 00:00:00+00:00, run_after=2026-08-18 00:00:00+00:00
[2026-08-18T12:42:31.977+0000] {processor.py:183} INFO - Processing /home/airflow/.local/lib/python3.8/site-packages/airflow/example_dags/example_task_group.py took 0.087 seconds
[2026-08-18T12:43:02.659+0000] {processor.py:161} INFO - Started process (PID=4172) to work on /home/airflow/.local/lib/python3.8/site-packages/airflow/example_dags/example_task_group.py
[2026-08-18T12:43:02.661+0000] {processor.py:830} INFO - Processing file /home/airflow/.local/lib/python3.8/site-packages/airflow/example_dags/example_task_group.py for tasks to queue
[2026-08-18T12:43:02.663+0000] {logging_mixin.py:188} INFO - [2026-08-18T12:43:02.663+0000] {dagbag.py:538} INFO - Filling up the DagBag from /home/airflow/.local/lib/python3.8/site-packages/airflow/example_dags/example_task_group.py
[2026-08-18T12:43:02.672+0000] {processor.py:840} INFO - DAG(s) 'example_task_group' retrieved from /home/airflow/.local/lib/python3.8/site-packages/airflow/example_dags/example_task_group.py
[2026-08-18T12:43:02.707+0000] {logging_mixin.py:188} INFO - [2026-08-18T12:43:02.707+0000] {dag.py:3036} INFO - Sync 1 DAGs
[2026-08-18T12:43:02.731+0000] {logging_mixin.py:188} INFO - [2026-08-18T12:43:02.731+0000] {dag.py:3823} INFO - Setting next_dagrun for example_task_group to 2026-08-17 00:00:00+00:00, run_after=2026-08-18 00:00:00+00:00
[2026-08-18T12:43:02.751+0000] {processor.py:183} INFO - Processing /home/airflow/.local/lib/python3.8/site-packages/airflow/example_dags/example_task_group.py took 0.096 seconds
