[2026-08-18T12:18:22.092+0000] {processor.py:161} INFO - Started process (PID=136) to work on /home/airflow/.local/lib/python3.8/site-packages/airflow/example_dags/example_short_circuit_decorator.py
[2026-08-18T12:18:22.101+0000] {processor.py:830} INFO - Processing file /home/airflow/.local/lib/python3.8/site-packages/airflow/example_dags/example_short_circuit_decorator.py for tasks to queue
[2026-08-18T12:18:22.109+0000] {logging_mixin.py:188} INFO - [2026-08-18T12:18:22.108+0000] {dagbag.py:538} INFO - Filling up the DagBag from /home/airflow/.local/lib/python3.8/site-packages/airflow/example_dags/example_short_circuit_decorator.py
[2026-08-18T12:18:22.225+0000] {processor.py:840} INFO - DAG(s) 'example_short_circuit_decorator' retrieved from /home/airflow/.local/lib/python3.8/site-packages/airflow/example_dags/example_short_circuit_decorator.py
[2026-08-18T12:18:22.955+0000] {logging_mixin.py:188} INFO - [2026-08-18T12:18:22.954+0000] {dag.py:3036} INFO - Sync 1 DAGs
[2026-08-18T12:18:23.030+0000] {logging_mixin.py:188} INFO - [2026-08-18T12:18:23.030+0000] {dag.py:3823} INFO - Setting next_dagrun for example_short_circuit_decorator to 2026-08-17 00:00:00+00:00, run_after=2026-08-18 00:00:00+00:00
[2026-08-18T12:18:23.095+0000] {processor.py:183} INFO - Processing /home/airflow/.local/lib/python3.8/site-packages/airflow/example_dags/example_short_circuit_decorator.py took 1.025 seconds
[2026-08-18T12:18:53.801+0000] {processor.py:161} INFO - Started process (PID=251) to work on /home/airflow/.local/lib/python3.8/site-packages/airflow/example_dags/example_short_circuit_decorator.py
[2026-08-18T12:18:53.802+0000] {processor.py:830} INFO - Processing file /home/airflow/.local/lib/python3.8/site-packages/airflow/example_dags/example_short_circuit_decorator.py for tasks to queue
[2026-08-18T12:18:53.804+0000] {logging_mixin.py:188} INFO - [2026-08-18T12:18:53.804+0000] {dagbag.py:538} INFO - Filling up the DagBag from /home/airflow/.local/lib/python3.8/site-packages/airflow/example_dags/example_short_circuit_decorator.py
[2026-08-18T12:18:53.813+0000] {processor.py:840} INFO - DAG(s) 'example_short_circuit_decorator' retrieved from /home/airflow/.local/lib/python3.8/site-packages/airflow/example_dags/example_short_circuit_decorator.py
[2026-08-18T12:18:53.835+0000] {logging_mixin.py:188} INFO - [2026-08-18T12:18:53.835+0000] {dag.py:3036} INFO - Sync 1 DAGs
[2026-08-18T12:18:53.857+0000] {logging_mixin.py:188} INFO - [2026-08-18T12:18:53.857+0000] {dag.py:3823} INFO - Setting next_dagrun for example_short_circuit_decorator to 2026-08-17 00:00:00+00:00, run_after=2026-08-18 00:00:00+00:00
[2026-08-18T12:18:53.879+0000] {processor.py:183} INFO - Processing /home/airflow/.local/lib/python3.8/site-packages/airflow/example_dags/example_short_circuit_decorator.py took 0.081 seconds
[2026-08-18T12:19:24.494+0000] {processor.py:161} INFO - Started process (PID=330) to work on /home/airflow/.local/lib/python3.8/site-packages/airflow/example_dags/example_short_circuit_decorator.py
[2026-08-18T12:19:24.495+0000] {processor.py:830} INFO - Processing file /home/airflow/.local/lib/python3.8/site-packages/airflow/example_dags/example_short_circuit_decorator.py for tasks to queue
[2026-08-18T12:19:24.497+0000] {logging_mixin.py:188} INFO - [2026-08-18T12:19:24.497+0000] {dagbag.py:538} INFO - Filling up the DagBag from /home/airflow/.local/lib/python3.8/site-packages/airflow/example_dags/example_short_circuit_decorator.py
[2026-08-18T12:19:24.507+0000] {processor.py:840} INFO - DAG(s) 'example_short_circuit_decorator' retrieved from /home/airflow/.local/lib/python3.8/site-packages/airflow/example_dags/example_short_circuit_decorator.py
[2026-08-18T12:19:24.520+0000] {logging_mixin.py:188} INFO - [2026-08-18T12:19:24.520+0000] {dag.py:3036} INFO - Sync 1 DAGs
[2026-08-18T12:19:24.545+0000] {logging_mixin.py:188} INFO - [2026-08-18T12:19:24.545+0000] {dag.py:3823} INFO - Setting next_dagrun for example_short_circuit_decorator to 2026-08-17 00:00:00+00:00, run_after=2026-08-18 00:00:00+00:00
[2026-08-18T12:19:24.569+0000] {processor.py:183} INFO - Processing /home/airflow/.local/lib/python3.8/site-packages/airflow/example_dags/example_short_circuit_decorator.py took 0.079 seconds
[2026-08-18T12:19:55.025+0000] {processor.py:161} INFO - Started process (PID=409) to work on /home/airflow/.local/lib/python3.8/site-packages/airflow/example_dags/example_short_circuit_decorator.py
[2026-08-18T12:19:55.026+0000] {processor.py:830} INFO - Processing file /home/airflow/.local/lib/python3.8/site-packages/airflow/example_dags/example_short_circuit_decorator.py for tasks to queue
[2026-08-18T12:19:55.029+0000] {logging_mixin.py:188} INFO - [2026-08-18T12:19:55.028+0000] {dagbag.py:538} INFO - Filling up the DagBag from /home/airflow/.local/lib/python3.8/site-packages/airflow/example_dags/example_short_circuit_decorator.py
[2026-08-18T12:19:55.038+0000] {processor.py:840} INFO - DAG(s) 'example_short_circuit_decorator' retrieved from /home/airflow/.local/lib/python3.8/site-packages/airflow/example_dags/example_short_circuit_decorator.py
[2026-08-18T12:19:55.126+0000] {logging_mixin.py:188} INFO - [2026-08-18T12:19:55.125+0000] {dag.py:3036} INFO - Sync 1 DAGs
[2026-08-18T12:19:55.143+0000] {logging_mixin.py:188} INFO - [2026-08-18T12:19:55.143+0000] {dag.py:3823} INFO - Setting next_dagrun for example_short_circuit_decorator to 2026-08-17 00:00:00+00:00, run_after=2026-08-18 00:00:00+00:00
[2026-08-18T12:19:55.178+0000] {processor.py:183} INFO - Processing /home/airflow/.local/lib/python3.8/site-packages/airflow/example_dags/example_short_circuit_decorator.py took 0.156 seconds
[2026-08-18T12:20:25.505+0000] {processor.py:161} INFO - Started process (PID=492) to work on /home/airflow/.local/lib/python3.8/site-packages/airflow/example_dags/example_short_circuit_decorator.py
[2026-08-18T12:20:25.507+0000] {processor.py:830} INFO - Processing file /home/airflow/.local/lib/python3.8/site-packages/airflow/example_dags/example_short_circuit_decorator.py for tasks to queue
[2026-08-18T12:20:25.510+0000] {logging_mixin.py:188} INFO - [2026-08-18T12:20:25.509+0000] {dagbag.py:538} INFO - Filling up the DagBag from /home/airflow/.local/lib/python3.8/site-packages/airflow/example_dags/example_short_circuit_decorator.py
[2026-08-18T12:20:25.523+0000] {processor.py:840} INFO - DAG(s) 'example_short_circuit_decorator' retrieved from /home/airflow/.local/lib/python3.8/site-packages/airflow/example_dags/example_short_circuit_decorator.py
[2026-08-18T12:20:25.550+0000] {logging_mixin.py:188} INFO - [2026-08-18T12:20:25.550+0000] {dag.py:3036} INFO - Sync 1 DAGs
[2026-08-18T12:20:25.574+0000] {logging_mixin.py:188} INFO - [2026-08-18T12:20:25.574+0000] {dag.py:3823} INFO - Setting next_dagrun for example_short_circuit_decorator to 2026-08-17 00:00:00+00:00, run_after=2026-08-18 00:00:00+00:00
[2026-08-18T12:20:25.604+0000] {processor.py:183} INFO - Processing /home/airflow/.local/lib/python3.8/site-packages/airflow/example_dags/example_short_circuit_decorator.py took 0.102 seconds
[2026-08-18T12:20:56.339+0000] {processor.py:161} INFO - Started process (PID=571) to work on /home/airflow/.local/lib/python3.8/site-packages/airflow/example_dags/example_short_circuit_decorator.py
[2026-08-18T12:20:56.340+0000] {processor.py:830} INFO - Processing file /home/airflow/.local/lib/python3.8/site-packages/airflow/example_dags/example_short_circuit_decorator.py for tasks to queue
[2026-08-18T12:20:56.342+0000] {logging_mixin.py:188} INFO - [2026-08-18T12:20:56.342+0000] {dagbag.py:538} INFO - Filling up the DagBag from /home/airflow/.local/lib/python3.8/site-packages/airflow/example_dags/example_short_circuit_decorator.py
[2026-08-18T12:20:56.351+0000] {processor.py:840} INFO - DAG(s) 'example_short_circuit_decorator' retrieved from /home/airflow/.local/lib/python3.8/site-packages/airflow/example_dags/example_short_circuit_decorator.py
[2026-08-18T12:20:56.375+0000] {logging_mixin.py:188} INFO - [2026-08-18T12:20:56.375+0000] {dag.py:3036} INFO - Sync 1 DAGs
[2026-08-18T12:20:56.397+0000] {logging_mixin.py:188} INFO - [2026-08-18T12:20:56.397+0000] {dag.py:3823} INFO - Setting next_dagrun for example_short_circuit_decorator to 2026-08-17 00:00:00+00:00, run_after=2026-08-18 00:00:00+00:00
[2026-08-18T12:20:56.417+0000] {processor.py:183} INFO - Processing /home/airflow/.local/lib/python3.8/site-packages/airflow/example_dags/example_short_circuit_decorator.py took 0.082 seconds
[2026-08-18T12:21:26.961+0000] {processor.py:161} INFO - Started process (PID=650) to work on /home/airflow/.local/lib/python3.8/site-packages/airflow/example_dags/example_short_circuit_decorator.py
[2026-08-18T12:21:26.962+0000] {processor.py:830} INFO - Processing file /home/airflow/.local/lib/python3.8/site-packages/airflow/example_dags/example_short_circuit_decorator.py for tasks to queue
[2026-08-18T12:21:26.964+0000] {logging_mixin.py:188} INFO - [2026-08-18T12:21:26.964+0000] {dagbag.py:538} INFO - Filling up the DagBag from /home/airflow/.local/lib/python3.8/site-packages/airflow/example_dags/example_short_circuit_decorator.py
[2026-08-18T12:21:26.973+0000] {processor.py:840} INFO - DAG(s) 'example_short_circuit_decorator' retrieved from /home/airflow/.local/lib/python3.8/site-packages/airflow/example_dags/example_short_circuit_decorator.py
[2026-08-18T12:21:26.995+0000] {logging_mixin.py:188} INFO - [2026-08-18T12:21:26.995+0000] {dag.py:3036} INFO - Sync 1 DAGs
[2026-08-18T12:21:27.017+0000] {logging_mixin.py:188} INFO - [2026-08-18T12:21:27.017+0000] {dag.py:3823} INFO - Setting next_dagrun for example_short_circuit_decorator to 2026-08-17 00:00:00+00:00, run_after=2026-08-18 00:00:00+00:00
[2026-08-18T12:21:27.038+0000] {processor.py:183} INFO - Processing /home/airflow/.local/lib/python3.8/site-packages/airflow/example_dags/example_short_circuit_decorator.py took 0.080 seconds
[2026-08-18T12:21:57.882+0000] {processor.py:161} INFO - Started process (PID=729) to work on /home/airflow/.local/lib/python3.8/site-packages/airflow/example_dags/example_short_circuit_decorator.py
[2026-08-18T12:21:57.883+0000] {processor.py:830} INFO - Processing file /home/airflow/.local/lib/python3.8/site-packages/airflow/example_dags/example_short_circuit_decorator.py for tasks to queue
[2026-08-18T12:21:57.886+0000] {logging_mixin.py:188} INFO - [2026-08-18T12:21:57.885+0000] {dagbag.py:538} INFO - Filling up the DagBag from /home/airflow/.local/lib/python3.8/site-packages/airflow/example_dags/example_short_circuit_decorator.py
[2026-08-18T12:21:57.896+0000] {processor.py:840} INFO - DAG(s) 'example_short_circuit_decorator' retrieved from /home/airflow/.local/lib/python3.8/site-packages/airflow/example_dags/example_short_circuit_decorator.py
[2026-08-18T12:21:57.922+0000] {logging_mixin.py:188} INFO - [2026-08-18T12:21:57.922+0000] {dag.py:3036} INFO - Sync 1 DAGs
[2026-08-18T12:21:57.946+0000] {logging_mixin.py:188} INFO - [2026-08-18T12:21:57.945+0000] {dag.py:3823} INFO - Setting next_dagrun for example_short_circuit_decorator to 2026-08-17 00:00:00+00:00, run_after=2026-08-18 00:00:00+00:00
[2026-08-18T12:21:57.969+0000] {processor.py:183} INFO - Processing /home/airflow/.local/lib/python3.8/site-packages/airflow/example_dags/example_short_circuit_decorator.py took 0.091 seconds
[2026-08-18T12:22:28.552+0000] {processor.py:161} INFO - Started process (PID=808) to work on /home/airflow/.local/lib/python3.8/site-packages/airflow/example_dags/example_short_circuit_decorator.py
[2026-08-18T12:22:28.554+0000] {processor.py:830} INFO - Processing file /home/airflow/.local/lib/python3.8/site-packages/airflow/example_dags/example_short_circuit_decorator.py for tasks to queue
[2026-08-18T12:22:28.556+0000] {logging_mixin.py:188} INFO - [2026-08-18T12:22:28.555+0000] {dagbag.py:538} INFO - Filling up the DagBag from /home/airflow/.local/lib/python3.8/site-packages/airflow/example_dags/example_short_circuit_decorator.py
[2026-08-18T12:22:28.565+0000] {processor.py:840} INFO - DAG(s) 'example_short_circuit_decorator' retrieved from /home/airflow/.local/lib/python3.8/site-packages/airflow/example_dags/example_short_circuit_decorator.py
[2026-08-18T12:22:28.586+0000] {logging_mixin.py:188} INFO - [2026-08-18T12:22:28.586+0000] {dag.py:3036} INFO - Sync 1 DAGs
[2026-08-18T12:22:28.611+0000] {logging_mixin.py:188} INFO - [2026-08-18T12:22:28.611+0000] {dag.py:3823} INFO - Setting next_dagrun for example_short_circuit_decorator to 2026-08-17 00:00:00+00:00, run_after=2026-08-18 00:00:00+00:00
[2026-08-18T12:22:28.636+0000] {processor.py:183} INFO - Processing /home/airflow/.local/lib/python3.8/site-packages/airflow/example_dags/example_short_circuit_decorator.py took 0.086 seconds
[2026-08-18T12:22:58.891+0000] {processor.py:161} INFO - Started process (PID=889) to work on /home/airflow/.local/lib/python3.8/site-packages/airflow/example_dags/example_short_circuit_decorator.py
[2026-08-18T12:22:58.892+0000] {processor.py:830} INFO - Processing file /home/airflow/.local/lib/python3.8/site-packages/airflow/example_dags/example_short_circuit_decorator.py for tasks to queue
[2026-08-18T12:22:58.894+0000] {logging_mixin.py:188} INFO - [2026-08-18T12:22:58.894+0000] {dagbag.py:538} INFO - Filling up the DagBag from /home/airflow/.local/lib/python3.8/site-packages/airflow/example_dags/example_short_circuit_decorator.py
[2026-08-18T12:22:58.902+0000] {processor.py:840} INFO - DAG(s) 'example_short_circuit_decorator' retrieved from /home/airflow/.local/lib/python3.8/site-packages/airflow/example_dags/example_short_circuit_decorator.py
[2026-08-18T12:22:58.923+0000] {logging_mixin.py:188} INFO - [2026-08-18T12:22:58.923+0000] {dag.py:3036} INFO - Sync 1 DAGs
[2026-08-18T12:22:58.943+0000] {logging_mixin.py:188} INFO - [2026-08-18T12:22:58.943+0000] {dag.py:3823} INFO - Setting next_dagrun for example_short_circuit_decorator to 2026-08-17 00:00:00+00:00, run_after=2026-08-18 00:00:00+00:00
[2026-08-18T12:22:58.962+0000] {processor.py:183} INFO - Processing /home/airflow/.local/lib/python3.8/site-packages/airflow/example_dags/example_short_circuit_decorator.py took 0.073 seconds
[2026-08-18T12:23:29.756+0000] {processor.py:161} INFO - Started process (PID=970) to work on /home/airflow/.local/lib/python3.8/site-packages/airflow/example_dags/example_short_circuit_decorator.py
[2026-08-18T12:23:29.757+0000] {processor.py:830} INFO - Processing file /home/airflow/.local/lib/python3.8/site-packages/airflow/example_dags/example_short_circuit_decorator.py for tasks to queue
[2026-08-18T12:23:29.759+0000] {logging_mixin.py:188} INFO - [2026-08-18T12:23:29.759+0000] {dagbag.py:538} INFO - Filling up the DagBag from /home/airflow/.local/lib/python3.8/site-packages/airflow/example_dags/example_short_circuit_decorator.py
[2026-08-18T12:23:29.768+0000] {processor.py:840} INFO - DAG(s) 'example_short_circuit_decorator' retrieved from /home/airflow/.local/lib/python3.8/site-packages/airflow/example_dags/example_short_circuit_decorator.py
[2026-08-18T12:23:29.779+0000] {logging_mixin.py:188} INFO - [2026-08-18T12:23:29.779+0000] {dag.py:3036} INFO - Sync 1 DAGs
[2026-08-18T12:23:29.800+0000] {logging_mixin.py:188} INFO - [2026-08-18T12:23:29.800+0000] {dag.py:3823} INFO - Setting next_dagrun for example_short_circuit_decorator to 2026-08-17 00:00:00+00:00, run_after=2026-08-18 00:00:00+00:00
[2026-08-18T12:23:29.820+0000] {processor.py:183} INFO - Processing /home/airflow/.local/lib/python3.8/site-packages/airflow/example_dags/example_short_circuit_decorator.py took 0.068 seconds
[2026-08-18T12:24:00.343+0000] {processor.py:161} INFO - Started process (PID=1051) to work on /home/airflow/.local/lib/python3.8/site-packages/airflow/example_dags/example_short_circuit_decorator.py
[2026-08-18T12:24:00.344+0000] {processor.py:830} INFO - Processing file /home/airflow/.local/lib/python3.8/site-packages/airflow/example_dags/example_short_circuit_decorator.py for tasks to queue
[2026-08-18T12:24:00.346+0000] {logging_mixin.py:188} INFO - [2026-08-18T12:24:00.345+0000] {dagbag.py:538} INFO - Filling up the DagBag from /home/airflow/.local/lib/python3.8/site-packages/airflow/example_dags/example_short_circuit_decorator.py
[2026-08-18T12:24:00.354+0000] {processor.py:840} INFO - DAG(s) 'example_short_circuit_decorator' retrieved from /home/airflow/.local/lib/python3.8/site-packages/airflow/example_dags/example_short_circuit_decorator.py
[2026-08-18T12:24:00.446+0000] {logging_mixin.py:188} INFO - [2026-08-18T12:24:00.446+0000] {dag.py:3036} INFO - Sync 1 DAGs
[2026-08-18T12:24:00.463+0000] {logging_mixin.py:188} INFO - [2026-08-18T12:24:00.463+0000] {dag.py:3823} INFO - Setting next_dagrun for example_short_circuit_decorator to 2026-08-17 00:00:00+00:00, run_after=2026-08-18 00:00:00+00:00
[2026-08-18T12:24:00.486+0000] {processor.py:183} INFO - Processing /home/airflow/.local/lib/python3.8/site-packages/airflow/example_dags/example_short_circuit_decorator.py took 0.146 seconds
[2026-08-18T12:24:31.077+0000] {processor.py:161} INFO - Started process (PID=1132) to work on /home/airflow/.local/lib/python3.8/site-packages/airflow/example_dags/example_short_circuit_decorator.py
[2026-08-18T12:24:31.078+0000] {processor.py:830} INFO - Processing file /home/airflow/.local/lib/python3.8/site-packages/airflow/example_dags/example_short_circuit_decorator.py for tasks to queue
[2026-08-18T12:24:31.081+0000] {logging_mixin.py:188} INFO - [2026-08-18T12:24:31.080+0000] {dagbag.py:538} INFO - Filling up the DagBag from /home/airflow/.local/lib/python3.8/site-packages/airflow/example_dags/example_short_circuit_decorator.py
[2026-08-18T12:24:31.091+0000] {processor.py:840} INFO - DAG(s) 'example_short_circuit_decorator' retrieved from /home/airflow/.local/lib/python3.8/site-packages/airflow/example_dags/example_short_circuit_decorator.py
[2026-08-18T12:24:31.113+0000] {logging_mixin.py:188} INFO - [2026-08-18T12:24:31.112+0000] {dag.py:3036} INFO - Sync 1 DAGs
[2026-08-18T12:24:31.132+0000] {logging_mixin.py:188} INFO - [2026-08-18T12:24:31.132+0000] {dag.py:3823} INFO - Setting next_dagrun for example_short_circuit_decorator to 2026-08-17 00:00:00+00:00, run_after=2026-08-18 00:00:00+00:00
[2026-08-18T12:24:31.151+0000] {processor.py:183} INFO - Processing /home/airflow/.local/lib/python3.8/site-packages/airflow/example_dags/example_short_circuit_decorator.py took 0.077 seconds
[2026-08-18T12:25:01.376+0000] {processor.py:161} INFO - Started process (PID=1213) to work on /home/airflow/.local/lib/python3.8/site-packages/airflow/example_dags/example_short_circuit_decorator.py
[2026-08-18T12:25:01.378+0000] {processor.py:830} INFO - Processing file /home/airflow/.local/lib/python3.8/site-packages/airflow/example_dags/example_short_circuit_decorator.py for tasks to queue
[2026-08-18T12:25:01.380+0000] {logging_mixin.py:188} INFO - [2026-08-18T12:25:01.380+0000] {dagbag.py:538} INFO - Filling up the DagBag from /home/airflow/.local/lib/python3.8/site-packages/airflow/example_dags/example_short_circuit_decorator.py
[2026-08-18T12:25:01.393+0000] {processor.py:840} INFO - DAG(s) 'example_short_circuit_decorator' retrieved from /home/airflow/.local/lib/python3.8/site-packages/airflow/example_dags/example_short_circuit_decorator.py
[2026-08-18T12:25:01.424+0000] {logging_mixin.py:188} INFO - [2026-08-18T12:25:01.424+0000] {dag.py:3036} INFO - Sync 1 DAGs
[2026-08-18T12:25:01.450+0000] {logging_mixin.py:188} INFO - [2026-08-18T12:25:01.450+0000] {dag.py:3823} INFO - Setting next_dagrun for example_short_circuit_decorator to 2026-08-17 00:00:00+00:00, run_after=2026-08-18 00:00:00+00:00
[2026-08-18T12:25:01.476+0000] {processor.py:183} INFO - Processing /home/airflow/.local/lib/python3.8/site-packages/airflow/example_dags/example_short_circuit_decorator.py took 0.103 seconds
[2026-08-18T12:25:32.561+0000] {processor.py:161} INFO - Started process (PID=1301) to work on /home/airflow/.local/lib/python3.8/site-packages/airflow/example_dags/example_short_circuit_decorator.py
[2026-08-18T12:25:32.562+0000] {processor.py:830} INFO - Processing file /home/airflow/.local/lib/python3.8/site-packages/airflow/example_dags/example_short_circuit_decorator.py for tasks to queue
[2026-08-18T12:25:32.565+0000] {logging_mixin.py:188} INFO - [2026-08-18T12:25:32.564+0000] {dagbag.py:538} INFO - Filling up the DagBag from /home/airflow/.local/lib/python3.8/site-packages/airflow/example_dags/example_short_circuit_decorator.py
[2026-08-18T12:25:32.573+0000] {processor.py:840} INFO - DAG(s) 'example_short_circuit_decorator' retrieved from /home/airflow/.local/lib/python3.8/site-packages/airflow/example_dags/example_short_circuit_decorator.py
[2026-08-18T12:25:32.599+0000] {logging_mixin.py:188} INFO - [2026-08-18T12:25:32.598+0000] {dag.py:3036} INFO - Sync 1 DAGs
[2026-08-18T12:25:32.621+0000] {logging_mixin.py:188} INFO - [2026-08-18T12:25:32.621+0000] {dag.py:3823} INFO - Setting next_dagrun for example_short_circuit_decorator to 2026-08-17 00:00:00+00:00, run_after=2026-08-18 00:00:00+00:00
[2026-08-18T12:25:32.641+0000] {processor.py:183} INFO - Processing /home/airflow/.local/lib/python3.8/site-packages/airflow/example_dags/example_short_circuit_decorator.py took 0.083 seconds
[2026-08-18T12:26:03.384+0000] {processor.py:161} INFO - Started process (PID=1402) to work on /home/airflow/.local/lib/python3.8/site-packages/airflow/example_dags/example_short_circuit_decorator.py
[2026-08-18T12:26:03.386+0000] {processor.py:830} INFO - Processing file /home/airflow/.local/lib/python3.8/site-packages/airflow/example_dags/example_short_circuit_decorator.py for tasks to queue
[2026-08-18T12:26:03.388+0000] {logging_mixin.py:188} INFO - [2026-08-18T12:26:03.388+0000] {dagbag.py:538} INFO - Filling up the DagBag from /home/airflow/.local/lib/python3.8/site-packages/airflow/example_dags/example_short_circuit_decorator.py
[2026-08-18T12:26:03.398+0000] {processor.py:840} INFO - DAG(s) 'example_short_circuit_decorator' retrieved from /home/airflow/.local/lib/python3.8/site-packages/airflow/example_dags/example_short_circuit_decorator.py
[2026-08-18T12:26:03.421+0000] {logging_mixin.py:188} INFO - [2026-08-18T12:26:03.420+0000] {dag.py:3036} INFO - Sync 1 DAGs
[2026-08-18T12:26:03.443+0000] {logging_mixin.py:188} INFO - [2026-08-18T12:26:03.442+0000] {dag.py:3823} INFO - Setting next_dagrun for example_short_circuit_decorator to 2026-08-17 00:00:00+00:00, run_after=2026-08-18 00:00:00+00:00
[2026-08-18T12:26:03.463+0000] {processor.py:183} INFO - Processing /home/airflow/.local/lib/python3.8/site-packages/airflow/example_dags/example_short_circuit_decorator.py took 0.082 seconds
[2026-08-18T12:26:33.852+0000] {processor.py:161} INFO - Started process (PID=1483) to work on /home/airflow/.local/lib/python3.8/site-packages/airflow/example_dags/example_short_circuit_decorator.py
[2026-08-18T12:26:33.854+0000] {processor.py:830} INFO - Processing file /home/airflow/.local/lib/python3.8/site-packages/airflow/example_dags/example_short_circuit_decorator.py for tasks to queue
[2026-08-18T12:26:33.857+0000] {logging_mixin.py:188} INFO - [2026-08-18T12:26:33.856+0000] {dagbag.py:538} INFO - Filling up the DagBag from /home/airflow/.local/lib/python3.8/site-packages/airflow/example_dags/example_short_circuit_decorator.py
[2026-08-18T12:26:33.868+0000] {processor.py:840} INFO - DAG(s) 'example_short_circuit_decorator' retrieved from /home/airflow/.local/lib/python3.8/site-packages/airflow/example_dags/example_short_circuit_decorator.py
[2026-08-18T12:26:33.893+0000] {logging_mixin.py:188} INFO - [2026-08-18T12:26:33.892+0000] {dag.py:3036} INFO - Sync 1 DAGs
[2026-08-18T12:26:33.917+0000] {logging_mixin.py:188} INFO - [2026-08-18T12:26:33.917+0000] {dag.py:3823} INFO - Setting next_dagrun for example_short_circuit_decorator to 2026-08-17 00:00:00+00:00, run_after=2026-08-18 00:00:00+00:00
[2026-08-18T12:26:33.938+0000] {processor.py:183} INFO - Processing /home/airflow/.local/lib/python3.8/site-packages/airflow/example_dags/example_short_circuit_decorator.py took 0.091 seconds
[2026-08-18T12:27:04.571+0000] {processor.py:161} INFO - Started process (PID=1569) to work on /home/airflow/.local/lib/python3.8/site-packages/airflow/example_dags/example_short_circuit_decorator.py
[2026-08-18T12:27:04.573+0000] {processor.py:830} INFO - Processing file /home/airflow/.local/lib/python3.8/site-packages/airflow/example_dags/example_short_circuit_decorator.py for tasks to queue
[2026-08-18T12:27:04.576+0000] {logging_mixin.py:188} INFO - [2026-08-18T12:27:04.576+0000] {dagbag.py:538} INFO - Filling up the DagBag from /home/airflow/.local/lib/python3.8/site-packages/airflow/example_dags/example_short_circuit_decorator.py
[2026-08-18T12:27:04.588+0000] {processor.py:840} INFO - DAG(s) 'example_short_circuit_decorator' retrieved from /home/airflow/.local/lib/python3.8/site-packages/airflow/example_dags/example_short_circuit_decorator.py
[2026-08-18T12:27:04.613+0000] {logging_mixin.py:188} INFO - [2026-08-18T12:27:04.613+0000] {dag.py:3036} INFO - Sync 1 DAGs
[2026-08-18T12:27:04.635+0000] {logging_mixin.py:188} INFO - [2026-08-18T12:27:04.635+0000] {dag.py:3823} INFO - Setting next_dagrun for example_short_circuit_decorator to 2026-08-17 00:00:00+00:00, run_after=2026-08-18 00:00:00+00:00
[2026-08-18T12:27:04.657+0000] {processor.py:183} INFO - Processing /home/airflow/.local/lib/python3.8/site-packages/airflow/example_dags/example_short_circuit_decorator.py took 0.090 seconds
[2026-08-18T12:27:35.231+0000] {processor.py:161} INFO - Started process (PID=1650) to work on /home/airflow/.local/lib/python3.8/site-packages/airflow/example_dags/example_short_circuit_decorator.py
[2026-08-18T12:27:35.232+0000] {processor.py:830} INFO - Processing file /home/airflow/.local/lib/python3.8/site-packages/airflow/example_dags/example_short_circuit_decorator.py for tasks to queue
[2026-08-18T12:27:35.234+0000] {logging_mixin.py:188} INFO - [2026-08-18T12:27:35.234+0000] {dagbag.py:538} INFO - Filling up the DagBag from /home/airflow/.local/lib/python3.8/site-packages/airflow/example_dags/example_short_circuit_decorator.py
[2026-08-18T12:27:35.244+0000] {processor.py:840} INFO - DAG(s) 'example_short_circuit_decorator' retrieved from /home/airflow/.local/lib/python3.8/site-packages/airflow/example_dags/example_short_circuit_decorator.py
[2026-08-18T12:27:35.267+0000] {logging_mixin.py:188} INFO - [2026-08-18T12:27:35.267+0000] {dag.py:3036} INFO - Sync 1 DAGs
[2026-08-18T12:27:35.288+0000] {logging_mixin.py:188} INFO - [2026-08-18T12:27:35.288+0000] {dag.py:3823} INFO - Setting next_dagrun for example_short_circuit_decorator to 2026-08-17 00:00:00+00:00, run_after=2026-08-18 00:00:00+00:00
[2026-08-18T12:27:35.307+0000] {processor.py:183} INFO - Processing /home/airflow/.local/lib/python3.8/site-packages/airflow/example_dags/example_short_circuit_decorator.py took 0.080 seconds
[2026-08-18T12:28:05.875+0000] {processor.py:161} INFO - Started process (PID=1736) to work on /home/airflow/.local/lib/python3.8/site-packages/airflow/example_dags/example_short_circuit_decorator.py
[2026-08-18T12:28:05.877+0000] {processor.py:830} INFO - Processing file /home/airflow/.local/lib/python3.8/site-packages/airflow/example_dags/example_short_circuit_decorator.py for tasks to queue
[2026-08-18T12:28:05.880+0000] {logging_mixin.py:188} INFO - [2026-08-18T12:28:05.879+0000] {dagbag.py:538} INFO - Filling up the DagBag from /home/airflow/.local/lib/python3.8/site-packages/airflow/example_dags/example_short_circuit_decorator.py
[2026-08-18T12:28:05.893+0000] {processor.py:840} INFO - DAG(s) 'example_short_circuit_decorator' retrieved from /home/airflow/.local/lib/python3.8/site-packages/airflow/example_dags/example_short_circuit_decorator.py
[2026-08-18T12:28:05.929+0000] {logging_mixin.py:188} INFO - [2026-08-18T12:28:05.929+0000] {dag.py:3036} INFO - Sync 1 DAGs
[2026-08-18T12:28:05.957+0000] {logging_mixin.py:188} INFO - [2026-08-18T12:28:05.957+0000] {dag.py:3823} INFO - Setting next_dagrun for example_short_circuit_decorator to 2026-08-17 00:00:00+00:00, run_after=2026-08-18 00:00:00+00:00
[2026-08-18T12:28:05.988+0000] {processor.py:183} INFO - Processing /home/airflow/.local/lib/python3.8/site-packages/airflow/example_dags/example_short_circuit_decorator.py took 0.118 seconds
[2026-08-18T12:28:36.297+0000] {processor.py:161} INFO - Started process (PID=1817) to work on /home/airflow/.local/lib/python3.8/site-packages/airflow/example_dags/example_short_circuit_decorator.py
[2026-08-18T12:28:36.298+0000] {processor.py:830} INFO - Processing file /home/airflow/.local/lib/python3.8/site-packages/airflow/example_dags/example_short_circuit_decorator.py for tasks to queue
[2026-08-18T12:28:36.300+0000] {logging_mixin.py:188} INFO - [2026-08-18T12:28:36.300+0000] {dagbag.py:538} INFO - Filling up the DagBag from /home/airflow/.local/lib/python3.8/site-packages/airflow/example_dags/example_short_circuit_decorator.py
[2026-08-18T12:28:36.310+0000] {processor.py:840} INFO - DAG(s) 'example_short_circuit_decorator' retrieved from /home/airflow/.local/lib/python3.8/site-packages/airflow/example_dags/example_short_circuit_decorator.py
[2026-08-18T12:28:36.332+0000] {logging_mixin.py:188} INFO - [2026-08-18T12:28:36.332+0000] {dag.py:3036} INFO - Sync 1 DAGs
[2026-08-18T12:28:36.353+0000] {logging_mixin.py:188} INFO - [2026-08-18T12:28:36.353+0000] {dag.py:3823} INFO - Setting next_dagrun for example_short_circuit_decorator to 2026-08-17 00:00:00+00:00, run_after=2026-08-18 00:00:00+00:00
[2026-08-18T12:28:36.375+0000] {processor.py:183} INFO - Processing /home/airflow/.local/lib/python3.8/site-packages/airflow/example_dags/example_short_circuit_decorator.py took 0.081 seconds
[2026-08-18T12:29:06.948+0000] {processor.py:161} INFO - Started process (PID=1898) to work on /home/airflow/.local/lib/python3.8/site-packages/airflow/example_dags/example_short_circuit_decorator.py
[2026-08-18T12:29:06.950+0000] {processor.py:830} INFO - Processing file /home/airflow/.local/lib/python3.8/site-packages/airflow/example_dags/example_short_circuit_decorator.py for tasks to queue
[2026-08-18T12:29:06.952+0000] {logging_mixin.py:188} INFO - [2026-08-18T12:29:06.951+0000] {dagbag.py:538} INFO - Filling up the DagBag from /home/airflow/.local/lib/python3.8/site-packages/airflow/example_dags/example_short_circuit_decorator.py
[2026-08-18T12:29:06.965+0000] {processor.py:840} INFO - DAG(s) 'example_short_circuit_decorator' retrieved from /home/airflow/.local/lib/python3.8/site-packages/airflow/example_dags/example_short_circuit_decorator.py
[2026-08-18T12:29:06.988+0000] {logging_mixin.py:188} INFO - [2026-08-18T12:29:06.988+0000] {dag.py:3036} INFO - Sync 1 DAGs
[2026-08-18T12:29:07.011+0000] {logging_mixin.py:188} INFO - [2026-08-18T12:29:07.010+0000] {dag.py:3823} INFO - Setting next_dagrun for example_short_circuit_decorator to 2026-08-17 00:00:00+00:00, run_after=2026-08-18 00:00:00+00:00
[2026-08-18T12:29:07.031+0000] {processor.py:183} INFO - Processing /home/airflow/.local/lib/python3.8/site-packages/airflow/example_dags/example_short_circuit_decorator.py took 0.087 seconds
[2026-08-18T12:29:37.733+0000] {processor.py:161} INFO - Started process (PID=1979) to work on /home/airflow/.local/lib/python3.8/site-packages/airflow/example_dags/example_short_circuit_decorator.py
[2026-08-18T12:29:37.735+0000] {processor.py:830} INFO - Processing file /home/airflow/.local/lib/python3.8/site-packages/airflow/example_dags/example_short_circuit_decorator.py for tasks to queue
[2026-08-18T12:29:37.737+0000] {logging_mixin.py:188} INFO - [2026-08-18T12:29:37.736+0000] {dagbag.py:538} INFO - Filling up the DagBag from /home/airflow/.local/lib/python3.8/site-packages/airflow/example_dags/example_short_circuit_decorator.py
[2026-08-18T12:29:37.746+0000] {processor.py:840} INFO - DAG(s) 'example_short_circuit_decorator' retrieved from /home/airflow/.local/lib/python3.8/site-packages/airflow/example_dags/example_short_circuit_decorator.py
[2026-08-18T12:29:37.770+0000] {logging_mixin.py:188} INFO - [2026-08-18T12:29:37.770+0000] {dag.py:3036} INFO - Sync 1 DAGs
[2026-08-18T12:29:37.791+0000] {logging_mixin.py:188} INFO - [2026-08-18T12:29:37.791+0000] {dag.py:3823} INFO - Setting next_dagrun for example_short_circuit_decorator to 2026-08-17 00:00:00+00:00, run_after=2026-08-18 00:00:00+00:00
[2026-08-18T12:29:37.810+0000] {processor.py:183} INFO - Processing /home/airflow/.local/lib/python3.8/site-packages/airflow/example_dags/example_short_circuit_decorator.py took 0.080 seconds
[2026-08-18T12:30:08.297+0000] {processor.py:161} INFO - Started process (PID=2060) to work on /home/airflow/.local/lib/python3.8/site-packages/airflow/example_dags/example_short_circuit_decorator.py
[2026-08-18T12:30:08.299+0000] {processor.py:830} INFO - Processing file /home/airflow/.local/lib/python3.8/site-packages/airflow/example_dags/example_short_circuit_decorator.py for tasks to queue
[2026-08-18T12:30:08.301+0000] {logging_mixin.py:188} INFO - [2026-08-18T12:30:08.300+0000] {dagbag.py:538} INFO - Filling up the DagBag from /home/airflow/.local/lib/python3.8/site-packages/airflow/example_dags/example_short_circuit_decorator.py
[2026-08-18T12:30:08.310+0000] {processor.py:840} INFO - DAG(s) 'example_short_circuit_decorator' retrieved from /home/airflow/.local/lib/python3.8/site-packages/airflow/example_dags/example_short_circuit_decorator.py
[2026-08-18T12:30:08.335+0000] {logging_mixin.py:188} INFO - [2026-08-18T12:30:08.335+0000] {dag.py:3036} INFO - Sync 1 DAGs
[2026-08-18T12:30:08.358+0000] {logging_mixin.py:188} INFO - [2026-08-18T12:30:08.357+0000] {dag.py:3823} INFO - Setting next_dagrun for example_short_circuit_decorator to 2026-08-17 00:00:00+00:00, run_after=2026-08-18 00:00:00+00:00
[2026-08-18T12:30:08.378+0000] {processor.py:183} INFO - Processing /home/airflow/.local/lib/python3.8/site-packages/airflow/example_dags/example_short_circuit_decorator.py took 0.085 seconds
[2026-08-18T12:30:39.026+0000] {processor.py:161} INFO - Started process (PID=2141) to work on /home/airflow/.local/lib/python3.8/site-packages/airflow/example_dags/example_short_circuit_decorator.py
[2026-08-18T12:30:39.027+0000] {processor.py:830} INFO - Processing file /home/airflow/.local/lib/python3.8/site-packages/airflow/example_dags/example_short_circuit_decorator.py for tasks to queue
[2026-08-18T12:30:39.030+0000] {logging_mixin.py:188} INFO - [2026-08-18T12:30:39.029+0000] {dagbag.py:538} INFO - Filling up the DagBag from /home/airflow/.local/lib/python3.8/site-packages/airflow/example_dags/example_short_circuit_decorator.py
[2026-08-18T12:30:39.040+0000] {processor.py:840} INFO - DAG(s) 'example_short_circuit_decorator' retrieved from /home/airflow/.local/lib/python3.8/site-packages/airflow/example_dags/example_short_circuit_decorator.py
[2026-08-18T12:30:39.062+0000] {logging_mixin.py:188} INFO - [2026-08-18T12:30:39.062+0000] {dag.py:3036} INFO - Sync 1 DAGs
[2026-08-18T12:30:39.088+0000] {logging_mixin.py:188} INFO - [2026-08-18T12:30:39.088+0000] {dag.py:3823} INFO - Setting next_dagrun for example_short_circuit_decorator to 2026-08-17 00:00:00+00:00, run_after=2026-08-18 00:00:00+00:00
[2026-08-18T12:30:39.109+0000] {processor.py:183} INFO - Processing /home/airflow/.local/lib/python3.8/site-packages/airflow/example_dags/example_short_circuit_decorator.py took 0.088 seconds
[2026-08-18T12:31:09.747+0000] {processor.py:161} INFO - Started process (PID=2222) to work on /home/airflow/.local/lib/python3.8/site-packages/airflow/example_dags/example_short_circuit_decorator.py
[2026-08-18T12:31:09.748+0000] {processor.py:830} INFO - Processing file /home/airflow/.local/lib/python3.8/site-packages/airflow/example_dags/example_short_circuit_decorator.py for tasks to queue
[2026-08-18T12:31:09.751+0000] {logging_mixin.py:188} INFO - [2026-08-18T12:31:09.751+0000] {dagbag.py:538} INFO - Filling up the DagBag from /home/airflow/.local/lib/python3.8/site-packages/airflow/example_dags/example_short_circuit_decorator.py
[2026-08-18T12:31:09.760+0000] {processor.py:840} INFO - DAG(s) 'example_short_circuit_decorator' retrieved from /home/airflow/.local/lib/python3.8/site-packages/airflow/example_dags/example_short_circuit_decorator.py
[2026-08-18T12:31:09.782+0000] {logging_mixin.py:188} INFO - [2026-08-18T12:31:09.782+0000] {dag.py:3036} INFO - Sync 1 DAGs
[2026-08-18T12:31:09.803+0000] {logging_mixin.py:188} INFO - [2026-08-18T12:31:09.803+0000] {dag.py:3823} INFO - Setting next_dagrun for example_short_circuit_decorator to 2026-08-17 00:00:00+00:00, run_after=2026-08-18 00:00:00+00:00
[2026-08-18T12:31:09.821+0000] {processor.py:183} INFO - Processing /home/airflow/.local/lib/python3.8/site-packages/airflow/example_dags/example_short_circuit_decorator.py took 0.079 seconds
[2026-08-18T12:31:40.476+0000] {processor.py:161} INFO - Started process (PID=2303) to work on /home/airflow/.local/lib/python3.8/site-packages/airflow/example_dags/example_short_circuit_decorator.py
[2026-08-18T12:31:40.477+0000] {processor.py:830} INFO - Processing file /home/airflow/.local/lib/python3.8/site-packages/airflow/example_dags/example_short_circuit_decorator.py for tasks to queue
[2026-08-18T12:31:40.480+0000] {logging_mixin.py:188} INFO - [2026-08-18T12:31:40.480+0000] {dagbag.py:538} INFO - Filling up the DagBag from /home/airflow/.local/lib/python3.8/site-packages/airflow/example_dags/example_short_circuit_decorator.py
[2026-08-18T12:31:40.497+0000] {processor.py:840} INFO - DAG(s) 'example_short_circuit_decorator' retrieved from /home/airflow/.local/lib/python3.8/site-packages/airflow/example_dags/example_short_circuit_decorator.py
[2026-08-18T12:31:40.534+0000] {logging_mixin.py:188} INFO - [2026-08-18T12:31:40.534+0000] {dag.py:3036} INFO - Sync 1 DAGs
[2026-08-18T12:31:40.580+0000] {logging_mixin.py:188} INFO - [2026-08-18T12:31:40.579+0000] {dag.py:3823} INFO - Setting next_dagrun for example_short_circuit_decorator to 2026-08-17 00:00:00+00:00, run_after=2026-08-18 00:00:00+00:00
[2026-08-18T12:31:40.638+0000] {processor.py:183} INFO - Processing /home/airflow/.local/lib/python3.8/site-packages/airflow/example_dags/example_short_circuit_decorator.py took 0.166 seconds
[2026-08-18T12:32:10.991+0000] {processor.py:161} INFO - Started process (PID=2384) to work on /home/airflow/.local/lib/python3.8/site-packages/airflow/example_dags/example_short_circuit_decorator.py
[2026-08-18T12:32:10.992+0000] {processor.py:830} INFO - Processing file /home/airflow/.local/lib/python3.8/site-packages/airflow/example_dags/example_short_circuit_decorator.py for tasks to queue
[2026-08-18T12:32:10.995+0000] {logging_mixin.py:188} INFO - [2026-08-18T12:32:10.995+0000] {dagbag.py:538} INFO - Filling up the DagBag from /home/airflow/.local/lib/python3.8/site-packages/airflow/example_dags/example_short_circuit_decorator.py
[2026-08-18T12:32:11.013+0000] {processor.py:840} INFO - DAG(s) 'example_short_circuit_decorator' retrieved from /home/airflow/.local/lib/python3.8/site-packages/airflow/example_dags/example_short_circuit_decorator.py
[2026-08-18T12:32:11.051+0000] {logging_mixin.py:188} INFO - [2026-08-18T12:32:11.050+0000] {dag.py:3036} INFO - Sync 1 DAGs
[2026-08-18T12:32:11.082+0000] {logging_mixin.py:188} INFO - [2026-08-18T12:32:11.081+0000] {dag.py:3823} INFO - Setting next_dagrun for example_short_circuit_decorator to 2026-08-17 00:00:00+00:00, run_after=2026-08-18 00:00:00+00:00
[2026-08-18T12:32:11.113+0000] {processor.py:183} INFO - Processing /home/airflow/.local/lib/python3.8/site-packages/airflow/example_dags/example_short_circuit_decorator.py took 0.127 seconds
[2026-08-18T12:32:41.305+0000] {processor.py:161} INFO - Started process (PID=2470) to work on /home/airflow/.local/lib/python3.8/site-packages/airflow/example_dags/example_short_circuit_decorator.py
[2026-08-18T12:32:41.311+0000] {processor.py:830} INFO - Processing file /home/airflow/.local/lib/python3.8/site-packages/airflow/example_dags/example_short_circuit_decorator.py for tasks to queue
[2026-08-18T12:32:41.316+0000] {logging_mixin.py:188} INFO - [2026-08-18T12:32:41.315+0000] {dagbag.py:538} INFO - Filling up the DagBag from /home/airflow/.local/lib/python3.8/site-packages/airflow/example_dags/example_short_circuit_decorator.py
[2026-08-18T12:32:41.330+0000] {processor.py:840} INFO - DAG(s) 'example_short_circuit_decorator' retrieved from /home/airflow/.local/lib/python3.8/site-packages/airflow/example_dags/example_short_circuit_decorator.py
[2026-08-18T12:32:41.370+0000] {logging_mixin.py:188} INFO - [2026-08-18T12:32:41.368+0000] {dag.py:3036} INFO - Sync 1 DAGs
[2026-08-18T12:32:41.408+0000] {logging_mixin.py:188} INFO - [2026-08-18T12:32:41.407+0000] {dag.py:3823} INFO - Setting next_dagrun for example_short_circuit_decorator to 2026-08-17 00:00:00+00:00, run_after=2026-08-18 00:00:00+00:00
[2026-08-18T12:32:41.446+0000] {processor.py:183} INFO - Processing /home/airflow/.local/lib/python3.8/site-packages/airflow/example_dags/example_short_circuit_decorator.py took 0.147 seconds
[2026-08-18T12:33:11.996+0000] {processor.py:161} INFO - Started process (PID=2555) to work on /home/airflow/.local/lib/python3.8/site-packages/airflow/example_dags/example_short_circuit_decorator.py
[2026-08-18T12:33:11.997+0000] {processor.py:830} INFO - Processing file /home/airflow/.local/lib/python3.8/site-packages/airflow/example_dags/example_short_circuit_decorator.py for tasks to queue
[2026-08-18T12:33:11.999+0000] {logging_mixin.py:188} INFO - [2026-08-18T12:33:11.999+0000] {dagbag.py:538} INFO - Filling up the DagBag from /home/airflow/.local/lib/python3.8/site-packages/airflow/example_dags/example_short_circuit_decorator.py
[2026-08-18T12:33:12.009+0000] {processor.py:840} INFO - DAG(s) 'example_short_circuit_decorator' retrieved from /home/airflow/.local/lib/python3.8/site-packages/airflow/example_dags/example_short_circuit_decorator.py
[2026-08-18T12:33:12.032+0000] {logging_mixin.py:188} INFO - [2026-08-18T12:33:12.032+0000] {dag.py:3036} INFO - Sync 1 DAGs
[2026-08-18T12:33:12.057+0000] {logging_mixin.py:188} INFO - [2026-08-18T12:33:12.057+0000] {dag.py:3823} INFO - Setting next_dagrun for example_short_circuit_decorator to 2026-08-17 00:00:00+00:00, run_after=2026-08-18 00:00:00+00:00
[2026-08-18T12:33:12.078+0000] {processor.py:183} INFO - Processing /home/airflow/.local/lib/python3.8/site-packages/airflow/example_dags/example_short_circuit_decorator.py took 0.085 seconds
[2026-08-18T12:33:42.880+0000] {processor.py:161} INFO - Started process (PID=2646) to work on /home/airflow/.local/lib/python3.8/site-packages/airflow/example_dags/example_short_circuit_decorator.py
[2026-08-18T12:33:42.881+0000] {processor.py:830} INFO - Processing file /home/airflow/.local/lib/python3.8/site-packages/airflow/example_dags/example_short_circuit_decorator.py for tasks to queue
[2026-08-18T12:33:42.883+0000] {logging_mixin.py:188} INFO - [2026-08-18T12:33:42.883+0000] {dagbag.py:538} INFO - Filling up the DagBag from /home/airflow/.local/lib/python3.8/site-packages/airflow/example_dags/example_short_circuit_decorator.py
[2026-08-18T12:33:42.892+0000] {processor.py:840} INFO - DAG(s) 'example_short_circuit_decorator' retrieved from /home/airflow/.local/lib/python3.8/site-packages/airflow/example_dags/example_short_circuit_decorator.py
[2026-08-18T12:33:42.918+0000] {logging_mixin.py:188} INFO - [2026-08-18T12:33:42.917+0000] {dag.py:3036} INFO - Sync 1 DAGs
[2026-08-18T12:33:42.939+0000] {logging_mixin.py:188} INFO - [2026-08-18T12:33:42.939+0000] {dag.py:3823} INFO - Setting next_dagrun for example_short_circuit_decorator to 2026-08-17 00:00:00+00:00, run_after=2026-08-18 00:00:00+00:00
[2026-08-18T12:33:42.978+0000] {processor.py:183} INFO - Processing /home/airflow/.local/lib/python3.8/site-packages/airflow/example_dags/example_short_circuit_decorator.py took 0.102 seconds
[2026-08-18T12:34:13.762+0000] {processor.py:161} INFO - Started process (PID=2736) to work on /home/airflow/.local/lib/python3.8/site-packages/airflow/example_dags/example_short_circuit_decorator.py
[2026-08-18T12:34:13.763+0000] {processor.py:830} INFO - Processing file /home/airflow/.local/lib/python3.8/site-packages/airflow/example_dags/example_short_circuit_decorator.py for tasks to queue
[2026-08-18T12:34:13.766+0000] {logging_mixin.py:188} INFO - [2026-08-18T12:34:13.765+0000] {dagbag.py:538} INFO - Filling up the DagBag from /home/airflow/.local/lib/python3.8/site-packages/airflow/example_dags/example_short_circuit_decorator.py
[2026-08-18T12:34:13.776+0000] {processor.py:840} INFO - DAG(s) 'example_short_circuit_decorator' retrieved from /home/airflow/.local/lib/python3.8/site-packages/airflow/example_dags/example_short_circuit_decorator.py
[2026-08-18T12:34:13.890+0000] {logging_mixin.py:188} INFO - [2026-08-18T12:34:13.889+0000] {dag.py:3036} INFO - Sync 1 DAGs
[2026-08-18T12:34:13.915+0000] {logging_mixin.py:188} INFO - [2026-08-18T12:34:13.915+0000] {dag.py:3823} INFO - Setting next_dagrun for example_short_circuit_decorator to 2026-08-17 00:00:00+00:00, run_after=2026-08-18 00:00:00+00:00
[2026-08-18T12:34:13.939+0000] {processor.py:183} INFO - Processing /home/airflow/.local/lib/python3.8/site-packages/airflow/example_dags/example_short_circuit_decorator.py took 0.182 seconds
[2026-08-18T12:34:44.029+0000] {processor.py:161} INFO - Started process (PID=2826) to work on /home/airflow/.local/lib/python3.8/site-packages/airflow/example_dags/example_short_circuit_decorator.py
[2026-08-18T12:34:44.031+0000] {processor.py:830} INFO - Processing file /home/airflow/.local/lib/python3.8/site-packages/airflow/example_dags/example_short_circuit_decorator.py for tasks to queue
[2026-08-18T12:34:44.035+0000] {logging_mixin.py:188} INFO - [2026-08-18T12:34:44.035+0000] {dagbag.py:538} INFO - Filling up the DagBag from /home/airflow/.local/lib/python3.8/site-packages/airflow/example_dags/example_short_circuit_decorator.py
[2026-08-18T12:34:44.046+0000] {processor.py:840} INFO - DAG(s) 'example_short_circuit_decorator' retrieved from /home/airflow/.local/lib/python3.8/site-packages/airflow/example_dags/example_short_circuit_decorator.py
[2026-08-18T12:34:44.077+0000] {logging_mixin.py:188} INFO - [2026-08-18T12:34:44.076+0000] {dag.py:3036} INFO - Sync 1 DAGs
[2026-08-18T12:34:44.104+0000] {logging_mixin.py:188} INFO - [2026-08-18T12:34:44.104+0000] {dag.py:3823} INFO - Setting next_dagrun for example_short_circuit_decorator to 2026-08-17 00:00:00+00:00, run_after=2026-08-18 00:00:00+00:00
[2026-08-18T12:34:44.129+0000] {processor.py:183} INFO - Processing /home/airflow/.local/lib/python3.8/site-packages/airflow/example_dags/example_short_circuit_decorator.py took 0.104 seconds
[2026-08-18T12:35:14.903+0000] {processor.py:161} INFO - Started process (PID=2916) to work on /home/airflow/.local/lib/python3.8/site-packages/airflow/example_dags/example_short_circuit_decorator.py
[2026-08-18T12:35:14.904+0000] {processor.py:830} INFO - Processing file /home/airflow/.local/lib/python3.8/site-packages/airflow/example_dags/example_short_circuit_decorator.py for tasks to queue
[2026-08-18T12:35:14.906+0000] {logging_mixin.py:188} INFO - [2026-08-18T12:35:14.906+0000] {dagbag.py:538} INFO - Filling up the DagBag from /home/airflow/.local/lib/python3.8/site-packages/airflow/example_dags/example_short_circuit_decorator.py
[2026-08-18T12:35:14.917+0000] {processor.py:840} INFO - DAG(s) 'example_short_circuit_decorator' retrieved from /home/airflow/.local/lib/python3.8/site-packages/airflow/example_dags/example_short_circuit_decorator.py
[2026-08-18T12:35:14.975+0000] {logging_mixin.py:188} INFO - [2026-08-18T12:35:14.974+0000] {dag.py:3036} INFO - Sync 1 DAGs
[2026-08-18T12:35:15.006+0000] {logging_mixin.py:188} INFO - [2026-08-18T12:35:15.006+0000] {dag.py:3823} INFO - Setting next_dagrun for example_short_circuit_decorator to 2026-08-17 00:00:00+00:00, run_after=2026-08-18 00:00:00+00:00
[2026-08-18T12:35:15.082+0000] {processor.py:183} INFO - Processing /home/airflow/.local/lib/python3.8/site-packages/airflow/example_dags/example_short_circuit_decorator.py took 0.182 seconds
[2026-08-18T12:35:45.752+0000] {processor.py:161} INFO - Started process (PID=3006) to work on /home/airflow/.local/lib/python3.8/site-packages/airflow/example_dags/example_short_circuit_decorator.py
[2026-08-18T12:35:45.754+0000] {processor.py:830} INFO - Processing file /home/airflow/.local/lib/python3.8/site-packages/airflow/example_dags/example_short_circuit_decorator.py for tasks to queue
[2026-08-18T12:35:45.756+0000] {logging_mixin.py:188} INFO - [2026-08-18T12:35:45.756+0000] {dagbag.py:538} INFO - Filling up the DagBag from /home/airflow/.local/lib/python3.8/site-packages/airflow/example_dags/example_short_circuit_decorator.py
[2026-08-18T12:35:45.765+0000] {processor.py:840} INFO - DAG(s) 'example_short_circuit_decorator' retrieved from /home/airflow/.local/lib/python3.8/site-packages/airflow/example_dags/example_short_circuit_decorator.py
[2026-08-18T12:35:45.791+0000] {logging_mixin.py:188} INFO - [2026-08-18T12:35:45.791+0000] {dag.py:3036} INFO - Sync 1 DAGs
[2026-08-18T12:35:45.813+0000] {logging_mixin.py:188} INFO - [2026-08-18T12:35:45.813+0000] {dag.py:3823} INFO - Setting next_dagrun for example_short_circuit_decorator to 2026-08-17 00:00:00+00:00, run_after=2026-08-18 00:00:00+00:00
[2026-08-18T12:35:45.869+0000] {processor.py:183} INFO - Processing /home/airflow/.local/lib/python3.8/site-packages/airflow/example_dags/example_short_circuit_decorator.py took 0.121 seconds
[2026-08-18T12:36:16.475+0000] {processor.py:161} INFO - Started process (PID=3087) to work on /home/airflow/.local/lib/python3.8/site-packages/airflow/example_dags/example_short_circuit_decorator.py
[2026-08-18T12:36:16.476+0000] {processor.py:830} INFO - Processing file /home/airflow/.local/lib/python3.8/site-packages/airflow/example_dags/example_short_circuit_decorator.py for tasks to queue
[2026-08-18T12:36:16.478+0000] {logging_mixin.py:188} INFO - [2026-08-18T12:36:16.478+0000] {dagbag.py:538} INFO - Filling up the DagBag from /home/airflow/.local/lib/python3.8/site-packages/airflow/example_dags/example_short_circuit_decorator.py
[2026-08-18T12:36:16.487+0000] {processor.py:840} INFO - DAG(s) 'example_short_circuit_decorator' retrieved from /home/airflow/.local/lib/python3.8/site-packages/airflow/example_dags/example_short_circuit_decorator.py
[2026-08-18T12:36:16.509+0000] {logging_mixin.py:188} INFO - [2026-08-18T12:36:16.509+0000] {dag.py:3036} INFO - Sync 1 DAGs
[2026-08-18T12:36:16.531+0000] {logging_mixin.py:188} INFO - [2026-08-18T12:36:16.530+0000] {dag.py:3823} INFO - Setting next_dagrun for example_short_circuit_decorator to 2026-08-17 00:00:00+00:00, run_after=2026-08-18 00:00:00+00:00
[2026-08-18T12:36:16.589+0000] {processor.py:183} INFO - Processing /home/airflow/.local/lib/python3.8/site-packages/airflow/example_dags/example_short_circuit_decorator.py took 0.117 seconds
[2026-08-18T12:36:46.927+0000] {processor.py:161} INFO - Started process (PID=3173) to work on /home/airflow/.local/lib/python3.8/site-packages/airflow/example_dags/example_short_circuit_decorator.py
[2026-08-18T12:36:46.928+0000] {processor.py:830} INFO - Processing file /home/airflow/.local/lib/python3.8/site-packages/airflow/example_dags/example_short_circuit_decorator.py for tasks to queue
[2026-08-18T12:36:46.930+0000] {logging_mixin.py:188} INFO - [2026-08-18T12:36:46.930+0000] {dagbag.py:538} INFO - Filling up the DagBag from /home/airflow/.local/lib/python3.8/site-packages/airflow/example_dags/example_short_circuit_decorator.py
[2026-08-18T12:36:46.938+0000] {processor.py:840} INFO - DAG(s) 'example_short_circuit_decorator' retrieved from /home/airflow/.local/lib/python3.8/site-packages/airflow/example_dags/example_short_circuit_decorator.py
[2026-08-18T12:36:46.962+0000] {logging_mixin.py:188} INFO - [2026-08-18T12:36:46.961+0000] {dag.py:3036} INFO - Sync 1 DAGs
[2026-08-18T12:36:46.984+0000] {logging_mixin.py:188} INFO - [2026-08-18T12:36:46.984+0000] {dag.py:3823} INFO - Setting next_dagrun for example_short_circuit_decorator to 2026-08-17 00:00:00+00:00, run_after=2026-08-18 00:00:00+00:00
[2026-08-18T12:36:47.042+0000] {processor.py:183} INFO - Processing /home/airflow/.local/lib/python3.8/site-packages/airflow/example_dags/example_short_circuit_decorator.py took 0.119 seconds
[2026-08-18T12:37:17.487+0000] {processor.py:161} INFO - Started process (PID=3254) to work on /home/airflow/.local/lib/python3.8/site-packages/airflow/example_dags/example_short_circuit_decorator.py
[2026-08-18T12:37:17.488+0000] {processor.py:830} INFO - Processing file /home/airflow/.local/lib/python3.8/site-packages/airflow/example_dags/example_short_circuit_decorator.py for tasks to queue
[2026-08-18T12:37:17.490+0000] {logging_mixin.py:188} INFO - [2026-08-18T12:37:17.490+0000] {dagbag.py:538} INFO - Filling up the DagBag from /home/airflow/.local/lib/python3.8/site-packages/airflow/example_dags/example_short_circuit_decorator.py
[2026-08-18T12:37:17.499+0000] {processor.py:840} INFO - DAG(s) 'example_short_circuit_decorator' retrieved from /home/airflow/.local/lib/python3.8/site-packages/airflow/example_dags/example_short_circuit_decorator.py
[2026-08-18T12:37:17.525+0000] {logging_mixin.py:188} INFO - [2026-08-18T12:37:17.524+0000] {dag.py:3036} INFO - Sync 1 DAGs
[2026-08-18T12:37:17.550+0000] {logging_mixin.py:188} INFO - [2026-08-18T12:37:17.550+0000] {dag.py:3823} INFO - Setting next_dagrun for example_short_circuit_decorator to 2026-08-17 00:00:00+00:00, run_after=2026-08-18 00:00:00+00:00
[2026-08-18T12:37:17.571+0000] {processor.py:183} INFO - Processing /home/airflow/.local/lib/python3.8/site-packages/airflow/example_dags/example_short_circuit_decorator.py took 0.089 seconds
[2026-08-18T12:37:48.638+0000] {processor.py:161} INFO - Started process (PID=3335) to work on /home/airflow/.local/lib/python3.8/site-packages/airflow/example_dags/example_short_circuit_decorator.py
[2026-08-18T12:37:48.639+0000] {processor.py:830} INFO - Processing file /home/airflow/.local/lib/python3.8/site-packages/airflow/example_dags/example_short_circuit_decorator.py for tasks to queue
[2026-08-18T12:37:48.642+0000] {logging_mixin.py:188} INFO - [2026-08-18T12:37:48.641+0000] {dagbag.py:538} INFO - Filling up the DagBag from /home/airflow/.local/lib/python3.8/site-packages/airflow/example_dags/example_short_circuit_decorator.py
[2026-08-18T12:37:48.653+0000] {processor.py:840} INFO - DAG(s) 'example_short_circuit_decorator' retrieved from /home/airflow/.local/lib/python3.8/site-packages/airflow/example_dags/example_short_circuit_decorator.py
[2026-08-18T12:37:48.682+0000] {logging_mixin.py:188} INFO - [2026-08-18T12:37:48.681+0000] {dag.py:3036} INFO - Sync 1 DAGs
[2026-08-18T12:37:48.707+0000] {logging_mixin.py:188} INFO - [2026-08-18T12:37:48.706+0000] {dag.py:3823} INFO - Setting next_dagrun for example_short_circuit_decorator to 2026-08-17 00:00:00+00:00, run_after=2026-08-18 00:00:00+00:00
[2026-08-18T12:37:48.736+0000] {processor.py:183} INFO - Processing /home/airflow/.local/lib/python3.8/site-packages/airflow/example_dags/example_short_circuit_decorator.py took 0.102 seconds
[2026-08-18T12:38:22.995+0000] {processor.py:161} INFO - Started process (PID=3416) to work on /home/airflow/.local/lib/python3.8/site-packages/airflow/example_dags/example_short_circuit_decorator.py
[2026-08-18T12:38:22.996+0000] {processor.py:830} INFO - Processing file /home/airflow/.local/lib/python3.8/site-packages/airflow/example_dags/example_short_circuit_decorator.py for tasks to queue
[2026-08-18T12:38:22.999+0000] {logging_mixin.py:188} INFO - [2026-08-18T12:38:22.998+0000] {dagbag.py:538} INFO - Filling up the DagBag from /home/airflow/.local/lib/python3.8/site-packages/airflow/example_dags/example_short_circuit_decorator.py
[2026-08-18T12:38:23.008+0000] {processor.py:840} INFO - DAG(s) 'example_short_circuit_decorator' retrieved from /home/airflow/.local/lib/python3.8/site-packages/airflow/example_dags/example_short_circuit_decorator.py
[2026-08-18T12:38:23.033+0000] {logging_mixin.py:188} INFO - [2026-08-18T12:38:23.033+0000] {dag.py:3036} INFO - Sync 1 DAGs
[2026-08-18T12:38:23.061+0000] {logging_mixin.py:188} INFO - [2026-08-18T12:38:23.060+0000] {dag.py:3823} INFO - Setting next_dagrun for example_short_circuit_decorator to 2026-08-17 00:00:00+00:00, run_after=2026-08-18 00:00:00+00:00
[2026-08-18T12:38:23.096+0000] {processor.py:183} INFO - Processing /home/airflow/.local/lib/python3.8/site-packages/airflow/example_dags/example_short_circuit_decorator.py took 0.104 seconds
[2026-08-18T12:38:53.301+0000] {processor.py:161} INFO - Started process (PID=3497) to work on /home/airflow/.local/lib/python3.8/site-packages/airflow/example_dags/example_short_circuit_decorator.py
[2026-08-18T12:38:53.302+0000] {processor.py:830} INFO - Processing file /home/airflow/.local/lib/python3.8/site-packages/airflow/example_dags/example_short_circuit_decorator.py for tasks to queue
[2026-08-18T12:38:53.304+0000] {logging_mixin.py:188} INFO - [2026-08-18T12:38:53.304+0000] {dagbag.py:538} INFO - Filling up the DagBag from /home/airflow/.local/lib/python3.8/site-packages/airflow/example_dags/example_short_circuit_decorator.py
[2026-08-18T12:38:53.314+0000] {processor.py:840} INFO - DAG(s) 'example_short_circuit_decorator' retrieved from /home/airflow/.local/lib/python3.8/site-packages/airflow/example_dags/example_short_circuit_decorator.py
[2026-08-18T12:38:53.340+0000] {logging_mixin.py:188} INFO - [2026-08-18T12:38:53.340+0000] {dag.py:3036} INFO - Sync 1 DAGs
[2026-08-18T12:38:53.361+0000] {logging_mixin.py:188} INFO - [2026-08-18T12:38:53.360+0000] {dag.py:3823} INFO - Setting next_dagrun for example_short_circuit_decorator to 2026-08-17 00:00:00+00:00, run_after=2026-08-18 00:00:00+00:00
[2026-08-18T12:38:53.381+0000] {processor.py:183} INFO - Processing /home/airflow/.local/lib/python3.8/site-packages/airflow/example_dags/example_short_circuit_decorator.py took 0.084 seconds
[2026-08-18T12:39:24.456+0000] {processor.py:161} INFO - Started process (PID=3587) to work on /home/airflow/.local/lib/python3.8/site-packages/airflow/example_dags/example_short_circuit_decorator.py
[2026-08-18T12:39:24.457+0000] {processor.py:830} INFO - Processing file /home/airflow/.local/lib/python3.8/site-packages/airflow/example_dags/example_short_circuit_decorator.py for tasks to queue
[2026-08-18T12:39:24.459+0000] {logging_mixin.py:188} INFO - [2026-08-18T12:39:24.459+0000] {dagbag.py:538} INFO - Filling up the DagBag from /home/airflow/.local/lib/python3.8/site-packages/airflow/example_dags/example_short_circuit_decorator.py
[2026-08-18T12:39:24.468+0000] {processor.py:840} INFO - DAG(s) 'example_short_circuit_decorator' retrieved from /home/airflow/.local/lib/python3.8/site-packages/airflow/example_dags/example_short_circuit_decorator.py
[2026-08-18T12:39:24.490+0000] {logging_mixin.py:188} INFO - [2026-08-18T12:39:24.489+0000] {dag.py:3036} INFO - Sync 1 DAGs
[2026-08-18T12:39:24.512+0000] {logging_mixin.py:188} INFO - [2026-08-18T12:39:24.511+0000] {dag.py:3823} INFO - Setting next_dagrun for example_short_circuit_decorator to 2026-08-17 00:00:00+00:00, run_after=2026-08-18 00:00:00+00:00
[2026-08-18T12:39:24.532+0000] {processor.py:183} INFO - Processing /home/airflow/.local/lib/python3.8/site-packages/airflow/example_dags/example_short_circuit_decorator.py took 0.079 seconds
[2026-08-18T12:39:55.316+0000] {processor.py:161} INFO - Started process (PID=3668) to work on /home/airflow/.local/lib/python3.8/site-packages/airflow/example_dags/example_short_circuit_decorator.py
[2026-08-18T12:39:55.317+0000] {processor.py:830} INFO - Processing file /home/airflow/.local/lib/python3.8/site-packages/airflow/example_dags/example_short_circuit_decorator.py for tasks to queue
[2026-08-18T12:39:55.319+0000] {logging_mixin.py:188} INFO - [2026-08-18T12:39:55.319+0000] {dagbag.py:538} INFO - Filling up the DagBag from /home/airflow/.local/lib/python3.8/site-packages/airflow/example_dags/example_short_circuit_decorator.py
[2026-08-18T12:39:55.332+0000] {processor.py:840} INFO - DAG(s) 'example_short_circuit_decorator' retrieved from /home/airflow/.local/lib/python3.8/site-packages/airflow/example_dags/example_short_circuit_decorator.py
[2026-08-18T12:39:55.381+0000] {logging_mixin.py:188} INFO - [2026-08-18T12:39:55.380+0000] {dag.py:3036} INFO - Sync 1 DAGs
[2026-08-18T12:39:55.418+0000] {logging_mixin.py:188} INFO - [2026-08-18T12:39:55.417+0000] {dag.py:3823} INFO - Setting next_dagrun for example_short_circuit_decorator to 2026-08-17 00:00:00+00:00, run_after=2026-08-18 00:00:00+00:00
[2026-08-18T12:39:55.460+0000] {processor.py:183} INFO - Processing /home/airflow/.local/lib/python3.8/site-packages/airflow/example_dags/example_short_circuit_decorator.py took 0.150 seconds
[2026-08-18T12:40:26.461+0000] {processor.py:161} INFO - Started process (PID=3749) to work on /home/airflow/.local/lib/python3.8/site-packages/airflow/example_dags/example_short_circuit_decorator.py
[2026-08-18T12:40:26.462+0000] {processor.py:830} INFO - Processing file /home/airflow/.local/lib/python3.8/site-packages/airflow/example_dags/example_short_circuit_decorator.py for tasks to queue
[2026-08-18T12:40:26.464+0000] {logging_mixin.py:188} INFO - [2026-08-18T12:40:26.464+0000] {dagbag.py:538} INFO - Filling up the DagBag from /home/airflow/.local/lib/python3.8/site-packages/airflow/example_dags/example_short_circuit_decorator.py
[2026-08-18T12:40:26.473+0000] {processor.py:840} INFO - DAG(s) 'example_short_circuit_decorator' retrieved from /home/airflow/.local/lib/python3.8/site-packages/airflow/example_dags/example_short_circuit_decorator.py
[2026-08-18T12:40:26.501+0000] {logging_mixin.py:188} INFO - [2026-08-18T12:40:26.501+0000] {dag.py:3036} INFO - Sync 1 DAGs
[2026-08-18T12:40:26.525+0000] {logging_mixin.py:188} INFO - [2026-08-18T12:40:26.524+0000] {dag.py:3823} INFO - Setting next_dagrun for example_short_circuit_decorator to 2026-08-17 00:00:00+00:00, run_after=2026-08-18 00:00:00+00:00
[2026-08-18T12:40:26.549+0000] {processor.py:183} INFO - Processing /home/airflow/.local/lib/python3.8/site-packages/airflow/example_dags/example_short_circuit_decorator.py took 0.092 seconds
[2026-08-18T12:40:57.910+0000] {processor.py:161} INFO - Started process (PID=3830) to work on /home/airflow/.local/lib/python3.8/site-packages/airflow/example_dags/example_short_circuit_decorator.py
[2026-08-18T12:40:57.912+0000] {processor.py:830} INFO - Processing file /home/airflow/.local/lib/python3.8/site-packages/airflow/example_dags/example_short_circuit_decorator.py for tasks to queue
[2026-08-18T12:40:57.914+0000] {logging_mixin.py:188} INFO - [2026-08-18T12:40:57.913+0000] {dagbag.py:538} INFO - Filling up the DagBag from /home/airflow/.local/lib/python3.8/site-packages/airflow/example_dags/example_short_circuit_decorator.py
[2026-08-18T12:40:57.924+0000] {processor.py:840} INFO - DAG(s) 'example_short_circuit_decorator' retrieved from /home/airflow/.local/lib/python3.8/site-packages/airflow/example_dags/example_short_circuit_decorator.py
[2026-08-18T12:40:57.948+0000] {logging_mixin.py:188} INFO - [2026-08-18T12:40:57.948+0000] {dag.py:3036} INFO - Sync 1 DAGs
[2026-08-18T12:40:57.972+0000] {logging_mixin.py:188} INFO - [2026-08-18T12:40:57.972+0000] {dag.py:3823} INFO - Setting next_dagrun for example_short_circuit_decorator to 2026-08-17 00:00:00+00:00, run_after=2026-08-18 00:00:00+00:00
[2026-08-18T12:40:58.001+0000] {processor.py:183} INFO - Processing /home/airflow/.local/lib/python3.8/site-packages/airflow/example_dags/example_short_circuit_decorator.py took 0.096 seconds
[2026-08-18T12:41:28.902+0000] {processor.py:161} INFO - Started process (PID=3911) to work on /home/airflow/.local/lib/python3.8/site-packages/airflow/example_dags/example_short_circuit_decorator.py
[2026-08-18T12:41:28.904+0000] {processor.py:830} INFO - Processing file /home/airflow/.local/lib/python3.8/site-packages/airflow/example_dags/example_short_circuit_decorator.py for tasks to queue
[2026-08-18T12:41:28.906+0000] {logging_mixin.py:188} INFO - [2026-08-18T12:41:28.905+0000] {dagbag.py:538} INFO - Filling up the DagBag from /home/airflow/.local/lib/python3.8/site-packages/airflow/example_dags/example_short_circuit_decorator.py
[2026-08-18T12:41:28.917+0000] {processor.py:840} INFO - DAG(s) 'example_short_circuit_decorator' retrieved from /home/airflow/.local/lib/python3.8/site-packages/airflow/example_dags/example_short_circuit_decorator.py
[2026-08-18T12:41:28.942+0000] {logging_mixin.py:188} INFO - [2026-08-18T12:41:28.942+0000] {dag.py:3036} INFO - Sync 1 DAGs
[2026-08-18T12:41:28.981+0000] {logging_mixin.py:188} INFO - [2026-08-18T12:41:28.980+0000] {dag.py:3823} INFO - Setting next_dagrun for example_short_circuit_decorator to 2026-08-17 00:00:00+00:00, run_after=2026-08-18 00:00:00+00:00
[2026-08-18T12:41:29.019+0000] {processor.py:183} INFO - Processing /home/airflow/.local/lib/python3.8/site-packages/airflow/example_dags/example_short_circuit_decorator.py took 0.121 seconds
[2026-08-18T12:41:59.825+0000] {processor.py:161} INFO - Started process (PID=3992) to work on /home/airflow/.local/lib/python3.8/site-packages/airflow/example_dags/example_short_circuit_decorator.py
[2026-08-18T12:41:59.826+0000] {processor.py:830} INFO - Processing file /home/airflow/.local/lib/python3.8/site-packages/airflow/example_dags/example_short_circuit_decorator.py for tasks to queue
[2026-08-18T12:41:59.828+0000] {logging_mixin.py:188} INFO - [2026-08-18T12:41:59.828+0000] {dagbag.py:538} INFO - Filling up the DagBag from /home/airflow/.local/lib/python3.8/site-packages/airflow/example_dags/example_short_circuit_decorator.py
[2026-08-18T12:41:59.837+0000] {processor.py:840} INFO - DAG(s) 'example_short_circuit_decorator' retrieved from /home/airflow/.local/lib/python3.8/site-packages/airflow/example_dags/example_short_circuit_decorator.py
[2026-08-18T12:41:59.862+0000] {logging_mixin.py:188} INFO - [2026-08-18T12:41:59.862+0000] {dag.py:3036} INFO - Sync 1 DAGs
[2026-08-18T12:41:59.885+0000] {logging_mixin.py:188} INFO - [2026-08-18T12:41:59.885+0000] {dag.py:3823} INFO - Setting next_dagrun for example_short_circuit_decorator to 2026-08-17 00:00:00+00:00, run_after=2026-08-18 00:00:00+00:00
[2026-08-18T12:41:59.909+0000] {processor.py:183} INFO - Processing /home/airflow/.local/lib/python3.8/site-packages/airflow/example_dags/example_short_circuit_decorator.py took 0.088 seconds
[2026-08-18T12:42:30.432+0000] {processor.py:161} INFO - Started process (PID=4073) to work on /home/airflow/.local/lib/python3.8/site-packages/airflow/example_dags/example_short_circuit_decorator.py
[2026-08-18T12:42:30.433+0000] {processor.py:830} INFO - Processing file /home/airflow/.local/lib/python3.8/site-packages/airflow/example_dags/example_short_circuit_decorator.py for tasks to queue
[2026-08-18T12:42:30.436+0000] {logging_mixin.py:188} INFO - [2026-08-18T12:42:30.435+0000] {dagbag.py:538} INFO - Filling up the DagBag from /home/airflow/.local/lib/python3.8/site-packages/airflow/example_dags/example_short_circuit_decorator.py
[2026-08-18T12:42:30.445+0000] {processor.py:840} INFO - DAG(s) 'example_short_circuit_decorator' retrieved from /home/airflow/.local/lib/python3.8/site-packages/airflow/example_dags/example_short_circuit_decorator.py
[2026-08-18T12:42:30.476+0000] {logging_mixin.py:188} INFO - [2026-08-18T12:42:30.475+0000] {dag.py:3036} INFO - Sync 1 DAGs
[2026-08-18T12:42:30.505+0000] {logging_mixin.py:188} INFO - [2026-08-18T12:42:30.504+0000] {dag.py:3823} INFO - Setting next_dagrun for example_short_circuit_decorator to 2026-08-17 00:00:00+00:00, run_after=2026-08-18 00:00:00+00:00
[2026-08-18T12:42:30.533+0000] {processor.py:183} INFO - Processing /home/airflow/.local/lib/python3.8/site-packages/airflow/example_dags/example_short_circuit_decorator.py took 0.104 seconds
[2026-08-18T12:43:01.467+0000] {processor.py:161} INFO - Started process (PID=4154) to work on /home/airflow/.local/lib/python3.8/site-packages/airflow/example_dags/example_short_circuit_decorator.py
[2026-08-18T12:43:01.468+0000] {processor.py:830} INFO - Processing file /home/airflow/.local/lib/python3.8/site-packages/airflow/example_dags/example_short_circuit_decorator.py for tasks to queue
[2026-08-18T12:43:01.470+0000] {logging_mixin.py:188} INFO - [2026-08-18T12:43:01.469+0000] {dagbag.py:538} INFO - Filling up the DagBag from /home/airflow/.local/lib/python3.8/site-packages/airflow/example_dags/example_short_circuit_decorator.py
[2026-08-18T12:43:01.479+0000] {processor.py:840} INFO - DAG(s) 'example_short_circuit_decorator' retrieved from /home/airflow/.local/lib/python3.8/site-packages/airflow/example_dags/example_short_circuit_decorator.py
[2026-08-18T12:43:01.505+0000] {logging_mixin.py:188} INFO - [2026-08-18T12:43:01.504+0000] {dag.py:3036} INFO - Sync 1 DAGs
[2026-08-18T12:43:01.527+0000] {logging_mixin.py:188} INFO - [2026-08-18T12:43:01.527+0000] {dag.py:3823} INFO - Setting next_dagrun for example_short_circuit_decorator to 2026-08-17 00:00:00+00:00, run_after=2026-08-18 00:00:00+00:00
[2026-08-18T12:43:01.547+0000] {processor.py:183} INFO - Processing /home/airflow/.local/lib/python3.8/site-packages/airflow/example_dags/example_short_circuit_decorator.py took 0.084 seconds
