[2026-08-18T12:18:19.710+0000] {processor.py:161} INFO - Started process (PID=130) to work on /home/airflow/.local/lib/python3.8/site-packages/airflow/example_dags/example_bash_operator.py
[2026-08-18T12:18:19.713+0000] {processor.py:830} INFO - Processing file /home/airflow/.local/lib/python3.8/site-packages/airflow/example_dags/example_bash_operator.py for tasks to queue
[2026-08-18T12:18:19.718+0000] {logging_mixin.py:188} INFO - [2026-08-18T12:18:19.717+0000] {dagbag.py:538} INFO - Filling up the DagBag from /home/airflow/.local/lib/python3.8/site-packages/airflow/example_dags/example_bash_operator.py
[2026-08-18T12:18:19.757+0000] {processor.py:840} INFO - DAG(s) 'example_bash_operator' retrieved from /home/airflow/.local/lib/python3.8/site-packages/airflow/example_dags/example_bash_operator.py
[2026-08-18T12:18:20.207+0000] {logging_mixin.py:188} INFO - [2026-08-18T12:18:20.206+0000] {dag.py:3036} INFO - Sync 1 DAGs
[2026-08-18T12:18:20.327+0000] {logging_mixin.py:188} INFO - [2026-08-18T12:18:20.319+0000] {dag.py:3823} INFO - Setting next_dagrun for example_bash_operator to 2026-08-17 00:00:00+00:00, run_after=2026-08-18 00:00:00+00:00
[2026-08-18T12:18:20.414+0000] {processor.py:183} INFO - Processing /home/airflow/.local/lib/python3.8/site-packages/airflow/example_dags/example_bash_operator.py took 0.710 seconds
[2026-08-18T12:18:50.482+0000] {processor.py:161} INFO - Started process (PID=244) to work on /home/airflow/.local/lib/python3.8/site-packages/airflow/example_dags/example_bash_operator.py
[2026-08-18T12:18:50.483+0000] {processor.py:830} INFO - Processing file /home/airflow/.local/lib/python3.8/site-packages/airflow/example_dags/example_bash_operator.py for tasks to queue
[2026-08-18T12:18:50.486+0000] {logging_mixin.py:188} INFO - [2026-08-18T12:18:50.485+0000] {dagbag.py:538} INFO - Filling up the DagBag from /home/airflow/.local/lib/python3.8/site-packages/airflow/example_dags/example_bash_operator.py
[2026-08-18T12:18:50.497+0000] {processor.py:840} INFO - DAG(s) 'example_bash_operator' retrieved from /home/airflow/.local/lib/python3.8/site-packages/airflow/example_dags/example_bash_operator.py
[2026-08-18T12:18:50.524+0000] {logging_mixin.py:188} INFO - [2026-08-18T12:18:50.524+0000] {dag.py:3036} INFO - Sync 1 DAGs
[2026-08-18T12:18:50.544+0000] {logging_mixin.py:188} INFO - [2026-08-18T12:18:50.544+0000] {dag.py:3823} INFO - Setting next_dagrun for example_bash_operator to 2026-08-17 00:00:00+00:00, run_after=2026-08-18 00:00:00+00:00
[2026-08-18T12:18:50.561+0000] {processor.py:183} INFO - Processing /home/airflow/.local/lib/python3.8/site-packages/airflow/example_dags/example_bash_operator.py took 0.083 seconds
[2026-08-18T12:19:20.983+0000] {processor.py:161} INFO - Started process (PID=324) to work on /home/airflow/.local/lib/python3.8/site-packages/airflow/example_dags/example_bash_operator.py
[2026-08-18T12:19:20.989+0000] {processor.py:830} INFO - Processing file /home/airflow/.local/lib/python3.8/site-packages/airflow/example_dags/example_bash_operator.py for tasks to queue
[2026-08-18T12:19:21.003+0000] {logging_mixin.py:188} INFO - [2026-08-18T12:19:21.001+0000] {dagbag.py:538} INFO - Filling up the DagBag from /home/airflow/.local/lib/python3.8/site-packages/airflow/example_dags/example_bash_operator.py
[2026-08-18T12:19:21.035+0000] {processor.py:840} INFO - DAG(s) 'example_bash_operator' retrieved from /home/airflow/.local/lib/python3.8/site-packages/airflow/example_dags/example_bash_operator.py
[2026-08-18T12:19:21.086+0000] {logging_mixin.py:188} INFO - [2026-08-18T12:19:21.085+0000] {dag.py:3036} INFO - Sync 1 DAGs
[2026-08-18T12:19:21.156+0000] {logging_mixin.py:188} INFO - [2026-08-18T12:19:21.155+0000] {dag.py:3823} INFO - Setting next_dagrun for example_bash_operator to 2026-08-17 00:00:00+00:00, run_after=2026-08-18 00:00:00+00:00
[2026-08-18T12:19:21.204+0000] {processor.py:183} INFO - Processing /home/airflow/.local/lib/python3.8/site-packages/airflow/example_dags/example_bash_operator.py took 0.232 seconds
[2026-08-18T12:19:51.582+0000] {processor.py:161} INFO - Started process (PID=403) to work on /home/airflow/.local/lib/python3.8/site-packages/airflow/example_dags/example_bash_operator.py
[2026-08-18T12:19:51.584+0000] {processor.py:830} INFO - Processing file /home/airflow/.local/lib/python3.8/site-packages/airflow/example_dags/example_bash_operator.py for tasks to queue
[2026-08-18T12:19:51.586+0000] {logging_mixin.py:188} INFO - [2026-08-18T12:19:51.585+0000] {dagbag.py:538} INFO - Filling up the DagBag from /home/airflow/.local/lib/python3.8/site-packages/airflow/example_dags/example_bash_operator.py
[2026-08-18T12:19:51.597+0000] {processor.py:840} INFO - DAG(s) 'example_bash_operator' retrieved from /home/airflow/.local/lib/python3.8/site-packages/airflow/example_dags/example_bash_operator.py
[2026-08-18T12:19:51.695+0000] {logging_mixin.py:188} INFO - [2026-08-18T12:19:51.694+0000] {dag.py:3036} INFO - Sync 1 DAGs
[2026-08-18T12:19:51.714+0000] {logging_mixin.py:188} INFO - [2026-08-18T12:19:51.713+0000] {dag.py:3823} INFO - Setting next_dagrun for example_bash_operator to 2026-08-17 00:00:00+00:00, run_after=2026-08-18 00:00:00+00:00
[2026-08-18T12:19:51.732+0000] {processor.py:183} INFO - Processing /home/airflow/.local/lib/python3.8/site-packages/airflow/example_dags/example_bash_operator.py took 0.154 seconds
[2026-08-18T12:20:22.162+0000] {processor.py:161} INFO - Started process (PID=482) to work on /home/airflow/.local/lib/python3.8/site-packages/airflow/example_dags/example_bash_operator.py
[2026-08-18T12:20:22.163+0000] {processor.py:830} INFO - Processing file /home/airflow/.local/lib/python3.8/site-packages/airflow/example_dags/example_bash_operator.py for tasks to queue
[2026-08-18T12:20:22.166+0000] {logging_mixin.py:188} INFO - [2026-08-18T12:20:22.165+0000] {dagbag.py:538} INFO - Filling up the DagBag from /home/airflow/.local/lib/python3.8/site-packages/airflow/example_dags/example_bash_operator.py
[2026-08-18T12:20:22.178+0000] {processor.py:840} INFO - DAG(s) 'example_bash_operator' retrieved from /home/airflow/.local/lib/python3.8/site-packages/airflow/example_dags/example_bash_operator.py
[2026-08-18T12:20:22.211+0000] {logging_mixin.py:188} INFO - [2026-08-18T12:20:22.210+0000] {dag.py:3036} INFO - Sync 1 DAGs
[2026-08-18T12:20:22.235+0000] {logging_mixin.py:188} INFO - [2026-08-18T12:20:22.235+0000] {dag.py:3823} INFO - Setting next_dagrun for example_bash_operator to 2026-08-17 00:00:00+00:00, run_after=2026-08-18 00:00:00+00:00
[2026-08-18T12:20:22.263+0000] {processor.py:183} INFO - Processing /home/airflow/.local/lib/python3.8/site-packages/airflow/example_dags/example_bash_operator.py took 0.106 seconds
[2026-08-18T12:20:53.009+0000] {processor.py:161} INFO - Started process (PID=565) to work on /home/airflow/.local/lib/python3.8/site-packages/airflow/example_dags/example_bash_operator.py
[2026-08-18T12:20:53.011+0000] {processor.py:830} INFO - Processing file /home/airflow/.local/lib/python3.8/site-packages/airflow/example_dags/example_bash_operator.py for tasks to queue
[2026-08-18T12:20:53.013+0000] {logging_mixin.py:188} INFO - [2026-08-18T12:20:53.013+0000] {dagbag.py:538} INFO - Filling up the DagBag from /home/airflow/.local/lib/python3.8/site-packages/airflow/example_dags/example_bash_operator.py
[2026-08-18T12:20:53.027+0000] {processor.py:840} INFO - DAG(s) 'example_bash_operator' retrieved from /home/airflow/.local/lib/python3.8/site-packages/airflow/example_dags/example_bash_operator.py
[2026-08-18T12:20:53.064+0000] {logging_mixin.py:188} INFO - [2026-08-18T12:20:53.063+0000] {dag.py:3036} INFO - Sync 1 DAGs
[2026-08-18T12:20:53.092+0000] {logging_mixin.py:188} INFO - [2026-08-18T12:20:53.092+0000] {dag.py:3823} INFO - Setting next_dagrun for example_bash_operator to 2026-08-17 00:00:00+00:00, run_after=2026-08-18 00:00:00+00:00
[2026-08-18T12:20:53.115+0000] {processor.py:183} INFO - Processing /home/airflow/.local/lib/python3.8/site-packages/airflow/example_dags/example_bash_operator.py took 0.109 seconds
[2026-08-18T12:21:23.644+0000] {processor.py:161} INFO - Started process (PID=644) to work on /home/airflow/.local/lib/python3.8/site-packages/airflow/example_dags/example_bash_operator.py
[2026-08-18T12:21:23.646+0000] {processor.py:830} INFO - Processing file /home/airflow/.local/lib/python3.8/site-packages/airflow/example_dags/example_bash_operator.py for tasks to queue
[2026-08-18T12:21:23.648+0000] {logging_mixin.py:188} INFO - [2026-08-18T12:21:23.647+0000] {dagbag.py:538} INFO - Filling up the DagBag from /home/airflow/.local/lib/python3.8/site-packages/airflow/example_dags/example_bash_operator.py
[2026-08-18T12:21:23.660+0000] {processor.py:840} INFO - DAG(s) 'example_bash_operator' retrieved from /home/airflow/.local/lib/python3.8/site-packages/airflow/example_dags/example_bash_operator.py
[2026-08-18T12:21:23.692+0000] {logging_mixin.py:188} INFO - [2026-08-18T12:21:23.691+0000] {dag.py:3036} INFO - Sync 1 DAGs
[2026-08-18T12:21:23.720+0000] {logging_mixin.py:188} INFO - [2026-08-18T12:21:23.719+0000] {dag.py:3823} INFO - Setting next_dagrun for example_bash_operator to 2026-08-17 00:00:00+00:00, run_after=2026-08-18 00:00:00+00:00
[2026-08-18T12:21:23.745+0000] {processor.py:183} INFO - Processing /home/airflow/.local/lib/python3.8/site-packages/airflow/example_dags/example_bash_operator.py took 0.105 seconds
[2026-08-18T12:21:54.557+0000] {processor.py:161} INFO - Started process (PID=723) to work on /home/airflow/.local/lib/python3.8/site-packages/airflow/example_dags/example_bash_operator.py
[2026-08-18T12:21:54.559+0000] {processor.py:830} INFO - Processing file /home/airflow/.local/lib/python3.8/site-packages/airflow/example_dags/example_bash_operator.py for tasks to queue
[2026-08-18T12:21:54.561+0000] {logging_mixin.py:188} INFO - [2026-08-18T12:21:54.561+0000] {dagbag.py:538} INFO - Filling up the DagBag from /home/airflow/.local/lib/python3.8/site-packages/airflow/example_dags/example_bash_operator.py
[2026-08-18T12:21:54.573+0000] {processor.py:840} INFO - DAG(s) 'example_bash_operator' retrieved from /home/airflow/.local/lib/python3.8/site-packages/airflow/example_dags/example_bash_operator.py
[2026-08-18T12:21:54.607+0000] {logging_mixin.py:188} INFO - [2026-08-18T12:21:54.607+0000] {dag.py:3036} INFO - Sync 1 DAGs
[2026-08-18T12:21:54.630+0000] {logging_mixin.py:188} INFO - [2026-08-18T12:21:54.630+0000] {dag.py:3823} INFO - Setting next_dagrun for example_bash_operator to 2026-08-17 00:00:00+00:00, run_after=2026-08-18 00:00:00+00:00
[2026-08-18T12:21:54.652+0000] {processor.py:183} INFO - Processing /home/airflow/.local/lib/python3.8/site-packages/airflow/example_dags/example_bash_operator.py took 0.098 seconds
[2026-08-18T12:22:25.221+0000] {processor.py:161} INFO - Started process (PID=802) to work on /home/airflow/.local/lib/python3.8/site-packages/airflow/example_dags/example_bash_operator.py
[2026-08-18T12:22:25.222+0000] {processor.py:830} INFO - Processing file /home/airflow/.local/lib/python3.8/site-packages/airflow/example_dags/example_bash_operator.py for tasks to queue
[2026-08-18T12:22:25.224+0000] {logging_mixin.py:188} INFO - [2026-08-18T12:22:25.224+0000] {dagbag.py:538} INFO - Filling up the DagBag from /home/airflow/.local/lib/python3.8/site-packages/airflow/example_dags/example_bash_operator.py
[2026-08-18T12:22:25.238+0000] {processor.py:840} INFO - DAG(s) 'example_bash_operator' retrieved from /home/airflow/.local/lib/python3.8/site-packages/airflow/example_dags/example_bash_operator.py
[2026-08-18T12:22:25.279+0000] {logging_mixin.py:188} INFO - [2026-08-18T12:22:25.278+0000] {dag.py:3036} INFO - Sync 1 DAGs
[2026-08-18T12:22:25.321+0000] {logging_mixin.py:188} INFO - [2026-08-18T12:22:25.321+0000] {dag.py:3823} INFO - Setting next_dagrun for example_bash_operator to 2026-08-17 00:00:00+00:00, run_after=2026-08-18 00:00:00+00:00
[2026-08-18T12:22:25.350+0000] {processor.py:183} INFO - Processing /home/airflow/.local/lib/python3.8/site-packages/airflow/example_dags/example_bash_operator.py took 0.135 seconds
[2026-08-18T12:22:56.502+0000] {processor.py:161} INFO - Started process (PID=883) to work on /home/airflow/.local/lib/python3.8/site-packages/airflow/example_dags/example_bash_operator.py
[2026-08-18T12:22:56.503+0000] {processor.py:830} INFO - Processing file /home/airflow/.local/lib/python3.8/site-packages/airflow/example_dags/example_bash_operator.py for tasks to queue
[2026-08-18T12:22:56.505+0000] {logging_mixin.py:188} INFO - [2026-08-18T12:22:56.505+0000] {dagbag.py:538} INFO - Filling up the DagBag from /home/airflow/.local/lib/python3.8/site-packages/airflow/example_dags/example_bash_operator.py
[2026-08-18T12:22:56.517+0000] {processor.py:840} INFO - DAG(s) 'example_bash_operator' retrieved from /home/airflow/.local/lib/python3.8/site-packages/airflow/example_dags/example_bash_operator.py
[2026-08-18T12:22:56.544+0000] {logging_mixin.py:188} INFO - [2026-08-18T12:22:56.543+0000] {dag.py:3036} INFO - Sync 1 DAGs
[2026-08-18T12:22:56.566+0000] {logging_mixin.py:188} INFO - [2026-08-18T12:22:56.566+0000] {dag.py:3823} INFO - Setting next_dagrun for example_bash_operator to 2026-08-17 00:00:00+00:00, run_after=2026-08-18 00:00:00+00:00
[2026-08-18T12:22:56.586+0000] {processor.py:183} INFO - Processing /home/airflow/.local/lib/python3.8/site-packages/airflow/example_dags/example_bash_operator.py took 0.087 seconds
[2026-08-18T12:23:27.436+0000] {processor.py:161} INFO - Started process (PID=964) to work on /home/airflow/.local/lib/python3.8/site-packages/airflow/example_dags/example_bash_operator.py
[2026-08-18T12:23:27.437+0000] {processor.py:830} INFO - Processing file /home/airflow/.local/lib/python3.8/site-packages/airflow/example_dags/example_bash_operator.py for tasks to queue
[2026-08-18T12:23:27.439+0000] {logging_mixin.py:188} INFO - [2026-08-18T12:23:27.439+0000] {dagbag.py:538} INFO - Filling up the DagBag from /home/airflow/.local/lib/python3.8/site-packages/airflow/example_dags/example_bash_operator.py
[2026-08-18T12:23:27.450+0000] {processor.py:840} INFO - DAG(s) 'example_bash_operator' retrieved from /home/airflow/.local/lib/python3.8/site-packages/airflow/example_dags/example_bash_operator.py
[2026-08-18T12:23:27.469+0000] {logging_mixin.py:188} INFO - [2026-08-18T12:23:27.469+0000] {dag.py:3036} INFO - Sync 1 DAGs
[2026-08-18T12:23:27.498+0000] {logging_mixin.py:188} INFO - [2026-08-18T12:23:27.497+0000] {dag.py:3823} INFO - Setting next_dagrun for example_bash_operator to 2026-08-17 00:00:00+00:00, run_after=2026-08-18 00:00:00+00:00
[2026-08-18T12:23:27.519+0000] {processor.py:183} INFO - Processing /home/airflow/.local/lib/python3.8/site-packages/airflow/example_dags/example_bash_operator.py took 0.087 seconds
[2026-08-18T12:23:58.705+0000] {processor.py:161} INFO - Started process (PID=1045) to work on /home/airflow/.local/lib/python3.8/site-packages/airflow/example_dags/example_bash_operator.py
[2026-08-18T12:23:58.707+0000] {processor.py:830} INFO - Processing file /home/airflow/.local/lib/python3.8/site-packages/airflow/example_dags/example_bash_operator.py for tasks to queue
[2026-08-18T12:23:58.710+0000] {logging_mixin.py:188} INFO - [2026-08-18T12:23:58.709+0000] {dagbag.py:538} INFO - Filling up the DagBag from /home/airflow/.local/lib/python3.8/site-packages/airflow/example_dags/example_bash_operator.py
[2026-08-18T12:23:58.723+0000] {processor.py:840} INFO - DAG(s) 'example_bash_operator' retrieved from /home/airflow/.local/lib/python3.8/site-packages/airflow/example_dags/example_bash_operator.py
[2026-08-18T12:23:58.859+0000] {logging_mixin.py:188} INFO - [2026-08-18T12:23:58.859+0000] {dag.py:3036} INFO - Sync 1 DAGs
[2026-08-18T12:23:58.881+0000] {logging_mixin.py:188} INFO - [2026-08-18T12:23:58.880+0000] {dag.py:3823} INFO - Setting next_dagrun for example_bash_operator to 2026-08-17 00:00:00+00:00, run_after=2026-08-18 00:00:00+00:00
[2026-08-18T12:23:58.904+0000] {processor.py:183} INFO - Processing /home/airflow/.local/lib/python3.8/site-packages/airflow/example_dags/example_bash_operator.py took 0.203 seconds
[2026-08-18T12:24:29.634+0000] {processor.py:161} INFO - Started process (PID=1126) to work on /home/airflow/.local/lib/python3.8/site-packages/airflow/example_dags/example_bash_operator.py
[2026-08-18T12:24:29.635+0000] {processor.py:830} INFO - Processing file /home/airflow/.local/lib/python3.8/site-packages/airflow/example_dags/example_bash_operator.py for tasks to queue
[2026-08-18T12:24:29.638+0000] {logging_mixin.py:188} INFO - [2026-08-18T12:24:29.638+0000] {dagbag.py:538} INFO - Filling up the DagBag from /home/airflow/.local/lib/python3.8/site-packages/airflow/example_dags/example_bash_operator.py
[2026-08-18T12:24:29.652+0000] {processor.py:840} INFO - DAG(s) 'example_bash_operator' retrieved from /home/airflow/.local/lib/python3.8/site-packages/airflow/example_dags/example_bash_operator.py
[2026-08-18T12:24:29.685+0000] {logging_mixin.py:188} INFO - [2026-08-18T12:24:29.685+0000] {dag.py:3036} INFO - Sync 1 DAGs
[2026-08-18T12:24:29.717+0000] {logging_mixin.py:188} INFO - [2026-08-18T12:24:29.717+0000] {dag.py:3823} INFO - Setting next_dagrun for example_bash_operator to 2026-08-17 00:00:00+00:00, run_after=2026-08-18 00:00:00+00:00
[2026-08-18T12:24:29.746+0000] {processor.py:183} INFO - Processing /home/airflow/.local/lib/python3.8/site-packages/airflow/example_dags/example_bash_operator.py took 0.116 seconds
[2026-08-18T12:25:00.664+0000] {processor.py:161} INFO - Started process (PID=1207) to work on /home/airflow/.local/lib/python3.8/site-packages/airflow/example_dags/example_bash_operator.py
[2026-08-18T12:25:00.666+0000] {processor.py:830} INFO - Processing file /home/airflow/.local/lib/python3.8/site-packages/airflow/example_dags/example_bash_operator.py for tasks to queue
[2026-08-18T12:25:00.671+0000] {logging_mixin.py:188} INFO - [2026-08-18T12:25:00.670+0000] {dagbag.py:538} INFO - Filling up the DagBag from /home/airflow/.local/lib/python3.8/site-packages/airflow/example_dags/example_bash_operator.py
[2026-08-18T12:25:00.693+0000] {processor.py:840} INFO - DAG(s) 'example_bash_operator' retrieved from /home/airflow/.local/lib/python3.8/site-packages/airflow/example_dags/example_bash_operator.py
[2026-08-18T12:25:00.735+0000] {logging_mixin.py:188} INFO - [2026-08-18T12:25:00.734+0000] {dag.py:3036} INFO - Sync 1 DAGs
[2026-08-18T12:25:00.772+0000] {logging_mixin.py:188} INFO - [2026-08-18T12:25:00.772+0000] {dag.py:3823} INFO - Setting next_dagrun for example_bash_operator to 2026-08-17 00:00:00+00:00, run_after=2026-08-18 00:00:00+00:00
[2026-08-18T12:25:00.803+0000] {processor.py:183} INFO - Processing /home/airflow/.local/lib/python3.8/site-packages/airflow/example_dags/example_bash_operator.py took 0.145 seconds
[2026-08-18T12:25:30.858+0000] {processor.py:161} INFO - Started process (PID=1287) to work on /home/airflow/.local/lib/python3.8/site-packages/airflow/example_dags/example_bash_operator.py
[2026-08-18T12:25:30.859+0000] {processor.py:830} INFO - Processing file /home/airflow/.local/lib/python3.8/site-packages/airflow/example_dags/example_bash_operator.py for tasks to queue
[2026-08-18T12:25:30.861+0000] {logging_mixin.py:188} INFO - [2026-08-18T12:25:30.860+0000] {dagbag.py:538} INFO - Filling up the DagBag from /home/airflow/.local/lib/python3.8/site-packages/airflow/example_dags/example_bash_operator.py
[2026-08-18T12:25:30.871+0000] {processor.py:840} INFO - DAG(s) 'example_bash_operator' retrieved from /home/airflow/.local/lib/python3.8/site-packages/airflow/example_dags/example_bash_operator.py
[2026-08-18T12:25:30.896+0000] {logging_mixin.py:188} INFO - [2026-08-18T12:25:30.895+0000] {dag.py:3036} INFO - Sync 1 DAGs
[2026-08-18T12:25:30.915+0000] {logging_mixin.py:188} INFO - [2026-08-18T12:25:30.914+0000] {dag.py:3823} INFO - Setting next_dagrun for example_bash_operator to 2026-08-17 00:00:00+00:00, run_after=2026-08-18 00:00:00+00:00
[2026-08-18T12:25:30.931+0000] {processor.py:183} INFO - Processing /home/airflow/.local/lib/python3.8/site-packages/airflow/example_dags/example_bash_operator.py took 0.077 seconds
[2026-08-18T12:26:01.696+0000] {processor.py:161} INFO - Started process (PID=1388) to work on /home/airflow/.local/lib/python3.8/site-packages/airflow/example_dags/example_bash_operator.py
[2026-08-18T12:26:01.697+0000] {processor.py:830} INFO - Processing file /home/airflow/.local/lib/python3.8/site-packages/airflow/example_dags/example_bash_operator.py for tasks to queue
[2026-08-18T12:26:01.700+0000] {logging_mixin.py:188} INFO - [2026-08-18T12:26:01.699+0000] {dagbag.py:538} INFO - Filling up the DagBag from /home/airflow/.local/lib/python3.8/site-packages/airflow/example_dags/example_bash_operator.py
[2026-08-18T12:26:01.712+0000] {processor.py:840} INFO - DAG(s) 'example_bash_operator' retrieved from /home/airflow/.local/lib/python3.8/site-packages/airflow/example_dags/example_bash_operator.py
[2026-08-18T12:26:01.740+0000] {logging_mixin.py:188} INFO - [2026-08-18T12:26:01.739+0000] {dag.py:3036} INFO - Sync 1 DAGs
[2026-08-18T12:26:01.762+0000] {logging_mixin.py:188} INFO - [2026-08-18T12:26:01.762+0000] {dag.py:3823} INFO - Setting next_dagrun for example_bash_operator to 2026-08-17 00:00:00+00:00, run_after=2026-08-18 00:00:00+00:00
[2026-08-18T12:26:01.782+0000] {processor.py:183} INFO - Processing /home/airflow/.local/lib/python3.8/site-packages/airflow/example_dags/example_bash_operator.py took 0.090 seconds
[2026-08-18T12:26:32.296+0000] {processor.py:161} INFO - Started process (PID=1470) to work on /home/airflow/.local/lib/python3.8/site-packages/airflow/example_dags/example_bash_operator.py
[2026-08-18T12:26:32.297+0000] {processor.py:830} INFO - Processing file /home/airflow/.local/lib/python3.8/site-packages/airflow/example_dags/example_bash_operator.py for tasks to queue
[2026-08-18T12:26:32.299+0000] {logging_mixin.py:188} INFO - [2026-08-18T12:26:32.299+0000] {dagbag.py:538} INFO - Filling up the DagBag from /home/airflow/.local/lib/python3.8/site-packages/airflow/example_dags/example_bash_operator.py
[2026-08-18T12:26:32.311+0000] {processor.py:840} INFO - DAG(s) 'example_bash_operator' retrieved from /home/airflow/.local/lib/python3.8/site-packages/airflow/example_dags/example_bash_operator.py
[2026-08-18T12:26:32.342+0000] {logging_mixin.py:188} INFO - [2026-08-18T12:26:32.342+0000] {dag.py:3036} INFO - Sync 1 DAGs
[2026-08-18T12:26:32.374+0000] {logging_mixin.py:188} INFO - [2026-08-18T12:26:32.374+0000] {dag.py:3823} INFO - Setting next_dagrun for example_bash_operator to 2026-08-17 00:00:00+00:00, run_after=2026-08-18 00:00:00+00:00
[2026-08-18T12:26:32.400+0000] {processor.py:183} INFO - Processing /home/airflow/.local/lib/python3.8/site-packages/airflow/example_dags/example_bash_operator.py took 0.107 seconds
[2026-08-18T12:27:02.725+0000] {processor.py:161} INFO - Started process (PID=1561) to work on /home/airflow/.local/lib/python3.8/site-packages/airflow/example_dags/example_bash_operator.py
[2026-08-18T12:27:02.726+0000] {processor.py:830} INFO - Processing file /home/airflow/.local/lib/python3.8/site-packages/airflow/example_dags/example_bash_operator.py for tasks to queue
[2026-08-18T12:27:02.728+0000] {logging_mixin.py:188} INFO - [2026-08-18T12:27:02.728+0000] {dagbag.py:538} INFO - Filling up the DagBag from /home/airflow/.local/lib/python3.8/site-packages/airflow/example_dags/example_bash_operator.py
[2026-08-18T12:27:02.740+0000] {processor.py:840} INFO - DAG(s) 'example_bash_operator' retrieved from /home/airflow/.local/lib/python3.8/site-packages/airflow/example_dags/example_bash_operator.py
[2026-08-18T12:27:02.894+0000] {logging_mixin.py:188} INFO - [2026-08-18T12:27:02.893+0000] {dag.py:3036} INFO - Sync 1 DAGs
[2026-08-18T12:27:02.911+0000] {logging_mixin.py:188} INFO - [2026-08-18T12:27:02.911+0000] {dag.py:3823} INFO - Setting next_dagrun for example_bash_operator to 2026-08-17 00:00:00+00:00, run_after=2026-08-18 00:00:00+00:00
[2026-08-18T12:27:02.927+0000] {processor.py:183} INFO - Processing /home/airflow/.local/lib/python3.8/site-packages/airflow/example_dags/example_bash_operator.py took 0.206 seconds
[2026-08-18T12:27:33.748+0000] {processor.py:161} INFO - Started process (PID=1642) to work on /home/airflow/.local/lib/python3.8/site-packages/airflow/example_dags/example_bash_operator.py
[2026-08-18T12:27:33.749+0000] {processor.py:830} INFO - Processing file /home/airflow/.local/lib/python3.8/site-packages/airflow/example_dags/example_bash_operator.py for tasks to queue
[2026-08-18T12:27:33.751+0000] {logging_mixin.py:188} INFO - [2026-08-18T12:27:33.751+0000] {dagbag.py:538} INFO - Filling up the DagBag from /home/airflow/.local/lib/python3.8/site-packages/airflow/example_dags/example_bash_operator.py
[2026-08-18T12:27:33.762+0000] {processor.py:840} INFO - DAG(s) 'example_bash_operator' retrieved from /home/airflow/.local/lib/python3.8/site-packages/airflow/example_dags/example_bash_operator.py
[2026-08-18T12:27:33.788+0000] {logging_mixin.py:188} INFO - [2026-08-18T12:27:33.788+0000] {dag.py:3036} INFO - Sync 1 DAGs
[2026-08-18T12:27:33.809+0000] {logging_mixin.py:188} INFO - [2026-08-18T12:27:33.809+0000] {dag.py:3823} INFO - Setting next_dagrun for example_bash_operator to 2026-08-17 00:00:00+00:00, run_after=2026-08-18 00:00:00+00:00
[2026-08-18T12:27:33.827+0000] {processor.py:183} INFO - Processing /home/airflow/.local/lib/python3.8/site-packages/airflow/example_dags/example_bash_operator.py took 0.083 seconds
[2026-08-18T12:28:04.151+0000] {processor.py:161} INFO - Started process (PID=1723) to work on /home/airflow/.local/lib/python3.8/site-packages/airflow/example_dags/example_bash_operator.py
[2026-08-18T12:28:04.153+0000] {processor.py:830} INFO - Processing file /home/airflow/.local/lib/python3.8/site-packages/airflow/example_dags/example_bash_operator.py for tasks to queue
[2026-08-18T12:28:04.155+0000] {logging_mixin.py:188} INFO - [2026-08-18T12:28:04.154+0000] {dagbag.py:538} INFO - Filling up the DagBag from /home/airflow/.local/lib/python3.8/site-packages/airflow/example_dags/example_bash_operator.py
[2026-08-18T12:28:04.172+0000] {processor.py:840} INFO - DAG(s) 'example_bash_operator' retrieved from /home/airflow/.local/lib/python3.8/site-packages/airflow/example_dags/example_bash_operator.py
[2026-08-18T12:28:04.202+0000] {logging_mixin.py:188} INFO - [2026-08-18T12:28:04.201+0000] {dag.py:3036} INFO - Sync 1 DAGs
[2026-08-18T12:28:04.224+0000] {logging_mixin.py:188} INFO - [2026-08-18T12:28:04.223+0000] {dag.py:3823} INFO - Setting next_dagrun for example_bash_operator to 2026-08-17 00:00:00+00:00, run_after=2026-08-18 00:00:00+00:00
[2026-08-18T12:28:04.242+0000] {processor.py:183} INFO - Processing /home/airflow/.local/lib/python3.8/site-packages/airflow/example_dags/example_bash_operator.py took 0.094 seconds
[2026-08-18T12:28:34.816+0000] {processor.py:161} INFO - Started process (PID=1809) to work on /home/airflow/.local/lib/python3.8/site-packages/airflow/example_dags/example_bash_operator.py
[2026-08-18T12:28:34.818+0000] {processor.py:830} INFO - Processing file /home/airflow/.local/lib/python3.8/site-packages/airflow/example_dags/example_bash_operator.py for tasks to queue
[2026-08-18T12:28:34.820+0000] {logging_mixin.py:188} INFO - [2026-08-18T12:28:34.819+0000] {dagbag.py:538} INFO - Filling up the DagBag from /home/airflow/.local/lib/python3.8/site-packages/airflow/example_dags/example_bash_operator.py
[2026-08-18T12:28:34.833+0000] {processor.py:840} INFO - DAG(s) 'example_bash_operator' retrieved from /home/airflow/.local/lib/python3.8/site-packages/airflow/example_dags/example_bash_operator.py
[2026-08-18T12:28:34.862+0000] {logging_mixin.py:188} INFO - [2026-08-18T12:28:34.862+0000] {dag.py:3036} INFO - Sync 1 DAGs
[2026-08-18T12:28:34.884+0000] {logging_mixin.py:188} INFO - [2026-08-18T12:28:34.883+0000] {dag.py:3823} INFO - Setting next_dagrun for example_bash_operator to 2026-08-17 00:00:00+00:00, run_after=2026-08-18 00:00:00+00:00
[2026-08-18T12:28:34.904+0000] {processor.py:183} INFO - Processing /home/airflow/.local/lib/python3.8/site-packages/airflow/example_dags/example_bash_operator.py took 0.091 seconds
[2026-08-18T12:29:05.458+0000] {processor.py:161} INFO - Started process (PID=1890) to work on /home/airflow/.local/lib/python3.8/site-packages/airflow/example_dags/example_bash_operator.py
[2026-08-18T12:29:05.460+0000] {processor.py:830} INFO - Processing file /home/airflow/.local/lib/python3.8/site-packages/airflow/example_dags/example_bash_operator.py for tasks to queue
[2026-08-18T12:29:05.462+0000] {logging_mixin.py:188} INFO - [2026-08-18T12:29:05.462+0000] {dagbag.py:538} INFO - Filling up the DagBag from /home/airflow/.local/lib/python3.8/site-packages/airflow/example_dags/example_bash_operator.py
[2026-08-18T12:29:05.475+0000] {processor.py:840} INFO - DAG(s) 'example_bash_operator' retrieved from /home/airflow/.local/lib/python3.8/site-packages/airflow/example_dags/example_bash_operator.py
[2026-08-18T12:29:05.507+0000] {logging_mixin.py:188} INFO - [2026-08-18T12:29:05.506+0000] {dag.py:3036} INFO - Sync 1 DAGs
[2026-08-18T12:29:05.530+0000] {logging_mixin.py:188} INFO - [2026-08-18T12:29:05.530+0000] {dag.py:3823} INFO - Setting next_dagrun for example_bash_operator to 2026-08-17 00:00:00+00:00, run_after=2026-08-18 00:00:00+00:00
[2026-08-18T12:29:05.555+0000] {processor.py:183} INFO - Processing /home/airflow/.local/lib/python3.8/site-packages/airflow/example_dags/example_bash_operator.py took 0.101 seconds
[2026-08-18T12:29:35.983+0000] {processor.py:161} INFO - Started process (PID=1971) to work on /home/airflow/.local/lib/python3.8/site-packages/airflow/example_dags/example_bash_operator.py
[2026-08-18T12:29:35.984+0000] {processor.py:830} INFO - Processing file /home/airflow/.local/lib/python3.8/site-packages/airflow/example_dags/example_bash_operator.py for tasks to queue
[2026-08-18T12:29:35.986+0000] {logging_mixin.py:188} INFO - [2026-08-18T12:29:35.986+0000] {dagbag.py:538} INFO - Filling up the DagBag from /home/airflow/.local/lib/python3.8/site-packages/airflow/example_dags/example_bash_operator.py
[2026-08-18T12:29:36.000+0000] {processor.py:840} INFO - DAG(s) 'example_bash_operator' retrieved from /home/airflow/.local/lib/python3.8/site-packages/airflow/example_dags/example_bash_operator.py
[2026-08-18T12:29:36.033+0000] {logging_mixin.py:188} INFO - [2026-08-18T12:29:36.033+0000] {dag.py:3036} INFO - Sync 1 DAGs
[2026-08-18T12:29:36.059+0000] {logging_mixin.py:188} INFO - [2026-08-18T12:29:36.059+0000] {dag.py:3823} INFO - Setting next_dagrun for example_bash_operator to 2026-08-17 00:00:00+00:00, run_after=2026-08-18 00:00:00+00:00
[2026-08-18T12:29:36.080+0000] {processor.py:183} INFO - Processing /home/airflow/.local/lib/python3.8/site-packages/airflow/example_dags/example_bash_operator.py took 0.101 seconds
[2026-08-18T12:30:06.767+0000] {processor.py:161} INFO - Started process (PID=2052) to work on /home/airflow/.local/lib/python3.8/site-packages/airflow/example_dags/example_bash_operator.py
[2026-08-18T12:30:06.768+0000] {processor.py:830} INFO - Processing file /home/airflow/.local/lib/python3.8/site-packages/airflow/example_dags/example_bash_operator.py for tasks to queue
[2026-08-18T12:30:06.770+0000] {logging_mixin.py:188} INFO - [2026-08-18T12:30:06.770+0000] {dagbag.py:538} INFO - Filling up the DagBag from /home/airflow/.local/lib/python3.8/site-packages/airflow/example_dags/example_bash_operator.py
[2026-08-18T12:30:06.781+0000] {processor.py:840} INFO - DAG(s) 'example_bash_operator' retrieved from /home/airflow/.local/lib/python3.8/site-packages/airflow/example_dags/example_bash_operator.py
[2026-08-18T12:30:06.806+0000] {logging_mixin.py:188} INFO - [2026-08-18T12:30:06.806+0000] {dag.py:3036} INFO - Sync 1 DAGs
[2026-08-18T12:30:06.826+0000] {logging_mixin.py:188} INFO - [2026-08-18T12:30:06.826+0000] {dag.py:3823} INFO - Setting next_dagrun for example_bash_operator to 2026-08-17 00:00:00+00:00, run_after=2026-08-18 00:00:00+00:00
[2026-08-18T12:30:06.843+0000] {processor.py:183} INFO - Processing /home/airflow/.local/lib/python3.8/site-packages/airflow/example_dags/example_bash_operator.py took 0.080 seconds
[2026-08-18T12:30:37.529+0000] {processor.py:161} INFO - Started process (PID=2133) to work on /home/airflow/.local/lib/python3.8/site-packages/airflow/example_dags/example_bash_operator.py
[2026-08-18T12:30:37.530+0000] {processor.py:830} INFO - Processing file /home/airflow/.local/lib/python3.8/site-packages/airflow/example_dags/example_bash_operator.py for tasks to queue
[2026-08-18T12:30:37.532+0000] {logging_mixin.py:188} INFO - [2026-08-18T12:30:37.532+0000] {dagbag.py:538} INFO - Filling up the DagBag from /home/airflow/.local/lib/python3.8/site-packages/airflow/example_dags/example_bash_operator.py
[2026-08-18T12:30:37.544+0000] {processor.py:840} INFO - DAG(s) 'example_bash_operator' retrieved from /home/airflow/.local/lib/python3.8/site-packages/airflow/example_dags/example_bash_operator.py
[2026-08-18T12:30:37.574+0000] {logging_mixin.py:188} INFO - [2026-08-18T12:30:37.574+0000] {dag.py:3036} INFO - Sync 1 DAGs
[2026-08-18T12:30:37.603+0000] {logging_mixin.py:188} INFO - [2026-08-18T12:30:37.602+0000] {dag.py:3823} INFO - Setting next_dagrun for example_bash_operator to 2026-08-17 00:00:00+00:00, run_after=2026-08-18 00:00:00+00:00
[2026-08-18T12:30:37.625+0000] {processor.py:183} INFO - Processing /home/airflow/.local/lib/python3.8/site-packages/airflow/example_dags/example_bash_operator.py took 0.100 seconds
[2026-08-18T12:31:08.272+0000] {processor.py:161} INFO - Started process (PID=2214) to work on /home/airflow/.local/lib/python3.8/site-packages/airflow/example_dags/example_bash_operator.py
[2026-08-18T12:31:08.274+0000] {processor.py:830} INFO - Processing file /home/airflow/.local/lib/python3.8/site-packages/airflow/example_dags/example_bash_operator.py for tasks to queue
[2026-08-18T12:31:08.277+0000] {logging_mixin.py:188} INFO - [2026-08-18T12:31:08.276+0000] {dagbag.py:538} INFO - Filling up the DagBag from /home/airflow/.local/lib/python3.8/site-packages/airflow/example_dags/example_bash_operator.py
[2026-08-18T12:31:08.288+0000] {processor.py:840} INFO - DAG(s) 'example_bash_operator' retrieved from /home/airflow/.local/lib/python3.8/site-packages/airflow/example_dags/example_bash_operator.py
[2026-08-18T12:31:08.318+0000] {logging_mixin.py:188} INFO - [2026-08-18T12:31:08.318+0000] {dag.py:3036} INFO - Sync 1 DAGs
[2026-08-18T12:31:08.344+0000] {logging_mixin.py:188} INFO - [2026-08-18T12:31:08.344+0000] {dag.py:3823} INFO - Setting next_dagrun for example_bash_operator to 2026-08-17 00:00:00+00:00, run_after=2026-08-18 00:00:00+00:00
[2026-08-18T12:31:08.365+0000] {processor.py:183} INFO - Processing /home/airflow/.local/lib/python3.8/site-packages/airflow/example_dags/example_bash_operator.py took 0.097 seconds
[2026-08-18T12:31:38.811+0000] {processor.py:161} INFO - Started process (PID=2295) to work on /home/airflow/.local/lib/python3.8/site-packages/airflow/example_dags/example_bash_operator.py
[2026-08-18T12:31:38.812+0000] {processor.py:830} INFO - Processing file /home/airflow/.local/lib/python3.8/site-packages/airflow/example_dags/example_bash_operator.py for tasks to queue
[2026-08-18T12:31:38.816+0000] {logging_mixin.py:188} INFO - [2026-08-18T12:31:38.815+0000] {dagbag.py:538} INFO - Filling up the DagBag from /home/airflow/.local/lib/python3.8/site-packages/airflow/example_dags/example_bash_operator.py
[2026-08-18T12:31:38.837+0000] {processor.py:840} INFO - DAG(s) 'example_bash_operator' retrieved from /home/airflow/.local/lib/python3.8/site-packages/airflow/example_dags/example_bash_operator.py
[2026-08-18T12:31:38.881+0000] {logging_mixin.py:188} INFO - [2026-08-18T12:31:38.880+0000] {dag.py:3036} INFO - Sync 1 DAGs
[2026-08-18T12:31:38.911+0000] {logging_mixin.py:188} INFO - [2026-08-18T12:31:38.910+0000] {dag.py:3823} INFO - Setting next_dagrun for example_bash_operator to 2026-08-17 00:00:00+00:00, run_after=2026-08-18 00:00:00+00:00
[2026-08-18T12:31:38.945+0000] {processor.py:183} INFO - Processing /home/airflow/.local/lib/python3.8/site-packages/airflow/example_dags/example_bash_operator.py took 0.138 seconds
[2026-08-18T12:32:09.016+0000] {processor.py:161} INFO - Started process (PID=2376) to work on /home/airflow/.local/lib/python3.8/site-packages/airflow/example_dags/example_bash_operator.py
[2026-08-18T12:32:09.018+0000] {processor.py:830} INFO - Processing file /home/airflow/.local/lib/python3.8/site-packages/airflow/example_dags/example_bash_operator.py for tasks to queue
[2026-08-18T12:32:09.020+0000] {logging_mixin.py:188} INFO - [2026-08-18T12:32:09.020+0000] {dagbag.py:538} INFO - Filling up the DagBag from /home/airflow/.local/lib/python3.8/site-packages/airflow/example_dags/example_bash_operator.py
[2026-08-18T12:32:09.041+0000] {processor.py:840} INFO - DAG(s) 'example_bash_operator' retrieved from /home/airflow/.local/lib/python3.8/site-packages/airflow/example_dags/example_bash_operator.py
[2026-08-18T12:32:09.085+0000] {logging_mixin.py:188} INFO - [2026-08-18T12:32:09.085+0000] {dag.py:3036} INFO - Sync 1 DAGs
[2026-08-18T12:32:09.124+0000] {logging_mixin.py:188} INFO - [2026-08-18T12:32:09.123+0000] {dag.py:3823} INFO - Setting next_dagrun for example_bash_operator to 2026-08-17 00:00:00+00:00, run_after=2026-08-18 00:00:00+00:00
[2026-08-18T12:32:09.149+0000] {processor.py:183} INFO - Processing /home/airflow/.local/lib/python3.8/site-packages/airflow/example_dags/example_bash_operator.py took 0.138 seconds
[2026-08-18T12:32:39.464+0000] {processor.py:161} INFO - Started process (PID=2459) to work on /home/airflow/.local/lib/python3.8/site-packages/airflow/example_dags/example_bash_operator.py
[2026-08-18T12:32:39.465+0000] {processor.py:830} INFO - Processing file /home/airflow/.local/lib/python3.8/site-packages/airflow/example_dags/example_bash_operator.py for tasks to queue
[2026-08-18T12:32:39.468+0000] {logging_mixin.py:188} INFO - [2026-08-18T12:32:39.468+0000] {dagbag.py:538} INFO - Filling up the DagBag from /home/airflow/.local/lib/python3.8/site-packages/airflow/example_dags/example_bash_operator.py
[2026-08-18T12:32:39.480+0000] {processor.py:840} INFO - DAG(s) 'example_bash_operator' retrieved from /home/airflow/.local/lib/python3.8/site-packages/airflow/example_dags/example_bash_operator.py
[2026-08-18T12:32:39.508+0000] {logging_mixin.py:188} INFO - [2026-08-18T12:32:39.508+0000] {dag.py:3036} INFO - Sync 1 DAGs
[2026-08-18T12:32:39.536+0000] {logging_mixin.py:188} INFO - [2026-08-18T12:32:39.536+0000] {dag.py:3823} INFO - Setting next_dagrun for example_bash_operator to 2026-08-17 00:00:00+00:00, run_after=2026-08-18 00:00:00+00:00
[2026-08-18T12:32:39.559+0000] {processor.py:183} INFO - Processing /home/airflow/.local/lib/python3.8/site-packages/airflow/example_dags/example_bash_operator.py took 0.099 seconds
[2026-08-18T12:33:09.797+0000] {processor.py:161} INFO - Started process (PID=2549) to work on /home/airflow/.local/lib/python3.8/site-packages/airflow/example_dags/example_bash_operator.py
[2026-08-18T12:33:09.798+0000] {processor.py:830} INFO - Processing file /home/airflow/.local/lib/python3.8/site-packages/airflow/example_dags/example_bash_operator.py for tasks to queue
[2026-08-18T12:33:09.800+0000] {logging_mixin.py:188} INFO - [2026-08-18T12:33:09.799+0000] {dagbag.py:538} INFO - Filling up the DagBag from /home/airflow/.local/lib/python3.8/site-packages/airflow/example_dags/example_bash_operator.py
[2026-08-18T12:33:09.813+0000] {processor.py:840} INFO - DAG(s) 'example_bash_operator' retrieved from /home/airflow/.local/lib/python3.8/site-packages/airflow/example_dags/example_bash_operator.py
[2026-08-18T12:33:09.844+0000] {logging_mixin.py:188} INFO - [2026-08-18T12:33:09.843+0000] {dag.py:3036} INFO - Sync 1 DAGs
[2026-08-18T12:33:09.867+0000] {logging_mixin.py:188} INFO - [2026-08-18T12:33:09.867+0000] {dag.py:3823} INFO - Setting next_dagrun for example_bash_operator to 2026-08-17 00:00:00+00:00, run_after=2026-08-18 00:00:00+00:00
[2026-08-18T12:33:09.888+0000] {processor.py:183} INFO - Processing /home/airflow/.local/lib/python3.8/site-packages/airflow/example_dags/example_bash_operator.py took 0.095 seconds
[2026-08-18T12:33:40.629+0000] {processor.py:161} INFO - Started process (PID=2640) to work on /home/airflow/.local/lib/python3.8/site-packages/airflow/example_dags/example_bash_operator.py
[2026-08-18T12:33:40.631+0000] {processor.py:830} INFO - Processing file /home/airflow/.local/lib/python3.8/site-packages/airflow/example_dags/example_bash_operator.py for tasks to queue
[2026-08-18T12:33:40.634+0000] {logging_mixin.py:188} INFO - [2026-08-18T12:33:40.634+0000] {dagbag.py:538} INFO - Filling up the DagBag from /home/airflow/.local/lib/python3.8/site-packages/airflow/example_dags/example_bash_operator.py
[2026-08-18T12:33:40.655+0000] {processor.py:840} INFO - DAG(s) 'example_bash_operator' retrieved from /home/airflow/.local/lib/python3.8/site-packages/airflow/example_dags/example_bash_operator.py
[2026-08-18T12:33:40.698+0000] {logging_mixin.py:188} INFO - [2026-08-18T12:33:40.698+0000] {dag.py:3036} INFO - Sync 1 DAGs
[2026-08-18T12:33:40.725+0000] {logging_mixin.py:188} INFO - [2026-08-18T12:33:40.725+0000] {dag.py:3823} INFO - Setting next_dagrun for example_bash_operator to 2026-08-17 00:00:00+00:00, run_after=2026-08-18 00:00:00+00:00
[2026-08-18T12:33:40.744+0000] {processor.py:183} INFO - Processing /home/airflow/.local/lib/python3.8/site-packages/airflow/example_dags/example_bash_operator.py took 0.121 seconds
[2026-08-18T12:34:12.190+0000] {processor.py:161} INFO - Started process (PID=2730) to work on /home/airflow/.local/lib/python3.8/site-packages/airflow/example_dags/example_bash_operator.py
[2026-08-18T12:34:12.192+0000] {processor.py:830} INFO - Processing file /home/airflow/.local/lib/python3.8/site-packages/airflow/example_dags/example_bash_operator.py for tasks to queue
[2026-08-18T12:34:12.195+0000] {logging_mixin.py:188} INFO - [2026-08-18T12:34:12.194+0000] {dagbag.py:538} INFO - Filling up the DagBag from /home/airflow/.local/lib/python3.8/site-packages/airflow/example_dags/example_bash_operator.py
[2026-08-18T12:34:12.212+0000] {processor.py:840} INFO - DAG(s) 'example_bash_operator' retrieved from /home/airflow/.local/lib/python3.8/site-packages/airflow/example_dags/example_bash_operator.py
[2026-08-18T12:34:12.364+0000] {logging_mixin.py:188} INFO - [2026-08-18T12:34:12.364+0000] {dag.py:3036} INFO - Sync 1 DAGs
[2026-08-18T12:34:12.397+0000] {logging_mixin.py:188} INFO - [2026-08-18T12:34:12.397+0000] {dag.py:3823} INFO - Setting next_dagrun for example_bash_operator to 2026-08-17 00:00:00+00:00, run_after=2026-08-18 00:00:00+00:00
[2026-08-18T12:34:12.423+0000] {processor.py:183} INFO - Processing /home/airflow/.local/lib/python3.8/site-packages/airflow/example_dags/example_bash_operator.py took 0.238 seconds
[2026-08-18T12:34:43.526+0000] {processor.py:161} INFO - Started process (PID=2820) to work on /home/airflow/.local/lib/python3.8/site-packages/airflow/example_dags/example_bash_operator.py
[2026-08-18T12:34:43.527+0000] {processor.py:830} INFO - Processing file /home/airflow/.local/lib/python3.8/site-packages/airflow/example_dags/example_bash_operator.py for tasks to queue
[2026-08-18T12:34:43.529+0000] {logging_mixin.py:188} INFO - [2026-08-18T12:34:43.529+0000] {dagbag.py:538} INFO - Filling up the DagBag from /home/airflow/.local/lib/python3.8/site-packages/airflow/example_dags/example_bash_operator.py
[2026-08-18T12:34:43.543+0000] {processor.py:840} INFO - DAG(s) 'example_bash_operator' retrieved from /home/airflow/.local/lib/python3.8/site-packages/airflow/example_dags/example_bash_operator.py
[2026-08-18T12:34:43.574+0000] {logging_mixin.py:188} INFO - [2026-08-18T12:34:43.573+0000] {dag.py:3036} INFO - Sync 1 DAGs
[2026-08-18T12:34:43.599+0000] {logging_mixin.py:188} INFO - [2026-08-18T12:34:43.599+0000] {dag.py:3823} INFO - Setting next_dagrun for example_bash_operator to 2026-08-17 00:00:00+00:00, run_after=2026-08-18 00:00:00+00:00
[2026-08-18T12:34:43.726+0000] {processor.py:183} INFO - Processing /home/airflow/.local/lib/python3.8/site-packages/airflow/example_dags/example_bash_operator.py took 0.204 seconds
[2026-08-18T12:35:14.314+0000] {processor.py:161} INFO - Started process (PID=2910) to work on /home/airflow/.local/lib/python3.8/site-packages/airflow/example_dags/example_bash_operator.py
[2026-08-18T12:35:14.315+0000] {processor.py:830} INFO - Processing file /home/airflow/.local/lib/python3.8/site-packages/airflow/example_dags/example_bash_operator.py for tasks to queue
[2026-08-18T12:35:14.317+0000] {logging_mixin.py:188} INFO - [2026-08-18T12:35:14.317+0000] {dagbag.py:538} INFO - Filling up the DagBag from /home/airflow/.local/lib/python3.8/site-packages/airflow/example_dags/example_bash_operator.py
[2026-08-18T12:35:14.329+0000] {processor.py:840} INFO - DAG(s) 'example_bash_operator' retrieved from /home/airflow/.local/lib/python3.8/site-packages/airflow/example_dags/example_bash_operator.py
[2026-08-18T12:35:14.359+0000] {logging_mixin.py:188} INFO - [2026-08-18T12:35:14.359+0000] {dag.py:3036} INFO - Sync 1 DAGs
[2026-08-18T12:35:14.390+0000] {logging_mixin.py:188} INFO - [2026-08-18T12:35:14.389+0000] {dag.py:3823} INFO - Setting next_dagrun for example_bash_operator to 2026-08-17 00:00:00+00:00, run_after=2026-08-18 00:00:00+00:00
[2026-08-18T12:35:14.482+0000] {processor.py:183} INFO - Processing /home/airflow/.local/lib/python3.8/site-packages/airflow/example_dags/example_bash_operator.py took 0.172 seconds
[2026-08-18T12:35:45.310+0000] {processor.py:161} INFO - Started process (PID=3000) to work on /home/airflow/.local/lib/python3.8/site-packages/airflow/example_dags/example_bash_operator.py
[2026-08-18T12:35:45.311+0000] {processor.py:830} INFO - Processing file /home/airflow/.local/lib/python3.8/site-packages/airflow/example_dags/example_bash_operator.py for tasks to queue
[2026-08-18T12:35:45.313+0000] {logging_mixin.py:188} INFO - [2026-08-18T12:35:45.313+0000] {dagbag.py:538} INFO - Filling up the DagBag from /home/airflow/.local/lib/python3.8/site-packages/airflow/example_dags/example_bash_operator.py
[2026-08-18T12:35:45.326+0000] {processor.py:840} INFO - DAG(s) 'example_bash_operator' retrieved from /home/airflow/.local/lib/python3.8/site-packages/airflow/example_dags/example_bash_operator.py
[2026-08-18T12:35:45.355+0000] {logging_mixin.py:188} INFO - [2026-08-18T12:35:45.354+0000] {dag.py:3036} INFO - Sync 1 DAGs
[2026-08-18T12:35:45.377+0000] {logging_mixin.py:188} INFO - [2026-08-18T12:35:45.376+0000] {dag.py:3823} INFO - Setting next_dagrun for example_bash_operator to 2026-08-17 00:00:00+00:00, run_after=2026-08-18 00:00:00+00:00
[2026-08-18T12:35:45.439+0000] {processor.py:183} INFO - Processing /home/airflow/.local/lib/python3.8/site-packages/airflow/example_dags/example_bash_operator.py took 0.133 seconds
[2026-08-18T12:36:15.935+0000] {processor.py:161} INFO - Started process (PID=3081) to work on /home/airflow/.local/lib/python3.8/site-packages/airflow/example_dags/example_bash_operator.py
[2026-08-18T12:36:15.936+0000] {processor.py:830} INFO - Processing file /home/airflow/.local/lib/python3.8/site-packages/airflow/example_dags/example_bash_operator.py for tasks to queue
[2026-08-18T12:36:15.938+0000] {logging_mixin.py:188} INFO - [2026-08-18T12:36:15.938+0000] {dagbag.py:538} INFO - Filling up the DagBag from /home/airflow/.local/lib/python3.8/site-packages/airflow/example_dags/example_bash_operator.py
[2026-08-18T12:36:15.949+0000] {processor.py:840} INFO - DAG(s) 'example_bash_operator' retrieved from /home/airflow/.local/lib/python3.8/site-packages/airflow/example_dags/example_bash_operator.py
[2026-08-18T12:36:15.976+0000] {logging_mixin.py:188} INFO - [2026-08-18T12:36:15.975+0000] {dag.py:3036} INFO - Sync 1 DAGs
[2026-08-18T12:36:16.032+0000] {logging_mixin.py:188} INFO - [2026-08-18T12:36:16.032+0000] {dag.py:3823} INFO - Setting next_dagrun for example_bash_operator to 2026-08-17 00:00:00+00:00, run_after=2026-08-18 00:00:00+00:00
[2026-08-18T12:36:16.091+0000] {processor.py:183} INFO - Processing /home/airflow/.local/lib/python3.8/site-packages/airflow/example_dags/example_bash_operator.py took 0.160 seconds
[2026-08-18T12:36:46.506+0000] {processor.py:161} INFO - Started process (PID=3167) to work on /home/airflow/.local/lib/python3.8/site-packages/airflow/example_dags/example_bash_operator.py
[2026-08-18T12:36:46.508+0000] {processor.py:830} INFO - Processing file /home/airflow/.local/lib/python3.8/site-packages/airflow/example_dags/example_bash_operator.py for tasks to queue
[2026-08-18T12:36:46.509+0000] {logging_mixin.py:188} INFO - [2026-08-18T12:36:46.509+0000] {dagbag.py:538} INFO - Filling up the DagBag from /home/airflow/.local/lib/python3.8/site-packages/airflow/example_dags/example_bash_operator.py
[2026-08-18T12:36:46.523+0000] {processor.py:840} INFO - DAG(s) 'example_bash_operator' retrieved from /home/airflow/.local/lib/python3.8/site-packages/airflow/example_dags/example_bash_operator.py
[2026-08-18T12:36:46.552+0000] {logging_mixin.py:188} INFO - [2026-08-18T12:36:46.552+0000] {dag.py:3036} INFO - Sync 1 DAGs
[2026-08-18T12:36:46.573+0000] {logging_mixin.py:188} INFO - [2026-08-18T12:36:46.572+0000] {dag.py:3823} INFO - Setting next_dagrun for example_bash_operator to 2026-08-17 00:00:00+00:00, run_after=2026-08-18 00:00:00+00:00
[2026-08-18T12:36:46.626+0000] {processor.py:183} INFO - Processing /home/airflow/.local/lib/python3.8/site-packages/airflow/example_dags/example_bash_operator.py took 0.123 seconds
[2026-08-18T12:37:17.154+0000] {processor.py:161} INFO - Started process (PID=3248) to work on /home/airflow/.local/lib/python3.8/site-packages/airflow/example_dags/example_bash_operator.py
[2026-08-18T12:37:17.155+0000] {processor.py:830} INFO - Processing file /home/airflow/.local/lib/python3.8/site-packages/airflow/example_dags/example_bash_operator.py for tasks to queue
[2026-08-18T12:37:17.158+0000] {logging_mixin.py:188} INFO - [2026-08-18T12:37:17.157+0000] {dagbag.py:538} INFO - Filling up the DagBag from /home/airflow/.local/lib/python3.8/site-packages/airflow/example_dags/example_bash_operator.py
[2026-08-18T12:37:17.170+0000] {processor.py:840} INFO - DAG(s) 'example_bash_operator' retrieved from /home/airflow/.local/lib/python3.8/site-packages/airflow/example_dags/example_bash_operator.py
[2026-08-18T12:37:17.201+0000] {logging_mixin.py:188} INFO - [2026-08-18T12:37:17.201+0000] {dag.py:3036} INFO - Sync 1 DAGs
[2026-08-18T12:37:17.224+0000] {logging_mixin.py:188} INFO - [2026-08-18T12:37:17.223+0000] {dag.py:3823} INFO - Setting next_dagrun for example_bash_operator to 2026-08-17 00:00:00+00:00, run_after=2026-08-18 00:00:00+00:00
[2026-08-18T12:37:17.243+0000] {processor.py:183} INFO - Processing /home/airflow/.local/lib/python3.8/site-packages/airflow/example_dags/example_bash_operator.py took 0.093 seconds
[2026-08-18T12:37:48.234+0000] {processor.py:161} INFO - Started process (PID=3329) to work on /home/airflow/.local/lib/python3.8/site-packages/airflow/example_dags/example_bash_operator.py
[2026-08-18T12:37:48.236+0000] {processor.py:830} INFO - Processing file /home/airflow/.local/lib/python3.8/site-packages/airflow/example_dags/example_bash_operator.py for tasks to queue
[2026-08-18T12:37:48.238+0000] {logging_mixin.py:188} INFO - [2026-08-18T12:37:48.237+0000] {dagbag.py:538} INFO - Filling up the DagBag from /home/airflow/.local/lib/python3.8/site-packages/airflow/example_dags/example_bash_operator.py
[2026-08-18T12:37:48.251+0000] {processor.py:840} INFO - DAG(s) 'example_bash_operator' retrieved from /home/airflow/.local/lib/python3.8/site-packages/airflow/example_dags/example_bash_operator.py
[2026-08-18T12:37:48.280+0000] {logging_mixin.py:188} INFO - [2026-08-18T12:37:48.280+0000] {dag.py:3036} INFO - Sync 1 DAGs
[2026-08-18T12:37:48.308+0000] {logging_mixin.py:188} INFO - [2026-08-18T12:37:48.307+0000] {dag.py:3823} INFO - Setting next_dagrun for example_bash_operator to 2026-08-17 00:00:00+00:00, run_after=2026-08-18 00:00:00+00:00
[2026-08-18T12:37:48.332+0000] {processor.py:183} INFO - Processing /home/airflow/.local/lib/python3.8/site-packages/airflow/example_dags/example_bash_operator.py took 0.101 seconds
[2026-08-18T12:38:22.615+0000] {processor.py:161} INFO - Started process (PID=3410) to work on /home/airflow/.local/lib/python3.8/site-packages/airflow/example_dags/example_bash_operator.py
[2026-08-18T12:38:22.617+0000] {processor.py:830} INFO - Processing file /home/airflow/.local/lib/python3.8/site-packages/airflow/example_dags/example_bash_operator.py for tasks to queue
[2026-08-18T12:38:22.619+0000] {logging_mixin.py:188} INFO - [2026-08-18T12:38:22.618+0000] {dagbag.py:538} INFO - Filling up the DagBag from /home/airflow/.local/lib/python3.8/site-packages/airflow/example_dags/example_bash_operator.py
[2026-08-18T12:38:22.638+0000] {processor.py:840} INFO - DAG(s) 'example_bash_operator' retrieved from /home/airflow/.local/lib/python3.8/site-packages/airflow/example_dags/example_bash_operator.py
[2026-08-18T12:38:22.691+0000] {logging_mixin.py:188} INFO - [2026-08-18T12:38:22.691+0000] {dag.py:3036} INFO - Sync 1 DAGs
[2026-08-18T12:38:22.718+0000] {logging_mixin.py:188} INFO - [2026-08-18T12:38:22.718+0000] {dag.py:3823} INFO - Setting next_dagrun for example_bash_operator to 2026-08-17 00:00:00+00:00, run_after=2026-08-18 00:00:00+00:00
[2026-08-18T12:38:22.738+0000] {processor.py:183} INFO - Processing /home/airflow/.local/lib/python3.8/site-packages/airflow/example_dags/example_bash_operator.py took 0.127 seconds
[2026-08-18T12:38:52.861+0000] {processor.py:161} INFO - Started process (PID=3491) to work on /home/airflow/.local/lib/python3.8/site-packages/airflow/example_dags/example_bash_operator.py
[2026-08-18T12:38:52.862+0000] {processor.py:830} INFO - Processing file /home/airflow/.local/lib/python3.8/site-packages/airflow/example_dags/example_bash_operator.py for tasks to queue
[2026-08-18T12:38:52.863+0000] {logging_mixin.py:188} INFO - [2026-08-18T12:38:52.863+0000] {dagbag.py:538} INFO - Filling up the DagBag from /home/airflow/.local/lib/python3.8/site-packages/airflow/example_dags/example_bash_operator.py
[2026-08-18T12:38:52.874+0000] {processor.py:840} INFO - DAG(s) 'example_bash_operator' retrieved from /home/airflow/.local/lib/python3.8/site-packages/airflow/example_dags/example_bash_operator.py
[2026-08-18T12:38:52.900+0000] {logging_mixin.py:188} INFO - [2026-08-18T12:38:52.900+0000] {dag.py:3036} INFO - Sync 1 DAGs
[2026-08-18T12:38:52.921+0000] {logging_mixin.py:188} INFO - [2026-08-18T12:38:52.921+0000] {dag.py:3823} INFO - Setting next_dagrun for example_bash_operator to 2026-08-17 00:00:00+00:00, run_after=2026-08-18 00:00:00+00:00
[2026-08-18T12:38:52.948+0000] {processor.py:183} INFO - Processing /home/airflow/.local/lib/python3.8/site-packages/airflow/example_dags/example_bash_operator.py took 0.091 seconds
[2026-08-18T12:39:24.109+0000] {processor.py:161} INFO - Started process (PID=3581) to work on /home/airflow/.local/lib/python3.8/site-packages/airflow/example_dags/example_bash_operator.py
[2026-08-18T12:39:24.111+0000] {processor.py:830} INFO - Processing file /home/airflow/.local/lib/python3.8/site-packages/airflow/example_dags/example_bash_operator.py for tasks to queue
[2026-08-18T12:39:24.114+0000] {logging_mixin.py:188} INFO - [2026-08-18T12:39:24.113+0000] {dagbag.py:538} INFO - Filling up the DagBag from /home/airflow/.local/lib/python3.8/site-packages/airflow/example_dags/example_bash_operator.py
[2026-08-18T12:39:24.130+0000] {processor.py:840} INFO - DAG(s) 'example_bash_operator' retrieved from /home/airflow/.local/lib/python3.8/site-packages/airflow/example_dags/example_bash_operator.py
[2026-08-18T12:39:24.169+0000] {logging_mixin.py:188} INFO - [2026-08-18T12:39:24.168+0000] {dag.py:3036} INFO - Sync 1 DAGs
[2026-08-18T12:39:24.199+0000] {logging_mixin.py:188} INFO - [2026-08-18T12:39:24.199+0000] {dag.py:3823} INFO - Setting next_dagrun for example_bash_operator to 2026-08-17 00:00:00+00:00, run_after=2026-08-18 00:00:00+00:00
[2026-08-18T12:39:24.220+0000] {processor.py:183} INFO - Processing /home/airflow/.local/lib/python3.8/site-packages/airflow/example_dags/example_bash_operator.py took 0.119 seconds
[2026-08-18T12:39:54.867+0000] {processor.py:161} INFO - Started process (PID=3662) to work on /home/airflow/.local/lib/python3.8/site-packages/airflow/example_dags/example_bash_operator.py
[2026-08-18T12:39:54.868+0000] {processor.py:830} INFO - Processing file /home/airflow/.local/lib/python3.8/site-packages/airflow/example_dags/example_bash_operator.py for tasks to queue
[2026-08-18T12:39:54.870+0000] {logging_mixin.py:188} INFO - [2026-08-18T12:39:54.870+0000] {dagbag.py:538} INFO - Filling up the DagBag from /home/airflow/.local/lib/python3.8/site-packages/airflow/example_dags/example_bash_operator.py
[2026-08-18T12:39:54.883+0000] {processor.py:840} INFO - DAG(s) 'example_bash_operator' retrieved from /home/airflow/.local/lib/python3.8/site-packages/airflow/example_dags/example_bash_operator.py
[2026-08-18T12:39:54.913+0000] {logging_mixin.py:188} INFO - [2026-08-18T12:39:54.912+0000] {dag.py:3036} INFO - Sync 1 DAGs
[2026-08-18T12:39:54.938+0000] {logging_mixin.py:188} INFO - [2026-08-18T12:39:54.937+0000] {dag.py:3823} INFO - Setting next_dagrun for example_bash_operator to 2026-08-17 00:00:00+00:00, run_after=2026-08-18 00:00:00+00:00
[2026-08-18T12:39:54.961+0000] {processor.py:183} INFO - Processing /home/airflow/.local/lib/python3.8/site-packages/airflow/example_dags/example_bash_operator.py took 0.099 seconds
[2026-08-18T12:40:26.008+0000] {processor.py:161} INFO - Started process (PID=3743) to work on /home/airflow/.local/lib/python3.8/site-packages/airflow/example_dags/example_bash_operator.py
[2026-08-18T12:40:26.009+0000] {processor.py:830} INFO - Processing file /home/airflow/.local/lib/python3.8/site-packages/airflow/example_dags/example_bash_operator.py for tasks to queue
[2026-08-18T12:40:26.011+0000] {logging_mixin.py:188} INFO - [2026-08-18T12:40:26.011+0000] {dagbag.py:538} INFO - Filling up the DagBag from /home/airflow/.local/lib/python3.8/site-packages/airflow/example_dags/example_bash_operator.py
[2026-08-18T12:40:26.023+0000] {processor.py:840} INFO - DAG(s) 'example_bash_operator' retrieved from /home/airflow/.local/lib/python3.8/site-packages/airflow/example_dags/example_bash_operator.py
[2026-08-18T12:40:26.051+0000] {logging_mixin.py:188} INFO - [2026-08-18T12:40:26.051+0000] {dag.py:3036} INFO - Sync 1 DAGs
[2026-08-18T12:40:26.076+0000] {logging_mixin.py:188} INFO - [2026-08-18T12:40:26.075+0000] {dag.py:3823} INFO - Setting next_dagrun for example_bash_operator to 2026-08-17 00:00:00+00:00, run_after=2026-08-18 00:00:00+00:00
[2026-08-18T12:40:26.095+0000] {processor.py:183} INFO - Processing /home/airflow/.local/lib/python3.8/site-packages/airflow/example_dags/example_bash_operator.py took 0.091 seconds
[2026-08-18T12:40:57.496+0000] {processor.py:161} INFO - Started process (PID=3824) to work on /home/airflow/.local/lib/python3.8/site-packages/airflow/example_dags/example_bash_operator.py
[2026-08-18T12:40:57.497+0000] {processor.py:830} INFO - Processing file /home/airflow/.local/lib/python3.8/site-packages/airflow/example_dags/example_bash_operator.py for tasks to queue
[2026-08-18T12:40:57.500+0000] {logging_mixin.py:188} INFO - [2026-08-18T12:40:57.499+0000] {dagbag.py:538} INFO - Filling up the DagBag from /home/airflow/.local/lib/python3.8/site-packages/airflow/example_dags/example_bash_operator.py
[2026-08-18T12:40:57.513+0000] {processor.py:840} INFO - DAG(s) 'example_bash_operator' retrieved from /home/airflow/.local/lib/python3.8/site-packages/airflow/example_dags/example_bash_operator.py
[2026-08-18T12:40:57.541+0000] {logging_mixin.py:188} INFO - [2026-08-18T12:40:57.541+0000] {dag.py:3036} INFO - Sync 1 DAGs
[2026-08-18T12:40:57.565+0000] {logging_mixin.py:188} INFO - [2026-08-18T12:40:57.565+0000] {dag.py:3823} INFO - Setting next_dagrun for example_bash_operator to 2026-08-17 00:00:00+00:00, run_after=2026-08-18 00:00:00+00:00
[2026-08-18T12:40:57.587+0000] {processor.py:183} INFO - Processing /home/airflow/.local/lib/python3.8/site-packages/airflow/example_dags/example_bash_operator.py took 0.096 seconds
[2026-08-18T12:41:28.551+0000] {processor.py:161} INFO - Started process (PID=3905) to work on /home/airflow/.local/lib/python3.8/site-packages/airflow/example_dags/example_bash_operator.py
[2026-08-18T12:41:28.553+0000] {processor.py:830} INFO - Processing file /home/airflow/.local/lib/python3.8/site-packages/airflow/example_dags/example_bash_operator.py for tasks to queue
[2026-08-18T12:41:28.555+0000] {logging_mixin.py:188} INFO - [2026-08-18T12:41:28.555+0000] {dagbag.py:538} INFO - Filling up the DagBag from /home/airflow/.local/lib/python3.8/site-packages/airflow/example_dags/example_bash_operator.py
[2026-08-18T12:41:28.569+0000] {processor.py:840} INFO - DAG(s) 'example_bash_operator' retrieved from /home/airflow/.local/lib/python3.8/site-packages/airflow/example_dags/example_bash_operator.py
[2026-08-18T12:41:28.598+0000] {logging_mixin.py:188} INFO - [2026-08-18T12:41:28.598+0000] {dag.py:3036} INFO - Sync 1 DAGs
[2026-08-18T12:41:28.629+0000] {logging_mixin.py:188} INFO - [2026-08-18T12:41:28.628+0000] {dag.py:3823} INFO - Setting next_dagrun for example_bash_operator to 2026-08-17 00:00:00+00:00, run_after=2026-08-18 00:00:00+00:00
[2026-08-18T12:41:28.661+0000] {processor.py:183} INFO - Processing /home/airflow/.local/lib/python3.8/site-packages/airflow/example_dags/example_bash_operator.py took 0.114 seconds
[2026-08-18T12:41:59.459+0000] {processor.py:161} INFO - Started process (PID=3986) to work on /home/airflow/.local/lib/python3.8/site-packages/airflow/example_dags/example_bash_operator.py
[2026-08-18T12:41:59.460+0000] {processor.py:830} INFO - Processing file /home/airflow/.local/lib/python3.8/site-packages/airflow/example_dags/example_bash_operator.py for tasks to queue
[2026-08-18T12:41:59.462+0000] {logging_mixin.py:188} INFO - [2026-08-18T12:41:59.462+0000] {dagbag.py:538} INFO - Filling up the DagBag from /home/airflow/.local/lib/python3.8/site-packages/airflow/example_dags/example_bash_operator.py
[2026-08-18T12:41:59.474+0000] {processor.py:840} INFO - DAG(s) 'example_bash_operator' retrieved from /home/airflow/.local/lib/python3.8/site-packages/airflow/example_dags/example_bash_operator.py
[2026-08-18T12:41:59.503+0000] {logging_mixin.py:188} INFO - [2026-08-18T12:41:59.502+0000] {dag.py:3036} INFO - Sync 1 DAGs
[2026-08-18T12:41:59.530+0000] {logging_mixin.py:188} INFO - [2026-08-18T12:41:59.530+0000] {dag.py:3823} INFO - Setting next_dagrun for example_bash_operator to 2026-08-17 00:00:00+00:00, run_after=2026-08-18 00:00:00+00:00
[2026-08-18T12:41:59.552+0000] {processor.py:183} INFO - Processing /home/airflow/.local/lib/python3.8/site-packages/airflow/example_dags/example_bash_operator.py took 0.096 seconds
[2026-08-18T12:42:29.984+0000] {processor.py:161} INFO - Started process (PID=4067) to work on /home/airflow/.local/lib/python3.8/site-packages/airflow/example_dags/example_bash_operator.py
[2026-08-18T12:42:29.985+0000] {processor.py:830} INFO - Processing file /home/airflow/.local/lib/python3.8/site-packages/airflow/example_dags/example_bash_operator.py for tasks to queue
[2026-08-18T12:42:29.987+0000] {logging_mixin.py:188} INFO - [2026-08-18T12:42:29.987+0000] {dagbag.py:538} INFO - Filling up the DagBag from /home/airflow/.local/lib/python3.8/site-packages/airflow/example_dags/example_bash_operator.py
[2026-08-18T12:42:30.007+0000] {processor.py:840} INFO - DAG(s) 'example_bash_operator' retrieved from /home/airflow/.local/lib/python3.8/site-packages/airflow/example_dags/example_bash_operator.py
[2026-08-18T12:42:30.039+0000] {logging_mixin.py:188} INFO - [2026-08-18T12:42:30.039+0000] {dag.py:3036} INFO - Sync 1 DAGs
[2026-08-18T12:42:30.068+0000] {logging_mixin.py:188} INFO - [2026-08-18T12:42:30.068+0000] {dag.py:3823} INFO - Setting next_dagrun for example_bash_operator to 2026-08-17 00:00:00+00:00, run_after=2026-08-18 00:00:00+00:00
[2026-08-18T12:42:30.089+0000] {processor.py:183} INFO - Processing /home/airflow/.local/lib/python3.8/site-packages/airflow/example_dags/example_bash_operator.py took 0.109 seconds
[2026-08-18T12:43:00.891+0000] {processor.py:161} INFO - Started process (PID=4148) to work on /home/airflow/.local/lib/python3.8/site-packages/airflow/example_dags/example_bash_operator.py
[2026-08-18T12:43:00.893+0000] {processor.py:830} INFO - Processing file /home/airflow/.local/lib/python3.8/site-packages/airflow/example_dags/example_bash_operator.py for tasks to queue
[2026-08-18T12:43:00.895+0000] {logging_mixin.py:188} INFO - [2026-08-18T12:43:00.895+0000] {dagbag.py:538} INFO - Filling up the DagBag from /home/airflow/.local/lib/python3.8/site-packages/airflow/example_dags/example_bash_operator.py
[2026-08-18T12:43:00.916+0000] {processor.py:840} INFO - DAG(s) 'example_bash_operator' retrieved from /home/airflow/.local/lib/python3.8/site-packages/airflow/example_dags/example_bash_operator.py
[2026-08-18T12:43:00.955+0000] {logging_mixin.py:188} INFO - [2026-08-18T12:43:00.955+0000] {dag.py:3036} INFO - Sync 1 DAGs
[2026-08-18T12:43:00.992+0000] {logging_mixin.py:188} INFO - [2026-08-18T12:43:00.992+0000] {dag.py:3823} INFO - Setting next_dagrun for example_bash_operator to 2026-08-17 00:00:00+00:00, run_after=2026-08-18 00:00:00+00:00
[2026-08-18T12:43:01.025+0000] {processor.py:183} INFO - Processing /home/airflow/.local/lib/python3.8/site-packages/airflow/example_dags/example_bash_operator.py took 0.140 seconds
