[2026-08-18T12:18:30.314+0000] {processor.py:161} INFO - Started process (PID=166) to work on /home/airflow/.local/lib/python3.8/site-packages/airflow/example_dags/tutorial_taskflow_api.py
[2026-08-18T12:18:30.317+0000] {processor.py:830} INFO - Processing file /home/airflow/.local/lib/python3.8/site-packages/airflow/example_dags/tutorial_taskflow_api.py for tasks to queue
[2026-08-18T12:18:30.321+0000] {logging_mixin.py:188} INFO - [2026-08-18T12:18:30.321+0000] {dagbag.py:538} INFO - Filling up the DagBag from /home/airflow/.local/lib/python3.8/site-packages/airflow/example_dags/tutorial_taskflow_api.py
[2026-08-18T12:18:30.339+0000] {processor.py:840} INFO - DAG(s) 'tutorial_taskflow_api' retrieved from /home/airflow/.local/lib/python3.8/site-packages/airflow/example_dags/tutorial_taskflow_api.py
[2026-08-18T12:18:30.683+0000] {logging_mixin.py:188} INFO - [2026-08-18T12:18:30.683+0000] {dag.py:3036} INFO - Sync 1 DAGs
[2026-08-18T12:18:30.736+0000] {logging_mixin.py:188} INFO - [2026-08-18T12:18:30.735+0000] {dag.py:3823} INFO - Setting next_dagrun for tutorial_taskflow_api to None, run_after=None
[2026-08-18T12:18:30.786+0000] {processor.py:183} INFO - Processing /home/airflow/.local/lib/python3.8/site-packages/airflow/example_dags/tutorial_taskflow_api.py took 0.480 seconds
[2026-08-18T12:19:00.996+0000] {processor.py:161} INFO - Started process (PID=267) to work on /home/airflow/.local/lib/python3.8/site-packages/airflow/example_dags/tutorial_taskflow_api.py
[2026-08-18T12:19:00.997+0000] {processor.py:830} INFO - Processing file /home/airflow/.local/lib/python3.8/site-packages/airflow/example_dags/tutorial_taskflow_api.py for tasks to queue
[2026-08-18T12:19:01.001+0000] {logging_mixin.py:188} INFO - [2026-08-18T12:19:01.000+0000] {dagbag.py:538} INFO - Filling up the DagBag from /home/airflow/.local/lib/python3.8/site-packages/airflow/example_dags/tutorial_taskflow_api.py
[2026-08-18T12:19:01.013+0000] {processor.py:840} INFO - DAG(s) 'tutorial_taskflow_api' retrieved from /home/airflow/.local/lib/python3.8/site-packages/airflow/example_dags/tutorial_taskflow_api.py
[2026-08-18T12:19:01.040+0000] {logging_mixin.py:188} INFO - [2026-08-18T12:19:01.040+0000] {dag.py:3036} INFO - Sync 1 DAGs
[2026-08-18T12:19:01.059+0000] {logging_mixin.py:188} INFO - [2026-08-18T12:19:01.058+0000] {dag.py:3823} INFO - Setting next_dagrun for tutorial_taskflow_api to None, run_after=None
[2026-08-18T12:19:01.102+0000] {processor.py:183} INFO - Processing /home/airflow/.local/lib/python3.8/site-packages/airflow/example_dags/tutorial_taskflow_api.py took 0.112 seconds
[2026-08-18T12:19:31.377+0000] {processor.py:161} INFO - Started process (PID=352) to work on /home/airflow/.local/lib/python3.8/site-packages/airflow/example_dags/tutorial_taskflow_api.py
[2026-08-18T12:19:31.378+0000] {processor.py:830} INFO - Processing file /home/airflow/.local/lib/python3.8/site-packages/airflow/example_dags/tutorial_taskflow_api.py for tasks to queue
[2026-08-18T12:19:31.381+0000] {logging_mixin.py:188} INFO - [2026-08-18T12:19:31.381+0000] {dagbag.py:538} INFO - Filling up the DagBag from /home/airflow/.local/lib/python3.8/site-packages/airflow/example_dags/tutorial_taskflow_api.py
[2026-08-18T12:19:31.390+0000] {processor.py:840} INFO - DAG(s) 'tutorial_taskflow_api' retrieved from /home/airflow/.local/lib/python3.8/site-packages/airflow/example_dags/tutorial_taskflow_api.py
[2026-08-18T12:19:31.406+0000] {logging_mixin.py:188} INFO - [2026-08-18T12:19:31.405+0000] {dag.py:3036} INFO - Sync 1 DAGs
[2026-08-18T12:19:31.421+0000] {logging_mixin.py:188} INFO - [2026-08-18T12:19:31.421+0000] {dag.py:3823} INFO - Setting next_dagrun for tutorial_taskflow_api to None, run_after=None
[2026-08-18T12:19:31.466+0000] {processor.py:183} INFO - Processing /home/airflow/.local/lib/python3.8/site-packages/airflow/example_dags/tutorial_taskflow_api.py took 0.093 seconds
[2026-08-18T12:20:02.271+0000] {processor.py:161} INFO - Started process (PID=431) to work on /home/airflow/.local/lib/python3.8/site-packages/airflow/example_dags/tutorial_taskflow_api.py
[2026-08-18T12:20:02.272+0000] {processor.py:830} INFO - Processing file /home/airflow/.local/lib/python3.8/site-packages/airflow/example_dags/tutorial_taskflow_api.py for tasks to queue
[2026-08-18T12:20:02.274+0000] {logging_mixin.py:188} INFO - [2026-08-18T12:20:02.274+0000] {dagbag.py:538} INFO - Filling up the DagBag from /home/airflow/.local/lib/python3.8/site-packages/airflow/example_dags/tutorial_taskflow_api.py
[2026-08-18T12:20:02.280+0000] {processor.py:840} INFO - DAG(s) 'tutorial_taskflow_api' retrieved from /home/airflow/.local/lib/python3.8/site-packages/airflow/example_dags/tutorial_taskflow_api.py
[2026-08-18T12:20:02.368+0000] {logging_mixin.py:188} INFO - [2026-08-18T12:20:02.368+0000] {dag.py:3036} INFO - Sync 1 DAGs
[2026-08-18T12:20:02.382+0000] {logging_mixin.py:188} INFO - [2026-08-18T12:20:02.382+0000] {dag.py:3823} INFO - Setting next_dagrun for tutorial_taskflow_api to None, run_after=None
[2026-08-18T12:20:02.407+0000] {processor.py:183} INFO - Processing /home/airflow/.local/lib/python3.8/site-packages/airflow/example_dags/tutorial_taskflow_api.py took 0.139 seconds
[2026-08-18T12:20:32.517+0000] {processor.py:161} INFO - Started process (PID=514) to work on /home/airflow/.local/lib/python3.8/site-packages/airflow/example_dags/tutorial_taskflow_api.py
[2026-08-18T12:20:32.518+0000] {processor.py:830} INFO - Processing file /home/airflow/.local/lib/python3.8/site-packages/airflow/example_dags/tutorial_taskflow_api.py for tasks to queue
[2026-08-18T12:20:32.520+0000] {logging_mixin.py:188} INFO - [2026-08-18T12:20:32.520+0000] {dagbag.py:538} INFO - Filling up the DagBag from /home/airflow/.local/lib/python3.8/site-packages/airflow/example_dags/tutorial_taskflow_api.py
[2026-08-18T12:20:32.526+0000] {processor.py:840} INFO - DAG(s) 'tutorial_taskflow_api' retrieved from /home/airflow/.local/lib/python3.8/site-packages/airflow/example_dags/tutorial_taskflow_api.py
[2026-08-18T12:20:32.548+0000] {logging_mixin.py:188} INFO - [2026-08-18T12:20:32.547+0000] {dag.py:3036} INFO - Sync 1 DAGs
[2026-08-18T12:20:32.560+0000] {logging_mixin.py:188} INFO - [2026-08-18T12:20:32.559+0000] {dag.py:3823} INFO - Setting next_dagrun for tutorial_taskflow_api to None, run_after=None
[2026-08-18T12:20:32.581+0000] {processor.py:183} INFO - Processing /home/airflow/.local/lib/python3.8/site-packages/airflow/example_dags/tutorial_taskflow_api.py took 0.068 seconds
[2026-08-18T12:21:03.202+0000] {processor.py:161} INFO - Started process (PID=593) to work on /home/airflow/.local/lib/python3.8/site-packages/airflow/example_dags/tutorial_taskflow_api.py
[2026-08-18T12:21:03.203+0000] {processor.py:830} INFO - Processing file /home/airflow/.local/lib/python3.8/site-packages/airflow/example_dags/tutorial_taskflow_api.py for tasks to queue
[2026-08-18T12:21:03.205+0000] {logging_mixin.py:188} INFO - [2026-08-18T12:21:03.205+0000] {dagbag.py:538} INFO - Filling up the DagBag from /home/airflow/.local/lib/python3.8/site-packages/airflow/example_dags/tutorial_taskflow_api.py
[2026-08-18T12:21:03.212+0000] {processor.py:840} INFO - DAG(s) 'tutorial_taskflow_api' retrieved from /home/airflow/.local/lib/python3.8/site-packages/airflow/example_dags/tutorial_taskflow_api.py
[2026-08-18T12:21:03.235+0000] {logging_mixin.py:188} INFO - [2026-08-18T12:21:03.234+0000] {dag.py:3036} INFO - Sync 1 DAGs
[2026-08-18T12:21:03.247+0000] {logging_mixin.py:188} INFO - [2026-08-18T12:21:03.247+0000] {dag.py:3823} INFO - Setting next_dagrun for tutorial_taskflow_api to None, run_after=None
[2026-08-18T12:21:03.267+0000] {processor.py:183} INFO - Processing /home/airflow/.local/lib/python3.8/site-packages/airflow/example_dags/tutorial_taskflow_api.py took 0.069 seconds
[2026-08-18T12:21:33.689+0000] {processor.py:161} INFO - Started process (PID=672) to work on /home/airflow/.local/lib/python3.8/site-packages/airflow/example_dags/tutorial_taskflow_api.py
[2026-08-18T12:21:33.690+0000] {processor.py:830} INFO - Processing file /home/airflow/.local/lib/python3.8/site-packages/airflow/example_dags/tutorial_taskflow_api.py for tasks to queue
[2026-08-18T12:21:33.692+0000] {logging_mixin.py:188} INFO - [2026-08-18T12:21:33.691+0000] {dagbag.py:538} INFO - Filling up the DagBag from /home/airflow/.local/lib/python3.8/site-packages/airflow/example_dags/tutorial_taskflow_api.py
[2026-08-18T12:21:33.700+0000] {processor.py:840} INFO - DAG(s) 'tutorial_taskflow_api' retrieved from /home/airflow/.local/lib/python3.8/site-packages/airflow/example_dags/tutorial_taskflow_api.py
[2026-08-18T12:21:33.723+0000] {logging_mixin.py:188} INFO - [2026-08-18T12:21:33.723+0000] {dag.py:3036} INFO - Sync 1 DAGs
[2026-08-18T12:21:33.737+0000] {logging_mixin.py:188} INFO - [2026-08-18T12:21:33.737+0000] {dag.py:3823} INFO - Setting next_dagrun for tutorial_taskflow_api to None, run_after=None
[2026-08-18T12:21:33.768+0000] {processor.py:183} INFO - Processing /home/airflow/.local/lib/python3.8/site-packages/airflow/example_dags/tutorial_taskflow_api.py took 0.082 seconds
[2026-08-18T12:22:03.952+0000] {processor.py:161} INFO - Started process (PID=751) to work on /home/airflow/.local/lib/python3.8/site-packages/airflow/example_dags/tutorial_taskflow_api.py
[2026-08-18T12:22:03.954+0000] {processor.py:830} INFO - Processing file /home/airflow/.local/lib/python3.8/site-packages/airflow/example_dags/tutorial_taskflow_api.py for tasks to queue
[2026-08-18T12:22:03.957+0000] {logging_mixin.py:188} INFO - [2026-08-18T12:22:03.957+0000] {dagbag.py:538} INFO - Filling up the DagBag from /home/airflow/.local/lib/python3.8/site-packages/airflow/example_dags/tutorial_taskflow_api.py
[2026-08-18T12:22:03.964+0000] {processor.py:840} INFO - DAG(s) 'tutorial_taskflow_api' retrieved from /home/airflow/.local/lib/python3.8/site-packages/airflow/example_dags/tutorial_taskflow_api.py
[2026-08-18T12:22:03.988+0000] {logging_mixin.py:188} INFO - [2026-08-18T12:22:03.987+0000] {dag.py:3036} INFO - Sync 1 DAGs
[2026-08-18T12:22:04.000+0000] {logging_mixin.py:188} INFO - [2026-08-18T12:22:03.999+0000] {dag.py:3823} INFO - Setting next_dagrun for tutorial_taskflow_api to None, run_after=None
[2026-08-18T12:22:04.022+0000] {processor.py:183} INFO - Processing /home/airflow/.local/lib/python3.8/site-packages/airflow/example_dags/tutorial_taskflow_api.py took 0.074 seconds
[2026-08-18T12:22:34.531+0000] {processor.py:161} INFO - Started process (PID=830) to work on /home/airflow/.local/lib/python3.8/site-packages/airflow/example_dags/tutorial_taskflow_api.py
[2026-08-18T12:22:34.532+0000] {processor.py:830} INFO - Processing file /home/airflow/.local/lib/python3.8/site-packages/airflow/example_dags/tutorial_taskflow_api.py for tasks to queue
[2026-08-18T12:22:34.534+0000] {logging_mixin.py:188} INFO - [2026-08-18T12:22:34.534+0000] {dagbag.py:538} INFO - Filling up the DagBag from /home/airflow/.local/lib/python3.8/site-packages/airflow/example_dags/tutorial_taskflow_api.py
[2026-08-18T12:22:34.540+0000] {processor.py:840} INFO - DAG(s) 'tutorial_taskflow_api' retrieved from /home/airflow/.local/lib/python3.8/site-packages/airflow/example_dags/tutorial_taskflow_api.py
[2026-08-18T12:22:34.561+0000] {logging_mixin.py:188} INFO - [2026-08-18T12:22:34.561+0000] {dag.py:3036} INFO - Sync 1 DAGs
[2026-08-18T12:22:34.573+0000] {logging_mixin.py:188} INFO - [2026-08-18T12:22:34.572+0000] {dag.py:3823} INFO - Setting next_dagrun for tutorial_taskflow_api to None, run_after=None
[2026-08-18T12:22:34.593+0000] {processor.py:183} INFO - Processing /home/airflow/.local/lib/python3.8/site-packages/airflow/example_dags/tutorial_taskflow_api.py took 0.066 seconds
[2026-08-18T12:23:05.026+0000] {processor.py:161} INFO - Started process (PID=911) to work on /home/airflow/.local/lib/python3.8/site-packages/airflow/example_dags/tutorial_taskflow_api.py
[2026-08-18T12:23:05.027+0000] {processor.py:830} INFO - Processing file /home/airflow/.local/lib/python3.8/site-packages/airflow/example_dags/tutorial_taskflow_api.py for tasks to queue
[2026-08-18T12:23:05.029+0000] {logging_mixin.py:188} INFO - [2026-08-18T12:23:05.028+0000] {dagbag.py:538} INFO - Filling up the DagBag from /home/airflow/.local/lib/python3.8/site-packages/airflow/example_dags/tutorial_taskflow_api.py
[2026-08-18T12:23:05.036+0000] {processor.py:840} INFO - DAG(s) 'tutorial_taskflow_api' retrieved from /home/airflow/.local/lib/python3.8/site-packages/airflow/example_dags/tutorial_taskflow_api.py
[2026-08-18T12:23:05.058+0000] {logging_mixin.py:188} INFO - [2026-08-18T12:23:05.058+0000] {dag.py:3036} INFO - Sync 1 DAGs
[2026-08-18T12:23:05.071+0000] {logging_mixin.py:188} INFO - [2026-08-18T12:23:05.071+0000] {dag.py:3823} INFO - Setting next_dagrun for tutorial_taskflow_api to None, run_after=None
[2026-08-18T12:23:05.093+0000] {processor.py:183} INFO - Processing /home/airflow/.local/lib/python3.8/site-packages/airflow/example_dags/tutorial_taskflow_api.py took 0.070 seconds
[2026-08-18T12:23:35.497+0000] {processor.py:161} INFO - Started process (PID=992) to work on /home/airflow/.local/lib/python3.8/site-packages/airflow/example_dags/tutorial_taskflow_api.py
[2026-08-18T12:23:35.498+0000] {processor.py:830} INFO - Processing file /home/airflow/.local/lib/python3.8/site-packages/airflow/example_dags/tutorial_taskflow_api.py for tasks to queue
[2026-08-18T12:23:35.501+0000] {logging_mixin.py:188} INFO - [2026-08-18T12:23:35.500+0000] {dagbag.py:538} INFO - Filling up the DagBag from /home/airflow/.local/lib/python3.8/site-packages/airflow/example_dags/tutorial_taskflow_api.py
[2026-08-18T12:23:35.507+0000] {processor.py:840} INFO - DAG(s) 'tutorial_taskflow_api' retrieved from /home/airflow/.local/lib/python3.8/site-packages/airflow/example_dags/tutorial_taskflow_api.py
[2026-08-18T12:23:35.520+0000] {logging_mixin.py:188} INFO - [2026-08-18T12:23:35.519+0000] {dag.py:3036} INFO - Sync 1 DAGs
[2026-08-18T12:23:35.532+0000] {logging_mixin.py:188} INFO - [2026-08-18T12:23:35.532+0000] {dag.py:3823} INFO - Setting next_dagrun for tutorial_taskflow_api to None, run_after=None
[2026-08-18T12:23:35.552+0000] {processor.py:183} INFO - Processing /home/airflow/.local/lib/python3.8/site-packages/airflow/example_dags/tutorial_taskflow_api.py took 0.058 seconds
[2026-08-18T12:24:05.780+0000] {processor.py:161} INFO - Started process (PID=1073) to work on /home/airflow/.local/lib/python3.8/site-packages/airflow/example_dags/tutorial_taskflow_api.py
[2026-08-18T12:24:05.782+0000] {processor.py:830} INFO - Processing file /home/airflow/.local/lib/python3.8/site-packages/airflow/example_dags/tutorial_taskflow_api.py for tasks to queue
[2026-08-18T12:24:05.785+0000] {logging_mixin.py:188} INFO - [2026-08-18T12:24:05.785+0000] {dagbag.py:538} INFO - Filling up the DagBag from /home/airflow/.local/lib/python3.8/site-packages/airflow/example_dags/tutorial_taskflow_api.py
[2026-08-18T12:24:05.795+0000] {processor.py:840} INFO - DAG(s) 'tutorial_taskflow_api' retrieved from /home/airflow/.local/lib/python3.8/site-packages/airflow/example_dags/tutorial_taskflow_api.py
[2026-08-18T12:24:05.903+0000] {logging_mixin.py:188} INFO - [2026-08-18T12:24:05.903+0000] {dag.py:3036} INFO - Sync 1 DAGs
[2026-08-18T12:24:05.915+0000] {logging_mixin.py:188} INFO - [2026-08-18T12:24:05.915+0000] {dag.py:3823} INFO - Setting next_dagrun for tutorial_taskflow_api to None, run_after=None
[2026-08-18T12:24:05.941+0000] {processor.py:183} INFO - Processing /home/airflow/.local/lib/python3.8/site-packages/airflow/example_dags/tutorial_taskflow_api.py took 0.166 seconds
[2026-08-18T12:24:36.070+0000] {processor.py:161} INFO - Started process (PID=1154) to work on /home/airflow/.local/lib/python3.8/site-packages/airflow/example_dags/tutorial_taskflow_api.py
[2026-08-18T12:24:36.072+0000] {processor.py:830} INFO - Processing file /home/airflow/.local/lib/python3.8/site-packages/airflow/example_dags/tutorial_taskflow_api.py for tasks to queue
[2026-08-18T12:24:36.073+0000] {logging_mixin.py:188} INFO - [2026-08-18T12:24:36.073+0000] {dagbag.py:538} INFO - Filling up the DagBag from /home/airflow/.local/lib/python3.8/site-packages/airflow/example_dags/tutorial_taskflow_api.py
[2026-08-18T12:24:36.080+0000] {processor.py:840} INFO - DAG(s) 'tutorial_taskflow_api' retrieved from /home/airflow/.local/lib/python3.8/site-packages/airflow/example_dags/tutorial_taskflow_api.py
[2026-08-18T12:24:36.100+0000] {logging_mixin.py:188} INFO - [2026-08-18T12:24:36.100+0000] {dag.py:3036} INFO - Sync 1 DAGs
[2026-08-18T12:24:36.112+0000] {logging_mixin.py:188} INFO - [2026-08-18T12:24:36.112+0000] {dag.py:3823} INFO - Setting next_dagrun for tutorial_taskflow_api to None, run_after=None
[2026-08-18T12:24:36.141+0000] {processor.py:183} INFO - Processing /home/airflow/.local/lib/python3.8/site-packages/airflow/example_dags/tutorial_taskflow_api.py took 0.074 seconds
[2026-08-18T12:25:06.453+0000] {processor.py:161} INFO - Started process (PID=1236) to work on /home/airflow/.local/lib/python3.8/site-packages/airflow/example_dags/tutorial_taskflow_api.py
[2026-08-18T12:25:06.455+0000] {processor.py:830} INFO - Processing file /home/airflow/.local/lib/python3.8/site-packages/airflow/example_dags/tutorial_taskflow_api.py for tasks to queue
[2026-08-18T12:25:06.457+0000] {logging_mixin.py:188} INFO - [2026-08-18T12:25:06.457+0000] {dagbag.py:538} INFO - Filling up the DagBag from /home/airflow/.local/lib/python3.8/site-packages/airflow/example_dags/tutorial_taskflow_api.py
[2026-08-18T12:25:06.468+0000] {processor.py:840} INFO - DAG(s) 'tutorial_taskflow_api' retrieved from /home/airflow/.local/lib/python3.8/site-packages/airflow/example_dags/tutorial_taskflow_api.py
[2026-08-18T12:25:06.494+0000] {logging_mixin.py:188} INFO - [2026-08-18T12:25:06.493+0000] {dag.py:3036} INFO - Sync 1 DAGs
[2026-08-18T12:25:06.507+0000] {logging_mixin.py:188} INFO - [2026-08-18T12:25:06.507+0000] {dag.py:3823} INFO - Setting next_dagrun for tutorial_taskflow_api to None, run_after=None
[2026-08-18T12:25:06.536+0000] {processor.py:183} INFO - Processing /home/airflow/.local/lib/python3.8/site-packages/airflow/example_dags/tutorial_taskflow_api.py took 0.088 seconds
[2026-08-18T12:25:36.632+0000] {processor.py:161} INFO - Started process (PID=1317) to work on /home/airflow/.local/lib/python3.8/site-packages/airflow/example_dags/tutorial_taskflow_api.py
[2026-08-18T12:25:36.633+0000] {processor.py:830} INFO - Processing file /home/airflow/.local/lib/python3.8/site-packages/airflow/example_dags/tutorial_taskflow_api.py for tasks to queue
[2026-08-18T12:25:36.636+0000] {logging_mixin.py:188} INFO - [2026-08-18T12:25:36.635+0000] {dagbag.py:538} INFO - Filling up the DagBag from /home/airflow/.local/lib/python3.8/site-packages/airflow/example_dags/tutorial_taskflow_api.py
[2026-08-18T12:25:36.643+0000] {processor.py:840} INFO - DAG(s) 'tutorial_taskflow_api' retrieved from /home/airflow/.local/lib/python3.8/site-packages/airflow/example_dags/tutorial_taskflow_api.py
[2026-08-18T12:25:36.662+0000] {logging_mixin.py:188} INFO - [2026-08-18T12:25:36.662+0000] {dag.py:3036} INFO - Sync 1 DAGs
[2026-08-18T12:25:36.673+0000] {logging_mixin.py:188} INFO - [2026-08-18T12:25:36.673+0000] {dag.py:3823} INFO - Setting next_dagrun for tutorial_taskflow_api to None, run_after=None
[2026-08-18T12:25:36.694+0000] {processor.py:183} INFO - Processing /home/airflow/.local/lib/python3.8/site-packages/airflow/example_dags/tutorial_taskflow_api.py took 0.066 seconds
[2026-08-18T12:26:07.292+0000] {processor.py:161} INFO - Started process (PID=1418) to work on /home/airflow/.local/lib/python3.8/site-packages/airflow/example_dags/tutorial_taskflow_api.py
[2026-08-18T12:26:07.293+0000] {processor.py:830} INFO - Processing file /home/airflow/.local/lib/python3.8/site-packages/airflow/example_dags/tutorial_taskflow_api.py for tasks to queue
[2026-08-18T12:26:07.295+0000] {logging_mixin.py:188} INFO - [2026-08-18T12:26:07.295+0000] {dagbag.py:538} INFO - Filling up the DagBag from /home/airflow/.local/lib/python3.8/site-packages/airflow/example_dags/tutorial_taskflow_api.py
[2026-08-18T12:26:07.303+0000] {processor.py:840} INFO - DAG(s) 'tutorial_taskflow_api' retrieved from /home/airflow/.local/lib/python3.8/site-packages/airflow/example_dags/tutorial_taskflow_api.py
[2026-08-18T12:26:07.324+0000] {logging_mixin.py:188} INFO - [2026-08-18T12:26:07.324+0000] {dag.py:3036} INFO - Sync 1 DAGs
[2026-08-18T12:26:07.336+0000] {logging_mixin.py:188} INFO - [2026-08-18T12:26:07.335+0000] {dag.py:3823} INFO - Setting next_dagrun for tutorial_taskflow_api to None, run_after=None
[2026-08-18T12:26:07.356+0000] {processor.py:183} INFO - Processing /home/airflow/.local/lib/python3.8/site-packages/airflow/example_dags/tutorial_taskflow_api.py took 0.067 seconds
[2026-08-18T12:26:37.658+0000] {processor.py:161} INFO - Started process (PID=1499) to work on /home/airflow/.local/lib/python3.8/site-packages/airflow/example_dags/tutorial_taskflow_api.py
[2026-08-18T12:26:37.659+0000] {processor.py:830} INFO - Processing file /home/airflow/.local/lib/python3.8/site-packages/airflow/example_dags/tutorial_taskflow_api.py for tasks to queue
[2026-08-18T12:26:37.662+0000] {logging_mixin.py:188} INFO - [2026-08-18T12:26:37.662+0000] {dagbag.py:538} INFO - Filling up the DagBag from /home/airflow/.local/lib/python3.8/site-packages/airflow/example_dags/tutorial_taskflow_api.py
[2026-08-18T12:26:37.672+0000] {processor.py:840} INFO - DAG(s) 'tutorial_taskflow_api' retrieved from /home/airflow/.local/lib/python3.8/site-packages/airflow/example_dags/tutorial_taskflow_api.py
[2026-08-18T12:26:37.696+0000] {logging_mixin.py:188} INFO - [2026-08-18T12:26:37.696+0000] {dag.py:3036} INFO - Sync 1 DAGs
[2026-08-18T12:26:37.710+0000] {logging_mixin.py:188} INFO - [2026-08-18T12:26:37.709+0000] {dag.py:3823} INFO - Setting next_dagrun for tutorial_taskflow_api to None, run_after=None
[2026-08-18T12:26:37.908+0000] {processor.py:183} INFO - Processing /home/airflow/.local/lib/python3.8/site-packages/airflow/example_dags/tutorial_taskflow_api.py took 0.253 seconds
[2026-08-18T12:27:08.528+0000] {processor.py:161} INFO - Started process (PID=1585) to work on /home/airflow/.local/lib/python3.8/site-packages/airflow/example_dags/tutorial_taskflow_api.py
[2026-08-18T12:27:08.529+0000] {processor.py:830} INFO - Processing file /home/airflow/.local/lib/python3.8/site-packages/airflow/example_dags/tutorial_taskflow_api.py for tasks to queue
[2026-08-18T12:27:08.530+0000] {logging_mixin.py:188} INFO - [2026-08-18T12:27:08.530+0000] {dagbag.py:538} INFO - Filling up the DagBag from /home/airflow/.local/lib/python3.8/site-packages/airflow/example_dags/tutorial_taskflow_api.py
[2026-08-18T12:27:08.538+0000] {processor.py:840} INFO - DAG(s) 'tutorial_taskflow_api' retrieved from /home/airflow/.local/lib/python3.8/site-packages/airflow/example_dags/tutorial_taskflow_api.py
[2026-08-18T12:27:08.560+0000] {logging_mixin.py:188} INFO - [2026-08-18T12:27:08.560+0000] {dag.py:3036} INFO - Sync 1 DAGs
[2026-08-18T12:27:08.578+0000] {logging_mixin.py:188} INFO - [2026-08-18T12:27:08.578+0000] {dag.py:3823} INFO - Setting next_dagrun for tutorial_taskflow_api to None, run_after=None
[2026-08-18T12:27:08.606+0000] {processor.py:183} INFO - Processing /home/airflow/.local/lib/python3.8/site-packages/airflow/example_dags/tutorial_taskflow_api.py took 0.082 seconds
[2026-08-18T12:27:39.103+0000] {processor.py:161} INFO - Started process (PID=1666) to work on /home/airflow/.local/lib/python3.8/site-packages/airflow/example_dags/tutorial_taskflow_api.py
[2026-08-18T12:27:39.104+0000] {processor.py:830} INFO - Processing file /home/airflow/.local/lib/python3.8/site-packages/airflow/example_dags/tutorial_taskflow_api.py for tasks to queue
[2026-08-18T12:27:39.106+0000] {logging_mixin.py:188} INFO - [2026-08-18T12:27:39.105+0000] {dagbag.py:538} INFO - Filling up the DagBag from /home/airflow/.local/lib/python3.8/site-packages/airflow/example_dags/tutorial_taskflow_api.py
[2026-08-18T12:27:39.112+0000] {processor.py:840} INFO - DAG(s) 'tutorial_taskflow_api' retrieved from /home/airflow/.local/lib/python3.8/site-packages/airflow/example_dags/tutorial_taskflow_api.py
[2026-08-18T12:27:39.136+0000] {logging_mixin.py:188} INFO - [2026-08-18T12:27:39.136+0000] {dag.py:3036} INFO - Sync 1 DAGs
[2026-08-18T12:27:39.149+0000] {logging_mixin.py:188} INFO - [2026-08-18T12:27:39.149+0000] {dag.py:3823} INFO - Setting next_dagrun for tutorial_taskflow_api to None, run_after=None
[2026-08-18T12:27:39.171+0000] {processor.py:183} INFO - Processing /home/airflow/.local/lib/python3.8/site-packages/airflow/example_dags/tutorial_taskflow_api.py took 0.071 seconds
[2026-08-18T12:28:09.821+0000] {processor.py:161} INFO - Started process (PID=1752) to work on /home/airflow/.local/lib/python3.8/site-packages/airflow/example_dags/tutorial_taskflow_api.py
[2026-08-18T12:28:09.822+0000] {processor.py:830} INFO - Processing file /home/airflow/.local/lib/python3.8/site-packages/airflow/example_dags/tutorial_taskflow_api.py for tasks to queue
[2026-08-18T12:28:09.824+0000] {logging_mixin.py:188} INFO - [2026-08-18T12:28:09.824+0000] {dagbag.py:538} INFO - Filling up the DagBag from /home/airflow/.local/lib/python3.8/site-packages/airflow/example_dags/tutorial_taskflow_api.py
[2026-08-18T12:28:09.830+0000] {processor.py:840} INFO - DAG(s) 'tutorial_taskflow_api' retrieved from /home/airflow/.local/lib/python3.8/site-packages/airflow/example_dags/tutorial_taskflow_api.py
[2026-08-18T12:28:09.852+0000] {logging_mixin.py:188} INFO - [2026-08-18T12:28:09.851+0000] {dag.py:3036} INFO - Sync 1 DAGs
[2026-08-18T12:28:09.863+0000] {logging_mixin.py:188} INFO - [2026-08-18T12:28:09.863+0000] {dag.py:3823} INFO - Setting next_dagrun for tutorial_taskflow_api to None, run_after=None
[2026-08-18T12:28:09.883+0000] {processor.py:183} INFO - Processing /home/airflow/.local/lib/python3.8/site-packages/airflow/example_dags/tutorial_taskflow_api.py took 0.066 seconds
[2026-08-18T12:28:40.185+0000] {processor.py:161} INFO - Started process (PID=1833) to work on /home/airflow/.local/lib/python3.8/site-packages/airflow/example_dags/tutorial_taskflow_api.py
[2026-08-18T12:28:40.186+0000] {processor.py:830} INFO - Processing file /home/airflow/.local/lib/python3.8/site-packages/airflow/example_dags/tutorial_taskflow_api.py for tasks to queue
[2026-08-18T12:28:40.187+0000] {logging_mixin.py:188} INFO - [2026-08-18T12:28:40.187+0000] {dagbag.py:538} INFO - Filling up the DagBag from /home/airflow/.local/lib/python3.8/site-packages/airflow/example_dags/tutorial_taskflow_api.py
[2026-08-18T12:28:40.194+0000] {processor.py:840} INFO - DAG(s) 'tutorial_taskflow_api' retrieved from /home/airflow/.local/lib/python3.8/site-packages/airflow/example_dags/tutorial_taskflow_api.py
[2026-08-18T12:28:40.215+0000] {logging_mixin.py:188} INFO - [2026-08-18T12:28:40.215+0000] {dag.py:3036} INFO - Sync 1 DAGs
[2026-08-18T12:28:40.228+0000] {logging_mixin.py:188} INFO - [2026-08-18T12:28:40.228+0000] {dag.py:3823} INFO - Setting next_dagrun for tutorial_taskflow_api to None, run_after=None
[2026-08-18T12:28:40.252+0000] {processor.py:183} INFO - Processing /home/airflow/.local/lib/python3.8/site-packages/airflow/example_dags/tutorial_taskflow_api.py took 0.071 seconds
[2026-08-18T12:29:10.870+0000] {processor.py:161} INFO - Started process (PID=1914) to work on /home/airflow/.local/lib/python3.8/site-packages/airflow/example_dags/tutorial_taskflow_api.py
[2026-08-18T12:29:10.872+0000] {processor.py:830} INFO - Processing file /home/airflow/.local/lib/python3.8/site-packages/airflow/example_dags/tutorial_taskflow_api.py for tasks to queue
[2026-08-18T12:29:10.874+0000] {logging_mixin.py:188} INFO - [2026-08-18T12:29:10.874+0000] {dagbag.py:538} INFO - Filling up the DagBag from /home/airflow/.local/lib/python3.8/site-packages/airflow/example_dags/tutorial_taskflow_api.py
[2026-08-18T12:29:10.881+0000] {processor.py:840} INFO - DAG(s) 'tutorial_taskflow_api' retrieved from /home/airflow/.local/lib/python3.8/site-packages/airflow/example_dags/tutorial_taskflow_api.py
[2026-08-18T12:29:10.904+0000] {logging_mixin.py:188} INFO - [2026-08-18T12:29:10.904+0000] {dag.py:3036} INFO - Sync 1 DAGs
[2026-08-18T12:29:10.916+0000] {logging_mixin.py:188} INFO - [2026-08-18T12:29:10.915+0000] {dag.py:3823} INFO - Setting next_dagrun for tutorial_taskflow_api to None, run_after=None
[2026-08-18T12:29:10.937+0000] {processor.py:183} INFO - Processing /home/airflow/.local/lib/python3.8/site-packages/airflow/example_dags/tutorial_taskflow_api.py took 0.070 seconds
[2026-08-18T12:29:41.740+0000] {processor.py:161} INFO - Started process (PID=1995) to work on /home/airflow/.local/lib/python3.8/site-packages/airflow/example_dags/tutorial_taskflow_api.py
[2026-08-18T12:29:41.741+0000] {processor.py:830} INFO - Processing file /home/airflow/.local/lib/python3.8/site-packages/airflow/example_dags/tutorial_taskflow_api.py for tasks to queue
[2026-08-18T12:29:41.743+0000] {logging_mixin.py:188} INFO - [2026-08-18T12:29:41.743+0000] {dagbag.py:538} INFO - Filling up the DagBag from /home/airflow/.local/lib/python3.8/site-packages/airflow/example_dags/tutorial_taskflow_api.py
[2026-08-18T12:29:41.749+0000] {processor.py:840} INFO - DAG(s) 'tutorial_taskflow_api' retrieved from /home/airflow/.local/lib/python3.8/site-packages/airflow/example_dags/tutorial_taskflow_api.py
[2026-08-18T12:29:41.770+0000] {logging_mixin.py:188} INFO - [2026-08-18T12:29:41.770+0000] {dag.py:3036} INFO - Sync 1 DAGs
[2026-08-18T12:29:41.782+0000] {logging_mixin.py:188} INFO - [2026-08-18T12:29:41.782+0000] {dag.py:3823} INFO - Setting next_dagrun for tutorial_taskflow_api to None, run_after=None
[2026-08-18T12:29:41.803+0000] {processor.py:183} INFO - Processing /home/airflow/.local/lib/python3.8/site-packages/airflow/example_dags/tutorial_taskflow_api.py took 0.066 seconds
[2026-08-18T12:30:12.147+0000] {processor.py:161} INFO - Started process (PID=2076) to work on /home/airflow/.local/lib/python3.8/site-packages/airflow/example_dags/tutorial_taskflow_api.py
[2026-08-18T12:30:12.148+0000] {processor.py:830} INFO - Processing file /home/airflow/.local/lib/python3.8/site-packages/airflow/example_dags/tutorial_taskflow_api.py for tasks to queue
[2026-08-18T12:30:12.150+0000] {logging_mixin.py:188} INFO - [2026-08-18T12:30:12.149+0000] {dagbag.py:538} INFO - Filling up the DagBag from /home/airflow/.local/lib/python3.8/site-packages/airflow/example_dags/tutorial_taskflow_api.py
[2026-08-18T12:30:12.156+0000] {processor.py:840} INFO - DAG(s) 'tutorial_taskflow_api' retrieved from /home/airflow/.local/lib/python3.8/site-packages/airflow/example_dags/tutorial_taskflow_api.py
[2026-08-18T12:30:12.178+0000] {logging_mixin.py:188} INFO - [2026-08-18T12:30:12.177+0000] {dag.py:3036} INFO - Sync 1 DAGs
[2026-08-18T12:30:12.190+0000] {logging_mixin.py:188} INFO - [2026-08-18T12:30:12.189+0000] {dag.py:3823} INFO - Setting next_dagrun for tutorial_taskflow_api to None, run_after=None
[2026-08-18T12:30:12.212+0000] {processor.py:183} INFO - Processing /home/airflow/.local/lib/python3.8/site-packages/airflow/example_dags/tutorial_taskflow_api.py took 0.070 seconds
[2026-08-18T12:30:42.864+0000] {processor.py:161} INFO - Started process (PID=2157) to work on /home/airflow/.local/lib/python3.8/site-packages/airflow/example_dags/tutorial_taskflow_api.py
[2026-08-18T12:30:42.866+0000] {processor.py:830} INFO - Processing file /home/airflow/.local/lib/python3.8/site-packages/airflow/example_dags/tutorial_taskflow_api.py for tasks to queue
[2026-08-18T12:30:42.868+0000] {logging_mixin.py:188} INFO - [2026-08-18T12:30:42.868+0000] {dagbag.py:538} INFO - Filling up the DagBag from /home/airflow/.local/lib/python3.8/site-packages/airflow/example_dags/tutorial_taskflow_api.py
[2026-08-18T12:30:42.874+0000] {processor.py:840} INFO - DAG(s) 'tutorial_taskflow_api' retrieved from /home/airflow/.local/lib/python3.8/site-packages/airflow/example_dags/tutorial_taskflow_api.py
[2026-08-18T12:30:42.895+0000] {logging_mixin.py:188} INFO - [2026-08-18T12:30:42.895+0000] {dag.py:3036} INFO - Sync 1 DAGs
[2026-08-18T12:30:42.907+0000] {logging_mixin.py:188} INFO - [2026-08-18T12:30:42.907+0000] {dag.py:3823} INFO - Setting next_dagrun for tutorial_taskflow_api to None, run_after=None
[2026-08-18T12:30:42.929+0000] {processor.py:183} INFO - Processing /home/airflow/.local/lib/python3.8/site-packages/airflow/example_dags/tutorial_taskflow_api.py took 0.069 seconds
[2026-08-18T12:31:13.667+0000] {processor.py:161} INFO - Started process (PID=2238) to work on /home/airflow/.local/lib/python3.8/site-packages/airflow/example_dags/tutorial_taskflow_api.py
[2026-08-18T12:31:13.668+0000] {processor.py:830} INFO - Processing file /home/airflow/.local/lib/python3.8/site-packages/airflow/example_dags/tutorial_taskflow_api.py for tasks to queue
[2026-08-18T12:31:13.670+0000] {logging_mixin.py:188} INFO - [2026-08-18T12:31:13.670+0000] {dagbag.py:538} INFO - Filling up the DagBag from /home/airflow/.local/lib/python3.8/site-packages/airflow/example_dags/tutorial_taskflow_api.py
[2026-08-18T12:31:13.677+0000] {processor.py:840} INFO - DAG(s) 'tutorial_taskflow_api' retrieved from /home/airflow/.local/lib/python3.8/site-packages/airflow/example_dags/tutorial_taskflow_api.py
[2026-08-18T12:31:13.698+0000] {logging_mixin.py:188} INFO - [2026-08-18T12:31:13.697+0000] {dag.py:3036} INFO - Sync 1 DAGs
[2026-08-18T12:31:13.709+0000] {logging_mixin.py:188} INFO - [2026-08-18T12:31:13.709+0000] {dag.py:3823} INFO - Setting next_dagrun for tutorial_taskflow_api to None, run_after=None
[2026-08-18T12:31:13.729+0000] {processor.py:183} INFO - Processing /home/airflow/.local/lib/python3.8/site-packages/airflow/example_dags/tutorial_taskflow_api.py took 0.066 seconds
[2026-08-18T12:31:44.314+0000] {processor.py:161} INFO - Started process (PID=2319) to work on /home/airflow/.local/lib/python3.8/site-packages/airflow/example_dags/tutorial_taskflow_api.py
[2026-08-18T12:31:44.316+0000] {processor.py:830} INFO - Processing file /home/airflow/.local/lib/python3.8/site-packages/airflow/example_dags/tutorial_taskflow_api.py for tasks to queue
[2026-08-18T12:31:44.319+0000] {logging_mixin.py:188} INFO - [2026-08-18T12:31:44.318+0000] {dagbag.py:538} INFO - Filling up the DagBag from /home/airflow/.local/lib/python3.8/site-packages/airflow/example_dags/tutorial_taskflow_api.py
[2026-08-18T12:31:44.326+0000] {processor.py:840} INFO - DAG(s) 'tutorial_taskflow_api' retrieved from /home/airflow/.local/lib/python3.8/site-packages/airflow/example_dags/tutorial_taskflow_api.py
[2026-08-18T12:31:44.352+0000] {logging_mixin.py:188} INFO - [2026-08-18T12:31:44.351+0000] {dag.py:3036} INFO - Sync 1 DAGs
[2026-08-18T12:31:44.366+0000] {logging_mixin.py:188} INFO - [2026-08-18T12:31:44.366+0000] {dag.py:3823} INFO - Setting next_dagrun for tutorial_taskflow_api to None, run_after=None
[2026-08-18T12:31:44.388+0000] {processor.py:183} INFO - Processing /home/airflow/.local/lib/python3.8/site-packages/airflow/example_dags/tutorial_taskflow_api.py took 0.079 seconds
[2026-08-18T12:32:14.447+0000] {processor.py:161} INFO - Started process (PID=2399) to work on /home/airflow/.local/lib/python3.8/site-packages/airflow/example_dags/tutorial_taskflow_api.py
[2026-08-18T12:32:14.448+0000] {processor.py:830} INFO - Processing file /home/airflow/.local/lib/python3.8/site-packages/airflow/example_dags/tutorial_taskflow_api.py for tasks to queue
[2026-08-18T12:32:14.450+0000] {logging_mixin.py:188} INFO - [2026-08-18T12:32:14.450+0000] {dagbag.py:538} INFO - Filling up the DagBag from /home/airflow/.local/lib/python3.8/site-packages/airflow/example_dags/tutorial_taskflow_api.py
[2026-08-18T12:32:14.458+0000] {processor.py:840} INFO - DAG(s) 'tutorial_taskflow_api' retrieved from /home/airflow/.local/lib/python3.8/site-packages/airflow/example_dags/tutorial_taskflow_api.py
[2026-08-18T12:32:14.479+0000] {logging_mixin.py:188} INFO - [2026-08-18T12:32:14.479+0000] {dag.py:3036} INFO - Sync 1 DAGs
[2026-08-18T12:32:14.493+0000] {logging_mixin.py:188} INFO - [2026-08-18T12:32:14.493+0000] {dag.py:3823} INFO - Setting next_dagrun for tutorial_taskflow_api to None, run_after=None
[2026-08-18T12:32:14.515+0000] {processor.py:183} INFO - Processing /home/airflow/.local/lib/python3.8/site-packages/airflow/example_dags/tutorial_taskflow_api.py took 0.073 seconds
[2026-08-18T12:32:45.183+0000] {processor.py:161} INFO - Started process (PID=2490) to work on /home/airflow/.local/lib/python3.8/site-packages/airflow/example_dags/tutorial_taskflow_api.py
[2026-08-18T12:32:45.184+0000] {processor.py:830} INFO - Processing file /home/airflow/.local/lib/python3.8/site-packages/airflow/example_dags/tutorial_taskflow_api.py for tasks to queue
[2026-08-18T12:32:45.186+0000] {logging_mixin.py:188} INFO - [2026-08-18T12:32:45.186+0000] {dagbag.py:538} INFO - Filling up the DagBag from /home/airflow/.local/lib/python3.8/site-packages/airflow/example_dags/tutorial_taskflow_api.py
[2026-08-18T12:32:45.194+0000] {processor.py:840} INFO - DAG(s) 'tutorial_taskflow_api' retrieved from /home/airflow/.local/lib/python3.8/site-packages/airflow/example_dags/tutorial_taskflow_api.py
[2026-08-18T12:32:45.215+0000] {logging_mixin.py:188} INFO - [2026-08-18T12:32:45.215+0000] {dag.py:3036} INFO - Sync 1 DAGs
[2026-08-18T12:32:45.228+0000] {logging_mixin.py:188} INFO - [2026-08-18T12:32:45.228+0000] {dag.py:3823} INFO - Setting next_dagrun for tutorial_taskflow_api to None, run_after=None
[2026-08-18T12:32:45.251+0000] {processor.py:183} INFO - Processing /home/airflow/.local/lib/python3.8/site-packages/airflow/example_dags/tutorial_taskflow_api.py took 0.072 seconds
[2026-08-18T12:33:15.999+0000] {processor.py:161} INFO - Started process (PID=2576) to work on /home/airflow/.local/lib/python3.8/site-packages/airflow/example_dags/tutorial_taskflow_api.py
[2026-08-18T12:33:16.002+0000] {processor.py:830} INFO - Processing file /home/airflow/.local/lib/python3.8/site-packages/airflow/example_dags/tutorial_taskflow_api.py for tasks to queue
[2026-08-18T12:33:16.006+0000] {logging_mixin.py:188} INFO - [2026-08-18T12:33:16.005+0000] {dagbag.py:538} INFO - Filling up the DagBag from /home/airflow/.local/lib/python3.8/site-packages/airflow/example_dags/tutorial_taskflow_api.py
[2026-08-18T12:33:16.020+0000] {processor.py:840} INFO - DAG(s) 'tutorial_taskflow_api' retrieved from /home/airflow/.local/lib/python3.8/site-packages/airflow/example_dags/tutorial_taskflow_api.py
[2026-08-18T12:33:16.065+0000] {logging_mixin.py:188} INFO - [2026-08-18T12:33:16.064+0000] {dag.py:3036} INFO - Sync 1 DAGs
[2026-08-18T12:33:16.092+0000] {logging_mixin.py:188} INFO - [2026-08-18T12:33:16.092+0000] {dag.py:3823} INFO - Setting next_dagrun for tutorial_taskflow_api to None, run_after=None
[2026-08-18T12:33:16.129+0000] {processor.py:183} INFO - Processing /home/airflow/.local/lib/python3.8/site-packages/airflow/example_dags/tutorial_taskflow_api.py took 0.135 seconds
[2026-08-18T12:33:46.430+0000] {processor.py:161} INFO - Started process (PID=2662) to work on /home/airflow/.local/lib/python3.8/site-packages/airflow/example_dags/tutorial_taskflow_api.py
[2026-08-18T12:33:46.431+0000] {processor.py:830} INFO - Processing file /home/airflow/.local/lib/python3.8/site-packages/airflow/example_dags/tutorial_taskflow_api.py for tasks to queue
[2026-08-18T12:33:46.433+0000] {logging_mixin.py:188} INFO - [2026-08-18T12:33:46.433+0000] {dagbag.py:538} INFO - Filling up the DagBag from /home/airflow/.local/lib/python3.8/site-packages/airflow/example_dags/tutorial_taskflow_api.py
[2026-08-18T12:33:46.439+0000] {processor.py:840} INFO - DAG(s) 'tutorial_taskflow_api' retrieved from /home/airflow/.local/lib/python3.8/site-packages/airflow/example_dags/tutorial_taskflow_api.py
[2026-08-18T12:33:46.521+0000] {logging_mixin.py:188} INFO - [2026-08-18T12:33:46.521+0000] {dag.py:3036} INFO - Sync 1 DAGs
[2026-08-18T12:33:46.530+0000] {logging_mixin.py:188} INFO - [2026-08-18T12:33:46.530+0000] {dag.py:3823} INFO - Setting next_dagrun for tutorial_taskflow_api to None, run_after=None
[2026-08-18T12:33:46.548+0000] {processor.py:183} INFO - Processing /home/airflow/.local/lib/python3.8/site-packages/airflow/example_dags/tutorial_taskflow_api.py took 0.122 seconds
[2026-08-18T12:34:16.677+0000] {processor.py:161} INFO - Started process (PID=2752) to work on /home/airflow/.local/lib/python3.8/site-packages/airflow/example_dags/tutorial_taskflow_api.py
[2026-08-18T12:34:16.679+0000] {processor.py:830} INFO - Processing file /home/airflow/.local/lib/python3.8/site-packages/airflow/example_dags/tutorial_taskflow_api.py for tasks to queue
[2026-08-18T12:34:16.681+0000] {logging_mixin.py:188} INFO - [2026-08-18T12:34:16.681+0000] {dagbag.py:538} INFO - Filling up the DagBag from /home/airflow/.local/lib/python3.8/site-packages/airflow/example_dags/tutorial_taskflow_api.py
[2026-08-18T12:34:16.688+0000] {processor.py:840} INFO - DAG(s) 'tutorial_taskflow_api' retrieved from /home/airflow/.local/lib/python3.8/site-packages/airflow/example_dags/tutorial_taskflow_api.py
[2026-08-18T12:34:16.710+0000] {logging_mixin.py:188} INFO - [2026-08-18T12:34:16.710+0000] {dag.py:3036} INFO - Sync 1 DAGs
[2026-08-18T12:34:16.724+0000] {logging_mixin.py:188} INFO - [2026-08-18T12:34:16.723+0000] {dag.py:3823} INFO - Setting next_dagrun for tutorial_taskflow_api to None, run_after=None
[2026-08-18T12:34:16.747+0000] {processor.py:183} INFO - Processing /home/airflow/.local/lib/python3.8/site-packages/airflow/example_dags/tutorial_taskflow_api.py took 0.074 seconds
[2026-08-18T12:34:47.424+0000] {processor.py:161} INFO - Started process (PID=2842) to work on /home/airflow/.local/lib/python3.8/site-packages/airflow/example_dags/tutorial_taskflow_api.py
[2026-08-18T12:34:47.427+0000] {processor.py:830} INFO - Processing file /home/airflow/.local/lib/python3.8/site-packages/airflow/example_dags/tutorial_taskflow_api.py for tasks to queue
[2026-08-18T12:34:47.429+0000] {logging_mixin.py:188} INFO - [2026-08-18T12:34:47.429+0000] {dagbag.py:538} INFO - Filling up the DagBag from /home/airflow/.local/lib/python3.8/site-packages/airflow/example_dags/tutorial_taskflow_api.py
[2026-08-18T12:34:47.437+0000] {processor.py:840} INFO - DAG(s) 'tutorial_taskflow_api' retrieved from /home/airflow/.local/lib/python3.8/site-packages/airflow/example_dags/tutorial_taskflow_api.py
[2026-08-18T12:34:47.459+0000] {logging_mixin.py:188} INFO - [2026-08-18T12:34:47.459+0000] {dag.py:3036} INFO - Sync 1 DAGs
[2026-08-18T12:34:47.471+0000] {logging_mixin.py:188} INFO - [2026-08-18T12:34:47.471+0000] {dag.py:3823} INFO - Setting next_dagrun for tutorial_taskflow_api to None, run_after=None
[2026-08-18T12:34:47.561+0000] {processor.py:183} INFO - Processing /home/airflow/.local/lib/python3.8/site-packages/airflow/example_dags/tutorial_taskflow_api.py took 0.141 seconds
[2026-08-18T12:35:18.414+0000] {processor.py:161} INFO - Started process (PID=2932) to work on /home/airflow/.local/lib/python3.8/site-packages/airflow/example_dags/tutorial_taskflow_api.py
[2026-08-18T12:35:18.415+0000] {processor.py:830} INFO - Processing file /home/airflow/.local/lib/python3.8/site-packages/airflow/example_dags/tutorial_taskflow_api.py for tasks to queue
[2026-08-18T12:35:18.417+0000] {logging_mixin.py:188} INFO - [2026-08-18T12:35:18.416+0000] {dagbag.py:538} INFO - Filling up the DagBag from /home/airflow/.local/lib/python3.8/site-packages/airflow/example_dags/tutorial_taskflow_api.py
[2026-08-18T12:35:18.423+0000] {processor.py:840} INFO - DAG(s) 'tutorial_taskflow_api' retrieved from /home/airflow/.local/lib/python3.8/site-packages/airflow/example_dags/tutorial_taskflow_api.py
[2026-08-18T12:35:18.444+0000] {logging_mixin.py:188} INFO - [2026-08-18T12:35:18.444+0000] {dag.py:3036} INFO - Sync 1 DAGs
[2026-08-18T12:35:18.455+0000] {logging_mixin.py:188} INFO - [2026-08-18T12:35:18.455+0000] {dag.py:3823} INFO - Setting next_dagrun for tutorial_taskflow_api to None, run_after=None
[2026-08-18T12:35:18.476+0000] {processor.py:183} INFO - Processing /home/airflow/.local/lib/python3.8/site-packages/airflow/example_dags/tutorial_taskflow_api.py took 0.066 seconds
[2026-08-18T12:35:48.874+0000] {processor.py:161} INFO - Started process (PID=3022) to work on /home/airflow/.local/lib/python3.8/site-packages/airflow/example_dags/tutorial_taskflow_api.py
[2026-08-18T12:35:48.875+0000] {processor.py:830} INFO - Processing file /home/airflow/.local/lib/python3.8/site-packages/airflow/example_dags/tutorial_taskflow_api.py for tasks to queue
[2026-08-18T12:35:48.877+0000] {logging_mixin.py:188} INFO - [2026-08-18T12:35:48.877+0000] {dagbag.py:538} INFO - Filling up the DagBag from /home/airflow/.local/lib/python3.8/site-packages/airflow/example_dags/tutorial_taskflow_api.py
[2026-08-18T12:35:48.886+0000] {processor.py:840} INFO - DAG(s) 'tutorial_taskflow_api' retrieved from /home/airflow/.local/lib/python3.8/site-packages/airflow/example_dags/tutorial_taskflow_api.py
[2026-08-18T12:35:48.908+0000] {logging_mixin.py:188} INFO - [2026-08-18T12:35:48.908+0000] {dag.py:3036} INFO - Sync 1 DAGs
[2026-08-18T12:35:48.921+0000] {logging_mixin.py:188} INFO - [2026-08-18T12:35:48.920+0000] {dag.py:3823} INFO - Setting next_dagrun for tutorial_taskflow_api to None, run_after=None
[2026-08-18T12:35:48.983+0000] {processor.py:183} INFO - Processing /home/airflow/.local/lib/python3.8/site-packages/airflow/example_dags/tutorial_taskflow_api.py took 0.113 seconds
[2026-08-18T12:36:19.566+0000] {processor.py:161} INFO - Started process (PID=3103) to work on /home/airflow/.local/lib/python3.8/site-packages/airflow/example_dags/tutorial_taskflow_api.py
[2026-08-18T12:36:19.568+0000] {processor.py:830} INFO - Processing file /home/airflow/.local/lib/python3.8/site-packages/airflow/example_dags/tutorial_taskflow_api.py for tasks to queue
[2026-08-18T12:36:19.570+0000] {logging_mixin.py:188} INFO - [2026-08-18T12:36:19.569+0000] {dagbag.py:538} INFO - Filling up the DagBag from /home/airflow/.local/lib/python3.8/site-packages/airflow/example_dags/tutorial_taskflow_api.py
[2026-08-18T12:36:19.577+0000] {processor.py:840} INFO - DAG(s) 'tutorial_taskflow_api' retrieved from /home/airflow/.local/lib/python3.8/site-packages/airflow/example_dags/tutorial_taskflow_api.py
[2026-08-18T12:36:19.597+0000] {logging_mixin.py:188} INFO - [2026-08-18T12:36:19.597+0000] {dag.py:3036} INFO - Sync 1 DAGs
[2026-08-18T12:36:19.609+0000] {logging_mixin.py:188} INFO - [2026-08-18T12:36:19.609+0000] {dag.py:3823} INFO - Setting next_dagrun for tutorial_taskflow_api to None, run_after=None
[2026-08-18T12:36:19.726+0000] {processor.py:183} INFO - Processing /home/airflow/.local/lib/python3.8/site-packages/airflow/example_dags/tutorial_taskflow_api.py took 0.163 seconds
[2026-08-18T12:36:50.131+0000] {processor.py:161} INFO - Started process (PID=3189) to work on /home/airflow/.local/lib/python3.8/site-packages/airflow/example_dags/tutorial_taskflow_api.py
[2026-08-18T12:36:50.132+0000] {processor.py:830} INFO - Processing file /home/airflow/.local/lib/python3.8/site-packages/airflow/example_dags/tutorial_taskflow_api.py for tasks to queue
[2026-08-18T12:36:50.134+0000] {logging_mixin.py:188} INFO - [2026-08-18T12:36:50.134+0000] {dagbag.py:538} INFO - Filling up the DagBag from /home/airflow/.local/lib/python3.8/site-packages/airflow/example_dags/tutorial_taskflow_api.py
[2026-08-18T12:36:50.142+0000] {processor.py:840} INFO - DAG(s) 'tutorial_taskflow_api' retrieved from /home/airflow/.local/lib/python3.8/site-packages/airflow/example_dags/tutorial_taskflow_api.py
[2026-08-18T12:36:50.165+0000] {logging_mixin.py:188} INFO - [2026-08-18T12:36:50.165+0000] {dag.py:3036} INFO - Sync 1 DAGs
[2026-08-18T12:36:50.177+0000] {logging_mixin.py:188} INFO - [2026-08-18T12:36:50.177+0000] {dag.py:3823} INFO - Setting next_dagrun for tutorial_taskflow_api to None, run_after=None
[2026-08-18T12:36:50.240+0000] {processor.py:183} INFO - Processing /home/airflow/.local/lib/python3.8/site-packages/airflow/example_dags/tutorial_taskflow_api.py took 0.113 seconds
[2026-08-18T12:37:20.509+0000] {processor.py:161} INFO - Started process (PID=3270) to work on /home/airflow/.local/lib/python3.8/site-packages/airflow/example_dags/tutorial_taskflow_api.py
[2026-08-18T12:37:20.510+0000] {processor.py:830} INFO - Processing file /home/airflow/.local/lib/python3.8/site-packages/airflow/example_dags/tutorial_taskflow_api.py for tasks to queue
[2026-08-18T12:37:20.512+0000] {logging_mixin.py:188} INFO - [2026-08-18T12:37:20.511+0000] {dagbag.py:538} INFO - Filling up the DagBag from /home/airflow/.local/lib/python3.8/site-packages/airflow/example_dags/tutorial_taskflow_api.py
[2026-08-18T12:37:20.518+0000] {processor.py:840} INFO - DAG(s) 'tutorial_taskflow_api' retrieved from /home/airflow/.local/lib/python3.8/site-packages/airflow/example_dags/tutorial_taskflow_api.py
[2026-08-18T12:37:20.539+0000] {logging_mixin.py:188} INFO - [2026-08-18T12:37:20.539+0000] {dag.py:3036} INFO - Sync 1 DAGs
[2026-08-18T12:37:20.550+0000] {logging_mixin.py:188} INFO - [2026-08-18T12:37:20.550+0000] {dag.py:3823} INFO - Setting next_dagrun for tutorial_taskflow_api to None, run_after=None
[2026-08-18T12:37:20.570+0000] {processor.py:183} INFO - Processing /home/airflow/.local/lib/python3.8/site-packages/airflow/example_dags/tutorial_taskflow_api.py took 0.065 seconds
[2026-08-18T12:37:50.755+0000] {processor.py:161} INFO - Started process (PID=3351) to work on /home/airflow/.local/lib/python3.8/site-packages/airflow/example_dags/tutorial_taskflow_api.py
[2026-08-18T12:37:50.757+0000] {processor.py:830} INFO - Processing file /home/airflow/.local/lib/python3.8/site-packages/airflow/example_dags/tutorial_taskflow_api.py for tasks to queue
[2026-08-18T12:37:50.760+0000] {logging_mixin.py:188} INFO - [2026-08-18T12:37:50.759+0000] {dagbag.py:538} INFO - Filling up the DagBag from /home/airflow/.local/lib/python3.8/site-packages/airflow/example_dags/tutorial_taskflow_api.py
[2026-08-18T12:37:50.769+0000] {processor.py:840} INFO - DAG(s) 'tutorial_taskflow_api' retrieved from /home/airflow/.local/lib/python3.8/site-packages/airflow/example_dags/tutorial_taskflow_api.py
[2026-08-18T12:37:50.795+0000] {logging_mixin.py:188} INFO - [2026-08-18T12:37:50.795+0000] {dag.py:3036} INFO - Sync 1 DAGs
[2026-08-18T12:37:50.814+0000] {logging_mixin.py:188} INFO - [2026-08-18T12:37:50.814+0000] {dag.py:3823} INFO - Setting next_dagrun for tutorial_taskflow_api to None, run_after=None
[2026-08-18T12:37:50.846+0000] {processor.py:183} INFO - Processing /home/airflow/.local/lib/python3.8/site-packages/airflow/example_dags/tutorial_taskflow_api.py took 0.096 seconds
[2026-08-18T12:38:24.030+0000] {processor.py:161} INFO - Started process (PID=3432) to work on /home/airflow/.local/lib/python3.8/site-packages/airflow/example_dags/tutorial_taskflow_api.py
[2026-08-18T12:38:24.031+0000] {processor.py:830} INFO - Processing file /home/airflow/.local/lib/python3.8/site-packages/airflow/example_dags/tutorial_taskflow_api.py for tasks to queue
[2026-08-18T12:38:24.033+0000] {logging_mixin.py:188} INFO - [2026-08-18T12:38:24.033+0000] {dagbag.py:538} INFO - Filling up the DagBag from /home/airflow/.local/lib/python3.8/site-packages/airflow/example_dags/tutorial_taskflow_api.py
[2026-08-18T12:38:24.039+0000] {processor.py:840} INFO - DAG(s) 'tutorial_taskflow_api' retrieved from /home/airflow/.local/lib/python3.8/site-packages/airflow/example_dags/tutorial_taskflow_api.py
[2026-08-18T12:38:24.059+0000] {logging_mixin.py:188} INFO - [2026-08-18T12:38:24.059+0000] {dag.py:3036} INFO - Sync 1 DAGs
[2026-08-18T12:38:24.071+0000] {logging_mixin.py:188} INFO - [2026-08-18T12:38:24.071+0000] {dag.py:3823} INFO - Setting next_dagrun for tutorial_taskflow_api to None, run_after=None
[2026-08-18T12:38:24.089+0000] {processor.py:183} INFO - Processing /home/airflow/.local/lib/python3.8/site-packages/airflow/example_dags/tutorial_taskflow_api.py took 0.062 seconds
[2026-08-18T12:38:54.210+0000] {processor.py:161} INFO - Started process (PID=3513) to work on /home/airflow/.local/lib/python3.8/site-packages/airflow/example_dags/tutorial_taskflow_api.py
[2026-08-18T12:38:54.212+0000] {processor.py:830} INFO - Processing file /home/airflow/.local/lib/python3.8/site-packages/airflow/example_dags/tutorial_taskflow_api.py for tasks to queue
[2026-08-18T12:38:54.215+0000] {logging_mixin.py:188} INFO - [2026-08-18T12:38:54.214+0000] {dagbag.py:538} INFO - Filling up the DagBag from /home/airflow/.local/lib/python3.8/site-packages/airflow/example_dags/tutorial_taskflow_api.py
[2026-08-18T12:38:54.225+0000] {processor.py:840} INFO - DAG(s) 'tutorial_taskflow_api' retrieved from /home/airflow/.local/lib/python3.8/site-packages/airflow/example_dags/tutorial_taskflow_api.py
[2026-08-18T12:38:54.253+0000] {logging_mixin.py:188} INFO - [2026-08-18T12:38:54.253+0000] {dag.py:3036} INFO - Sync 1 DAGs
[2026-08-18T12:38:54.271+0000] {logging_mixin.py:188} INFO - [2026-08-18T12:38:54.270+0000] {dag.py:3823} INFO - Setting next_dagrun for tutorial_taskflow_api to None, run_after=None
[2026-08-18T12:38:54.300+0000] {processor.py:183} INFO - Processing /home/airflow/.local/lib/python3.8/site-packages/airflow/example_dags/tutorial_taskflow_api.py took 0.095 seconds
[2026-08-18T12:39:25.655+0000] {processor.py:161} INFO - Started process (PID=3603) to work on /home/airflow/.local/lib/python3.8/site-packages/airflow/example_dags/tutorial_taskflow_api.py
[2026-08-18T12:39:25.657+0000] {processor.py:830} INFO - Processing file /home/airflow/.local/lib/python3.8/site-packages/airflow/example_dags/tutorial_taskflow_api.py for tasks to queue
[2026-08-18T12:39:25.660+0000] {logging_mixin.py:188} INFO - [2026-08-18T12:39:25.659+0000] {dagbag.py:538} INFO - Filling up the DagBag from /home/airflow/.local/lib/python3.8/site-packages/airflow/example_dags/tutorial_taskflow_api.py
[2026-08-18T12:39:25.668+0000] {processor.py:840} INFO - DAG(s) 'tutorial_taskflow_api' retrieved from /home/airflow/.local/lib/python3.8/site-packages/airflow/example_dags/tutorial_taskflow_api.py
[2026-08-18T12:39:25.696+0000] {logging_mixin.py:188} INFO - [2026-08-18T12:39:25.695+0000] {dag.py:3036} INFO - Sync 1 DAGs
[2026-08-18T12:39:25.714+0000] {logging_mixin.py:188} INFO - [2026-08-18T12:39:25.714+0000] {dag.py:3823} INFO - Setting next_dagrun for tutorial_taskflow_api to None, run_after=None
[2026-08-18T12:39:25.753+0000] {processor.py:183} INFO - Processing /home/airflow/.local/lib/python3.8/site-packages/airflow/example_dags/tutorial_taskflow_api.py took 0.103 seconds
[2026-08-18T12:39:56.851+0000] {processor.py:161} INFO - Started process (PID=3684) to work on /home/airflow/.local/lib/python3.8/site-packages/airflow/example_dags/tutorial_taskflow_api.py
[2026-08-18T12:39:56.853+0000] {processor.py:830} INFO - Processing file /home/airflow/.local/lib/python3.8/site-packages/airflow/example_dags/tutorial_taskflow_api.py for tasks to queue
[2026-08-18T12:39:56.855+0000] {logging_mixin.py:188} INFO - [2026-08-18T12:39:56.854+0000] {dagbag.py:538} INFO - Filling up the DagBag from /home/airflow/.local/lib/python3.8/site-packages/airflow/example_dags/tutorial_taskflow_api.py
[2026-08-18T12:39:56.862+0000] {processor.py:840} INFO - DAG(s) 'tutorial_taskflow_api' retrieved from /home/airflow/.local/lib/python3.8/site-packages/airflow/example_dags/tutorial_taskflow_api.py
[2026-08-18T12:39:56.884+0000] {logging_mixin.py:188} INFO - [2026-08-18T12:39:56.884+0000] {dag.py:3036} INFO - Sync 1 DAGs
[2026-08-18T12:39:56.896+0000] {logging_mixin.py:188} INFO - [2026-08-18T12:39:56.896+0000] {dag.py:3823} INFO - Setting next_dagrun for tutorial_taskflow_api to None, run_after=None
[2026-08-18T12:39:56.916+0000] {processor.py:183} INFO - Processing /home/airflow/.local/lib/python3.8/site-packages/airflow/example_dags/tutorial_taskflow_api.py took 0.069 seconds
[2026-08-18T12:40:27.498+0000] {processor.py:161} INFO - Started process (PID=3765) to work on /home/airflow/.local/lib/python3.8/site-packages/airflow/example_dags/tutorial_taskflow_api.py
[2026-08-18T12:40:27.500+0000] {processor.py:830} INFO - Processing file /home/airflow/.local/lib/python3.8/site-packages/airflow/example_dags/tutorial_taskflow_api.py for tasks to queue
[2026-08-18T12:40:27.503+0000] {logging_mixin.py:188} INFO - [2026-08-18T12:40:27.503+0000] {dagbag.py:538} INFO - Filling up the DagBag from /home/airflow/.local/lib/python3.8/site-packages/airflow/example_dags/tutorial_taskflow_api.py
[2026-08-18T12:40:27.515+0000] {processor.py:840} INFO - DAG(s) 'tutorial_taskflow_api' retrieved from /home/airflow/.local/lib/python3.8/site-packages/airflow/example_dags/tutorial_taskflow_api.py
[2026-08-18T12:40:27.539+0000] {logging_mixin.py:188} INFO - [2026-08-18T12:40:27.539+0000] {dag.py:3036} INFO - Sync 1 DAGs
[2026-08-18T12:40:27.551+0000] {logging_mixin.py:188} INFO - [2026-08-18T12:40:27.551+0000] {dag.py:3823} INFO - Setting next_dagrun for tutorial_taskflow_api to None, run_after=None
[2026-08-18T12:40:27.573+0000] {processor.py:183} INFO - Processing /home/airflow/.local/lib/python3.8/site-packages/airflow/example_dags/tutorial_taskflow_api.py took 0.080 seconds
[2026-08-18T12:40:58.896+0000] {processor.py:161} INFO - Started process (PID=3846) to work on /home/airflow/.local/lib/python3.8/site-packages/airflow/example_dags/tutorial_taskflow_api.py
[2026-08-18T12:40:58.897+0000] {processor.py:830} INFO - Processing file /home/airflow/.local/lib/python3.8/site-packages/airflow/example_dags/tutorial_taskflow_api.py for tasks to queue
[2026-08-18T12:40:58.899+0000] {logging_mixin.py:188} INFO - [2026-08-18T12:40:58.899+0000] {dagbag.py:538} INFO - Filling up the DagBag from /home/airflow/.local/lib/python3.8/site-packages/airflow/example_dags/tutorial_taskflow_api.py
[2026-08-18T12:40:58.906+0000] {processor.py:840} INFO - DAG(s) 'tutorial_taskflow_api' retrieved from /home/airflow/.local/lib/python3.8/site-packages/airflow/example_dags/tutorial_taskflow_api.py
[2026-08-18T12:40:58.933+0000] {logging_mixin.py:188} INFO - [2026-08-18T12:40:58.933+0000] {dag.py:3036} INFO - Sync 1 DAGs
[2026-08-18T12:40:58.948+0000] {logging_mixin.py:188} INFO - [2026-08-18T12:40:58.948+0000] {dag.py:3823} INFO - Setting next_dagrun for tutorial_taskflow_api to None, run_after=None
[2026-08-18T12:40:58.979+0000] {processor.py:183} INFO - Processing /home/airflow/.local/lib/python3.8/site-packages/airflow/example_dags/tutorial_taskflow_api.py took 0.088 seconds
[2026-08-18T12:41:30.033+0000] {processor.py:161} INFO - Started process (PID=3928) to work on /home/airflow/.local/lib/python3.8/site-packages/airflow/example_dags/tutorial_taskflow_api.py
[2026-08-18T12:41:30.035+0000] {processor.py:830} INFO - Processing file /home/airflow/.local/lib/python3.8/site-packages/airflow/example_dags/tutorial_taskflow_api.py for tasks to queue
[2026-08-18T12:41:30.037+0000] {logging_mixin.py:188} INFO - [2026-08-18T12:41:30.037+0000] {dagbag.py:538} INFO - Filling up the DagBag from /home/airflow/.local/lib/python3.8/site-packages/airflow/example_dags/tutorial_taskflow_api.py
[2026-08-18T12:41:30.044+0000] {processor.py:840} INFO - DAG(s) 'tutorial_taskflow_api' retrieved from /home/airflow/.local/lib/python3.8/site-packages/airflow/example_dags/tutorial_taskflow_api.py
[2026-08-18T12:41:30.067+0000] {logging_mixin.py:188} INFO - [2026-08-18T12:41:30.066+0000] {dag.py:3036} INFO - Sync 1 DAGs
[2026-08-18T12:41:30.079+0000] {logging_mixin.py:188} INFO - [2026-08-18T12:41:30.079+0000] {dag.py:3823} INFO - Setting next_dagrun for tutorial_taskflow_api to None, run_after=None
[2026-08-18T12:41:30.104+0000] {processor.py:183} INFO - Processing /home/airflow/.local/lib/python3.8/site-packages/airflow/example_dags/tutorial_taskflow_api.py took 0.075 seconds
[2026-08-18T12:42:00.759+0000] {processor.py:161} INFO - Started process (PID=4008) to work on /home/airflow/.local/lib/python3.8/site-packages/airflow/example_dags/tutorial_taskflow_api.py
[2026-08-18T12:42:00.760+0000] {processor.py:830} INFO - Processing file /home/airflow/.local/lib/python3.8/site-packages/airflow/example_dags/tutorial_taskflow_api.py for tasks to queue
[2026-08-18T12:42:00.762+0000] {logging_mixin.py:188} INFO - [2026-08-18T12:42:00.762+0000] {dagbag.py:538} INFO - Filling up the DagBag from /home/airflow/.local/lib/python3.8/site-packages/airflow/example_dags/tutorial_taskflow_api.py
[2026-08-18T12:42:00.769+0000] {processor.py:840} INFO - DAG(s) 'tutorial_taskflow_api' retrieved from /home/airflow/.local/lib/python3.8/site-packages/airflow/example_dags/tutorial_taskflow_api.py
[2026-08-18T12:42:00.791+0000] {logging_mixin.py:188} INFO - [2026-08-18T12:42:00.791+0000] {dag.py:3036} INFO - Sync 1 DAGs
[2026-08-18T12:42:00.804+0000] {logging_mixin.py:188} INFO - [2026-08-18T12:42:00.803+0000] {dag.py:3823} INFO - Setting next_dagrun for tutorial_taskflow_api to None, run_after=None
[2026-08-18T12:42:00.826+0000] {processor.py:183} INFO - Processing /home/airflow/.local/lib/python3.8/site-packages/airflow/example_dags/tutorial_taskflow_api.py took 0.070 seconds
[2026-08-18T12:42:31.770+0000] {processor.py:161} INFO - Started process (PID=4090) to work on /home/airflow/.local/lib/python3.8/site-packages/airflow/example_dags/tutorial_taskflow_api.py
[2026-08-18T12:42:31.771+0000] {processor.py:830} INFO - Processing file /home/airflow/.local/lib/python3.8/site-packages/airflow/example_dags/tutorial_taskflow_api.py for tasks to queue
[2026-08-18T12:42:31.774+0000] {logging_mixin.py:188} INFO - [2026-08-18T12:42:31.773+0000] {dagbag.py:538} INFO - Filling up the DagBag from /home/airflow/.local/lib/python3.8/site-packages/airflow/example_dags/tutorial_taskflow_api.py
[2026-08-18T12:42:31.782+0000] {processor.py:840} INFO - DAG(s) 'tutorial_taskflow_api' retrieved from /home/airflow/.local/lib/python3.8/site-packages/airflow/example_dags/tutorial_taskflow_api.py
[2026-08-18T12:42:31.806+0000] {logging_mixin.py:188} INFO - [2026-08-18T12:42:31.806+0000] {dag.py:3036} INFO - Sync 1 DAGs
[2026-08-18T12:42:31.822+0000] {logging_mixin.py:188} INFO - [2026-08-18T12:42:31.822+0000] {dag.py:3823} INFO - Setting next_dagrun for tutorial_taskflow_api to None, run_after=None
[2026-08-18T12:42:31.847+0000] {processor.py:183} INFO - Processing /home/airflow/.local/lib/python3.8/site-packages/airflow/example_dags/tutorial_taskflow_api.py took 0.081 seconds
[2026-08-18T12:43:02.539+0000] {processor.py:161} INFO - Started process (PID=4171) to work on /home/airflow/.local/lib/python3.8/site-packages/airflow/example_dags/tutorial_taskflow_api.py
[2026-08-18T12:43:02.541+0000] {processor.py:830} INFO - Processing file /home/airflow/.local/lib/python3.8/site-packages/airflow/example_dags/tutorial_taskflow_api.py for tasks to queue
[2026-08-18T12:43:02.544+0000] {logging_mixin.py:188} INFO - [2026-08-18T12:43:02.543+0000] {dagbag.py:538} INFO - Filling up the DagBag from /home/airflow/.local/lib/python3.8/site-packages/airflow/example_dags/tutorial_taskflow_api.py
[2026-08-18T12:43:02.552+0000] {processor.py:840} INFO - DAG(s) 'tutorial_taskflow_api' retrieved from /home/airflow/.local/lib/python3.8/site-packages/airflow/example_dags/tutorial_taskflow_api.py
[2026-08-18T12:43:02.574+0000] {logging_mixin.py:188} INFO - [2026-08-18T12:43:02.574+0000] {dag.py:3036} INFO - Sync 1 DAGs
[2026-08-18T12:43:02.588+0000] {logging_mixin.py:188} INFO - [2026-08-18T12:43:02.587+0000] {dag.py:3823} INFO - Setting next_dagrun for tutorial_taskflow_api to None, run_after=None
[2026-08-18T12:43:02.620+0000] {processor.py:183} INFO - Processing /home/airflow/.local/lib/python3.8/site-packages/airflow/example_dags/tutorial_taskflow_api.py took 0.085 seconds
