[2026-08-06T21:15:54.583+0000] {processor.py:161} INFO - Started process (PID=1147) to work on /opt/airflow/dags/dag_hello_world.py
[2026-08-06T21:15:54.584+0000] {processor.py:830} INFO - Processing file /opt/airflow/dags/dag_hello_world.py for tasks to queue
[2026-08-06T21:15:54.587+0000] {logging_mixin.py:188} INFO - [2026-08-06T21:15:54.586+0000] {dagbag.py:538} INFO - Filling up the DagBag from /opt/airflow/dags/dag_hello_world.py
[2026-08-06T21:15:55.435+0000] {processor.py:840} INFO - DAG(s) 'jour1_hello_world' retrieved from /opt/airflow/dags/dag_hello_world.py
[2026-08-06T21:15:55.598+0000] {logging_mixin.py:188} INFO - [2026-08-06T21:15:55.598+0000] {dag.py:3036} INFO - Sync 1 DAGs
[2026-08-06T21:15:55.626+0000] {logging_mixin.py:188} INFO - [2026-08-06T21:15:55.626+0000] {dag.py:3823} INFO - Setting next_dagrun for jour1_hello_world to 2026-08-05 00:00:00+00:00, run_after=2026-08-06 00:00:00+00:00
[2026-08-06T21:15:55.659+0000] {processor.py:183} INFO - Processing /opt/airflow/dags/dag_hello_world.py took 1.080 seconds
[2026-08-06T21:16:26.025+0000] {processor.py:161} INFO - Started process (PID=1218) to work on /opt/airflow/dags/dag_hello_world.py
[2026-08-06T21:16:26.026+0000] {processor.py:830} INFO - Processing file /opt/airflow/dags/dag_hello_world.py for tasks to queue
[2026-08-06T21:16:26.028+0000] {logging_mixin.py:188} INFO - [2026-08-06T21:16:26.028+0000] {dagbag.py:538} INFO - Filling up the DagBag from /opt/airflow/dags/dag_hello_world.py
[2026-08-06T21:16:26.520+0000] {processor.py:840} INFO - DAG(s) 'jour1_hello_world' retrieved from /opt/airflow/dags/dag_hello_world.py
[2026-08-06T21:16:26.550+0000] {logging_mixin.py:188} INFO - [2026-08-06T21:16:26.549+0000] {dag.py:3036} INFO - Sync 1 DAGs
[2026-08-06T21:16:26.588+0000] {logging_mixin.py:188} INFO - [2026-08-06T21:16:26.588+0000] {dag.py:3823} INFO - Setting next_dagrun for jour1_hello_world to 2026-08-06 00:00:00+00:00, run_after=2026-08-07 00:00:00+00:00
[2026-08-06T21:16:26.621+0000] {processor.py:183} INFO - Processing /opt/airflow/dags/dag_hello_world.py took 0.600 seconds
[2026-08-06T21:16:57.003+0000] {processor.py:161} INFO - Started process (PID=1277) to work on /opt/airflow/dags/dag_hello_world.py
[2026-08-06T21:16:57.005+0000] {processor.py:830} INFO - Processing file /opt/airflow/dags/dag_hello_world.py for tasks to queue
[2026-08-06T21:16:57.008+0000] {logging_mixin.py:188} INFO - [2026-08-06T21:16:57.007+0000] {dagbag.py:538} INFO - Filling up the DagBag from /opt/airflow/dags/dag_hello_world.py
[2026-08-06T21:16:57.476+0000] {processor.py:840} INFO - DAG(s) 'jour1_hello_world' retrieved from /opt/airflow/dags/dag_hello_world.py
[2026-08-06T21:16:57.494+0000] {logging_mixin.py:188} INFO - [2026-08-06T21:16:57.494+0000] {dag.py:3036} INFO - Sync 1 DAGs
[2026-08-06T21:16:57.516+0000] {logging_mixin.py:188} INFO - [2026-08-06T21:16:57.516+0000] {dag.py:3823} INFO - Setting next_dagrun for jour1_hello_world to 2026-08-06 00:00:00+00:00, run_after=2026-08-07 00:00:00+00:00
[2026-08-06T21:16:57.536+0000] {processor.py:183} INFO - Processing /opt/airflow/dags/dag_hello_world.py took 0.539 seconds
[2026-08-06T21:17:27.644+0000] {processor.py:161} INFO - Started process (PID=1336) to work on /opt/airflow/dags/dag_hello_world.py
[2026-08-06T21:17:27.647+0000] {processor.py:830} INFO - Processing file /opt/airflow/dags/dag_hello_world.py for tasks to queue
[2026-08-06T21:17:27.650+0000] {logging_mixin.py:188} INFO - [2026-08-06T21:17:27.650+0000] {dagbag.py:538} INFO - Filling up the DagBag from /opt/airflow/dags/dag_hello_world.py
[2026-08-06T21:17:28.132+0000] {processor.py:840} INFO - DAG(s) 'jour1_hello_world' retrieved from /opt/airflow/dags/dag_hello_world.py
[2026-08-06T21:17:28.152+0000] {logging_mixin.py:188} INFO - [2026-08-06T21:17:28.151+0000] {dag.py:3036} INFO - Sync 1 DAGs
[2026-08-06T21:17:28.174+0000] {logging_mixin.py:188} INFO - [2026-08-06T21:17:28.174+0000] {dag.py:3823} INFO - Setting next_dagrun for jour1_hello_world to 2026-08-06 00:00:00+00:00, run_after=2026-08-07 00:00:00+00:00
[2026-08-06T21:17:28.199+0000] {processor.py:183} INFO - Processing /opt/airflow/dags/dag_hello_world.py took 0.559 seconds
[2026-08-06T21:17:58.730+0000] {processor.py:161} INFO - Started process (PID=1395) to work on /opt/airflow/dags/dag_hello_world.py
[2026-08-06T21:17:58.732+0000] {processor.py:830} INFO - Processing file /opt/airflow/dags/dag_hello_world.py for tasks to queue
[2026-08-06T21:17:58.734+0000] {logging_mixin.py:188} INFO - [2026-08-06T21:17:58.734+0000] {dagbag.py:538} INFO - Filling up the DagBag from /opt/airflow/dags/dag_hello_world.py
[2026-08-06T21:17:59.459+0000] {processor.py:840} INFO - DAG(s) 'jour1_hello_world' retrieved from /opt/airflow/dags/dag_hello_world.py
[2026-08-06T21:17:59.514+0000] {logging_mixin.py:188} INFO - [2026-08-06T21:17:59.514+0000] {dag.py:3036} INFO - Sync 1 DAGs
[2026-08-06T21:17:59.573+0000] {logging_mixin.py:188} INFO - [2026-08-06T21:17:59.573+0000] {dag.py:3823} INFO - Setting next_dagrun for jour1_hello_world to 2026-08-06 00:00:00+00:00, run_after=2026-08-07 00:00:00+00:00
[2026-08-06T21:17:59.604+0000] {processor.py:183} INFO - Processing /opt/airflow/dags/dag_hello_world.py took 0.878 seconds
[2026-08-06T21:18:30.031+0000] {processor.py:161} INFO - Started process (PID=1454) to work on /opt/airflow/dags/dag_hello_world.py
[2026-08-06T21:18:30.032+0000] {processor.py:830} INFO - Processing file /opt/airflow/dags/dag_hello_world.py for tasks to queue
[2026-08-06T21:18:30.034+0000] {logging_mixin.py:188} INFO - [2026-08-06T21:18:30.034+0000] {dagbag.py:538} INFO - Filling up the DagBag from /opt/airflow/dags/dag_hello_world.py
[2026-08-06T21:18:30.517+0000] {processor.py:840} INFO - DAG(s) 'jour1_hello_world' retrieved from /opt/airflow/dags/dag_hello_world.py
[2026-08-06T21:18:30.547+0000] {logging_mixin.py:188} INFO - [2026-08-06T21:18:30.547+0000] {dag.py:3036} INFO - Sync 1 DAGs
[2026-08-06T21:18:30.579+0000] {logging_mixin.py:188} INFO - [2026-08-06T21:18:30.579+0000] {dag.py:3823} INFO - Setting next_dagrun for jour1_hello_world to 2026-08-06 00:00:00+00:00, run_after=2026-08-07 00:00:00+00:00
[2026-08-06T21:18:30.606+0000] {processor.py:183} INFO - Processing /opt/airflow/dags/dag_hello_world.py took 0.581 seconds
[2026-08-06T21:19:00.782+0000] {processor.py:161} INFO - Started process (PID=1513) to work on /opt/airflow/dags/dag_hello_world.py
[2026-08-06T21:19:00.783+0000] {processor.py:830} INFO - Processing file /opt/airflow/dags/dag_hello_world.py for tasks to queue
[2026-08-06T21:19:00.786+0000] {logging_mixin.py:188} INFO - [2026-08-06T21:19:00.785+0000] {dagbag.py:538} INFO - Filling up the DagBag from /opt/airflow/dags/dag_hello_world.py
[2026-08-06T21:19:01.243+0000] {processor.py:840} INFO - DAG(s) 'jour1_hello_world' retrieved from /opt/airflow/dags/dag_hello_world.py
[2026-08-06T21:19:01.261+0000] {logging_mixin.py:188} INFO - [2026-08-06T21:19:01.261+0000] {dag.py:3036} INFO - Sync 1 DAGs
[2026-08-06T21:19:01.281+0000] {logging_mixin.py:188} INFO - [2026-08-06T21:19:01.281+0000] {dag.py:3823} INFO - Setting next_dagrun for jour1_hello_world to 2026-08-06 00:00:00+00:00, run_after=2026-08-07 00:00:00+00:00
[2026-08-06T21:19:01.301+0000] {processor.py:183} INFO - Processing /opt/airflow/dags/dag_hello_world.py took 0.523 seconds
[2026-08-06T21:19:31.806+0000] {processor.py:161} INFO - Started process (PID=1578) to work on /opt/airflow/dags/dag_hello_world.py
[2026-08-06T21:19:31.808+0000] {processor.py:830} INFO - Processing file /opt/airflow/dags/dag_hello_world.py for tasks to queue
[2026-08-06T21:19:31.810+0000] {logging_mixin.py:188} INFO - [2026-08-06T21:19:31.809+0000] {dagbag.py:538} INFO - Filling up the DagBag from /opt/airflow/dags/dag_hello_world.py
[2026-08-06T21:19:32.274+0000] {processor.py:840} INFO - DAG(s) 'jour1_hello_world' retrieved from /opt/airflow/dags/dag_hello_world.py
[2026-08-06T21:19:32.294+0000] {logging_mixin.py:188} INFO - [2026-08-06T21:19:32.293+0000] {dag.py:3036} INFO - Sync 1 DAGs
[2026-08-06T21:19:32.314+0000] {logging_mixin.py:188} INFO - [2026-08-06T21:19:32.314+0000] {dag.py:3823} INFO - Setting next_dagrun for jour1_hello_world to 2026-08-06 00:00:00+00:00, run_after=2026-08-07 00:00:00+00:00
[2026-08-06T21:19:32.338+0000] {processor.py:183} INFO - Processing /opt/airflow/dags/dag_hello_world.py took 0.536 seconds
[2026-08-06T21:20:02.704+0000] {processor.py:161} INFO - Started process (PID=1637) to work on /opt/airflow/dags/dag_hello_world.py
[2026-08-06T21:20:02.705+0000] {processor.py:830} INFO - Processing file /opt/airflow/dags/dag_hello_world.py for tasks to queue
[2026-08-06T21:20:02.707+0000] {logging_mixin.py:188} INFO - [2026-08-06T21:20:02.707+0000] {dagbag.py:538} INFO - Filling up the DagBag from /opt/airflow/dags/dag_hello_world.py
[2026-08-06T21:20:03.121+0000] {processor.py:840} INFO - DAG(s) 'jour1_hello_world' retrieved from /opt/airflow/dags/dag_hello_world.py
[2026-08-06T21:20:03.142+0000] {logging_mixin.py:188} INFO - [2026-08-06T21:20:03.142+0000] {dag.py:3036} INFO - Sync 1 DAGs
[2026-08-06T21:20:03.167+0000] {logging_mixin.py:188} INFO - [2026-08-06T21:20:03.167+0000] {dag.py:3823} INFO - Setting next_dagrun for jour1_hello_world to 2026-08-06 00:00:00+00:00, run_after=2026-08-07 00:00:00+00:00
[2026-08-06T21:20:03.190+0000] {processor.py:183} INFO - Processing /opt/airflow/dags/dag_hello_world.py took 0.490 seconds
[2026-08-06T21:20:33.309+0000] {processor.py:161} INFO - Started process (PID=1696) to work on /opt/airflow/dags/dag_hello_world.py
[2026-08-06T21:20:33.311+0000] {processor.py:830} INFO - Processing file /opt/airflow/dags/dag_hello_world.py for tasks to queue
[2026-08-06T21:20:33.313+0000] {logging_mixin.py:188} INFO - [2026-08-06T21:20:33.312+0000] {dagbag.py:538} INFO - Filling up the DagBag from /opt/airflow/dags/dag_hello_world.py
[2026-08-06T21:20:33.821+0000] {processor.py:840} INFO - DAG(s) 'jour1_hello_world' retrieved from /opt/airflow/dags/dag_hello_world.py
[2026-08-06T21:20:33.838+0000] {logging_mixin.py:188} INFO - [2026-08-06T21:20:33.838+0000] {dag.py:3036} INFO - Sync 1 DAGs
[2026-08-06T21:20:33.859+0000] {logging_mixin.py:188} INFO - [2026-08-06T21:20:33.858+0000] {dag.py:3823} INFO - Setting next_dagrun for jour1_hello_world to 2026-08-06 00:00:00+00:00, run_after=2026-08-07 00:00:00+00:00
[2026-08-06T21:20:33.877+0000] {processor.py:183} INFO - Processing /opt/airflow/dags/dag_hello_world.py took 0.572 seconds
[2026-08-06T21:21:04.389+0000] {processor.py:161} INFO - Started process (PID=1756) to work on /opt/airflow/dags/dag_hello_world.py
[2026-08-06T21:21:04.390+0000] {processor.py:830} INFO - Processing file /opt/airflow/dags/dag_hello_world.py for tasks to queue
[2026-08-06T21:21:04.392+0000] {logging_mixin.py:188} INFO - [2026-08-06T21:21:04.392+0000] {dagbag.py:538} INFO - Filling up the DagBag from /opt/airflow/dags/dag_hello_world.py
[2026-08-06T21:21:04.758+0000] {processor.py:840} INFO - DAG(s) 'jour1_hello_world' retrieved from /opt/airflow/dags/dag_hello_world.py
[2026-08-06T21:21:04.775+0000] {logging_mixin.py:188} INFO - [2026-08-06T21:21:04.775+0000] {dag.py:3036} INFO - Sync 1 DAGs
[2026-08-06T21:21:04.794+0000] {logging_mixin.py:188} INFO - [2026-08-06T21:21:04.794+0000] {dag.py:3823} INFO - Setting next_dagrun for jour1_hello_world to 2026-08-06 00:00:00+00:00, run_after=2026-08-07 00:00:00+00:00
[2026-08-06T21:21:04.812+0000] {processor.py:183} INFO - Processing /opt/airflow/dags/dag_hello_world.py took 0.427 seconds
[2026-08-06T21:21:34.866+0000] {processor.py:161} INFO - Started process (PID=1815) to work on /opt/airflow/dags/dag_hello_world.py
[2026-08-06T21:21:34.867+0000] {processor.py:830} INFO - Processing file /opt/airflow/dags/dag_hello_world.py for tasks to queue
[2026-08-06T21:21:34.869+0000] {logging_mixin.py:188} INFO - [2026-08-06T21:21:34.869+0000] {dagbag.py:538} INFO - Filling up the DagBag from /opt/airflow/dags/dag_hello_world.py
[2026-08-06T21:21:35.234+0000] {processor.py:840} INFO - DAG(s) 'jour1_hello_world' retrieved from /opt/airflow/dags/dag_hello_world.py
[2026-08-06T21:21:35.251+0000] {logging_mixin.py:188} INFO - [2026-08-06T21:21:35.250+0000] {dag.py:3036} INFO - Sync 1 DAGs
[2026-08-06T21:21:35.270+0000] {logging_mixin.py:188} INFO - [2026-08-06T21:21:35.269+0000] {dag.py:3823} INFO - Setting next_dagrun for jour1_hello_world to 2026-08-06 00:00:00+00:00, run_after=2026-08-07 00:00:00+00:00
[2026-08-06T21:21:35.286+0000] {processor.py:183} INFO - Processing /opt/airflow/dags/dag_hello_world.py took 0.424 seconds
[2026-08-06T21:22:05.645+0000] {processor.py:161} INFO - Started process (PID=1874) to work on /opt/airflow/dags/dag_hello_world.py
[2026-08-06T21:22:05.646+0000] {processor.py:830} INFO - Processing file /opt/airflow/dags/dag_hello_world.py for tasks to queue
[2026-08-06T21:22:05.649+0000] {logging_mixin.py:188} INFO - [2026-08-06T21:22:05.648+0000] {dagbag.py:538} INFO - Filling up the DagBag from /opt/airflow/dags/dag_hello_world.py
[2026-08-06T21:22:06.148+0000] {processor.py:840} INFO - DAG(s) 'jour1_hello_world' retrieved from /opt/airflow/dags/dag_hello_world.py
[2026-08-06T21:22:06.170+0000] {logging_mixin.py:188} INFO - [2026-08-06T21:22:06.170+0000] {dag.py:3036} INFO - Sync 1 DAGs
[2026-08-06T21:22:06.204+0000] {logging_mixin.py:188} INFO - [2026-08-06T21:22:06.203+0000] {dag.py:3823} INFO - Setting next_dagrun for jour1_hello_world to 2026-08-06 00:00:00+00:00, run_after=2026-08-07 00:00:00+00:00
[2026-08-06T21:22:06.242+0000] {processor.py:183} INFO - Processing /opt/airflow/dags/dag_hello_world.py took 0.600 seconds
[2026-08-06T21:22:36.584+0000] {processor.py:161} INFO - Started process (PID=1933) to work on /opt/airflow/dags/dag_hello_world.py
[2026-08-06T21:22:36.585+0000] {processor.py:830} INFO - Processing file /opt/airflow/dags/dag_hello_world.py for tasks to queue
[2026-08-06T21:22:36.587+0000] {logging_mixin.py:188} INFO - [2026-08-06T21:22:36.587+0000] {dagbag.py:538} INFO - Filling up the DagBag from /opt/airflow/dags/dag_hello_world.py
[2026-08-06T21:22:36.995+0000] {processor.py:840} INFO - DAG(s) 'jour1_hello_world' retrieved from /opt/airflow/dags/dag_hello_world.py
[2026-08-06T21:22:37.013+0000] {logging_mixin.py:188} INFO - [2026-08-06T21:22:37.013+0000] {dag.py:3036} INFO - Sync 1 DAGs
[2026-08-06T21:22:37.033+0000] {logging_mixin.py:188} INFO - [2026-08-06T21:22:37.033+0000] {dag.py:3823} INFO - Setting next_dagrun for jour1_hello_world to 2026-08-06 00:00:00+00:00, run_after=2026-08-07 00:00:00+00:00
[2026-08-06T21:22:37.050+0000] {processor.py:183} INFO - Processing /opt/airflow/dags/dag_hello_world.py took 0.470 seconds
[2026-08-06T21:23:07.197+0000] {processor.py:161} INFO - Started process (PID=1992) to work on /opt/airflow/dags/dag_hello_world.py
[2026-08-06T21:23:07.198+0000] {processor.py:830} INFO - Processing file /opt/airflow/dags/dag_hello_world.py for tasks to queue
[2026-08-06T21:23:07.200+0000] {logging_mixin.py:188} INFO - [2026-08-06T21:23:07.200+0000] {dagbag.py:538} INFO - Filling up the DagBag from /opt/airflow/dags/dag_hello_world.py
[2026-08-06T21:23:07.620+0000] {processor.py:840} INFO - DAG(s) 'jour1_hello_world' retrieved from /opt/airflow/dags/dag_hello_world.py
[2026-08-06T21:23:07.641+0000] {logging_mixin.py:188} INFO - [2026-08-06T21:23:07.641+0000] {dag.py:3036} INFO - Sync 1 DAGs
[2026-08-06T21:23:07.664+0000] {logging_mixin.py:188} INFO - [2026-08-06T21:23:07.664+0000] {dag.py:3823} INFO - Setting next_dagrun for jour1_hello_world to 2026-08-06 00:00:00+00:00, run_after=2026-08-07 00:00:00+00:00
[2026-08-06T21:23:07.682+0000] {processor.py:183} INFO - Processing /opt/airflow/dags/dag_hello_world.py took 0.489 seconds
[2026-08-06T21:23:37.820+0000] {processor.py:161} INFO - Started process (PID=2051) to work on /opt/airflow/dags/dag_hello_world.py
[2026-08-06T21:23:37.821+0000] {processor.py:830} INFO - Processing file /opt/airflow/dags/dag_hello_world.py for tasks to queue
[2026-08-06T21:23:37.824+0000] {logging_mixin.py:188} INFO - [2026-08-06T21:23:37.823+0000] {dagbag.py:538} INFO - Filling up the DagBag from /opt/airflow/dags/dag_hello_world.py
[2026-08-06T21:23:38.229+0000] {processor.py:840} INFO - DAG(s) 'jour1_hello_world' retrieved from /opt/airflow/dags/dag_hello_world.py
[2026-08-06T21:23:38.248+0000] {logging_mixin.py:188} INFO - [2026-08-06T21:23:38.248+0000] {dag.py:3036} INFO - Sync 1 DAGs
[2026-08-06T21:23:38.268+0000] {logging_mixin.py:188} INFO - [2026-08-06T21:23:38.268+0000] {dag.py:3823} INFO - Setting next_dagrun for jour1_hello_world to 2026-08-06 00:00:00+00:00, run_after=2026-08-07 00:00:00+00:00
[2026-08-06T21:23:38.286+0000] {processor.py:183} INFO - Processing /opt/airflow/dags/dag_hello_world.py took 0.469 seconds
[2026-08-06T21:24:08.342+0000] {processor.py:161} INFO - Started process (PID=2109) to work on /opt/airflow/dags/dag_hello_world.py
[2026-08-06T21:24:08.344+0000] {processor.py:830} INFO - Processing file /opt/airflow/dags/dag_hello_world.py for tasks to queue
[2026-08-06T21:24:08.349+0000] {logging_mixin.py:188} INFO - [2026-08-06T21:24:08.348+0000] {dagbag.py:538} INFO - Filling up the DagBag from /opt/airflow/dags/dag_hello_world.py
[2026-08-06T21:24:08.865+0000] {processor.py:840} INFO - DAG(s) 'jour1_hello_world' retrieved from /opt/airflow/dags/dag_hello_world.py
[2026-08-06T21:24:08.889+0000] {logging_mixin.py:188} INFO - [2026-08-06T21:24:08.889+0000] {dag.py:3036} INFO - Sync 1 DAGs
[2026-08-06T21:24:08.914+0000] {logging_mixin.py:188} INFO - [2026-08-06T21:24:08.914+0000] {dag.py:3823} INFO - Setting next_dagrun for jour1_hello_world to 2026-08-06 00:00:00+00:00, run_after=2026-08-07 00:00:00+00:00
[2026-08-06T21:24:08.940+0000] {processor.py:183} INFO - Processing /opt/airflow/dags/dag_hello_world.py took 0.602 seconds
[2026-08-06T21:24:39.102+0000] {processor.py:161} INFO - Started process (PID=2168) to work on /opt/airflow/dags/dag_hello_world.py
[2026-08-06T21:24:39.105+0000] {processor.py:830} INFO - Processing file /opt/airflow/dags/dag_hello_world.py for tasks to queue
[2026-08-06T21:24:39.107+0000] {logging_mixin.py:188} INFO - [2026-08-06T21:24:39.107+0000] {dagbag.py:538} INFO - Filling up the DagBag from /opt/airflow/dags/dag_hello_world.py
[2026-08-06T21:24:39.694+0000] {processor.py:840} INFO - DAG(s) 'jour1_hello_world' retrieved from /opt/airflow/dags/dag_hello_world.py
[2026-08-06T21:24:39.717+0000] {logging_mixin.py:188} INFO - [2026-08-06T21:24:39.716+0000] {dag.py:3036} INFO - Sync 1 DAGs
[2026-08-06T21:24:39.744+0000] {logging_mixin.py:188} INFO - [2026-08-06T21:24:39.744+0000] {dag.py:3823} INFO - Setting next_dagrun for jour1_hello_world to 2026-08-06 00:00:00+00:00, run_after=2026-08-07 00:00:00+00:00
[2026-08-06T21:24:39.777+0000] {processor.py:183} INFO - Processing /opt/airflow/dags/dag_hello_world.py took 0.682 seconds
[2026-08-06T21:25:09.862+0000] {processor.py:161} INFO - Started process (PID=2227) to work on /opt/airflow/dags/dag_hello_world.py
[2026-08-06T21:25:09.864+0000] {processor.py:830} INFO - Processing file /opt/airflow/dags/dag_hello_world.py for tasks to queue
[2026-08-06T21:25:09.866+0000] {logging_mixin.py:188} INFO - [2026-08-06T21:25:09.866+0000] {dagbag.py:538} INFO - Filling up the DagBag from /opt/airflow/dags/dag_hello_world.py
[2026-08-06T21:25:10.344+0000] {processor.py:840} INFO - DAG(s) 'jour1_hello_world' retrieved from /opt/airflow/dags/dag_hello_world.py
[2026-08-06T21:25:10.365+0000] {logging_mixin.py:188} INFO - [2026-08-06T21:25:10.365+0000] {dag.py:3036} INFO - Sync 1 DAGs
[2026-08-06T21:25:10.389+0000] {logging_mixin.py:188} INFO - [2026-08-06T21:25:10.389+0000] {dag.py:3823} INFO - Setting next_dagrun for jour1_hello_world to 2026-08-06 00:00:00+00:00, run_after=2026-08-07 00:00:00+00:00
[2026-08-06T21:25:10.415+0000] {processor.py:183} INFO - Processing /opt/airflow/dags/dag_hello_world.py took 0.559 seconds
[2026-08-06T21:25:40.557+0000] {processor.py:161} INFO - Started process (PID=2286) to work on /opt/airflow/dags/dag_hello_world.py
[2026-08-06T21:25:40.558+0000] {processor.py:830} INFO - Processing file /opt/airflow/dags/dag_hello_world.py for tasks to queue
[2026-08-06T21:25:40.563+0000] {logging_mixin.py:188} INFO - [2026-08-06T21:25:40.563+0000] {dagbag.py:538} INFO - Filling up the DagBag from /opt/airflow/dags/dag_hello_world.py
[2026-08-06T21:25:40.996+0000] {processor.py:840} INFO - DAG(s) 'jour1_hello_world' retrieved from /opt/airflow/dags/dag_hello_world.py
[2026-08-06T21:25:41.021+0000] {logging_mixin.py:188} INFO - [2026-08-06T21:25:41.020+0000] {dag.py:3036} INFO - Sync 1 DAGs
[2026-08-06T21:25:41.054+0000] {logging_mixin.py:188} INFO - [2026-08-06T21:25:41.054+0000] {dag.py:3823} INFO - Setting next_dagrun for jour1_hello_world to 2026-08-06 00:00:00+00:00, run_after=2026-08-07 00:00:00+00:00
[2026-08-06T21:25:41.087+0000] {processor.py:183} INFO - Processing /opt/airflow/dags/dag_hello_world.py took 0.534 seconds
[2026-08-06T21:26:11.302+0000] {processor.py:161} INFO - Started process (PID=2351) to work on /opt/airflow/dags/dag_hello_world.py
[2026-08-06T21:26:11.304+0000] {processor.py:830} INFO - Processing file /opt/airflow/dags/dag_hello_world.py for tasks to queue
[2026-08-06T21:26:11.307+0000] {logging_mixin.py:188} INFO - [2026-08-06T21:26:11.306+0000] {dagbag.py:538} INFO - Filling up the DagBag from /opt/airflow/dags/dag_hello_world.py
[2026-08-06T21:26:11.847+0000] {processor.py:840} INFO - DAG(s) 'jour1_hello_world' retrieved from /opt/airflow/dags/dag_hello_world.py
[2026-08-06T21:26:11.870+0000] {logging_mixin.py:188} INFO - [2026-08-06T21:26:11.870+0000] {dag.py:3036} INFO - Sync 1 DAGs
[2026-08-06T21:26:11.918+0000] {logging_mixin.py:188} INFO - [2026-08-06T21:26:11.916+0000] {dag.py:3823} INFO - Setting next_dagrun for jour1_hello_world to 2026-08-06 00:00:00+00:00, run_after=2026-08-07 00:00:00+00:00
[2026-08-06T21:26:11.956+0000] {processor.py:183} INFO - Processing /opt/airflow/dags/dag_hello_world.py took 0.660 seconds
[2026-08-06T21:26:42.195+0000] {processor.py:161} INFO - Started process (PID=2416) to work on /opt/airflow/dags/dag_hello_world.py
[2026-08-06T21:26:42.196+0000] {processor.py:830} INFO - Processing file /opt/airflow/dags/dag_hello_world.py for tasks to queue
[2026-08-06T21:26:42.198+0000] {logging_mixin.py:188} INFO - [2026-08-06T21:26:42.198+0000] {dagbag.py:538} INFO - Filling up the DagBag from /opt/airflow/dags/dag_hello_world.py
[2026-08-06T21:26:42.663+0000] {processor.py:840} INFO - DAG(s) 'jour1_hello_world' retrieved from /opt/airflow/dags/dag_hello_world.py
[2026-08-06T21:26:42.681+0000] {logging_mixin.py:188} INFO - [2026-08-06T21:26:42.681+0000] {dag.py:3036} INFO - Sync 1 DAGs
[2026-08-06T21:26:42.703+0000] {logging_mixin.py:188} INFO - [2026-08-06T21:26:42.703+0000] {dag.py:3823} INFO - Setting next_dagrun for jour1_hello_world to 2026-08-06 00:00:00+00:00, run_after=2026-08-07 00:00:00+00:00
[2026-08-06T21:26:42.728+0000] {processor.py:183} INFO - Processing /opt/airflow/dags/dag_hello_world.py took 0.538 seconds
[2026-08-06T21:27:12.819+0000] {processor.py:161} INFO - Started process (PID=2481) to work on /opt/airflow/dags/dag_hello_world.py
[2026-08-06T21:27:12.820+0000] {processor.py:830} INFO - Processing file /opt/airflow/dags/dag_hello_world.py for tasks to queue
[2026-08-06T21:27:12.823+0000] {logging_mixin.py:188} INFO - [2026-08-06T21:27:12.822+0000] {dagbag.py:538} INFO - Filling up the DagBag from /opt/airflow/dags/dag_hello_world.py
[2026-08-06T21:27:13.225+0000] {processor.py:840} INFO - DAG(s) 'jour1_hello_world' retrieved from /opt/airflow/dags/dag_hello_world.py
[2026-08-06T21:27:13.242+0000] {logging_mixin.py:188} INFO - [2026-08-06T21:27:13.242+0000] {dag.py:3036} INFO - Sync 1 DAGs
[2026-08-06T21:27:13.261+0000] {logging_mixin.py:188} INFO - [2026-08-06T21:27:13.261+0000] {dag.py:3823} INFO - Setting next_dagrun for jour1_hello_world to 2026-08-06 00:00:00+00:00, run_after=2026-08-07 00:00:00+00:00
[2026-08-06T21:27:13.282+0000] {processor.py:183} INFO - Processing /opt/airflow/dags/dag_hello_world.py took 0.467 seconds
[2026-08-06T21:27:43.859+0000] {processor.py:161} INFO - Started process (PID=2546) to work on /opt/airflow/dags/dag_hello_world.py
[2026-08-06T21:27:43.861+0000] {processor.py:830} INFO - Processing file /opt/airflow/dags/dag_hello_world.py for tasks to queue
[2026-08-06T21:27:43.863+0000] {logging_mixin.py:188} INFO - [2026-08-06T21:27:43.862+0000] {dagbag.py:538} INFO - Filling up the DagBag from /opt/airflow/dags/dag_hello_world.py
[2026-08-06T21:27:44.318+0000] {processor.py:840} INFO - DAG(s) 'jour1_hello_world' retrieved from /opt/airflow/dags/dag_hello_world.py
[2026-08-06T21:27:44.344+0000] {logging_mixin.py:188} INFO - [2026-08-06T21:27:44.344+0000] {dag.py:3036} INFO - Sync 1 DAGs
[2026-08-06T21:27:44.430+0000] {logging_mixin.py:188} INFO - [2026-08-06T21:27:44.430+0000] {dag.py:3823} INFO - Setting next_dagrun for jour1_hello_world to 2026-08-06 00:00:00+00:00, run_after=2026-08-07 00:00:00+00:00
[2026-08-06T21:27:44.460+0000] {processor.py:183} INFO - Processing /opt/airflow/dags/dag_hello_world.py took 0.605 seconds
[2026-08-06T21:28:14.555+0000] {processor.py:161} INFO - Started process (PID=2611) to work on /opt/airflow/dags/dag_hello_world.py
[2026-08-06T21:28:14.557+0000] {processor.py:830} INFO - Processing file /opt/airflow/dags/dag_hello_world.py for tasks to queue
[2026-08-06T21:28:14.559+0000] {logging_mixin.py:188} INFO - [2026-08-06T21:28:14.558+0000] {dagbag.py:538} INFO - Filling up the DagBag from /opt/airflow/dags/dag_hello_world.py
[2026-08-06T21:28:15.017+0000] {processor.py:840} INFO - DAG(s) 'jour1_hello_world' retrieved from /opt/airflow/dags/dag_hello_world.py
[2026-08-06T21:28:15.038+0000] {logging_mixin.py:188} INFO - [2026-08-06T21:28:15.037+0000] {dag.py:3036} INFO - Sync 1 DAGs
[2026-08-06T21:28:15.069+0000] {logging_mixin.py:188} INFO - [2026-08-06T21:28:15.068+0000] {dag.py:3823} INFO - Setting next_dagrun for jour1_hello_world to 2026-08-06 00:00:00+00:00, run_after=2026-08-07 00:00:00+00:00
[2026-08-06T21:28:15.094+0000] {processor.py:183} INFO - Processing /opt/airflow/dags/dag_hello_world.py took 0.542 seconds
[2026-08-06T21:28:45.199+0000] {processor.py:161} INFO - Started process (PID=2676) to work on /opt/airflow/dags/dag_hello_world.py
[2026-08-06T21:28:45.201+0000] {processor.py:830} INFO - Processing file /opt/airflow/dags/dag_hello_world.py for tasks to queue
[2026-08-06T21:28:45.203+0000] {logging_mixin.py:188} INFO - [2026-08-06T21:28:45.203+0000] {dagbag.py:538} INFO - Filling up the DagBag from /opt/airflow/dags/dag_hello_world.py
[2026-08-06T21:28:45.459+0000] {processor.py:840} INFO - DAG(s) 'jour1_hello_world' retrieved from /opt/airflow/dags/dag_hello_world.py
[2026-08-06T21:28:45.478+0000] {logging_mixin.py:188} INFO - [2026-08-06T21:28:45.478+0000] {dag.py:3036} INFO - Sync 1 DAGs
[2026-08-06T21:28:45.500+0000] {logging_mixin.py:188} INFO - [2026-08-06T21:28:45.499+0000] {dag.py:3823} INFO - Setting next_dagrun for jour1_hello_world to 2026-08-06 00:00:00+00:00, run_after=2026-08-07 00:00:00+00:00
[2026-08-06T21:28:45.521+0000] {processor.py:183} INFO - Processing /opt/airflow/dags/dag_hello_world.py took 0.325 seconds
[2026-08-06T21:29:15.965+0000] {processor.py:161} INFO - Started process (PID=2741) to work on /opt/airflow/dags/dag_hello_world.py
[2026-08-06T21:29:15.966+0000] {processor.py:830} INFO - Processing file /opt/airflow/dags/dag_hello_world.py for tasks to queue
[2026-08-06T21:29:15.969+0000] {logging_mixin.py:188} INFO - [2026-08-06T21:29:15.969+0000] {dagbag.py:538} INFO - Filling up the DagBag from /opt/airflow/dags/dag_hello_world.py
[2026-08-06T21:29:16.218+0000] {processor.py:840} INFO - DAG(s) 'jour1_hello_world' retrieved from /opt/airflow/dags/dag_hello_world.py
[2026-08-06T21:29:16.241+0000] {logging_mixin.py:188} INFO - [2026-08-06T21:29:16.240+0000] {dag.py:3036} INFO - Sync 1 DAGs
[2026-08-06T21:29:16.264+0000] {logging_mixin.py:188} INFO - [2026-08-06T21:29:16.263+0000] {dag.py:3823} INFO - Setting next_dagrun for jour1_hello_world to 2026-08-06 00:00:00+00:00, run_after=2026-08-07 00:00:00+00:00
[2026-08-06T21:29:16.285+0000] {processor.py:183} INFO - Processing /opt/airflow/dags/dag_hello_world.py took 0.325 seconds
[2026-08-06T21:29:46.562+0000] {processor.py:161} INFO - Started process (PID=2806) to work on /opt/airflow/dags/dag_hello_world.py
[2026-08-06T21:29:46.564+0000] {processor.py:830} INFO - Processing file /opt/airflow/dags/dag_hello_world.py for tasks to queue
[2026-08-06T21:29:46.569+0000] {logging_mixin.py:188} INFO - [2026-08-06T21:29:46.568+0000] {dagbag.py:538} INFO - Filling up the DagBag from /opt/airflow/dags/dag_hello_world.py
[2026-08-06T21:29:46.815+0000] {processor.py:840} INFO - DAG(s) 'jour1_hello_world' retrieved from /opt/airflow/dags/dag_hello_world.py
[2026-08-06T21:29:46.837+0000] {logging_mixin.py:188} INFO - [2026-08-06T21:29:46.836+0000] {dag.py:3036} INFO - Sync 1 DAGs
[2026-08-06T21:29:46.859+0000] {logging_mixin.py:188} INFO - [2026-08-06T21:29:46.859+0000] {dag.py:3823} INFO - Setting next_dagrun for jour1_hello_world to 2026-08-06 00:00:00+00:00, run_after=2026-08-07 00:00:00+00:00
[2026-08-06T21:29:46.883+0000] {processor.py:183} INFO - Processing /opt/airflow/dags/dag_hello_world.py took 0.326 seconds
[2026-08-06T21:30:17.089+0000] {processor.py:161} INFO - Started process (PID=2871) to work on /opt/airflow/dags/dag_hello_world.py
[2026-08-06T21:30:17.090+0000] {processor.py:830} INFO - Processing file /opt/airflow/dags/dag_hello_world.py for tasks to queue
[2026-08-06T21:30:17.093+0000] {logging_mixin.py:188} INFO - [2026-08-06T21:30:17.093+0000] {dagbag.py:538} INFO - Filling up the DagBag from /opt/airflow/dags/dag_hello_world.py
[2026-08-06T21:30:17.421+0000] {processor.py:840} INFO - DAG(s) 'jour1_hello_world' retrieved from /opt/airflow/dags/dag_hello_world.py
[2026-08-06T21:30:17.449+0000] {logging_mixin.py:188} INFO - [2026-08-06T21:30:17.448+0000] {dag.py:3036} INFO - Sync 1 DAGs
[2026-08-06T21:30:17.478+0000] {logging_mixin.py:188} INFO - [2026-08-06T21:30:17.478+0000] {dag.py:3823} INFO - Setting next_dagrun for jour1_hello_world to 2026-08-06 00:00:00+00:00, run_after=2026-08-07 00:00:00+00:00
[2026-08-06T21:30:17.509+0000] {processor.py:183} INFO - Processing /opt/airflow/dags/dag_hello_world.py took 0.424 seconds
[2026-08-06T21:30:48.178+0000] {processor.py:161} INFO - Started process (PID=2948) to work on /opt/airflow/dags/dag_hello_world.py
[2026-08-06T21:30:48.181+0000] {processor.py:830} INFO - Processing file /opt/airflow/dags/dag_hello_world.py for tasks to queue
[2026-08-06T21:30:48.183+0000] {logging_mixin.py:188} INFO - [2026-08-06T21:30:48.183+0000] {dagbag.py:538} INFO - Filling up the DagBag from /opt/airflow/dags/dag_hello_world.py
[2026-08-06T21:30:48.567+0000] {processor.py:840} INFO - DAG(s) 'jour1_hello_world' retrieved from /opt/airflow/dags/dag_hello_world.py
[2026-08-06T21:30:48.596+0000] {logging_mixin.py:188} INFO - [2026-08-06T21:30:48.596+0000] {dag.py:3036} INFO - Sync 1 DAGs
[2026-08-06T21:30:48.629+0000] {logging_mixin.py:188} INFO - [2026-08-06T21:30:48.629+0000] {dag.py:3823} INFO - Setting next_dagrun for jour1_hello_world to 2026-08-06 00:00:00+00:00, run_after=2026-08-07 00:00:00+00:00
[2026-08-06T21:30:48.658+0000] {processor.py:183} INFO - Processing /opt/airflow/dags/dag_hello_world.py took 0.485 seconds
[2026-08-06T21:31:18.770+0000] {processor.py:161} INFO - Started process (PID=3025) to work on /opt/airflow/dags/dag_hello_world.py
[2026-08-06T21:31:18.772+0000] {processor.py:830} INFO - Processing file /opt/airflow/dags/dag_hello_world.py for tasks to queue
[2026-08-06T21:31:18.775+0000] {logging_mixin.py:188} INFO - [2026-08-06T21:31:18.775+0000] {dagbag.py:538} INFO - Filling up the DagBag from /opt/airflow/dags/dag_hello_world.py
[2026-08-06T21:31:19.278+0000] {processor.py:840} INFO - DAG(s) 'jour1_hello_world' retrieved from /opt/airflow/dags/dag_hello_world.py
[2026-08-06T21:31:19.359+0000] {logging_mixin.py:188} INFO - [2026-08-06T21:31:19.358+0000] {dag.py:3036} INFO - Sync 1 DAGs
[2026-08-06T21:31:19.440+0000] {logging_mixin.py:188} INFO - [2026-08-06T21:31:19.439+0000] {dag.py:3823} INFO - Setting next_dagrun for jour1_hello_world to 2026-08-06 00:00:00+00:00, run_after=2026-08-07 00:00:00+00:00
[2026-08-06T21:31:19.488+0000] {processor.py:183} INFO - Processing /opt/airflow/dags/dag_hello_world.py took 0.726 seconds
[2026-08-06T21:31:49.754+0000] {processor.py:161} INFO - Started process (PID=3094) to work on /opt/airflow/dags/dag_hello_world.py
[2026-08-06T21:31:49.755+0000] {processor.py:830} INFO - Processing file /opt/airflow/dags/dag_hello_world.py for tasks to queue
[2026-08-06T21:31:49.757+0000] {logging_mixin.py:188} INFO - [2026-08-06T21:31:49.757+0000] {dagbag.py:538} INFO - Filling up the DagBag from /opt/airflow/dags/dag_hello_world.py
[2026-08-06T21:31:50.083+0000] {processor.py:840} INFO - DAG(s) 'jour1_hello_world' retrieved from /opt/airflow/dags/dag_hello_world.py
[2026-08-06T21:31:50.105+0000] {logging_mixin.py:188} INFO - [2026-08-06T21:31:50.105+0000] {dag.py:3036} INFO - Sync 1 DAGs
[2026-08-06T21:31:50.130+0000] {logging_mixin.py:188} INFO - [2026-08-06T21:31:50.130+0000] {dag.py:3823} INFO - Setting next_dagrun for jour1_hello_world to 2026-08-06 00:00:00+00:00, run_after=2026-08-07 00:00:00+00:00
[2026-08-06T21:31:50.158+0000] {processor.py:183} INFO - Processing /opt/airflow/dags/dag_hello_world.py took 0.408 seconds
[2026-08-06T21:32:20.419+0000] {processor.py:161} INFO - Started process (PID=3159) to work on /opt/airflow/dags/dag_hello_world.py
[2026-08-06T21:32:20.420+0000] {processor.py:830} INFO - Processing file /opt/airflow/dags/dag_hello_world.py for tasks to queue
[2026-08-06T21:32:20.423+0000] {logging_mixin.py:188} INFO - [2026-08-06T21:32:20.422+0000] {dagbag.py:538} INFO - Filling up the DagBag from /opt/airflow/dags/dag_hello_world.py
[2026-08-06T21:32:20.717+0000] {processor.py:840} INFO - DAG(s) 'jour1_hello_world' retrieved from /opt/airflow/dags/dag_hello_world.py
[2026-08-06T21:32:20.739+0000] {logging_mixin.py:188} INFO - [2026-08-06T21:32:20.739+0000] {dag.py:3036} INFO - Sync 1 DAGs
[2026-08-06T21:32:20.764+0000] {logging_mixin.py:188} INFO - [2026-08-06T21:32:20.763+0000] {dag.py:3823} INFO - Setting next_dagrun for jour1_hello_world to 2026-08-06 00:00:00+00:00, run_after=2026-08-07 00:00:00+00:00
[2026-08-06T21:32:20.787+0000] {processor.py:183} INFO - Processing /opt/airflow/dags/dag_hello_world.py took 0.372 seconds
[2026-08-06T21:32:51.077+0000] {processor.py:161} INFO - Started process (PID=3224) to work on /opt/airflow/dags/dag_hello_world.py
[2026-08-06T21:32:51.078+0000] {processor.py:830} INFO - Processing file /opt/airflow/dags/dag_hello_world.py for tasks to queue
[2026-08-06T21:32:51.081+0000] {logging_mixin.py:188} INFO - [2026-08-06T21:32:51.080+0000] {dagbag.py:538} INFO - Filling up the DagBag from /opt/airflow/dags/dag_hello_world.py
[2026-08-06T21:32:51.352+0000] {processor.py:840} INFO - DAG(s) 'jour1_hello_world' retrieved from /opt/airflow/dags/dag_hello_world.py
[2026-08-06T21:32:51.374+0000] {logging_mixin.py:188} INFO - [2026-08-06T21:32:51.374+0000] {dag.py:3036} INFO - Sync 1 DAGs
[2026-08-06T21:32:51.398+0000] {logging_mixin.py:188} INFO - [2026-08-06T21:32:51.398+0000] {dag.py:3823} INFO - Setting next_dagrun for jour1_hello_world to 2026-08-06 00:00:00+00:00, run_after=2026-08-07 00:00:00+00:00
[2026-08-06T21:32:51.426+0000] {processor.py:183} INFO - Processing /opt/airflow/dags/dag_hello_world.py took 0.352 seconds
[2026-08-06T21:33:21.725+0000] {processor.py:161} INFO - Started process (PID=3293) to work on /opt/airflow/dags/dag_hello_world.py
[2026-08-06T21:33:21.726+0000] {processor.py:830} INFO - Processing file /opt/airflow/dags/dag_hello_world.py for tasks to queue
[2026-08-06T21:33:21.729+0000] {logging_mixin.py:188} INFO - [2026-08-06T21:33:21.728+0000] {dagbag.py:538} INFO - Filling up the DagBag from /opt/airflow/dags/dag_hello_world.py
[2026-08-06T21:33:21.974+0000] {processor.py:840} INFO - DAG(s) 'jour1_hello_world' retrieved from /opt/airflow/dags/dag_hello_world.py
[2026-08-06T21:33:21.997+0000] {logging_mixin.py:188} INFO - [2026-08-06T21:33:21.997+0000] {dag.py:3036} INFO - Sync 1 DAGs
[2026-08-06T21:33:22.020+0000] {logging_mixin.py:188} INFO - [2026-08-06T21:33:22.020+0000] {dag.py:3823} INFO - Setting next_dagrun for jour1_hello_world to 2026-08-06 00:00:00+00:00, run_after=2026-08-07 00:00:00+00:00
[2026-08-06T21:33:22.044+0000] {processor.py:183} INFO - Processing /opt/airflow/dags/dag_hello_world.py took 0.324 seconds
[2026-08-06T21:33:52.220+0000] {processor.py:161} INFO - Started process (PID=3362) to work on /opt/airflow/dags/dag_hello_world.py
[2026-08-06T21:33:52.221+0000] {processor.py:830} INFO - Processing file /opt/airflow/dags/dag_hello_world.py for tasks to queue
[2026-08-06T21:33:52.224+0000] {logging_mixin.py:188} INFO - [2026-08-06T21:33:52.223+0000] {dagbag.py:538} INFO - Filling up the DagBag from /opt/airflow/dags/dag_hello_world.py
[2026-08-06T21:33:52.487+0000] {processor.py:840} INFO - DAG(s) 'jour1_hello_world' retrieved from /opt/airflow/dags/dag_hello_world.py
[2026-08-06T21:33:52.509+0000] {logging_mixin.py:188} INFO - [2026-08-06T21:33:52.509+0000] {dag.py:3036} INFO - Sync 1 DAGs
[2026-08-06T21:33:52.534+0000] {logging_mixin.py:188} INFO - [2026-08-06T21:33:52.534+0000] {dag.py:3823} INFO - Setting next_dagrun for jour1_hello_world to 2026-08-06 00:00:00+00:00, run_after=2026-08-07 00:00:00+00:00
[2026-08-06T21:33:52.563+0000] {processor.py:183} INFO - Processing /opt/airflow/dags/dag_hello_world.py took 0.347 seconds
[2026-08-06T21:34:22.987+0000] {processor.py:161} INFO - Started process (PID=3428) to work on /opt/airflow/dags/dag_hello_world.py
[2026-08-06T21:34:22.988+0000] {processor.py:830} INFO - Processing file /opt/airflow/dags/dag_hello_world.py for tasks to queue
[2026-08-06T21:34:22.991+0000] {logging_mixin.py:188} INFO - [2026-08-06T21:34:22.991+0000] {dagbag.py:538} INFO - Filling up the DagBag from /opt/airflow/dags/dag_hello_world.py
[2026-08-06T21:34:23.364+0000] {processor.py:840} INFO - DAG(s) 'jour1_hello_world' retrieved from /opt/airflow/dags/dag_hello_world.py
[2026-08-06T21:34:23.396+0000] {logging_mixin.py:188} INFO - [2026-08-06T21:34:23.395+0000] {dag.py:3036} INFO - Sync 1 DAGs
[2026-08-06T21:34:23.425+0000] {logging_mixin.py:188} INFO - [2026-08-06T21:34:23.425+0000] {dag.py:3823} INFO - Setting next_dagrun for jour1_hello_world to 2026-08-06 00:00:00+00:00, run_after=2026-08-07 00:00:00+00:00
[2026-08-06T21:34:23.456+0000] {processor.py:183} INFO - Processing /opt/airflow/dags/dag_hello_world.py took 0.473 seconds
[2026-08-06T21:34:53.744+0000] {processor.py:161} INFO - Started process (PID=3493) to work on /opt/airflow/dags/dag_hello_world.py
[2026-08-06T21:34:53.746+0000] {processor.py:830} INFO - Processing file /opt/airflow/dags/dag_hello_world.py for tasks to queue
[2026-08-06T21:34:53.751+0000] {logging_mixin.py:188} INFO - [2026-08-06T21:34:53.750+0000] {dagbag.py:538} INFO - Filling up the DagBag from /opt/airflow/dags/dag_hello_world.py
[2026-08-06T21:34:54.086+0000] {processor.py:840} INFO - DAG(s) 'jour1_hello_world' retrieved from /opt/airflow/dags/dag_hello_world.py
[2026-08-06T21:34:54.116+0000] {logging_mixin.py:188} INFO - [2026-08-06T21:34:54.115+0000] {dag.py:3036} INFO - Sync 1 DAGs
[2026-08-06T21:34:54.143+0000] {logging_mixin.py:188} INFO - [2026-08-06T21:34:54.142+0000] {dag.py:3823} INFO - Setting next_dagrun for jour1_hello_world to 2026-08-06 00:00:00+00:00, run_after=2026-08-07 00:00:00+00:00
[2026-08-06T21:34:54.184+0000] {processor.py:183} INFO - Processing /opt/airflow/dags/dag_hello_world.py took 0.446 seconds
[2026-08-06T21:35:24.362+0000] {processor.py:161} INFO - Started process (PID=3558) to work on /opt/airflow/dags/dag_hello_world.py
[2026-08-06T21:35:24.363+0000] {processor.py:830} INFO - Processing file /opt/airflow/dags/dag_hello_world.py for tasks to queue
[2026-08-06T21:35:24.365+0000] {logging_mixin.py:188} INFO - [2026-08-06T21:35:24.364+0000] {dagbag.py:538} INFO - Filling up the DagBag from /opt/airflow/dags/dag_hello_world.py
[2026-08-06T21:35:24.605+0000] {processor.py:840} INFO - DAG(s) 'jour1_hello_world' retrieved from /opt/airflow/dags/dag_hello_world.py
[2026-08-06T21:35:24.628+0000] {logging_mixin.py:188} INFO - [2026-08-06T21:35:24.627+0000] {dag.py:3036} INFO - Sync 1 DAGs
[2026-08-06T21:35:24.649+0000] {logging_mixin.py:188} INFO - [2026-08-06T21:35:24.648+0000] {dag.py:3823} INFO - Setting next_dagrun for jour1_hello_world to 2026-08-06 00:00:00+00:00, run_after=2026-08-07 00:00:00+00:00
[2026-08-06T21:35:24.671+0000] {processor.py:183} INFO - Processing /opt/airflow/dags/dag_hello_world.py took 0.313 seconds
[2026-08-06T21:35:55.091+0000] {processor.py:161} INFO - Started process (PID=3623) to work on /opt/airflow/dags/dag_hello_world.py
[2026-08-06T21:35:55.092+0000] {processor.py:830} INFO - Processing file /opt/airflow/dags/dag_hello_world.py for tasks to queue
[2026-08-06T21:35:55.095+0000] {logging_mixin.py:188} INFO - [2026-08-06T21:35:55.095+0000] {dagbag.py:538} INFO - Filling up the DagBag from /opt/airflow/dags/dag_hello_world.py
[2026-08-06T21:35:55.408+0000] {processor.py:840} INFO - DAG(s) 'jour1_hello_world' retrieved from /opt/airflow/dags/dag_hello_world.py
[2026-08-06T21:35:55.432+0000] {logging_mixin.py:188} INFO - [2026-08-06T21:35:55.432+0000] {dag.py:3036} INFO - Sync 1 DAGs
[2026-08-06T21:35:55.463+0000] {logging_mixin.py:188} INFO - [2026-08-06T21:35:55.463+0000] {dag.py:3823} INFO - Setting next_dagrun for jour1_hello_world to 2026-08-06 00:00:00+00:00, run_after=2026-08-07 00:00:00+00:00
[2026-08-06T21:35:55.491+0000] {processor.py:183} INFO - Processing /opt/airflow/dags/dag_hello_world.py took 0.404 seconds
[2026-08-06T21:36:25.993+0000] {processor.py:161} INFO - Started process (PID=3688) to work on /opt/airflow/dags/dag_hello_world.py
[2026-08-06T21:36:25.995+0000] {processor.py:830} INFO - Processing file /opt/airflow/dags/dag_hello_world.py for tasks to queue
[2026-08-06T21:36:25.998+0000] {logging_mixin.py:188} INFO - [2026-08-06T21:36:25.997+0000] {dagbag.py:538} INFO - Filling up the DagBag from /opt/airflow/dags/dag_hello_world.py
[2026-08-06T21:36:26.339+0000] {processor.py:840} INFO - DAG(s) 'jour1_hello_world' retrieved from /opt/airflow/dags/dag_hello_world.py
[2026-08-06T21:36:26.368+0000] {logging_mixin.py:188} INFO - [2026-08-06T21:36:26.368+0000] {dag.py:3036} INFO - Sync 1 DAGs
[2026-08-06T21:36:26.391+0000] {logging_mixin.py:188} INFO - [2026-08-06T21:36:26.391+0000] {dag.py:3823} INFO - Setting next_dagrun for jour1_hello_world to 2026-08-06 00:00:00+00:00, run_after=2026-08-07 00:00:00+00:00
[2026-08-06T21:36:26.416+0000] {processor.py:183} INFO - Processing /opt/airflow/dags/dag_hello_world.py took 0.427 seconds
[2026-08-06T21:36:56.595+0000] {processor.py:161} INFO - Started process (PID=3753) to work on /opt/airflow/dags/dag_hello_world.py
[2026-08-06T21:36:56.596+0000] {processor.py:830} INFO - Processing file /opt/airflow/dags/dag_hello_world.py for tasks to queue
[2026-08-06T21:36:56.599+0000] {logging_mixin.py:188} INFO - [2026-08-06T21:36:56.599+0000] {dagbag.py:538} INFO - Filling up the DagBag from /opt/airflow/dags/dag_hello_world.py
[2026-08-06T21:36:56.844+0000] {processor.py:840} INFO - DAG(s) 'jour1_hello_world' retrieved from /opt/airflow/dags/dag_hello_world.py
[2026-08-06T21:36:56.867+0000] {logging_mixin.py:188} INFO - [2026-08-06T21:36:56.866+0000] {dag.py:3036} INFO - Sync 1 DAGs
[2026-08-06T21:36:56.889+0000] {logging_mixin.py:188} INFO - [2026-08-06T21:36:56.889+0000] {dag.py:3823} INFO - Setting next_dagrun for jour1_hello_world to 2026-08-06 00:00:00+00:00, run_after=2026-08-07 00:00:00+00:00
[2026-08-06T21:36:56.912+0000] {processor.py:183} INFO - Processing /opt/airflow/dags/dag_hello_world.py took 0.322 seconds
[2026-08-06T21:37:27.682+0000] {processor.py:161} INFO - Started process (PID=3818) to work on /opt/airflow/dags/dag_hello_world.py
[2026-08-06T21:37:27.684+0000] {processor.py:830} INFO - Processing file /opt/airflow/dags/dag_hello_world.py for tasks to queue
[2026-08-06T21:37:27.687+0000] {logging_mixin.py:188} INFO - [2026-08-06T21:37:27.687+0000] {dagbag.py:538} INFO - Filling up the DagBag from /opt/airflow/dags/dag_hello_world.py
[2026-08-06T21:37:28.196+0000] {processor.py:840} INFO - DAG(s) 'jour1_hello_world' retrieved from /opt/airflow/dags/dag_hello_world.py
[2026-08-06T21:37:28.235+0000] {logging_mixin.py:188} INFO - [2026-08-06T21:37:28.234+0000] {dag.py:3036} INFO - Sync 1 DAGs
[2026-08-06T21:37:28.305+0000] {logging_mixin.py:188} INFO - [2026-08-06T21:37:28.304+0000] {dag.py:3823} INFO - Setting next_dagrun for jour1_hello_world to 2026-08-06 00:00:00+00:00, run_after=2026-08-07 00:00:00+00:00
[2026-08-06T21:37:28.377+0000] {processor.py:183} INFO - Processing /opt/airflow/dags/dag_hello_world.py took 0.709 seconds
[2026-08-06T21:37:58.896+0000] {processor.py:161} INFO - Started process (PID=3888) to work on /opt/airflow/dags/dag_hello_world.py
[2026-08-06T21:37:58.898+0000] {processor.py:830} INFO - Processing file /opt/airflow/dags/dag_hello_world.py for tasks to queue
[2026-08-06T21:37:58.901+0000] {logging_mixin.py:188} INFO - [2026-08-06T21:37:58.901+0000] {dagbag.py:538} INFO - Filling up the DagBag from /opt/airflow/dags/dag_hello_world.py
[2026-08-06T21:37:59.297+0000] {processor.py:840} INFO - DAG(s) 'jour1_hello_world' retrieved from /opt/airflow/dags/dag_hello_world.py
[2026-08-06T21:37:59.325+0000] {logging_mixin.py:188} INFO - [2026-08-06T21:37:59.325+0000] {dag.py:3036} INFO - Sync 1 DAGs
[2026-08-06T21:37:59.359+0000] {logging_mixin.py:188} INFO - [2026-08-06T21:37:59.359+0000] {dag.py:3823} INFO - Setting next_dagrun for jour1_hello_world to 2026-08-06 00:00:00+00:00, run_after=2026-08-07 00:00:00+00:00
[2026-08-06T21:37:59.386+0000] {processor.py:183} INFO - Processing /opt/airflow/dags/dag_hello_world.py took 0.498 seconds
[2026-08-06T21:38:29.617+0000] {processor.py:161} INFO - Started process (PID=3953) to work on /opt/airflow/dags/dag_hello_world.py
[2026-08-06T21:38:29.620+0000] {processor.py:830} INFO - Processing file /opt/airflow/dags/dag_hello_world.py for tasks to queue
[2026-08-06T21:38:29.625+0000] {logging_mixin.py:188} INFO - [2026-08-06T21:38:29.624+0000] {dagbag.py:538} INFO - Filling up the DagBag from /opt/airflow/dags/dag_hello_world.py
[2026-08-06T21:38:29.965+0000] {processor.py:840} INFO - DAG(s) 'jour1_hello_world' retrieved from /opt/airflow/dags/dag_hello_world.py
[2026-08-06T21:38:29.987+0000] {logging_mixin.py:188} INFO - [2026-08-06T21:38:29.987+0000] {dag.py:3036} INFO - Sync 1 DAGs
[2026-08-06T21:38:30.015+0000] {logging_mixin.py:188} INFO - [2026-08-06T21:38:30.015+0000] {dag.py:3823} INFO - Setting next_dagrun for jour1_hello_world to 2026-08-06 00:00:00+00:00, run_after=2026-08-07 00:00:00+00:00
[2026-08-06T21:38:30.035+0000] {processor.py:183} INFO - Processing /opt/airflow/dags/dag_hello_world.py took 0.424 seconds
[2026-08-06T21:39:00.581+0000] {processor.py:161} INFO - Started process (PID=4018) to work on /opt/airflow/dags/dag_hello_world.py
[2026-08-06T21:39:00.583+0000] {processor.py:830} INFO - Processing file /opt/airflow/dags/dag_hello_world.py for tasks to queue
[2026-08-06T21:39:00.585+0000] {logging_mixin.py:188} INFO - [2026-08-06T21:39:00.584+0000] {dagbag.py:538} INFO - Filling up the DagBag from /opt/airflow/dags/dag_hello_world.py
[2026-08-06T21:39:00.847+0000] {processor.py:840} INFO - DAG(s) 'jour1_hello_world' retrieved from /opt/airflow/dags/dag_hello_world.py
[2026-08-06T21:39:00.866+0000] {logging_mixin.py:188} INFO - [2026-08-06T21:39:00.866+0000] {dag.py:3036} INFO - Sync 1 DAGs
[2026-08-06T21:39:00.889+0000] {logging_mixin.py:188} INFO - [2026-08-06T21:39:00.889+0000] {dag.py:3823} INFO - Setting next_dagrun for jour1_hello_world to 2026-08-06 00:00:00+00:00, run_after=2026-08-07 00:00:00+00:00
[2026-08-06T21:39:00.911+0000] {processor.py:183} INFO - Processing /opt/airflow/dags/dag_hello_world.py took 0.335 seconds
[2026-08-06T21:39:31.589+0000] {processor.py:161} INFO - Started process (PID=4083) to work on /opt/airflow/dags/dag_hello_world.py
[2026-08-06T21:39:31.590+0000] {processor.py:830} INFO - Processing file /opt/airflow/dags/dag_hello_world.py for tasks to queue
[2026-08-06T21:39:31.593+0000] {logging_mixin.py:188} INFO - [2026-08-06T21:39:31.592+0000] {dagbag.py:538} INFO - Filling up the DagBag from /opt/airflow/dags/dag_hello_world.py
[2026-08-06T21:39:31.940+0000] {processor.py:840} INFO - DAG(s) 'jour1_hello_world' retrieved from /opt/airflow/dags/dag_hello_world.py
[2026-08-06T21:39:31.965+0000] {logging_mixin.py:188} INFO - [2026-08-06T21:39:31.965+0000] {dag.py:3036} INFO - Sync 1 DAGs
[2026-08-06T21:39:31.994+0000] {logging_mixin.py:188} INFO - [2026-08-06T21:39:31.994+0000] {dag.py:3823} INFO - Setting next_dagrun for jour1_hello_world to 2026-08-06 00:00:00+00:00, run_after=2026-08-07 00:00:00+00:00
[2026-08-06T21:39:32.018+0000] {processor.py:183} INFO - Processing /opt/airflow/dags/dag_hello_world.py took 0.434 seconds
[2026-08-06T21:40:02.672+0000] {processor.py:161} INFO - Started process (PID=4153) to work on /opt/airflow/dags/dag_hello_world.py
[2026-08-06T21:40:02.673+0000] {processor.py:830} INFO - Processing file /opt/airflow/dags/dag_hello_world.py for tasks to queue
[2026-08-06T21:40:02.675+0000] {logging_mixin.py:188} INFO - [2026-08-06T21:40:02.675+0000] {dagbag.py:538} INFO - Filling up the DagBag from /opt/airflow/dags/dag_hello_world.py
[2026-08-06T21:40:02.922+0000] {processor.py:840} INFO - DAG(s) 'jour1_hello_world' retrieved from /opt/airflow/dags/dag_hello_world.py
[2026-08-06T21:40:02.942+0000] {logging_mixin.py:188} INFO - [2026-08-06T21:40:02.942+0000] {dag.py:3036} INFO - Sync 1 DAGs
[2026-08-06T21:40:02.964+0000] {logging_mixin.py:188} INFO - [2026-08-06T21:40:02.963+0000] {dag.py:3823} INFO - Setting next_dagrun for jour1_hello_world to 2026-08-06 00:00:00+00:00, run_after=2026-08-07 00:00:00+00:00
[2026-08-06T21:40:02.987+0000] {processor.py:183} INFO - Processing /opt/airflow/dags/dag_hello_world.py took 0.319 seconds
[2026-08-06T21:40:33.206+0000] {processor.py:161} INFO - Started process (PID=4218) to work on /opt/airflow/dags/dag_hello_world.py
[2026-08-06T21:40:33.207+0000] {processor.py:830} INFO - Processing file /opt/airflow/dags/dag_hello_world.py for tasks to queue
[2026-08-06T21:40:33.209+0000] {logging_mixin.py:188} INFO - [2026-08-06T21:40:33.209+0000] {dagbag.py:538} INFO - Filling up the DagBag from /opt/airflow/dags/dag_hello_world.py
[2026-08-06T21:40:33.473+0000] {processor.py:840} INFO - DAG(s) 'jour1_hello_world' retrieved from /opt/airflow/dags/dag_hello_world.py
[2026-08-06T21:40:33.495+0000] {logging_mixin.py:188} INFO - [2026-08-06T21:40:33.495+0000] {dag.py:3036} INFO - Sync 1 DAGs
[2026-08-06T21:40:33.519+0000] {logging_mixin.py:188} INFO - [2026-08-06T21:40:33.519+0000] {dag.py:3823} INFO - Setting next_dagrun for jour1_hello_world to 2026-08-06 00:00:00+00:00, run_after=2026-08-07 00:00:00+00:00
[2026-08-06T21:40:33.592+0000] {processor.py:183} INFO - Processing /opt/airflow/dags/dag_hello_world.py took 0.392 seconds
[2026-08-06T21:41:03.891+0000] {processor.py:161} INFO - Started process (PID=4283) to work on /opt/airflow/dags/dag_hello_world.py
[2026-08-06T21:41:03.892+0000] {processor.py:830} INFO - Processing file /opt/airflow/dags/dag_hello_world.py for tasks to queue
[2026-08-06T21:41:03.894+0000] {logging_mixin.py:188} INFO - [2026-08-06T21:41:03.894+0000] {dagbag.py:538} INFO - Filling up the DagBag from /opt/airflow/dags/dag_hello_world.py
[2026-08-06T21:41:04.135+0000] {processor.py:840} INFO - DAG(s) 'jour1_hello_world' retrieved from /opt/airflow/dags/dag_hello_world.py
[2026-08-06T21:41:04.157+0000] {logging_mixin.py:188} INFO - [2026-08-06T21:41:04.157+0000] {dag.py:3036} INFO - Sync 1 DAGs
[2026-08-06T21:41:04.179+0000] {logging_mixin.py:188} INFO - [2026-08-06T21:41:04.179+0000] {dag.py:3823} INFO - Setting next_dagrun for jour1_hello_world to 2026-08-06 00:00:00+00:00, run_after=2026-08-07 00:00:00+00:00
[2026-08-06T21:41:04.201+0000] {processor.py:183} INFO - Processing /opt/airflow/dags/dag_hello_world.py took 0.313 seconds
[2026-08-06T21:41:34.794+0000] {processor.py:161} INFO - Started process (PID=4354) to work on /opt/airflow/dags/dag_hello_world.py
[2026-08-06T21:41:34.795+0000] {processor.py:830} INFO - Processing file /opt/airflow/dags/dag_hello_world.py for tasks to queue
[2026-08-06T21:41:34.797+0000] {logging_mixin.py:188} INFO - [2026-08-06T21:41:34.797+0000] {dagbag.py:538} INFO - Filling up the DagBag from /opt/airflow/dags/dag_hello_world.py
[2026-08-06T21:41:35.062+0000] {processor.py:840} INFO - DAG(s) 'jour1_hello_world' retrieved from /opt/airflow/dags/dag_hello_world.py
[2026-08-06T21:41:35.082+0000] {logging_mixin.py:188} INFO - [2026-08-06T21:41:35.081+0000] {dag.py:3036} INFO - Sync 1 DAGs
[2026-08-06T21:41:35.102+0000] {logging_mixin.py:188} INFO - [2026-08-06T21:41:35.102+0000] {dag.py:3823} INFO - Setting next_dagrun for jour1_hello_world to 2026-08-06 00:00:00+00:00, run_after=2026-08-07 00:00:00+00:00
[2026-08-06T21:41:35.123+0000] {processor.py:183} INFO - Processing /opt/airflow/dags/dag_hello_world.py took 0.332 seconds
[2026-08-06T21:42:05.339+0000] {processor.py:161} INFO - Started process (PID=4419) to work on /opt/airflow/dags/dag_hello_world.py
[2026-08-06T21:42:05.340+0000] {processor.py:830} INFO - Processing file /opt/airflow/dags/dag_hello_world.py for tasks to queue
[2026-08-06T21:42:05.342+0000] {logging_mixin.py:188} INFO - [2026-08-06T21:42:05.342+0000] {dagbag.py:538} INFO - Filling up the DagBag from /opt/airflow/dags/dag_hello_world.py
[2026-08-06T21:42:05.611+0000] {processor.py:840} INFO - DAG(s) 'jour1_hello_world' retrieved from /opt/airflow/dags/dag_hello_world.py
[2026-08-06T21:42:05.634+0000] {logging_mixin.py:188} INFO - [2026-08-06T21:42:05.634+0000] {dag.py:3036} INFO - Sync 1 DAGs
[2026-08-06T21:42:05.660+0000] {logging_mixin.py:188} INFO - [2026-08-06T21:42:05.660+0000] {dag.py:3823} INFO - Setting next_dagrun for jour1_hello_world to 2026-08-06 00:00:00+00:00, run_after=2026-08-07 00:00:00+00:00
[2026-08-06T21:42:05.682+0000] {processor.py:183} INFO - Processing /opt/airflow/dags/dag_hello_world.py took 0.347 seconds
[2026-08-06T21:42:36.197+0000] {processor.py:161} INFO - Started process (PID=4485) to work on /opt/airflow/dags/dag_hello_world.py
[2026-08-06T21:42:36.199+0000] {processor.py:830} INFO - Processing file /opt/airflow/dags/dag_hello_world.py for tasks to queue
[2026-08-06T21:42:36.204+0000] {logging_mixin.py:188} INFO - [2026-08-06T21:42:36.203+0000] {dagbag.py:538} INFO - Filling up the DagBag from /opt/airflow/dags/dag_hello_world.py
[2026-08-06T21:42:36.687+0000] {processor.py:840} INFO - DAG(s) 'jour1_hello_world' retrieved from /opt/airflow/dags/dag_hello_world.py
[2026-08-06T21:42:36.732+0000] {logging_mixin.py:188} INFO - [2026-08-06T21:42:36.731+0000] {dag.py:3036} INFO - Sync 1 DAGs
[2026-08-06T21:42:36.790+0000] {logging_mixin.py:188} INFO - [2026-08-06T21:42:36.789+0000] {dag.py:3823} INFO - Setting next_dagrun for jour1_hello_world to 2026-08-06 00:00:00+00:00, run_after=2026-08-07 00:00:00+00:00
[2026-08-06T21:42:36.818+0000] {processor.py:183} INFO - Processing /opt/airflow/dags/dag_hello_world.py took 0.627 seconds
[2026-08-06T21:43:06.971+0000] {processor.py:161} INFO - Started process (PID=4550) to work on /opt/airflow/dags/dag_hello_world.py
[2026-08-06T21:43:06.972+0000] {processor.py:830} INFO - Processing file /opt/airflow/dags/dag_hello_world.py for tasks to queue
[2026-08-06T21:43:06.974+0000] {logging_mixin.py:188} INFO - [2026-08-06T21:43:06.973+0000] {dagbag.py:538} INFO - Filling up the DagBag from /opt/airflow/dags/dag_hello_world.py
[2026-08-06T21:43:07.254+0000] {processor.py:840} INFO - DAG(s) 'jour1_hello_world' retrieved from /opt/airflow/dags/dag_hello_world.py
[2026-08-06T21:43:07.275+0000] {logging_mixin.py:188} INFO - [2026-08-06T21:43:07.275+0000] {dag.py:3036} INFO - Sync 1 DAGs
[2026-08-06T21:43:07.299+0000] {logging_mixin.py:188} INFO - [2026-08-06T21:43:07.298+0000] {dag.py:3823} INFO - Setting next_dagrun for jour1_hello_world to 2026-08-06 00:00:00+00:00, run_after=2026-08-07 00:00:00+00:00
[2026-08-06T21:43:07.322+0000] {processor.py:183} INFO - Processing /opt/airflow/dags/dag_hello_world.py took 0.355 seconds
[2026-08-06T21:43:37.514+0000] {processor.py:161} INFO - Started process (PID=4615) to work on /opt/airflow/dags/dag_hello_world.py
[2026-08-06T21:43:37.515+0000] {processor.py:830} INFO - Processing file /opt/airflow/dags/dag_hello_world.py for tasks to queue
[2026-08-06T21:43:37.518+0000] {logging_mixin.py:188} INFO - [2026-08-06T21:43:37.517+0000] {dagbag.py:538} INFO - Filling up the DagBag from /opt/airflow/dags/dag_hello_world.py
[2026-08-06T21:43:37.887+0000] {processor.py:840} INFO - DAG(s) 'jour1_hello_world' retrieved from /opt/airflow/dags/dag_hello_world.py
[2026-08-06T21:43:37.909+0000] {logging_mixin.py:188} INFO - [2026-08-06T21:43:37.908+0000] {dag.py:3036} INFO - Sync 1 DAGs
[2026-08-06T21:43:37.930+0000] {logging_mixin.py:188} INFO - [2026-08-06T21:43:37.930+0000] {dag.py:3823} INFO - Setting next_dagrun for jour1_hello_world to 2026-08-06 00:00:00+00:00, run_after=2026-08-07 00:00:00+00:00
[2026-08-06T21:43:37.952+0000] {processor.py:183} INFO - Processing /opt/airflow/dags/dag_hello_world.py took 0.442 seconds
[2026-08-06T21:44:08.762+0000] {processor.py:161} INFO - Started process (PID=4680) to work on /opt/airflow/dags/dag_hello_world.py
[2026-08-06T21:44:08.764+0000] {processor.py:830} INFO - Processing file /opt/airflow/dags/dag_hello_world.py for tasks to queue
[2026-08-06T21:44:08.766+0000] {logging_mixin.py:188} INFO - [2026-08-06T21:44:08.765+0000] {dagbag.py:538} INFO - Filling up the DagBag from /opt/airflow/dags/dag_hello_world.py
[2026-08-06T21:44:09.145+0000] {processor.py:840} INFO - DAG(s) 'jour1_hello_world' retrieved from /opt/airflow/dags/dag_hello_world.py
[2026-08-06T21:44:09.173+0000] {logging_mixin.py:188} INFO - [2026-08-06T21:44:09.173+0000] {dag.py:3036} INFO - Sync 1 DAGs
[2026-08-06T21:44:09.198+0000] {logging_mixin.py:188} INFO - [2026-08-06T21:44:09.198+0000] {dag.py:3823} INFO - Setting next_dagrun for jour1_hello_world to 2026-08-06 00:00:00+00:00, run_after=2026-08-07 00:00:00+00:00
[2026-08-06T21:44:09.221+0000] {processor.py:183} INFO - Processing /opt/airflow/dags/dag_hello_world.py took 0.461 seconds
