[2026-08-19T12:21:55.798+0000] {taskinstance.py:1956} INFO - Dependencies all met for dep_context=non-requeueable deps ti=<TaskInstance: jour6_variables_jinja.lire_config scheduled__2026-08-18T00:00:00+00:00 [queued]>
[2026-08-19T12:21:56.014+0000] {taskinstance.py:1956} INFO - Dependencies all met for dep_context=requeueable deps ti=<TaskInstance: jour6_variables_jinja.lire_config scheduled__2026-08-18T00:00:00+00:00 [queued]>
[2026-08-19T12:21:56.028+0000] {taskinstance.py:2170} INFO - Starting attempt 1 of 2
[2026-08-19T12:21:56.446+0000] {taskinstance.py:2191} INFO - Executing <Task(_PythonDecoratedOperator): lire_config> on 2026-08-18 00:00:00+00:00
[2026-08-19T12:21:56.558+0000] {standard_task_runner.py:60} INFO - Started process 103 to run task
[2026-08-19T12:21:56.644+0000] {standard_task_runner.py:87} INFO - Running: ['***', 'tasks', 'run', 'jour6_variables_jinja', 'lire_config', 'scheduled__2026-08-18T00:00:00+00:00', '--job-id', '528', '--raw', '--subdir', 'DAGS_FOLDER/dag_variables_jinja.py', '--cfg-path', '/tmp/tmpy3nck2v1']
[2026-08-19T12:21:56.785+0000] {standard_task_runner.py:88} INFO - Job 528: Subtask lire_config
[2026-08-19T12:21:58.252+0000] {task_command.py:423} INFO - Running <TaskInstance: jour6_variables_jinja.lire_config scheduled__2026-08-18T00:00:00+00:00 [running]> on host fef4fac2f01e
[2026-08-19T12:22:00.307+0000] {taskinstance.py:2480} INFO - Exporting env vars: AIRFLOW_CTX_DAG_OWNER='sung' AIRFLOW_CTX_DAG_ID='jour6_variables_jinja' AIRFLOW_CTX_TASK_ID='lire_config' AIRFLOW_CTX_EXECUTION_DATE='2026-08-18T00:00:00+00:00' AIRFLOW_CTX_TRY_NUMBER='1' AIRFLOW_CTX_DAG_RUN_ID='scheduled__2026-08-18T00:00:00+00:00'
[2026-08-19T12:22:00.749+0000] {logging_mixin.py:188} INFO - Config chargée :
[2026-08-19T12:22:00.803+0000] {logging_mixin.py:188} INFO -   env             : prod
[2026-08-19T12:22:00.816+0000] {logging_mixin.py:188} INFO -   db_path         : /tmp/entrepot_j6.db
[2026-08-19T12:22:00.822+0000] {logging_mixin.py:188} INFO -   email           : equipe@company.com
[2026-08-19T12:22:00.828+0000] {logging_mixin.py:188} INFO -   seuil_ca        : 5000
[2026-08-19T12:22:00.832+0000] {logging_mixin.py:188} INFO -   nb_lignes_min   : 10
[2026-08-19T12:22:00.839+0000] {logging_mixin.py:188} INFO -   regions         : ['Île-de-France', 'PACA', 'Grand Est']
[2026-08-19T12:22:00.844+0000] {logging_mixin.py:188} INFO -   vendeurs        : ['Alice', 'Karim', 'Lucie', 'Thomas', 'Nadia']
[2026-08-19T12:22:00.863+0000] {python.py:201} INFO - Done. Returned value was: {'env': 'prod', 'db_path': '/tmp/entrepot_j6.db', 'email': 'equipe@company.com', 'seuil_ca': 5000, 'nb_lignes_min': 10, 'regions': ['Île-de-France', 'PACA', 'Grand Est'], 'vendeurs': ['Alice', 'Karim', 'Lucie', 'Thomas', 'Nadia']}
[2026-08-19T12:22:01.043+0000] {taskinstance.py:1138} INFO - Marking task as SUCCESS. dag_id=jour6_variables_jinja, task_id=lire_config, execution_date=20260818T000000, start_date=20260819T122155, end_date=20260819T122201
[2026-08-19T12:22:01.426+0000] {local_task_job_runner.py:234} INFO - Task exited with return code 0
[2026-08-19T12:22:01.861+0000] {taskinstance.py:3280} INFO - 1 downstream tasks scheduled from follow-on schedule check
