[2026-08-18T12:18:42.126+0000] {taskinstance.py:1956} INFO - Dependencies all met for dep_context=non-requeueable deps ti=<TaskInstance: jour5_pipeline_complet.calculer_kpis scheduled__2026-08-17T00:00:00+00:00 [queued]>
[2026-08-18T12:18:42.158+0000] {taskinstance.py:1956} INFO - Dependencies all met for dep_context=requeueable deps ti=<TaskInstance: jour5_pipeline_complet.calculer_kpis scheduled__2026-08-17T00:00:00+00:00 [queued]>
[2026-08-18T12:18:42.165+0000] {taskinstance.py:2170} INFO - Starting attempt 1 of 3
[2026-08-18T12:18:42.204+0000] {taskinstance.py:2191} INFO - Executing <Task(_PythonDecoratedOperator): calculer_kpis> on 2026-08-17 00:00:00+00:00
[2026-08-18T12:18:42.219+0000] {standard_task_runner.py:60} INFO - Started process 206 to run task
[2026-08-18T12:18:42.226+0000] {standard_task_runner.py:87} INFO - Running: ['***', 'tasks', 'run', 'jour5_pipeline_complet', 'calculer_kpis', 'scheduled__2026-08-17T00:00:00+00:00', '--job-id', '435', '--raw', '--subdir', 'DAGS_FOLDER/dag_pipeline_complet.py', '--cfg-path', '/tmp/tmpsg18t87c']
[2026-08-18T12:18:42.229+0000] {standard_task_runner.py:88} INFO - Job 435: Subtask calculer_kpis
[2026-08-18T12:18:42.352+0000] {task_command.py:423} INFO - Running <TaskInstance: jour5_pipeline_complet.calculer_kpis scheduled__2026-08-17T00:00:00+00:00 [running]> on host 62af633ee778
[2026-08-18T12:18:42.552+0000] {taskinstance.py:2480} INFO - Exporting env vars: AIRFLOW_CTX_DAG_OWNER='sung' AIRFLOW_CTX_DAG_ID='jour5_pipeline_complet' AIRFLOW_CTX_TASK_ID='calculer_kpis' AIRFLOW_CTX_EXECUTION_DATE='2026-08-17T00:00:00+00:00' AIRFLOW_CTX_TRY_NUMBER='1' AIRFLOW_CTX_DAG_RUN_ID='scheduled__2026-08-17T00:00:00+00:00'
[2026-08-18T12:18:42.571+0000] {logging_mixin.py:188} INFO - KPIs calculés pour 2026-08-17 :
[2026-08-18T12:18:42.572+0000] {logging_mixin.py:188} INFO -   date            : 2026-08-17
[2026-08-18T12:18:42.573+0000] {logging_mixin.py:188} INFO -   ca_total        : 85500.0
[2026-08-18T12:18:42.574+0000] {logging_mixin.py:188} INFO -   marge_totale    : 35910.0
[2026-08-18T12:18:42.574+0000] {logging_mixin.py:188} INFO -   taux_marge      : 42.0
[2026-08-18T12:18:42.575+0000] {logging_mixin.py:188} INFO -   nb_ventes       : 21
[2026-08-18T12:18:42.575+0000] {logging_mixin.py:188} INFO -   top_produit     : Laptop Pro
[2026-08-18T12:18:42.576+0000] {logging_mixin.py:188} INFO -   top_vendeur     : Nadia
[2026-08-18T12:18:42.577+0000] {logging_mixin.py:188} INFO -   calcule_le      : 2026-08-18T12:18:42.556616
[2026-08-18T12:18:42.577+0000] {python.py:201} INFO - Done. Returned value was: {'date': '2026-08-17', 'ca_total': 85500.0, 'marge_totale': 35910.0, 'taux_marge': 42.0, 'nb_ventes': 21, 'top_produit': 'Laptop Pro', 'top_vendeur': 'Nadia', 'calcule_le': '2026-08-18T12:18:42.556616'}
[2026-08-18T12:18:42.629+0000] {taskinstance.py:1138} INFO - Marking task as SUCCESS. dag_id=jour5_pipeline_complet, task_id=calculer_kpis, execution_date=20260817T000000, start_date=20260818T121842, end_date=20260818T121842
[2026-08-18T12:18:42.692+0000] {local_task_job_runner.py:234} INFO - Task exited with return code 0
[2026-08-18T12:18:42.733+0000] {taskinstance.py:3280} INFO - 1 downstream tasks scheduled from follow-on schedule check
