[2026-08-21T11:43:26.415+0000] {taskinstance.py:1956} INFO - Dependencies all met for dep_context=non-requeueable deps ti=<TaskInstance: jour5_pipeline_complet.verifier_chargement scheduled__2026-08-20T00:00:00+00:00 [queued]>
[2026-08-21T11:43:26.433+0000] {taskinstance.py:1956} INFO - Dependencies all met for dep_context=requeueable deps ti=<TaskInstance: jour5_pipeline_complet.verifier_chargement scheduled__2026-08-20T00:00:00+00:00 [queued]>
[2026-08-21T11:43:26.434+0000] {taskinstance.py:2170} INFO - Starting attempt 1 of 3
[2026-08-21T11:43:26.455+0000] {taskinstance.py:2191} INFO - Executing <Task(_PythonDecoratedOperator): verifier_chargement> on 2026-08-20 00:00:00+00:00
[2026-08-21T11:43:26.469+0000] {standard_task_runner.py:60} INFO - Started process 253 to run task
[2026-08-21T11:43:26.476+0000] {standard_task_runner.py:87} INFO - Running: ['***', 'tasks', 'run', 'jour5_pipeline_complet', 'verifier_chargement', 'scheduled__2026-08-20T00:00:00+00:00', '--job-id', '788', '--raw', '--subdir', 'DAGS_FOLDER/dag_pipeline_complet.py', '--cfg-path', '/tmp/tmplixb_qsi']
[2026-08-21T11:43:26.479+0000] {standard_task_runner.py:88} INFO - Job 788: Subtask verifier_chargement
[2026-08-21T11:43:26.586+0000] {task_command.py:423} INFO - Running <TaskInstance: jour5_pipeline_complet.verifier_chargement scheduled__2026-08-20T00:00:00+00:00 [running]> on host 555765e05379
[2026-08-21T11:43:26.731+0000] {taskinstance.py:2480} INFO - Exporting env vars: AIRFLOW_CTX_DAG_OWNER='sung' AIRFLOW_CTX_DAG_ID='jour5_pipeline_complet' AIRFLOW_CTX_TASK_ID='verifier_chargement' AIRFLOW_CTX_EXECUTION_DATE='2026-08-20T00:00:00+00:00' AIRFLOW_CTX_TRY_NUMBER='1' AIRFLOW_CTX_DAG_RUN_ID='scheduled__2026-08-20T00:00:00+00:00'
[2026-08-21T11:43:26.740+0000] {logging_mixin.py:188} INFO - Vérification pour 2026-08-20 :
[2026-08-21T11:43:26.742+0000] {logging_mixin.py:188} INFO -   ✓ raw        : 35 lignes
[2026-08-21T11:43:26.743+0000] {logging_mixin.py:188} INFO -   ✓ clean      : 35 lignes
[2026-08-21T11:43:26.745+0000] {logging_mixin.py:188} INFO -   ✓ kpis       : 1 lignes
[2026-08-21T11:43:26.747+0000] {logging_mixin.py:188} INFO - 
CA du jour : 123630.0€
[2026-08-21T11:43:26.748+0000] {logging_mixin.py:188} INFO - Top Produit : Laptop Pro
[2026-08-21T11:43:26.748+0000] {logging_mixin.py:188} INFO - Top Vendeur : Nadia
[2026-08-21T11:43:26.749+0000] {python.py:201} INFO - Done. Returned value was: None
[2026-08-21T11:43:26.766+0000] {taskinstance.py:1138} INFO - Marking task as SUCCESS. dag_id=jour5_pipeline_complet, task_id=verifier_chargement, execution_date=20260820T000000, start_date=20260821T114326, end_date=20260821T114326
[2026-08-21T11:43:26.813+0000] {local_task_job_runner.py:234} INFO - Task exited with return code 0
[2026-08-21T11:43:26.840+0000] {taskinstance.py:3280} INFO - 0 downstream tasks scheduled from follow-on schedule check
