[2026-08-18T12:17:56.474+0000] {processor.py:161} INFO - Started process (PID=59) to work on /opt/airflow/dags/dag_dynamic.py
[2026-08-18T12:17:56.477+0000] {processor.py:830} INFO - Processing file /opt/airflow/dags/dag_dynamic.py for tasks to queue
[2026-08-18T12:17:56.482+0000] {logging_mixin.py:188} INFO - [2026-08-18T12:17:56.481+0000] {dagbag.py:538} INFO - Filling up the DagBag from /opt/airflow/dags/dag_dynamic.py
[2026-08-18T12:17:59.130+0000] {processor.py:840} INFO - DAG(s) 'jour6_region_paca', 'jour6_region_ge', 'jour6_region_idf' retrieved from /opt/airflow/dags/dag_dynamic.py
[2026-08-18T12:17:59.544+0000] {logging_mixin.py:188} INFO - [2026-08-18T12:17:59.543+0000] {dag.py:3036} INFO - Sync 3 DAGs
[2026-08-18T12:17:59.582+0000] {logging_mixin.py:188} INFO - [2026-08-18T12:17:59.582+0000] {dag.py:3823} INFO - Setting next_dagrun for jour6_region_ge to 2026-08-17 00:00:00+00:00, run_after=2026-08-18 00:00:00+00:00
[2026-08-18T12:17:59.591+0000] {logging_mixin.py:188} INFO - [2026-08-18T12:17:59.590+0000] {dag.py:3823} INFO - Setting next_dagrun for jour6_region_idf to 2026-08-17 00:00:00+00:00, run_after=2026-08-18 00:00:00+00:00
[2026-08-18T12:17:59.599+0000] {logging_mixin.py:188} INFO - [2026-08-18T12:17:59.598+0000] {dag.py:3823} INFO - Setting next_dagrun for jour6_region_paca to 2026-08-17 00:00:00+00:00, run_after=2026-08-18 00:00:00+00:00
[2026-08-18T12:17:59.660+0000] {processor.py:183} INFO - Processing /opt/airflow/dags/dag_dynamic.py took 3.194 seconds
[2026-08-18T12:18:34.683+0000] {processor.py:161} INFO - Started process (PID=196) to work on /opt/airflow/dags/dag_dynamic.py
[2026-08-18T12:18:34.685+0000] {processor.py:830} INFO - Processing file /opt/airflow/dags/dag_dynamic.py for tasks to queue
[2026-08-18T12:18:34.694+0000] {logging_mixin.py:188} INFO - [2026-08-18T12:18:34.693+0000] {dagbag.py:538} INFO - Filling up the DagBag from /opt/airflow/dags/dag_dynamic.py
[2026-08-18T12:18:35.981+0000] {processor.py:840} INFO - DAG(s) 'jour6_region_ge', 'jour6_region_idf', 'jour6_region_paca' retrieved from /opt/airflow/dags/dag_dynamic.py
[2026-08-18T12:18:36.077+0000] {logging_mixin.py:188} INFO - [2026-08-18T12:18:36.076+0000] {dag.py:3036} INFO - Sync 3 DAGs
[2026-08-18T12:18:36.131+0000] {logging_mixin.py:188} INFO - [2026-08-18T12:18:36.131+0000] {dag.py:3823} INFO - Setting next_dagrun for jour6_region_ge to 2026-08-18 00:00:00+00:00, run_after=2026-08-19 00:00:00+00:00
[2026-08-18T12:18:36.147+0000] {logging_mixin.py:188} INFO - [2026-08-18T12:18:36.147+0000] {dag.py:3823} INFO - Setting next_dagrun for jour6_region_idf to 2026-08-18 00:00:00+00:00, run_after=2026-08-19 00:00:00+00:00
[2026-08-18T12:18:36.163+0000] {logging_mixin.py:188} INFO - [2026-08-18T12:18:36.163+0000] {dag.py:3823} INFO - Setting next_dagrun for jour6_region_paca to 2026-08-18 00:00:00+00:00, run_after=2026-08-19 00:00:00+00:00
[2026-08-18T12:18:36.247+0000] {processor.py:183} INFO - Processing /opt/airflow/dags/dag_dynamic.py took 1.571 seconds
[2026-08-18T12:19:06.500+0000] {processor.py:161} INFO - Started process (PID=288) to work on /opt/airflow/dags/dag_dynamic.py
[2026-08-18T12:19:06.502+0000] {processor.py:830} INFO - Processing file /opt/airflow/dags/dag_dynamic.py for tasks to queue
[2026-08-18T12:19:06.504+0000] {logging_mixin.py:188} INFO - [2026-08-18T12:19:06.504+0000] {dagbag.py:538} INFO - Filling up the DagBag from /opt/airflow/dags/dag_dynamic.py
[2026-08-18T12:19:07.042+0000] {processor.py:840} INFO - DAG(s) 'jour6_region_paca', 'jour6_region_idf', 'jour6_region_ge' retrieved from /opt/airflow/dags/dag_dynamic.py
[2026-08-18T12:19:07.070+0000] {logging_mixin.py:188} INFO - [2026-08-18T12:19:07.069+0000] {dag.py:3036} INFO - Sync 3 DAGs
[2026-08-18T12:19:07.093+0000] {logging_mixin.py:188} INFO - [2026-08-18T12:19:07.093+0000] {dag.py:3823} INFO - Setting next_dagrun for jour6_region_ge to 2026-08-18 00:00:00+00:00, run_after=2026-08-19 00:00:00+00:00
[2026-08-18T12:19:07.098+0000] {logging_mixin.py:188} INFO - [2026-08-18T12:19:07.098+0000] {dag.py:3823} INFO - Setting next_dagrun for jour6_region_idf to 2026-08-18 00:00:00+00:00, run_after=2026-08-19 00:00:00+00:00
[2026-08-18T12:19:07.102+0000] {logging_mixin.py:188} INFO - [2026-08-18T12:19:07.102+0000] {dag.py:3823} INFO - Setting next_dagrun for jour6_region_paca to 2026-08-18 00:00:00+00:00, run_after=2026-08-19 00:00:00+00:00
[2026-08-18T12:19:07.121+0000] {processor.py:183} INFO - Processing /opt/airflow/dags/dag_dynamic.py took 0.624 seconds
[2026-08-18T12:19:37.565+0000] {processor.py:161} INFO - Started process (PID=367) to work on /opt/airflow/dags/dag_dynamic.py
[2026-08-18T12:19:37.566+0000] {processor.py:830} INFO - Processing file /opt/airflow/dags/dag_dynamic.py for tasks to queue
[2026-08-18T12:19:37.568+0000] {logging_mixin.py:188} INFO - [2026-08-18T12:19:37.568+0000] {dagbag.py:538} INFO - Filling up the DagBag from /opt/airflow/dags/dag_dynamic.py
[2026-08-18T12:19:37.972+0000] {processor.py:840} INFO - DAG(s) 'jour6_region_paca', 'jour6_region_idf', 'jour6_region_ge' retrieved from /opt/airflow/dags/dag_dynamic.py
[2026-08-18T12:19:38.077+0000] {logging_mixin.py:188} INFO - [2026-08-18T12:19:38.077+0000] {dag.py:3036} INFO - Sync 3 DAGs
[2026-08-18T12:19:38.099+0000] {logging_mixin.py:188} INFO - [2026-08-18T12:19:38.098+0000] {dag.py:3823} INFO - Setting next_dagrun for jour6_region_ge to 2026-08-18 00:00:00+00:00, run_after=2026-08-19 00:00:00+00:00
[2026-08-18T12:19:38.104+0000] {logging_mixin.py:188} INFO - [2026-08-18T12:19:38.103+0000] {dag.py:3823} INFO - Setting next_dagrun for jour6_region_idf to 2026-08-18 00:00:00+00:00, run_after=2026-08-19 00:00:00+00:00
[2026-08-18T12:19:38.107+0000] {logging_mixin.py:188} INFO - [2026-08-18T12:19:38.107+0000] {dag.py:3823} INFO - Setting next_dagrun for jour6_region_paca to 2026-08-18 00:00:00+00:00, run_after=2026-08-19 00:00:00+00:00
[2026-08-18T12:19:38.130+0000] {processor.py:183} INFO - Processing /opt/airflow/dags/dag_dynamic.py took 0.568 seconds
[2026-08-18T12:20:08.389+0000] {processor.py:161} INFO - Started process (PID=444) to work on /opt/airflow/dags/dag_dynamic.py
[2026-08-18T12:20:08.390+0000] {processor.py:830} INFO - Processing file /opt/airflow/dags/dag_dynamic.py for tasks to queue
[2026-08-18T12:20:08.392+0000] {logging_mixin.py:188} INFO - [2026-08-18T12:20:08.392+0000] {dagbag.py:538} INFO - Filling up the DagBag from /opt/airflow/dags/dag_dynamic.py
[2026-08-18T12:20:08.893+0000] {processor.py:840} INFO - DAG(s) 'jour6_region_ge', 'jour6_region_paca', 'jour6_region_idf' retrieved from /opt/airflow/dags/dag_dynamic.py
[2026-08-18T12:20:08.935+0000] {logging_mixin.py:188} INFO - [2026-08-18T12:20:08.934+0000] {dag.py:3036} INFO - Sync 3 DAGs
[2026-08-18T12:20:08.957+0000] {logging_mixin.py:188} INFO - [2026-08-18T12:20:08.957+0000] {dag.py:3823} INFO - Setting next_dagrun for jour6_region_ge to 2026-08-18 00:00:00+00:00, run_after=2026-08-19 00:00:00+00:00
[2026-08-18T12:20:08.963+0000] {logging_mixin.py:188} INFO - [2026-08-18T12:20:08.962+0000] {dag.py:3823} INFO - Setting next_dagrun for jour6_region_idf to 2026-08-18 00:00:00+00:00, run_after=2026-08-19 00:00:00+00:00
[2026-08-18T12:20:08.967+0000] {logging_mixin.py:188} INFO - [2026-08-18T12:20:08.966+0000] {dag.py:3823} INFO - Setting next_dagrun for jour6_region_paca to 2026-08-18 00:00:00+00:00, run_after=2026-08-19 00:00:00+00:00
[2026-08-18T12:20:08.983+0000] {processor.py:183} INFO - Processing /opt/airflow/dags/dag_dynamic.py took 0.598 seconds
[2026-08-18T12:20:39.616+0000] {processor.py:161} INFO - Started process (PID=527) to work on /opt/airflow/dags/dag_dynamic.py
[2026-08-18T12:20:39.617+0000] {processor.py:830} INFO - Processing file /opt/airflow/dags/dag_dynamic.py for tasks to queue
[2026-08-18T12:20:39.619+0000] {logging_mixin.py:188} INFO - [2026-08-18T12:20:39.619+0000] {dagbag.py:538} INFO - Filling up the DagBag from /opt/airflow/dags/dag_dynamic.py
[2026-08-18T12:20:40.208+0000] {processor.py:840} INFO - DAG(s) 'jour6_region_idf', 'jour6_region_paca', 'jour6_region_ge' retrieved from /opt/airflow/dags/dag_dynamic.py
[2026-08-18T12:20:40.246+0000] {logging_mixin.py:188} INFO - [2026-08-18T12:20:40.245+0000] {dag.py:3036} INFO - Sync 3 DAGs
[2026-08-18T12:20:40.270+0000] {logging_mixin.py:188} INFO - [2026-08-18T12:20:40.269+0000] {dag.py:3823} INFO - Setting next_dagrun for jour6_region_ge to 2026-08-18 00:00:00+00:00, run_after=2026-08-19 00:00:00+00:00
[2026-08-18T12:20:40.275+0000] {logging_mixin.py:188} INFO - [2026-08-18T12:20:40.275+0000] {dag.py:3823} INFO - Setting next_dagrun for jour6_region_idf to 2026-08-18 00:00:00+00:00, run_after=2026-08-19 00:00:00+00:00
[2026-08-18T12:20:40.280+0000] {logging_mixin.py:188} INFO - [2026-08-18T12:20:40.280+0000] {dag.py:3823} INFO - Setting next_dagrun for jour6_region_paca to 2026-08-18 00:00:00+00:00, run_after=2026-08-19 00:00:00+00:00
[2026-08-18T12:20:40.302+0000] {processor.py:183} INFO - Processing /opt/airflow/dags/dag_dynamic.py took 0.691 seconds
[2026-08-18T12:21:11.122+0000] {processor.py:161} INFO - Started process (PID=606) to work on /opt/airflow/dags/dag_dynamic.py
[2026-08-18T12:21:11.123+0000] {processor.py:830} INFO - Processing file /opt/airflow/dags/dag_dynamic.py for tasks to queue
[2026-08-18T12:21:11.125+0000] {logging_mixin.py:188} INFO - [2026-08-18T12:21:11.125+0000] {dagbag.py:538} INFO - Filling up the DagBag from /opt/airflow/dags/dag_dynamic.py
[2026-08-18T12:21:11.533+0000] {processor.py:840} INFO - DAG(s) 'jour6_region_idf', 'jour6_region_ge', 'jour6_region_paca' retrieved from /opt/airflow/dags/dag_dynamic.py
[2026-08-18T12:21:11.559+0000] {logging_mixin.py:188} INFO - [2026-08-18T12:21:11.559+0000] {dag.py:3036} INFO - Sync 3 DAGs
[2026-08-18T12:21:11.592+0000] {logging_mixin.py:188} INFO - [2026-08-18T12:21:11.592+0000] {dag.py:3823} INFO - Setting next_dagrun for jour6_region_ge to 2026-08-18 00:00:00+00:00, run_after=2026-08-19 00:00:00+00:00
[2026-08-18T12:21:11.597+0000] {logging_mixin.py:188} INFO - [2026-08-18T12:21:11.596+0000] {dag.py:3823} INFO - Setting next_dagrun for jour6_region_idf to 2026-08-18 00:00:00+00:00, run_after=2026-08-19 00:00:00+00:00
[2026-08-18T12:21:11.601+0000] {logging_mixin.py:188} INFO - [2026-08-18T12:21:11.601+0000] {dag.py:3823} INFO - Setting next_dagrun for jour6_region_paca to 2026-08-18 00:00:00+00:00, run_after=2026-08-19 00:00:00+00:00
[2026-08-18T12:21:11.622+0000] {processor.py:183} INFO - Processing /opt/airflow/dags/dag_dynamic.py took 0.503 seconds
[2026-08-18T12:21:42.525+0000] {processor.py:161} INFO - Started process (PID=685) to work on /opt/airflow/dags/dag_dynamic.py
[2026-08-18T12:21:42.526+0000] {processor.py:830} INFO - Processing file /opt/airflow/dags/dag_dynamic.py for tasks to queue
[2026-08-18T12:21:42.528+0000] {logging_mixin.py:188} INFO - [2026-08-18T12:21:42.528+0000] {dagbag.py:538} INFO - Filling up the DagBag from /opt/airflow/dags/dag_dynamic.py
[2026-08-18T12:21:42.930+0000] {processor.py:840} INFO - DAG(s) 'jour6_region_ge', 'jour6_region_paca', 'jour6_region_idf' retrieved from /opt/airflow/dags/dag_dynamic.py
[2026-08-18T12:21:42.955+0000] {logging_mixin.py:188} INFO - [2026-08-18T12:21:42.954+0000] {dag.py:3036} INFO - Sync 3 DAGs
[2026-08-18T12:21:42.976+0000] {logging_mixin.py:188} INFO - [2026-08-18T12:21:42.976+0000] {dag.py:3823} INFO - Setting next_dagrun for jour6_region_ge to 2026-08-18 00:00:00+00:00, run_after=2026-08-19 00:00:00+00:00
[2026-08-18T12:21:42.981+0000] {logging_mixin.py:188} INFO - [2026-08-18T12:21:42.980+0000] {dag.py:3823} INFO - Setting next_dagrun for jour6_region_idf to 2026-08-18 00:00:00+00:00, run_after=2026-08-19 00:00:00+00:00
[2026-08-18T12:21:42.983+0000] {logging_mixin.py:188} INFO - [2026-08-18T12:21:42.983+0000] {dag.py:3823} INFO - Setting next_dagrun for jour6_region_paca to 2026-08-18 00:00:00+00:00, run_after=2026-08-19 00:00:00+00:00
[2026-08-18T12:21:42.999+0000] {processor.py:183} INFO - Processing /opt/airflow/dags/dag_dynamic.py took 0.479 seconds
[2026-08-18T12:22:13.950+0000] {processor.py:161} INFO - Started process (PID=764) to work on /opt/airflow/dags/dag_dynamic.py
[2026-08-18T12:22:13.952+0000] {processor.py:830} INFO - Processing file /opt/airflow/dags/dag_dynamic.py for tasks to queue
[2026-08-18T12:22:13.955+0000] {logging_mixin.py:188} INFO - [2026-08-18T12:22:13.954+0000] {dagbag.py:538} INFO - Filling up the DagBag from /opt/airflow/dags/dag_dynamic.py
[2026-08-18T12:22:14.405+0000] {processor.py:840} INFO - DAG(s) 'jour6_region_ge', 'jour6_region_idf', 'jour6_region_paca' retrieved from /opt/airflow/dags/dag_dynamic.py
[2026-08-18T12:22:14.430+0000] {logging_mixin.py:188} INFO - [2026-08-18T12:22:14.430+0000] {dag.py:3036} INFO - Sync 3 DAGs
[2026-08-18T12:22:14.450+0000] {logging_mixin.py:188} INFO - [2026-08-18T12:22:14.450+0000] {dag.py:3823} INFO - Setting next_dagrun for jour6_region_ge to 2026-08-18 00:00:00+00:00, run_after=2026-08-19 00:00:00+00:00
[2026-08-18T12:22:14.455+0000] {logging_mixin.py:188} INFO - [2026-08-18T12:22:14.454+0000] {dag.py:3823} INFO - Setting next_dagrun for jour6_region_idf to 2026-08-18 00:00:00+00:00, run_after=2026-08-19 00:00:00+00:00
[2026-08-18T12:22:14.457+0000] {logging_mixin.py:188} INFO - [2026-08-18T12:22:14.457+0000] {dag.py:3823} INFO - Setting next_dagrun for jour6_region_paca to 2026-08-18 00:00:00+00:00, run_after=2026-08-19 00:00:00+00:00
[2026-08-18T12:22:14.473+0000] {processor.py:183} INFO - Processing /opt/airflow/dags/dag_dynamic.py took 0.527 seconds
[2026-08-18T12:22:44.986+0000] {processor.py:161} INFO - Started process (PID=845) to work on /opt/airflow/dags/dag_dynamic.py
[2026-08-18T12:22:44.988+0000] {processor.py:830} INFO - Processing file /opt/airflow/dags/dag_dynamic.py for tasks to queue
[2026-08-18T12:22:44.990+0000] {logging_mixin.py:188} INFO - [2026-08-18T12:22:44.990+0000] {dagbag.py:538} INFO - Filling up the DagBag from /opt/airflow/dags/dag_dynamic.py
[2026-08-18T12:22:45.433+0000] {processor.py:840} INFO - DAG(s) 'jour6_region_paca', 'jour6_region_ge', 'jour6_region_idf' retrieved from /opt/airflow/dags/dag_dynamic.py
[2026-08-18T12:22:45.457+0000] {logging_mixin.py:188} INFO - [2026-08-18T12:22:45.457+0000] {dag.py:3036} INFO - Sync 3 DAGs
[2026-08-18T12:22:45.478+0000] {logging_mixin.py:188} INFO - [2026-08-18T12:22:45.478+0000] {dag.py:3823} INFO - Setting next_dagrun for jour6_region_ge to 2026-08-18 00:00:00+00:00, run_after=2026-08-19 00:00:00+00:00
[2026-08-18T12:22:45.483+0000] {logging_mixin.py:188} INFO - [2026-08-18T12:22:45.482+0000] {dag.py:3823} INFO - Setting next_dagrun for jour6_region_idf to 2026-08-18 00:00:00+00:00, run_after=2026-08-19 00:00:00+00:00
[2026-08-18T12:22:45.486+0000] {logging_mixin.py:188} INFO - [2026-08-18T12:22:45.486+0000] {dag.py:3823} INFO - Setting next_dagrun for jour6_region_paca to 2026-08-18 00:00:00+00:00, run_after=2026-08-19 00:00:00+00:00
[2026-08-18T12:22:45.504+0000] {processor.py:183} INFO - Processing /opt/airflow/dags/dag_dynamic.py took 0.522 seconds
[2026-08-18T12:23:15.567+0000] {processor.py:161} INFO - Started process (PID=926) to work on /opt/airflow/dags/dag_dynamic.py
[2026-08-18T12:23:15.569+0000] {processor.py:830} INFO - Processing file /opt/airflow/dags/dag_dynamic.py for tasks to queue
[2026-08-18T12:23:15.572+0000] {logging_mixin.py:188} INFO - [2026-08-18T12:23:15.571+0000] {dagbag.py:538} INFO - Filling up the DagBag from /opt/airflow/dags/dag_dynamic.py
[2026-08-18T12:23:16.045+0000] {processor.py:840} INFO - DAG(s) 'jour6_region_ge', 'jour6_region_paca', 'jour6_region_idf' retrieved from /opt/airflow/dags/dag_dynamic.py
[2026-08-18T12:23:16.058+0000] {logging_mixin.py:188} INFO - [2026-08-18T12:23:16.058+0000] {dag.py:3036} INFO - Sync 3 DAGs
[2026-08-18T12:23:16.080+0000] {logging_mixin.py:188} INFO - [2026-08-18T12:23:16.079+0000] {dag.py:3823} INFO - Setting next_dagrun for jour6_region_ge to 2026-08-18 00:00:00+00:00, run_after=2026-08-19 00:00:00+00:00
[2026-08-18T12:23:16.085+0000] {logging_mixin.py:188} INFO - [2026-08-18T12:23:16.085+0000] {dag.py:3823} INFO - Setting next_dagrun for jour6_region_idf to 2026-08-18 00:00:00+00:00, run_after=2026-08-19 00:00:00+00:00
[2026-08-18T12:23:16.089+0000] {logging_mixin.py:188} INFO - [2026-08-18T12:23:16.088+0000] {dag.py:3823} INFO - Setting next_dagrun for jour6_region_paca to 2026-08-18 00:00:00+00:00, run_after=2026-08-19 00:00:00+00:00
[2026-08-18T12:23:16.110+0000] {processor.py:183} INFO - Processing /opt/airflow/dags/dag_dynamic.py took 0.547 seconds
[2026-08-18T12:23:46.389+0000] {processor.py:161} INFO - Started process (PID=1005) to work on /opt/airflow/dags/dag_dynamic.py
[2026-08-18T12:23:46.390+0000] {processor.py:830} INFO - Processing file /opt/airflow/dags/dag_dynamic.py for tasks to queue
[2026-08-18T12:23:46.394+0000] {logging_mixin.py:188} INFO - [2026-08-18T12:23:46.393+0000] {dagbag.py:538} INFO - Filling up the DagBag from /opt/airflow/dags/dag_dynamic.py
[2026-08-18T12:23:46.837+0000] {processor.py:840} INFO - DAG(s) 'jour6_region_paca', 'jour6_region_ge', 'jour6_region_idf' retrieved from /opt/airflow/dags/dag_dynamic.py
[2026-08-18T12:23:46.935+0000] {logging_mixin.py:188} INFO - [2026-08-18T12:23:46.934+0000] {dag.py:3036} INFO - Sync 3 DAGs
[2026-08-18T12:23:46.952+0000] {logging_mixin.py:188} INFO - [2026-08-18T12:23:46.951+0000] {dag.py:3823} INFO - Setting next_dagrun for jour6_region_ge to 2026-08-18 00:00:00+00:00, run_after=2026-08-19 00:00:00+00:00
[2026-08-18T12:23:46.956+0000] {logging_mixin.py:188} INFO - [2026-08-18T12:23:46.956+0000] {dag.py:3823} INFO - Setting next_dagrun for jour6_region_idf to 2026-08-18 00:00:00+00:00, run_after=2026-08-19 00:00:00+00:00
[2026-08-18T12:23:46.958+0000] {logging_mixin.py:188} INFO - [2026-08-18T12:23:46.958+0000] {dag.py:3823} INFO - Setting next_dagrun for jour6_region_paca to 2026-08-18 00:00:00+00:00, run_after=2026-08-19 00:00:00+00:00
[2026-08-18T12:23:46.976+0000] {processor.py:183} INFO - Processing /opt/airflow/dags/dag_dynamic.py took 0.593 seconds
[2026-08-18T12:24:17.142+0000] {processor.py:161} INFO - Started process (PID=1086) to work on /opt/airflow/dags/dag_dynamic.py
[2026-08-18T12:24:17.143+0000] {processor.py:830} INFO - Processing file /opt/airflow/dags/dag_dynamic.py for tasks to queue
[2026-08-18T12:24:17.146+0000] {logging_mixin.py:188} INFO - [2026-08-18T12:24:17.145+0000] {dagbag.py:538} INFO - Filling up the DagBag from /opt/airflow/dags/dag_dynamic.py
[2026-08-18T12:24:17.581+0000] {processor.py:840} INFO - DAG(s) 'jour6_region_paca', 'jour6_region_ge', 'jour6_region_idf' retrieved from /opt/airflow/dags/dag_dynamic.py
[2026-08-18T12:24:17.612+0000] {logging_mixin.py:188} INFO - [2026-08-18T12:24:17.612+0000] {dag.py:3036} INFO - Sync 3 DAGs
[2026-08-18T12:24:17.634+0000] {logging_mixin.py:188} INFO - [2026-08-18T12:24:17.634+0000] {dag.py:3823} INFO - Setting next_dagrun for jour6_region_ge to 2026-08-18 00:00:00+00:00, run_after=2026-08-19 00:00:00+00:00
[2026-08-18T12:24:17.640+0000] {logging_mixin.py:188} INFO - [2026-08-18T12:24:17.640+0000] {dag.py:3823} INFO - Setting next_dagrun for jour6_region_idf to 2026-08-18 00:00:00+00:00, run_after=2026-08-19 00:00:00+00:00
[2026-08-18T12:24:17.644+0000] {logging_mixin.py:188} INFO - [2026-08-18T12:24:17.644+0000] {dag.py:3823} INFO - Setting next_dagrun for jour6_region_paca to 2026-08-18 00:00:00+00:00, run_after=2026-08-19 00:00:00+00:00
[2026-08-18T12:24:17.662+0000] {processor.py:183} INFO - Processing /opt/airflow/dags/dag_dynamic.py took 0.523 seconds
[2026-08-18T12:24:48.118+0000] {processor.py:161} INFO - Started process (PID=1167) to work on /opt/airflow/dags/dag_dynamic.py
[2026-08-18T12:24:48.119+0000] {processor.py:830} INFO - Processing file /opt/airflow/dags/dag_dynamic.py for tasks to queue
[2026-08-18T12:24:48.122+0000] {logging_mixin.py:188} INFO - [2026-08-18T12:24:48.122+0000] {dagbag.py:538} INFO - Filling up the DagBag from /opt/airflow/dags/dag_dynamic.py
[2026-08-18T12:24:48.753+0000] {processor.py:840} INFO - DAG(s) 'jour6_region_ge', 'jour6_region_idf', 'jour6_region_paca' retrieved from /opt/airflow/dags/dag_dynamic.py
[2026-08-18T12:24:48.805+0000] {logging_mixin.py:188} INFO - [2026-08-18T12:24:48.804+0000] {dag.py:3036} INFO - Sync 3 DAGs
[2026-08-18T12:24:48.833+0000] {logging_mixin.py:188} INFO - [2026-08-18T12:24:48.833+0000] {dag.py:3823} INFO - Setting next_dagrun for jour6_region_ge to 2026-08-18 00:00:00+00:00, run_after=2026-08-19 00:00:00+00:00
[2026-08-18T12:24:48.841+0000] {logging_mixin.py:188} INFO - [2026-08-18T12:24:48.841+0000] {dag.py:3823} INFO - Setting next_dagrun for jour6_region_idf to 2026-08-18 00:00:00+00:00, run_after=2026-08-19 00:00:00+00:00
[2026-08-18T12:24:48.846+0000] {logging_mixin.py:188} INFO - [2026-08-18T12:24:48.846+0000] {dag.py:3823} INFO - Setting next_dagrun for jour6_region_paca to 2026-08-18 00:00:00+00:00, run_after=2026-08-19 00:00:00+00:00
[2026-08-18T12:24:48.868+0000] {processor.py:183} INFO - Processing /opt/airflow/dags/dag_dynamic.py took 0.758 seconds
[2026-08-18T12:25:19.270+0000] {processor.py:161} INFO - Started process (PID=1251) to work on /opt/airflow/dags/dag_dynamic.py
[2026-08-18T12:25:19.271+0000] {processor.py:830} INFO - Processing file /opt/airflow/dags/dag_dynamic.py for tasks to queue
[2026-08-18T12:25:19.273+0000] {logging_mixin.py:188} INFO - [2026-08-18T12:25:19.272+0000] {dagbag.py:538} INFO - Filling up the DagBag from /opt/airflow/dags/dag_dynamic.py
[2026-08-18T12:25:19.671+0000] {processor.py:840} INFO - DAG(s) 'jour6_region_idf', 'jour6_region_ge', 'jour6_region_paca' retrieved from /opt/airflow/dags/dag_dynamic.py
[2026-08-18T12:25:19.698+0000] {logging_mixin.py:188} INFO - [2026-08-18T12:25:19.697+0000] {dag.py:3036} INFO - Sync 3 DAGs
[2026-08-18T12:25:19.721+0000] {logging_mixin.py:188} INFO - [2026-08-18T12:25:19.720+0000] {dag.py:3823} INFO - Setting next_dagrun for jour6_region_ge to 2026-08-18 00:00:00+00:00, run_after=2026-08-19 00:00:00+00:00
[2026-08-18T12:25:19.727+0000] {logging_mixin.py:188} INFO - [2026-08-18T12:25:19.727+0000] {dag.py:3823} INFO - Setting next_dagrun for jour6_region_idf to 2026-08-18 00:00:00+00:00, run_after=2026-08-19 00:00:00+00:00
[2026-08-18T12:25:19.731+0000] {logging_mixin.py:188} INFO - [2026-08-18T12:25:19.731+0000] {dag.py:3823} INFO - Setting next_dagrun for jour6_region_paca to 2026-08-18 00:00:00+00:00, run_after=2026-08-19 00:00:00+00:00
[2026-08-18T12:25:19.751+0000] {processor.py:183} INFO - Processing /opt/airflow/dags/dag_dynamic.py took 0.486 seconds
[2026-08-18T12:25:50.130+0000] {processor.py:161} INFO - Started process (PID=1350) to work on /opt/airflow/dags/dag_dynamic.py
[2026-08-18T12:25:50.131+0000] {processor.py:830} INFO - Processing file /opt/airflow/dags/dag_dynamic.py for tasks to queue
[2026-08-18T12:25:50.133+0000] {logging_mixin.py:188} INFO - [2026-08-18T12:25:50.132+0000] {dagbag.py:538} INFO - Filling up the DagBag from /opt/airflow/dags/dag_dynamic.py
[2026-08-18T12:25:50.757+0000] {processor.py:840} INFO - DAG(s) 'jour6_region_idf', 'jour6_region_ge', 'jour6_region_paca' retrieved from /opt/airflow/dags/dag_dynamic.py
[2026-08-18T12:25:50.783+0000] {logging_mixin.py:188} INFO - [2026-08-18T12:25:50.783+0000] {dag.py:3036} INFO - Sync 3 DAGs
[2026-08-18T12:25:50.805+0000] {logging_mixin.py:188} INFO - [2026-08-18T12:25:50.805+0000] {dag.py:3823} INFO - Setting next_dagrun for jour6_region_ge to 2026-08-18 00:00:00+00:00, run_after=2026-08-19 00:00:00+00:00
[2026-08-18T12:25:50.810+0000] {logging_mixin.py:188} INFO - [2026-08-18T12:25:50.810+0000] {dag.py:3823} INFO - Setting next_dagrun for jour6_region_idf to 2026-08-18 00:00:00+00:00, run_after=2026-08-19 00:00:00+00:00
[2026-08-18T12:25:50.813+0000] {logging_mixin.py:188} INFO - [2026-08-18T12:25:50.813+0000] {dag.py:3823} INFO - Setting next_dagrun for jour6_region_paca to 2026-08-18 00:00:00+00:00, run_after=2026-08-19 00:00:00+00:00
[2026-08-18T12:25:50.830+0000] {processor.py:183} INFO - Processing /opt/airflow/dags/dag_dynamic.py took 0.704 seconds
[2026-08-18T12:26:21.275+0000] {processor.py:161} INFO - Started process (PID=1431) to work on /opt/airflow/dags/dag_dynamic.py
[2026-08-18T12:26:21.277+0000] {processor.py:830} INFO - Processing file /opt/airflow/dags/dag_dynamic.py for tasks to queue
[2026-08-18T12:26:21.279+0000] {logging_mixin.py:188} INFO - [2026-08-18T12:26:21.279+0000] {dagbag.py:538} INFO - Filling up the DagBag from /opt/airflow/dags/dag_dynamic.py
[2026-08-18T12:26:21.723+0000] {processor.py:840} INFO - DAG(s) 'jour6_region_paca', 'jour6_region_ge', 'jour6_region_idf' retrieved from /opt/airflow/dags/dag_dynamic.py
[2026-08-18T12:26:21.751+0000] {logging_mixin.py:188} INFO - [2026-08-18T12:26:21.750+0000] {dag.py:3036} INFO - Sync 3 DAGs
[2026-08-18T12:26:21.772+0000] {logging_mixin.py:188} INFO - [2026-08-18T12:26:21.772+0000] {dag.py:3823} INFO - Setting next_dagrun for jour6_region_ge to 2026-08-18 00:00:00+00:00, run_after=2026-08-19 00:00:00+00:00
[2026-08-18T12:26:21.778+0000] {logging_mixin.py:188} INFO - [2026-08-18T12:26:21.777+0000] {dag.py:3823} INFO - Setting next_dagrun for jour6_region_idf to 2026-08-18 00:00:00+00:00, run_after=2026-08-19 00:00:00+00:00
[2026-08-18T12:26:21.781+0000] {logging_mixin.py:188} INFO - [2026-08-18T12:26:21.780+0000] {dag.py:3823} INFO - Setting next_dagrun for jour6_region_paca to 2026-08-18 00:00:00+00:00, run_after=2026-08-19 00:00:00+00:00
[2026-08-18T12:26:21.798+0000] {processor.py:183} INFO - Processing /opt/airflow/dags/dag_dynamic.py took 0.527 seconds
[2026-08-18T12:26:52.186+0000] {processor.py:161} INFO - Started process (PID=1517) to work on /opt/airflow/dags/dag_dynamic.py
[2026-08-18T12:26:52.187+0000] {processor.py:830} INFO - Processing file /opt/airflow/dags/dag_dynamic.py for tasks to queue
[2026-08-18T12:26:52.190+0000] {logging_mixin.py:188} INFO - [2026-08-18T12:26:52.189+0000] {dagbag.py:538} INFO - Filling up the DagBag from /opt/airflow/dags/dag_dynamic.py
[2026-08-18T12:26:52.588+0000] {processor.py:840} INFO - DAG(s) 'jour6_region_ge', 'jour6_region_paca', 'jour6_region_idf' retrieved from /opt/airflow/dags/dag_dynamic.py
[2026-08-18T12:26:52.614+0000] {logging_mixin.py:188} INFO - [2026-08-18T12:26:52.613+0000] {dag.py:3036} INFO - Sync 3 DAGs
[2026-08-18T12:26:52.637+0000] {logging_mixin.py:188} INFO - [2026-08-18T12:26:52.637+0000] {dag.py:3823} INFO - Setting next_dagrun for jour6_region_ge to 2026-08-18 00:00:00+00:00, run_after=2026-08-19 00:00:00+00:00
[2026-08-18T12:26:52.642+0000] {logging_mixin.py:188} INFO - [2026-08-18T12:26:52.642+0000] {dag.py:3823} INFO - Setting next_dagrun for jour6_region_idf to 2026-08-18 00:00:00+00:00, run_after=2026-08-19 00:00:00+00:00
[2026-08-18T12:26:52.645+0000] {logging_mixin.py:188} INFO - [2026-08-18T12:26:52.644+0000] {dag.py:3823} INFO - Setting next_dagrun for jour6_region_paca to 2026-08-18 00:00:00+00:00, run_after=2026-08-19 00:00:00+00:00
[2026-08-18T12:26:52.660+0000] {processor.py:183} INFO - Processing /opt/airflow/dags/dag_dynamic.py took 0.478 seconds
[2026-08-18T12:27:23.556+0000] {processor.py:161} INFO - Started process (PID=1598) to work on /opt/airflow/dags/dag_dynamic.py
[2026-08-18T12:27:23.557+0000] {processor.py:830} INFO - Processing file /opt/airflow/dags/dag_dynamic.py for tasks to queue
[2026-08-18T12:27:23.559+0000] {logging_mixin.py:188} INFO - [2026-08-18T12:27:23.559+0000] {dagbag.py:538} INFO - Filling up the DagBag from /opt/airflow/dags/dag_dynamic.py
[2026-08-18T12:27:23.808+0000] {processor.py:840} INFO - DAG(s) 'jour6_region_idf', 'jour6_region_paca', 'jour6_region_ge' retrieved from /opt/airflow/dags/dag_dynamic.py
[2026-08-18T12:27:23.837+0000] {logging_mixin.py:188} INFO - [2026-08-18T12:27:23.836+0000] {dag.py:3036} INFO - Sync 3 DAGs
[2026-08-18T12:27:23.858+0000] {logging_mixin.py:188} INFO - [2026-08-18T12:27:23.858+0000] {dag.py:3823} INFO - Setting next_dagrun for jour6_region_ge to 2026-08-18 00:00:00+00:00, run_after=2026-08-19 00:00:00+00:00
[2026-08-18T12:27:23.863+0000] {logging_mixin.py:188} INFO - [2026-08-18T12:27:23.862+0000] {dag.py:3823} INFO - Setting next_dagrun for jour6_region_idf to 2026-08-18 00:00:00+00:00, run_after=2026-08-19 00:00:00+00:00
[2026-08-18T12:27:23.865+0000] {logging_mixin.py:188} INFO - [2026-08-18T12:27:23.865+0000] {dag.py:3823} INFO - Setting next_dagrun for jour6_region_paca to 2026-08-18 00:00:00+00:00, run_after=2026-08-19 00:00:00+00:00
[2026-08-18T12:27:23.881+0000] {processor.py:183} INFO - Processing /opt/airflow/dags/dag_dynamic.py took 0.331 seconds
[2026-08-18T12:27:54.164+0000] {processor.py:161} INFO - Started process (PID=1679) to work on /opt/airflow/dags/dag_dynamic.py
[2026-08-18T12:27:54.166+0000] {processor.py:830} INFO - Processing file /opt/airflow/dags/dag_dynamic.py for tasks to queue
[2026-08-18T12:27:54.169+0000] {logging_mixin.py:188} INFO - [2026-08-18T12:27:54.169+0000] {dagbag.py:538} INFO - Filling up the DagBag from /opt/airflow/dags/dag_dynamic.py
[2026-08-18T12:27:54.428+0000] {processor.py:840} INFO - DAG(s) 'jour6_region_idf', 'jour6_region_ge', 'jour6_region_paca' retrieved from /opt/airflow/dags/dag_dynamic.py
[2026-08-18T12:27:54.465+0000] {logging_mixin.py:188} INFO - [2026-08-18T12:27:54.465+0000] {dag.py:3036} INFO - Sync 3 DAGs
[2026-08-18T12:27:54.487+0000] {logging_mixin.py:188} INFO - [2026-08-18T12:27:54.487+0000] {dag.py:3823} INFO - Setting next_dagrun for jour6_region_ge to 2026-08-18 00:00:00+00:00, run_after=2026-08-19 00:00:00+00:00
[2026-08-18T12:27:54.492+0000] {logging_mixin.py:188} INFO - [2026-08-18T12:27:54.491+0000] {dag.py:3823} INFO - Setting next_dagrun for jour6_region_idf to 2026-08-18 00:00:00+00:00, run_after=2026-08-19 00:00:00+00:00
[2026-08-18T12:27:54.494+0000] {logging_mixin.py:188} INFO - [2026-08-18T12:27:54.494+0000] {dag.py:3823} INFO - Setting next_dagrun for jour6_region_paca to 2026-08-18 00:00:00+00:00, run_after=2026-08-19 00:00:00+00:00
[2026-08-18T12:27:54.511+0000] {processor.py:183} INFO - Processing /opt/airflow/dags/dag_dynamic.py took 0.352 seconds
[2026-08-18T12:28:24.914+0000] {processor.py:161} INFO - Started process (PID=1765) to work on /opt/airflow/dags/dag_dynamic.py
[2026-08-18T12:28:24.916+0000] {processor.py:830} INFO - Processing file /opt/airflow/dags/dag_dynamic.py for tasks to queue
[2026-08-18T12:28:24.919+0000] {logging_mixin.py:188} INFO - [2026-08-18T12:28:24.918+0000] {dagbag.py:538} INFO - Filling up the DagBag from /opt/airflow/dags/dag_dynamic.py
[2026-08-18T12:28:25.223+0000] {processor.py:840} INFO - DAG(s) 'jour6_region_paca', 'jour6_region_idf', 'jour6_region_ge' retrieved from /opt/airflow/dags/dag_dynamic.py
[2026-08-18T12:28:25.251+0000] {logging_mixin.py:188} INFO - [2026-08-18T12:28:25.251+0000] {dag.py:3036} INFO - Sync 3 DAGs
[2026-08-18T12:28:25.279+0000] {logging_mixin.py:188} INFO - [2026-08-18T12:28:25.279+0000] {dag.py:3823} INFO - Setting next_dagrun for jour6_region_ge to 2026-08-18 00:00:00+00:00, run_after=2026-08-19 00:00:00+00:00
[2026-08-18T12:28:25.284+0000] {logging_mixin.py:188} INFO - [2026-08-18T12:28:25.284+0000] {dag.py:3823} INFO - Setting next_dagrun for jour6_region_idf to 2026-08-18 00:00:00+00:00, run_after=2026-08-19 00:00:00+00:00
[2026-08-18T12:28:25.288+0000] {logging_mixin.py:188} INFO - [2026-08-18T12:28:25.287+0000] {dag.py:3823} INFO - Setting next_dagrun for jour6_region_paca to 2026-08-18 00:00:00+00:00, run_after=2026-08-19 00:00:00+00:00
[2026-08-18T12:28:25.305+0000] {processor.py:183} INFO - Processing /opt/airflow/dags/dag_dynamic.py took 0.395 seconds
[2026-08-18T12:28:56.145+0000] {processor.py:161} INFO - Started process (PID=1846) to work on /opt/airflow/dags/dag_dynamic.py
[2026-08-18T12:28:56.146+0000] {processor.py:830} INFO - Processing file /opt/airflow/dags/dag_dynamic.py for tasks to queue
[2026-08-18T12:28:56.148+0000] {logging_mixin.py:188} INFO - [2026-08-18T12:28:56.148+0000] {dagbag.py:538} INFO - Filling up the DagBag from /opt/airflow/dags/dag_dynamic.py
[2026-08-18T12:28:56.446+0000] {processor.py:840} INFO - DAG(s) 'jour6_region_ge', 'jour6_region_paca', 'jour6_region_idf' retrieved from /opt/airflow/dags/dag_dynamic.py
[2026-08-18T12:28:56.478+0000] {logging_mixin.py:188} INFO - [2026-08-18T12:28:56.478+0000] {dag.py:3036} INFO - Sync 3 DAGs
[2026-08-18T12:28:56.501+0000] {logging_mixin.py:188} INFO - [2026-08-18T12:28:56.501+0000] {dag.py:3823} INFO - Setting next_dagrun for jour6_region_ge to 2026-08-18 00:00:00+00:00, run_after=2026-08-19 00:00:00+00:00
[2026-08-18T12:28:56.507+0000] {logging_mixin.py:188} INFO - [2026-08-18T12:28:56.507+0000] {dag.py:3823} INFO - Setting next_dagrun for jour6_region_idf to 2026-08-18 00:00:00+00:00, run_after=2026-08-19 00:00:00+00:00
[2026-08-18T12:28:56.511+0000] {logging_mixin.py:188} INFO - [2026-08-18T12:28:56.510+0000] {dag.py:3823} INFO - Setting next_dagrun for jour6_region_paca to 2026-08-18 00:00:00+00:00, run_after=2026-08-19 00:00:00+00:00
[2026-08-18T12:28:56.531+0000] {processor.py:183} INFO - Processing /opt/airflow/dags/dag_dynamic.py took 0.391 seconds
[2026-08-18T12:29:27.056+0000] {processor.py:161} INFO - Started process (PID=1927) to work on /opt/airflow/dags/dag_dynamic.py
[2026-08-18T12:29:27.058+0000] {processor.py:830} INFO - Processing file /opt/airflow/dags/dag_dynamic.py for tasks to queue
[2026-08-18T12:29:27.060+0000] {logging_mixin.py:188} INFO - [2026-08-18T12:29:27.060+0000] {dagbag.py:538} INFO - Filling up the DagBag from /opt/airflow/dags/dag_dynamic.py
[2026-08-18T12:29:27.458+0000] {processor.py:840} INFO - DAG(s) 'jour6_region_ge', 'jour6_region_idf', 'jour6_region_paca' retrieved from /opt/airflow/dags/dag_dynamic.py
[2026-08-18T12:29:27.496+0000] {logging_mixin.py:188} INFO - [2026-08-18T12:29:27.496+0000] {dag.py:3036} INFO - Sync 3 DAGs
[2026-08-18T12:29:27.526+0000] {logging_mixin.py:188} INFO - [2026-08-18T12:29:27.526+0000] {dag.py:3823} INFO - Setting next_dagrun for jour6_region_ge to 2026-08-18 00:00:00+00:00, run_after=2026-08-19 00:00:00+00:00
[2026-08-18T12:29:27.535+0000] {logging_mixin.py:188} INFO - [2026-08-18T12:29:27.535+0000] {dag.py:3823} INFO - Setting next_dagrun for jour6_region_idf to 2026-08-18 00:00:00+00:00, run_after=2026-08-19 00:00:00+00:00
[2026-08-18T12:29:27.539+0000] {logging_mixin.py:188} INFO - [2026-08-18T12:29:27.539+0000] {dag.py:3823} INFO - Setting next_dagrun for jour6_region_paca to 2026-08-18 00:00:00+00:00, run_after=2026-08-19 00:00:00+00:00
[2026-08-18T12:29:27.569+0000] {processor.py:183} INFO - Processing /opt/airflow/dags/dag_dynamic.py took 0.518 seconds
[2026-08-18T12:29:57.699+0000] {processor.py:161} INFO - Started process (PID=2008) to work on /opt/airflow/dags/dag_dynamic.py
[2026-08-18T12:29:57.700+0000] {processor.py:830} INFO - Processing file /opt/airflow/dags/dag_dynamic.py for tasks to queue
[2026-08-18T12:29:57.703+0000] {logging_mixin.py:188} INFO - [2026-08-18T12:29:57.703+0000] {dagbag.py:538} INFO - Filling up the DagBag from /opt/airflow/dags/dag_dynamic.py
[2026-08-18T12:29:57.989+0000] {processor.py:840} INFO - DAG(s) 'jour6_region_idf', 'jour6_region_ge', 'jour6_region_paca' retrieved from /opt/airflow/dags/dag_dynamic.py
[2026-08-18T12:29:58.020+0000] {logging_mixin.py:188} INFO - [2026-08-18T12:29:58.020+0000] {dag.py:3036} INFO - Sync 3 DAGs
[2026-08-18T12:29:58.043+0000] {logging_mixin.py:188} INFO - [2026-08-18T12:29:58.042+0000] {dag.py:3823} INFO - Setting next_dagrun for jour6_region_ge to 2026-08-18 00:00:00+00:00, run_after=2026-08-19 00:00:00+00:00
[2026-08-18T12:29:58.048+0000] {logging_mixin.py:188} INFO - [2026-08-18T12:29:58.048+0000] {dag.py:3823} INFO - Setting next_dagrun for jour6_region_idf to 2026-08-18 00:00:00+00:00, run_after=2026-08-19 00:00:00+00:00
[2026-08-18T12:29:58.051+0000] {logging_mixin.py:188} INFO - [2026-08-18T12:29:58.051+0000] {dag.py:3823} INFO - Setting next_dagrun for jour6_region_paca to 2026-08-18 00:00:00+00:00, run_after=2026-08-19 00:00:00+00:00
[2026-08-18T12:29:58.074+0000] {processor.py:183} INFO - Processing /opt/airflow/dags/dag_dynamic.py took 0.380 seconds
[2026-08-18T12:30:28.370+0000] {processor.py:161} INFO - Started process (PID=2091) to work on /opt/airflow/dags/dag_dynamic.py
[2026-08-18T12:30:28.371+0000] {processor.py:830} INFO - Processing file /opt/airflow/dags/dag_dynamic.py for tasks to queue
[2026-08-18T12:30:28.373+0000] {logging_mixin.py:188} INFO - [2026-08-18T12:30:28.373+0000] {dagbag.py:538} INFO - Filling up the DagBag from /opt/airflow/dags/dag_dynamic.py
[2026-08-18T12:30:28.621+0000] {processor.py:840} INFO - DAG(s) 'jour6_region_ge', 'jour6_region_paca', 'jour6_region_idf' retrieved from /opt/airflow/dags/dag_dynamic.py
[2026-08-18T12:30:28.648+0000] {logging_mixin.py:188} INFO - [2026-08-18T12:30:28.648+0000] {dag.py:3036} INFO - Sync 3 DAGs
[2026-08-18T12:30:28.669+0000] {logging_mixin.py:188} INFO - [2026-08-18T12:30:28.669+0000] {dag.py:3823} INFO - Setting next_dagrun for jour6_region_ge to 2026-08-18 00:00:00+00:00, run_after=2026-08-19 00:00:00+00:00
[2026-08-18T12:30:28.674+0000] {logging_mixin.py:188} INFO - [2026-08-18T12:30:28.674+0000] {dag.py:3823} INFO - Setting next_dagrun for jour6_region_idf to 2026-08-18 00:00:00+00:00, run_after=2026-08-19 00:00:00+00:00
[2026-08-18T12:30:28.677+0000] {logging_mixin.py:188} INFO - [2026-08-18T12:30:28.676+0000] {dag.py:3823} INFO - Setting next_dagrun for jour6_region_paca to 2026-08-18 00:00:00+00:00, run_after=2026-08-19 00:00:00+00:00
[2026-08-18T12:30:28.693+0000] {processor.py:183} INFO - Processing /opt/airflow/dags/dag_dynamic.py took 0.328 seconds
[2026-08-18T12:30:58.772+0000] {processor.py:161} INFO - Started process (PID=2170) to work on /opt/airflow/dags/dag_dynamic.py
[2026-08-18T12:30:58.773+0000] {processor.py:830} INFO - Processing file /opt/airflow/dags/dag_dynamic.py for tasks to queue
[2026-08-18T12:30:58.775+0000] {logging_mixin.py:188} INFO - [2026-08-18T12:30:58.775+0000] {dagbag.py:538} INFO - Filling up the DagBag from /opt/airflow/dags/dag_dynamic.py
[2026-08-18T12:30:59.038+0000] {processor.py:840} INFO - DAG(s) 'jour6_region_ge', 'jour6_region_idf', 'jour6_region_paca' retrieved from /opt/airflow/dags/dag_dynamic.py
[2026-08-18T12:30:59.067+0000] {logging_mixin.py:188} INFO - [2026-08-18T12:30:59.067+0000] {dag.py:3036} INFO - Sync 3 DAGs
[2026-08-18T12:30:59.089+0000] {logging_mixin.py:188} INFO - [2026-08-18T12:30:59.089+0000] {dag.py:3823} INFO - Setting next_dagrun for jour6_region_ge to 2026-08-18 00:00:00+00:00, run_after=2026-08-19 00:00:00+00:00
[2026-08-18T12:30:59.093+0000] {logging_mixin.py:188} INFO - [2026-08-18T12:30:59.093+0000] {dag.py:3823} INFO - Setting next_dagrun for jour6_region_idf to 2026-08-18 00:00:00+00:00, run_after=2026-08-19 00:00:00+00:00
[2026-08-18T12:30:59.098+0000] {logging_mixin.py:188} INFO - [2026-08-18T12:30:59.098+0000] {dag.py:3823} INFO - Setting next_dagrun for jour6_region_paca to 2026-08-18 00:00:00+00:00, run_after=2026-08-19 00:00:00+00:00
[2026-08-18T12:30:59.115+0000] {processor.py:183} INFO - Processing /opt/airflow/dags/dag_dynamic.py took 0.347 seconds
[2026-08-18T12:31:29.654+0000] {processor.py:161} INFO - Started process (PID=2251) to work on /opt/airflow/dags/dag_dynamic.py
[2026-08-18T12:31:29.656+0000] {processor.py:830} INFO - Processing file /opt/airflow/dags/dag_dynamic.py for tasks to queue
[2026-08-18T12:31:29.659+0000] {logging_mixin.py:188} INFO - [2026-08-18T12:31:29.658+0000] {dagbag.py:538} INFO - Filling up the DagBag from /opt/airflow/dags/dag_dynamic.py
[2026-08-18T12:31:30.005+0000] {processor.py:840} INFO - DAG(s) 'jour6_region_ge', 'jour6_region_idf', 'jour6_region_paca' retrieved from /opt/airflow/dags/dag_dynamic.py
[2026-08-18T12:31:30.047+0000] {logging_mixin.py:188} INFO - [2026-08-18T12:31:30.046+0000] {dag.py:3036} INFO - Sync 3 DAGs
[2026-08-18T12:31:30.077+0000] {logging_mixin.py:188} INFO - [2026-08-18T12:31:30.077+0000] {dag.py:3823} INFO - Setting next_dagrun for jour6_region_ge to 2026-08-18 00:00:00+00:00, run_after=2026-08-19 00:00:00+00:00
[2026-08-18T12:31:30.083+0000] {logging_mixin.py:188} INFO - [2026-08-18T12:31:30.083+0000] {dag.py:3823} INFO - Setting next_dagrun for jour6_region_idf to 2026-08-18 00:00:00+00:00, run_after=2026-08-19 00:00:00+00:00
[2026-08-18T12:31:30.086+0000] {logging_mixin.py:188} INFO - [2026-08-18T12:31:30.086+0000] {dag.py:3823} INFO - Setting next_dagrun for jour6_region_paca to 2026-08-18 00:00:00+00:00, run_after=2026-08-19 00:00:00+00:00
[2026-08-18T12:31:30.110+0000] {processor.py:183} INFO - Processing /opt/airflow/dags/dag_dynamic.py took 0.460 seconds
[2026-08-18T12:32:00.665+0000] {processor.py:161} INFO - Started process (PID=2332) to work on /opt/airflow/dags/dag_dynamic.py
[2026-08-18T12:32:00.666+0000] {processor.py:830} INFO - Processing file /opt/airflow/dags/dag_dynamic.py for tasks to queue
[2026-08-18T12:32:00.669+0000] {logging_mixin.py:188} INFO - [2026-08-18T12:32:00.669+0000] {dagbag.py:538} INFO - Filling up the DagBag from /opt/airflow/dags/dag_dynamic.py
[2026-08-18T12:32:01.081+0000] {processor.py:840} INFO - DAG(s) 'jour6_region_paca', 'jour6_region_ge', 'jour6_region_idf' retrieved from /opt/airflow/dags/dag_dynamic.py
[2026-08-18T12:32:01.119+0000] {logging_mixin.py:188} INFO - [2026-08-18T12:32:01.119+0000] {dag.py:3036} INFO - Sync 3 DAGs
[2026-08-18T12:32:01.145+0000] {logging_mixin.py:188} INFO - [2026-08-18T12:32:01.145+0000] {dag.py:3823} INFO - Setting next_dagrun for jour6_region_ge to 2026-08-18 00:00:00+00:00, run_after=2026-08-19 00:00:00+00:00
[2026-08-18T12:32:01.151+0000] {logging_mixin.py:188} INFO - [2026-08-18T12:32:01.151+0000] {dag.py:3823} INFO - Setting next_dagrun for jour6_region_idf to 2026-08-18 00:00:00+00:00, run_after=2026-08-19 00:00:00+00:00
[2026-08-18T12:32:01.155+0000] {logging_mixin.py:188} INFO - [2026-08-18T12:32:01.154+0000] {dag.py:3823} INFO - Setting next_dagrun for jour6_region_paca to 2026-08-18 00:00:00+00:00, run_after=2026-08-19 00:00:00+00:00
[2026-08-18T12:32:01.177+0000] {processor.py:183} INFO - Processing /opt/airflow/dags/dag_dynamic.py took 0.519 seconds
[2026-08-18T12:32:31.793+0000] {processor.py:161} INFO - Started process (PID=2415) to work on /opt/airflow/dags/dag_dynamic.py
[2026-08-18T12:32:31.795+0000] {processor.py:830} INFO - Processing file /opt/airflow/dags/dag_dynamic.py for tasks to queue
[2026-08-18T12:32:31.799+0000] {logging_mixin.py:188} INFO - [2026-08-18T12:32:31.798+0000] {dagbag.py:538} INFO - Filling up the DagBag from /opt/airflow/dags/dag_dynamic.py
[2026-08-18T12:32:32.203+0000] {processor.py:840} INFO - DAG(s) 'jour6_region_ge', 'jour6_region_idf', 'jour6_region_paca' retrieved from /opt/airflow/dags/dag_dynamic.py
[2026-08-18T12:32:32.259+0000] {logging_mixin.py:188} INFO - [2026-08-18T12:32:32.258+0000] {dag.py:3036} INFO - Sync 3 DAGs
[2026-08-18T12:32:32.286+0000] {logging_mixin.py:188} INFO - [2026-08-18T12:32:32.286+0000] {dag.py:3823} INFO - Setting next_dagrun for jour6_region_ge to 2026-08-18 00:00:00+00:00, run_after=2026-08-19 00:00:00+00:00
[2026-08-18T12:32:32.292+0000] {logging_mixin.py:188} INFO - [2026-08-18T12:32:32.292+0000] {dag.py:3823} INFO - Setting next_dagrun for jour6_region_idf to 2026-08-18 00:00:00+00:00, run_after=2026-08-19 00:00:00+00:00
[2026-08-18T12:32:32.296+0000] {logging_mixin.py:188} INFO - [2026-08-18T12:32:32.296+0000] {dag.py:3823} INFO - Setting next_dagrun for jour6_region_paca to 2026-08-18 00:00:00+00:00, run_after=2026-08-19 00:00:00+00:00
[2026-08-18T12:32:32.317+0000] {processor.py:183} INFO - Processing /opt/airflow/dags/dag_dynamic.py took 0.531 seconds
[2026-08-18T12:33:02.709+0000] {processor.py:161} INFO - Started process (PID=2505) to work on /opt/airflow/dags/dag_dynamic.py
[2026-08-18T12:33:02.710+0000] {processor.py:830} INFO - Processing file /opt/airflow/dags/dag_dynamic.py for tasks to queue
[2026-08-18T12:33:02.713+0000] {logging_mixin.py:188} INFO - [2026-08-18T12:33:02.713+0000] {dagbag.py:538} INFO - Filling up the DagBag from /opt/airflow/dags/dag_dynamic.py
[2026-08-18T12:33:02.978+0000] {processor.py:840} INFO - DAG(s) 'jour6_region_ge', 'jour6_region_paca', 'jour6_region_idf' retrieved from /opt/airflow/dags/dag_dynamic.py
[2026-08-18T12:33:03.009+0000] {logging_mixin.py:188} INFO - [2026-08-18T12:33:03.008+0000] {dag.py:3036} INFO - Sync 3 DAGs
[2026-08-18T12:33:03.030+0000] {logging_mixin.py:188} INFO - [2026-08-18T12:33:03.030+0000] {dag.py:3823} INFO - Setting next_dagrun for jour6_region_ge to 2026-08-18 00:00:00+00:00, run_after=2026-08-19 00:00:00+00:00
[2026-08-18T12:33:03.035+0000] {logging_mixin.py:188} INFO - [2026-08-18T12:33:03.035+0000] {dag.py:3823} INFO - Setting next_dagrun for jour6_region_idf to 2026-08-18 00:00:00+00:00, run_after=2026-08-19 00:00:00+00:00
[2026-08-18T12:33:03.038+0000] {logging_mixin.py:188} INFO - [2026-08-18T12:33:03.038+0000] {dag.py:3823} INFO - Setting next_dagrun for jour6_region_paca to 2026-08-18 00:00:00+00:00, run_after=2026-08-19 00:00:00+00:00
[2026-08-18T12:33:03.056+0000] {processor.py:183} INFO - Processing /opt/airflow/dags/dag_dynamic.py took 0.351 seconds
[2026-08-18T12:33:33.459+0000] {processor.py:161} INFO - Started process (PID=2602) to work on /opt/airflow/dags/dag_dynamic.py
[2026-08-18T12:33:33.460+0000] {processor.py:830} INFO - Processing file /opt/airflow/dags/dag_dynamic.py for tasks to queue
[2026-08-18T12:33:33.463+0000] {logging_mixin.py:188} INFO - [2026-08-18T12:33:33.462+0000] {dagbag.py:538} INFO - Filling up the DagBag from /opt/airflow/dags/dag_dynamic.py
[2026-08-18T12:33:33.716+0000] {processor.py:840} INFO - DAG(s) 'jour6_region_idf', 'jour6_region_ge', 'jour6_region_paca' retrieved from /opt/airflow/dags/dag_dynamic.py
[2026-08-18T12:33:33.745+0000] {logging_mixin.py:188} INFO - [2026-08-18T12:33:33.745+0000] {dag.py:3036} INFO - Sync 3 DAGs
[2026-08-18T12:33:33.765+0000] {logging_mixin.py:188} INFO - [2026-08-18T12:33:33.765+0000] {dag.py:3823} INFO - Setting next_dagrun for jour6_region_ge to 2026-08-18 00:00:00+00:00, run_after=2026-08-19 00:00:00+00:00
[2026-08-18T12:33:33.770+0000] {logging_mixin.py:188} INFO - [2026-08-18T12:33:33.769+0000] {dag.py:3823} INFO - Setting next_dagrun for jour6_region_idf to 2026-08-18 00:00:00+00:00, run_after=2026-08-19 00:00:00+00:00
[2026-08-18T12:33:33.772+0000] {logging_mixin.py:188} INFO - [2026-08-18T12:33:33.772+0000] {dag.py:3823} INFO - Setting next_dagrun for jour6_region_paca to 2026-08-18 00:00:00+00:00, run_after=2026-08-19 00:00:00+00:00
[2026-08-18T12:33:33.789+0000] {processor.py:183} INFO - Processing /opt/airflow/dags/dag_dynamic.py took 0.334 seconds
[2026-08-18T12:34:04.042+0000] {processor.py:161} INFO - Started process (PID=2692) to work on /opt/airflow/dags/dag_dynamic.py
[2026-08-18T12:34:04.044+0000] {processor.py:830} INFO - Processing file /opt/airflow/dags/dag_dynamic.py for tasks to queue
[2026-08-18T12:34:04.046+0000] {logging_mixin.py:188} INFO - [2026-08-18T12:34:04.046+0000] {dagbag.py:538} INFO - Filling up the DagBag from /opt/airflow/dags/dag_dynamic.py
[2026-08-18T12:34:04.390+0000] {processor.py:840} INFO - DAG(s) 'jour6_region_idf', 'jour6_region_paca', 'jour6_region_ge' retrieved from /opt/airflow/dags/dag_dynamic.py
[2026-08-18T12:34:04.543+0000] {logging_mixin.py:188} INFO - [2026-08-18T12:34:04.543+0000] {dag.py:3036} INFO - Sync 3 DAGs
[2026-08-18T12:34:04.564+0000] {logging_mixin.py:188} INFO - [2026-08-18T12:34:04.564+0000] {dag.py:3823} INFO - Setting next_dagrun for jour6_region_ge to 2026-08-18 00:00:00+00:00, run_after=2026-08-19 00:00:00+00:00
[2026-08-18T12:34:04.571+0000] {logging_mixin.py:188} INFO - [2026-08-18T12:34:04.571+0000] {dag.py:3823} INFO - Setting next_dagrun for jour6_region_idf to 2026-08-18 00:00:00+00:00, run_after=2026-08-19 00:00:00+00:00
[2026-08-18T12:34:04.575+0000] {logging_mixin.py:188} INFO - [2026-08-18T12:34:04.574+0000] {dag.py:3823} INFO - Setting next_dagrun for jour6_region_paca to 2026-08-18 00:00:00+00:00, run_after=2026-08-19 00:00:00+00:00
[2026-08-18T12:34:04.598+0000] {processor.py:183} INFO - Processing /opt/airflow/dags/dag_dynamic.py took 0.561 seconds
[2026-08-18T12:34:34.729+0000] {processor.py:161} INFO - Started process (PID=2784) to work on /opt/airflow/dags/dag_dynamic.py
[2026-08-18T12:34:34.730+0000] {processor.py:830} INFO - Processing file /opt/airflow/dags/dag_dynamic.py for tasks to queue
[2026-08-18T12:34:34.732+0000] {logging_mixin.py:188} INFO - [2026-08-18T12:34:34.732+0000] {dagbag.py:538} INFO - Filling up the DagBag from /opt/airflow/dags/dag_dynamic.py
[2026-08-18T12:34:34.973+0000] {processor.py:840} INFO - DAG(s) 'jour6_region_ge', 'jour6_region_idf', 'jour6_region_paca' retrieved from /opt/airflow/dags/dag_dynamic.py
[2026-08-18T12:34:34.999+0000] {logging_mixin.py:188} INFO - [2026-08-18T12:34:34.998+0000] {dag.py:3036} INFO - Sync 3 DAGs
[2026-08-18T12:34:35.022+0000] {logging_mixin.py:188} INFO - [2026-08-18T12:34:35.022+0000] {dag.py:3823} INFO - Setting next_dagrun for jour6_region_ge to 2026-08-18 00:00:00+00:00, run_after=2026-08-19 00:00:00+00:00
[2026-08-18T12:34:35.027+0000] {logging_mixin.py:188} INFO - [2026-08-18T12:34:35.027+0000] {dag.py:3823} INFO - Setting next_dagrun for jour6_region_idf to 2026-08-18 00:00:00+00:00, run_after=2026-08-19 00:00:00+00:00
[2026-08-18T12:34:35.030+0000] {logging_mixin.py:188} INFO - [2026-08-18T12:34:35.030+0000] {dag.py:3823} INFO - Setting next_dagrun for jour6_region_paca to 2026-08-18 00:00:00+00:00, run_after=2026-08-19 00:00:00+00:00
[2026-08-18T12:34:35.050+0000] {processor.py:183} INFO - Processing /opt/airflow/dags/dag_dynamic.py took 0.324 seconds
[2026-08-18T12:35:05.418+0000] {processor.py:161} INFO - Started process (PID=2870) to work on /opt/airflow/dags/dag_dynamic.py
[2026-08-18T12:35:05.421+0000] {processor.py:830} INFO - Processing file /opt/airflow/dags/dag_dynamic.py for tasks to queue
[2026-08-18T12:35:05.424+0000] {logging_mixin.py:188} INFO - [2026-08-18T12:35:05.424+0000] {dagbag.py:538} INFO - Filling up the DagBag from /opt/airflow/dags/dag_dynamic.py
[2026-08-18T12:35:05.849+0000] {processor.py:840} INFO - DAG(s) 'jour6_region_idf', 'jour6_region_paca', 'jour6_region_ge' retrieved from /opt/airflow/dags/dag_dynamic.py
[2026-08-18T12:35:05.893+0000] {logging_mixin.py:188} INFO - [2026-08-18T12:35:05.893+0000] {dag.py:3036} INFO - Sync 3 DAGs
[2026-08-18T12:35:05.933+0000] {logging_mixin.py:188} INFO - [2026-08-18T12:35:05.932+0000] {dag.py:3823} INFO - Setting next_dagrun for jour6_region_ge to 2026-08-18 00:00:00+00:00, run_after=2026-08-19 00:00:00+00:00
[2026-08-18T12:35:05.947+0000] {logging_mixin.py:188} INFO - [2026-08-18T12:35:05.946+0000] {dag.py:3823} INFO - Setting next_dagrun for jour6_region_idf to 2026-08-18 00:00:00+00:00, run_after=2026-08-19 00:00:00+00:00
[2026-08-18T12:35:05.952+0000] {logging_mixin.py:188} INFO - [2026-08-18T12:35:05.952+0000] {dag.py:3823} INFO - Setting next_dagrun for jour6_region_paca to 2026-08-18 00:00:00+00:00, run_after=2026-08-19 00:00:00+00:00
[2026-08-18T12:35:06.092+0000] {processor.py:183} INFO - Processing /opt/airflow/dags/dag_dynamic.py took 0.677 seconds
[2026-08-18T12:35:36.178+0000] {processor.py:161} INFO - Started process (PID=2964) to work on /opt/airflow/dags/dag_dynamic.py
[2026-08-18T12:35:36.179+0000] {processor.py:830} INFO - Processing file /opt/airflow/dags/dag_dynamic.py for tasks to queue
[2026-08-18T12:35:36.181+0000] {logging_mixin.py:188} INFO - [2026-08-18T12:35:36.181+0000] {dagbag.py:538} INFO - Filling up the DagBag from /opt/airflow/dags/dag_dynamic.py
[2026-08-18T12:35:36.431+0000] {processor.py:840} INFO - DAG(s) 'jour6_region_idf', 'jour6_region_paca', 'jour6_region_ge' retrieved from /opt/airflow/dags/dag_dynamic.py
[2026-08-18T12:35:36.463+0000] {logging_mixin.py:188} INFO - [2026-08-18T12:35:36.462+0000] {dag.py:3036} INFO - Sync 3 DAGs
[2026-08-18T12:35:36.488+0000] {logging_mixin.py:188} INFO - [2026-08-18T12:35:36.487+0000] {dag.py:3823} INFO - Setting next_dagrun for jour6_region_ge to 2026-08-18 00:00:00+00:00, run_after=2026-08-19 00:00:00+00:00
[2026-08-18T12:35:36.497+0000] {logging_mixin.py:188} INFO - [2026-08-18T12:35:36.497+0000] {dag.py:3823} INFO - Setting next_dagrun for jour6_region_idf to 2026-08-18 00:00:00+00:00, run_after=2026-08-19 00:00:00+00:00
[2026-08-18T12:35:36.500+0000] {logging_mixin.py:188} INFO - [2026-08-18T12:35:36.500+0000] {dag.py:3823} INFO - Setting next_dagrun for jour6_region_paca to 2026-08-18 00:00:00+00:00, run_after=2026-08-19 00:00:00+00:00
[2026-08-18T12:35:36.572+0000] {processor.py:183} INFO - Processing /opt/airflow/dags/dag_dynamic.py took 0.398 seconds
[2026-08-18T12:36:07.394+0000] {processor.py:161} INFO - Started process (PID=3045) to work on /opt/airflow/dags/dag_dynamic.py
[2026-08-18T12:36:07.395+0000] {processor.py:830} INFO - Processing file /opt/airflow/dags/dag_dynamic.py for tasks to queue
[2026-08-18T12:36:07.397+0000] {logging_mixin.py:188} INFO - [2026-08-18T12:36:07.397+0000] {dagbag.py:538} INFO - Filling up the DagBag from /opt/airflow/dags/dag_dynamic.py
[2026-08-18T12:36:07.645+0000] {processor.py:840} INFO - DAG(s) 'jour6_region_idf', 'jour6_region_paca', 'jour6_region_ge' retrieved from /opt/airflow/dags/dag_dynamic.py
[2026-08-18T12:36:07.672+0000] {logging_mixin.py:188} INFO - [2026-08-18T12:36:07.671+0000] {dag.py:3036} INFO - Sync 3 DAGs
[2026-08-18T12:36:07.693+0000] {logging_mixin.py:188} INFO - [2026-08-18T12:36:07.692+0000] {dag.py:3823} INFO - Setting next_dagrun for jour6_region_ge to 2026-08-18 00:00:00+00:00, run_after=2026-08-19 00:00:00+00:00
[2026-08-18T12:36:07.698+0000] {logging_mixin.py:188} INFO - [2026-08-18T12:36:07.698+0000] {dag.py:3823} INFO - Setting next_dagrun for jour6_region_idf to 2026-08-18 00:00:00+00:00, run_after=2026-08-19 00:00:00+00:00
[2026-08-18T12:36:07.701+0000] {logging_mixin.py:188} INFO - [2026-08-18T12:36:07.701+0000] {dag.py:3823} INFO - Setting next_dagrun for jour6_region_paca to 2026-08-18 00:00:00+00:00, run_after=2026-08-19 00:00:00+00:00
[2026-08-18T12:36:07.762+0000] {processor.py:183} INFO - Processing /opt/airflow/dags/dag_dynamic.py took 0.372 seconds
[2026-08-18T12:36:38.266+0000] {processor.py:161} INFO - Started process (PID=3131) to work on /opt/airflow/dags/dag_dynamic.py
[2026-08-18T12:36:38.284+0000] {processor.py:830} INFO - Processing file /opt/airflow/dags/dag_dynamic.py for tasks to queue
[2026-08-18T12:36:38.287+0000] {logging_mixin.py:188} INFO - [2026-08-18T12:36:38.287+0000] {dagbag.py:538} INFO - Filling up the DagBag from /opt/airflow/dags/dag_dynamic.py
[2026-08-18T12:36:38.648+0000] {processor.py:840} INFO - DAG(s) 'jour6_region_paca', 'jour6_region_idf', 'jour6_region_ge' retrieved from /opt/airflow/dags/dag_dynamic.py
[2026-08-18T12:36:38.697+0000] {logging_mixin.py:188} INFO - [2026-08-18T12:36:38.696+0000] {dag.py:3036} INFO - Sync 3 DAGs
[2026-08-18T12:36:38.745+0000] {logging_mixin.py:188} INFO - [2026-08-18T12:36:38.744+0000] {dag.py:3823} INFO - Setting next_dagrun for jour6_region_ge to 2026-08-18 00:00:00+00:00, run_after=2026-08-19 00:00:00+00:00
[2026-08-18T12:36:38.752+0000] {logging_mixin.py:188} INFO - [2026-08-18T12:36:38.751+0000] {dag.py:3823} INFO - Setting next_dagrun for jour6_region_idf to 2026-08-18 00:00:00+00:00, run_after=2026-08-19 00:00:00+00:00
[2026-08-18T12:36:38.760+0000] {logging_mixin.py:188} INFO - [2026-08-18T12:36:38.759+0000] {dag.py:3823} INFO - Setting next_dagrun for jour6_region_paca to 2026-08-18 00:00:00+00:00, run_after=2026-08-19 00:00:00+00:00
[2026-08-18T12:36:38.858+0000] {processor.py:183} INFO - Processing /opt/airflow/dags/dag_dynamic.py took 0.596 seconds
[2026-08-18T12:37:09.045+0000] {processor.py:161} INFO - Started process (PID=3212) to work on /opt/airflow/dags/dag_dynamic.py
[2026-08-18T12:37:09.046+0000] {processor.py:830} INFO - Processing file /opt/airflow/dags/dag_dynamic.py for tasks to queue
[2026-08-18T12:37:09.048+0000] {logging_mixin.py:188} INFO - [2026-08-18T12:37:09.048+0000] {dagbag.py:538} INFO - Filling up the DagBag from /opt/airflow/dags/dag_dynamic.py
[2026-08-18T12:37:09.291+0000] {processor.py:840} INFO - DAG(s) 'jour6_region_idf', 'jour6_region_paca', 'jour6_region_ge' retrieved from /opt/airflow/dags/dag_dynamic.py
[2026-08-18T12:37:09.318+0000] {logging_mixin.py:188} INFO - [2026-08-18T12:37:09.318+0000] {dag.py:3036} INFO - Sync 3 DAGs
[2026-08-18T12:37:09.340+0000] {logging_mixin.py:188} INFO - [2026-08-18T12:37:09.340+0000] {dag.py:3823} INFO - Setting next_dagrun for jour6_region_ge to 2026-08-18 00:00:00+00:00, run_after=2026-08-19 00:00:00+00:00
[2026-08-18T12:37:09.346+0000] {logging_mixin.py:188} INFO - [2026-08-18T12:37:09.346+0000] {dag.py:3823} INFO - Setting next_dagrun for jour6_region_idf to 2026-08-18 00:00:00+00:00, run_after=2026-08-19 00:00:00+00:00
[2026-08-18T12:37:09.349+0000] {logging_mixin.py:188} INFO - [2026-08-18T12:37:09.349+0000] {dag.py:3823} INFO - Setting next_dagrun for jour6_region_paca to 2026-08-18 00:00:00+00:00, run_after=2026-08-19 00:00:00+00:00
[2026-08-18T12:37:09.368+0000] {processor.py:183} INFO - Processing /opt/airflow/dags/dag_dynamic.py took 0.327 seconds
[2026-08-18T12:37:40.076+0000] {processor.py:161} INFO - Started process (PID=3293) to work on /opt/airflow/dags/dag_dynamic.py
[2026-08-18T12:37:40.077+0000] {processor.py:830} INFO - Processing file /opt/airflow/dags/dag_dynamic.py for tasks to queue
[2026-08-18T12:37:40.079+0000] {logging_mixin.py:188} INFO - [2026-08-18T12:37:40.079+0000] {dagbag.py:538} INFO - Filling up the DagBag from /opt/airflow/dags/dag_dynamic.py
[2026-08-18T12:37:40.327+0000] {processor.py:840} INFO - DAG(s) 'jour6_region_ge', 'jour6_region_idf', 'jour6_region_paca' retrieved from /opt/airflow/dags/dag_dynamic.py
[2026-08-18T12:37:40.357+0000] {logging_mixin.py:188} INFO - [2026-08-18T12:37:40.356+0000] {dag.py:3036} INFO - Sync 3 DAGs
[2026-08-18T12:37:40.379+0000] {logging_mixin.py:188} INFO - [2026-08-18T12:37:40.379+0000] {dag.py:3823} INFO - Setting next_dagrun for jour6_region_ge to 2026-08-18 00:00:00+00:00, run_after=2026-08-19 00:00:00+00:00
[2026-08-18T12:37:40.385+0000] {logging_mixin.py:188} INFO - [2026-08-18T12:37:40.385+0000] {dag.py:3823} INFO - Setting next_dagrun for jour6_region_idf to 2026-08-18 00:00:00+00:00, run_after=2026-08-19 00:00:00+00:00
[2026-08-18T12:37:40.389+0000] {logging_mixin.py:188} INFO - [2026-08-18T12:37:40.388+0000] {dag.py:3823} INFO - Setting next_dagrun for jour6_region_paca to 2026-08-18 00:00:00+00:00, run_after=2026-08-19 00:00:00+00:00
[2026-08-18T12:37:40.407+0000] {processor.py:183} INFO - Processing /opt/airflow/dags/dag_dynamic.py took 0.334 seconds
[2026-08-18T12:38:10.974+0000] {processor.py:161} INFO - Started process (PID=3374) to work on /opt/airflow/dags/dag_dynamic.py
[2026-08-18T12:38:10.975+0000] {processor.py:830} INFO - Processing file /opt/airflow/dags/dag_dynamic.py for tasks to queue
[2026-08-18T12:38:10.978+0000] {logging_mixin.py:188} INFO - [2026-08-18T12:38:10.977+0000] {dagbag.py:538} INFO - Filling up the DagBag from /opt/airflow/dags/dag_dynamic.py
[2026-08-18T12:38:11.253+0000] {processor.py:840} INFO - DAG(s) 'jour6_region_paca', 'jour6_region_idf', 'jour6_region_ge' retrieved from /opt/airflow/dags/dag_dynamic.py
[2026-08-18T12:38:11.283+0000] {logging_mixin.py:188} INFO - [2026-08-18T12:38:11.283+0000] {dag.py:3036} INFO - Sync 3 DAGs
[2026-08-18T12:38:11.462+0000] {logging_mixin.py:188} INFO - [2026-08-18T12:38:11.462+0000] {dag.py:3823} INFO - Setting next_dagrun for jour6_region_ge to 2026-08-18 00:00:00+00:00, run_after=2026-08-19 00:00:00+00:00
[2026-08-18T12:38:11.467+0000] {logging_mixin.py:188} INFO - [2026-08-18T12:38:11.467+0000] {dag.py:3823} INFO - Setting next_dagrun for jour6_region_idf to 2026-08-18 00:00:00+00:00, run_after=2026-08-19 00:00:00+00:00
[2026-08-18T12:38:11.470+0000] {logging_mixin.py:188} INFO - [2026-08-18T12:38:11.470+0000] {dag.py:3823} INFO - Setting next_dagrun for jour6_region_paca to 2026-08-18 00:00:00+00:00, run_after=2026-08-19 00:00:00+00:00
[2026-08-18T12:38:11.487+0000] {processor.py:183} INFO - Processing /opt/airflow/dags/dag_dynamic.py took 0.517 seconds
[2026-08-18T12:38:41.672+0000] {processor.py:161} INFO - Started process (PID=3455) to work on /opt/airflow/dags/dag_dynamic.py
[2026-08-18T12:38:41.673+0000] {processor.py:830} INFO - Processing file /opt/airflow/dags/dag_dynamic.py for tasks to queue
[2026-08-18T12:38:41.675+0000] {logging_mixin.py:188} INFO - [2026-08-18T12:38:41.675+0000] {dagbag.py:538} INFO - Filling up the DagBag from /opt/airflow/dags/dag_dynamic.py
[2026-08-18T12:38:41.905+0000] {processor.py:840} INFO - DAG(s) 'jour6_region_paca', 'jour6_region_ge', 'jour6_region_idf' retrieved from /opt/airflow/dags/dag_dynamic.py
[2026-08-18T12:38:41.930+0000] {logging_mixin.py:188} INFO - [2026-08-18T12:38:41.930+0000] {dag.py:3036} INFO - Sync 3 DAGs
[2026-08-18T12:38:41.952+0000] {logging_mixin.py:188} INFO - [2026-08-18T12:38:41.952+0000] {dag.py:3823} INFO - Setting next_dagrun for jour6_region_ge to 2026-08-18 00:00:00+00:00, run_after=2026-08-19 00:00:00+00:00
[2026-08-18T12:38:41.957+0000] {logging_mixin.py:188} INFO - [2026-08-18T12:38:41.957+0000] {dag.py:3823} INFO - Setting next_dagrun for jour6_region_idf to 2026-08-18 00:00:00+00:00, run_after=2026-08-19 00:00:00+00:00
[2026-08-18T12:38:41.959+0000] {logging_mixin.py:188} INFO - [2026-08-18T12:38:41.959+0000] {dag.py:3823} INFO - Setting next_dagrun for jour6_region_paca to 2026-08-18 00:00:00+00:00, run_after=2026-08-19 00:00:00+00:00
[2026-08-18T12:38:42.135+0000] {processor.py:183} INFO - Processing /opt/airflow/dags/dag_dynamic.py took 0.466 seconds
[2026-08-18T12:39:12.289+0000] {processor.py:161} INFO - Started process (PID=3541) to work on /opt/airflow/dags/dag_dynamic.py
[2026-08-18T12:39:12.290+0000] {processor.py:830} INFO - Processing file /opt/airflow/dags/dag_dynamic.py for tasks to queue
[2026-08-18T12:39:12.293+0000] {logging_mixin.py:188} INFO - [2026-08-18T12:39:12.293+0000] {dagbag.py:538} INFO - Filling up the DagBag from /opt/airflow/dags/dag_dynamic.py
[2026-08-18T12:39:12.708+0000] {processor.py:840} INFO - DAG(s) 'jour6_region_ge', 'jour6_region_idf', 'jour6_region_paca' retrieved from /opt/airflow/dags/dag_dynamic.py
[2026-08-18T12:39:12.730+0000] {logging_mixin.py:188} INFO - [2026-08-18T12:39:12.729+0000] {dag.py:3036} INFO - Sync 3 DAGs
[2026-08-18T12:39:12.749+0000] {logging_mixin.py:188} INFO - [2026-08-18T12:39:12.748+0000] {dag.py:3823} INFO - Setting next_dagrun for jour6_region_ge to 2026-08-18 00:00:00+00:00, run_after=2026-08-19 00:00:00+00:00
[2026-08-18T12:39:12.754+0000] {logging_mixin.py:188} INFO - [2026-08-18T12:39:12.754+0000] {dag.py:3823} INFO - Setting next_dagrun for jour6_region_idf to 2026-08-18 00:00:00+00:00, run_after=2026-08-19 00:00:00+00:00
[2026-08-18T12:39:12.757+0000] {logging_mixin.py:188} INFO - [2026-08-18T12:39:12.757+0000] {dag.py:3823} INFO - Setting next_dagrun for jour6_region_paca to 2026-08-18 00:00:00+00:00, run_after=2026-08-19 00:00:00+00:00
[2026-08-18T12:39:12.772+0000] {processor.py:183} INFO - Processing /opt/airflow/dags/dag_dynamic.py took 0.488 seconds
[2026-08-18T12:39:43.214+0000] {processor.py:161} INFO - Started process (PID=3626) to work on /opt/airflow/dags/dag_dynamic.py
[2026-08-18T12:39:43.215+0000] {processor.py:830} INFO - Processing file /opt/airflow/dags/dag_dynamic.py for tasks to queue
[2026-08-18T12:39:43.217+0000] {logging_mixin.py:188} INFO - [2026-08-18T12:39:43.217+0000] {dagbag.py:538} INFO - Filling up the DagBag from /opt/airflow/dags/dag_dynamic.py
[2026-08-18T12:39:43.628+0000] {processor.py:840} INFO - DAG(s) 'jour6_region_idf', 'jour6_region_ge', 'jour6_region_paca' retrieved from /opt/airflow/dags/dag_dynamic.py
[2026-08-18T12:39:43.652+0000] {logging_mixin.py:188} INFO - [2026-08-18T12:39:43.652+0000] {dag.py:3036} INFO - Sync 3 DAGs
[2026-08-18T12:39:43.675+0000] {logging_mixin.py:188} INFO - [2026-08-18T12:39:43.675+0000] {dag.py:3823} INFO - Setting next_dagrun for jour6_region_ge to 2026-08-18 00:00:00+00:00, run_after=2026-08-19 00:00:00+00:00
[2026-08-18T12:39:43.680+0000] {logging_mixin.py:188} INFO - [2026-08-18T12:39:43.680+0000] {dag.py:3823} INFO - Setting next_dagrun for jour6_region_idf to 2026-08-18 00:00:00+00:00, run_after=2026-08-19 00:00:00+00:00
[2026-08-18T12:39:43.683+0000] {logging_mixin.py:188} INFO - [2026-08-18T12:39:43.682+0000] {dag.py:3823} INFO - Setting next_dagrun for jour6_region_paca to 2026-08-18 00:00:00+00:00, run_after=2026-08-19 00:00:00+00:00
[2026-08-18T12:39:43.699+0000] {processor.py:183} INFO - Processing /opt/airflow/dags/dag_dynamic.py took 0.488 seconds
[2026-08-18T12:40:14.034+0000] {processor.py:161} INFO - Started process (PID=3707) to work on /opt/airflow/dags/dag_dynamic.py
[2026-08-18T12:40:14.036+0000] {processor.py:830} INFO - Processing file /opt/airflow/dags/dag_dynamic.py for tasks to queue
[2026-08-18T12:40:14.038+0000] {logging_mixin.py:188} INFO - [2026-08-18T12:40:14.037+0000] {dagbag.py:538} INFO - Filling up the DagBag from /opt/airflow/dags/dag_dynamic.py
[2026-08-18T12:40:14.505+0000] {processor.py:840} INFO - DAG(s) 'jour6_region_ge', 'jour6_region_paca', 'jour6_region_idf' retrieved from /opt/airflow/dags/dag_dynamic.py
[2026-08-18T12:40:14.544+0000] {logging_mixin.py:188} INFO - [2026-08-18T12:40:14.543+0000] {dag.py:3036} INFO - Sync 3 DAGs
[2026-08-18T12:40:14.574+0000] {logging_mixin.py:188} INFO - [2026-08-18T12:40:14.574+0000] {dag.py:3823} INFO - Setting next_dagrun for jour6_region_ge to 2026-08-18 00:00:00+00:00, run_after=2026-08-19 00:00:00+00:00
[2026-08-18T12:40:14.579+0000] {logging_mixin.py:188} INFO - [2026-08-18T12:40:14.579+0000] {dag.py:3823} INFO - Setting next_dagrun for jour6_region_idf to 2026-08-18 00:00:00+00:00, run_after=2026-08-19 00:00:00+00:00
[2026-08-18T12:40:14.589+0000] {logging_mixin.py:188} INFO - [2026-08-18T12:40:14.588+0000] {dag.py:3823} INFO - Setting next_dagrun for jour6_region_paca to 2026-08-18 00:00:00+00:00, run_after=2026-08-19 00:00:00+00:00
[2026-08-18T12:40:14.609+0000] {processor.py:183} INFO - Processing /opt/airflow/dags/dag_dynamic.py took 0.578 seconds
[2026-08-18T12:40:44.694+0000] {processor.py:161} INFO - Started process (PID=3788) to work on /opt/airflow/dags/dag_dynamic.py
[2026-08-18T12:40:44.695+0000] {processor.py:830} INFO - Processing file /opt/airflow/dags/dag_dynamic.py for tasks to queue
[2026-08-18T12:40:44.697+0000] {logging_mixin.py:188} INFO - [2026-08-18T12:40:44.697+0000] {dagbag.py:538} INFO - Filling up the DagBag from /opt/airflow/dags/dag_dynamic.py
[2026-08-18T12:40:45.108+0000] {processor.py:840} INFO - DAG(s) 'jour6_region_ge', 'jour6_region_paca', 'jour6_region_idf' retrieved from /opt/airflow/dags/dag_dynamic.py
[2026-08-18T12:40:45.135+0000] {logging_mixin.py:188} INFO - [2026-08-18T12:40:45.134+0000] {dag.py:3036} INFO - Sync 3 DAGs
[2026-08-18T12:40:45.160+0000] {logging_mixin.py:188} INFO - [2026-08-18T12:40:45.159+0000] {dag.py:3823} INFO - Setting next_dagrun for jour6_region_ge to 2026-08-18 00:00:00+00:00, run_after=2026-08-19 00:00:00+00:00
[2026-08-18T12:40:45.165+0000] {logging_mixin.py:188} INFO - [2026-08-18T12:40:45.164+0000] {dag.py:3823} INFO - Setting next_dagrun for jour6_region_idf to 2026-08-18 00:00:00+00:00, run_after=2026-08-19 00:00:00+00:00
[2026-08-18T12:40:45.168+0000] {logging_mixin.py:188} INFO - [2026-08-18T12:40:45.168+0000] {dag.py:3823} INFO - Setting next_dagrun for jour6_region_paca to 2026-08-18 00:00:00+00:00, run_after=2026-08-19 00:00:00+00:00
[2026-08-18T12:40:45.186+0000] {processor.py:183} INFO - Processing /opt/airflow/dags/dag_dynamic.py took 0.497 seconds
[2026-08-18T12:41:15.686+0000] {processor.py:161} INFO - Started process (PID=3869) to work on /opt/airflow/dags/dag_dynamic.py
[2026-08-18T12:41:15.687+0000] {processor.py:830} INFO - Processing file /opt/airflow/dags/dag_dynamic.py for tasks to queue
[2026-08-18T12:41:15.689+0000] {logging_mixin.py:188} INFO - [2026-08-18T12:41:15.689+0000] {dagbag.py:538} INFO - Filling up the DagBag from /opt/airflow/dags/dag_dynamic.py
[2026-08-18T12:41:16.104+0000] {processor.py:840} INFO - DAG(s) 'jour6_region_paca', 'jour6_region_idf', 'jour6_region_ge' retrieved from /opt/airflow/dags/dag_dynamic.py
[2026-08-18T12:41:16.134+0000] {logging_mixin.py:188} INFO - [2026-08-18T12:41:16.133+0000] {dag.py:3036} INFO - Sync 3 DAGs
[2026-08-18T12:41:16.157+0000] {logging_mixin.py:188} INFO - [2026-08-18T12:41:16.157+0000] {dag.py:3823} INFO - Setting next_dagrun for jour6_region_ge to 2026-08-18 00:00:00+00:00, run_after=2026-08-19 00:00:00+00:00
[2026-08-18T12:41:16.163+0000] {logging_mixin.py:188} INFO - [2026-08-18T12:41:16.163+0000] {dag.py:3823} INFO - Setting next_dagrun for jour6_region_idf to 2026-08-18 00:00:00+00:00, run_after=2026-08-19 00:00:00+00:00
[2026-08-18T12:41:16.167+0000] {logging_mixin.py:188} INFO - [2026-08-18T12:41:16.167+0000] {dag.py:3823} INFO - Setting next_dagrun for jour6_region_paca to 2026-08-18 00:00:00+00:00, run_after=2026-08-19 00:00:00+00:00
[2026-08-18T12:41:16.188+0000] {processor.py:183} INFO - Processing /opt/airflow/dags/dag_dynamic.py took 0.505 seconds
[2026-08-18T12:41:46.620+0000] {processor.py:161} INFO - Started process (PID=3950) to work on /opt/airflow/dags/dag_dynamic.py
[2026-08-18T12:41:46.621+0000] {processor.py:830} INFO - Processing file /opt/airflow/dags/dag_dynamic.py for tasks to queue
[2026-08-18T12:41:46.623+0000] {logging_mixin.py:188} INFO - [2026-08-18T12:41:46.623+0000] {dagbag.py:538} INFO - Filling up the DagBag from /opt/airflow/dags/dag_dynamic.py
[2026-08-18T12:41:47.018+0000] {processor.py:840} INFO - DAG(s) 'jour6_region_idf', 'jour6_region_ge', 'jour6_region_paca' retrieved from /opt/airflow/dags/dag_dynamic.py
[2026-08-18T12:41:47.042+0000] {logging_mixin.py:188} INFO - [2026-08-18T12:41:47.042+0000] {dag.py:3036} INFO - Sync 3 DAGs
[2026-08-18T12:41:47.061+0000] {logging_mixin.py:188} INFO - [2026-08-18T12:41:47.061+0000] {dag.py:3823} INFO - Setting next_dagrun for jour6_region_ge to 2026-08-18 00:00:00+00:00, run_after=2026-08-19 00:00:00+00:00
[2026-08-18T12:41:47.065+0000] {logging_mixin.py:188} INFO - [2026-08-18T12:41:47.065+0000] {dag.py:3823} INFO - Setting next_dagrun for jour6_region_idf to 2026-08-18 00:00:00+00:00, run_after=2026-08-19 00:00:00+00:00
[2026-08-18T12:41:47.069+0000] {logging_mixin.py:188} INFO - [2026-08-18T12:41:47.068+0000] {dag.py:3823} INFO - Setting next_dagrun for jour6_region_paca to 2026-08-18 00:00:00+00:00, run_after=2026-08-19 00:00:00+00:00
[2026-08-18T12:41:47.086+0000] {processor.py:183} INFO - Processing /opt/airflow/dags/dag_dynamic.py took 0.470 seconds
[2026-08-18T12:42:17.672+0000] {processor.py:161} INFO - Started process (PID=4031) to work on /opt/airflow/dags/dag_dynamic.py
[2026-08-18T12:42:17.673+0000] {processor.py:830} INFO - Processing file /opt/airflow/dags/dag_dynamic.py for tasks to queue
[2026-08-18T12:42:17.675+0000] {logging_mixin.py:188} INFO - [2026-08-18T12:42:17.675+0000] {dagbag.py:538} INFO - Filling up the DagBag from /opt/airflow/dags/dag_dynamic.py
[2026-08-18T12:42:18.085+0000] {processor.py:840} INFO - DAG(s) 'jour6_region_idf', 'jour6_region_ge', 'jour6_region_paca' retrieved from /opt/airflow/dags/dag_dynamic.py
[2026-08-18T12:42:18.113+0000] {logging_mixin.py:188} INFO - [2026-08-18T12:42:18.113+0000] {dag.py:3036} INFO - Sync 3 DAGs
[2026-08-18T12:42:18.133+0000] {logging_mixin.py:188} INFO - [2026-08-18T12:42:18.133+0000] {dag.py:3823} INFO - Setting next_dagrun for jour6_region_ge to 2026-08-18 00:00:00+00:00, run_after=2026-08-19 00:00:00+00:00
[2026-08-18T12:42:18.138+0000] {logging_mixin.py:188} INFO - [2026-08-18T12:42:18.137+0000] {dag.py:3823} INFO - Setting next_dagrun for jour6_region_idf to 2026-08-18 00:00:00+00:00, run_after=2026-08-19 00:00:00+00:00
[2026-08-18T12:42:18.143+0000] {logging_mixin.py:188} INFO - [2026-08-18T12:42:18.142+0000] {dag.py:3823} INFO - Setting next_dagrun for jour6_region_paca to 2026-08-18 00:00:00+00:00, run_after=2026-08-19 00:00:00+00:00
[2026-08-18T12:42:18.166+0000] {processor.py:183} INFO - Processing /opt/airflow/dags/dag_dynamic.py took 0.497 seconds
[2026-08-18T12:42:48.442+0000] {processor.py:161} INFO - Started process (PID=4112) to work on /opt/airflow/dags/dag_dynamic.py
[2026-08-18T12:42:48.444+0000] {processor.py:830} INFO - Processing file /opt/airflow/dags/dag_dynamic.py for tasks to queue
[2026-08-18T12:42:48.446+0000] {logging_mixin.py:188} INFO - [2026-08-18T12:42:48.446+0000] {dagbag.py:538} INFO - Filling up the DagBag from /opt/airflow/dags/dag_dynamic.py
[2026-08-18T12:42:48.917+0000] {processor.py:840} INFO - DAG(s) 'jour6_region_paca', 'jour6_region_idf', 'jour6_region_ge' retrieved from /opt/airflow/dags/dag_dynamic.py
[2026-08-18T12:42:48.942+0000] {logging_mixin.py:188} INFO - [2026-08-18T12:42:48.942+0000] {dag.py:3036} INFO - Sync 3 DAGs
[2026-08-18T12:42:48.962+0000] {logging_mixin.py:188} INFO - [2026-08-18T12:42:48.962+0000] {dag.py:3823} INFO - Setting next_dagrun for jour6_region_ge to 2026-08-18 00:00:00+00:00, run_after=2026-08-19 00:00:00+00:00
[2026-08-18T12:42:48.968+0000] {logging_mixin.py:188} INFO - [2026-08-18T12:42:48.967+0000] {dag.py:3823} INFO - Setting next_dagrun for jour6_region_idf to 2026-08-18 00:00:00+00:00, run_after=2026-08-19 00:00:00+00:00
[2026-08-18T12:42:48.971+0000] {logging_mixin.py:188} INFO - [2026-08-18T12:42:48.971+0000] {dag.py:3823} INFO - Setting next_dagrun for jour6_region_paca to 2026-08-18 00:00:00+00:00, run_after=2026-08-19 00:00:00+00:00
[2026-08-18T12:42:48.992+0000] {processor.py:183} INFO - Processing /opt/airflow/dags/dag_dynamic.py took 0.556 seconds
[2026-08-18T12:43:19.154+0000] {processor.py:161} INFO - Started process (PID=4193) to work on /opt/airflow/dags/dag_dynamic.py
[2026-08-18T12:43:19.155+0000] {processor.py:830} INFO - Processing file /opt/airflow/dags/dag_dynamic.py for tasks to queue
[2026-08-18T12:43:19.157+0000] {logging_mixin.py:188} INFO - [2026-08-18T12:43:19.157+0000] {dagbag.py:538} INFO - Filling up the DagBag from /opt/airflow/dags/dag_dynamic.py
[2026-08-18T12:43:19.555+0000] {processor.py:840} INFO - DAG(s) 'jour6_region_paca', 'jour6_region_idf', 'jour6_region_ge' retrieved from /opt/airflow/dags/dag_dynamic.py
[2026-08-18T12:43:19.581+0000] {logging_mixin.py:188} INFO - [2026-08-18T12:43:19.581+0000] {dag.py:3036} INFO - Sync 3 DAGs
[2026-08-18T12:43:19.602+0000] {logging_mixin.py:188} INFO - [2026-08-18T12:43:19.602+0000] {dag.py:3823} INFO - Setting next_dagrun for jour6_region_ge to 2026-08-18 00:00:00+00:00, run_after=2026-08-19 00:00:00+00:00
[2026-08-18T12:43:19.607+0000] {logging_mixin.py:188} INFO - [2026-08-18T12:43:19.607+0000] {dag.py:3823} INFO - Setting next_dagrun for jour6_region_idf to 2026-08-18 00:00:00+00:00, run_after=2026-08-19 00:00:00+00:00
[2026-08-18T12:43:19.610+0000] {logging_mixin.py:188} INFO - [2026-08-18T12:43:19.610+0000] {dag.py:3823} INFO - Setting next_dagrun for jour6_region_paca to 2026-08-18 00:00:00+00:00, run_after=2026-08-19 00:00:00+00:00
[2026-08-18T12:43:19.628+0000] {processor.py:183} INFO - Processing /opt/airflow/dags/dag_dynamic.py took 0.478 seconds
