[2026-08-18T12:18:04.826+0000] {processor.py:161} INFO - Started process (PID=86) to work on /opt/airflow/dags/dag_connections_hooks.py
[2026-08-18T12:18:04.829+0000] {processor.py:830} INFO - Processing file /opt/airflow/dags/dag_connections_hooks.py for tasks to queue
[2026-08-18T12:18:04.877+0000] {logging_mixin.py:188} INFO - [2026-08-18T12:18:04.869+0000] {dagbag.py:538} INFO - Filling up the DagBag from /opt/airflow/dags/dag_connections_hooks.py
[2026-08-18T12:18:06.404+0000] {processor.py:840} INFO - DAG(s) 'jour3_connections_hooks' retrieved from /opt/airflow/dags/dag_connections_hooks.py
[2026-08-18T12:18:06.688+0000] {logging_mixin.py:188} INFO - [2026-08-18T12:18:06.688+0000] {dag.py:3036} INFO - Sync 1 DAGs
[2026-08-18T12:18:06.810+0000] {logging_mixin.py:188} INFO - [2026-08-18T12:18:06.809+0000] {dag.py:3823} INFO - Setting next_dagrun for jour3_connections_hooks to 2026-08-17 00:00:00+00:00, run_after=2026-08-18 00:00:00+00:00
[2026-08-18T12:18:06.916+0000] {processor.py:183} INFO - Processing /opt/airflow/dags/dag_connections_hooks.py took 2.102 seconds
[2026-08-18T12:18:39.414+0000] {processor.py:161} INFO - Started process (PID=212) to work on /opt/airflow/dags/dag_connections_hooks.py
[2026-08-18T12:18:39.422+0000] {processor.py:830} INFO - Processing file /opt/airflow/dags/dag_connections_hooks.py for tasks to queue
[2026-08-18T12:18:39.429+0000] {logging_mixin.py:188} INFO - [2026-08-18T12:18:39.427+0000] {dagbag.py:538} INFO - Filling up the DagBag from /opt/airflow/dags/dag_connections_hooks.py
[2026-08-18T12:18:40.748+0000] {processor.py:840} INFO - DAG(s) 'jour3_connections_hooks' retrieved from /opt/airflow/dags/dag_connections_hooks.py
[2026-08-18T12:18:40.793+0000] {logging_mixin.py:188} INFO - [2026-08-18T12:18:40.792+0000] {dag.py:3036} INFO - Sync 1 DAGs
[2026-08-18T12:18:40.842+0000] {logging_mixin.py:188} INFO - [2026-08-18T12:18:40.842+0000] {dag.py:3823} INFO - Setting next_dagrun for jour3_connections_hooks to 2026-08-18 00:00:00+00:00, run_after=2026-08-19 00:00:00+00:00
[2026-08-18T12:18:40.918+0000] {processor.py:183} INFO - Processing /opt/airflow/dags/dag_connections_hooks.py took 1.520 seconds
[2026-08-18T12:19:11.313+0000] {processor.py:161} INFO - Started process (PID=300) to work on /opt/airflow/dags/dag_connections_hooks.py
[2026-08-18T12:19:11.315+0000] {processor.py:830} INFO - Processing file /opt/airflow/dags/dag_connections_hooks.py for tasks to queue
[2026-08-18T12:19:11.318+0000] {logging_mixin.py:188} INFO - [2026-08-18T12:19:11.318+0000] {dagbag.py:538} INFO - Filling up the DagBag from /opt/airflow/dags/dag_connections_hooks.py
[2026-08-18T12:19:12.734+0000] {processor.py:840} INFO - DAG(s) 'jour3_connections_hooks' retrieved from /opt/airflow/dags/dag_connections_hooks.py
[2026-08-18T12:19:13.052+0000] {logging_mixin.py:188} INFO - [2026-08-18T12:19:13.051+0000] {dag.py:3036} INFO - Sync 1 DAGs
[2026-08-18T12:19:13.098+0000] {logging_mixin.py:188} INFO - [2026-08-18T12:19:13.098+0000] {dag.py:3823} INFO - Setting next_dagrun for jour3_connections_hooks to 2026-08-18 00:00:00+00:00, run_after=2026-08-19 00:00:00+00:00
[2026-08-18T12:19:13.193+0000] {processor.py:183} INFO - Processing /opt/airflow/dags/dag_connections_hooks.py took 1.885 seconds
[2026-08-18T12:19:43.780+0000] {processor.py:161} INFO - Started process (PID=379) to work on /opt/airflow/dags/dag_connections_hooks.py
[2026-08-18T12:19:43.781+0000] {processor.py:830} INFO - Processing file /opt/airflow/dags/dag_connections_hooks.py for tasks to queue
[2026-08-18T12:19:43.783+0000] {logging_mixin.py:188} INFO - [2026-08-18T12:19:43.783+0000] {dagbag.py:538} INFO - Filling up the DagBag from /opt/airflow/dags/dag_connections_hooks.py
[2026-08-18T12:19:44.233+0000] {processor.py:840} INFO - DAG(s) 'jour3_connections_hooks' retrieved from /opt/airflow/dags/dag_connections_hooks.py
[2026-08-18T12:19:44.254+0000] {logging_mixin.py:188} INFO - [2026-08-18T12:19:44.254+0000] {dag.py:3036} INFO - Sync 1 DAGs
[2026-08-18T12:19:44.274+0000] {logging_mixin.py:188} INFO - [2026-08-18T12:19:44.274+0000] {dag.py:3823} INFO - Setting next_dagrun for jour3_connections_hooks to 2026-08-18 00:00:00+00:00, run_after=2026-08-19 00:00:00+00:00
[2026-08-18T12:19:44.294+0000] {processor.py:183} INFO - Processing /opt/airflow/dags/dag_connections_hooks.py took 0.520 seconds
[2026-08-18T12:20:14.628+0000] {processor.py:161} INFO - Started process (PID=458) to work on /opt/airflow/dags/dag_connections_hooks.py
[2026-08-18T12:20:14.629+0000] {processor.py:830} INFO - Processing file /opt/airflow/dags/dag_connections_hooks.py for tasks to queue
[2026-08-18T12:20:14.631+0000] {logging_mixin.py:188} INFO - [2026-08-18T12:20:14.631+0000] {dagbag.py:538} INFO - Filling up the DagBag from /opt/airflow/dags/dag_connections_hooks.py
[2026-08-18T12:20:14.994+0000] {processor.py:840} INFO - DAG(s) 'jour3_connections_hooks' retrieved from /opt/airflow/dags/dag_connections_hooks.py
[2026-08-18T12:20:15.011+0000] {logging_mixin.py:188} INFO - [2026-08-18T12:20:15.011+0000] {dag.py:3036} INFO - Sync 1 DAGs
[2026-08-18T12:20:15.029+0000] {logging_mixin.py:188} INFO - [2026-08-18T12:20:15.029+0000] {dag.py:3823} INFO - Setting next_dagrun for jour3_connections_hooks to 2026-08-18 00:00:00+00:00, run_after=2026-08-19 00:00:00+00:00
[2026-08-18T12:20:15.047+0000] {processor.py:183} INFO - Processing /opt/airflow/dags/dag_connections_hooks.py took 0.423 seconds
[2026-08-18T12:20:45.557+0000] {processor.py:161} INFO - Started process (PID=541) to work on /opt/airflow/dags/dag_connections_hooks.py
[2026-08-18T12:20:45.558+0000] {processor.py:830} INFO - Processing file /opt/airflow/dags/dag_connections_hooks.py for tasks to queue
[2026-08-18T12:20:45.560+0000] {logging_mixin.py:188} INFO - [2026-08-18T12:20:45.560+0000] {dagbag.py:538} INFO - Filling up the DagBag from /opt/airflow/dags/dag_connections_hooks.py
[2026-08-18T12:20:45.991+0000] {processor.py:840} INFO - DAG(s) 'jour3_connections_hooks' retrieved from /opt/airflow/dags/dag_connections_hooks.py
[2026-08-18T12:20:46.019+0000] {logging_mixin.py:188} INFO - [2026-08-18T12:20:46.018+0000] {dag.py:3036} INFO - Sync 1 DAGs
[2026-08-18T12:20:46.070+0000] {logging_mixin.py:188} INFO - [2026-08-18T12:20:46.069+0000] {dag.py:3823} INFO - Setting next_dagrun for jour3_connections_hooks to 2026-08-18 00:00:00+00:00, run_after=2026-08-19 00:00:00+00:00
[2026-08-18T12:20:46.095+0000] {processor.py:183} INFO - Processing /opt/airflow/dags/dag_connections_hooks.py took 0.542 seconds
[2026-08-18T12:21:16.736+0000] {processor.py:161} INFO - Started process (PID=620) to work on /opt/airflow/dags/dag_connections_hooks.py
[2026-08-18T12:21:16.737+0000] {processor.py:830} INFO - Processing file /opt/airflow/dags/dag_connections_hooks.py for tasks to queue
[2026-08-18T12:21:16.739+0000] {logging_mixin.py:188} INFO - [2026-08-18T12:21:16.739+0000] {dagbag.py:538} INFO - Filling up the DagBag from /opt/airflow/dags/dag_connections_hooks.py
[2026-08-18T12:21:17.171+0000] {processor.py:840} INFO - DAG(s) 'jour3_connections_hooks' retrieved from /opt/airflow/dags/dag_connections_hooks.py
[2026-08-18T12:21:17.192+0000] {logging_mixin.py:188} INFO - [2026-08-18T12:21:17.192+0000] {dag.py:3036} INFO - Sync 1 DAGs
[2026-08-18T12:21:17.216+0000] {logging_mixin.py:188} INFO - [2026-08-18T12:21:17.215+0000] {dag.py:3823} INFO - Setting next_dagrun for jour3_connections_hooks to 2026-08-18 00:00:00+00:00, run_after=2026-08-19 00:00:00+00:00
[2026-08-18T12:21:17.238+0000] {processor.py:183} INFO - Processing /opt/airflow/dags/dag_connections_hooks.py took 0.506 seconds
[2026-08-18T12:21:47.641+0000] {processor.py:161} INFO - Started process (PID=699) to work on /opt/airflow/dags/dag_connections_hooks.py
[2026-08-18T12:21:47.643+0000] {processor.py:830} INFO - Processing file /opt/airflow/dags/dag_connections_hooks.py for tasks to queue
[2026-08-18T12:21:47.646+0000] {logging_mixin.py:188} INFO - [2026-08-18T12:21:47.646+0000] {dagbag.py:538} INFO - Filling up the DagBag from /opt/airflow/dags/dag_connections_hooks.py
[2026-08-18T12:21:48.167+0000] {processor.py:840} INFO - DAG(s) 'jour3_connections_hooks' retrieved from /opt/airflow/dags/dag_connections_hooks.py
[2026-08-18T12:21:48.185+0000] {logging_mixin.py:188} INFO - [2026-08-18T12:21:48.185+0000] {dag.py:3036} INFO - Sync 1 DAGs
[2026-08-18T12:21:48.210+0000] {logging_mixin.py:188} INFO - [2026-08-18T12:21:48.210+0000] {dag.py:3823} INFO - Setting next_dagrun for jour3_connections_hooks to 2026-08-18 00:00:00+00:00, run_after=2026-08-19 00:00:00+00:00
[2026-08-18T12:21:48.229+0000] {processor.py:183} INFO - Processing /opt/airflow/dags/dag_connections_hooks.py took 0.594 seconds
[2026-08-18T12:22:18.489+0000] {processor.py:161} INFO - Started process (PID=778) to work on /opt/airflow/dags/dag_connections_hooks.py
[2026-08-18T12:22:18.491+0000] {processor.py:830} INFO - Processing file /opt/airflow/dags/dag_connections_hooks.py for tasks to queue
[2026-08-18T12:22:18.493+0000] {logging_mixin.py:188} INFO - [2026-08-18T12:22:18.493+0000] {dagbag.py:538} INFO - Filling up the DagBag from /opt/airflow/dags/dag_connections_hooks.py
[2026-08-18T12:22:18.929+0000] {processor.py:840} INFO - DAG(s) 'jour3_connections_hooks' retrieved from /opt/airflow/dags/dag_connections_hooks.py
[2026-08-18T12:22:18.947+0000] {logging_mixin.py:188} INFO - [2026-08-18T12:22:18.947+0000] {dag.py:3036} INFO - Sync 1 DAGs
[2026-08-18T12:22:18.966+0000] {logging_mixin.py:188} INFO - [2026-08-18T12:22:18.966+0000] {dag.py:3823} INFO - Setting next_dagrun for jour3_connections_hooks to 2026-08-18 00:00:00+00:00, run_after=2026-08-19 00:00:00+00:00
[2026-08-18T12:22:18.985+0000] {processor.py:183} INFO - Processing /opt/airflow/dags/dag_connections_hooks.py took 0.502 seconds
[2026-08-18T12:22:49.278+0000] {processor.py:161} INFO - Started process (PID=857) to work on /opt/airflow/dags/dag_connections_hooks.py
[2026-08-18T12:22:49.280+0000] {processor.py:830} INFO - Processing file /opt/airflow/dags/dag_connections_hooks.py for tasks to queue
[2026-08-18T12:22:49.282+0000] {logging_mixin.py:188} INFO - [2026-08-18T12:22:49.282+0000] {dagbag.py:538} INFO - Filling up the DagBag from /opt/airflow/dags/dag_connections_hooks.py
[2026-08-18T12:22:49.724+0000] {processor.py:840} INFO - DAG(s) 'jour3_connections_hooks' retrieved from /opt/airflow/dags/dag_connections_hooks.py
[2026-08-18T12:22:49.742+0000] {logging_mixin.py:188} INFO - [2026-08-18T12:22:49.742+0000] {dag.py:3036} INFO - Sync 1 DAGs
[2026-08-18T12:22:49.764+0000] {logging_mixin.py:188} INFO - [2026-08-18T12:22:49.763+0000] {dag.py:3823} INFO - Setting next_dagrun for jour3_connections_hooks to 2026-08-18 00:00:00+00:00, run_after=2026-08-19 00:00:00+00:00
[2026-08-18T12:22:49.785+0000] {processor.py:183} INFO - Processing /opt/airflow/dags/dag_connections_hooks.py took 0.510 seconds
[2026-08-18T12:23:20.709+0000] {processor.py:161} INFO - Started process (PID=938) to work on /opt/airflow/dags/dag_connections_hooks.py
[2026-08-18T12:23:20.710+0000] {processor.py:830} INFO - Processing file /opt/airflow/dags/dag_connections_hooks.py for tasks to queue
[2026-08-18T12:23:20.712+0000] {logging_mixin.py:188} INFO - [2026-08-18T12:23:20.712+0000] {dagbag.py:538} INFO - Filling up the DagBag from /opt/airflow/dags/dag_connections_hooks.py
[2026-08-18T12:23:21.119+0000] {processor.py:840} INFO - DAG(s) 'jour3_connections_hooks' retrieved from /opt/airflow/dags/dag_connections_hooks.py
[2026-08-18T12:23:21.129+0000] {logging_mixin.py:188} INFO - [2026-08-18T12:23:21.129+0000] {dag.py:3036} INFO - Sync 1 DAGs
[2026-08-18T12:23:21.150+0000] {logging_mixin.py:188} INFO - [2026-08-18T12:23:21.149+0000] {dag.py:3823} INFO - Setting next_dagrun for jour3_connections_hooks to 2026-08-18 00:00:00+00:00, run_after=2026-08-19 00:00:00+00:00
[2026-08-18T12:23:21.168+0000] {processor.py:183} INFO - Processing /opt/airflow/dags/dag_connections_hooks.py took 0.463 seconds
[2026-08-18T12:23:51.723+0000] {processor.py:161} INFO - Started process (PID=1019) to work on /opt/airflow/dags/dag_connections_hooks.py
[2026-08-18T12:23:51.725+0000] {processor.py:830} INFO - Processing file /opt/airflow/dags/dag_connections_hooks.py for tasks to queue
[2026-08-18T12:23:51.727+0000] {logging_mixin.py:188} INFO - [2026-08-18T12:23:51.726+0000] {dagbag.py:538} INFO - Filling up the DagBag from /opt/airflow/dags/dag_connections_hooks.py
[2026-08-18T12:23:52.158+0000] {processor.py:840} INFO - DAG(s) 'jour3_connections_hooks' retrieved from /opt/airflow/dags/dag_connections_hooks.py
[2026-08-18T12:23:52.260+0000] {logging_mixin.py:188} INFO - [2026-08-18T12:23:52.260+0000] {dag.py:3036} INFO - Sync 1 DAGs
[2026-08-18T12:23:52.281+0000] {logging_mixin.py:188} INFO - [2026-08-18T12:23:52.281+0000] {dag.py:3823} INFO - Setting next_dagrun for jour3_connections_hooks to 2026-08-18 00:00:00+00:00, run_after=2026-08-19 00:00:00+00:00
[2026-08-18T12:23:52.301+0000] {processor.py:183} INFO - Processing /opt/airflow/dags/dag_connections_hooks.py took 0.582 seconds
[2026-08-18T12:24:22.717+0000] {processor.py:161} INFO - Started process (PID=1100) to work on /opt/airflow/dags/dag_connections_hooks.py
[2026-08-18T12:24:22.718+0000] {processor.py:830} INFO - Processing file /opt/airflow/dags/dag_connections_hooks.py for tasks to queue
[2026-08-18T12:24:22.721+0000] {logging_mixin.py:188} INFO - [2026-08-18T12:24:22.721+0000] {dagbag.py:538} INFO - Filling up the DagBag from /opt/airflow/dags/dag_connections_hooks.py
[2026-08-18T12:24:23.142+0000] {processor.py:840} INFO - DAG(s) 'jour3_connections_hooks' retrieved from /opt/airflow/dags/dag_connections_hooks.py
[2026-08-18T12:24:23.161+0000] {logging_mixin.py:188} INFO - [2026-08-18T12:24:23.161+0000] {dag.py:3036} INFO - Sync 1 DAGs
[2026-08-18T12:24:23.182+0000] {logging_mixin.py:188} INFO - [2026-08-18T12:24:23.182+0000] {dag.py:3823} INFO - Setting next_dagrun for jour3_connections_hooks to 2026-08-18 00:00:00+00:00, run_after=2026-08-19 00:00:00+00:00
[2026-08-18T12:24:23.203+0000] {processor.py:183} INFO - Processing /opt/airflow/dags/dag_connections_hooks.py took 0.491 seconds
[2026-08-18T12:24:53.620+0000] {processor.py:161} INFO - Started process (PID=1181) to work on /opt/airflow/dags/dag_connections_hooks.py
[2026-08-18T12:24:53.623+0000] {processor.py:830} INFO - Processing file /opt/airflow/dags/dag_connections_hooks.py for tasks to queue
[2026-08-18T12:24:53.625+0000] {logging_mixin.py:188} INFO - [2026-08-18T12:24:53.625+0000] {dagbag.py:538} INFO - Filling up the DagBag from /opt/airflow/dags/dag_connections_hooks.py
[2026-08-18T12:24:54.027+0000] {processor.py:840} INFO - DAG(s) 'jour3_connections_hooks' retrieved from /opt/airflow/dags/dag_connections_hooks.py
[2026-08-18T12:24:54.045+0000] {logging_mixin.py:188} INFO - [2026-08-18T12:24:54.045+0000] {dag.py:3036} INFO - Sync 1 DAGs
[2026-08-18T12:24:54.064+0000] {logging_mixin.py:188} INFO - [2026-08-18T12:24:54.064+0000] {dag.py:3823} INFO - Setting next_dagrun for jour3_connections_hooks to 2026-08-18 00:00:00+00:00, run_after=2026-08-19 00:00:00+00:00
[2026-08-18T12:24:54.089+0000] {processor.py:183} INFO - Processing /opt/airflow/dags/dag_connections_hooks.py took 0.473 seconds
[2026-08-18T12:25:24.953+0000] {processor.py:161} INFO - Started process (PID=1263) to work on /opt/airflow/dags/dag_connections_hooks.py
[2026-08-18T12:25:24.954+0000] {processor.py:830} INFO - Processing file /opt/airflow/dags/dag_connections_hooks.py for tasks to queue
[2026-08-18T12:25:24.957+0000] {logging_mixin.py:188} INFO - [2026-08-18T12:25:24.956+0000] {dagbag.py:538} INFO - Filling up the DagBag from /opt/airflow/dags/dag_connections_hooks.py
[2026-08-18T12:25:25.383+0000] {processor.py:840} INFO - DAG(s) 'jour3_connections_hooks' retrieved from /opt/airflow/dags/dag_connections_hooks.py
[2026-08-18T12:25:25.401+0000] {logging_mixin.py:188} INFO - [2026-08-18T12:25:25.401+0000] {dag.py:3036} INFO - Sync 1 DAGs
[2026-08-18T12:25:25.422+0000] {logging_mixin.py:188} INFO - [2026-08-18T12:25:25.421+0000] {dag.py:3823} INFO - Setting next_dagrun for jour3_connections_hooks to 2026-08-18 00:00:00+00:00, run_after=2026-08-19 00:00:00+00:00
[2026-08-18T12:25:25.441+0000] {processor.py:183} INFO - Processing /opt/airflow/dags/dag_connections_hooks.py took 0.491 seconds
[2026-08-18T12:25:55.498+0000] {processor.py:161} INFO - Started process (PID=1364) to work on /opt/airflow/dags/dag_connections_hooks.py
[2026-08-18T12:25:55.499+0000] {processor.py:830} INFO - Processing file /opt/airflow/dags/dag_connections_hooks.py for tasks to queue
[2026-08-18T12:25:55.502+0000] {logging_mixin.py:188} INFO - [2026-08-18T12:25:55.501+0000] {dagbag.py:538} INFO - Filling up the DagBag from /opt/airflow/dags/dag_connections_hooks.py
[2026-08-18T12:25:55.949+0000] {processor.py:840} INFO - DAG(s) 'jour3_connections_hooks' retrieved from /opt/airflow/dags/dag_connections_hooks.py
[2026-08-18T12:25:55.971+0000] {logging_mixin.py:188} INFO - [2026-08-18T12:25:55.970+0000] {dag.py:3036} INFO - Sync 1 DAGs
[2026-08-18T12:25:55.996+0000] {logging_mixin.py:188} INFO - [2026-08-18T12:25:55.995+0000] {dag.py:3823} INFO - Setting next_dagrun for jour3_connections_hooks to 2026-08-18 00:00:00+00:00, run_after=2026-08-19 00:00:00+00:00
[2026-08-18T12:25:56.026+0000] {processor.py:183} INFO - Processing /opt/airflow/dags/dag_connections_hooks.py took 0.532 seconds
[2026-08-18T12:26:26.448+0000] {processor.py:161} INFO - Started process (PID=1445) to work on /opt/airflow/dags/dag_connections_hooks.py
[2026-08-18T12:26:26.449+0000] {processor.py:830} INFO - Processing file /opt/airflow/dags/dag_connections_hooks.py for tasks to queue
[2026-08-18T12:26:26.452+0000] {logging_mixin.py:188} INFO - [2026-08-18T12:26:26.452+0000] {dagbag.py:538} INFO - Filling up the DagBag from /opt/airflow/dags/dag_connections_hooks.py
[2026-08-18T12:26:26.891+0000] {processor.py:840} INFO - DAG(s) 'jour3_connections_hooks' retrieved from /opt/airflow/dags/dag_connections_hooks.py
[2026-08-18T12:26:26.911+0000] {logging_mixin.py:188} INFO - [2026-08-18T12:26:26.910+0000] {dag.py:3036} INFO - Sync 1 DAGs
[2026-08-18T12:26:26.951+0000] {logging_mixin.py:188} INFO - [2026-08-18T12:26:26.950+0000] {dag.py:3823} INFO - Setting next_dagrun for jour3_connections_hooks to 2026-08-18 00:00:00+00:00, run_after=2026-08-19 00:00:00+00:00
[2026-08-18T12:26:26.974+0000] {processor.py:183} INFO - Processing /opt/airflow/dags/dag_connections_hooks.py took 0.530 seconds
[2026-08-18T12:26:57.286+0000] {processor.py:161} INFO - Started process (PID=1531) to work on /opt/airflow/dags/dag_connections_hooks.py
[2026-08-18T12:26:57.287+0000] {processor.py:830} INFO - Processing file /opt/airflow/dags/dag_connections_hooks.py for tasks to queue
[2026-08-18T12:26:57.289+0000] {logging_mixin.py:188} INFO - [2026-08-18T12:26:57.289+0000] {dagbag.py:538} INFO - Filling up the DagBag from /opt/airflow/dags/dag_connections_hooks.py
[2026-08-18T12:26:57.704+0000] {processor.py:840} INFO - DAG(s) 'jour3_connections_hooks' retrieved from /opt/airflow/dags/dag_connections_hooks.py
[2026-08-18T12:26:57.722+0000] {logging_mixin.py:188} INFO - [2026-08-18T12:26:57.721+0000] {dag.py:3036} INFO - Sync 1 DAGs
[2026-08-18T12:26:57.742+0000] {logging_mixin.py:188} INFO - [2026-08-18T12:26:57.742+0000] {dag.py:3823} INFO - Setting next_dagrun for jour3_connections_hooks to 2026-08-18 00:00:00+00:00, run_after=2026-08-19 00:00:00+00:00
[2026-08-18T12:26:57.762+0000] {processor.py:183} INFO - Processing /opt/airflow/dags/dag_connections_hooks.py took 0.480 seconds
[2026-08-18T12:27:28.024+0000] {processor.py:161} INFO - Started process (PID=1612) to work on /opt/airflow/dags/dag_connections_hooks.py
[2026-08-18T12:27:28.025+0000] {processor.py:830} INFO - Processing file /opt/airflow/dags/dag_connections_hooks.py for tasks to queue
[2026-08-18T12:27:28.027+0000] {logging_mixin.py:188} INFO - [2026-08-18T12:27:28.027+0000] {dagbag.py:538} INFO - Filling up the DagBag from /opt/airflow/dags/dag_connections_hooks.py
[2026-08-18T12:27:28.349+0000] {processor.py:840} INFO - DAG(s) 'jour3_connections_hooks' retrieved from /opt/airflow/dags/dag_connections_hooks.py
[2026-08-18T12:27:28.371+0000] {logging_mixin.py:188} INFO - [2026-08-18T12:27:28.371+0000] {dag.py:3036} INFO - Sync 1 DAGs
[2026-08-18T12:27:28.401+0000] {logging_mixin.py:188} INFO - [2026-08-18T12:27:28.401+0000] {dag.py:3823} INFO - Setting next_dagrun for jour3_connections_hooks to 2026-08-18 00:00:00+00:00, run_after=2026-08-19 00:00:00+00:00
[2026-08-18T12:27:28.426+0000] {processor.py:183} INFO - Processing /opt/airflow/dags/dag_connections_hooks.py took 0.406 seconds
[2026-08-18T12:27:58.493+0000] {processor.py:161} INFO - Started process (PID=1693) to work on /opt/airflow/dags/dag_connections_hooks.py
[2026-08-18T12:27:58.494+0000] {processor.py:830} INFO - Processing file /opt/airflow/dags/dag_connections_hooks.py for tasks to queue
[2026-08-18T12:27:58.496+0000] {logging_mixin.py:188} INFO - [2026-08-18T12:27:58.496+0000] {dagbag.py:538} INFO - Filling up the DagBag from /opt/airflow/dags/dag_connections_hooks.py
[2026-08-18T12:27:58.728+0000] {processor.py:840} INFO - DAG(s) 'jour3_connections_hooks' retrieved from /opt/airflow/dags/dag_connections_hooks.py
[2026-08-18T12:27:58.747+0000] {logging_mixin.py:188} INFO - [2026-08-18T12:27:58.747+0000] {dag.py:3036} INFO - Sync 1 DAGs
[2026-08-18T12:27:58.767+0000] {logging_mixin.py:188} INFO - [2026-08-18T12:27:58.767+0000] {dag.py:3823} INFO - Setting next_dagrun for jour3_connections_hooks to 2026-08-18 00:00:00+00:00, run_after=2026-08-19 00:00:00+00:00
[2026-08-18T12:27:58.788+0000] {processor.py:183} INFO - Processing /opt/airflow/dags/dag_connections_hooks.py took 0.298 seconds
[2026-08-18T12:28:29.213+0000] {processor.py:161} INFO - Started process (PID=1779) to work on /opt/airflow/dags/dag_connections_hooks.py
[2026-08-18T12:28:29.214+0000] {processor.py:830} INFO - Processing file /opt/airflow/dags/dag_connections_hooks.py for tasks to queue
[2026-08-18T12:28:29.216+0000] {logging_mixin.py:188} INFO - [2026-08-18T12:28:29.216+0000] {dagbag.py:538} INFO - Filling up the DagBag from /opt/airflow/dags/dag_connections_hooks.py
[2026-08-18T12:28:29.481+0000] {processor.py:840} INFO - DAG(s) 'jour3_connections_hooks' retrieved from /opt/airflow/dags/dag_connections_hooks.py
[2026-08-18T12:28:29.501+0000] {logging_mixin.py:188} INFO - [2026-08-18T12:28:29.501+0000] {dag.py:3036} INFO - Sync 1 DAGs
[2026-08-18T12:28:29.523+0000] {logging_mixin.py:188} INFO - [2026-08-18T12:28:29.522+0000] {dag.py:3823} INFO - Setting next_dagrun for jour3_connections_hooks to 2026-08-18 00:00:00+00:00, run_after=2026-08-19 00:00:00+00:00
[2026-08-18T12:28:29.543+0000] {processor.py:183} INFO - Processing /opt/airflow/dags/dag_connections_hooks.py took 0.333 seconds
[2026-08-18T12:28:59.633+0000] {processor.py:161} INFO - Started process (PID=1860) to work on /opt/airflow/dags/dag_connections_hooks.py
[2026-08-18T12:28:59.634+0000] {processor.py:830} INFO - Processing file /opt/airflow/dags/dag_connections_hooks.py for tasks to queue
[2026-08-18T12:28:59.636+0000] {logging_mixin.py:188} INFO - [2026-08-18T12:28:59.636+0000] {dagbag.py:538} INFO - Filling up the DagBag from /opt/airflow/dags/dag_connections_hooks.py
[2026-08-18T12:28:59.880+0000] {processor.py:840} INFO - DAG(s) 'jour3_connections_hooks' retrieved from /opt/airflow/dags/dag_connections_hooks.py
[2026-08-18T12:28:59.903+0000] {logging_mixin.py:188} INFO - [2026-08-18T12:28:59.903+0000] {dag.py:3036} INFO - Sync 1 DAGs
[2026-08-18T12:28:59.925+0000] {logging_mixin.py:188} INFO - [2026-08-18T12:28:59.925+0000] {dag.py:3823} INFO - Setting next_dagrun for jour3_connections_hooks to 2026-08-18 00:00:00+00:00, run_after=2026-08-19 00:00:00+00:00
[2026-08-18T12:28:59.946+0000] {processor.py:183} INFO - Processing /opt/airflow/dags/dag_connections_hooks.py took 0.317 seconds
[2026-08-18T12:29:30.780+0000] {processor.py:161} INFO - Started process (PID=1941) to work on /opt/airflow/dags/dag_connections_hooks.py
[2026-08-18T12:29:30.781+0000] {processor.py:830} INFO - Processing file /opt/airflow/dags/dag_connections_hooks.py for tasks to queue
[2026-08-18T12:29:30.783+0000] {logging_mixin.py:188} INFO - [2026-08-18T12:29:30.783+0000] {dagbag.py:538} INFO - Filling up the DagBag from /opt/airflow/dags/dag_connections_hooks.py
[2026-08-18T12:29:31.026+0000] {processor.py:840} INFO - DAG(s) 'jour3_connections_hooks' retrieved from /opt/airflow/dags/dag_connections_hooks.py
[2026-08-18T12:29:31.048+0000] {logging_mixin.py:188} INFO - [2026-08-18T12:29:31.048+0000] {dag.py:3036} INFO - Sync 1 DAGs
[2026-08-18T12:29:31.069+0000] {logging_mixin.py:188} INFO - [2026-08-18T12:29:31.069+0000] {dag.py:3823} INFO - Setting next_dagrun for jour3_connections_hooks to 2026-08-18 00:00:00+00:00, run_after=2026-08-19 00:00:00+00:00
[2026-08-18T12:29:31.087+0000] {processor.py:183} INFO - Processing /opt/airflow/dags/dag_connections_hooks.py took 0.312 seconds
[2026-08-18T12:30:01.480+0000] {processor.py:161} INFO - Started process (PID=2022) to work on /opt/airflow/dags/dag_connections_hooks.py
[2026-08-18T12:30:01.481+0000] {processor.py:830} INFO - Processing file /opt/airflow/dags/dag_connections_hooks.py for tasks to queue
[2026-08-18T12:30:01.483+0000] {logging_mixin.py:188} INFO - [2026-08-18T12:30:01.483+0000] {dagbag.py:538} INFO - Filling up the DagBag from /opt/airflow/dags/dag_connections_hooks.py
[2026-08-18T12:30:01.780+0000] {processor.py:840} INFO - DAG(s) 'jour3_connections_hooks' retrieved from /opt/airflow/dags/dag_connections_hooks.py
[2026-08-18T12:30:01.805+0000] {logging_mixin.py:188} INFO - [2026-08-18T12:30:01.804+0000] {dag.py:3036} INFO - Sync 1 DAGs
[2026-08-18T12:30:01.830+0000] {logging_mixin.py:188} INFO - [2026-08-18T12:30:01.830+0000] {dag.py:3823} INFO - Setting next_dagrun for jour3_connections_hooks to 2026-08-18 00:00:00+00:00, run_after=2026-08-19 00:00:00+00:00
[2026-08-18T12:30:01.851+0000] {processor.py:183} INFO - Processing /opt/airflow/dags/dag_connections_hooks.py took 0.375 seconds
[2026-08-18T12:30:32.148+0000] {processor.py:161} INFO - Started process (PID=2103) to work on /opt/airflow/dags/dag_connections_hooks.py
[2026-08-18T12:30:32.149+0000] {processor.py:830} INFO - Processing file /opt/airflow/dags/dag_connections_hooks.py for tasks to queue
[2026-08-18T12:30:32.154+0000] {logging_mixin.py:188} INFO - [2026-08-18T12:30:32.154+0000] {dagbag.py:538} INFO - Filling up the DagBag from /opt/airflow/dags/dag_connections_hooks.py
[2026-08-18T12:30:32.486+0000] {processor.py:840} INFO - DAG(s) 'jour3_connections_hooks' retrieved from /opt/airflow/dags/dag_connections_hooks.py
[2026-08-18T12:30:32.515+0000] {logging_mixin.py:188} INFO - [2026-08-18T12:30:32.514+0000] {dag.py:3036} INFO - Sync 1 DAGs
[2026-08-18T12:30:32.555+0000] {logging_mixin.py:188} INFO - [2026-08-18T12:30:32.555+0000] {dag.py:3823} INFO - Setting next_dagrun for jour3_connections_hooks to 2026-08-18 00:00:00+00:00, run_after=2026-08-19 00:00:00+00:00
[2026-08-18T12:30:32.591+0000] {processor.py:183} INFO - Processing /opt/airflow/dags/dag_connections_hooks.py took 0.449 seconds
[2026-08-18T12:31:03.234+0000] {processor.py:161} INFO - Started process (PID=2189) to work on /opt/airflow/dags/dag_connections_hooks.py
[2026-08-18T12:31:03.235+0000] {processor.py:830} INFO - Processing file /opt/airflow/dags/dag_connections_hooks.py for tasks to queue
[2026-08-18T12:31:03.237+0000] {logging_mixin.py:188} INFO - [2026-08-18T12:31:03.237+0000] {dagbag.py:538} INFO - Filling up the DagBag from /opt/airflow/dags/dag_connections_hooks.py
[2026-08-18T12:31:03.478+0000] {processor.py:840} INFO - DAG(s) 'jour3_connections_hooks' retrieved from /opt/airflow/dags/dag_connections_hooks.py
[2026-08-18T12:31:03.501+0000] {logging_mixin.py:188} INFO - [2026-08-18T12:31:03.501+0000] {dag.py:3036} INFO - Sync 1 DAGs
[2026-08-18T12:31:03.522+0000] {logging_mixin.py:188} INFO - [2026-08-18T12:31:03.522+0000] {dag.py:3823} INFO - Setting next_dagrun for jour3_connections_hooks to 2026-08-18 00:00:00+00:00, run_after=2026-08-19 00:00:00+00:00
[2026-08-18T12:31:03.544+0000] {processor.py:183} INFO - Processing /opt/airflow/dags/dag_connections_hooks.py took 0.314 seconds
[2026-08-18T12:31:34.796+0000] {processor.py:161} INFO - Started process (PID=2271) to work on /opt/airflow/dags/dag_connections_hooks.py
[2026-08-18T12:31:34.797+0000] {processor.py:830} INFO - Processing file /opt/airflow/dags/dag_connections_hooks.py for tasks to queue
[2026-08-18T12:31:34.800+0000] {logging_mixin.py:188} INFO - [2026-08-18T12:31:34.799+0000] {dagbag.py:538} INFO - Filling up the DagBag from /opt/airflow/dags/dag_connections_hooks.py
[2026-08-18T12:31:35.194+0000] {processor.py:840} INFO - DAG(s) 'jour3_connections_hooks' retrieved from /opt/airflow/dags/dag_connections_hooks.py
[2026-08-18T12:31:35.239+0000] {logging_mixin.py:188} INFO - [2026-08-18T12:31:35.239+0000] {dag.py:3036} INFO - Sync 1 DAGs
[2026-08-18T12:31:35.283+0000] {logging_mixin.py:188} INFO - [2026-08-18T12:31:35.282+0000] {dag.py:3823} INFO - Setting next_dagrun for jour3_connections_hooks to 2026-08-18 00:00:00+00:00, run_after=2026-08-19 00:00:00+00:00
[2026-08-18T12:31:35.324+0000] {processor.py:183} INFO - Processing /opt/airflow/dags/dag_connections_hooks.py took 0.532 seconds
[2026-08-18T12:32:05.516+0000] {processor.py:161} INFO - Started process (PID=2352) to work on /opt/airflow/dags/dag_connections_hooks.py
[2026-08-18T12:32:05.517+0000] {processor.py:830} INFO - Processing file /opt/airflow/dags/dag_connections_hooks.py for tasks to queue
[2026-08-18T12:32:05.520+0000] {logging_mixin.py:188} INFO - [2026-08-18T12:32:05.519+0000] {dagbag.py:538} INFO - Filling up the DagBag from /opt/airflow/dags/dag_connections_hooks.py
[2026-08-18T12:32:05.805+0000] {processor.py:840} INFO - DAG(s) 'jour3_connections_hooks' retrieved from /opt/airflow/dags/dag_connections_hooks.py
[2026-08-18T12:32:05.826+0000] {logging_mixin.py:188} INFO - [2026-08-18T12:32:05.826+0000] {dag.py:3036} INFO - Sync 1 DAGs
[2026-08-18T12:32:05.851+0000] {logging_mixin.py:188} INFO - [2026-08-18T12:32:05.850+0000] {dag.py:3823} INFO - Setting next_dagrun for jour3_connections_hooks to 2026-08-18 00:00:00+00:00, run_after=2026-08-19 00:00:00+00:00
[2026-08-18T12:32:05.872+0000] {processor.py:183} INFO - Processing /opt/airflow/dags/dag_connections_hooks.py took 0.360 seconds
[2026-08-18T12:32:36.531+0000] {processor.py:161} INFO - Started process (PID=2435) to work on /opt/airflow/dags/dag_connections_hooks.py
[2026-08-18T12:32:36.533+0000] {processor.py:830} INFO - Processing file /opt/airflow/dags/dag_connections_hooks.py for tasks to queue
[2026-08-18T12:32:36.535+0000] {logging_mixin.py:188} INFO - [2026-08-18T12:32:36.534+0000] {dagbag.py:538} INFO - Filling up the DagBag from /opt/airflow/dags/dag_connections_hooks.py
[2026-08-18T12:32:36.817+0000] {processor.py:840} INFO - DAG(s) 'jour3_connections_hooks' retrieved from /opt/airflow/dags/dag_connections_hooks.py
[2026-08-18T12:32:36.839+0000] {logging_mixin.py:188} INFO - [2026-08-18T12:32:36.839+0000] {dag.py:3036} INFO - Sync 1 DAGs
[2026-08-18T12:32:36.862+0000] {logging_mixin.py:188} INFO - [2026-08-18T12:32:36.862+0000] {dag.py:3823} INFO - Setting next_dagrun for jour3_connections_hooks to 2026-08-18 00:00:00+00:00, run_after=2026-08-19 00:00:00+00:00
[2026-08-18T12:32:36.883+0000] {processor.py:183} INFO - Processing /opt/airflow/dags/dag_connections_hooks.py took 0.355 seconds
[2026-08-18T12:33:07.458+0000] {processor.py:161} INFO - Started process (PID=2525) to work on /opt/airflow/dags/dag_connections_hooks.py
[2026-08-18T12:33:07.460+0000] {processor.py:830} INFO - Processing file /opt/airflow/dags/dag_connections_hooks.py for tasks to queue
[2026-08-18T12:33:07.462+0000] {logging_mixin.py:188} INFO - [2026-08-18T12:33:07.462+0000] {dagbag.py:538} INFO - Filling up the DagBag from /opt/airflow/dags/dag_connections_hooks.py
[2026-08-18T12:33:07.747+0000] {processor.py:840} INFO - DAG(s) 'jour3_connections_hooks' retrieved from /opt/airflow/dags/dag_connections_hooks.py
[2026-08-18T12:33:07.771+0000] {logging_mixin.py:188} INFO - [2026-08-18T12:33:07.771+0000] {dag.py:3036} INFO - Sync 1 DAGs
[2026-08-18T12:33:07.796+0000] {logging_mixin.py:188} INFO - [2026-08-18T12:33:07.795+0000] {dag.py:3823} INFO - Setting next_dagrun for jour3_connections_hooks to 2026-08-18 00:00:00+00:00, run_after=2026-08-19 00:00:00+00:00
[2026-08-18T12:33:07.821+0000] {processor.py:183} INFO - Processing /opt/airflow/dags/dag_connections_hooks.py took 0.367 seconds
[2026-08-18T12:33:38.003+0000] {processor.py:161} INFO - Started process (PID=2616) to work on /opt/airflow/dags/dag_connections_hooks.py
[2026-08-18T12:33:38.005+0000] {processor.py:830} INFO - Processing file /opt/airflow/dags/dag_connections_hooks.py for tasks to queue
[2026-08-18T12:33:38.007+0000] {logging_mixin.py:188} INFO - [2026-08-18T12:33:38.007+0000] {dagbag.py:538} INFO - Filling up the DagBag from /opt/airflow/dags/dag_connections_hooks.py
[2026-08-18T12:33:38.277+0000] {processor.py:840} INFO - DAG(s) 'jour3_connections_hooks' retrieved from /opt/airflow/dags/dag_connections_hooks.py
[2026-08-18T12:33:38.297+0000] {logging_mixin.py:188} INFO - [2026-08-18T12:33:38.297+0000] {dag.py:3036} INFO - Sync 1 DAGs
[2026-08-18T12:33:38.320+0000] {logging_mixin.py:188} INFO - [2026-08-18T12:33:38.320+0000] {dag.py:3823} INFO - Setting next_dagrun for jour3_connections_hooks to 2026-08-18 00:00:00+00:00, run_after=2026-08-19 00:00:00+00:00
[2026-08-18T12:33:38.342+0000] {processor.py:183} INFO - Processing /opt/airflow/dags/dag_connections_hooks.py took 0.344 seconds
[2026-08-18T12:34:08.823+0000] {processor.py:161} INFO - Started process (PID=2706) to work on /opt/airflow/dags/dag_connections_hooks.py
[2026-08-18T12:34:08.824+0000] {processor.py:830} INFO - Processing file /opt/airflow/dags/dag_connections_hooks.py for tasks to queue
[2026-08-18T12:34:08.826+0000] {logging_mixin.py:188} INFO - [2026-08-18T12:34:08.826+0000] {dagbag.py:538} INFO - Filling up the DagBag from /opt/airflow/dags/dag_connections_hooks.py
[2026-08-18T12:34:09.081+0000] {processor.py:840} INFO - DAG(s) 'jour3_connections_hooks' retrieved from /opt/airflow/dags/dag_connections_hooks.py
[2026-08-18T12:34:09.168+0000] {logging_mixin.py:188} INFO - [2026-08-18T12:34:09.168+0000] {dag.py:3036} INFO - Sync 1 DAGs
[2026-08-18T12:34:09.193+0000] {logging_mixin.py:188} INFO - [2026-08-18T12:34:09.193+0000] {dag.py:3823} INFO - Setting next_dagrun for jour3_connections_hooks to 2026-08-18 00:00:00+00:00, run_after=2026-08-19 00:00:00+00:00
[2026-08-18T12:34:09.215+0000] {processor.py:183} INFO - Processing /opt/airflow/dags/dag_connections_hooks.py took 0.395 seconds
[2026-08-18T12:34:39.387+0000] {processor.py:161} INFO - Started process (PID=2796) to work on /opt/airflow/dags/dag_connections_hooks.py
[2026-08-18T12:34:39.388+0000] {processor.py:830} INFO - Processing file /opt/airflow/dags/dag_connections_hooks.py for tasks to queue
[2026-08-18T12:34:39.391+0000] {logging_mixin.py:188} INFO - [2026-08-18T12:34:39.390+0000] {dagbag.py:538} INFO - Filling up the DagBag from /opt/airflow/dags/dag_connections_hooks.py
[2026-08-18T12:34:39.625+0000] {processor.py:840} INFO - DAG(s) 'jour3_connections_hooks' retrieved from /opt/airflow/dags/dag_connections_hooks.py
[2026-08-18T12:34:39.645+0000] {logging_mixin.py:188} INFO - [2026-08-18T12:34:39.644+0000] {dag.py:3036} INFO - Sync 1 DAGs
[2026-08-18T12:34:39.665+0000] {logging_mixin.py:188} INFO - [2026-08-18T12:34:39.664+0000] {dag.py:3823} INFO - Setting next_dagrun for jour3_connections_hooks to 2026-08-18 00:00:00+00:00, run_after=2026-08-19 00:00:00+00:00
[2026-08-18T12:34:39.705+0000] {processor.py:183} INFO - Processing /opt/airflow/dags/dag_connections_hooks.py took 0.322 seconds
[2026-08-18T12:35:10.338+0000] {processor.py:161} INFO - Started process (PID=2885) to work on /opt/airflow/dags/dag_connections_hooks.py
[2026-08-18T12:35:10.339+0000] {processor.py:830} INFO - Processing file /opt/airflow/dags/dag_connections_hooks.py for tasks to queue
[2026-08-18T12:35:10.343+0000] {logging_mixin.py:188} INFO - [2026-08-18T12:35:10.342+0000] {dagbag.py:538} INFO - Filling up the DagBag from /opt/airflow/dags/dag_connections_hooks.py
[2026-08-18T12:35:10.741+0000] {processor.py:840} INFO - DAG(s) 'jour3_connections_hooks' retrieved from /opt/airflow/dags/dag_connections_hooks.py
[2026-08-18T12:35:10.785+0000] {logging_mixin.py:188} INFO - [2026-08-18T12:35:10.784+0000] {dag.py:3036} INFO - Sync 1 DAGs
[2026-08-18T12:35:10.817+0000] {logging_mixin.py:188} INFO - [2026-08-18T12:35:10.817+0000] {dag.py:3823} INFO - Setting next_dagrun for jour3_connections_hooks to 2026-08-18 00:00:00+00:00, run_after=2026-08-19 00:00:00+00:00
[2026-08-18T12:35:10.875+0000] {processor.py:183} INFO - Processing /opt/airflow/dags/dag_connections_hooks.py took 0.542 seconds
[2026-08-18T12:35:41.581+0000] {processor.py:161} INFO - Started process (PID=2976) to work on /opt/airflow/dags/dag_connections_hooks.py
[2026-08-18T12:35:41.582+0000] {processor.py:830} INFO - Processing file /opt/airflow/dags/dag_connections_hooks.py for tasks to queue
[2026-08-18T12:35:41.584+0000] {logging_mixin.py:188} INFO - [2026-08-18T12:35:41.584+0000] {dagbag.py:538} INFO - Filling up the DagBag from /opt/airflow/dags/dag_connections_hooks.py
[2026-08-18T12:35:41.826+0000] {processor.py:840} INFO - DAG(s) 'jour3_connections_hooks' retrieved from /opt/airflow/dags/dag_connections_hooks.py
[2026-08-18T12:35:41.846+0000] {logging_mixin.py:188} INFO - [2026-08-18T12:35:41.845+0000] {dag.py:3036} INFO - Sync 1 DAGs
[2026-08-18T12:35:41.866+0000] {logging_mixin.py:188} INFO - [2026-08-18T12:35:41.866+0000] {dag.py:3823} INFO - Setting next_dagrun for jour3_connections_hooks to 2026-08-18 00:00:00+00:00, run_after=2026-08-19 00:00:00+00:00
[2026-08-18T12:35:41.921+0000] {processor.py:183} INFO - Processing /opt/airflow/dags/dag_connections_hooks.py took 0.344 seconds
[2026-08-18T12:36:12.085+0000] {processor.py:161} INFO - Started process (PID=3057) to work on /opt/airflow/dags/dag_connections_hooks.py
[2026-08-18T12:36:12.086+0000] {processor.py:830} INFO - Processing file /opt/airflow/dags/dag_connections_hooks.py for tasks to queue
[2026-08-18T12:36:12.088+0000] {logging_mixin.py:188} INFO - [2026-08-18T12:36:12.088+0000] {dagbag.py:538} INFO - Filling up the DagBag from /opt/airflow/dags/dag_connections_hooks.py
[2026-08-18T12:36:12.347+0000] {processor.py:840} INFO - DAG(s) 'jour3_connections_hooks' retrieved from /opt/airflow/dags/dag_connections_hooks.py
[2026-08-18T12:36:12.369+0000] {logging_mixin.py:188} INFO - [2026-08-18T12:36:12.369+0000] {dag.py:3036} INFO - Sync 1 DAGs
[2026-08-18T12:36:12.393+0000] {logging_mixin.py:188} INFO - [2026-08-18T12:36:12.392+0000] {dag.py:3823} INFO - Setting next_dagrun for jour3_connections_hooks to 2026-08-18 00:00:00+00:00, run_after=2026-08-19 00:00:00+00:00
[2026-08-18T12:36:12.451+0000] {processor.py:183} INFO - Processing /opt/airflow/dags/dag_connections_hooks.py took 0.370 seconds
[2026-08-18T12:36:43.073+0000] {processor.py:161} INFO - Started process (PID=3142) to work on /opt/airflow/dags/dag_connections_hooks.py
[2026-08-18T12:36:43.075+0000] {processor.py:830} INFO - Processing file /opt/airflow/dags/dag_connections_hooks.py for tasks to queue
[2026-08-18T12:36:43.077+0000] {logging_mixin.py:188} INFO - [2026-08-18T12:36:43.077+0000] {dagbag.py:538} INFO - Filling up the DagBag from /opt/airflow/dags/dag_connections_hooks.py
[2026-08-18T12:36:43.436+0000] {processor.py:840} INFO - DAG(s) 'jour3_connections_hooks' retrieved from /opt/airflow/dags/dag_connections_hooks.py
[2026-08-18T12:36:43.457+0000] {logging_mixin.py:188} INFO - [2026-08-18T12:36:43.456+0000] {dag.py:3036} INFO - Sync 1 DAGs
[2026-08-18T12:36:43.481+0000] {logging_mixin.py:188} INFO - [2026-08-18T12:36:43.481+0000] {dag.py:3823} INFO - Setting next_dagrun for jour3_connections_hooks to 2026-08-18 00:00:00+00:00, run_after=2026-08-19 00:00:00+00:00
[2026-08-18T12:36:43.615+0000] {processor.py:183} INFO - Processing /opt/airflow/dags/dag_connections_hooks.py took 0.547 seconds
[2026-08-18T12:37:14.544+0000] {processor.py:161} INFO - Started process (PID=3223) to work on /opt/airflow/dags/dag_connections_hooks.py
[2026-08-18T12:37:14.545+0000] {processor.py:830} INFO - Processing file /opt/airflow/dags/dag_connections_hooks.py for tasks to queue
[2026-08-18T12:37:14.547+0000] {logging_mixin.py:188} INFO - [2026-08-18T12:37:14.547+0000] {dagbag.py:538} INFO - Filling up the DagBag from /opt/airflow/dags/dag_connections_hooks.py
[2026-08-18T12:37:14.819+0000] {processor.py:840} INFO - DAG(s) 'jour3_connections_hooks' retrieved from /opt/airflow/dags/dag_connections_hooks.py
[2026-08-18T12:37:14.840+0000] {logging_mixin.py:188} INFO - [2026-08-18T12:37:14.840+0000] {dag.py:3036} INFO - Sync 1 DAGs
[2026-08-18T12:37:14.861+0000] {logging_mixin.py:188} INFO - [2026-08-18T12:37:14.861+0000] {dag.py:3823} INFO - Setting next_dagrun for jour3_connections_hooks to 2026-08-18 00:00:00+00:00, run_after=2026-08-19 00:00:00+00:00
[2026-08-18T12:37:14.883+0000] {processor.py:183} INFO - Processing /opt/airflow/dags/dag_connections_hooks.py took 0.343 seconds
[2026-08-18T12:37:45.699+0000] {processor.py:161} INFO - Started process (PID=3305) to work on /opt/airflow/dags/dag_connections_hooks.py
[2026-08-18T12:37:45.700+0000] {processor.py:830} INFO - Processing file /opt/airflow/dags/dag_connections_hooks.py for tasks to queue
[2026-08-18T12:37:45.702+0000] {logging_mixin.py:188} INFO - [2026-08-18T12:37:45.702+0000] {dagbag.py:538} INFO - Filling up the DagBag from /opt/airflow/dags/dag_connections_hooks.py
[2026-08-18T12:37:45.946+0000] {processor.py:840} INFO - DAG(s) 'jour3_connections_hooks' retrieved from /opt/airflow/dags/dag_connections_hooks.py
[2026-08-18T12:37:45.966+0000] {logging_mixin.py:188} INFO - [2026-08-18T12:37:45.966+0000] {dag.py:3036} INFO - Sync 1 DAGs
[2026-08-18T12:37:45.986+0000] {logging_mixin.py:188} INFO - [2026-08-18T12:37:45.986+0000] {dag.py:3823} INFO - Setting next_dagrun for jour3_connections_hooks to 2026-08-18 00:00:00+00:00, run_after=2026-08-19 00:00:00+00:00
[2026-08-18T12:37:46.008+0000] {processor.py:183} INFO - Processing /opt/airflow/dags/dag_connections_hooks.py took 0.313 seconds
[2026-08-18T12:38:18.178+0000] {processor.py:161} INFO - Started process (PID=3386) to work on /opt/airflow/dags/dag_connections_hooks.py
[2026-08-18T12:38:18.180+0000] {processor.py:830} INFO - Processing file /opt/airflow/dags/dag_connections_hooks.py for tasks to queue
[2026-08-18T12:38:18.186+0000] {logging_mixin.py:188} INFO - [2026-08-18T12:38:18.185+0000] {dagbag.py:538} INFO - Filling up the DagBag from /opt/airflow/dags/dag_connections_hooks.py
[2026-08-18T12:38:19.043+0000] {processor.py:840} INFO - DAG(s) 'jour3_connections_hooks' retrieved from /opt/airflow/dags/dag_connections_hooks.py
[2026-08-18T12:38:19.115+0000] {logging_mixin.py:188} INFO - [2026-08-18T12:38:19.114+0000] {dag.py:3036} INFO - Sync 1 DAGs
[2026-08-18T12:38:19.200+0000] {logging_mixin.py:188} INFO - [2026-08-18T12:38:19.199+0000] {dag.py:3823} INFO - Setting next_dagrun for jour3_connections_hooks to 2026-08-18 00:00:00+00:00, run_after=2026-08-19 00:00:00+00:00
[2026-08-18T12:38:19.322+0000] {processor.py:183} INFO - Processing /opt/airflow/dags/dag_connections_hooks.py took 1.175 seconds
[2026-08-18T12:38:49.739+0000] {processor.py:161} INFO - Started process (PID=3467) to work on /opt/airflow/dags/dag_connections_hooks.py
[2026-08-18T12:38:49.740+0000] {processor.py:830} INFO - Processing file /opt/airflow/dags/dag_connections_hooks.py for tasks to queue
[2026-08-18T12:38:49.742+0000] {logging_mixin.py:188} INFO - [2026-08-18T12:38:49.742+0000] {dagbag.py:538} INFO - Filling up the DagBag from /opt/airflow/dags/dag_connections_hooks.py
[2026-08-18T12:38:49.976+0000] {processor.py:840} INFO - DAG(s) 'jour3_connections_hooks' retrieved from /opt/airflow/dags/dag_connections_hooks.py
[2026-08-18T12:38:50.147+0000] {logging_mixin.py:188} INFO - [2026-08-18T12:38:50.147+0000] {dag.py:3036} INFO - Sync 1 DAGs
[2026-08-18T12:38:50.165+0000] {logging_mixin.py:188} INFO - [2026-08-18T12:38:50.165+0000] {dag.py:3823} INFO - Setting next_dagrun for jour3_connections_hooks to 2026-08-18 00:00:00+00:00, run_after=2026-08-19 00:00:00+00:00
[2026-08-18T12:38:50.184+0000] {processor.py:183} INFO - Processing /opt/airflow/dags/dag_connections_hooks.py took 0.449 seconds
[2026-08-18T12:39:21.120+0000] {processor.py:161} INFO - Started process (PID=3557) to work on /opt/airflow/dags/dag_connections_hooks.py
[2026-08-18T12:39:21.121+0000] {processor.py:830} INFO - Processing file /opt/airflow/dags/dag_connections_hooks.py for tasks to queue
[2026-08-18T12:39:21.123+0000] {logging_mixin.py:188} INFO - [2026-08-18T12:39:21.123+0000] {dagbag.py:538} INFO - Filling up the DagBag from /opt/airflow/dags/dag_connections_hooks.py
[2026-08-18T12:39:21.399+0000] {processor.py:840} INFO - DAG(s) 'jour3_connections_hooks' retrieved from /opt/airflow/dags/dag_connections_hooks.py
[2026-08-18T12:39:21.420+0000] {logging_mixin.py:188} INFO - [2026-08-18T12:39:21.419+0000] {dag.py:3036} INFO - Sync 1 DAGs
[2026-08-18T12:39:21.602+0000] {logging_mixin.py:188} INFO - [2026-08-18T12:39:21.602+0000] {dag.py:3823} INFO - Setting next_dagrun for jour3_connections_hooks to 2026-08-18 00:00:00+00:00, run_after=2026-08-19 00:00:00+00:00
[2026-08-18T12:39:21.624+0000] {processor.py:183} INFO - Processing /opt/airflow/dags/dag_connections_hooks.py took 0.507 seconds
[2026-08-18T12:39:52.074+0000] {processor.py:161} INFO - Started process (PID=3638) to work on /opt/airflow/dags/dag_connections_hooks.py
[2026-08-18T12:39:52.075+0000] {processor.py:830} INFO - Processing file /opt/airflow/dags/dag_connections_hooks.py for tasks to queue
[2026-08-18T12:39:52.077+0000] {logging_mixin.py:188} INFO - [2026-08-18T12:39:52.077+0000] {dagbag.py:538} INFO - Filling up the DagBag from /opt/airflow/dags/dag_connections_hooks.py
[2026-08-18T12:39:52.561+0000] {processor.py:840} INFO - DAG(s) 'jour3_connections_hooks' retrieved from /opt/airflow/dags/dag_connections_hooks.py
[2026-08-18T12:39:52.580+0000] {logging_mixin.py:188} INFO - [2026-08-18T12:39:52.580+0000] {dag.py:3036} INFO - Sync 1 DAGs
[2026-08-18T12:39:52.607+0000] {logging_mixin.py:188} INFO - [2026-08-18T12:39:52.606+0000] {dag.py:3823} INFO - Setting next_dagrun for jour3_connections_hooks to 2026-08-18 00:00:00+00:00, run_after=2026-08-19 00:00:00+00:00
[2026-08-18T12:39:52.628+0000] {processor.py:183} INFO - Processing /opt/airflow/dags/dag_connections_hooks.py took 0.559 seconds
[2026-08-18T12:40:23.187+0000] {processor.py:161} INFO - Started process (PID=3719) to work on /opt/airflow/dags/dag_connections_hooks.py
[2026-08-18T12:40:23.189+0000] {processor.py:830} INFO - Processing file /opt/airflow/dags/dag_connections_hooks.py for tasks to queue
[2026-08-18T12:40:23.191+0000] {logging_mixin.py:188} INFO - [2026-08-18T12:40:23.190+0000] {dagbag.py:538} INFO - Filling up the DagBag from /opt/airflow/dags/dag_connections_hooks.py
[2026-08-18T12:40:23.692+0000] {processor.py:840} INFO - DAG(s) 'jour3_connections_hooks' retrieved from /opt/airflow/dags/dag_connections_hooks.py
[2026-08-18T12:40:23.710+0000] {logging_mixin.py:188} INFO - [2026-08-18T12:40:23.710+0000] {dag.py:3036} INFO - Sync 1 DAGs
[2026-08-18T12:40:23.732+0000] {logging_mixin.py:188} INFO - [2026-08-18T12:40:23.732+0000] {dag.py:3823} INFO - Setting next_dagrun for jour3_connections_hooks to 2026-08-18 00:00:00+00:00, run_after=2026-08-19 00:00:00+00:00
[2026-08-18T12:40:23.753+0000] {processor.py:183} INFO - Processing /opt/airflow/dags/dag_connections_hooks.py took 0.569 seconds
[2026-08-18T12:40:54.045+0000] {processor.py:161} INFO - Started process (PID=3800) to work on /opt/airflow/dags/dag_connections_hooks.py
[2026-08-18T12:40:54.047+0000] {processor.py:830} INFO - Processing file /opt/airflow/dags/dag_connections_hooks.py for tasks to queue
[2026-08-18T12:40:54.049+0000] {logging_mixin.py:188} INFO - [2026-08-18T12:40:54.049+0000] {dagbag.py:538} INFO - Filling up the DagBag from /opt/airflow/dags/dag_connections_hooks.py
[2026-08-18T12:40:54.831+0000] {processor.py:840} INFO - DAG(s) 'jour3_connections_hooks' retrieved from /opt/airflow/dags/dag_connections_hooks.py
[2026-08-18T12:40:54.856+0000] {logging_mixin.py:188} INFO - [2026-08-18T12:40:54.856+0000] {dag.py:3036} INFO - Sync 1 DAGs
[2026-08-18T12:40:54.885+0000] {logging_mixin.py:188} INFO - [2026-08-18T12:40:54.885+0000] {dag.py:3823} INFO - Setting next_dagrun for jour3_connections_hooks to 2026-08-18 00:00:00+00:00, run_after=2026-08-19 00:00:00+00:00
[2026-08-18T12:40:54.912+0000] {processor.py:183} INFO - Processing /opt/airflow/dags/dag_connections_hooks.py took 0.871 seconds
[2026-08-18T12:41:25.044+0000] {processor.py:161} INFO - Started process (PID=3881) to work on /opt/airflow/dags/dag_connections_hooks.py
[2026-08-18T12:41:25.045+0000] {processor.py:830} INFO - Processing file /opt/airflow/dags/dag_connections_hooks.py for tasks to queue
[2026-08-18T12:41:25.047+0000] {logging_mixin.py:188} INFO - [2026-08-18T12:41:25.047+0000] {dagbag.py:538} INFO - Filling up the DagBag from /opt/airflow/dags/dag_connections_hooks.py
[2026-08-18T12:41:25.674+0000] {processor.py:840} INFO - DAG(s) 'jour3_connections_hooks' retrieved from /opt/airflow/dags/dag_connections_hooks.py
[2026-08-18T12:41:25.694+0000] {logging_mixin.py:188} INFO - [2026-08-18T12:41:25.694+0000] {dag.py:3036} INFO - Sync 1 DAGs
[2026-08-18T12:41:25.716+0000] {logging_mixin.py:188} INFO - [2026-08-18T12:41:25.716+0000] {dag.py:3823} INFO - Setting next_dagrun for jour3_connections_hooks to 2026-08-18 00:00:00+00:00, run_after=2026-08-19 00:00:00+00:00
[2026-08-18T12:41:25.747+0000] {processor.py:183} INFO - Processing /opt/airflow/dags/dag_connections_hooks.py took 0.707 seconds
[2026-08-18T12:41:56.418+0000] {processor.py:161} INFO - Started process (PID=3962) to work on /opt/airflow/dags/dag_connections_hooks.py
[2026-08-18T12:41:56.419+0000] {processor.py:830} INFO - Processing file /opt/airflow/dags/dag_connections_hooks.py for tasks to queue
[2026-08-18T12:41:56.422+0000] {logging_mixin.py:188} INFO - [2026-08-18T12:41:56.421+0000] {dagbag.py:538} INFO - Filling up the DagBag from /opt/airflow/dags/dag_connections_hooks.py
[2026-08-18T12:41:56.894+0000] {processor.py:840} INFO - DAG(s) 'jour3_connections_hooks' retrieved from /opt/airflow/dags/dag_connections_hooks.py
[2026-08-18T12:41:56.913+0000] {logging_mixin.py:188} INFO - [2026-08-18T12:41:56.913+0000] {dag.py:3036} INFO - Sync 1 DAGs
[2026-08-18T12:41:56.935+0000] {logging_mixin.py:188} INFO - [2026-08-18T12:41:56.935+0000] {dag.py:3823} INFO - Setting next_dagrun for jour3_connections_hooks to 2026-08-18 00:00:00+00:00, run_after=2026-08-19 00:00:00+00:00
[2026-08-18T12:41:56.956+0000] {processor.py:183} INFO - Processing /opt/airflow/dags/dag_connections_hooks.py took 0.543 seconds
[2026-08-18T12:42:27.139+0000] {processor.py:161} INFO - Started process (PID=4043) to work on /opt/airflow/dags/dag_connections_hooks.py
[2026-08-18T12:42:27.141+0000] {processor.py:830} INFO - Processing file /opt/airflow/dags/dag_connections_hooks.py for tasks to queue
[2026-08-18T12:42:27.143+0000] {logging_mixin.py:188} INFO - [2026-08-18T12:42:27.143+0000] {dagbag.py:538} INFO - Filling up the DagBag from /opt/airflow/dags/dag_connections_hooks.py
[2026-08-18T12:42:27.617+0000] {processor.py:840} INFO - DAG(s) 'jour3_connections_hooks' retrieved from /opt/airflow/dags/dag_connections_hooks.py
[2026-08-18T12:42:27.637+0000] {logging_mixin.py:188} INFO - [2026-08-18T12:42:27.636+0000] {dag.py:3036} INFO - Sync 1 DAGs
[2026-08-18T12:42:27.661+0000] {logging_mixin.py:188} INFO - [2026-08-18T12:42:27.661+0000] {dag.py:3823} INFO - Setting next_dagrun for jour3_connections_hooks to 2026-08-18 00:00:00+00:00, run_after=2026-08-19 00:00:00+00:00
[2026-08-18T12:42:27.685+0000] {processor.py:183} INFO - Processing /opt/airflow/dags/dag_connections_hooks.py took 0.550 seconds
[2026-08-18T12:42:57.932+0000] {processor.py:161} INFO - Started process (PID=4124) to work on /opt/airflow/dags/dag_connections_hooks.py
[2026-08-18T12:42:57.933+0000] {processor.py:830} INFO - Processing file /opt/airflow/dags/dag_connections_hooks.py for tasks to queue
[2026-08-18T12:42:57.935+0000] {logging_mixin.py:188} INFO - [2026-08-18T12:42:57.935+0000] {dagbag.py:538} INFO - Filling up the DagBag from /opt/airflow/dags/dag_connections_hooks.py
[2026-08-18T12:42:58.403+0000] {processor.py:840} INFO - DAG(s) 'jour3_connections_hooks' retrieved from /opt/airflow/dags/dag_connections_hooks.py
[2026-08-18T12:42:58.425+0000] {logging_mixin.py:188} INFO - [2026-08-18T12:42:58.424+0000] {dag.py:3036} INFO - Sync 1 DAGs
[2026-08-18T12:42:58.449+0000] {logging_mixin.py:188} INFO - [2026-08-18T12:42:58.449+0000] {dag.py:3823} INFO - Setting next_dagrun for jour3_connections_hooks to 2026-08-18 00:00:00+00:00, run_after=2026-08-19 00:00:00+00:00
[2026-08-18T12:42:58.469+0000] {processor.py:183} INFO - Processing /opt/airflow/dags/dag_connections_hooks.py took 0.541 seconds
[2026-08-18T12:43:28.536+0000] {processor.py:161} INFO - Started process (PID=4205) to work on /opt/airflow/dags/dag_connections_hooks.py
[2026-08-18T12:43:28.538+0000] {processor.py:830} INFO - Processing file /opt/airflow/dags/dag_connections_hooks.py for tasks to queue
[2026-08-18T12:43:28.541+0000] {logging_mixin.py:188} INFO - [2026-08-18T12:43:28.540+0000] {dagbag.py:538} INFO - Filling up the DagBag from /opt/airflow/dags/dag_connections_hooks.py
