[2026-08-18T12:17:59.759+0000] {processor.py:161} INFO - Started process (PID=64) to work on /opt/airflow/dags/dag_taskflow_intro.py
[2026-08-18T12:17:59.761+0000] {processor.py:830} INFO - Processing file /opt/airflow/dags/dag_taskflow_intro.py for tasks to queue
[2026-08-18T12:17:59.765+0000] {logging_mixin.py:188} INFO - [2026-08-18T12:17:59.764+0000] {dagbag.py:538} INFO - Filling up the DagBag from /opt/airflow/dags/dag_taskflow_intro.py
[2026-08-18T12:18:01.520+0000] {processor.py:840} INFO - DAG(s) 'jour4_taskflow_intro' retrieved from /opt/airflow/dags/dag_taskflow_intro.py
[2026-08-18T12:18:02.427+0000] {logging_mixin.py:188} INFO - [2026-08-18T12:18:02.427+0000] {dag.py:3036} INFO - Sync 1 DAGs
[2026-08-18T12:18:02.481+0000] {logging_mixin.py:188} INFO - [2026-08-18T12:18:02.481+0000] {dag.py:3823} INFO - Setting next_dagrun for jour4_taskflow_intro to 2026-08-17 00:00:00+00:00, run_after=2026-08-18 00:00:00+00:00
[2026-08-18T12:18:02.530+0000] {processor.py:183} INFO - Processing /opt/airflow/dags/dag_taskflow_intro.py took 2.776 seconds
[2026-08-18T12:18:37.278+0000] {processor.py:161} INFO - Started process (PID=202) to work on /opt/airflow/dags/dag_taskflow_intro.py
[2026-08-18T12:18:37.283+0000] {processor.py:830} INFO - Processing file /opt/airflow/dags/dag_taskflow_intro.py for tasks to queue
[2026-08-18T12:18:37.294+0000] {logging_mixin.py:188} INFO - [2026-08-18T12:18:37.294+0000] {dagbag.py:538} INFO - Filling up the DagBag from /opt/airflow/dags/dag_taskflow_intro.py
[2026-08-18T12:18:38.262+0000] {processor.py:840} INFO - DAG(s) 'jour4_taskflow_intro' retrieved from /opt/airflow/dags/dag_taskflow_intro.py
[2026-08-18T12:18:38.297+0000] {logging_mixin.py:188} INFO - [2026-08-18T12:18:38.296+0000] {dag.py:3036} INFO - Sync 1 DAGs
[2026-08-18T12:18:38.337+0000] {logging_mixin.py:188} INFO - [2026-08-18T12:18:38.337+0000] {dag.py:3823} INFO - Setting next_dagrun for jour4_taskflow_intro to 2026-08-18 00:00:00+00:00, run_after=2026-08-19 00:00:00+00:00
[2026-08-18T12:18:38.400+0000] {processor.py:183} INFO - Processing /opt/airflow/dags/dag_taskflow_intro.py took 1.135 seconds
[2026-08-18T12:19:08.768+0000] {processor.py:161} INFO - Started process (PID=294) to work on /opt/airflow/dags/dag_taskflow_intro.py
[2026-08-18T12:19:08.769+0000] {processor.py:830} INFO - Processing file /opt/airflow/dags/dag_taskflow_intro.py for tasks to queue
[2026-08-18T12:19:08.772+0000] {logging_mixin.py:188} INFO - [2026-08-18T12:19:08.771+0000] {dagbag.py:538} INFO - Filling up the DagBag from /opt/airflow/dags/dag_taskflow_intro.py
[2026-08-18T12:19:09.451+0000] {processor.py:840} INFO - DAG(s) 'jour4_taskflow_intro' retrieved from /opt/airflow/dags/dag_taskflow_intro.py
[2026-08-18T12:19:09.477+0000] {logging_mixin.py:188} INFO - [2026-08-18T12:19:09.477+0000] {dag.py:3036} INFO - Sync 1 DAGs
[2026-08-18T12:19:09.512+0000] {logging_mixin.py:188} INFO - [2026-08-18T12:19:09.511+0000] {dag.py:3823} INFO - Setting next_dagrun for jour4_taskflow_intro to 2026-08-18 00:00:00+00:00, run_after=2026-08-19 00:00:00+00:00
[2026-08-18T12:19:09.543+0000] {processor.py:183} INFO - Processing /opt/airflow/dags/dag_taskflow_intro.py took 0.780 seconds
[2026-08-18T12:19:39.811+0000] {processor.py:161} INFO - Started process (PID=373) to work on /opt/airflow/dags/dag_taskflow_intro.py
[2026-08-18T12:19:39.812+0000] {processor.py:830} INFO - Processing file /opt/airflow/dags/dag_taskflow_intro.py for tasks to queue
[2026-08-18T12:19:39.814+0000] {logging_mixin.py:188} INFO - [2026-08-18T12:19:39.814+0000] {dagbag.py:538} INFO - Filling up the DagBag from /opt/airflow/dags/dag_taskflow_intro.py
[2026-08-18T12:19:40.237+0000] {processor.py:840} INFO - DAG(s) 'jour4_taskflow_intro' retrieved from /opt/airflow/dags/dag_taskflow_intro.py
[2026-08-18T12:19:40.311+0000] {logging_mixin.py:188} INFO - [2026-08-18T12:19:40.311+0000] {dag.py:3036} INFO - Sync 1 DAGs
[2026-08-18T12:19:40.329+0000] {logging_mixin.py:188} INFO - [2026-08-18T12:19:40.329+0000] {dag.py:3823} INFO - Setting next_dagrun for jour4_taskflow_intro to 2026-08-18 00:00:00+00:00, run_after=2026-08-19 00:00:00+00:00
[2026-08-18T12:19:40.348+0000] {processor.py:183} INFO - Processing /opt/airflow/dags/dag_taskflow_intro.py took 0.540 seconds
[2026-08-18T12:20:10.645+0000] {processor.py:161} INFO - Started process (PID=452) to work on /opt/airflow/dags/dag_taskflow_intro.py
[2026-08-18T12:20:10.647+0000] {processor.py:830} INFO - Processing file /opt/airflow/dags/dag_taskflow_intro.py for tasks to queue
[2026-08-18T12:20:10.649+0000] {logging_mixin.py:188} INFO - [2026-08-18T12:20:10.649+0000] {dagbag.py:538} INFO - Filling up the DagBag from /opt/airflow/dags/dag_taskflow_intro.py
[2026-08-18T12:20:11.056+0000] {processor.py:840} INFO - DAG(s) 'jour4_taskflow_intro' retrieved from /opt/airflow/dags/dag_taskflow_intro.py
[2026-08-18T12:20:11.072+0000] {logging_mixin.py:188} INFO - [2026-08-18T12:20:11.072+0000] {dag.py:3036} INFO - Sync 1 DAGs
[2026-08-18T12:20:11.095+0000] {logging_mixin.py:188} INFO - [2026-08-18T12:20:11.094+0000] {dag.py:3823} INFO - Setting next_dagrun for jour4_taskflow_intro to 2026-08-18 00:00:00+00:00, run_after=2026-08-19 00:00:00+00:00
[2026-08-18T12:20:11.121+0000] {processor.py:183} INFO - Processing /opt/airflow/dags/dag_taskflow_intro.py took 0.480 seconds
[2026-08-18T12:20:41.895+0000] {processor.py:161} INFO - Started process (PID=535) to work on /opt/airflow/dags/dag_taskflow_intro.py
[2026-08-18T12:20:41.896+0000] {processor.py:830} INFO - Processing file /opt/airflow/dags/dag_taskflow_intro.py for tasks to queue
[2026-08-18T12:20:41.899+0000] {logging_mixin.py:188} INFO - [2026-08-18T12:20:41.898+0000] {dagbag.py:538} INFO - Filling up the DagBag from /opt/airflow/dags/dag_taskflow_intro.py
[2026-08-18T12:20:42.313+0000] {processor.py:840} INFO - DAG(s) 'jour4_taskflow_intro' retrieved from /opt/airflow/dags/dag_taskflow_intro.py
[2026-08-18T12:20:42.332+0000] {logging_mixin.py:188} INFO - [2026-08-18T12:20:42.331+0000] {dag.py:3036} INFO - Sync 1 DAGs
[2026-08-18T12:20:42.351+0000] {logging_mixin.py:188} INFO - [2026-08-18T12:20:42.351+0000] {dag.py:3823} INFO - Setting next_dagrun for jour4_taskflow_intro to 2026-08-18 00:00:00+00:00, run_after=2026-08-19 00:00:00+00:00
[2026-08-18T12:20:42.369+0000] {processor.py:183} INFO - Processing /opt/airflow/dags/dag_taskflow_intro.py took 0.480 seconds
[2026-08-18T12:21:13.195+0000] {processor.py:161} INFO - Started process (PID=614) to work on /opt/airflow/dags/dag_taskflow_intro.py
[2026-08-18T12:21:13.196+0000] {processor.py:830} INFO - Processing file /opt/airflow/dags/dag_taskflow_intro.py for tasks to queue
[2026-08-18T12:21:13.199+0000] {logging_mixin.py:188} INFO - [2026-08-18T12:21:13.198+0000] {dagbag.py:538} INFO - Filling up the DagBag from /opt/airflow/dags/dag_taskflow_intro.py
[2026-08-18T12:21:13.561+0000] {processor.py:840} INFO - DAG(s) 'jour4_taskflow_intro' retrieved from /opt/airflow/dags/dag_taskflow_intro.py
[2026-08-18T12:21:13.583+0000] {logging_mixin.py:188} INFO - [2026-08-18T12:21:13.582+0000] {dag.py:3036} INFO - Sync 1 DAGs
[2026-08-18T12:21:13.603+0000] {logging_mixin.py:188} INFO - [2026-08-18T12:21:13.603+0000] {dag.py:3823} INFO - Setting next_dagrun for jour4_taskflow_intro to 2026-08-18 00:00:00+00:00, run_after=2026-08-19 00:00:00+00:00
[2026-08-18T12:21:13.622+0000] {processor.py:183} INFO - Processing /opt/airflow/dags/dag_taskflow_intro.py took 0.430 seconds
[2026-08-18T12:21:44.589+0000] {processor.py:161} INFO - Started process (PID=693) to work on /opt/airflow/dags/dag_taskflow_intro.py
[2026-08-18T12:21:44.590+0000] {processor.py:830} INFO - Processing file /opt/airflow/dags/dag_taskflow_intro.py for tasks to queue
[2026-08-18T12:21:44.592+0000] {logging_mixin.py:188} INFO - [2026-08-18T12:21:44.592+0000] {dagbag.py:538} INFO - Filling up the DagBag from /opt/airflow/dags/dag_taskflow_intro.py
[2026-08-18T12:21:45.004+0000] {processor.py:840} INFO - DAG(s) 'jour4_taskflow_intro' retrieved from /opt/airflow/dags/dag_taskflow_intro.py
[2026-08-18T12:21:45.022+0000] {logging_mixin.py:188} INFO - [2026-08-18T12:21:45.022+0000] {dag.py:3036} INFO - Sync 1 DAGs
[2026-08-18T12:21:45.042+0000] {logging_mixin.py:188} INFO - [2026-08-18T12:21:45.041+0000] {dag.py:3823} INFO - Setting next_dagrun for jour4_taskflow_intro to 2026-08-18 00:00:00+00:00, run_after=2026-08-19 00:00:00+00:00
[2026-08-18T12:21:45.062+0000] {processor.py:183} INFO - Processing /opt/airflow/dags/dag_taskflow_intro.py took 0.477 seconds
[2026-08-18T12:22:16.001+0000] {processor.py:161} INFO - Started process (PID=772) to work on /opt/airflow/dags/dag_taskflow_intro.py
[2026-08-18T12:22:16.003+0000] {processor.py:830} INFO - Processing file /opt/airflow/dags/dag_taskflow_intro.py for tasks to queue
[2026-08-18T12:22:16.005+0000] {logging_mixin.py:188} INFO - [2026-08-18T12:22:16.005+0000] {dagbag.py:538} INFO - Filling up the DagBag from /opt/airflow/dags/dag_taskflow_intro.py
[2026-08-18T12:22:16.379+0000] {processor.py:840} INFO - DAG(s) 'jour4_taskflow_intro' retrieved from /opt/airflow/dags/dag_taskflow_intro.py
[2026-08-18T12:22:16.396+0000] {logging_mixin.py:188} INFO - [2026-08-18T12:22:16.396+0000] {dag.py:3036} INFO - Sync 1 DAGs
[2026-08-18T12:22:16.416+0000] {logging_mixin.py:188} INFO - [2026-08-18T12:22:16.416+0000] {dag.py:3823} INFO - Setting next_dagrun for jour4_taskflow_intro to 2026-08-18 00:00:00+00:00, run_after=2026-08-19 00:00:00+00:00
[2026-08-18T12:22:16.436+0000] {processor.py:183} INFO - Processing /opt/airflow/dags/dag_taskflow_intro.py took 0.439 seconds
[2026-08-18T12:22:47.246+0000] {processor.py:161} INFO - Started process (PID=851) to work on /opt/airflow/dags/dag_taskflow_intro.py
[2026-08-18T12:22:47.247+0000] {processor.py:830} INFO - Processing file /opt/airflow/dags/dag_taskflow_intro.py for tasks to queue
[2026-08-18T12:22:47.251+0000] {logging_mixin.py:188} INFO - [2026-08-18T12:22:47.251+0000] {dagbag.py:538} INFO - Filling up the DagBag from /opt/airflow/dags/dag_taskflow_intro.py
[2026-08-18T12:22:47.724+0000] {processor.py:840} INFO - DAG(s) 'jour4_taskflow_intro' retrieved from /opt/airflow/dags/dag_taskflow_intro.py
[2026-08-18T12:22:47.751+0000] {logging_mixin.py:188} INFO - [2026-08-18T12:22:47.750+0000] {dag.py:3036} INFO - Sync 1 DAGs
[2026-08-18T12:22:47.779+0000] {logging_mixin.py:188} INFO - [2026-08-18T12:22:47.779+0000] {dag.py:3823} INFO - Setting next_dagrun for jour4_taskflow_intro to 2026-08-18 00:00:00+00:00, run_after=2026-08-19 00:00:00+00:00
[2026-08-18T12:22:47.810+0000] {processor.py:183} INFO - Processing /opt/airflow/dags/dag_taskflow_intro.py took 0.568 seconds
[2026-08-18T12:23:18.681+0000] {processor.py:161} INFO - Started process (PID=932) to work on /opt/airflow/dags/dag_taskflow_intro.py
[2026-08-18T12:23:18.683+0000] {processor.py:830} INFO - Processing file /opt/airflow/dags/dag_taskflow_intro.py for tasks to queue
[2026-08-18T12:23:18.685+0000] {logging_mixin.py:188} INFO - [2026-08-18T12:23:18.685+0000] {dagbag.py:538} INFO - Filling up the DagBag from /opt/airflow/dags/dag_taskflow_intro.py
[2026-08-18T12:23:19.122+0000] {processor.py:840} INFO - DAG(s) 'jour4_taskflow_intro' retrieved from /opt/airflow/dags/dag_taskflow_intro.py
[2026-08-18T12:23:19.133+0000] {logging_mixin.py:188} INFO - [2026-08-18T12:23:19.132+0000] {dag.py:3036} INFO - Sync 1 DAGs
[2026-08-18T12:23:19.161+0000] {logging_mixin.py:188} INFO - [2026-08-18T12:23:19.160+0000] {dag.py:3823} INFO - Setting next_dagrun for jour4_taskflow_intro to 2026-08-18 00:00:00+00:00, run_after=2026-08-19 00:00:00+00:00
[2026-08-18T12:23:19.183+0000] {processor.py:183} INFO - Processing /opt/airflow/dags/dag_taskflow_intro.py took 0.505 seconds
[2026-08-18T12:23:49.643+0000] {processor.py:161} INFO - Started process (PID=1013) to work on /opt/airflow/dags/dag_taskflow_intro.py
[2026-08-18T12:23:49.645+0000] {processor.py:830} INFO - Processing file /opt/airflow/dags/dag_taskflow_intro.py for tasks to queue
[2026-08-18T12:23:49.647+0000] {logging_mixin.py:188} INFO - [2026-08-18T12:23:49.647+0000] {dagbag.py:538} INFO - Filling up the DagBag from /opt/airflow/dags/dag_taskflow_intro.py
[2026-08-18T12:23:50.011+0000] {processor.py:840} INFO - DAG(s) 'jour4_taskflow_intro' retrieved from /opt/airflow/dags/dag_taskflow_intro.py
[2026-08-18T12:23:50.109+0000] {logging_mixin.py:188} INFO - [2026-08-18T12:23:50.108+0000] {dag.py:3036} INFO - Sync 1 DAGs
[2026-08-18T12:23:50.140+0000] {logging_mixin.py:188} INFO - [2026-08-18T12:23:50.140+0000] {dag.py:3823} INFO - Setting next_dagrun for jour4_taskflow_intro to 2026-08-18 00:00:00+00:00, run_after=2026-08-19 00:00:00+00:00
[2026-08-18T12:23:50.177+0000] {processor.py:183} INFO - Processing /opt/airflow/dags/dag_taskflow_intro.py took 0.538 seconds
[2026-08-18T12:24:20.261+0000] {processor.py:161} INFO - Started process (PID=1094) to work on /opt/airflow/dags/dag_taskflow_intro.py
[2026-08-18T12:24:20.262+0000] {processor.py:830} INFO - Processing file /opt/airflow/dags/dag_taskflow_intro.py for tasks to queue
[2026-08-18T12:24:20.264+0000] {logging_mixin.py:188} INFO - [2026-08-18T12:24:20.264+0000] {dagbag.py:538} INFO - Filling up the DagBag from /opt/airflow/dags/dag_taskflow_intro.py
[2026-08-18T12:24:20.616+0000] {processor.py:840} INFO - DAG(s) 'jour4_taskflow_intro' retrieved from /opt/airflow/dags/dag_taskflow_intro.py
[2026-08-18T12:24:20.631+0000] {logging_mixin.py:188} INFO - [2026-08-18T12:24:20.630+0000] {dag.py:3036} INFO - Sync 1 DAGs
[2026-08-18T12:24:20.647+0000] {logging_mixin.py:188} INFO - [2026-08-18T12:24:20.647+0000] {dag.py:3823} INFO - Setting next_dagrun for jour4_taskflow_intro to 2026-08-18 00:00:00+00:00, run_after=2026-08-19 00:00:00+00:00
[2026-08-18T12:24:20.665+0000] {processor.py:183} INFO - Processing /opt/airflow/dags/dag_taskflow_intro.py took 0.408 seconds
[2026-08-18T12:24:51.387+0000] {processor.py:161} INFO - Started process (PID=1175) to work on /opt/airflow/dags/dag_taskflow_intro.py
[2026-08-18T12:24:51.389+0000] {processor.py:830} INFO - Processing file /opt/airflow/dags/dag_taskflow_intro.py for tasks to queue
[2026-08-18T12:24:51.391+0000] {logging_mixin.py:188} INFO - [2026-08-18T12:24:51.390+0000] {dagbag.py:538} INFO - Filling up the DagBag from /opt/airflow/dags/dag_taskflow_intro.py
[2026-08-18T12:24:51.795+0000] {processor.py:840} INFO - DAG(s) 'jour4_taskflow_intro' retrieved from /opt/airflow/dags/dag_taskflow_intro.py
[2026-08-18T12:24:51.815+0000] {logging_mixin.py:188} INFO - [2026-08-18T12:24:51.815+0000] {dag.py:3036} INFO - Sync 1 DAGs
[2026-08-18T12:24:51.837+0000] {logging_mixin.py:188} INFO - [2026-08-18T12:24:51.837+0000] {dag.py:3823} INFO - Setting next_dagrun for jour4_taskflow_intro to 2026-08-18 00:00:00+00:00, run_after=2026-08-19 00:00:00+00:00
[2026-08-18T12:24:51.862+0000] {processor.py:183} INFO - Processing /opt/airflow/dags/dag_taskflow_intro.py took 0.478 seconds
[2026-08-18T12:25:22.426+0000] {processor.py:161} INFO - Started process (PID=1257) to work on /opt/airflow/dags/dag_taskflow_intro.py
[2026-08-18T12:25:22.427+0000] {processor.py:830} INFO - Processing file /opt/airflow/dags/dag_taskflow_intro.py for tasks to queue
[2026-08-18T12:25:22.430+0000] {logging_mixin.py:188} INFO - [2026-08-18T12:25:22.429+0000] {dagbag.py:538} INFO - Filling up the DagBag from /opt/airflow/dags/dag_taskflow_intro.py
[2026-08-18T12:25:22.818+0000] {processor.py:840} INFO - DAG(s) 'jour4_taskflow_intro' retrieved from /opt/airflow/dags/dag_taskflow_intro.py
[2026-08-18T12:25:22.836+0000] {logging_mixin.py:188} INFO - [2026-08-18T12:25:22.836+0000] {dag.py:3036} INFO - Sync 1 DAGs
[2026-08-18T12:25:22.855+0000] {logging_mixin.py:188} INFO - [2026-08-18T12:25:22.855+0000] {dag.py:3823} INFO - Setting next_dagrun for jour4_taskflow_intro to 2026-08-18 00:00:00+00:00, run_after=2026-08-19 00:00:00+00:00
[2026-08-18T12:25:22.874+0000] {processor.py:183} INFO - Processing /opt/airflow/dags/dag_taskflow_intro.py took 0.452 seconds
[2026-08-18T12:25:53.586+0000] {processor.py:161} INFO - Started process (PID=1358) to work on /opt/airflow/dags/dag_taskflow_intro.py
[2026-08-18T12:25:53.587+0000] {processor.py:830} INFO - Processing file /opt/airflow/dags/dag_taskflow_intro.py for tasks to queue
[2026-08-18T12:25:53.589+0000] {logging_mixin.py:188} INFO - [2026-08-18T12:25:53.589+0000] {dagbag.py:538} INFO - Filling up the DagBag from /opt/airflow/dags/dag_taskflow_intro.py
[2026-08-18T12:25:54.002+0000] {processor.py:840} INFO - DAG(s) 'jour4_taskflow_intro' retrieved from /opt/airflow/dags/dag_taskflow_intro.py
[2026-08-18T12:25:54.019+0000] {logging_mixin.py:188} INFO - [2026-08-18T12:25:54.019+0000] {dag.py:3036} INFO - Sync 1 DAGs
[2026-08-18T12:25:54.040+0000] {logging_mixin.py:188} INFO - [2026-08-18T12:25:54.040+0000] {dag.py:3823} INFO - Setting next_dagrun for jour4_taskflow_intro to 2026-08-18 00:00:00+00:00, run_after=2026-08-19 00:00:00+00:00
[2026-08-18T12:25:54.060+0000] {processor.py:183} INFO - Processing /opt/airflow/dags/dag_taskflow_intro.py took 0.478 seconds
[2026-08-18T12:26:24.406+0000] {processor.py:161} INFO - Started process (PID=1439) to work on /opt/airflow/dags/dag_taskflow_intro.py
[2026-08-18T12:26:24.408+0000] {processor.py:830} INFO - Processing file /opt/airflow/dags/dag_taskflow_intro.py for tasks to queue
[2026-08-18T12:26:24.410+0000] {logging_mixin.py:188} INFO - [2026-08-18T12:26:24.410+0000] {dagbag.py:538} INFO - Filling up the DagBag from /opt/airflow/dags/dag_taskflow_intro.py
[2026-08-18T12:26:24.777+0000] {processor.py:840} INFO - DAG(s) 'jour4_taskflow_intro' retrieved from /opt/airflow/dags/dag_taskflow_intro.py
[2026-08-18T12:26:24.795+0000] {logging_mixin.py:188} INFO - [2026-08-18T12:26:24.794+0000] {dag.py:3036} INFO - Sync 1 DAGs
[2026-08-18T12:26:24.817+0000] {logging_mixin.py:188} INFO - [2026-08-18T12:26:24.817+0000] {dag.py:3823} INFO - Setting next_dagrun for jour4_taskflow_intro to 2026-08-18 00:00:00+00:00, run_after=2026-08-19 00:00:00+00:00
[2026-08-18T12:26:24.837+0000] {processor.py:183} INFO - Processing /opt/airflow/dags/dag_taskflow_intro.py took 0.435 seconds
[2026-08-18T12:26:55.287+0000] {processor.py:161} INFO - Started process (PID=1525) to work on /opt/airflow/dags/dag_taskflow_intro.py
[2026-08-18T12:26:55.289+0000] {processor.py:830} INFO - Processing file /opt/airflow/dags/dag_taskflow_intro.py for tasks to queue
[2026-08-18T12:26:55.292+0000] {logging_mixin.py:188} INFO - [2026-08-18T12:26:55.292+0000] {dagbag.py:538} INFO - Filling up the DagBag from /opt/airflow/dags/dag_taskflow_intro.py
[2026-08-18T12:26:55.664+0000] {processor.py:840} INFO - DAG(s) 'jour4_taskflow_intro' retrieved from /opt/airflow/dags/dag_taskflow_intro.py
[2026-08-18T12:26:55.680+0000] {logging_mixin.py:188} INFO - [2026-08-18T12:26:55.680+0000] {dag.py:3036} INFO - Sync 1 DAGs
[2026-08-18T12:26:55.698+0000] {logging_mixin.py:188} INFO - [2026-08-18T12:26:55.698+0000] {dag.py:3823} INFO - Setting next_dagrun for jour4_taskflow_intro to 2026-08-18 00:00:00+00:00, run_after=2026-08-19 00:00:00+00:00
[2026-08-18T12:26:55.715+0000] {processor.py:183} INFO - Processing /opt/airflow/dags/dag_taskflow_intro.py took 0.434 seconds
[2026-08-18T12:27:26.293+0000] {processor.py:161} INFO - Started process (PID=1606) to work on /opt/airflow/dags/dag_taskflow_intro.py
[2026-08-18T12:27:26.294+0000] {processor.py:830} INFO - Processing file /opt/airflow/dags/dag_taskflow_intro.py for tasks to queue
[2026-08-18T12:27:26.296+0000] {logging_mixin.py:188} INFO - [2026-08-18T12:27:26.296+0000] {dagbag.py:538} INFO - Filling up the DagBag from /opt/airflow/dags/dag_taskflow_intro.py
[2026-08-18T12:27:26.530+0000] {processor.py:840} INFO - DAG(s) 'jour4_taskflow_intro' retrieved from /opt/airflow/dags/dag_taskflow_intro.py
[2026-08-18T12:27:26.549+0000] {logging_mixin.py:188} INFO - [2026-08-18T12:27:26.549+0000] {dag.py:3036} INFO - Sync 1 DAGs
[2026-08-18T12:27:26.569+0000] {logging_mixin.py:188} INFO - [2026-08-18T12:27:26.568+0000] {dag.py:3823} INFO - Setting next_dagrun for jour4_taskflow_intro to 2026-08-18 00:00:00+00:00, run_after=2026-08-19 00:00:00+00:00
[2026-08-18T12:27:26.588+0000] {processor.py:183} INFO - Processing /opt/airflow/dags/dag_taskflow_intro.py took 0.300 seconds
[2026-08-18T12:27:57.051+0000] {processor.py:161} INFO - Started process (PID=1687) to work on /opt/airflow/dags/dag_taskflow_intro.py
[2026-08-18T12:27:57.053+0000] {processor.py:830} INFO - Processing file /opt/airflow/dags/dag_taskflow_intro.py for tasks to queue
[2026-08-18T12:27:57.054+0000] {logging_mixin.py:188} INFO - [2026-08-18T12:27:57.054+0000] {dagbag.py:538} INFO - Filling up the DagBag from /opt/airflow/dags/dag_taskflow_intro.py
[2026-08-18T12:27:57.337+0000] {processor.py:840} INFO - DAG(s) 'jour4_taskflow_intro' retrieved from /opt/airflow/dags/dag_taskflow_intro.py
[2026-08-18T12:27:57.356+0000] {logging_mixin.py:188} INFO - [2026-08-18T12:27:57.355+0000] {dag.py:3036} INFO - Sync 1 DAGs
[2026-08-18T12:27:57.376+0000] {logging_mixin.py:188} INFO - [2026-08-18T12:27:57.376+0000] {dag.py:3823} INFO - Setting next_dagrun for jour4_taskflow_intro to 2026-08-18 00:00:00+00:00, run_after=2026-08-19 00:00:00+00:00
[2026-08-18T12:27:57.397+0000] {processor.py:183} INFO - Processing /opt/airflow/dags/dag_taskflow_intro.py took 0.349 seconds
[2026-08-18T12:28:27.773+0000] {processor.py:161} INFO - Started process (PID=1773) to work on /opt/airflow/dags/dag_taskflow_intro.py
[2026-08-18T12:28:27.774+0000] {processor.py:830} INFO - Processing file /opt/airflow/dags/dag_taskflow_intro.py for tasks to queue
[2026-08-18T12:28:27.776+0000] {logging_mixin.py:188} INFO - [2026-08-18T12:28:27.776+0000] {dagbag.py:538} INFO - Filling up the DagBag from /opt/airflow/dags/dag_taskflow_intro.py
[2026-08-18T12:28:28.055+0000] {processor.py:840} INFO - DAG(s) 'jour4_taskflow_intro' retrieved from /opt/airflow/dags/dag_taskflow_intro.py
[2026-08-18T12:28:28.078+0000] {logging_mixin.py:188} INFO - [2026-08-18T12:28:28.078+0000] {dag.py:3036} INFO - Sync 1 DAGs
[2026-08-18T12:28:28.102+0000] {logging_mixin.py:188} INFO - [2026-08-18T12:28:28.101+0000] {dag.py:3823} INFO - Setting next_dagrun for jour4_taskflow_intro to 2026-08-18 00:00:00+00:00, run_after=2026-08-19 00:00:00+00:00
[2026-08-18T12:28:28.124+0000] {processor.py:183} INFO - Processing /opt/airflow/dags/dag_taskflow_intro.py took 0.355 seconds
[2026-08-18T12:28:58.901+0000] {processor.py:161} INFO - Started process (PID=1854) to work on /opt/airflow/dags/dag_taskflow_intro.py
[2026-08-18T12:28:58.903+0000] {processor.py:830} INFO - Processing file /opt/airflow/dags/dag_taskflow_intro.py for tasks to queue
[2026-08-18T12:28:58.905+0000] {logging_mixin.py:188} INFO - [2026-08-18T12:28:58.904+0000] {dagbag.py:538} INFO - Filling up the DagBag from /opt/airflow/dags/dag_taskflow_intro.py
[2026-08-18T12:28:59.134+0000] {processor.py:840} INFO - DAG(s) 'jour4_taskflow_intro' retrieved from /opt/airflow/dags/dag_taskflow_intro.py
[2026-08-18T12:28:59.154+0000] {logging_mixin.py:188} INFO - [2026-08-18T12:28:59.153+0000] {dag.py:3036} INFO - Sync 1 DAGs
[2026-08-18T12:28:59.176+0000] {logging_mixin.py:188} INFO - [2026-08-18T12:28:59.175+0000] {dag.py:3823} INFO - Setting next_dagrun for jour4_taskflow_intro to 2026-08-18 00:00:00+00:00, run_after=2026-08-19 00:00:00+00:00
[2026-08-18T12:28:59.194+0000] {processor.py:183} INFO - Processing /opt/airflow/dags/dag_taskflow_intro.py took 0.296 seconds
[2026-08-18T12:29:29.891+0000] {processor.py:161} INFO - Started process (PID=1935) to work on /opt/airflow/dags/dag_taskflow_intro.py
[2026-08-18T12:29:29.892+0000] {processor.py:830} INFO - Processing file /opt/airflow/dags/dag_taskflow_intro.py for tasks to queue
[2026-08-18T12:29:29.894+0000] {logging_mixin.py:188} INFO - [2026-08-18T12:29:29.893+0000] {dagbag.py:538} INFO - Filling up the DagBag from /opt/airflow/dags/dag_taskflow_intro.py
[2026-08-18T12:29:30.201+0000] {processor.py:840} INFO - DAG(s) 'jour4_taskflow_intro' retrieved from /opt/airflow/dags/dag_taskflow_intro.py
[2026-08-18T12:29:30.228+0000] {logging_mixin.py:188} INFO - [2026-08-18T12:29:30.227+0000] {dag.py:3036} INFO - Sync 1 DAGs
[2026-08-18T12:29:30.254+0000] {logging_mixin.py:188} INFO - [2026-08-18T12:29:30.253+0000] {dag.py:3823} INFO - Setting next_dagrun for jour4_taskflow_intro to 2026-08-18 00:00:00+00:00, run_after=2026-08-19 00:00:00+00:00
[2026-08-18T12:29:30.279+0000] {processor.py:183} INFO - Processing /opt/airflow/dags/dag_taskflow_intro.py took 0.392 seconds
[2026-08-18T12:30:00.630+0000] {processor.py:161} INFO - Started process (PID=2016) to work on /opt/airflow/dags/dag_taskflow_intro.py
[2026-08-18T12:30:00.631+0000] {processor.py:830} INFO - Processing file /opt/airflow/dags/dag_taskflow_intro.py for tasks to queue
[2026-08-18T12:30:00.633+0000] {logging_mixin.py:188} INFO - [2026-08-18T12:30:00.633+0000] {dagbag.py:538} INFO - Filling up the DagBag from /opt/airflow/dags/dag_taskflow_intro.py
[2026-08-18T12:30:00.912+0000] {processor.py:840} INFO - DAG(s) 'jour4_taskflow_intro' retrieved from /opt/airflow/dags/dag_taskflow_intro.py
[2026-08-18T12:30:00.933+0000] {logging_mixin.py:188} INFO - [2026-08-18T12:30:00.933+0000] {dag.py:3036} INFO - Sync 1 DAGs
[2026-08-18T12:30:00.953+0000] {logging_mixin.py:188} INFO - [2026-08-18T12:30:00.953+0000] {dag.py:3823} INFO - Setting next_dagrun for jour4_taskflow_intro to 2026-08-18 00:00:00+00:00, run_after=2026-08-19 00:00:00+00:00
[2026-08-18T12:30:00.974+0000] {processor.py:183} INFO - Processing /opt/airflow/dags/dag_taskflow_intro.py took 0.348 seconds
[2026-08-18T12:30:31.212+0000] {processor.py:161} INFO - Started process (PID=2097) to work on /opt/airflow/dags/dag_taskflow_intro.py
[2026-08-18T12:30:31.213+0000] {processor.py:830} INFO - Processing file /opt/airflow/dags/dag_taskflow_intro.py for tasks to queue
[2026-08-18T12:30:31.215+0000] {logging_mixin.py:188} INFO - [2026-08-18T12:30:31.215+0000] {dagbag.py:538} INFO - Filling up the DagBag from /opt/airflow/dags/dag_taskflow_intro.py
[2026-08-18T12:30:31.515+0000] {processor.py:840} INFO - DAG(s) 'jour4_taskflow_intro' retrieved from /opt/airflow/dags/dag_taskflow_intro.py
[2026-08-18T12:30:31.539+0000] {logging_mixin.py:188} INFO - [2026-08-18T12:30:31.539+0000] {dag.py:3036} INFO - Sync 1 DAGs
[2026-08-18T12:30:31.571+0000] {logging_mixin.py:188} INFO - [2026-08-18T12:30:31.571+0000] {dag.py:3823} INFO - Setting next_dagrun for jour4_taskflow_intro to 2026-08-18 00:00:00+00:00, run_after=2026-08-19 00:00:00+00:00
[2026-08-18T12:30:31.596+0000] {processor.py:183} INFO - Processing /opt/airflow/dags/dag_taskflow_intro.py took 0.388 seconds
[2026-08-18T12:31:02.534+0000] {processor.py:161} INFO - Started process (PID=2178) to work on /opt/airflow/dags/dag_taskflow_intro.py
[2026-08-18T12:31:02.536+0000] {processor.py:830} INFO - Processing file /opt/airflow/dags/dag_taskflow_intro.py for tasks to queue
[2026-08-18T12:31:02.538+0000] {logging_mixin.py:188} INFO - [2026-08-18T12:31:02.537+0000] {dagbag.py:538} INFO - Filling up the DagBag from /opt/airflow/dags/dag_taskflow_intro.py
[2026-08-18T12:31:02.775+0000] {processor.py:840} INFO - DAG(s) 'jour4_taskflow_intro' retrieved from /opt/airflow/dags/dag_taskflow_intro.py
[2026-08-18T12:31:02.794+0000] {logging_mixin.py:188} INFO - [2026-08-18T12:31:02.793+0000] {dag.py:3036} INFO - Sync 1 DAGs
[2026-08-18T12:31:02.814+0000] {logging_mixin.py:188} INFO - [2026-08-18T12:31:02.814+0000] {dag.py:3823} INFO - Setting next_dagrun for jour4_taskflow_intro to 2026-08-18 00:00:00+00:00, run_after=2026-08-19 00:00:00+00:00
[2026-08-18T12:31:02.833+0000] {processor.py:183} INFO - Processing /opt/airflow/dags/dag_taskflow_intro.py took 0.302 seconds
[2026-08-18T12:31:33.836+0000] {processor.py:161} INFO - Started process (PID=2265) to work on /opt/airflow/dags/dag_taskflow_intro.py
[2026-08-18T12:31:33.838+0000] {processor.py:830} INFO - Processing file /opt/airflow/dags/dag_taskflow_intro.py for tasks to queue
[2026-08-18T12:31:33.841+0000] {logging_mixin.py:188} INFO - [2026-08-18T12:31:33.841+0000] {dagbag.py:538} INFO - Filling up the DagBag from /opt/airflow/dags/dag_taskflow_intro.py
[2026-08-18T12:31:34.205+0000] {processor.py:840} INFO - DAG(s) 'jour4_taskflow_intro' retrieved from /opt/airflow/dags/dag_taskflow_intro.py
[2026-08-18T12:31:34.239+0000] {logging_mixin.py:188} INFO - [2026-08-18T12:31:34.239+0000] {dag.py:3036} INFO - Sync 1 DAGs
[2026-08-18T12:31:34.279+0000] {logging_mixin.py:188} INFO - [2026-08-18T12:31:34.279+0000] {dag.py:3823} INFO - Setting next_dagrun for jour4_taskflow_intro to 2026-08-18 00:00:00+00:00, run_after=2026-08-19 00:00:00+00:00
[2026-08-18T12:31:34.310+0000] {processor.py:183} INFO - Processing /opt/airflow/dags/dag_taskflow_intro.py took 0.479 seconds
[2026-08-18T12:32:04.614+0000] {processor.py:161} INFO - Started process (PID=2346) to work on /opt/airflow/dags/dag_taskflow_intro.py
[2026-08-18T12:32:04.615+0000] {processor.py:830} INFO - Processing file /opt/airflow/dags/dag_taskflow_intro.py for tasks to queue
[2026-08-18T12:32:04.618+0000] {logging_mixin.py:188} INFO - [2026-08-18T12:32:04.617+0000] {dagbag.py:538} INFO - Filling up the DagBag from /opt/airflow/dags/dag_taskflow_intro.py
[2026-08-18T12:32:04.957+0000] {processor.py:840} INFO - DAG(s) 'jour4_taskflow_intro' retrieved from /opt/airflow/dags/dag_taskflow_intro.py
[2026-08-18T12:32:04.981+0000] {logging_mixin.py:188} INFO - [2026-08-18T12:32:04.980+0000] {dag.py:3036} INFO - Sync 1 DAGs
[2026-08-18T12:32:05.007+0000] {logging_mixin.py:188} INFO - [2026-08-18T12:32:05.007+0000] {dag.py:3823} INFO - Setting next_dagrun for jour4_taskflow_intro to 2026-08-18 00:00:00+00:00, run_after=2026-08-19 00:00:00+00:00
[2026-08-18T12:32:05.033+0000] {processor.py:183} INFO - Processing /opt/airflow/dags/dag_taskflow_intro.py took 0.424 seconds
[2026-08-18T12:32:35.772+0000] {processor.py:161} INFO - Started process (PID=2429) to work on /opt/airflow/dags/dag_taskflow_intro.py
[2026-08-18T12:32:35.773+0000] {processor.py:830} INFO - Processing file /opt/airflow/dags/dag_taskflow_intro.py for tasks to queue
[2026-08-18T12:32:35.775+0000] {logging_mixin.py:188} INFO - [2026-08-18T12:32:35.775+0000] {dagbag.py:538} INFO - Filling up the DagBag from /opt/airflow/dags/dag_taskflow_intro.py
[2026-08-18T12:32:36.025+0000] {processor.py:840} INFO - DAG(s) 'jour4_taskflow_intro' retrieved from /opt/airflow/dags/dag_taskflow_intro.py
[2026-08-18T12:32:36.045+0000] {logging_mixin.py:188} INFO - [2026-08-18T12:32:36.045+0000] {dag.py:3036} INFO - Sync 1 DAGs
[2026-08-18T12:32:36.067+0000] {logging_mixin.py:188} INFO - [2026-08-18T12:32:36.067+0000] {dag.py:3823} INFO - Setting next_dagrun for jour4_taskflow_intro to 2026-08-18 00:00:00+00:00, run_after=2026-08-19 00:00:00+00:00
[2026-08-18T12:32:36.087+0000] {processor.py:183} INFO - Processing /opt/airflow/dags/dag_taskflow_intro.py took 0.319 seconds
[2026-08-18T12:33:06.640+0000] {processor.py:161} INFO - Started process (PID=2519) to work on /opt/airflow/dags/dag_taskflow_intro.py
[2026-08-18T12:33:06.642+0000] {processor.py:830} INFO - Processing file /opt/airflow/dags/dag_taskflow_intro.py for tasks to queue
[2026-08-18T12:33:06.645+0000] {logging_mixin.py:188} INFO - [2026-08-18T12:33:06.644+0000] {dagbag.py:538} INFO - Filling up the DagBag from /opt/airflow/dags/dag_taskflow_intro.py
[2026-08-18T12:33:06.919+0000] {processor.py:840} INFO - DAG(s) 'jour4_taskflow_intro' retrieved from /opt/airflow/dags/dag_taskflow_intro.py
[2026-08-18T12:33:06.939+0000] {logging_mixin.py:188} INFO - [2026-08-18T12:33:06.938+0000] {dag.py:3036} INFO - Sync 1 DAGs
[2026-08-18T12:33:06.961+0000] {logging_mixin.py:188} INFO - [2026-08-18T12:33:06.960+0000] {dag.py:3823} INFO - Setting next_dagrun for jour4_taskflow_intro to 2026-08-18 00:00:00+00:00, run_after=2026-08-19 00:00:00+00:00
[2026-08-18T12:33:06.984+0000] {processor.py:183} INFO - Processing /opt/airflow/dags/dag_taskflow_intro.py took 0.348 seconds
[2026-08-18T12:33:37.213+0000] {processor.py:161} INFO - Started process (PID=2610) to work on /opt/airflow/dags/dag_taskflow_intro.py
[2026-08-18T12:33:37.214+0000] {processor.py:830} INFO - Processing file /opt/airflow/dags/dag_taskflow_intro.py for tasks to queue
[2026-08-18T12:33:37.216+0000] {logging_mixin.py:188} INFO - [2026-08-18T12:33:37.216+0000] {dagbag.py:538} INFO - Filling up the DagBag from /opt/airflow/dags/dag_taskflow_intro.py
[2026-08-18T12:33:37.448+0000] {processor.py:840} INFO - DAG(s) 'jour4_taskflow_intro' retrieved from /opt/airflow/dags/dag_taskflow_intro.py
[2026-08-18T12:33:37.468+0000] {logging_mixin.py:188} INFO - [2026-08-18T12:33:37.467+0000] {dag.py:3036} INFO - Sync 1 DAGs
[2026-08-18T12:33:37.487+0000] {logging_mixin.py:188} INFO - [2026-08-18T12:33:37.487+0000] {dag.py:3823} INFO - Setting next_dagrun for jour4_taskflow_intro to 2026-08-18 00:00:00+00:00, run_after=2026-08-19 00:00:00+00:00
[2026-08-18T12:33:37.506+0000] {processor.py:183} INFO - Processing /opt/airflow/dags/dag_taskflow_intro.py took 0.297 seconds
[2026-08-18T12:34:07.943+0000] {processor.py:161} INFO - Started process (PID=2700) to work on /opt/airflow/dags/dag_taskflow_intro.py
[2026-08-18T12:34:07.944+0000] {processor.py:830} INFO - Processing file /opt/airflow/dags/dag_taskflow_intro.py for tasks to queue
[2026-08-18T12:34:07.946+0000] {logging_mixin.py:188} INFO - [2026-08-18T12:34:07.946+0000] {dagbag.py:538} INFO - Filling up the DagBag from /opt/airflow/dags/dag_taskflow_intro.py
[2026-08-18T12:34:08.198+0000] {processor.py:840} INFO - DAG(s) 'jour4_taskflow_intro' retrieved from /opt/airflow/dags/dag_taskflow_intro.py
[2026-08-18T12:34:08.281+0000] {logging_mixin.py:188} INFO - [2026-08-18T12:34:08.281+0000] {dag.py:3036} INFO - Sync 1 DAGs
[2026-08-18T12:34:08.300+0000] {logging_mixin.py:188} INFO - [2026-08-18T12:34:08.300+0000] {dag.py:3823} INFO - Setting next_dagrun for jour4_taskflow_intro to 2026-08-18 00:00:00+00:00, run_after=2026-08-19 00:00:00+00:00
[2026-08-18T12:34:08.323+0000] {processor.py:183} INFO - Processing /opt/airflow/dags/dag_taskflow_intro.py took 0.384 seconds
[2026-08-18T12:34:38.579+0000] {processor.py:161} INFO - Started process (PID=2790) to work on /opt/airflow/dags/dag_taskflow_intro.py
[2026-08-18T12:34:38.581+0000] {processor.py:830} INFO - Processing file /opt/airflow/dags/dag_taskflow_intro.py for tasks to queue
[2026-08-18T12:34:38.583+0000] {logging_mixin.py:188} INFO - [2026-08-18T12:34:38.582+0000] {dagbag.py:538} INFO - Filling up the DagBag from /opt/airflow/dags/dag_taskflow_intro.py
[2026-08-18T12:34:38.823+0000] {processor.py:840} INFO - DAG(s) 'jour4_taskflow_intro' retrieved from /opt/airflow/dags/dag_taskflow_intro.py
[2026-08-18T12:34:38.844+0000] {logging_mixin.py:188} INFO - [2026-08-18T12:34:38.843+0000] {dag.py:3036} INFO - Sync 1 DAGs
[2026-08-18T12:34:38.868+0000] {logging_mixin.py:188} INFO - [2026-08-18T12:34:38.868+0000] {dag.py:3823} INFO - Setting next_dagrun for jour4_taskflow_intro to 2026-08-18 00:00:00+00:00, run_after=2026-08-19 00:00:00+00:00
[2026-08-18T12:34:38.911+0000] {processor.py:183} INFO - Processing /opt/airflow/dags/dag_taskflow_intro.py took 0.336 seconds
[2026-08-18T12:35:09.727+0000] {processor.py:161} INFO - Started process (PID=2880) to work on /opt/airflow/dags/dag_taskflow_intro.py
[2026-08-18T12:35:09.728+0000] {processor.py:830} INFO - Processing file /opt/airflow/dags/dag_taskflow_intro.py for tasks to queue
[2026-08-18T12:35:09.731+0000] {logging_mixin.py:188} INFO - [2026-08-18T12:35:09.731+0000] {dagbag.py:538} INFO - Filling up the DagBag from /opt/airflow/dags/dag_taskflow_intro.py
[2026-08-18T12:35:10.082+0000] {processor.py:840} INFO - DAG(s) 'jour4_taskflow_intro' retrieved from /opt/airflow/dags/dag_taskflow_intro.py
[2026-08-18T12:35:10.110+0000] {logging_mixin.py:188} INFO - [2026-08-18T12:35:10.110+0000] {dag.py:3036} INFO - Sync 1 DAGs
[2026-08-18T12:35:10.146+0000] {logging_mixin.py:188} INFO - [2026-08-18T12:35:10.146+0000] {dag.py:3823} INFO - Setting next_dagrun for jour4_taskflow_intro to 2026-08-18 00:00:00+00:00, run_after=2026-08-19 00:00:00+00:00
[2026-08-18T12:35:10.209+0000] {processor.py:183} INFO - Processing /opt/airflow/dags/dag_taskflow_intro.py took 0.486 seconds
[2026-08-18T12:35:40.737+0000] {processor.py:161} INFO - Started process (PID=2970) to work on /opt/airflow/dags/dag_taskflow_intro.py
[2026-08-18T12:35:40.741+0000] {processor.py:830} INFO - Processing file /opt/airflow/dags/dag_taskflow_intro.py for tasks to queue
[2026-08-18T12:35:40.744+0000] {logging_mixin.py:188} INFO - [2026-08-18T12:35:40.744+0000] {dagbag.py:538} INFO - Filling up the DagBag from /opt/airflow/dags/dag_taskflow_intro.py
[2026-08-18T12:35:41.014+0000] {processor.py:840} INFO - DAG(s) 'jour4_taskflow_intro' retrieved from /opt/airflow/dags/dag_taskflow_intro.py
[2026-08-18T12:35:41.035+0000] {logging_mixin.py:188} INFO - [2026-08-18T12:35:41.035+0000] {dag.py:3036} INFO - Sync 1 DAGs
[2026-08-18T12:35:41.062+0000] {logging_mixin.py:188} INFO - [2026-08-18T12:35:41.062+0000] {dag.py:3823} INFO - Setting next_dagrun for jour4_taskflow_intro to 2026-08-18 00:00:00+00:00, run_after=2026-08-19 00:00:00+00:00
[2026-08-18T12:35:41.152+0000] {processor.py:183} INFO - Processing /opt/airflow/dags/dag_taskflow_intro.py took 0.420 seconds
[2026-08-18T12:36:11.279+0000] {processor.py:161} INFO - Started process (PID=3051) to work on /opt/airflow/dags/dag_taskflow_intro.py
[2026-08-18T12:36:11.280+0000] {processor.py:830} INFO - Processing file /opt/airflow/dags/dag_taskflow_intro.py for tasks to queue
[2026-08-18T12:36:11.283+0000] {logging_mixin.py:188} INFO - [2026-08-18T12:36:11.282+0000] {dagbag.py:538} INFO - Filling up the DagBag from /opt/airflow/dags/dag_taskflow_intro.py
[2026-08-18T12:36:11.547+0000] {processor.py:840} INFO - DAG(s) 'jour4_taskflow_intro' retrieved from /opt/airflow/dags/dag_taskflow_intro.py
[2026-08-18T12:36:11.566+0000] {logging_mixin.py:188} INFO - [2026-08-18T12:36:11.566+0000] {dag.py:3036} INFO - Sync 1 DAGs
[2026-08-18T12:36:11.588+0000] {logging_mixin.py:188} INFO - [2026-08-18T12:36:11.588+0000] {dag.py:3823} INFO - Setting next_dagrun for jour4_taskflow_intro to 2026-08-18 00:00:00+00:00, run_after=2026-08-19 00:00:00+00:00
[2026-08-18T12:36:11.639+0000] {processor.py:183} INFO - Processing /opt/airflow/dags/dag_taskflow_intro.py took 0.364 seconds
[2026-08-18T12:36:42.481+0000] {processor.py:161} INFO - Started process (PID=3137) to work on /opt/airflow/dags/dag_taskflow_intro.py
[2026-08-18T12:36:42.483+0000] {processor.py:830} INFO - Processing file /opt/airflow/dags/dag_taskflow_intro.py for tasks to queue
[2026-08-18T12:36:42.486+0000] {logging_mixin.py:188} INFO - [2026-08-18T12:36:42.486+0000] {dagbag.py:538} INFO - Filling up the DagBag from /opt/airflow/dags/dag_taskflow_intro.py
[2026-08-18T12:36:42.877+0000] {processor.py:840} INFO - DAG(s) 'jour4_taskflow_intro' retrieved from /opt/airflow/dags/dag_taskflow_intro.py
[2026-08-18T12:36:42.900+0000] {logging_mixin.py:188} INFO - [2026-08-18T12:36:42.899+0000] {dag.py:3036} INFO - Sync 1 DAGs
[2026-08-18T12:36:42.924+0000] {logging_mixin.py:188} INFO - [2026-08-18T12:36:42.924+0000] {dag.py:3823} INFO - Setting next_dagrun for jour4_taskflow_intro to 2026-08-18 00:00:00+00:00, run_after=2026-08-19 00:00:00+00:00
[2026-08-18T12:36:42.989+0000] {processor.py:183} INFO - Processing /opt/airflow/dags/dag_taskflow_intro.py took 0.511 seconds
[2026-08-18T12:37:13.520+0000] {processor.py:161} INFO - Started process (PID=3218) to work on /opt/airflow/dags/dag_taskflow_intro.py
[2026-08-18T12:37:13.522+0000] {processor.py:830} INFO - Processing file /opt/airflow/dags/dag_taskflow_intro.py for tasks to queue
[2026-08-18T12:37:13.524+0000] {logging_mixin.py:188} INFO - [2026-08-18T12:37:13.524+0000] {dagbag.py:538} INFO - Filling up the DagBag from /opt/airflow/dags/dag_taskflow_intro.py
[2026-08-18T12:37:13.766+0000] {processor.py:840} INFO - DAG(s) 'jour4_taskflow_intro' retrieved from /opt/airflow/dags/dag_taskflow_intro.py
[2026-08-18T12:37:13.785+0000] {logging_mixin.py:188} INFO - [2026-08-18T12:37:13.785+0000] {dag.py:3036} INFO - Sync 1 DAGs
[2026-08-18T12:37:13.805+0000] {logging_mixin.py:188} INFO - [2026-08-18T12:37:13.805+0000] {dag.py:3823} INFO - Setting next_dagrun for jour4_taskflow_intro to 2026-08-18 00:00:00+00:00, run_after=2026-08-19 00:00:00+00:00
[2026-08-18T12:37:13.824+0000] {processor.py:183} INFO - Processing /opt/airflow/dags/dag_taskflow_intro.py took 0.307 seconds
[2026-08-18T12:37:44.848+0000] {processor.py:161} INFO - Started process (PID=3299) to work on /opt/airflow/dags/dag_taskflow_intro.py
[2026-08-18T12:37:44.850+0000] {processor.py:830} INFO - Processing file /opt/airflow/dags/dag_taskflow_intro.py for tasks to queue
[2026-08-18T12:37:44.852+0000] {logging_mixin.py:188} INFO - [2026-08-18T12:37:44.851+0000] {dagbag.py:538} INFO - Filling up the DagBag from /opt/airflow/dags/dag_taskflow_intro.py
[2026-08-18T12:37:45.092+0000] {processor.py:840} INFO - DAG(s) 'jour4_taskflow_intro' retrieved from /opt/airflow/dags/dag_taskflow_intro.py
[2026-08-18T12:37:45.113+0000] {logging_mixin.py:188} INFO - [2026-08-18T12:37:45.113+0000] {dag.py:3036} INFO - Sync 1 DAGs
[2026-08-18T12:37:45.134+0000] {logging_mixin.py:188} INFO - [2026-08-18T12:37:45.133+0000] {dag.py:3823} INFO - Setting next_dagrun for jour4_taskflow_intro to 2026-08-18 00:00:00+00:00, run_after=2026-08-19 00:00:00+00:00
[2026-08-18T12:37:45.154+0000] {processor.py:183} INFO - Processing /opt/airflow/dags/dag_taskflow_intro.py took 0.310 seconds
[2026-08-18T12:38:16.486+0000] {processor.py:161} INFO - Started process (PID=3380) to work on /opt/airflow/dags/dag_taskflow_intro.py
[2026-08-18T12:38:16.489+0000] {processor.py:830} INFO - Processing file /opt/airflow/dags/dag_taskflow_intro.py for tasks to queue
[2026-08-18T12:38:16.496+0000] {logging_mixin.py:188} INFO - [2026-08-18T12:38:16.495+0000] {dagbag.py:538} INFO - Filling up the DagBag from /opt/airflow/dags/dag_taskflow_intro.py
[2026-08-18T12:38:17.302+0000] {processor.py:840} INFO - DAG(s) 'jour4_taskflow_intro' retrieved from /opt/airflow/dags/dag_taskflow_intro.py
[2026-08-18T12:38:17.374+0000] {logging_mixin.py:188} INFO - [2026-08-18T12:38:17.373+0000] {dag.py:3036} INFO - Sync 1 DAGs
[2026-08-18T12:38:17.431+0000] {logging_mixin.py:188} INFO - [2026-08-18T12:38:17.430+0000] {dag.py:3823} INFO - Setting next_dagrun for jour4_taskflow_intro to 2026-08-18 00:00:00+00:00, run_after=2026-08-19 00:00:00+00:00
[2026-08-18T12:38:17.481+0000] {processor.py:183} INFO - Processing /opt/airflow/dags/dag_taskflow_intro.py took 1.004 seconds
[2026-08-18T12:38:47.758+0000] {processor.py:161} INFO - Started process (PID=3461) to work on /opt/airflow/dags/dag_taskflow_intro.py
[2026-08-18T12:38:47.759+0000] {processor.py:830} INFO - Processing file /opt/airflow/dags/dag_taskflow_intro.py for tasks to queue
[2026-08-18T12:38:47.761+0000] {logging_mixin.py:188} INFO - [2026-08-18T12:38:47.761+0000] {dagbag.py:538} INFO - Filling up the DagBag from /opt/airflow/dags/dag_taskflow_intro.py
[2026-08-18T12:38:48.002+0000] {processor.py:840} INFO - DAG(s) 'jour4_taskflow_intro' retrieved from /opt/airflow/dags/dag_taskflow_intro.py
[2026-08-18T12:38:48.023+0000] {logging_mixin.py:188} INFO - [2026-08-18T12:38:48.022+0000] {dag.py:3036} INFO - Sync 1 DAGs
[2026-08-18T12:38:48.170+0000] {logging_mixin.py:188} INFO - [2026-08-18T12:38:48.170+0000] {dag.py:3823} INFO - Setting next_dagrun for jour4_taskflow_intro to 2026-08-18 00:00:00+00:00, run_after=2026-08-19 00:00:00+00:00
[2026-08-18T12:38:48.189+0000] {processor.py:183} INFO - Processing /opt/airflow/dags/dag_taskflow_intro.py took 0.434 seconds
[2026-08-18T12:39:18.366+0000] {processor.py:161} INFO - Started process (PID=3551) to work on /opt/airflow/dags/dag_taskflow_intro.py
[2026-08-18T12:39:18.368+0000] {processor.py:830} INFO - Processing file /opt/airflow/dags/dag_taskflow_intro.py for tasks to queue
[2026-08-18T12:39:18.372+0000] {logging_mixin.py:188} INFO - [2026-08-18T12:39:18.371+0000] {dagbag.py:538} INFO - Filling up the DagBag from /opt/airflow/dags/dag_taskflow_intro.py
[2026-08-18T12:39:18.933+0000] {processor.py:840} INFO - DAG(s) 'jour4_taskflow_intro' retrieved from /opt/airflow/dags/dag_taskflow_intro.py
[2026-08-18T12:39:18.955+0000] {logging_mixin.py:188} INFO - [2026-08-18T12:39:18.955+0000] {dag.py:3036} INFO - Sync 1 DAGs
[2026-08-18T12:39:18.984+0000] {logging_mixin.py:188} INFO - [2026-08-18T12:39:18.983+0000] {dag.py:3823} INFO - Setting next_dagrun for jour4_taskflow_intro to 2026-08-18 00:00:00+00:00, run_after=2026-08-19 00:00:00+00:00
[2026-08-18T12:39:19.012+0000] {processor.py:183} INFO - Processing /opt/airflow/dags/dag_taskflow_intro.py took 0.655 seconds
[2026-08-18T12:39:49.412+0000] {processor.py:161} INFO - Started process (PID=3632) to work on /opt/airflow/dags/dag_taskflow_intro.py
[2026-08-18T12:39:49.413+0000] {processor.py:830} INFO - Processing file /opt/airflow/dags/dag_taskflow_intro.py for tasks to queue
[2026-08-18T12:39:49.416+0000] {logging_mixin.py:188} INFO - [2026-08-18T12:39:49.415+0000] {dagbag.py:538} INFO - Filling up the DagBag from /opt/airflow/dags/dag_taskflow_intro.py
[2026-08-18T12:39:49.794+0000] {processor.py:840} INFO - DAG(s) 'jour4_taskflow_intro' retrieved from /opt/airflow/dags/dag_taskflow_intro.py
[2026-08-18T12:39:49.820+0000] {logging_mixin.py:188} INFO - [2026-08-18T12:39:49.820+0000] {dag.py:3036} INFO - Sync 1 DAGs
[2026-08-18T12:39:49.845+0000] {logging_mixin.py:188} INFO - [2026-08-18T12:39:49.845+0000] {dag.py:3823} INFO - Setting next_dagrun for jour4_taskflow_intro to 2026-08-18 00:00:00+00:00, run_after=2026-08-19 00:00:00+00:00
[2026-08-18T12:39:49.902+0000] {processor.py:183} INFO - Processing /opt/airflow/dags/dag_taskflow_intro.py took 0.494 seconds
[2026-08-18T12:40:20.188+0000] {processor.py:161} INFO - Started process (PID=3713) to work on /opt/airflow/dags/dag_taskflow_intro.py
[2026-08-18T12:40:20.189+0000] {processor.py:830} INFO - Processing file /opt/airflow/dags/dag_taskflow_intro.py for tasks to queue
[2026-08-18T12:40:20.191+0000] {logging_mixin.py:188} INFO - [2026-08-18T12:40:20.191+0000] {dagbag.py:538} INFO - Filling up the DagBag from /opt/airflow/dags/dag_taskflow_intro.py
[2026-08-18T12:40:20.547+0000] {processor.py:840} INFO - DAG(s) 'jour4_taskflow_intro' retrieved from /opt/airflow/dags/dag_taskflow_intro.py
[2026-08-18T12:40:20.563+0000] {logging_mixin.py:188} INFO - [2026-08-18T12:40:20.563+0000] {dag.py:3036} INFO - Sync 1 DAGs
[2026-08-18T12:40:20.581+0000] {logging_mixin.py:188} INFO - [2026-08-18T12:40:20.580+0000] {dag.py:3823} INFO - Setting next_dagrun for jour4_taskflow_intro to 2026-08-18 00:00:00+00:00, run_after=2026-08-19 00:00:00+00:00
[2026-08-18T12:40:20.597+0000] {processor.py:183} INFO - Processing /opt/airflow/dags/dag_taskflow_intro.py took 0.413 seconds
[2026-08-18T12:40:50.924+0000] {processor.py:161} INFO - Started process (PID=3794) to work on /opt/airflow/dags/dag_taskflow_intro.py
[2026-08-18T12:40:50.926+0000] {processor.py:830} INFO - Processing file /opt/airflow/dags/dag_taskflow_intro.py for tasks to queue
[2026-08-18T12:40:50.928+0000] {logging_mixin.py:188} INFO - [2026-08-18T12:40:50.928+0000] {dagbag.py:538} INFO - Filling up the DagBag from /opt/airflow/dags/dag_taskflow_intro.py
[2026-08-18T12:40:51.352+0000] {processor.py:840} INFO - DAG(s) 'jour4_taskflow_intro' retrieved from /opt/airflow/dags/dag_taskflow_intro.py
[2026-08-18T12:40:51.371+0000] {logging_mixin.py:188} INFO - [2026-08-18T12:40:51.371+0000] {dag.py:3036} INFO - Sync 1 DAGs
[2026-08-18T12:40:51.392+0000] {logging_mixin.py:188} INFO - [2026-08-18T12:40:51.391+0000] {dag.py:3823} INFO - Setting next_dagrun for jour4_taskflow_intro to 2026-08-18 00:00:00+00:00, run_after=2026-08-19 00:00:00+00:00
[2026-08-18T12:40:51.410+0000] {processor.py:183} INFO - Processing /opt/airflow/dags/dag_taskflow_intro.py took 0.490 seconds
[2026-08-18T12:41:21.905+0000] {processor.py:161} INFO - Started process (PID=3875) to work on /opt/airflow/dags/dag_taskflow_intro.py
[2026-08-18T12:41:21.907+0000] {processor.py:830} INFO - Processing file /opt/airflow/dags/dag_taskflow_intro.py for tasks to queue
[2026-08-18T12:41:21.910+0000] {logging_mixin.py:188} INFO - [2026-08-18T12:41:21.909+0000] {dagbag.py:538} INFO - Filling up the DagBag from /opt/airflow/dags/dag_taskflow_intro.py
[2026-08-18T12:41:22.318+0000] {processor.py:840} INFO - DAG(s) 'jour4_taskflow_intro' retrieved from /opt/airflow/dags/dag_taskflow_intro.py
[2026-08-18T12:41:22.338+0000] {logging_mixin.py:188} INFO - [2026-08-18T12:41:22.337+0000] {dag.py:3036} INFO - Sync 1 DAGs
[2026-08-18T12:41:22.365+0000] {logging_mixin.py:188} INFO - [2026-08-18T12:41:22.364+0000] {dag.py:3823} INFO - Setting next_dagrun for jour4_taskflow_intro to 2026-08-18 00:00:00+00:00, run_after=2026-08-19 00:00:00+00:00
[2026-08-18T12:41:22.384+0000] {processor.py:183} INFO - Processing /opt/airflow/dags/dag_taskflow_intro.py took 0.484 seconds
[2026-08-18T12:41:52.807+0000] {processor.py:161} INFO - Started process (PID=3956) to work on /opt/airflow/dags/dag_taskflow_intro.py
[2026-08-18T12:41:52.808+0000] {processor.py:830} INFO - Processing file /opt/airflow/dags/dag_taskflow_intro.py for tasks to queue
[2026-08-18T12:41:52.811+0000] {logging_mixin.py:188} INFO - [2026-08-18T12:41:52.810+0000] {dagbag.py:538} INFO - Filling up the DagBag from /opt/airflow/dags/dag_taskflow_intro.py
[2026-08-18T12:41:53.257+0000] {processor.py:840} INFO - DAG(s) 'jour4_taskflow_intro' retrieved from /opt/airflow/dags/dag_taskflow_intro.py
[2026-08-18T12:41:53.276+0000] {logging_mixin.py:188} INFO - [2026-08-18T12:41:53.275+0000] {dag.py:3036} INFO - Sync 1 DAGs
[2026-08-18T12:41:53.300+0000] {logging_mixin.py:188} INFO - [2026-08-18T12:41:53.300+0000] {dag.py:3823} INFO - Setting next_dagrun for jour4_taskflow_intro to 2026-08-18 00:00:00+00:00, run_after=2026-08-19 00:00:00+00:00
[2026-08-18T12:41:53.319+0000] {processor.py:183} INFO - Processing /opt/airflow/dags/dag_taskflow_intro.py took 0.515 seconds
[2026-08-18T12:42:24.062+0000] {processor.py:161} INFO - Started process (PID=4037) to work on /opt/airflow/dags/dag_taskflow_intro.py
[2026-08-18T12:42:24.064+0000] {processor.py:830} INFO - Processing file /opt/airflow/dags/dag_taskflow_intro.py for tasks to queue
[2026-08-18T12:42:24.067+0000] {logging_mixin.py:188} INFO - [2026-08-18T12:42:24.066+0000] {dagbag.py:538} INFO - Filling up the DagBag from /opt/airflow/dags/dag_taskflow_intro.py
[2026-08-18T12:42:24.519+0000] {processor.py:840} INFO - DAG(s) 'jour4_taskflow_intro' retrieved from /opt/airflow/dags/dag_taskflow_intro.py
[2026-08-18T12:42:24.539+0000] {logging_mixin.py:188} INFO - [2026-08-18T12:42:24.539+0000] {dag.py:3036} INFO - Sync 1 DAGs
[2026-08-18T12:42:24.562+0000] {logging_mixin.py:188} INFO - [2026-08-18T12:42:24.561+0000] {dag.py:3823} INFO - Setting next_dagrun for jour4_taskflow_intro to 2026-08-18 00:00:00+00:00, run_after=2026-08-19 00:00:00+00:00
[2026-08-18T12:42:24.582+0000] {processor.py:183} INFO - Processing /opt/airflow/dags/dag_taskflow_intro.py took 0.523 seconds
[2026-08-18T12:42:55.137+0000] {processor.py:161} INFO - Started process (PID=4118) to work on /opt/airflow/dags/dag_taskflow_intro.py
[2026-08-18T12:42:55.139+0000] {processor.py:830} INFO - Processing file /opt/airflow/dags/dag_taskflow_intro.py for tasks to queue
[2026-08-18T12:42:55.143+0000] {logging_mixin.py:188} INFO - [2026-08-18T12:42:55.142+0000] {dagbag.py:538} INFO - Filling up the DagBag from /opt/airflow/dags/dag_taskflow_intro.py
[2026-08-18T12:42:55.681+0000] {processor.py:840} INFO - DAG(s) 'jour4_taskflow_intro' retrieved from /opt/airflow/dags/dag_taskflow_intro.py
[2026-08-18T12:42:55.701+0000] {logging_mixin.py:188} INFO - [2026-08-18T12:42:55.700+0000] {dag.py:3036} INFO - Sync 1 DAGs
[2026-08-18T12:42:55.727+0000] {logging_mixin.py:188} INFO - [2026-08-18T12:42:55.726+0000] {dag.py:3823} INFO - Setting next_dagrun for jour4_taskflow_intro to 2026-08-18 00:00:00+00:00, run_after=2026-08-19 00:00:00+00:00
[2026-08-18T12:42:55.756+0000] {processor.py:183} INFO - Processing /opt/airflow/dags/dag_taskflow_intro.py took 0.623 seconds
[2026-08-18T12:43:26.419+0000] {processor.py:161} INFO - Started process (PID=4199) to work on /opt/airflow/dags/dag_taskflow_intro.py
[2026-08-18T12:43:26.420+0000] {processor.py:830} INFO - Processing file /opt/airflow/dags/dag_taskflow_intro.py for tasks to queue
[2026-08-18T12:43:26.423+0000] {logging_mixin.py:188} INFO - [2026-08-18T12:43:26.422+0000] {dagbag.py:538} INFO - Filling up the DagBag from /opt/airflow/dags/dag_taskflow_intro.py
[2026-08-18T12:43:26.850+0000] {processor.py:840} INFO - DAG(s) 'jour4_taskflow_intro' retrieved from /opt/airflow/dags/dag_taskflow_intro.py
[2026-08-18T12:43:26.869+0000] {logging_mixin.py:188} INFO - [2026-08-18T12:43:26.868+0000] {dag.py:3036} INFO - Sync 1 DAGs
[2026-08-18T12:43:26.890+0000] {logging_mixin.py:188} INFO - [2026-08-18T12:43:26.890+0000] {dag.py:3823} INFO - Setting next_dagrun for jour4_taskflow_intro to 2026-08-18 00:00:00+00:00, run_after=2026-08-19 00:00:00+00:00
[2026-08-18T12:43:26.913+0000] {processor.py:183} INFO - Processing /opt/airflow/dags/dag_taskflow_intro.py took 0.499 seconds
