[2026-08-09T20:03:53.427+0000] {taskinstance.py:1956} INFO - Dependencies all met for dep_context=non-requeueable deps ti=<TaskInstance: jour3_connections_hooks.generer_rapport manual__2026-08-09T20:03:10+00:00 [queued]>
[2026-08-09T20:03:53.454+0000] {taskinstance.py:1956} INFO - Dependencies all met for dep_context=requeueable deps ti=<TaskInstance: jour3_connections_hooks.generer_rapport manual__2026-08-09T20:03:10+00:00 [queued]>
[2026-08-09T20:03:53.456+0000] {taskinstance.py:2170} INFO - Starting attempt 1 of 2
[2026-08-09T20:03:53.502+0000] {taskinstance.py:2191} INFO - Executing <Task(PythonOperator): generer_rapport> on 2026-08-09 20:03:10+00:00
[2026-08-09T20:03:53.519+0000] {standard_task_runner.py:60} INFO - Started process 268 to run task
[2026-08-09T20:03:53.525+0000] {standard_task_runner.py:87} INFO - Running: ['***', 'tasks', 'run', 'jour3_connections_hooks', 'generer_rapport', 'manual__2026-08-09T20:03:10+00:00', '--job-id', '126', '--raw', '--subdir', 'DAGS_FOLDER/dag_connections_hooks.py', '--cfg-path', '/tmp/tmpyrvka5u6']
[2026-08-09T20:03:53.527+0000] {standard_task_runner.py:88} INFO - Job 126: Subtask generer_rapport
[2026-08-09T20:03:53.678+0000] {task_command.py:423} INFO - Running <TaskInstance: jour3_connections_hooks.generer_rapport manual__2026-08-09T20:03:10+00:00 [running]> on host 7e0c0629c5a6
[2026-08-09T20:03:53.836+0000] {taskinstance.py:2480} INFO - Exporting env vars: AIRFLOW_CTX_DAG_OWNER='sung' AIRFLOW_CTX_DAG_ID='jour3_connections_hooks' AIRFLOW_CTX_TASK_ID='generer_rapport' AIRFLOW_CTX_EXECUTION_DATE='2026-08-09T20:03:10+00:00' AIRFLOW_CTX_TRY_NUMBER='1' AIRFLOW_CTX_DAG_RUN_ID='manual__2026-08-09T20:03:10+00:00'
[2026-08-09T20:03:53.859+0000] {logging_mixin.py:188} INFO - === Rapport par Vendeur ===
[2026-08-09T20:03:53.887+0000] {logging_mixin.py:188} INFO - vendeur  nb_ventes  unites_vendues  ca_total  panier_moyen
  Karim         14              71   45950.0        3282.0
  Lucie          5              33   14860.0        2972.0
 Thomas          6              30   14660.0        2443.0
  Alice          6              24   10650.0        1775.0
  Nadia          2              16    5630.0        2815.0
[2026-08-09T20:03:53.888+0000] {logging_mixin.py:188} INFO - 
=== Rapport par Catégorie ===
[2026-08-09T20:03:53.893+0000] {logging_mixin.py:188} INFO -    categorie  ca_total  part_pct
Informatique   55500.0      60.5
      Mobile   24050.0      26.2
    Wearable    7280.0       7.9
       Audio    4920.0       5.4
[2026-08-09T20:03:53.909+0000] {logging_mixin.py:188} INFO - 
Rapports sauvegardés dans /tmp/
[2026-08-09T20:03:53.910+0000] {python.py:201} INFO - Done. Returned value was: None
[2026-08-09T20:03:53.927+0000] {taskinstance.py:1138} INFO - Marking task as SUCCESS. dag_id=jour3_connections_hooks, task_id=generer_rapport, execution_date=20260809T200310, start_date=20260809T200353, end_date=20260809T200353
[2026-08-09T20:03:54.020+0000] {local_task_job_runner.py:234} INFO - Task exited with return code 0
[2026-08-09T20:03:54.064+0000] {taskinstance.py:3280} INFO - 1 downstream tasks scheduled from follow-on schedule check
