[2026-08-17T11:24:07.661+0000] {processor.py:161} INFO - Started process (PID=101) to work on /home/airflow/.local/lib/python3.8/site-packages/airflow/example_dags/example_external_task_marker_dag.py
[2026-08-17T11:24:07.668+0000] {processor.py:830} INFO - Processing file /home/airflow/.local/lib/python3.8/site-packages/airflow/example_dags/example_external_task_marker_dag.py for tasks to queue
[2026-08-17T11:24:07.675+0000] {logging_mixin.py:188} INFO - [2026-08-17T11:24:07.673+0000] {dagbag.py:538} INFO - Filling up the DagBag from /home/airflow/.local/lib/python3.8/site-packages/airflow/example_dags/example_external_task_marker_dag.py
[2026-08-17T11:24:07.720+0000] {processor.py:840} INFO - DAG(s) 'example_external_task_marker_parent', 'example_external_task_marker_child' retrieved from /home/airflow/.local/lib/python3.8/site-packages/airflow/example_dags/example_external_task_marker_dag.py
[2026-08-17T11:24:07.745+0000] {logging_mixin.py:188} INFO - [2026-08-17T11:24:07.745+0000] {dag.py:3036} INFO - Sync 2 DAGs
[2026-08-17T11:24:07.774+0000] {logging_mixin.py:188} INFO - [2026-08-17T11:24:07.773+0000] {dag.py:3823} INFO - Setting next_dagrun for example_external_task_marker_child to None, run_after=None
[2026-08-17T11:24:07.783+0000] {logging_mixin.py:188} INFO - [2026-08-17T11:24:07.783+0000] {dag.py:3823} INFO - Setting next_dagrun for example_external_task_marker_parent to None, run_after=None
[2026-08-17T11:24:07.833+0000] {processor.py:183} INFO - Processing /home/airflow/.local/lib/python3.8/site-packages/airflow/example_dags/example_external_task_marker_dag.py took 0.183 seconds
[2026-08-17T11:24:39.398+0000] {processor.py:161} INFO - Started process (PID=204) to work on /home/airflow/.local/lib/python3.8/site-packages/airflow/example_dags/example_external_task_marker_dag.py
[2026-08-17T11:24:39.404+0000] {processor.py:830} INFO - Processing file /home/airflow/.local/lib/python3.8/site-packages/airflow/example_dags/example_external_task_marker_dag.py for tasks to queue
[2026-08-17T11:24:39.409+0000] {logging_mixin.py:188} INFO - [2026-08-17T11:24:39.408+0000] {dagbag.py:538} INFO - Filling up the DagBag from /home/airflow/.local/lib/python3.8/site-packages/airflow/example_dags/example_external_task_marker_dag.py
[2026-08-17T11:24:39.458+0000] {processor.py:840} INFO - DAG(s) 'example_external_task_marker_child', 'example_external_task_marker_parent' retrieved from /home/airflow/.local/lib/python3.8/site-packages/airflow/example_dags/example_external_task_marker_dag.py
[2026-08-17T11:24:39.737+0000] {logging_mixin.py:188} INFO - [2026-08-17T11:24:39.737+0000] {dag.py:3036} INFO - Sync 2 DAGs
[2026-08-17T11:24:39.774+0000] {logging_mixin.py:188} INFO - [2026-08-17T11:24:39.774+0000] {dag.py:3823} INFO - Setting next_dagrun for example_external_task_marker_child to None, run_after=None
[2026-08-17T11:24:39.782+0000] {logging_mixin.py:188} INFO - [2026-08-17T11:24:39.781+0000] {dag.py:3823} INFO - Setting next_dagrun for example_external_task_marker_parent to None, run_after=None
[2026-08-17T11:24:44.785+0000] {processor.py:183} INFO - Processing /home/airflow/.local/lib/python3.8/site-packages/airflow/example_dags/example_external_task_marker_dag.py took 5.396 seconds
[2026-08-17T11:25:15.115+0000] {processor.py:161} INFO - Started process (PID=283) to work on /home/airflow/.local/lib/python3.8/site-packages/airflow/example_dags/example_external_task_marker_dag.py
[2026-08-17T11:25:15.119+0000] {processor.py:830} INFO - Processing file /home/airflow/.local/lib/python3.8/site-packages/airflow/example_dags/example_external_task_marker_dag.py for tasks to queue
[2026-08-17T11:25:15.128+0000] {logging_mixin.py:188} INFO - [2026-08-17T11:25:15.126+0000] {dagbag.py:538} INFO - Filling up the DagBag from /home/airflow/.local/lib/python3.8/site-packages/airflow/example_dags/example_external_task_marker_dag.py
[2026-08-17T11:25:15.145+0000] {processor.py:840} INFO - DAG(s) 'example_external_task_marker_child', 'example_external_task_marker_parent' retrieved from /home/airflow/.local/lib/python3.8/site-packages/airflow/example_dags/example_external_task_marker_dag.py
[2026-08-17T11:25:15.191+0000] {logging_mixin.py:188} INFO - [2026-08-17T11:25:15.191+0000] {dag.py:3036} INFO - Sync 2 DAGs
[2026-08-17T11:25:15.214+0000] {logging_mixin.py:188} INFO - [2026-08-17T11:25:15.213+0000] {dag.py:3823} INFO - Setting next_dagrun for example_external_task_marker_child to None, run_after=None
[2026-08-17T11:25:15.220+0000] {logging_mixin.py:188} INFO - [2026-08-17T11:25:15.219+0000] {dag.py:3823} INFO - Setting next_dagrun for example_external_task_marker_parent to None, run_after=None
[2026-08-17T11:25:15.246+0000] {processor.py:183} INFO - Processing /home/airflow/.local/lib/python3.8/site-packages/airflow/example_dags/example_external_task_marker_dag.py took 0.144 seconds
[2026-08-17T11:25:46.124+0000] {processor.py:161} INFO - Started process (PID=358) to work on /home/airflow/.local/lib/python3.8/site-packages/airflow/example_dags/example_external_task_marker_dag.py
[2026-08-17T11:25:46.126+0000] {processor.py:830} INFO - Processing file /home/airflow/.local/lib/python3.8/site-packages/airflow/example_dags/example_external_task_marker_dag.py for tasks to queue
[2026-08-17T11:25:46.129+0000] {logging_mixin.py:188} INFO - [2026-08-17T11:25:46.129+0000] {dagbag.py:538} INFO - Filling up the DagBag from /home/airflow/.local/lib/python3.8/site-packages/airflow/example_dags/example_external_task_marker_dag.py
[2026-08-17T11:25:46.146+0000] {processor.py:840} INFO - DAG(s) 'example_external_task_marker_child', 'example_external_task_marker_parent' retrieved from /home/airflow/.local/lib/python3.8/site-packages/airflow/example_dags/example_external_task_marker_dag.py
[2026-08-17T11:25:46.191+0000] {logging_mixin.py:188} INFO - [2026-08-17T11:25:46.190+0000] {dag.py:3036} INFO - Sync 2 DAGs
[2026-08-17T11:25:46.209+0000] {logging_mixin.py:188} INFO - [2026-08-17T11:25:46.209+0000] {dag.py:3823} INFO - Setting next_dagrun for example_external_task_marker_child to None, run_after=None
[2026-08-17T11:25:46.214+0000] {logging_mixin.py:188} INFO - [2026-08-17T11:25:46.214+0000] {dag.py:3823} INFO - Setting next_dagrun for example_external_task_marker_parent to None, run_after=None
[2026-08-17T11:25:46.244+0000] {processor.py:183} INFO - Processing /home/airflow/.local/lib/python3.8/site-packages/airflow/example_dags/example_external_task_marker_dag.py took 0.123 seconds
[2026-08-17T11:26:17.083+0000] {processor.py:161} INFO - Started process (PID=433) to work on /home/airflow/.local/lib/python3.8/site-packages/airflow/example_dags/example_external_task_marker_dag.py
[2026-08-17T11:26:17.084+0000] {processor.py:830} INFO - Processing file /home/airflow/.local/lib/python3.8/site-packages/airflow/example_dags/example_external_task_marker_dag.py for tasks to queue
[2026-08-17T11:26:17.086+0000] {logging_mixin.py:188} INFO - [2026-08-17T11:26:17.086+0000] {dagbag.py:538} INFO - Filling up the DagBag from /home/airflow/.local/lib/python3.8/site-packages/airflow/example_dags/example_external_task_marker_dag.py
[2026-08-17T11:26:17.093+0000] {processor.py:840} INFO - DAG(s) 'example_external_task_marker_parent', 'example_external_task_marker_child' retrieved from /home/airflow/.local/lib/python3.8/site-packages/airflow/example_dags/example_external_task_marker_dag.py
[2026-08-17T11:26:17.117+0000] {logging_mixin.py:188} INFO - [2026-08-17T11:26:17.117+0000] {dag.py:3036} INFO - Sync 2 DAGs
[2026-08-17T11:26:17.129+0000] {logging_mixin.py:188} INFO - [2026-08-17T11:26:17.129+0000] {dag.py:3823} INFO - Setting next_dagrun for example_external_task_marker_child to None, run_after=None
[2026-08-17T11:26:17.133+0000] {logging_mixin.py:188} INFO - [2026-08-17T11:26:17.133+0000] {dag.py:3823} INFO - Setting next_dagrun for example_external_task_marker_parent to None, run_after=None
[2026-08-17T11:26:17.151+0000] {processor.py:183} INFO - Processing /home/airflow/.local/lib/python3.8/site-packages/airflow/example_dags/example_external_task_marker_dag.py took 0.071 seconds
[2026-08-17T11:26:47.437+0000] {processor.py:161} INFO - Started process (PID=511) to work on /home/airflow/.local/lib/python3.8/site-packages/airflow/example_dags/example_external_task_marker_dag.py
[2026-08-17T11:26:47.439+0000] {processor.py:830} INFO - Processing file /home/airflow/.local/lib/python3.8/site-packages/airflow/example_dags/example_external_task_marker_dag.py for tasks to queue
[2026-08-17T11:26:47.441+0000] {logging_mixin.py:188} INFO - [2026-08-17T11:26:47.440+0000] {dagbag.py:538} INFO - Filling up the DagBag from /home/airflow/.local/lib/python3.8/site-packages/airflow/example_dags/example_external_task_marker_dag.py
[2026-08-17T11:26:47.452+0000] {processor.py:840} INFO - DAG(s) 'example_external_task_marker_parent', 'example_external_task_marker_child' retrieved from /home/airflow/.local/lib/python3.8/site-packages/airflow/example_dags/example_external_task_marker_dag.py
[2026-08-17T11:26:47.477+0000] {logging_mixin.py:188} INFO - [2026-08-17T11:26:47.476+0000] {dag.py:3036} INFO - Sync 2 DAGs
[2026-08-17T11:26:47.489+0000] {logging_mixin.py:188} INFO - [2026-08-17T11:26:47.489+0000] {dag.py:3823} INFO - Setting next_dagrun for example_external_task_marker_child to None, run_after=None
[2026-08-17T11:26:47.493+0000] {logging_mixin.py:188} INFO - [2026-08-17T11:26:47.493+0000] {dag.py:3823} INFO - Setting next_dagrun for example_external_task_marker_parent to None, run_after=None
[2026-08-17T11:26:47.592+0000] {processor.py:183} INFO - Processing /home/airflow/.local/lib/python3.8/site-packages/airflow/example_dags/example_external_task_marker_dag.py took 0.159 seconds
[2026-08-17T11:27:17.825+0000] {processor.py:161} INFO - Started process (PID=586) to work on /home/airflow/.local/lib/python3.8/site-packages/airflow/example_dags/example_external_task_marker_dag.py
[2026-08-17T11:27:17.826+0000] {processor.py:830} INFO - Processing file /home/airflow/.local/lib/python3.8/site-packages/airflow/example_dags/example_external_task_marker_dag.py for tasks to queue
[2026-08-17T11:27:17.828+0000] {logging_mixin.py:188} INFO - [2026-08-17T11:27:17.827+0000] {dagbag.py:538} INFO - Filling up the DagBag from /home/airflow/.local/lib/python3.8/site-packages/airflow/example_dags/example_external_task_marker_dag.py
[2026-08-17T11:27:17.834+0000] {processor.py:840} INFO - DAG(s) 'example_external_task_marker_parent', 'example_external_task_marker_child' retrieved from /home/airflow/.local/lib/python3.8/site-packages/airflow/example_dags/example_external_task_marker_dag.py
[2026-08-17T11:27:17.858+0000] {logging_mixin.py:188} INFO - [2026-08-17T11:27:17.858+0000] {dag.py:3036} INFO - Sync 2 DAGs
[2026-08-17T11:27:17.870+0000] {logging_mixin.py:188} INFO - [2026-08-17T11:27:17.870+0000] {dag.py:3823} INFO - Setting next_dagrun for example_external_task_marker_child to None, run_after=None
[2026-08-17T11:27:17.874+0000] {logging_mixin.py:188} INFO - [2026-08-17T11:27:17.874+0000] {dag.py:3823} INFO - Setting next_dagrun for example_external_task_marker_parent to None, run_after=None
[2026-08-17T11:27:17.892+0000] {processor.py:183} INFO - Processing /home/airflow/.local/lib/python3.8/site-packages/airflow/example_dags/example_external_task_marker_dag.py took 0.071 seconds
[2026-08-17T11:27:48.226+0000] {processor.py:161} INFO - Started process (PID=661) to work on /home/airflow/.local/lib/python3.8/site-packages/airflow/example_dags/example_external_task_marker_dag.py
[2026-08-17T11:27:48.227+0000] {processor.py:830} INFO - Processing file /home/airflow/.local/lib/python3.8/site-packages/airflow/example_dags/example_external_task_marker_dag.py for tasks to queue
[2026-08-17T11:27:48.229+0000] {logging_mixin.py:188} INFO - [2026-08-17T11:27:48.229+0000] {dagbag.py:538} INFO - Filling up the DagBag from /home/airflow/.local/lib/python3.8/site-packages/airflow/example_dags/example_external_task_marker_dag.py
[2026-08-17T11:27:48.237+0000] {processor.py:840} INFO - DAG(s) 'example_external_task_marker_parent', 'example_external_task_marker_child' retrieved from /home/airflow/.local/lib/python3.8/site-packages/airflow/example_dags/example_external_task_marker_dag.py
[2026-08-17T11:27:48.269+0000] {logging_mixin.py:188} INFO - [2026-08-17T11:27:48.268+0000] {dag.py:3036} INFO - Sync 2 DAGs
[2026-08-17T11:27:48.288+0000] {logging_mixin.py:188} INFO - [2026-08-17T11:27:48.287+0000] {dag.py:3823} INFO - Setting next_dagrun for example_external_task_marker_child to None, run_after=None
[2026-08-17T11:27:48.293+0000] {logging_mixin.py:188} INFO - [2026-08-17T11:27:48.293+0000] {dag.py:3823} INFO - Setting next_dagrun for example_external_task_marker_parent to None, run_after=None
[2026-08-17T11:27:48.322+0000] {processor.py:183} INFO - Processing /home/airflow/.local/lib/python3.8/site-packages/airflow/example_dags/example_external_task_marker_dag.py took 0.100 seconds
[2026-08-17T11:28:18.580+0000] {processor.py:161} INFO - Started process (PID=736) to work on /home/airflow/.local/lib/python3.8/site-packages/airflow/example_dags/example_external_task_marker_dag.py
[2026-08-17T11:28:18.582+0000] {processor.py:830} INFO - Processing file /home/airflow/.local/lib/python3.8/site-packages/airflow/example_dags/example_external_task_marker_dag.py for tasks to queue
[2026-08-17T11:28:18.584+0000] {logging_mixin.py:188} INFO - [2026-08-17T11:28:18.584+0000] {dagbag.py:538} INFO - Filling up the DagBag from /home/airflow/.local/lib/python3.8/site-packages/airflow/example_dags/example_external_task_marker_dag.py
[2026-08-17T11:28:18.591+0000] {processor.py:840} INFO - DAG(s) 'example_external_task_marker_child', 'example_external_task_marker_parent' retrieved from /home/airflow/.local/lib/python3.8/site-packages/airflow/example_dags/example_external_task_marker_dag.py
[2026-08-17T11:28:18.619+0000] {logging_mixin.py:188} INFO - [2026-08-17T11:28:18.618+0000] {dag.py:3036} INFO - Sync 2 DAGs
[2026-08-17T11:28:18.631+0000] {logging_mixin.py:188} INFO - [2026-08-17T11:28:18.631+0000] {dag.py:3823} INFO - Setting next_dagrun for example_external_task_marker_child to None, run_after=None
[2026-08-17T11:28:18.636+0000] {logging_mixin.py:188} INFO - [2026-08-17T11:28:18.635+0000] {dag.py:3823} INFO - Setting next_dagrun for example_external_task_marker_parent to None, run_after=None
[2026-08-17T11:28:18.655+0000] {processor.py:183} INFO - Processing /home/airflow/.local/lib/python3.8/site-packages/airflow/example_dags/example_external_task_marker_dag.py took 0.080 seconds
[2026-08-17T11:28:48.816+0000] {processor.py:161} INFO - Started process (PID=811) to work on /home/airflow/.local/lib/python3.8/site-packages/airflow/example_dags/example_external_task_marker_dag.py
[2026-08-17T11:28:48.818+0000] {processor.py:830} INFO - Processing file /home/airflow/.local/lib/python3.8/site-packages/airflow/example_dags/example_external_task_marker_dag.py for tasks to queue
[2026-08-17T11:28:48.821+0000] {logging_mixin.py:188} INFO - [2026-08-17T11:28:48.820+0000] {dagbag.py:538} INFO - Filling up the DagBag from /home/airflow/.local/lib/python3.8/site-packages/airflow/example_dags/example_external_task_marker_dag.py
[2026-08-17T11:28:48.828+0000] {processor.py:840} INFO - DAG(s) 'example_external_task_marker_child', 'example_external_task_marker_parent' retrieved from /home/airflow/.local/lib/python3.8/site-packages/airflow/example_dags/example_external_task_marker_dag.py
[2026-08-17T11:28:48.857+0000] {logging_mixin.py:188} INFO - [2026-08-17T11:28:48.857+0000] {dag.py:3036} INFO - Sync 2 DAGs
[2026-08-17T11:28:48.872+0000] {logging_mixin.py:188} INFO - [2026-08-17T11:28:48.872+0000] {dag.py:3823} INFO - Setting next_dagrun for example_external_task_marker_child to None, run_after=None
[2026-08-17T11:28:48.877+0000] {logging_mixin.py:188} INFO - [2026-08-17T11:28:48.876+0000] {dag.py:3823} INFO - Setting next_dagrun for example_external_task_marker_parent to None, run_after=None
[2026-08-17T11:28:48.901+0000] {processor.py:183} INFO - Processing /home/airflow/.local/lib/python3.8/site-packages/airflow/example_dags/example_external_task_marker_dag.py took 0.090 seconds
[2026-08-17T11:29:19.082+0000] {processor.py:161} INFO - Started process (PID=890) to work on /home/airflow/.local/lib/python3.8/site-packages/airflow/example_dags/example_external_task_marker_dag.py
[2026-08-17T11:29:19.084+0000] {processor.py:830} INFO - Processing file /home/airflow/.local/lib/python3.8/site-packages/airflow/example_dags/example_external_task_marker_dag.py for tasks to queue
[2026-08-17T11:29:19.086+0000] {logging_mixin.py:188} INFO - [2026-08-17T11:29:19.086+0000] {dagbag.py:538} INFO - Filling up the DagBag from /home/airflow/.local/lib/python3.8/site-packages/airflow/example_dags/example_external_task_marker_dag.py
[2026-08-17T11:29:19.093+0000] {processor.py:840} INFO - DAG(s) 'example_external_task_marker_parent', 'example_external_task_marker_child' retrieved from /home/airflow/.local/lib/python3.8/site-packages/airflow/example_dags/example_external_task_marker_dag.py
[2026-08-17T11:29:19.119+0000] {logging_mixin.py:188} INFO - [2026-08-17T11:29:19.118+0000] {dag.py:3036} INFO - Sync 2 DAGs
[2026-08-17T11:29:19.132+0000] {logging_mixin.py:188} INFO - [2026-08-17T11:29:19.131+0000] {dag.py:3823} INFO - Setting next_dagrun for example_external_task_marker_child to None, run_after=None
[2026-08-17T11:29:19.136+0000] {logging_mixin.py:188} INFO - [2026-08-17T11:29:19.136+0000] {dag.py:3823} INFO - Setting next_dagrun for example_external_task_marker_parent to None, run_after=None
[2026-08-17T11:29:19.154+0000] {processor.py:183} INFO - Processing /home/airflow/.local/lib/python3.8/site-packages/airflow/example_dags/example_external_task_marker_dag.py took 0.077 seconds
[2026-08-17T11:29:49.806+0000] {processor.py:161} INFO - Started process (PID=969) to work on /home/airflow/.local/lib/python3.8/site-packages/airflow/example_dags/example_external_task_marker_dag.py
[2026-08-17T11:29:49.808+0000] {processor.py:830} INFO - Processing file /home/airflow/.local/lib/python3.8/site-packages/airflow/example_dags/example_external_task_marker_dag.py for tasks to queue
[2026-08-17T11:29:49.811+0000] {logging_mixin.py:188} INFO - [2026-08-17T11:29:49.811+0000] {dagbag.py:538} INFO - Filling up the DagBag from /home/airflow/.local/lib/python3.8/site-packages/airflow/example_dags/example_external_task_marker_dag.py
[2026-08-17T11:29:49.819+0000] {processor.py:840} INFO - DAG(s) 'example_external_task_marker_parent', 'example_external_task_marker_child' retrieved from /home/airflow/.local/lib/python3.8/site-packages/airflow/example_dags/example_external_task_marker_dag.py
[2026-08-17T11:29:49.859+0000] {logging_mixin.py:188} INFO - [2026-08-17T11:29:49.858+0000] {dag.py:3036} INFO - Sync 2 DAGs
[2026-08-17T11:29:49.882+0000] {logging_mixin.py:188} INFO - [2026-08-17T11:29:49.882+0000] {dag.py:3823} INFO - Setting next_dagrun for example_external_task_marker_child to None, run_after=None
[2026-08-17T11:29:49.888+0000] {logging_mixin.py:188} INFO - [2026-08-17T11:29:49.887+0000] {dag.py:3823} INFO - Setting next_dagrun for example_external_task_marker_parent to None, run_after=None
[2026-08-17T11:29:49.919+0000] {processor.py:183} INFO - Processing /home/airflow/.local/lib/python3.8/site-packages/airflow/example_dags/example_external_task_marker_dag.py took 0.119 seconds
[2026-08-17T11:30:20.639+0000] {processor.py:161} INFO - Started process (PID=1048) to work on /home/airflow/.local/lib/python3.8/site-packages/airflow/example_dags/example_external_task_marker_dag.py
[2026-08-17T11:30:20.641+0000] {processor.py:830} INFO - Processing file /home/airflow/.local/lib/python3.8/site-packages/airflow/example_dags/example_external_task_marker_dag.py for tasks to queue
[2026-08-17T11:30:20.643+0000] {logging_mixin.py:188} INFO - [2026-08-17T11:30:20.643+0000] {dagbag.py:538} INFO - Filling up the DagBag from /home/airflow/.local/lib/python3.8/site-packages/airflow/example_dags/example_external_task_marker_dag.py
[2026-08-17T11:30:20.651+0000] {processor.py:840} INFO - DAG(s) 'example_external_task_marker_parent', 'example_external_task_marker_child' retrieved from /home/airflow/.local/lib/python3.8/site-packages/airflow/example_dags/example_external_task_marker_dag.py
[2026-08-17T11:30:20.679+0000] {logging_mixin.py:188} INFO - [2026-08-17T11:30:20.678+0000] {dag.py:3036} INFO - Sync 2 DAGs
[2026-08-17T11:30:20.693+0000] {logging_mixin.py:188} INFO - [2026-08-17T11:30:20.693+0000] {dag.py:3823} INFO - Setting next_dagrun for example_external_task_marker_child to None, run_after=None
[2026-08-17T11:30:20.698+0000] {logging_mixin.py:188} INFO - [2026-08-17T11:30:20.697+0000] {dag.py:3823} INFO - Setting next_dagrun for example_external_task_marker_parent to None, run_after=None
[2026-08-17T11:30:20.738+0000] {processor.py:183} INFO - Processing /home/airflow/.local/lib/python3.8/site-packages/airflow/example_dags/example_external_task_marker_dag.py took 0.102 seconds
[2026-08-17T11:30:51.273+0000] {processor.py:161} INFO - Started process (PID=1127) to work on /home/airflow/.local/lib/python3.8/site-packages/airflow/example_dags/example_external_task_marker_dag.py
[2026-08-17T11:30:51.275+0000] {processor.py:830} INFO - Processing file /home/airflow/.local/lib/python3.8/site-packages/airflow/example_dags/example_external_task_marker_dag.py for tasks to queue
[2026-08-17T11:30:51.277+0000] {logging_mixin.py:188} INFO - [2026-08-17T11:30:51.276+0000] {dagbag.py:538} INFO - Filling up the DagBag from /home/airflow/.local/lib/python3.8/site-packages/airflow/example_dags/example_external_task_marker_dag.py
[2026-08-17T11:30:51.283+0000] {processor.py:840} INFO - DAG(s) 'example_external_task_marker_child', 'example_external_task_marker_parent' retrieved from /home/airflow/.local/lib/python3.8/site-packages/airflow/example_dags/example_external_task_marker_dag.py
[2026-08-17T11:30:51.307+0000] {logging_mixin.py:188} INFO - [2026-08-17T11:30:51.306+0000] {dag.py:3036} INFO - Sync 2 DAGs
[2026-08-17T11:30:51.319+0000] {logging_mixin.py:188} INFO - [2026-08-17T11:30:51.318+0000] {dag.py:3823} INFO - Setting next_dagrun for example_external_task_marker_child to None, run_after=None
[2026-08-17T11:30:51.323+0000] {logging_mixin.py:188} INFO - [2026-08-17T11:30:51.322+0000] {dag.py:3823} INFO - Setting next_dagrun for example_external_task_marker_parent to None, run_after=None
[2026-08-17T11:30:51.399+0000] {processor.py:183} INFO - Processing /home/airflow/.local/lib/python3.8/site-packages/airflow/example_dags/example_external_task_marker_dag.py took 0.129 seconds
[2026-08-17T11:31:22.168+0000] {processor.py:161} INFO - Started process (PID=1206) to work on /home/airflow/.local/lib/python3.8/site-packages/airflow/example_dags/example_external_task_marker_dag.py
[2026-08-17T11:31:22.169+0000] {processor.py:830} INFO - Processing file /home/airflow/.local/lib/python3.8/site-packages/airflow/example_dags/example_external_task_marker_dag.py for tasks to queue
[2026-08-17T11:31:22.172+0000] {logging_mixin.py:188} INFO - [2026-08-17T11:31:22.171+0000] {dagbag.py:538} INFO - Filling up the DagBag from /home/airflow/.local/lib/python3.8/site-packages/airflow/example_dags/example_external_task_marker_dag.py
[2026-08-17T11:31:22.181+0000] {processor.py:840} INFO - DAG(s) 'example_external_task_marker_parent', 'example_external_task_marker_child' retrieved from /home/airflow/.local/lib/python3.8/site-packages/airflow/example_dags/example_external_task_marker_dag.py
[2026-08-17T11:31:22.208+0000] {logging_mixin.py:188} INFO - [2026-08-17T11:31:22.207+0000] {dag.py:3036} INFO - Sync 2 DAGs
[2026-08-17T11:31:22.221+0000] {logging_mixin.py:188} INFO - [2026-08-17T11:31:22.221+0000] {dag.py:3823} INFO - Setting next_dagrun for example_external_task_marker_child to None, run_after=None
[2026-08-17T11:31:22.225+0000] {logging_mixin.py:188} INFO - [2026-08-17T11:31:22.225+0000] {dag.py:3823} INFO - Setting next_dagrun for example_external_task_marker_parent to None, run_after=None
[2026-08-17T11:31:22.280+0000] {processor.py:183} INFO - Processing /home/airflow/.local/lib/python3.8/site-packages/airflow/example_dags/example_external_task_marker_dag.py took 0.116 seconds
[2026-08-17T11:31:53.480+0000] {processor.py:161} INFO - Started process (PID=1285) to work on /home/airflow/.local/lib/python3.8/site-packages/airflow/example_dags/example_external_task_marker_dag.py
[2026-08-17T11:31:53.481+0000] {processor.py:830} INFO - Processing file /home/airflow/.local/lib/python3.8/site-packages/airflow/example_dags/example_external_task_marker_dag.py for tasks to queue
[2026-08-17T11:31:53.484+0000] {logging_mixin.py:188} INFO - [2026-08-17T11:31:53.483+0000] {dagbag.py:538} INFO - Filling up the DagBag from /home/airflow/.local/lib/python3.8/site-packages/airflow/example_dags/example_external_task_marker_dag.py
[2026-08-17T11:31:53.492+0000] {processor.py:840} INFO - DAG(s) 'example_external_task_marker_parent', 'example_external_task_marker_child' retrieved from /home/airflow/.local/lib/python3.8/site-packages/airflow/example_dags/example_external_task_marker_dag.py
[2026-08-17T11:31:53.519+0000] {logging_mixin.py:188} INFO - [2026-08-17T11:31:53.518+0000] {dag.py:3036} INFO - Sync 2 DAGs
[2026-08-17T11:31:53.535+0000] {logging_mixin.py:188} INFO - [2026-08-17T11:31:53.535+0000] {dag.py:3823} INFO - Setting next_dagrun for example_external_task_marker_child to None, run_after=None
[2026-08-17T11:31:53.539+0000] {logging_mixin.py:188} INFO - [2026-08-17T11:31:53.539+0000] {dag.py:3823} INFO - Setting next_dagrun for example_external_task_marker_parent to None, run_after=None
[2026-08-17T11:31:53.592+0000] {processor.py:183} INFO - Processing /home/airflow/.local/lib/python3.8/site-packages/airflow/example_dags/example_external_task_marker_dag.py took 0.116 seconds
[2026-08-17T11:32:24.641+0000] {processor.py:161} INFO - Started process (PID=1365) to work on /home/airflow/.local/lib/python3.8/site-packages/airflow/example_dags/example_external_task_marker_dag.py
[2026-08-17T11:32:24.642+0000] {processor.py:830} INFO - Processing file /home/airflow/.local/lib/python3.8/site-packages/airflow/example_dags/example_external_task_marker_dag.py for tasks to queue
[2026-08-17T11:32:24.645+0000] {logging_mixin.py:188} INFO - [2026-08-17T11:32:24.644+0000] {dagbag.py:538} INFO - Filling up the DagBag from /home/airflow/.local/lib/python3.8/site-packages/airflow/example_dags/example_external_task_marker_dag.py
[2026-08-17T11:32:24.652+0000] {processor.py:840} INFO - DAG(s) 'example_external_task_marker_child', 'example_external_task_marker_parent' retrieved from /home/airflow/.local/lib/python3.8/site-packages/airflow/example_dags/example_external_task_marker_dag.py
[2026-08-17T11:32:24.679+0000] {logging_mixin.py:188} INFO - [2026-08-17T11:32:24.679+0000] {dag.py:3036} INFO - Sync 2 DAGs
[2026-08-17T11:32:24.693+0000] {logging_mixin.py:188} INFO - [2026-08-17T11:32:24.692+0000] {dag.py:3823} INFO - Setting next_dagrun for example_external_task_marker_child to None, run_after=None
[2026-08-17T11:32:24.697+0000] {logging_mixin.py:188} INFO - [2026-08-17T11:32:24.697+0000] {dag.py:3823} INFO - Setting next_dagrun for example_external_task_marker_parent to None, run_after=None
[2026-08-17T11:32:24.751+0000] {processor.py:183} INFO - Processing /home/airflow/.local/lib/python3.8/site-packages/airflow/example_dags/example_external_task_marker_dag.py took 0.113 seconds
[2026-08-17T11:32:55.611+0000] {processor.py:161} INFO - Started process (PID=1444) to work on /home/airflow/.local/lib/python3.8/site-packages/airflow/example_dags/example_external_task_marker_dag.py
[2026-08-17T11:32:55.612+0000] {processor.py:830} INFO - Processing file /home/airflow/.local/lib/python3.8/site-packages/airflow/example_dags/example_external_task_marker_dag.py for tasks to queue
[2026-08-17T11:32:55.614+0000] {logging_mixin.py:188} INFO - [2026-08-17T11:32:55.613+0000] {dagbag.py:538} INFO - Filling up the DagBag from /home/airflow/.local/lib/python3.8/site-packages/airflow/example_dags/example_external_task_marker_dag.py
[2026-08-17T11:32:55.620+0000] {processor.py:840} INFO - DAG(s) 'example_external_task_marker_child', 'example_external_task_marker_parent' retrieved from /home/airflow/.local/lib/python3.8/site-packages/airflow/example_dags/example_external_task_marker_dag.py
[2026-08-17T11:32:55.642+0000] {logging_mixin.py:188} INFO - [2026-08-17T11:32:55.641+0000] {dag.py:3036} INFO - Sync 2 DAGs
[2026-08-17T11:32:55.653+0000] {logging_mixin.py:188} INFO - [2026-08-17T11:32:55.652+0000] {dag.py:3823} INFO - Setting next_dagrun for example_external_task_marker_child to None, run_after=None
[2026-08-17T11:32:55.656+0000] {logging_mixin.py:188} INFO - [2026-08-17T11:32:55.656+0000] {dag.py:3823} INFO - Setting next_dagrun for example_external_task_marker_parent to None, run_after=None
[2026-08-17T11:32:55.746+0000] {processor.py:183} INFO - Processing /home/airflow/.local/lib/python3.8/site-packages/airflow/example_dags/example_external_task_marker_dag.py took 0.139 seconds
[2026-08-17T11:33:26.639+0000] {processor.py:161} INFO - Started process (PID=1529) to work on /home/airflow/.local/lib/python3.8/site-packages/airflow/example_dags/example_external_task_marker_dag.py
[2026-08-17T11:33:26.641+0000] {processor.py:830} INFO - Processing file /home/airflow/.local/lib/python3.8/site-packages/airflow/example_dags/example_external_task_marker_dag.py for tasks to queue
[2026-08-17T11:33:26.642+0000] {logging_mixin.py:188} INFO - [2026-08-17T11:33:26.642+0000] {dagbag.py:538} INFO - Filling up the DagBag from /home/airflow/.local/lib/python3.8/site-packages/airflow/example_dags/example_external_task_marker_dag.py
[2026-08-17T11:33:26.648+0000] {processor.py:840} INFO - DAG(s) 'example_external_task_marker_parent', 'example_external_task_marker_child' retrieved from /home/airflow/.local/lib/python3.8/site-packages/airflow/example_dags/example_external_task_marker_dag.py
[2026-08-17T11:33:26.671+0000] {logging_mixin.py:188} INFO - [2026-08-17T11:33:26.671+0000] {dag.py:3036} INFO - Sync 2 DAGs
[2026-08-17T11:33:26.683+0000] {logging_mixin.py:188} INFO - [2026-08-17T11:33:26.683+0000] {dag.py:3823} INFO - Setting next_dagrun for example_external_task_marker_child to None, run_after=None
[2026-08-17T11:33:26.687+0000] {logging_mixin.py:188} INFO - [2026-08-17T11:33:26.686+0000] {dag.py:3823} INFO - Setting next_dagrun for example_external_task_marker_parent to None, run_after=None
[2026-08-17T11:33:26.733+0000] {processor.py:183} INFO - Processing /home/airflow/.local/lib/python3.8/site-packages/airflow/example_dags/example_external_task_marker_dag.py took 0.097 seconds
[2026-08-17T11:33:57.211+0000] {processor.py:161} INFO - Started process (PID=1608) to work on /home/airflow/.local/lib/python3.8/site-packages/airflow/example_dags/example_external_task_marker_dag.py
[2026-08-17T11:33:57.212+0000] {processor.py:830} INFO - Processing file /home/airflow/.local/lib/python3.8/site-packages/airflow/example_dags/example_external_task_marker_dag.py for tasks to queue
[2026-08-17T11:33:57.215+0000] {logging_mixin.py:188} INFO - [2026-08-17T11:33:57.214+0000] {dagbag.py:538} INFO - Filling up the DagBag from /home/airflow/.local/lib/python3.8/site-packages/airflow/example_dags/example_external_task_marker_dag.py
[2026-08-17T11:33:57.223+0000] {processor.py:840} INFO - DAG(s) 'example_external_task_marker_parent', 'example_external_task_marker_child' retrieved from /home/airflow/.local/lib/python3.8/site-packages/airflow/example_dags/example_external_task_marker_dag.py
[2026-08-17T11:33:57.252+0000] {logging_mixin.py:188} INFO - [2026-08-17T11:33:57.252+0000] {dag.py:3036} INFO - Sync 2 DAGs
[2026-08-17T11:33:57.438+0000] {logging_mixin.py:188} INFO - [2026-08-17T11:33:57.437+0000] {dag.py:3823} INFO - Setting next_dagrun for example_external_task_marker_child to None, run_after=None
[2026-08-17T11:33:57.443+0000] {logging_mixin.py:188} INFO - [2026-08-17T11:33:57.443+0000] {dag.py:3823} INFO - Setting next_dagrun for example_external_task_marker_parent to None, run_after=None
[2026-08-17T11:33:57.462+0000] {processor.py:183} INFO - Processing /home/airflow/.local/lib/python3.8/site-packages/airflow/example_dags/example_external_task_marker_dag.py took 0.255 seconds
[2026-08-17T11:34:27.609+0000] {processor.py:161} INFO - Started process (PID=1686) to work on /home/airflow/.local/lib/python3.8/site-packages/airflow/example_dags/example_external_task_marker_dag.py
[2026-08-17T11:34:27.610+0000] {processor.py:830} INFO - Processing file /home/airflow/.local/lib/python3.8/site-packages/airflow/example_dags/example_external_task_marker_dag.py for tasks to queue
[2026-08-17T11:34:27.613+0000] {logging_mixin.py:188} INFO - [2026-08-17T11:34:27.613+0000] {dagbag.py:538} INFO - Filling up the DagBag from /home/airflow/.local/lib/python3.8/site-packages/airflow/example_dags/example_external_task_marker_dag.py
[2026-08-17T11:34:27.620+0000] {processor.py:840} INFO - DAG(s) 'example_external_task_marker_parent', 'example_external_task_marker_child' retrieved from /home/airflow/.local/lib/python3.8/site-packages/airflow/example_dags/example_external_task_marker_dag.py
[2026-08-17T11:34:27.646+0000] {logging_mixin.py:188} INFO - [2026-08-17T11:34:27.645+0000] {dag.py:3036} INFO - Sync 2 DAGs
[2026-08-17T11:34:27.658+0000] {logging_mixin.py:188} INFO - [2026-08-17T11:34:27.658+0000] {dag.py:3823} INFO - Setting next_dagrun for example_external_task_marker_child to None, run_after=None
[2026-08-17T11:34:27.662+0000] {logging_mixin.py:188} INFO - [2026-08-17T11:34:27.662+0000] {dag.py:3823} INFO - Setting next_dagrun for example_external_task_marker_parent to None, run_after=None
[2026-08-17T11:34:27.781+0000] {processor.py:183} INFO - Processing /home/airflow/.local/lib/python3.8/site-packages/airflow/example_dags/example_external_task_marker_dag.py took 0.176 seconds
[2026-08-17T11:34:57.994+0000] {processor.py:161} INFO - Started process (PID=1765) to work on /home/airflow/.local/lib/python3.8/site-packages/airflow/example_dags/example_external_task_marker_dag.py
[2026-08-17T11:34:57.995+0000] {processor.py:830} INFO - Processing file /home/airflow/.local/lib/python3.8/site-packages/airflow/example_dags/example_external_task_marker_dag.py for tasks to queue
[2026-08-17T11:34:57.997+0000] {logging_mixin.py:188} INFO - [2026-08-17T11:34:57.996+0000] {dagbag.py:538} INFO - Filling up the DagBag from /home/airflow/.local/lib/python3.8/site-packages/airflow/example_dags/example_external_task_marker_dag.py
[2026-08-17T11:34:58.003+0000] {processor.py:840} INFO - DAG(s) 'example_external_task_marker_child', 'example_external_task_marker_parent' retrieved from /home/airflow/.local/lib/python3.8/site-packages/airflow/example_dags/example_external_task_marker_dag.py
[2026-08-17T11:34:58.032+0000] {logging_mixin.py:188} INFO - [2026-08-17T11:34:58.032+0000] {dag.py:3036} INFO - Sync 2 DAGs
[2026-08-17T11:34:58.045+0000] {logging_mixin.py:188} INFO - [2026-08-17T11:34:58.045+0000] {dag.py:3823} INFO - Setting next_dagrun for example_external_task_marker_child to None, run_after=None
[2026-08-17T11:34:58.049+0000] {logging_mixin.py:188} INFO - [2026-08-17T11:34:58.049+0000] {dag.py:3823} INFO - Setting next_dagrun for example_external_task_marker_parent to None, run_after=None
[2026-08-17T11:34:58.068+0000] {processor.py:183} INFO - Processing /home/airflow/.local/lib/python3.8/site-packages/airflow/example_dags/example_external_task_marker_dag.py took 0.078 seconds
[2026-08-17T11:35:28.138+0000] {processor.py:161} INFO - Started process (PID=1842) to work on /home/airflow/.local/lib/python3.8/site-packages/airflow/example_dags/example_external_task_marker_dag.py
[2026-08-17T11:35:28.140+0000] {processor.py:830} INFO - Processing file /home/airflow/.local/lib/python3.8/site-packages/airflow/example_dags/example_external_task_marker_dag.py for tasks to queue
[2026-08-17T11:35:28.142+0000] {logging_mixin.py:188} INFO - [2026-08-17T11:35:28.141+0000] {dagbag.py:538} INFO - Filling up the DagBag from /home/airflow/.local/lib/python3.8/site-packages/airflow/example_dags/example_external_task_marker_dag.py
[2026-08-17T11:35:28.151+0000] {processor.py:840} INFO - DAG(s) 'example_external_task_marker_child', 'example_external_task_marker_parent' retrieved from /home/airflow/.local/lib/python3.8/site-packages/airflow/example_dags/example_external_task_marker_dag.py
[2026-08-17T11:35:28.183+0000] {logging_mixin.py:188} INFO - [2026-08-17T11:35:28.182+0000] {dag.py:3036} INFO - Sync 2 DAGs
[2026-08-17T11:35:28.197+0000] {logging_mixin.py:188} INFO - [2026-08-17T11:35:28.197+0000] {dag.py:3823} INFO - Setting next_dagrun for example_external_task_marker_child to None, run_after=None
[2026-08-17T11:35:28.202+0000] {logging_mixin.py:188} INFO - [2026-08-17T11:35:28.202+0000] {dag.py:3823} INFO - Setting next_dagrun for example_external_task_marker_parent to None, run_after=None
[2026-08-17T11:35:28.222+0000] {processor.py:183} INFO - Processing /home/airflow/.local/lib/python3.8/site-packages/airflow/example_dags/example_external_task_marker_dag.py took 0.087 seconds
[2026-08-17T11:35:59.379+0000] {processor.py:161} INFO - Started process (PID=1924) to work on /home/airflow/.local/lib/python3.8/site-packages/airflow/example_dags/example_external_task_marker_dag.py
[2026-08-17T11:35:59.380+0000] {processor.py:830} INFO - Processing file /home/airflow/.local/lib/python3.8/site-packages/airflow/example_dags/example_external_task_marker_dag.py for tasks to queue
[2026-08-17T11:35:59.382+0000] {logging_mixin.py:188} INFO - [2026-08-17T11:35:59.382+0000] {dagbag.py:538} INFO - Filling up the DagBag from /home/airflow/.local/lib/python3.8/site-packages/airflow/example_dags/example_external_task_marker_dag.py
[2026-08-17T11:35:59.389+0000] {processor.py:840} INFO - DAG(s) 'example_external_task_marker_child', 'example_external_task_marker_parent' retrieved from /home/airflow/.local/lib/python3.8/site-packages/airflow/example_dags/example_external_task_marker_dag.py
[2026-08-17T11:35:59.414+0000] {logging_mixin.py:188} INFO - [2026-08-17T11:35:59.414+0000] {dag.py:3036} INFO - Sync 2 DAGs
[2026-08-17T11:35:59.428+0000] {logging_mixin.py:188} INFO - [2026-08-17T11:35:59.428+0000] {dag.py:3823} INFO - Setting next_dagrun for example_external_task_marker_child to None, run_after=None
[2026-08-17T11:35:59.433+0000] {logging_mixin.py:188} INFO - [2026-08-17T11:35:59.432+0000] {dag.py:3823} INFO - Setting next_dagrun for example_external_task_marker_parent to None, run_after=None
[2026-08-17T11:35:59.453+0000] {processor.py:183} INFO - Processing /home/airflow/.local/lib/python3.8/site-packages/airflow/example_dags/example_external_task_marker_dag.py took 0.077 seconds
[2026-08-17T11:36:30.344+0000] {processor.py:161} INFO - Started process (PID=2003) to work on /home/airflow/.local/lib/python3.8/site-packages/airflow/example_dags/example_external_task_marker_dag.py
[2026-08-17T11:36:30.345+0000] {processor.py:830} INFO - Processing file /home/airflow/.local/lib/python3.8/site-packages/airflow/example_dags/example_external_task_marker_dag.py for tasks to queue
[2026-08-17T11:36:30.348+0000] {logging_mixin.py:188} INFO - [2026-08-17T11:36:30.347+0000] {dagbag.py:538} INFO - Filling up the DagBag from /home/airflow/.local/lib/python3.8/site-packages/airflow/example_dags/example_external_task_marker_dag.py
[2026-08-17T11:36:30.354+0000] {processor.py:840} INFO - DAG(s) 'example_external_task_marker_parent', 'example_external_task_marker_child' retrieved from /home/airflow/.local/lib/python3.8/site-packages/airflow/example_dags/example_external_task_marker_dag.py
[2026-08-17T11:36:30.382+0000] {logging_mixin.py:188} INFO - [2026-08-17T11:36:30.381+0000] {dag.py:3036} INFO - Sync 2 DAGs
[2026-08-17T11:36:30.395+0000] {logging_mixin.py:188} INFO - [2026-08-17T11:36:30.395+0000] {dag.py:3823} INFO - Setting next_dagrun for example_external_task_marker_child to None, run_after=None
[2026-08-17T11:36:30.399+0000] {logging_mixin.py:188} INFO - [2026-08-17T11:36:30.399+0000] {dag.py:3823} INFO - Setting next_dagrun for example_external_task_marker_parent to None, run_after=None
[2026-08-17T11:36:30.418+0000] {processor.py:183} INFO - Processing /home/airflow/.local/lib/python3.8/site-packages/airflow/example_dags/example_external_task_marker_dag.py took 0.079 seconds
[2026-08-17T11:37:01.337+0000] {processor.py:161} INFO - Started process (PID=2082) to work on /home/airflow/.local/lib/python3.8/site-packages/airflow/example_dags/example_external_task_marker_dag.py
[2026-08-17T11:37:01.339+0000] {processor.py:830} INFO - Processing file /home/airflow/.local/lib/python3.8/site-packages/airflow/example_dags/example_external_task_marker_dag.py for tasks to queue
[2026-08-17T11:37:01.343+0000] {logging_mixin.py:188} INFO - [2026-08-17T11:37:01.342+0000] {dagbag.py:538} INFO - Filling up the DagBag from /home/airflow/.local/lib/python3.8/site-packages/airflow/example_dags/example_external_task_marker_dag.py
[2026-08-17T11:37:01.351+0000] {processor.py:840} INFO - DAG(s) 'example_external_task_marker_parent', 'example_external_task_marker_child' retrieved from /home/airflow/.local/lib/python3.8/site-packages/airflow/example_dags/example_external_task_marker_dag.py
[2026-08-17T11:37:01.379+0000] {logging_mixin.py:188} INFO - [2026-08-17T11:37:01.379+0000] {dag.py:3036} INFO - Sync 2 DAGs
[2026-08-17T11:37:01.393+0000] {logging_mixin.py:188} INFO - [2026-08-17T11:37:01.392+0000] {dag.py:3823} INFO - Setting next_dagrun for example_external_task_marker_child to None, run_after=None
[2026-08-17T11:37:01.398+0000] {logging_mixin.py:188} INFO - [2026-08-17T11:37:01.397+0000] {dag.py:3823} INFO - Setting next_dagrun for example_external_task_marker_parent to None, run_after=None
[2026-08-17T11:37:01.416+0000] {processor.py:183} INFO - Processing /home/airflow/.local/lib/python3.8/site-packages/airflow/example_dags/example_external_task_marker_dag.py took 0.082 seconds
[2026-08-17T11:37:31.980+0000] {processor.py:161} INFO - Started process (PID=2161) to work on /home/airflow/.local/lib/python3.8/site-packages/airflow/example_dags/example_external_task_marker_dag.py
[2026-08-17T11:37:31.982+0000] {processor.py:830} INFO - Processing file /home/airflow/.local/lib/python3.8/site-packages/airflow/example_dags/example_external_task_marker_dag.py for tasks to queue
[2026-08-17T11:37:31.984+0000] {logging_mixin.py:188} INFO - [2026-08-17T11:37:31.983+0000] {dagbag.py:538} INFO - Filling up the DagBag from /home/airflow/.local/lib/python3.8/site-packages/airflow/example_dags/example_external_task_marker_dag.py
[2026-08-17T11:37:31.990+0000] {processor.py:840} INFO - DAG(s) 'example_external_task_marker_child', 'example_external_task_marker_parent' retrieved from /home/airflow/.local/lib/python3.8/site-packages/airflow/example_dags/example_external_task_marker_dag.py
[2026-08-17T11:37:32.014+0000] {logging_mixin.py:188} INFO - [2026-08-17T11:37:32.014+0000] {dag.py:3036} INFO - Sync 2 DAGs
[2026-08-17T11:37:32.027+0000] {logging_mixin.py:188} INFO - [2026-08-17T11:37:32.027+0000] {dag.py:3823} INFO - Setting next_dagrun for example_external_task_marker_child to None, run_after=None
[2026-08-17T11:37:32.031+0000] {logging_mixin.py:188} INFO - [2026-08-17T11:37:32.031+0000] {dag.py:3823} INFO - Setting next_dagrun for example_external_task_marker_parent to None, run_after=None
[2026-08-17T11:37:32.050+0000] {processor.py:183} INFO - Processing /home/airflow/.local/lib/python3.8/site-packages/airflow/example_dags/example_external_task_marker_dag.py took 0.073 seconds
[2026-08-17T11:38:02.656+0000] {processor.py:161} INFO - Started process (PID=2276) to work on /home/airflow/.local/lib/python3.8/site-packages/airflow/example_dags/example_external_task_marker_dag.py
[2026-08-17T11:38:02.657+0000] {processor.py:830} INFO - Processing file /home/airflow/.local/lib/python3.8/site-packages/airflow/example_dags/example_external_task_marker_dag.py for tasks to queue
[2026-08-17T11:38:02.659+0000] {logging_mixin.py:188} INFO - [2026-08-17T11:38:02.659+0000] {dagbag.py:538} INFO - Filling up the DagBag from /home/airflow/.local/lib/python3.8/site-packages/airflow/example_dags/example_external_task_marker_dag.py
[2026-08-17T11:38:02.666+0000] {processor.py:840} INFO - DAG(s) 'example_external_task_marker_parent', 'example_external_task_marker_child' retrieved from /home/airflow/.local/lib/python3.8/site-packages/airflow/example_dags/example_external_task_marker_dag.py
[2026-08-17T11:38:02.695+0000] {logging_mixin.py:188} INFO - [2026-08-17T11:38:02.695+0000] {dag.py:3036} INFO - Sync 2 DAGs
[2026-08-17T11:38:02.717+0000] {logging_mixin.py:188} INFO - [2026-08-17T11:38:02.717+0000] {dag.py:3823} INFO - Setting next_dagrun for example_external_task_marker_child to None, run_after=None
[2026-08-17T11:38:02.725+0000] {logging_mixin.py:188} INFO - [2026-08-17T11:38:02.725+0000] {dag.py:3823} INFO - Setting next_dagrun for example_external_task_marker_parent to None, run_after=None
[2026-08-17T11:38:02.763+0000] {processor.py:183} INFO - Processing /home/airflow/.local/lib/python3.8/site-packages/airflow/example_dags/example_external_task_marker_dag.py took 0.113 seconds
[2026-08-17T11:38:33.478+0000] {processor.py:161} INFO - Started process (PID=2355) to work on /home/airflow/.local/lib/python3.8/site-packages/airflow/example_dags/example_external_task_marker_dag.py
[2026-08-17T11:38:33.480+0000] {processor.py:830} INFO - Processing file /home/airflow/.local/lib/python3.8/site-packages/airflow/example_dags/example_external_task_marker_dag.py for tasks to queue
[2026-08-17T11:38:33.487+0000] {logging_mixin.py:188} INFO - [2026-08-17T11:38:33.486+0000] {dagbag.py:538} INFO - Filling up the DagBag from /home/airflow/.local/lib/python3.8/site-packages/airflow/example_dags/example_external_task_marker_dag.py
[2026-08-17T11:38:33.496+0000] {processor.py:840} INFO - DAG(s) 'example_external_task_marker_child', 'example_external_task_marker_parent' retrieved from /home/airflow/.local/lib/python3.8/site-packages/airflow/example_dags/example_external_task_marker_dag.py
[2026-08-17T11:38:33.545+0000] {logging_mixin.py:188} INFO - [2026-08-17T11:38:33.544+0000] {dag.py:3036} INFO - Sync 2 DAGs
[2026-08-17T11:38:33.569+0000] {logging_mixin.py:188} INFO - [2026-08-17T11:38:33.568+0000] {dag.py:3823} INFO - Setting next_dagrun for example_external_task_marker_child to None, run_after=None
[2026-08-17T11:38:33.576+0000] {logging_mixin.py:188} INFO - [2026-08-17T11:38:33.575+0000] {dag.py:3823} INFO - Setting next_dagrun for example_external_task_marker_parent to None, run_after=None
[2026-08-17T11:38:33.606+0000] {processor.py:183} INFO - Processing /home/airflow/.local/lib/python3.8/site-packages/airflow/example_dags/example_external_task_marker_dag.py took 0.133 seconds
[2026-08-17T11:39:04.382+0000] {processor.py:161} INFO - Started process (PID=2434) to work on /home/airflow/.local/lib/python3.8/site-packages/airflow/example_dags/example_external_task_marker_dag.py
[2026-08-17T11:39:04.383+0000] {processor.py:830} INFO - Processing file /home/airflow/.local/lib/python3.8/site-packages/airflow/example_dags/example_external_task_marker_dag.py for tasks to queue
[2026-08-17T11:39:04.386+0000] {logging_mixin.py:188} INFO - [2026-08-17T11:39:04.385+0000] {dagbag.py:538} INFO - Filling up the DagBag from /home/airflow/.local/lib/python3.8/site-packages/airflow/example_dags/example_external_task_marker_dag.py
[2026-08-17T11:39:04.391+0000] {processor.py:840} INFO - DAG(s) 'example_external_task_marker_parent', 'example_external_task_marker_child' retrieved from /home/airflow/.local/lib/python3.8/site-packages/airflow/example_dags/example_external_task_marker_dag.py
[2026-08-17T11:39:04.416+0000] {logging_mixin.py:188} INFO - [2026-08-17T11:39:04.416+0000] {dag.py:3036} INFO - Sync 2 DAGs
[2026-08-17T11:39:04.428+0000] {logging_mixin.py:188} INFO - [2026-08-17T11:39:04.427+0000] {dag.py:3823} INFO - Setting next_dagrun for example_external_task_marker_child to None, run_after=None
[2026-08-17T11:39:04.431+0000] {logging_mixin.py:188} INFO - [2026-08-17T11:39:04.431+0000] {dag.py:3823} INFO - Setting next_dagrun for example_external_task_marker_parent to None, run_after=None
[2026-08-17T11:39:04.447+0000] {processor.py:183} INFO - Processing /home/airflow/.local/lib/python3.8/site-packages/airflow/example_dags/example_external_task_marker_dag.py took 0.069 seconds
[2026-08-17T11:39:34.905+0000] {processor.py:161} INFO - Started process (PID=2521) to work on /home/airflow/.local/lib/python3.8/site-packages/airflow/example_dags/example_external_task_marker_dag.py
[2026-08-17T11:39:34.906+0000] {processor.py:830} INFO - Processing file /home/airflow/.local/lib/python3.8/site-packages/airflow/example_dags/example_external_task_marker_dag.py for tasks to queue
[2026-08-17T11:39:34.909+0000] {logging_mixin.py:188} INFO - [2026-08-17T11:39:34.908+0000] {dagbag.py:538} INFO - Filling up the DagBag from /home/airflow/.local/lib/python3.8/site-packages/airflow/example_dags/example_external_task_marker_dag.py
[2026-08-17T11:39:34.916+0000] {processor.py:840} INFO - DAG(s) 'example_external_task_marker_child', 'example_external_task_marker_parent' retrieved from /home/airflow/.local/lib/python3.8/site-packages/airflow/example_dags/example_external_task_marker_dag.py
[2026-08-17T11:39:34.939+0000] {logging_mixin.py:188} INFO - [2026-08-17T11:39:34.939+0000] {dag.py:3036} INFO - Sync 2 DAGs
[2026-08-17T11:39:34.951+0000] {logging_mixin.py:188} INFO - [2026-08-17T11:39:34.951+0000] {dag.py:3823} INFO - Setting next_dagrun for example_external_task_marker_child to None, run_after=None
[2026-08-17T11:39:34.955+0000] {logging_mixin.py:188} INFO - [2026-08-17T11:39:34.955+0000] {dag.py:3823} INFO - Setting next_dagrun for example_external_task_marker_parent to None, run_after=None
[2026-08-17T11:39:34.973+0000] {processor.py:183} INFO - Processing /home/airflow/.local/lib/python3.8/site-packages/airflow/example_dags/example_external_task_marker_dag.py took 0.071 seconds
[2026-08-17T11:40:05.691+0000] {processor.py:161} INFO - Started process (PID=2600) to work on /home/airflow/.local/lib/python3.8/site-packages/airflow/example_dags/example_external_task_marker_dag.py
[2026-08-17T11:40:05.693+0000] {processor.py:830} INFO - Processing file /home/airflow/.local/lib/python3.8/site-packages/airflow/example_dags/example_external_task_marker_dag.py for tasks to queue
[2026-08-17T11:40:05.695+0000] {logging_mixin.py:188} INFO - [2026-08-17T11:40:05.695+0000] {dagbag.py:538} INFO - Filling up the DagBag from /home/airflow/.local/lib/python3.8/site-packages/airflow/example_dags/example_external_task_marker_dag.py
[2026-08-17T11:40:05.704+0000] {processor.py:840} INFO - DAG(s) 'example_external_task_marker_child', 'example_external_task_marker_parent' retrieved from /home/airflow/.local/lib/python3.8/site-packages/airflow/example_dags/example_external_task_marker_dag.py
[2026-08-17T11:40:05.734+0000] {logging_mixin.py:188} INFO - [2026-08-17T11:40:05.734+0000] {dag.py:3036} INFO - Sync 2 DAGs
[2026-08-17T11:40:05.750+0000] {logging_mixin.py:188} INFO - [2026-08-17T11:40:05.750+0000] {dag.py:3823} INFO - Setting next_dagrun for example_external_task_marker_child to None, run_after=None
[2026-08-17T11:40:05.754+0000] {logging_mixin.py:188} INFO - [2026-08-17T11:40:05.754+0000] {dag.py:3823} INFO - Setting next_dagrun for example_external_task_marker_parent to None, run_after=None
[2026-08-17T11:40:05.779+0000] {processor.py:183} INFO - Processing /home/airflow/.local/lib/python3.8/site-packages/airflow/example_dags/example_external_task_marker_dag.py took 0.091 seconds
[2026-08-17T11:40:36.165+0000] {processor.py:161} INFO - Started process (PID=2679) to work on /home/airflow/.local/lib/python3.8/site-packages/airflow/example_dags/example_external_task_marker_dag.py
[2026-08-17T11:40:36.181+0000] {processor.py:830} INFO - Processing file /home/airflow/.local/lib/python3.8/site-packages/airflow/example_dags/example_external_task_marker_dag.py for tasks to queue
[2026-08-17T11:40:36.183+0000] {logging_mixin.py:188} INFO - [2026-08-17T11:40:36.183+0000] {dagbag.py:538} INFO - Filling up the DagBag from /home/airflow/.local/lib/python3.8/site-packages/airflow/example_dags/example_external_task_marker_dag.py
[2026-08-17T11:40:36.190+0000] {processor.py:840} INFO - DAG(s) 'example_external_task_marker_parent', 'example_external_task_marker_child' retrieved from /home/airflow/.local/lib/python3.8/site-packages/airflow/example_dags/example_external_task_marker_dag.py
[2026-08-17T11:40:36.215+0000] {logging_mixin.py:188} INFO - [2026-08-17T11:40:36.215+0000] {dag.py:3036} INFO - Sync 2 DAGs
[2026-08-17T11:40:36.226+0000] {logging_mixin.py:188} INFO - [2026-08-17T11:40:36.226+0000] {dag.py:3823} INFO - Setting next_dagrun for example_external_task_marker_child to None, run_after=None
[2026-08-17T11:40:36.230+0000] {logging_mixin.py:188} INFO - [2026-08-17T11:40:36.230+0000] {dag.py:3823} INFO - Setting next_dagrun for example_external_task_marker_parent to None, run_after=None
[2026-08-17T11:40:36.309+0000] {processor.py:183} INFO - Processing /home/airflow/.local/lib/python3.8/site-packages/airflow/example_dags/example_external_task_marker_dag.py took 0.148 seconds
[2026-08-17T11:41:06.613+0000] {processor.py:161} INFO - Started process (PID=2757) to work on /home/airflow/.local/lib/python3.8/site-packages/airflow/example_dags/example_external_task_marker_dag.py
[2026-08-17T11:41:06.614+0000] {processor.py:830} INFO - Processing file /home/airflow/.local/lib/python3.8/site-packages/airflow/example_dags/example_external_task_marker_dag.py for tasks to queue
[2026-08-17T11:41:06.616+0000] {logging_mixin.py:188} INFO - [2026-08-17T11:41:06.616+0000] {dagbag.py:538} INFO - Filling up the DagBag from /home/airflow/.local/lib/python3.8/site-packages/airflow/example_dags/example_external_task_marker_dag.py
[2026-08-17T11:41:06.623+0000] {processor.py:840} INFO - DAG(s) 'example_external_task_marker_child', 'example_external_task_marker_parent' retrieved from /home/airflow/.local/lib/python3.8/site-packages/airflow/example_dags/example_external_task_marker_dag.py
[2026-08-17T11:41:06.660+0000] {logging_mixin.py:188} INFO - [2026-08-17T11:41:06.659+0000] {dag.py:3036} INFO - Sync 2 DAGs
[2026-08-17T11:41:06.684+0000] {logging_mixin.py:188} INFO - [2026-08-17T11:41:06.684+0000] {dag.py:3823} INFO - Setting next_dagrun for example_external_task_marker_child to None, run_after=None
[2026-08-17T11:41:06.688+0000] {logging_mixin.py:188} INFO - [2026-08-17T11:41:06.688+0000] {dag.py:3823} INFO - Setting next_dagrun for example_external_task_marker_parent to None, run_after=None
[2026-08-17T11:41:06.709+0000] {processor.py:183} INFO - Processing /home/airflow/.local/lib/python3.8/site-packages/airflow/example_dags/example_external_task_marker_dag.py took 0.099 seconds
[2026-08-17T11:41:36.832+0000] {processor.py:161} INFO - Started process (PID=2834) to work on /home/airflow/.local/lib/python3.8/site-packages/airflow/example_dags/example_external_task_marker_dag.py
[2026-08-17T11:41:36.834+0000] {processor.py:830} INFO - Processing file /home/airflow/.local/lib/python3.8/site-packages/airflow/example_dags/example_external_task_marker_dag.py for tasks to queue
[2026-08-17T11:41:36.836+0000] {logging_mixin.py:188} INFO - [2026-08-17T11:41:36.836+0000] {dagbag.py:538} INFO - Filling up the DagBag from /home/airflow/.local/lib/python3.8/site-packages/airflow/example_dags/example_external_task_marker_dag.py
[2026-08-17T11:41:36.844+0000] {processor.py:840} INFO - DAG(s) 'example_external_task_marker_child', 'example_external_task_marker_parent' retrieved from /home/airflow/.local/lib/python3.8/site-packages/airflow/example_dags/example_external_task_marker_dag.py
[2026-08-17T11:41:36.871+0000] {logging_mixin.py:188} INFO - [2026-08-17T11:41:36.871+0000] {dag.py:3036} INFO - Sync 2 DAGs
[2026-08-17T11:41:36.885+0000] {logging_mixin.py:188} INFO - [2026-08-17T11:41:36.885+0000] {dag.py:3823} INFO - Setting next_dagrun for example_external_task_marker_child to None, run_after=None
[2026-08-17T11:41:36.890+0000] {logging_mixin.py:188} INFO - [2026-08-17T11:41:36.889+0000] {dag.py:3823} INFO - Setting next_dagrun for example_external_task_marker_parent to None, run_after=None
[2026-08-17T11:41:36.907+0000] {processor.py:183} INFO - Processing /home/airflow/.local/lib/python3.8/site-packages/airflow/example_dags/example_external_task_marker_dag.py took 0.079 seconds
[2026-08-17T11:42:07.194+0000] {processor.py:161} INFO - Started process (PID=2912) to work on /home/airflow/.local/lib/python3.8/site-packages/airflow/example_dags/example_external_task_marker_dag.py
[2026-08-17T11:42:07.195+0000] {processor.py:830} INFO - Processing file /home/airflow/.local/lib/python3.8/site-packages/airflow/example_dags/example_external_task_marker_dag.py for tasks to queue
[2026-08-17T11:42:07.197+0000] {logging_mixin.py:188} INFO - [2026-08-17T11:42:07.197+0000] {dagbag.py:538} INFO - Filling up the DagBag from /home/airflow/.local/lib/python3.8/site-packages/airflow/example_dags/example_external_task_marker_dag.py
[2026-08-17T11:42:07.204+0000] {processor.py:840} INFO - DAG(s) 'example_external_task_marker_parent', 'example_external_task_marker_child' retrieved from /home/airflow/.local/lib/python3.8/site-packages/airflow/example_dags/example_external_task_marker_dag.py
[2026-08-17T11:42:07.229+0000] {logging_mixin.py:188} INFO - [2026-08-17T11:42:07.229+0000] {dag.py:3036} INFO - Sync 2 DAGs
[2026-08-17T11:42:07.242+0000] {logging_mixin.py:188} INFO - [2026-08-17T11:42:07.242+0000] {dag.py:3823} INFO - Setting next_dagrun for example_external_task_marker_child to None, run_after=None
[2026-08-17T11:42:07.246+0000] {logging_mixin.py:188} INFO - [2026-08-17T11:42:07.245+0000] {dag.py:3823} INFO - Setting next_dagrun for example_external_task_marker_parent to None, run_after=None
[2026-08-17T11:42:07.264+0000] {processor.py:183} INFO - Processing /home/airflow/.local/lib/python3.8/site-packages/airflow/example_dags/example_external_task_marker_dag.py took 0.074 seconds
[2026-08-17T11:42:38.409+0000] {processor.py:161} INFO - Started process (PID=2995) to work on /home/airflow/.local/lib/python3.8/site-packages/airflow/example_dags/example_external_task_marker_dag.py
[2026-08-17T11:42:38.410+0000] {processor.py:830} INFO - Processing file /home/airflow/.local/lib/python3.8/site-packages/airflow/example_dags/example_external_task_marker_dag.py for tasks to queue
[2026-08-17T11:42:38.413+0000] {logging_mixin.py:188} INFO - [2026-08-17T11:42:38.413+0000] {dagbag.py:538} INFO - Filling up the DagBag from /home/airflow/.local/lib/python3.8/site-packages/airflow/example_dags/example_external_task_marker_dag.py
[2026-08-17T11:42:38.420+0000] {processor.py:840} INFO - DAG(s) 'example_external_task_marker_child', 'example_external_task_marker_parent' retrieved from /home/airflow/.local/lib/python3.8/site-packages/airflow/example_dags/example_external_task_marker_dag.py
[2026-08-17T11:42:38.444+0000] {logging_mixin.py:188} INFO - [2026-08-17T11:42:38.444+0000] {dag.py:3036} INFO - Sync 2 DAGs
[2026-08-17T11:42:38.456+0000] {logging_mixin.py:188} INFO - [2026-08-17T11:42:38.456+0000] {dag.py:3823} INFO - Setting next_dagrun for example_external_task_marker_child to None, run_after=None
[2026-08-17T11:42:38.460+0000] {logging_mixin.py:188} INFO - [2026-08-17T11:42:38.460+0000] {dag.py:3823} INFO - Setting next_dagrun for example_external_task_marker_parent to None, run_after=None
[2026-08-17T11:42:38.479+0000] {processor.py:183} INFO - Processing /home/airflow/.local/lib/python3.8/site-packages/airflow/example_dags/example_external_task_marker_dag.py took 0.074 seconds
[2026-08-17T11:43:09.392+0000] {processor.py:161} INFO - Started process (PID=3074) to work on /home/airflow/.local/lib/python3.8/site-packages/airflow/example_dags/example_external_task_marker_dag.py
[2026-08-17T11:43:09.394+0000] {processor.py:830} INFO - Processing file /home/airflow/.local/lib/python3.8/site-packages/airflow/example_dags/example_external_task_marker_dag.py for tasks to queue
[2026-08-17T11:43:09.396+0000] {logging_mixin.py:188} INFO - [2026-08-17T11:43:09.395+0000] {dagbag.py:538} INFO - Filling up the DagBag from /home/airflow/.local/lib/python3.8/site-packages/airflow/example_dags/example_external_task_marker_dag.py
[2026-08-17T11:43:09.402+0000] {processor.py:840} INFO - DAG(s) 'example_external_task_marker_parent', 'example_external_task_marker_child' retrieved from /home/airflow/.local/lib/python3.8/site-packages/airflow/example_dags/example_external_task_marker_dag.py
[2026-08-17T11:43:09.428+0000] {logging_mixin.py:188} INFO - [2026-08-17T11:43:09.428+0000] {dag.py:3036} INFO - Sync 2 DAGs
[2026-08-17T11:43:09.440+0000] {logging_mixin.py:188} INFO - [2026-08-17T11:43:09.440+0000] {dag.py:3823} INFO - Setting next_dagrun for example_external_task_marker_child to None, run_after=None
[2026-08-17T11:43:09.445+0000] {logging_mixin.py:188} INFO - [2026-08-17T11:43:09.445+0000] {dag.py:3823} INFO - Setting next_dagrun for example_external_task_marker_parent to None, run_after=None
[2026-08-17T11:43:09.465+0000] {processor.py:183} INFO - Processing /home/airflow/.local/lib/python3.8/site-packages/airflow/example_dags/example_external_task_marker_dag.py took 0.076 seconds
[2026-08-17T11:43:40.230+0000] {processor.py:161} INFO - Started process (PID=3153) to work on /home/airflow/.local/lib/python3.8/site-packages/airflow/example_dags/example_external_task_marker_dag.py
[2026-08-17T11:43:40.231+0000] {processor.py:830} INFO - Processing file /home/airflow/.local/lib/python3.8/site-packages/airflow/example_dags/example_external_task_marker_dag.py for tasks to queue
[2026-08-17T11:43:40.233+0000] {logging_mixin.py:188} INFO - [2026-08-17T11:43:40.233+0000] {dagbag.py:538} INFO - Filling up the DagBag from /home/airflow/.local/lib/python3.8/site-packages/airflow/example_dags/example_external_task_marker_dag.py
[2026-08-17T11:43:40.239+0000] {processor.py:840} INFO - DAG(s) 'example_external_task_marker_parent', 'example_external_task_marker_child' retrieved from /home/airflow/.local/lib/python3.8/site-packages/airflow/example_dags/example_external_task_marker_dag.py
[2026-08-17T11:43:40.263+0000] {logging_mixin.py:188} INFO - [2026-08-17T11:43:40.263+0000] {dag.py:3036} INFO - Sync 2 DAGs
[2026-08-17T11:43:40.276+0000] {logging_mixin.py:188} INFO - [2026-08-17T11:43:40.276+0000] {dag.py:3823} INFO - Setting next_dagrun for example_external_task_marker_child to None, run_after=None
[2026-08-17T11:43:40.280+0000] {logging_mixin.py:188} INFO - [2026-08-17T11:43:40.280+0000] {dag.py:3823} INFO - Setting next_dagrun for example_external_task_marker_parent to None, run_after=None
[2026-08-17T11:43:40.300+0000] {processor.py:183} INFO - Processing /home/airflow/.local/lib/python3.8/site-packages/airflow/example_dags/example_external_task_marker_dag.py took 0.073 seconds
[2026-08-17T11:44:10.720+0000] {processor.py:161} INFO - Started process (PID=3233) to work on /home/airflow/.local/lib/python3.8/site-packages/airflow/example_dags/example_external_task_marker_dag.py
[2026-08-17T11:44:10.722+0000] {processor.py:830} INFO - Processing file /home/airflow/.local/lib/python3.8/site-packages/airflow/example_dags/example_external_task_marker_dag.py for tasks to queue
[2026-08-17T11:44:10.724+0000] {logging_mixin.py:188} INFO - [2026-08-17T11:44:10.724+0000] {dagbag.py:538} INFO - Filling up the DagBag from /home/airflow/.local/lib/python3.8/site-packages/airflow/example_dags/example_external_task_marker_dag.py
[2026-08-17T11:44:10.730+0000] {processor.py:840} INFO - DAG(s) 'example_external_task_marker_child', 'example_external_task_marker_parent' retrieved from /home/airflow/.local/lib/python3.8/site-packages/airflow/example_dags/example_external_task_marker_dag.py
[2026-08-17T11:44:10.755+0000] {logging_mixin.py:188} INFO - [2026-08-17T11:44:10.754+0000] {dag.py:3036} INFO - Sync 2 DAGs
[2026-08-17T11:44:10.767+0000] {logging_mixin.py:188} INFO - [2026-08-17T11:44:10.766+0000] {dag.py:3823} INFO - Setting next_dagrun for example_external_task_marker_child to None, run_after=None
[2026-08-17T11:44:10.771+0000] {logging_mixin.py:188} INFO - [2026-08-17T11:44:10.771+0000] {dag.py:3823} INFO - Setting next_dagrun for example_external_task_marker_parent to None, run_after=None
[2026-08-17T11:44:10.789+0000] {processor.py:183} INFO - Processing /home/airflow/.local/lib/python3.8/site-packages/airflow/example_dags/example_external_task_marker_dag.py took 0.072 seconds
