[2026-08-17T11:24:20.878+0000] {processor.py:161} INFO - Started process (PID=155) to work on /home/airflow/.local/lib/python3.8/site-packages/airflow/example_dags/example_branch_labels.py
[2026-08-17T11:24:20.884+0000] {processor.py:830} INFO - Processing file /home/airflow/.local/lib/python3.8/site-packages/airflow/example_dags/example_branch_labels.py for tasks to queue
[2026-08-17T11:24:20.895+0000] {logging_mixin.py:188} INFO - [2026-08-17T11:24:20.893+0000] {dagbag.py:538} INFO - Filling up the DagBag from /home/airflow/.local/lib/python3.8/site-packages/airflow/example_dags/example_branch_labels.py
[2026-08-17T11:24:20.961+0000] {processor.py:840} INFO - DAG(s) 'example_branch_labels' retrieved from /home/airflow/.local/lib/python3.8/site-packages/airflow/example_dags/example_branch_labels.py
[2026-08-17T11:24:21.079+0000] {logging_mixin.py:188} INFO - [2026-08-17T11:24:21.079+0000] {dag.py:3036} INFO - Sync 1 DAGs
[2026-08-17T11:24:21.212+0000] {logging_mixin.py:188} INFO - [2026-08-17T11:24:21.211+0000] {dag.py:3823} INFO - Setting next_dagrun for example_branch_labels to 2026-08-16 00:00:00+00:00, run_after=2026-08-17 00:00:00+00:00
[2026-08-17T11:24:21.324+0000] {processor.py:183} INFO - Processing /home/airflow/.local/lib/python3.8/site-packages/airflow/example_dags/example_branch_labels.py took 0.460 seconds
[2026-08-17T11:24:51.621+0000] {processor.py:161} INFO - Started process (PID=251) to work on /home/airflow/.local/lib/python3.8/site-packages/airflow/example_dags/example_branch_labels.py
[2026-08-17T11:24:51.625+0000] {processor.py:830} INFO - Processing file /home/airflow/.local/lib/python3.8/site-packages/airflow/example_dags/example_branch_labels.py for tasks to queue
[2026-08-17T11:24:51.629+0000] {logging_mixin.py:188} INFO - [2026-08-17T11:24:51.628+0000] {dagbag.py:538} INFO - Filling up the DagBag from /home/airflow/.local/lib/python3.8/site-packages/airflow/example_dags/example_branch_labels.py
[2026-08-17T11:24:51.646+0000] {processor.py:840} INFO - DAG(s) 'example_branch_labels' retrieved from /home/airflow/.local/lib/python3.8/site-packages/airflow/example_dags/example_branch_labels.py
[2026-08-17T11:24:51.845+0000] {logging_mixin.py:188} INFO - [2026-08-17T11:24:51.845+0000] {dag.py:3036} INFO - Sync 1 DAGs
[2026-08-17T11:24:51.908+0000] {logging_mixin.py:188} INFO - [2026-08-17T11:24:51.908+0000] {dag.py:3823} INFO - Setting next_dagrun for example_branch_labels to 2026-08-16 00:00:00+00:00, run_after=2026-08-17 00:00:00+00:00
[2026-08-17T11:24:51.938+0000] {processor.py:183} INFO - Processing /home/airflow/.local/lib/python3.8/site-packages/airflow/example_dags/example_branch_labels.py took 0.328 seconds
[2026-08-17T11:25:22.455+0000] {processor.py:161} INFO - Started process (PID=326) to work on /home/airflow/.local/lib/python3.8/site-packages/airflow/example_dags/example_branch_labels.py
[2026-08-17T11:25:22.457+0000] {processor.py:830} INFO - Processing file /home/airflow/.local/lib/python3.8/site-packages/airflow/example_dags/example_branch_labels.py for tasks to queue
[2026-08-17T11:25:22.460+0000] {logging_mixin.py:188} INFO - [2026-08-17T11:25:22.460+0000] {dagbag.py:538} INFO - Filling up the DagBag from /home/airflow/.local/lib/python3.8/site-packages/airflow/example_dags/example_branch_labels.py
[2026-08-17T11:25:22.471+0000] {processor.py:840} INFO - DAG(s) 'example_branch_labels' retrieved from /home/airflow/.local/lib/python3.8/site-packages/airflow/example_dags/example_branch_labels.py
[2026-08-17T11:25:22.499+0000] {logging_mixin.py:188} INFO - [2026-08-17T11:25:22.499+0000] {dag.py:3036} INFO - Sync 1 DAGs
[2026-08-17T11:25:22.534+0000] {logging_mixin.py:188} INFO - [2026-08-17T11:25:22.533+0000] {dag.py:3823} INFO - Setting next_dagrun for example_branch_labels to 2026-08-16 00:00:00+00:00, run_after=2026-08-17 00:00:00+00:00
[2026-08-17T11:25:22.565+0000] {processor.py:183} INFO - Processing /home/airflow/.local/lib/python3.8/site-packages/airflow/example_dags/example_branch_labels.py took 0.114 seconds
[2026-08-17T11:25:52.705+0000] {processor.py:161} INFO - Started process (PID=401) to work on /home/airflow/.local/lib/python3.8/site-packages/airflow/example_dags/example_branch_labels.py
[2026-08-17T11:25:52.707+0000] {processor.py:830} INFO - Processing file /home/airflow/.local/lib/python3.8/site-packages/airflow/example_dags/example_branch_labels.py for tasks to queue
[2026-08-17T11:25:52.710+0000] {logging_mixin.py:188} INFO - [2026-08-17T11:25:52.709+0000] {dagbag.py:538} INFO - Filling up the DagBag from /home/airflow/.local/lib/python3.8/site-packages/airflow/example_dags/example_branch_labels.py
[2026-08-17T11:25:52.718+0000] {processor.py:840} INFO - DAG(s) 'example_branch_labels' retrieved from /home/airflow/.local/lib/python3.8/site-packages/airflow/example_dags/example_branch_labels.py
[2026-08-17T11:25:52.741+0000] {logging_mixin.py:188} INFO - [2026-08-17T11:25:52.741+0000] {dag.py:3036} INFO - Sync 1 DAGs
[2026-08-17T11:25:52.765+0000] {logging_mixin.py:188} INFO - [2026-08-17T11:25:52.765+0000] {dag.py:3823} INFO - Setting next_dagrun for example_branch_labels to 2026-08-16 00:00:00+00:00, run_after=2026-08-17 00:00:00+00:00
[2026-08-17T11:25:52.786+0000] {processor.py:183} INFO - Processing /home/airflow/.local/lib/python3.8/site-packages/airflow/example_dags/example_branch_labels.py took 0.084 seconds
[2026-08-17T11:26:23.026+0000] {processor.py:161} INFO - Started process (PID=480) to work on /home/airflow/.local/lib/python3.8/site-packages/airflow/example_dags/example_branch_labels.py
[2026-08-17T11:26:23.027+0000] {processor.py:830} INFO - Processing file /home/airflow/.local/lib/python3.8/site-packages/airflow/example_dags/example_branch_labels.py for tasks to queue
[2026-08-17T11:26:23.030+0000] {logging_mixin.py:188} INFO - [2026-08-17T11:26:23.029+0000] {dagbag.py:538} INFO - Filling up the DagBag from /home/airflow/.local/lib/python3.8/site-packages/airflow/example_dags/example_branch_labels.py
[2026-08-17T11:26:23.043+0000] {processor.py:840} INFO - DAG(s) 'example_branch_labels' retrieved from /home/airflow/.local/lib/python3.8/site-packages/airflow/example_dags/example_branch_labels.py
[2026-08-17T11:26:23.076+0000] {logging_mixin.py:188} INFO - [2026-08-17T11:26:23.076+0000] {dag.py:3036} INFO - Sync 1 DAGs
[2026-08-17T11:26:23.111+0000] {logging_mixin.py:188} INFO - [2026-08-17T11:26:23.110+0000] {dag.py:3823} INFO - Setting next_dagrun for example_branch_labels to 2026-08-16 00:00:00+00:00, run_after=2026-08-17 00:00:00+00:00
[2026-08-17T11:26:23.136+0000] {processor.py:183} INFO - Processing /home/airflow/.local/lib/python3.8/site-packages/airflow/example_dags/example_branch_labels.py took 0.114 seconds
[2026-08-17T11:26:53.676+0000] {processor.py:161} INFO - Started process (PID=554) to work on /home/airflow/.local/lib/python3.8/site-packages/airflow/example_dags/example_branch_labels.py
[2026-08-17T11:26:53.678+0000] {processor.py:830} INFO - Processing file /home/airflow/.local/lib/python3.8/site-packages/airflow/example_dags/example_branch_labels.py for tasks to queue
[2026-08-17T11:26:53.681+0000] {logging_mixin.py:188} INFO - [2026-08-17T11:26:53.681+0000] {dagbag.py:538} INFO - Filling up the DagBag from /home/airflow/.local/lib/python3.8/site-packages/airflow/example_dags/example_branch_labels.py
[2026-08-17T11:26:53.695+0000] {processor.py:840} INFO - DAG(s) 'example_branch_labels' retrieved from /home/airflow/.local/lib/python3.8/site-packages/airflow/example_dags/example_branch_labels.py
[2026-08-17T11:26:53.722+0000] {logging_mixin.py:188} INFO - [2026-08-17T11:26:53.721+0000] {dag.py:3036} INFO - Sync 1 DAGs
[2026-08-17T11:26:53.749+0000] {logging_mixin.py:188} INFO - [2026-08-17T11:26:53.748+0000] {dag.py:3823} INFO - Setting next_dagrun for example_branch_labels to 2026-08-16 00:00:00+00:00, run_after=2026-08-17 00:00:00+00:00
[2026-08-17T11:26:53.771+0000] {processor.py:183} INFO - Processing /home/airflow/.local/lib/python3.8/site-packages/airflow/example_dags/example_branch_labels.py took 0.100 seconds
[2026-08-17T11:27:23.865+0000] {processor.py:161} INFO - Started process (PID=629) to work on /home/airflow/.local/lib/python3.8/site-packages/airflow/example_dags/example_branch_labels.py
[2026-08-17T11:27:23.866+0000] {processor.py:830} INFO - Processing file /home/airflow/.local/lib/python3.8/site-packages/airflow/example_dags/example_branch_labels.py for tasks to queue
[2026-08-17T11:27:23.868+0000] {logging_mixin.py:188} INFO - [2026-08-17T11:27:23.868+0000] {dagbag.py:538} INFO - Filling up the DagBag from /home/airflow/.local/lib/python3.8/site-packages/airflow/example_dags/example_branch_labels.py
[2026-08-17T11:27:23.876+0000] {processor.py:840} INFO - DAG(s) 'example_branch_labels' retrieved from /home/airflow/.local/lib/python3.8/site-packages/airflow/example_dags/example_branch_labels.py
[2026-08-17T11:27:23.899+0000] {logging_mixin.py:188} INFO - [2026-08-17T11:27:23.899+0000] {dag.py:3036} INFO - Sync 1 DAGs
[2026-08-17T11:27:23.922+0000] {logging_mixin.py:188} INFO - [2026-08-17T11:27:23.922+0000] {dag.py:3823} INFO - Setting next_dagrun for example_branch_labels to 2026-08-16 00:00:00+00:00, run_after=2026-08-17 00:00:00+00:00
[2026-08-17T11:27:23.942+0000] {processor.py:183} INFO - Processing /home/airflow/.local/lib/python3.8/site-packages/airflow/example_dags/example_branch_labels.py took 0.081 seconds
[2026-08-17T11:27:55.345+0000] {processor.py:161} INFO - Started process (PID=704) to work on /home/airflow/.local/lib/python3.8/site-packages/airflow/example_dags/example_branch_labels.py
[2026-08-17T11:27:55.346+0000] {processor.py:830} INFO - Processing file /home/airflow/.local/lib/python3.8/site-packages/airflow/example_dags/example_branch_labels.py for tasks to queue
[2026-08-17T11:27:55.349+0000] {logging_mixin.py:188} INFO - [2026-08-17T11:27:55.348+0000] {dagbag.py:538} INFO - Filling up the DagBag from /home/airflow/.local/lib/python3.8/site-packages/airflow/example_dags/example_branch_labels.py
[2026-08-17T11:27:55.358+0000] {processor.py:840} INFO - DAG(s) 'example_branch_labels' retrieved from /home/airflow/.local/lib/python3.8/site-packages/airflow/example_dags/example_branch_labels.py
[2026-08-17T11:27:55.380+0000] {logging_mixin.py:188} INFO - [2026-08-17T11:27:55.380+0000] {dag.py:3036} INFO - Sync 1 DAGs
[2026-08-17T11:27:55.401+0000] {logging_mixin.py:188} INFO - [2026-08-17T11:27:55.401+0000] {dag.py:3823} INFO - Setting next_dagrun for example_branch_labels to 2026-08-16 00:00:00+00:00, run_after=2026-08-17 00:00:00+00:00
[2026-08-17T11:27:55.422+0000] {processor.py:183} INFO - Processing /home/airflow/.local/lib/python3.8/site-packages/airflow/example_dags/example_branch_labels.py took 0.081 seconds
[2026-08-17T11:28:26.503+0000] {processor.py:161} INFO - Started process (PID=785) to work on /home/airflow/.local/lib/python3.8/site-packages/airflow/example_dags/example_branch_labels.py
[2026-08-17T11:28:26.504+0000] {processor.py:830} INFO - Processing file /home/airflow/.local/lib/python3.8/site-packages/airflow/example_dags/example_branch_labels.py for tasks to queue
[2026-08-17T11:28:26.507+0000] {logging_mixin.py:188} INFO - [2026-08-17T11:28:26.507+0000] {dagbag.py:538} INFO - Filling up the DagBag from /home/airflow/.local/lib/python3.8/site-packages/airflow/example_dags/example_branch_labels.py
[2026-08-17T11:28:26.518+0000] {processor.py:840} INFO - DAG(s) 'example_branch_labels' retrieved from /home/airflow/.local/lib/python3.8/site-packages/airflow/example_dags/example_branch_labels.py
[2026-08-17T11:28:26.545+0000] {logging_mixin.py:188} INFO - [2026-08-17T11:28:26.545+0000] {dag.py:3036} INFO - Sync 1 DAGs
[2026-08-17T11:28:26.569+0000] {logging_mixin.py:188} INFO - [2026-08-17T11:28:26.569+0000] {dag.py:3823} INFO - Setting next_dagrun for example_branch_labels to 2026-08-16 00:00:00+00:00, run_after=2026-08-17 00:00:00+00:00
[2026-08-17T11:28:26.588+0000] {processor.py:183} INFO - Processing /home/airflow/.local/lib/python3.8/site-packages/airflow/example_dags/example_branch_labels.py took 0.089 seconds
[2026-08-17T11:28:57.632+0000] {processor.py:161} INFO - Started process (PID=864) to work on /home/airflow/.local/lib/python3.8/site-packages/airflow/example_dags/example_branch_labels.py
[2026-08-17T11:28:57.633+0000] {processor.py:830} INFO - Processing file /home/airflow/.local/lib/python3.8/site-packages/airflow/example_dags/example_branch_labels.py for tasks to queue
[2026-08-17T11:28:57.636+0000] {logging_mixin.py:188} INFO - [2026-08-17T11:28:57.635+0000] {dagbag.py:538} INFO - Filling up the DagBag from /home/airflow/.local/lib/python3.8/site-packages/airflow/example_dags/example_branch_labels.py
[2026-08-17T11:28:57.645+0000] {processor.py:840} INFO - DAG(s) 'example_branch_labels' retrieved from /home/airflow/.local/lib/python3.8/site-packages/airflow/example_dags/example_branch_labels.py
[2026-08-17T11:28:57.668+0000] {logging_mixin.py:188} INFO - [2026-08-17T11:28:57.668+0000] {dag.py:3036} INFO - Sync 1 DAGs
[2026-08-17T11:28:57.691+0000] {logging_mixin.py:188} INFO - [2026-08-17T11:28:57.691+0000] {dag.py:3823} INFO - Setting next_dagrun for example_branch_labels to 2026-08-16 00:00:00+00:00, run_after=2026-08-17 00:00:00+00:00
[2026-08-17T11:28:57.711+0000] {processor.py:183} INFO - Processing /home/airflow/.local/lib/python3.8/site-packages/airflow/example_dags/example_branch_labels.py took 0.083 seconds
[2026-08-17T11:29:28.935+0000] {processor.py:161} INFO - Started process (PID=943) to work on /home/airflow/.local/lib/python3.8/site-packages/airflow/example_dags/example_branch_labels.py
[2026-08-17T11:29:28.936+0000] {processor.py:830} INFO - Processing file /home/airflow/.local/lib/python3.8/site-packages/airflow/example_dags/example_branch_labels.py for tasks to queue
[2026-08-17T11:29:28.939+0000] {logging_mixin.py:188} INFO - [2026-08-17T11:29:28.938+0000] {dagbag.py:538} INFO - Filling up the DagBag from /home/airflow/.local/lib/python3.8/site-packages/airflow/example_dags/example_branch_labels.py
[2026-08-17T11:29:28.947+0000] {processor.py:840} INFO - DAG(s) 'example_branch_labels' retrieved from /home/airflow/.local/lib/python3.8/site-packages/airflow/example_dags/example_branch_labels.py
[2026-08-17T11:29:28.968+0000] {logging_mixin.py:188} INFO - [2026-08-17T11:29:28.968+0000] {dag.py:3036} INFO - Sync 1 DAGs
[2026-08-17T11:29:28.992+0000] {logging_mixin.py:188} INFO - [2026-08-17T11:29:28.991+0000] {dag.py:3823} INFO - Setting next_dagrun for example_branch_labels to 2026-08-16 00:00:00+00:00, run_after=2026-08-17 00:00:00+00:00
[2026-08-17T11:29:29.011+0000] {processor.py:183} INFO - Processing /home/airflow/.local/lib/python3.8/site-packages/airflow/example_dags/example_branch_labels.py took 0.080 seconds
[2026-08-17T11:29:59.700+0000] {processor.py:161} INFO - Started process (PID=1022) to work on /home/airflow/.local/lib/python3.8/site-packages/airflow/example_dags/example_branch_labels.py
[2026-08-17T11:29:59.701+0000] {processor.py:830} INFO - Processing file /home/airflow/.local/lib/python3.8/site-packages/airflow/example_dags/example_branch_labels.py for tasks to queue
[2026-08-17T11:29:59.704+0000] {logging_mixin.py:188} INFO - [2026-08-17T11:29:59.703+0000] {dagbag.py:538} INFO - Filling up the DagBag from /home/airflow/.local/lib/python3.8/site-packages/airflow/example_dags/example_branch_labels.py
[2026-08-17T11:29:59.711+0000] {processor.py:840} INFO - DAG(s) 'example_branch_labels' retrieved from /home/airflow/.local/lib/python3.8/site-packages/airflow/example_dags/example_branch_labels.py
[2026-08-17T11:29:59.734+0000] {logging_mixin.py:188} INFO - [2026-08-17T11:29:59.734+0000] {dag.py:3036} INFO - Sync 1 DAGs
[2026-08-17T11:29:59.757+0000] {logging_mixin.py:188} INFO - [2026-08-17T11:29:59.756+0000] {dag.py:3823} INFO - Setting next_dagrun for example_branch_labels to 2026-08-16 00:00:00+00:00, run_after=2026-08-17 00:00:00+00:00
[2026-08-17T11:29:59.785+0000] {processor.py:183} INFO - Processing /home/airflow/.local/lib/python3.8/site-packages/airflow/example_dags/example_branch_labels.py took 0.089 seconds
[2026-08-17T11:30:30.537+0000] {processor.py:161} INFO - Started process (PID=1100) to work on /home/airflow/.local/lib/python3.8/site-packages/airflow/example_dags/example_branch_labels.py
[2026-08-17T11:30:30.539+0000] {processor.py:830} INFO - Processing file /home/airflow/.local/lib/python3.8/site-packages/airflow/example_dags/example_branch_labels.py for tasks to queue
[2026-08-17T11:30:30.541+0000] {logging_mixin.py:188} INFO - [2026-08-17T11:30:30.540+0000] {dagbag.py:538} INFO - Filling up the DagBag from /home/airflow/.local/lib/python3.8/site-packages/airflow/example_dags/example_branch_labels.py
[2026-08-17T11:30:30.549+0000] {processor.py:840} INFO - DAG(s) 'example_branch_labels' retrieved from /home/airflow/.local/lib/python3.8/site-packages/airflow/example_dags/example_branch_labels.py
[2026-08-17T11:30:30.571+0000] {logging_mixin.py:188} INFO - [2026-08-17T11:30:30.571+0000] {dag.py:3036} INFO - Sync 1 DAGs
[2026-08-17T11:30:30.594+0000] {logging_mixin.py:188} INFO - [2026-08-17T11:30:30.594+0000] {dag.py:3823} INFO - Setting next_dagrun for example_branch_labels to 2026-08-16 00:00:00+00:00, run_after=2026-08-17 00:00:00+00:00
[2026-08-17T11:30:30.617+0000] {processor.py:183} INFO - Processing /home/airflow/.local/lib/python3.8/site-packages/airflow/example_dags/example_branch_labels.py took 0.084 seconds
[2026-08-17T11:31:03.235+0000] {processor.py:161} INFO - Started process (PID=1180) to work on /home/airflow/.local/lib/python3.8/site-packages/airflow/example_dags/example_branch_labels.py
[2026-08-17T11:31:03.236+0000] {processor.py:830} INFO - Processing file /home/airflow/.local/lib/python3.8/site-packages/airflow/example_dags/example_branch_labels.py for tasks to queue
[2026-08-17T11:31:03.239+0000] {logging_mixin.py:188} INFO - [2026-08-17T11:31:03.238+0000] {dagbag.py:538} INFO - Filling up the DagBag from /home/airflow/.local/lib/python3.8/site-packages/airflow/example_dags/example_branch_labels.py
[2026-08-17T11:31:03.249+0000] {processor.py:840} INFO - DAG(s) 'example_branch_labels' retrieved from /home/airflow/.local/lib/python3.8/site-packages/airflow/example_dags/example_branch_labels.py
[2026-08-17T11:31:03.275+0000] {logging_mixin.py:188} INFO - [2026-08-17T11:31:03.274+0000] {dag.py:3036} INFO - Sync 1 DAGs
[2026-08-17T11:31:03.302+0000] {logging_mixin.py:188} INFO - [2026-08-17T11:31:03.302+0000] {dag.py:3823} INFO - Setting next_dagrun for example_branch_labels to 2026-08-16 00:00:00+00:00, run_after=2026-08-17 00:00:00+00:00
[2026-08-17T11:31:03.327+0000] {processor.py:183} INFO - Processing /home/airflow/.local/lib/python3.8/site-packages/airflow/example_dags/example_branch_labels.py took 0.096 seconds
[2026-08-17T11:31:34.533+0000] {processor.py:161} INFO - Started process (PID=1259) to work on /home/airflow/.local/lib/python3.8/site-packages/airflow/example_dags/example_branch_labels.py
[2026-08-17T11:31:34.534+0000] {processor.py:830} INFO - Processing file /home/airflow/.local/lib/python3.8/site-packages/airflow/example_dags/example_branch_labels.py for tasks to queue
[2026-08-17T11:31:34.537+0000] {logging_mixin.py:188} INFO - [2026-08-17T11:31:34.536+0000] {dagbag.py:538} INFO - Filling up the DagBag from /home/airflow/.local/lib/python3.8/site-packages/airflow/example_dags/example_branch_labels.py
[2026-08-17T11:31:34.545+0000] {processor.py:840} INFO - DAG(s) 'example_branch_labels' retrieved from /home/airflow/.local/lib/python3.8/site-packages/airflow/example_dags/example_branch_labels.py
[2026-08-17T11:31:34.568+0000] {logging_mixin.py:188} INFO - [2026-08-17T11:31:34.567+0000] {dag.py:3036} INFO - Sync 1 DAGs
[2026-08-17T11:31:34.590+0000] {logging_mixin.py:188} INFO - [2026-08-17T11:31:34.589+0000] {dag.py:3823} INFO - Setting next_dagrun for example_branch_labels to 2026-08-16 00:00:00+00:00, run_after=2026-08-17 00:00:00+00:00
[2026-08-17T11:31:34.644+0000] {processor.py:183} INFO - Processing /home/airflow/.local/lib/python3.8/site-packages/airflow/example_dags/example_branch_labels.py took 0.116 seconds
[2026-08-17T11:32:06.133+0000] {processor.py:161} INFO - Started process (PID=1339) to work on /home/airflow/.local/lib/python3.8/site-packages/airflow/example_dags/example_branch_labels.py
[2026-08-17T11:32:06.134+0000] {processor.py:830} INFO - Processing file /home/airflow/.local/lib/python3.8/site-packages/airflow/example_dags/example_branch_labels.py for tasks to queue
[2026-08-17T11:32:06.138+0000] {logging_mixin.py:188} INFO - [2026-08-17T11:32:06.137+0000] {dagbag.py:538} INFO - Filling up the DagBag from /home/airflow/.local/lib/python3.8/site-packages/airflow/example_dags/example_branch_labels.py
[2026-08-17T11:32:06.148+0000] {processor.py:840} INFO - DAG(s) 'example_branch_labels' retrieved from /home/airflow/.local/lib/python3.8/site-packages/airflow/example_dags/example_branch_labels.py
[2026-08-17T11:32:06.176+0000] {logging_mixin.py:188} INFO - [2026-08-17T11:32:06.176+0000] {dag.py:3036} INFO - Sync 1 DAGs
[2026-08-17T11:32:06.203+0000] {logging_mixin.py:188} INFO - [2026-08-17T11:32:06.203+0000] {dag.py:3823} INFO - Setting next_dagrun for example_branch_labels to 2026-08-16 00:00:00+00:00, run_after=2026-08-17 00:00:00+00:00
[2026-08-17T11:32:06.232+0000] {processor.py:183} INFO - Processing /home/airflow/.local/lib/python3.8/site-packages/airflow/example_dags/example_branch_labels.py took 0.104 seconds
[2026-08-17T11:32:37.200+0000] {processor.py:161} INFO - Started process (PID=1418) to work on /home/airflow/.local/lib/python3.8/site-packages/airflow/example_dags/example_branch_labels.py
[2026-08-17T11:32:37.201+0000] {processor.py:830} INFO - Processing file /home/airflow/.local/lib/python3.8/site-packages/airflow/example_dags/example_branch_labels.py for tasks to queue
[2026-08-17T11:32:37.203+0000] {logging_mixin.py:188} INFO - [2026-08-17T11:32:37.203+0000] {dagbag.py:538} INFO - Filling up the DagBag from /home/airflow/.local/lib/python3.8/site-packages/airflow/example_dags/example_branch_labels.py
[2026-08-17T11:32:37.212+0000] {processor.py:840} INFO - DAG(s) 'example_branch_labels' retrieved from /home/airflow/.local/lib/python3.8/site-packages/airflow/example_dags/example_branch_labels.py
[2026-08-17T11:32:37.237+0000] {logging_mixin.py:188} INFO - [2026-08-17T11:32:37.237+0000] {dag.py:3036} INFO - Sync 1 DAGs
[2026-08-17T11:32:37.262+0000] {logging_mixin.py:188} INFO - [2026-08-17T11:32:37.261+0000] {dag.py:3823} INFO - Setting next_dagrun for example_branch_labels to 2026-08-16 00:00:00+00:00, run_after=2026-08-17 00:00:00+00:00
[2026-08-17T11:32:37.320+0000] {processor.py:183} INFO - Processing /home/airflow/.local/lib/python3.8/site-packages/airflow/example_dags/example_branch_labels.py took 0.125 seconds
[2026-08-17T11:33:09.014+0000] {processor.py:161} INFO - Started process (PID=1497) to work on /home/airflow/.local/lib/python3.8/site-packages/airflow/example_dags/example_branch_labels.py
[2026-08-17T11:33:09.016+0000] {processor.py:830} INFO - Processing file /home/airflow/.local/lib/python3.8/site-packages/airflow/example_dags/example_branch_labels.py for tasks to queue
[2026-08-17T11:33:09.018+0000] {logging_mixin.py:188} INFO - [2026-08-17T11:33:09.018+0000] {dagbag.py:538} INFO - Filling up the DagBag from /home/airflow/.local/lib/python3.8/site-packages/airflow/example_dags/example_branch_labels.py
[2026-08-17T11:33:09.027+0000] {processor.py:840} INFO - DAG(s) 'example_branch_labels' retrieved from /home/airflow/.local/lib/python3.8/site-packages/airflow/example_dags/example_branch_labels.py
[2026-08-17T11:33:09.058+0000] {logging_mixin.py:188} INFO - [2026-08-17T11:33:09.058+0000] {dag.py:3036} INFO - Sync 1 DAGs
[2026-08-17T11:33:09.088+0000] {logging_mixin.py:188} INFO - [2026-08-17T11:33:09.088+0000] {dag.py:3823} INFO - Setting next_dagrun for example_branch_labels to 2026-08-16 00:00:00+00:00, run_after=2026-08-17 00:00:00+00:00
[2026-08-17T11:33:09.108+0000] {processor.py:183} INFO - Processing /home/airflow/.local/lib/python3.8/site-packages/airflow/example_dags/example_branch_labels.py took 0.098 seconds
[2026-08-17T11:33:40.978+0000] {processor.py:161} INFO - Started process (PID=1576) to work on /home/airflow/.local/lib/python3.8/site-packages/airflow/example_dags/example_branch_labels.py
[2026-08-17T11:33:40.979+0000] {processor.py:830} INFO - Processing file /home/airflow/.local/lib/python3.8/site-packages/airflow/example_dags/example_branch_labels.py for tasks to queue
[2026-08-17T11:33:40.982+0000] {logging_mixin.py:188} INFO - [2026-08-17T11:33:40.981+0000] {dagbag.py:538} INFO - Filling up the DagBag from /home/airflow/.local/lib/python3.8/site-packages/airflow/example_dags/example_branch_labels.py
[2026-08-17T11:33:40.991+0000] {processor.py:840} INFO - DAG(s) 'example_branch_labels' retrieved from /home/airflow/.local/lib/python3.8/site-packages/airflow/example_dags/example_branch_labels.py
[2026-08-17T11:33:41.016+0000] {logging_mixin.py:188} INFO - [2026-08-17T11:33:41.016+0000] {dag.py:3036} INFO - Sync 1 DAGs
[2026-08-17T11:33:41.044+0000] {logging_mixin.py:188} INFO - [2026-08-17T11:33:41.044+0000] {dag.py:3823} INFO - Setting next_dagrun for example_branch_labels to 2026-08-16 00:00:00+00:00, run_after=2026-08-17 00:00:00+00:00
[2026-08-17T11:33:41.065+0000] {processor.py:183} INFO - Processing /home/airflow/.local/lib/python3.8/site-packages/airflow/example_dags/example_branch_labels.py took 0.091 seconds
[2026-08-17T11:34:12.232+0000] {processor.py:161} INFO - Started process (PID=1655) to work on /home/airflow/.local/lib/python3.8/site-packages/airflow/example_dags/example_branch_labels.py
[2026-08-17T11:34:12.234+0000] {processor.py:830} INFO - Processing file /home/airflow/.local/lib/python3.8/site-packages/airflow/example_dags/example_branch_labels.py for tasks to queue
[2026-08-17T11:34:12.236+0000] {logging_mixin.py:188} INFO - [2026-08-17T11:34:12.236+0000] {dagbag.py:538} INFO - Filling up the DagBag from /home/airflow/.local/lib/python3.8/site-packages/airflow/example_dags/example_branch_labels.py
[2026-08-17T11:34:12.249+0000] {processor.py:840} INFO - DAG(s) 'example_branch_labels' retrieved from /home/airflow/.local/lib/python3.8/site-packages/airflow/example_dags/example_branch_labels.py
[2026-08-17T11:34:12.280+0000] {logging_mixin.py:188} INFO - [2026-08-17T11:34:12.280+0000] {dag.py:3036} INFO - Sync 1 DAGs
[2026-08-17T11:34:12.308+0000] {logging_mixin.py:188} INFO - [2026-08-17T11:34:12.308+0000] {dag.py:3823} INFO - Setting next_dagrun for example_branch_labels to 2026-08-16 00:00:00+00:00, run_after=2026-08-17 00:00:00+00:00
[2026-08-17T11:34:12.340+0000] {processor.py:183} INFO - Processing /home/airflow/.local/lib/python3.8/site-packages/airflow/example_dags/example_branch_labels.py took 0.111 seconds
[2026-08-17T11:34:43.288+0000] {processor.py:161} INFO - Started process (PID=1734) to work on /home/airflow/.local/lib/python3.8/site-packages/airflow/example_dags/example_branch_labels.py
[2026-08-17T11:34:43.290+0000] {processor.py:830} INFO - Processing file /home/airflow/.local/lib/python3.8/site-packages/airflow/example_dags/example_branch_labels.py for tasks to queue
[2026-08-17T11:34:43.292+0000] {logging_mixin.py:188} INFO - [2026-08-17T11:34:43.291+0000] {dagbag.py:538} INFO - Filling up the DagBag from /home/airflow/.local/lib/python3.8/site-packages/airflow/example_dags/example_branch_labels.py
[2026-08-17T11:34:43.300+0000] {processor.py:840} INFO - DAG(s) 'example_branch_labels' retrieved from /home/airflow/.local/lib/python3.8/site-packages/airflow/example_dags/example_branch_labels.py
[2026-08-17T11:34:43.328+0000] {logging_mixin.py:188} INFO - [2026-08-17T11:34:43.327+0000] {dag.py:3036} INFO - Sync 1 DAGs
[2026-08-17T11:34:43.358+0000] {logging_mixin.py:188} INFO - [2026-08-17T11:34:43.358+0000] {dag.py:3823} INFO - Setting next_dagrun for example_branch_labels to 2026-08-16 00:00:00+00:00, run_after=2026-08-17 00:00:00+00:00
[2026-08-17T11:34:43.388+0000] {processor.py:183} INFO - Processing /home/airflow/.local/lib/python3.8/site-packages/airflow/example_dags/example_branch_labels.py took 0.103 seconds
[2026-08-17T11:35:13.557+0000] {processor.py:161} INFO - Started process (PID=1813) to work on /home/airflow/.local/lib/python3.8/site-packages/airflow/example_dags/example_branch_labels.py
[2026-08-17T11:35:13.559+0000] {processor.py:830} INFO - Processing file /home/airflow/.local/lib/python3.8/site-packages/airflow/example_dags/example_branch_labels.py for tasks to queue
[2026-08-17T11:35:13.561+0000] {logging_mixin.py:188} INFO - [2026-08-17T11:35:13.561+0000] {dagbag.py:538} INFO - Filling up the DagBag from /home/airflow/.local/lib/python3.8/site-packages/airflow/example_dags/example_branch_labels.py
[2026-08-17T11:35:13.572+0000] {processor.py:840} INFO - DAG(s) 'example_branch_labels' retrieved from /home/airflow/.local/lib/python3.8/site-packages/airflow/example_dags/example_branch_labels.py
[2026-08-17T11:35:13.596+0000] {logging_mixin.py:188} INFO - [2026-08-17T11:35:13.596+0000] {dag.py:3036} INFO - Sync 1 DAGs
[2026-08-17T11:35:13.621+0000] {logging_mixin.py:188} INFO - [2026-08-17T11:35:13.620+0000] {dag.py:3823} INFO - Setting next_dagrun for example_branch_labels to 2026-08-16 00:00:00+00:00, run_after=2026-08-17 00:00:00+00:00
[2026-08-17T11:35:13.648+0000] {processor.py:183} INFO - Processing /home/airflow/.local/lib/python3.8/site-packages/airflow/example_dags/example_branch_labels.py took 0.095 seconds
[2026-08-17T11:35:43.958+0000] {processor.py:161} INFO - Started process (PID=1892) to work on /home/airflow/.local/lib/python3.8/site-packages/airflow/example_dags/example_branch_labels.py
[2026-08-17T11:35:43.960+0000] {processor.py:830} INFO - Processing file /home/airflow/.local/lib/python3.8/site-packages/airflow/example_dags/example_branch_labels.py for tasks to queue
[2026-08-17T11:35:43.962+0000] {logging_mixin.py:188} INFO - [2026-08-17T11:35:43.962+0000] {dagbag.py:538} INFO - Filling up the DagBag from /home/airflow/.local/lib/python3.8/site-packages/airflow/example_dags/example_branch_labels.py
[2026-08-17T11:35:43.971+0000] {processor.py:840} INFO - DAG(s) 'example_branch_labels' retrieved from /home/airflow/.local/lib/python3.8/site-packages/airflow/example_dags/example_branch_labels.py
[2026-08-17T11:35:43.994+0000] {logging_mixin.py:188} INFO - [2026-08-17T11:35:43.994+0000] {dag.py:3036} INFO - Sync 1 DAGs
[2026-08-17T11:35:44.018+0000] {logging_mixin.py:188} INFO - [2026-08-17T11:35:44.017+0000] {dag.py:3823} INFO - Setting next_dagrun for example_branch_labels to 2026-08-16 00:00:00+00:00, run_after=2026-08-17 00:00:00+00:00
[2026-08-17T11:35:44.036+0000] {processor.py:183} INFO - Processing /home/airflow/.local/lib/python3.8/site-packages/airflow/example_dags/example_branch_labels.py took 0.082 seconds
[2026-08-17T11:36:14.858+0000] {processor.py:161} INFO - Started process (PID=1971) to work on /home/airflow/.local/lib/python3.8/site-packages/airflow/example_dags/example_branch_labels.py
[2026-08-17T11:36:14.860+0000] {processor.py:830} INFO - Processing file /home/airflow/.local/lib/python3.8/site-packages/airflow/example_dags/example_branch_labels.py for tasks to queue
[2026-08-17T11:36:14.862+0000] {logging_mixin.py:188} INFO - [2026-08-17T11:36:14.862+0000] {dagbag.py:538} INFO - Filling up the DagBag from /home/airflow/.local/lib/python3.8/site-packages/airflow/example_dags/example_branch_labels.py
[2026-08-17T11:36:14.872+0000] {processor.py:840} INFO - DAG(s) 'example_branch_labels' retrieved from /home/airflow/.local/lib/python3.8/site-packages/airflow/example_dags/example_branch_labels.py
[2026-08-17T11:36:14.901+0000] {logging_mixin.py:188} INFO - [2026-08-17T11:36:14.901+0000] {dag.py:3036} INFO - Sync 1 DAGs
[2026-08-17T11:36:14.923+0000] {logging_mixin.py:188} INFO - [2026-08-17T11:36:14.923+0000] {dag.py:3823} INFO - Setting next_dagrun for example_branch_labels to 2026-08-16 00:00:00+00:00, run_after=2026-08-17 00:00:00+00:00
[2026-08-17T11:36:14.940+0000] {processor.py:183} INFO - Processing /home/airflow/.local/lib/python3.8/site-packages/airflow/example_dags/example_branch_labels.py took 0.087 seconds
[2026-08-17T11:36:45.348+0000] {processor.py:161} INFO - Started process (PID=2050) to work on /home/airflow/.local/lib/python3.8/site-packages/airflow/example_dags/example_branch_labels.py
[2026-08-17T11:36:45.349+0000] {processor.py:830} INFO - Processing file /home/airflow/.local/lib/python3.8/site-packages/airflow/example_dags/example_branch_labels.py for tasks to queue
[2026-08-17T11:36:45.351+0000] {logging_mixin.py:188} INFO - [2026-08-17T11:36:45.351+0000] {dagbag.py:538} INFO - Filling up the DagBag from /home/airflow/.local/lib/python3.8/site-packages/airflow/example_dags/example_branch_labels.py
[2026-08-17T11:36:45.360+0000] {processor.py:840} INFO - DAG(s) 'example_branch_labels' retrieved from /home/airflow/.local/lib/python3.8/site-packages/airflow/example_dags/example_branch_labels.py
[2026-08-17T11:36:45.381+0000] {logging_mixin.py:188} INFO - [2026-08-17T11:36:45.381+0000] {dag.py:3036} INFO - Sync 1 DAGs
[2026-08-17T11:36:45.405+0000] {logging_mixin.py:188} INFO - [2026-08-17T11:36:45.404+0000] {dag.py:3823} INFO - Setting next_dagrun for example_branch_labels to 2026-08-16 00:00:00+00:00, run_after=2026-08-17 00:00:00+00:00
[2026-08-17T11:36:45.426+0000] {processor.py:183} INFO - Processing /home/airflow/.local/lib/python3.8/site-packages/airflow/example_dags/example_branch_labels.py took 0.081 seconds
[2026-08-17T11:37:15.869+0000] {processor.py:161} INFO - Started process (PID=2129) to work on /home/airflow/.local/lib/python3.8/site-packages/airflow/example_dags/example_branch_labels.py
[2026-08-17T11:37:15.870+0000] {processor.py:830} INFO - Processing file /home/airflow/.local/lib/python3.8/site-packages/airflow/example_dags/example_branch_labels.py for tasks to queue
[2026-08-17T11:37:15.872+0000] {logging_mixin.py:188} INFO - [2026-08-17T11:37:15.871+0000] {dagbag.py:538} INFO - Filling up the DagBag from /home/airflow/.local/lib/python3.8/site-packages/airflow/example_dags/example_branch_labels.py
[2026-08-17T11:37:15.879+0000] {processor.py:840} INFO - DAG(s) 'example_branch_labels' retrieved from /home/airflow/.local/lib/python3.8/site-packages/airflow/example_dags/example_branch_labels.py
[2026-08-17T11:37:15.899+0000] {logging_mixin.py:188} INFO - [2026-08-17T11:37:15.899+0000] {dag.py:3036} INFO - Sync 1 DAGs
[2026-08-17T11:37:15.919+0000] {logging_mixin.py:188} INFO - [2026-08-17T11:37:15.919+0000] {dag.py:3823} INFO - Setting next_dagrun for example_branch_labels to 2026-08-16 00:00:00+00:00, run_after=2026-08-17 00:00:00+00:00
[2026-08-17T11:37:15.937+0000] {processor.py:183} INFO - Processing /home/airflow/.local/lib/python3.8/site-packages/airflow/example_dags/example_branch_labels.py took 0.072 seconds
[2026-08-17T11:37:52.524+0000] {processor.py:161} INFO - Started process (PID=2239) to work on /home/airflow/.local/lib/python3.8/site-packages/airflow/example_dags/example_branch_labels.py
[2026-08-17T11:37:52.531+0000] {processor.py:830} INFO - Processing file /home/airflow/.local/lib/python3.8/site-packages/airflow/example_dags/example_branch_labels.py for tasks to queue
[2026-08-17T11:37:52.542+0000] {logging_mixin.py:188} INFO - [2026-08-17T11:37:52.540+0000] {dagbag.py:538} INFO - Filling up the DagBag from /home/airflow/.local/lib/python3.8/site-packages/airflow/example_dags/example_branch_labels.py
[2026-08-17T11:37:52.566+0000] {processor.py:840} INFO - DAG(s) 'example_branch_labels' retrieved from /home/airflow/.local/lib/python3.8/site-packages/airflow/example_dags/example_branch_labels.py
[2026-08-17T11:37:52.677+0000] {logging_mixin.py:188} INFO - [2026-08-17T11:37:52.673+0000] {dag.py:3036} INFO - Sync 1 DAGs
[2026-08-17T11:37:52.772+0000] {logging_mixin.py:188} INFO - [2026-08-17T11:37:52.766+0000] {dag.py:3823} INFO - Setting next_dagrun for example_branch_labels to 2026-08-16 00:00:00+00:00, run_after=2026-08-17 00:00:00+00:00
[2026-08-17T11:37:52.845+0000] {processor.py:183} INFO - Processing /home/airflow/.local/lib/python3.8/site-packages/airflow/example_dags/example_branch_labels.py took 0.337 seconds
[2026-08-17T11:38:23.715+0000] {processor.py:161} INFO - Started process (PID=2324) to work on /home/airflow/.local/lib/python3.8/site-packages/airflow/example_dags/example_branch_labels.py
[2026-08-17T11:38:23.716+0000] {processor.py:830} INFO - Processing file /home/airflow/.local/lib/python3.8/site-packages/airflow/example_dags/example_branch_labels.py for tasks to queue
[2026-08-17T11:38:23.718+0000] {logging_mixin.py:188} INFO - [2026-08-17T11:38:23.718+0000] {dagbag.py:538} INFO - Filling up the DagBag from /home/airflow/.local/lib/python3.8/site-packages/airflow/example_dags/example_branch_labels.py
[2026-08-17T11:38:23.728+0000] {processor.py:840} INFO - DAG(s) 'example_branch_labels' retrieved from /home/airflow/.local/lib/python3.8/site-packages/airflow/example_dags/example_branch_labels.py
[2026-08-17T11:38:23.751+0000] {logging_mixin.py:188} INFO - [2026-08-17T11:38:23.751+0000] {dag.py:3036} INFO - Sync 1 DAGs
[2026-08-17T11:38:23.774+0000] {logging_mixin.py:188} INFO - [2026-08-17T11:38:23.774+0000] {dag.py:3823} INFO - Setting next_dagrun for example_branch_labels to 2026-08-16 00:00:00+00:00, run_after=2026-08-17 00:00:00+00:00
[2026-08-17T11:38:23.795+0000] {processor.py:183} INFO - Processing /home/airflow/.local/lib/python3.8/site-packages/airflow/example_dags/example_branch_labels.py took 0.084 seconds
[2026-08-17T11:38:54.132+0000] {processor.py:161} INFO - Started process (PID=2403) to work on /home/airflow/.local/lib/python3.8/site-packages/airflow/example_dags/example_branch_labels.py
[2026-08-17T11:38:54.133+0000] {processor.py:830} INFO - Processing file /home/airflow/.local/lib/python3.8/site-packages/airflow/example_dags/example_branch_labels.py for tasks to queue
[2026-08-17T11:38:54.135+0000] {logging_mixin.py:188} INFO - [2026-08-17T11:38:54.134+0000] {dagbag.py:538} INFO - Filling up the DagBag from /home/airflow/.local/lib/python3.8/site-packages/airflow/example_dags/example_branch_labels.py
[2026-08-17T11:38:54.143+0000] {processor.py:840} INFO - DAG(s) 'example_branch_labels' retrieved from /home/airflow/.local/lib/python3.8/site-packages/airflow/example_dags/example_branch_labels.py
[2026-08-17T11:38:54.165+0000] {logging_mixin.py:188} INFO - [2026-08-17T11:38:54.165+0000] {dag.py:3036} INFO - Sync 1 DAGs
[2026-08-17T11:38:54.187+0000] {logging_mixin.py:188} INFO - [2026-08-17T11:38:54.186+0000] {dag.py:3823} INFO - Setting next_dagrun for example_branch_labels to 2026-08-16 00:00:00+00:00, run_after=2026-08-17 00:00:00+00:00
[2026-08-17T11:38:54.206+0000] {processor.py:183} INFO - Processing /home/airflow/.local/lib/python3.8/site-packages/airflow/example_dags/example_branch_labels.py took 0.078 seconds
[2026-08-17T11:39:24.859+0000] {processor.py:161} INFO - Started process (PID=2490) to work on /home/airflow/.local/lib/python3.8/site-packages/airflow/example_dags/example_branch_labels.py
[2026-08-17T11:39:24.860+0000] {processor.py:830} INFO - Processing file /home/airflow/.local/lib/python3.8/site-packages/airflow/example_dags/example_branch_labels.py for tasks to queue
[2026-08-17T11:39:24.862+0000] {logging_mixin.py:188} INFO - [2026-08-17T11:39:24.862+0000] {dagbag.py:538} INFO - Filling up the DagBag from /home/airflow/.local/lib/python3.8/site-packages/airflow/example_dags/example_branch_labels.py
[2026-08-17T11:39:24.872+0000] {processor.py:840} INFO - DAG(s) 'example_branch_labels' retrieved from /home/airflow/.local/lib/python3.8/site-packages/airflow/example_dags/example_branch_labels.py
[2026-08-17T11:39:24.897+0000] {logging_mixin.py:188} INFO - [2026-08-17T11:39:24.897+0000] {dag.py:3036} INFO - Sync 1 DAGs
[2026-08-17T11:39:24.921+0000] {logging_mixin.py:188} INFO - [2026-08-17T11:39:24.921+0000] {dag.py:3823} INFO - Setting next_dagrun for example_branch_labels to 2026-08-16 00:00:00+00:00, run_after=2026-08-17 00:00:00+00:00
[2026-08-17T11:39:24.944+0000] {processor.py:183} INFO - Processing /home/airflow/.local/lib/python3.8/site-packages/airflow/example_dags/example_branch_labels.py took 0.090 seconds
[2026-08-17T11:39:55.310+0000] {processor.py:161} INFO - Started process (PID=2569) to work on /home/airflow/.local/lib/python3.8/site-packages/airflow/example_dags/example_branch_labels.py
[2026-08-17T11:39:55.311+0000] {processor.py:830} INFO - Processing file /home/airflow/.local/lib/python3.8/site-packages/airflow/example_dags/example_branch_labels.py for tasks to queue
[2026-08-17T11:39:55.313+0000] {logging_mixin.py:188} INFO - [2026-08-17T11:39:55.313+0000] {dagbag.py:538} INFO - Filling up the DagBag from /home/airflow/.local/lib/python3.8/site-packages/airflow/example_dags/example_branch_labels.py
[2026-08-17T11:39:55.323+0000] {processor.py:840} INFO - DAG(s) 'example_branch_labels' retrieved from /home/airflow/.local/lib/python3.8/site-packages/airflow/example_dags/example_branch_labels.py
[2026-08-17T11:39:55.345+0000] {logging_mixin.py:188} INFO - [2026-08-17T11:39:55.345+0000] {dag.py:3036} INFO - Sync 1 DAGs
[2026-08-17T11:39:55.367+0000] {logging_mixin.py:188} INFO - [2026-08-17T11:39:55.367+0000] {dag.py:3823} INFO - Setting next_dagrun for example_branch_labels to 2026-08-16 00:00:00+00:00, run_after=2026-08-17 00:00:00+00:00
[2026-08-17T11:39:55.387+0000] {processor.py:183} INFO - Processing /home/airflow/.local/lib/python3.8/site-packages/airflow/example_dags/example_branch_labels.py took 0.080 seconds
[2026-08-17T11:40:25.996+0000] {processor.py:161} INFO - Started process (PID=2648) to work on /home/airflow/.local/lib/python3.8/site-packages/airflow/example_dags/example_branch_labels.py
[2026-08-17T11:40:25.997+0000] {processor.py:830} INFO - Processing file /home/airflow/.local/lib/python3.8/site-packages/airflow/example_dags/example_branch_labels.py for tasks to queue
[2026-08-17T11:40:26.001+0000] {logging_mixin.py:188} INFO - [2026-08-17T11:40:26.000+0000] {dagbag.py:538} INFO - Filling up the DagBag from /home/airflow/.local/lib/python3.8/site-packages/airflow/example_dags/example_branch_labels.py
[2026-08-17T11:40:26.011+0000] {processor.py:840} INFO - DAG(s) 'example_branch_labels' retrieved from /home/airflow/.local/lib/python3.8/site-packages/airflow/example_dags/example_branch_labels.py
[2026-08-17T11:40:26.048+0000] {logging_mixin.py:188} INFO - [2026-08-17T11:40:26.048+0000] {dag.py:3036} INFO - Sync 1 DAGs
[2026-08-17T11:40:26.084+0000] {logging_mixin.py:188} INFO - [2026-08-17T11:40:26.084+0000] {dag.py:3823} INFO - Setting next_dagrun for example_branch_labels to 2026-08-16 00:00:00+00:00, run_after=2026-08-17 00:00:00+00:00
[2026-08-17T11:40:26.112+0000] {processor.py:183} INFO - Processing /home/airflow/.local/lib/python3.8/site-packages/airflow/example_dags/example_branch_labels.py took 0.120 seconds
[2026-08-17T11:40:56.809+0000] {processor.py:161} INFO - Started process (PID=2727) to work on /home/airflow/.local/lib/python3.8/site-packages/airflow/example_dags/example_branch_labels.py
[2026-08-17T11:40:56.811+0000] {processor.py:830} INFO - Processing file /home/airflow/.local/lib/python3.8/site-packages/airflow/example_dags/example_branch_labels.py for tasks to queue
[2026-08-17T11:40:56.813+0000] {logging_mixin.py:188} INFO - [2026-08-17T11:40:56.813+0000] {dagbag.py:538} INFO - Filling up the DagBag from /home/airflow/.local/lib/python3.8/site-packages/airflow/example_dags/example_branch_labels.py
[2026-08-17T11:40:56.822+0000] {processor.py:840} INFO - DAG(s) 'example_branch_labels' retrieved from /home/airflow/.local/lib/python3.8/site-packages/airflow/example_dags/example_branch_labels.py
[2026-08-17T11:40:56.844+0000] {logging_mixin.py:188} INFO - [2026-08-17T11:40:56.844+0000] {dag.py:3036} INFO - Sync 1 DAGs
[2026-08-17T11:40:56.868+0000] {logging_mixin.py:188} INFO - [2026-08-17T11:40:56.868+0000] {dag.py:3823} INFO - Setting next_dagrun for example_branch_labels to 2026-08-16 00:00:00+00:00, run_after=2026-08-17 00:00:00+00:00
[2026-08-17T11:40:56.888+0000] {processor.py:183} INFO - Processing /home/airflow/.local/lib/python3.8/site-packages/airflow/example_dags/example_branch_labels.py took 0.084 seconds
[2026-08-17T11:41:27.337+0000] {processor.py:161} INFO - Started process (PID=2806) to work on /home/airflow/.local/lib/python3.8/site-packages/airflow/example_dags/example_branch_labels.py
[2026-08-17T11:41:27.339+0000] {processor.py:830} INFO - Processing file /home/airflow/.local/lib/python3.8/site-packages/airflow/example_dags/example_branch_labels.py for tasks to queue
[2026-08-17T11:41:27.341+0000] {logging_mixin.py:188} INFO - [2026-08-17T11:41:27.341+0000] {dagbag.py:538} INFO - Filling up the DagBag from /home/airflow/.local/lib/python3.8/site-packages/airflow/example_dags/example_branch_labels.py
[2026-08-17T11:41:27.356+0000] {processor.py:840} INFO - DAG(s) 'example_branch_labels' retrieved from /home/airflow/.local/lib/python3.8/site-packages/airflow/example_dags/example_branch_labels.py
[2026-08-17T11:41:27.393+0000] {logging_mixin.py:188} INFO - [2026-08-17T11:41:27.392+0000] {dag.py:3036} INFO - Sync 1 DAGs
[2026-08-17T11:41:27.420+0000] {logging_mixin.py:188} INFO - [2026-08-17T11:41:27.420+0000] {dag.py:3823} INFO - Setting next_dagrun for example_branch_labels to 2026-08-16 00:00:00+00:00, run_after=2026-08-17 00:00:00+00:00
[2026-08-17T11:41:27.443+0000] {processor.py:183} INFO - Processing /home/airflow/.local/lib/python3.8/site-packages/airflow/example_dags/example_branch_labels.py took 0.110 seconds
[2026-08-17T11:41:57.621+0000] {processor.py:161} INFO - Started process (PID=2884) to work on /home/airflow/.local/lib/python3.8/site-packages/airflow/example_dags/example_branch_labels.py
[2026-08-17T11:41:57.622+0000] {processor.py:830} INFO - Processing file /home/airflow/.local/lib/python3.8/site-packages/airflow/example_dags/example_branch_labels.py for tasks to queue
[2026-08-17T11:41:57.625+0000] {logging_mixin.py:188} INFO - [2026-08-17T11:41:57.624+0000] {dagbag.py:538} INFO - Filling up the DagBag from /home/airflow/.local/lib/python3.8/site-packages/airflow/example_dags/example_branch_labels.py
[2026-08-17T11:41:57.635+0000] {processor.py:840} INFO - DAG(s) 'example_branch_labels' retrieved from /home/airflow/.local/lib/python3.8/site-packages/airflow/example_dags/example_branch_labels.py
[2026-08-17T11:41:57.656+0000] {logging_mixin.py:188} INFO - [2026-08-17T11:41:57.656+0000] {dag.py:3036} INFO - Sync 1 DAGs
[2026-08-17T11:41:57.684+0000] {logging_mixin.py:188} INFO - [2026-08-17T11:41:57.683+0000] {dag.py:3823} INFO - Setting next_dagrun for example_branch_labels to 2026-08-16 00:00:00+00:00, run_after=2026-08-17 00:00:00+00:00
[2026-08-17T11:41:57.704+0000] {processor.py:183} INFO - Processing /home/airflow/.local/lib/python3.8/site-packages/airflow/example_dags/example_branch_labels.py took 0.087 seconds
[2026-08-17T11:42:28.451+0000] {processor.py:161} INFO - Started process (PID=2970) to work on /home/airflow/.local/lib/python3.8/site-packages/airflow/example_dags/example_branch_labels.py
[2026-08-17T11:42:28.452+0000] {processor.py:830} INFO - Processing file /home/airflow/.local/lib/python3.8/site-packages/airflow/example_dags/example_branch_labels.py for tasks to queue
[2026-08-17T11:42:28.455+0000] {logging_mixin.py:188} INFO - [2026-08-17T11:42:28.454+0000] {dagbag.py:538} INFO - Filling up the DagBag from /home/airflow/.local/lib/python3.8/site-packages/airflow/example_dags/example_branch_labels.py
[2026-08-17T11:42:28.463+0000] {processor.py:840} INFO - DAG(s) 'example_branch_labels' retrieved from /home/airflow/.local/lib/python3.8/site-packages/airflow/example_dags/example_branch_labels.py
[2026-08-17T11:42:28.486+0000] {logging_mixin.py:188} INFO - [2026-08-17T11:42:28.486+0000] {dag.py:3036} INFO - Sync 1 DAGs
[2026-08-17T11:42:28.511+0000] {logging_mixin.py:188} INFO - [2026-08-17T11:42:28.511+0000] {dag.py:3823} INFO - Setting next_dagrun for example_branch_labels to 2026-08-16 00:00:00+00:00, run_after=2026-08-17 00:00:00+00:00
[2026-08-17T11:42:28.535+0000] {processor.py:183} INFO - Processing /home/airflow/.local/lib/python3.8/site-packages/airflow/example_dags/example_branch_labels.py took 0.088 seconds
[2026-08-17T11:42:59.491+0000] {processor.py:161} INFO - Started process (PID=3049) to work on /home/airflow/.local/lib/python3.8/site-packages/airflow/example_dags/example_branch_labels.py
[2026-08-17T11:42:59.492+0000] {processor.py:830} INFO - Processing file /home/airflow/.local/lib/python3.8/site-packages/airflow/example_dags/example_branch_labels.py for tasks to queue
[2026-08-17T11:42:59.495+0000] {logging_mixin.py:188} INFO - [2026-08-17T11:42:59.494+0000] {dagbag.py:538} INFO - Filling up the DagBag from /home/airflow/.local/lib/python3.8/site-packages/airflow/example_dags/example_branch_labels.py
[2026-08-17T11:42:59.503+0000] {processor.py:840} INFO - DAG(s) 'example_branch_labels' retrieved from /home/airflow/.local/lib/python3.8/site-packages/airflow/example_dags/example_branch_labels.py
[2026-08-17T11:42:59.528+0000] {logging_mixin.py:188} INFO - [2026-08-17T11:42:59.527+0000] {dag.py:3036} INFO - Sync 1 DAGs
[2026-08-17T11:42:59.556+0000] {logging_mixin.py:188} INFO - [2026-08-17T11:42:59.556+0000] {dag.py:3823} INFO - Setting next_dagrun for example_branch_labels to 2026-08-16 00:00:00+00:00, run_after=2026-08-17 00:00:00+00:00
[2026-08-17T11:42:59.581+0000] {processor.py:183} INFO - Processing /home/airflow/.local/lib/python3.8/site-packages/airflow/example_dags/example_branch_labels.py took 0.093 seconds
[2026-08-17T11:43:30.497+0000] {processor.py:161} INFO - Started process (PID=3128) to work on /home/airflow/.local/lib/python3.8/site-packages/airflow/example_dags/example_branch_labels.py
[2026-08-17T11:43:30.499+0000] {processor.py:830} INFO - Processing file /home/airflow/.local/lib/python3.8/site-packages/airflow/example_dags/example_branch_labels.py for tasks to queue
[2026-08-17T11:43:30.501+0000] {logging_mixin.py:188} INFO - [2026-08-17T11:43:30.501+0000] {dagbag.py:538} INFO - Filling up the DagBag from /home/airflow/.local/lib/python3.8/site-packages/airflow/example_dags/example_branch_labels.py
[2026-08-17T11:43:30.510+0000] {processor.py:840} INFO - DAG(s) 'example_branch_labels' retrieved from /home/airflow/.local/lib/python3.8/site-packages/airflow/example_dags/example_branch_labels.py
[2026-08-17T11:43:30.534+0000] {logging_mixin.py:188} INFO - [2026-08-17T11:43:30.534+0000] {dag.py:3036} INFO - Sync 1 DAGs
[2026-08-17T11:43:30.558+0000] {logging_mixin.py:188} INFO - [2026-08-17T11:43:30.558+0000] {dag.py:3823} INFO - Setting next_dagrun for example_branch_labels to 2026-08-16 00:00:00+00:00, run_after=2026-08-17 00:00:00+00:00
[2026-08-17T11:43:30.579+0000] {processor.py:183} INFO - Processing /home/airflow/.local/lib/python3.8/site-packages/airflow/example_dags/example_branch_labels.py took 0.087 seconds
[2026-08-17T11:44:01.037+0000] {processor.py:161} INFO - Started process (PID=3208) to work on /home/airflow/.local/lib/python3.8/site-packages/airflow/example_dags/example_branch_labels.py
[2026-08-17T11:44:01.039+0000] {processor.py:830} INFO - Processing file /home/airflow/.local/lib/python3.8/site-packages/airflow/example_dags/example_branch_labels.py for tasks to queue
[2026-08-17T11:44:01.041+0000] {logging_mixin.py:188} INFO - [2026-08-17T11:44:01.041+0000] {dagbag.py:538} INFO - Filling up the DagBag from /home/airflow/.local/lib/python3.8/site-packages/airflow/example_dags/example_branch_labels.py
[2026-08-17T11:44:01.051+0000] {processor.py:840} INFO - DAG(s) 'example_branch_labels' retrieved from /home/airflow/.local/lib/python3.8/site-packages/airflow/example_dags/example_branch_labels.py
[2026-08-17T11:44:01.073+0000] {logging_mixin.py:188} INFO - [2026-08-17T11:44:01.072+0000] {dag.py:3036} INFO - Sync 1 DAGs
[2026-08-17T11:44:01.103+0000] {logging_mixin.py:188} INFO - [2026-08-17T11:44:01.103+0000] {dag.py:3823} INFO - Setting next_dagrun for example_branch_labels to 2026-08-16 00:00:00+00:00, run_after=2026-08-17 00:00:00+00:00
[2026-08-17T11:44:01.126+0000] {processor.py:183} INFO - Processing /home/airflow/.local/lib/python3.8/site-packages/airflow/example_dags/example_branch_labels.py took 0.092 seconds
