[2026-08-17T11:24:22.530+0000] {processor.py:161} INFO - Started process (PID=159) to work on /home/airflow/.local/lib/python3.8/site-packages/airflow/example_dags/example_params_trigger_ui.py
[2026-08-17T11:24:22.535+0000] {processor.py:830} INFO - Processing file /home/airflow/.local/lib/python3.8/site-packages/airflow/example_dags/example_params_trigger_ui.py for tasks to queue
[2026-08-17T11:24:22.544+0000] {logging_mixin.py:188} INFO - [2026-08-17T11:24:22.543+0000] {dagbag.py:538} INFO - Filling up the DagBag from /home/airflow/.local/lib/python3.8/site-packages/airflow/example_dags/example_params_trigger_ui.py
[2026-08-17T11:24:22.884+0000] {processor.py:840} INFO - DAG(s) 'example_params_trigger_ui' retrieved from /home/airflow/.local/lib/python3.8/site-packages/airflow/example_dags/example_params_trigger_ui.py
[2026-08-17T11:24:23.239+0000] {logging_mixin.py:188} INFO - [2026-08-17T11:24:23.239+0000] {dag.py:3036} INFO - Sync 1 DAGs
[2026-08-17T11:24:23.256+0000] {logging_mixin.py:188} INFO - [2026-08-17T11:24:23.255+0000] {dag.py:3823} INFO - Setting next_dagrun for example_params_trigger_ui to None, run_after=None
[2026-08-17T11:24:23.627+0000] {processor.py:183} INFO - Processing /home/airflow/.local/lib/python3.8/site-packages/airflow/example_dags/example_params_trigger_ui.py took 1.117 seconds
[2026-08-17T11:24:54.253+0000] {processor.py:161} INFO - Started process (PID=255) to work on /home/airflow/.local/lib/python3.8/site-packages/airflow/example_dags/example_params_trigger_ui.py
[2026-08-17T11:24:54.256+0000] {processor.py:830} INFO - Processing file /home/airflow/.local/lib/python3.8/site-packages/airflow/example_dags/example_params_trigger_ui.py for tasks to queue
[2026-08-17T11:24:54.262+0000] {logging_mixin.py:188} INFO - [2026-08-17T11:24:54.261+0000] {dagbag.py:538} INFO - Filling up the DagBag from /home/airflow/.local/lib/python3.8/site-packages/airflow/example_dags/example_params_trigger_ui.py
[2026-08-17T11:24:54.347+0000] {processor.py:840} INFO - DAG(s) 'example_params_trigger_ui' retrieved from /home/airflow/.local/lib/python3.8/site-packages/airflow/example_dags/example_params_trigger_ui.py
[2026-08-17T11:24:54.603+0000] {logging_mixin.py:188} INFO - [2026-08-17T11:24:54.602+0000] {dag.py:3036} INFO - Sync 1 DAGs
[2026-08-17T11:24:54.653+0000] {logging_mixin.py:188} INFO - [2026-08-17T11:24:54.652+0000] {dag.py:3823} INFO - Setting next_dagrun for example_params_trigger_ui to None, run_after=None
[2026-08-17T11:24:54.760+0000] {processor.py:183} INFO - Processing /home/airflow/.local/lib/python3.8/site-packages/airflow/example_dags/example_params_trigger_ui.py took 0.519 seconds
[2026-08-17T11:25:25.787+0000] {processor.py:161} INFO - Started process (PID=337) to work on /home/airflow/.local/lib/python3.8/site-packages/airflow/example_dags/example_params_trigger_ui.py
[2026-08-17T11:25:25.816+0000] {processor.py:830} INFO - Processing file /home/airflow/.local/lib/python3.8/site-packages/airflow/example_dags/example_params_trigger_ui.py for tasks to queue
[2026-08-17T11:25:25.825+0000] {logging_mixin.py:188} INFO - [2026-08-17T11:25:25.824+0000] {dagbag.py:538} INFO - Filling up the DagBag from /home/airflow/.local/lib/python3.8/site-packages/airflow/example_dags/example_params_trigger_ui.py
[2026-08-17T11:25:25.864+0000] {processor.py:840} INFO - DAG(s) 'example_params_trigger_ui' retrieved from /home/airflow/.local/lib/python3.8/site-packages/airflow/example_dags/example_params_trigger_ui.py
[2026-08-17T11:25:26.033+0000] {logging_mixin.py:188} INFO - [2026-08-17T11:25:26.032+0000] {dag.py:3036} INFO - Sync 1 DAGs
[2026-08-17T11:25:26.074+0000] {logging_mixin.py:188} INFO - [2026-08-17T11:25:26.073+0000] {dag.py:3823} INFO - Setting next_dagrun for example_params_trigger_ui to None, run_after=None
[2026-08-17T11:25:26.148+0000] {processor.py:183} INFO - Processing /home/airflow/.local/lib/python3.8/site-packages/airflow/example_dags/example_params_trigger_ui.py took 0.367 seconds
[2026-08-17T11:25:57.107+0000] {processor.py:161} INFO - Started process (PID=414) to work on /home/airflow/.local/lib/python3.8/site-packages/airflow/example_dags/example_params_trigger_ui.py
[2026-08-17T11:25:57.109+0000] {processor.py:830} INFO - Processing file /home/airflow/.local/lib/python3.8/site-packages/airflow/example_dags/example_params_trigger_ui.py for tasks to queue
[2026-08-17T11:25:57.111+0000] {logging_mixin.py:188} INFO - [2026-08-17T11:25:57.110+0000] {dagbag.py:538} INFO - Filling up the DagBag from /home/airflow/.local/lib/python3.8/site-packages/airflow/example_dags/example_params_trigger_ui.py
[2026-08-17T11:25:57.124+0000] {processor.py:840} INFO - DAG(s) 'example_params_trigger_ui' retrieved from /home/airflow/.local/lib/python3.8/site-packages/airflow/example_dags/example_params_trigger_ui.py
[2026-08-17T11:25:57.169+0000] {logging_mixin.py:188} INFO - [2026-08-17T11:25:57.169+0000] {dag.py:3036} INFO - Sync 1 DAGs
[2026-08-17T11:25:57.180+0000] {logging_mixin.py:188} INFO - [2026-08-17T11:25:57.179+0000] {dag.py:3823} INFO - Setting next_dagrun for example_params_trigger_ui to None, run_after=None
[2026-08-17T11:25:57.423+0000] {processor.py:183} INFO - Processing /home/airflow/.local/lib/python3.8/site-packages/airflow/example_dags/example_params_trigger_ui.py took 0.319 seconds
[2026-08-17T11:26:27.510+0000] {processor.py:161} INFO - Started process (PID=492) to work on /home/airflow/.local/lib/python3.8/site-packages/airflow/example_dags/example_params_trigger_ui.py
[2026-08-17T11:26:27.512+0000] {processor.py:830} INFO - Processing file /home/airflow/.local/lib/python3.8/site-packages/airflow/example_dags/example_params_trigger_ui.py for tasks to queue
[2026-08-17T11:26:27.514+0000] {logging_mixin.py:188} INFO - [2026-08-17T11:26:27.513+0000] {dagbag.py:538} INFO - Filling up the DagBag from /home/airflow/.local/lib/python3.8/site-packages/airflow/example_dags/example_params_trigger_ui.py
[2026-08-17T11:26:27.531+0000] {processor.py:840} INFO - DAG(s) 'example_params_trigger_ui' retrieved from /home/airflow/.local/lib/python3.8/site-packages/airflow/example_dags/example_params_trigger_ui.py
[2026-08-17T11:26:27.576+0000] {logging_mixin.py:188} INFO - [2026-08-17T11:26:27.575+0000] {dag.py:3036} INFO - Sync 1 DAGs
[2026-08-17T11:26:27.588+0000] {logging_mixin.py:188} INFO - [2026-08-17T11:26:27.588+0000] {dag.py:3823} INFO - Setting next_dagrun for example_params_trigger_ui to None, run_after=None
[2026-08-17T11:26:27.607+0000] {processor.py:183} INFO - Processing /home/airflow/.local/lib/python3.8/site-packages/airflow/example_dags/example_params_trigger_ui.py took 0.100 seconds
[2026-08-17T11:26:58.077+0000] {processor.py:161} INFO - Started process (PID=567) to work on /home/airflow/.local/lib/python3.8/site-packages/airflow/example_dags/example_params_trigger_ui.py
[2026-08-17T11:26:58.078+0000] {processor.py:830} INFO - Processing file /home/airflow/.local/lib/python3.8/site-packages/airflow/example_dags/example_params_trigger_ui.py for tasks to queue
[2026-08-17T11:26:58.080+0000] {logging_mixin.py:188} INFO - [2026-08-17T11:26:58.080+0000] {dagbag.py:538} INFO - Filling up the DagBag from /home/airflow/.local/lib/python3.8/site-packages/airflow/example_dags/example_params_trigger_ui.py
[2026-08-17T11:26:58.092+0000] {processor.py:840} INFO - DAG(s) 'example_params_trigger_ui' retrieved from /home/airflow/.local/lib/python3.8/site-packages/airflow/example_dags/example_params_trigger_ui.py
[2026-08-17T11:26:58.133+0000] {logging_mixin.py:188} INFO - [2026-08-17T11:26:58.133+0000] {dag.py:3036} INFO - Sync 1 DAGs
[2026-08-17T11:26:58.145+0000] {logging_mixin.py:188} INFO - [2026-08-17T11:26:58.144+0000] {dag.py:3823} INFO - Setting next_dagrun for example_params_trigger_ui to None, run_after=None
[2026-08-17T11:26:58.165+0000] {processor.py:183} INFO - Processing /home/airflow/.local/lib/python3.8/site-packages/airflow/example_dags/example_params_trigger_ui.py took 0.091 seconds
[2026-08-17T11:27:28.271+0000] {processor.py:161} INFO - Started process (PID=642) to work on /home/airflow/.local/lib/python3.8/site-packages/airflow/example_dags/example_params_trigger_ui.py
[2026-08-17T11:27:28.273+0000] {processor.py:830} INFO - Processing file /home/airflow/.local/lib/python3.8/site-packages/airflow/example_dags/example_params_trigger_ui.py for tasks to queue
[2026-08-17T11:27:28.276+0000] {logging_mixin.py:188} INFO - [2026-08-17T11:27:28.275+0000] {dagbag.py:538} INFO - Filling up the DagBag from /home/airflow/.local/lib/python3.8/site-packages/airflow/example_dags/example_params_trigger_ui.py
[2026-08-17T11:27:28.294+0000] {processor.py:840} INFO - DAG(s) 'example_params_trigger_ui' retrieved from /home/airflow/.local/lib/python3.8/site-packages/airflow/example_dags/example_params_trigger_ui.py
[2026-08-17T11:27:28.348+0000] {logging_mixin.py:188} INFO - [2026-08-17T11:27:28.348+0000] {dag.py:3036} INFO - Sync 1 DAGs
[2026-08-17T11:27:28.360+0000] {logging_mixin.py:188} INFO - [2026-08-17T11:27:28.360+0000] {dag.py:3823} INFO - Setting next_dagrun for example_params_trigger_ui to None, run_after=None
[2026-08-17T11:27:28.379+0000] {processor.py:183} INFO - Processing /home/airflow/.local/lib/python3.8/site-packages/airflow/example_dags/example_params_trigger_ui.py took 0.113 seconds
[2026-08-17T11:27:58.678+0000] {processor.py:161} INFO - Started process (PID=717) to work on /home/airflow/.local/lib/python3.8/site-packages/airflow/example_dags/example_params_trigger_ui.py
[2026-08-17T11:27:58.679+0000] {processor.py:830} INFO - Processing file /home/airflow/.local/lib/python3.8/site-packages/airflow/example_dags/example_params_trigger_ui.py for tasks to queue
[2026-08-17T11:27:58.682+0000] {logging_mixin.py:188} INFO - [2026-08-17T11:27:58.681+0000] {dagbag.py:538} INFO - Filling up the DagBag from /home/airflow/.local/lib/python3.8/site-packages/airflow/example_dags/example_params_trigger_ui.py
[2026-08-17T11:27:58.696+0000] {processor.py:840} INFO - DAG(s) 'example_params_trigger_ui' retrieved from /home/airflow/.local/lib/python3.8/site-packages/airflow/example_dags/example_params_trigger_ui.py
[2026-08-17T11:27:58.739+0000] {logging_mixin.py:188} INFO - [2026-08-17T11:27:58.739+0000] {dag.py:3036} INFO - Sync 1 DAGs
[2026-08-17T11:27:58.750+0000] {logging_mixin.py:188} INFO - [2026-08-17T11:27:58.750+0000] {dag.py:3823} INFO - Setting next_dagrun for example_params_trigger_ui to None, run_after=None
[2026-08-17T11:27:58.771+0000] {processor.py:183} INFO - Processing /home/airflow/.local/lib/python3.8/site-packages/airflow/example_dags/example_params_trigger_ui.py took 0.096 seconds
[2026-08-17T11:28:28.859+0000] {processor.py:161} INFO - Started process (PID=792) to work on /home/airflow/.local/lib/python3.8/site-packages/airflow/example_dags/example_params_trigger_ui.py
[2026-08-17T11:28:28.860+0000] {processor.py:830} INFO - Processing file /home/airflow/.local/lib/python3.8/site-packages/airflow/example_dags/example_params_trigger_ui.py for tasks to queue
[2026-08-17T11:28:28.863+0000] {logging_mixin.py:188} INFO - [2026-08-17T11:28:28.862+0000] {dagbag.py:538} INFO - Filling up the DagBag from /home/airflow/.local/lib/python3.8/site-packages/airflow/example_dags/example_params_trigger_ui.py
[2026-08-17T11:28:28.876+0000] {processor.py:840} INFO - DAG(s) 'example_params_trigger_ui' retrieved from /home/airflow/.local/lib/python3.8/site-packages/airflow/example_dags/example_params_trigger_ui.py
[2026-08-17T11:28:28.918+0000] {logging_mixin.py:188} INFO - [2026-08-17T11:28:28.918+0000] {dag.py:3036} INFO - Sync 1 DAGs
[2026-08-17T11:28:28.929+0000] {logging_mixin.py:188} INFO - [2026-08-17T11:28:28.929+0000] {dag.py:3823} INFO - Setting next_dagrun for example_params_trigger_ui to None, run_after=None
[2026-08-17T11:28:28.948+0000] {processor.py:183} INFO - Processing /home/airflow/.local/lib/python3.8/site-packages/airflow/example_dags/example_params_trigger_ui.py took 0.093 seconds
[2026-08-17T11:28:59.027+0000] {processor.py:161} INFO - Started process (PID=871) to work on /home/airflow/.local/lib/python3.8/site-packages/airflow/example_dags/example_params_trigger_ui.py
[2026-08-17T11:28:59.028+0000] {processor.py:830} INFO - Processing file /home/airflow/.local/lib/python3.8/site-packages/airflow/example_dags/example_params_trigger_ui.py for tasks to queue
[2026-08-17T11:28:59.030+0000] {logging_mixin.py:188} INFO - [2026-08-17T11:28:59.030+0000] {dagbag.py:538} INFO - Filling up the DagBag from /home/airflow/.local/lib/python3.8/site-packages/airflow/example_dags/example_params_trigger_ui.py
[2026-08-17T11:28:59.043+0000] {processor.py:840} INFO - DAG(s) 'example_params_trigger_ui' retrieved from /home/airflow/.local/lib/python3.8/site-packages/airflow/example_dags/example_params_trigger_ui.py
[2026-08-17T11:28:59.089+0000] {logging_mixin.py:188} INFO - [2026-08-17T11:28:59.089+0000] {dag.py:3036} INFO - Sync 1 DAGs
[2026-08-17T11:28:59.101+0000] {logging_mixin.py:188} INFO - [2026-08-17T11:28:59.101+0000] {dag.py:3823} INFO - Setting next_dagrun for example_params_trigger_ui to None, run_after=None
[2026-08-17T11:28:59.118+0000] {processor.py:183} INFO - Processing /home/airflow/.local/lib/python3.8/site-packages/airflow/example_dags/example_params_trigger_ui.py took 0.095 seconds
[2026-08-17T11:29:29.185+0000] {processor.py:161} INFO - Started process (PID=948) to work on /home/airflow/.local/lib/python3.8/site-packages/airflow/example_dags/example_params_trigger_ui.py
[2026-08-17T11:29:29.186+0000] {processor.py:830} INFO - Processing file /home/airflow/.local/lib/python3.8/site-packages/airflow/example_dags/example_params_trigger_ui.py for tasks to queue
[2026-08-17T11:29:29.189+0000] {logging_mixin.py:188} INFO - [2026-08-17T11:29:29.188+0000] {dagbag.py:538} INFO - Filling up the DagBag from /home/airflow/.local/lib/python3.8/site-packages/airflow/example_dags/example_params_trigger_ui.py
[2026-08-17T11:29:29.203+0000] {processor.py:840} INFO - DAG(s) 'example_params_trigger_ui' retrieved from /home/airflow/.local/lib/python3.8/site-packages/airflow/example_dags/example_params_trigger_ui.py
[2026-08-17T11:29:29.254+0000] {logging_mixin.py:188} INFO - [2026-08-17T11:29:29.253+0000] {dag.py:3036} INFO - Sync 1 DAGs
[2026-08-17T11:29:29.266+0000] {logging_mixin.py:188} INFO - [2026-08-17T11:29:29.265+0000] {dag.py:3823} INFO - Setting next_dagrun for example_params_trigger_ui to None, run_after=None
[2026-08-17T11:29:29.287+0000] {processor.py:183} INFO - Processing /home/airflow/.local/lib/python3.8/site-packages/airflow/example_dags/example_params_trigger_ui.py took 0.106 seconds
[2026-08-17T11:30:00.111+0000] {processor.py:161} INFO - Started process (PID=1026) to work on /home/airflow/.local/lib/python3.8/site-packages/airflow/example_dags/example_params_trigger_ui.py
[2026-08-17T11:30:00.112+0000] {processor.py:830} INFO - Processing file /home/airflow/.local/lib/python3.8/site-packages/airflow/example_dags/example_params_trigger_ui.py for tasks to queue
[2026-08-17T11:30:00.115+0000] {logging_mixin.py:188} INFO - [2026-08-17T11:30:00.114+0000] {dagbag.py:538} INFO - Filling up the DagBag from /home/airflow/.local/lib/python3.8/site-packages/airflow/example_dags/example_params_trigger_ui.py
[2026-08-17T11:30:00.129+0000] {processor.py:840} INFO - DAG(s) 'example_params_trigger_ui' retrieved from /home/airflow/.local/lib/python3.8/site-packages/airflow/example_dags/example_params_trigger_ui.py
[2026-08-17T11:30:00.177+0000] {logging_mixin.py:188} INFO - [2026-08-17T11:30:00.176+0000] {dag.py:3036} INFO - Sync 1 DAGs
[2026-08-17T11:30:00.189+0000] {logging_mixin.py:188} INFO - [2026-08-17T11:30:00.189+0000] {dag.py:3823} INFO - Setting next_dagrun for example_params_trigger_ui to None, run_after=None
[2026-08-17T11:30:00.210+0000] {processor.py:183} INFO - Processing /home/airflow/.local/lib/python3.8/site-packages/airflow/example_dags/example_params_trigger_ui.py took 0.103 seconds
[2026-08-17T11:30:30.975+0000] {processor.py:161} INFO - Started process (PID=1105) to work on /home/airflow/.local/lib/python3.8/site-packages/airflow/example_dags/example_params_trigger_ui.py
[2026-08-17T11:30:30.977+0000] {processor.py:830} INFO - Processing file /home/airflow/.local/lib/python3.8/site-packages/airflow/example_dags/example_params_trigger_ui.py for tasks to queue
[2026-08-17T11:30:30.979+0000] {logging_mixin.py:188} INFO - [2026-08-17T11:30:30.979+0000] {dagbag.py:538} INFO - Filling up the DagBag from /home/airflow/.local/lib/python3.8/site-packages/airflow/example_dags/example_params_trigger_ui.py
[2026-08-17T11:30:30.993+0000] {processor.py:840} INFO - DAG(s) 'example_params_trigger_ui' retrieved from /home/airflow/.local/lib/python3.8/site-packages/airflow/example_dags/example_params_trigger_ui.py
[2026-08-17T11:30:31.039+0000] {logging_mixin.py:188} INFO - [2026-08-17T11:30:31.039+0000] {dag.py:3036} INFO - Sync 1 DAGs
[2026-08-17T11:30:31.052+0000] {logging_mixin.py:188} INFO - [2026-08-17T11:30:31.051+0000] {dag.py:3823} INFO - Setting next_dagrun for example_params_trigger_ui to None, run_after=None
[2026-08-17T11:30:31.072+0000] {processor.py:183} INFO - Processing /home/airflow/.local/lib/python3.8/site-packages/airflow/example_dags/example_params_trigger_ui.py took 0.100 seconds
[2026-08-17T11:31:03.471+0000] {processor.py:161} INFO - Started process (PID=1184) to work on /home/airflow/.local/lib/python3.8/site-packages/airflow/example_dags/example_params_trigger_ui.py
[2026-08-17T11:31:03.472+0000] {processor.py:830} INFO - Processing file /home/airflow/.local/lib/python3.8/site-packages/airflow/example_dags/example_params_trigger_ui.py for tasks to queue
[2026-08-17T11:31:03.474+0000] {logging_mixin.py:188} INFO - [2026-08-17T11:31:03.474+0000] {dagbag.py:538} INFO - Filling up the DagBag from /home/airflow/.local/lib/python3.8/site-packages/airflow/example_dags/example_params_trigger_ui.py
[2026-08-17T11:31:03.487+0000] {processor.py:840} INFO - DAG(s) 'example_params_trigger_ui' retrieved from /home/airflow/.local/lib/python3.8/site-packages/airflow/example_dags/example_params_trigger_ui.py
[2026-08-17T11:31:03.535+0000] {logging_mixin.py:188} INFO - [2026-08-17T11:31:03.535+0000] {dag.py:3036} INFO - Sync 1 DAGs
[2026-08-17T11:31:03.546+0000] {logging_mixin.py:188} INFO - [2026-08-17T11:31:03.546+0000] {dag.py:3823} INFO - Setting next_dagrun for example_params_trigger_ui to None, run_after=None
[2026-08-17T11:31:03.567+0000] {processor.py:183} INFO - Processing /home/airflow/.local/lib/python3.8/site-packages/airflow/example_dags/example_params_trigger_ui.py took 0.100 seconds
[2026-08-17T11:31:34.816+0000] {processor.py:161} INFO - Started process (PID=1263) to work on /home/airflow/.local/lib/python3.8/site-packages/airflow/example_dags/example_params_trigger_ui.py
[2026-08-17T11:31:34.818+0000] {processor.py:830} INFO - Processing file /home/airflow/.local/lib/python3.8/site-packages/airflow/example_dags/example_params_trigger_ui.py for tasks to queue
[2026-08-17T11:31:34.820+0000] {logging_mixin.py:188} INFO - [2026-08-17T11:31:34.820+0000] {dagbag.py:538} INFO - Filling up the DagBag from /home/airflow/.local/lib/python3.8/site-packages/airflow/example_dags/example_params_trigger_ui.py
[2026-08-17T11:31:34.836+0000] {processor.py:840} INFO - DAG(s) 'example_params_trigger_ui' retrieved from /home/airflow/.local/lib/python3.8/site-packages/airflow/example_dags/example_params_trigger_ui.py
[2026-08-17T11:31:34.885+0000] {logging_mixin.py:188} INFO - [2026-08-17T11:31:34.885+0000] {dag.py:3036} INFO - Sync 1 DAGs
[2026-08-17T11:31:34.900+0000] {logging_mixin.py:188} INFO - [2026-08-17T11:31:34.900+0000] {dag.py:3823} INFO - Setting next_dagrun for example_params_trigger_ui to None, run_after=None
[2026-08-17T11:31:34.961+0000] {processor.py:183} INFO - Processing /home/airflow/.local/lib/python3.8/site-packages/airflow/example_dags/example_params_trigger_ui.py took 0.148 seconds
[2026-08-17T11:32:06.426+0000] {processor.py:161} INFO - Started process (PID=1343) to work on /home/airflow/.local/lib/python3.8/site-packages/airflow/example_dags/example_params_trigger_ui.py
[2026-08-17T11:32:06.428+0000] {processor.py:830} INFO - Processing file /home/airflow/.local/lib/python3.8/site-packages/airflow/example_dags/example_params_trigger_ui.py for tasks to queue
[2026-08-17T11:32:06.430+0000] {logging_mixin.py:188} INFO - [2026-08-17T11:32:06.430+0000] {dagbag.py:538} INFO - Filling up the DagBag from /home/airflow/.local/lib/python3.8/site-packages/airflow/example_dags/example_params_trigger_ui.py
[2026-08-17T11:32:06.450+0000] {processor.py:840} INFO - DAG(s) 'example_params_trigger_ui' retrieved from /home/airflow/.local/lib/python3.8/site-packages/airflow/example_dags/example_params_trigger_ui.py
[2026-08-17T11:32:06.528+0000] {logging_mixin.py:188} INFO - [2026-08-17T11:32:06.528+0000] {dag.py:3036} INFO - Sync 1 DAGs
[2026-08-17T11:32:06.546+0000] {logging_mixin.py:188} INFO - [2026-08-17T11:32:06.546+0000] {dag.py:3823} INFO - Setting next_dagrun for example_params_trigger_ui to None, run_after=None
[2026-08-17T11:32:06.574+0000] {processor.py:183} INFO - Processing /home/airflow/.local/lib/python3.8/site-packages/airflow/example_dags/example_params_trigger_ui.py took 0.154 seconds
[2026-08-17T11:32:37.522+0000] {processor.py:161} INFO - Started process (PID=1422) to work on /home/airflow/.local/lib/python3.8/site-packages/airflow/example_dags/example_params_trigger_ui.py
[2026-08-17T11:32:37.523+0000] {processor.py:830} INFO - Processing file /home/airflow/.local/lib/python3.8/site-packages/airflow/example_dags/example_params_trigger_ui.py for tasks to queue
[2026-08-17T11:32:37.526+0000] {logging_mixin.py:188} INFO - [2026-08-17T11:32:37.525+0000] {dagbag.py:538} INFO - Filling up the DagBag from /home/airflow/.local/lib/python3.8/site-packages/airflow/example_dags/example_params_trigger_ui.py
[2026-08-17T11:32:37.541+0000] {processor.py:840} INFO - DAG(s) 'example_params_trigger_ui' retrieved from /home/airflow/.local/lib/python3.8/site-packages/airflow/example_dags/example_params_trigger_ui.py
[2026-08-17T11:32:37.600+0000] {logging_mixin.py:188} INFO - [2026-08-17T11:32:37.600+0000] {dag.py:3036} INFO - Sync 1 DAGs
[2026-08-17T11:32:37.617+0000] {logging_mixin.py:188} INFO - [2026-08-17T11:32:37.616+0000] {dag.py:3823} INFO - Setting next_dagrun for example_params_trigger_ui to None, run_after=None
[2026-08-17T11:32:37.682+0000] {processor.py:183} INFO - Processing /home/airflow/.local/lib/python3.8/site-packages/airflow/example_dags/example_params_trigger_ui.py took 0.164 seconds
[2026-08-17T11:33:09.492+0000] {processor.py:161} INFO - Started process (PID=1501) to work on /home/airflow/.local/lib/python3.8/site-packages/airflow/example_dags/example_params_trigger_ui.py
[2026-08-17T11:33:09.494+0000] {processor.py:830} INFO - Processing file /home/airflow/.local/lib/python3.8/site-packages/airflow/example_dags/example_params_trigger_ui.py for tasks to queue
[2026-08-17T11:33:09.496+0000] {logging_mixin.py:188} INFO - [2026-08-17T11:33:09.496+0000] {dagbag.py:538} INFO - Filling up the DagBag from /home/airflow/.local/lib/python3.8/site-packages/airflow/example_dags/example_params_trigger_ui.py
[2026-08-17T11:33:09.509+0000] {processor.py:840} INFO - DAG(s) 'example_params_trigger_ui' retrieved from /home/airflow/.local/lib/python3.8/site-packages/airflow/example_dags/example_params_trigger_ui.py
[2026-08-17T11:33:09.565+0000] {logging_mixin.py:188} INFO - [2026-08-17T11:33:09.565+0000] {dag.py:3036} INFO - Sync 1 DAGs
[2026-08-17T11:33:09.579+0000] {logging_mixin.py:188} INFO - [2026-08-17T11:33:09.579+0000] {dag.py:3823} INFO - Setting next_dagrun for example_params_trigger_ui to None, run_after=None
[2026-08-17T11:33:09.805+0000] {processor.py:183} INFO - Processing /home/airflow/.local/lib/python3.8/site-packages/airflow/example_dags/example_params_trigger_ui.py took 0.316 seconds
[2026-08-17T11:33:41.299+0000] {processor.py:161} INFO - Started process (PID=1582) to work on /home/airflow/.local/lib/python3.8/site-packages/airflow/example_dags/example_params_trigger_ui.py
[2026-08-17T11:33:41.300+0000] {processor.py:830} INFO - Processing file /home/airflow/.local/lib/python3.8/site-packages/airflow/example_dags/example_params_trigger_ui.py for tasks to queue
[2026-08-17T11:33:41.302+0000] {logging_mixin.py:188} INFO - [2026-08-17T11:33:41.302+0000] {dagbag.py:538} INFO - Filling up the DagBag from /home/airflow/.local/lib/python3.8/site-packages/airflow/example_dags/example_params_trigger_ui.py
[2026-08-17T11:33:41.321+0000] {processor.py:840} INFO - DAG(s) 'example_params_trigger_ui' retrieved from /home/airflow/.local/lib/python3.8/site-packages/airflow/example_dags/example_params_trigger_ui.py
[2026-08-17T11:33:41.368+0000] {logging_mixin.py:188} INFO - [2026-08-17T11:33:41.368+0000] {dag.py:3036} INFO - Sync 1 DAGs
[2026-08-17T11:33:41.381+0000] {logging_mixin.py:188} INFO - [2026-08-17T11:33:41.381+0000] {dag.py:3823} INFO - Setting next_dagrun for example_params_trigger_ui to None, run_after=None
[2026-08-17T11:33:41.401+0000] {processor.py:183} INFO - Processing /home/airflow/.local/lib/python3.8/site-packages/airflow/example_dags/example_params_trigger_ui.py took 0.106 seconds
[2026-08-17T11:34:12.542+0000] {processor.py:161} INFO - Started process (PID=1659) to work on /home/airflow/.local/lib/python3.8/site-packages/airflow/example_dags/example_params_trigger_ui.py
[2026-08-17T11:34:12.544+0000] {processor.py:830} INFO - Processing file /home/airflow/.local/lib/python3.8/site-packages/airflow/example_dags/example_params_trigger_ui.py for tasks to queue
[2026-08-17T11:34:12.548+0000] {logging_mixin.py:188} INFO - [2026-08-17T11:34:12.547+0000] {dagbag.py:538} INFO - Filling up the DagBag from /home/airflow/.local/lib/python3.8/site-packages/airflow/example_dags/example_params_trigger_ui.py
[2026-08-17T11:34:12.569+0000] {processor.py:840} INFO - DAG(s) 'example_params_trigger_ui' retrieved from /home/airflow/.local/lib/python3.8/site-packages/airflow/example_dags/example_params_trigger_ui.py
[2026-08-17T11:34:12.634+0000] {logging_mixin.py:188} INFO - [2026-08-17T11:34:12.634+0000] {dag.py:3036} INFO - Sync 1 DAGs
[2026-08-17T11:34:12.669+0000] {logging_mixin.py:188} INFO - [2026-08-17T11:34:12.669+0000] {dag.py:3823} INFO - Setting next_dagrun for example_params_trigger_ui to None, run_after=None
[2026-08-17T11:34:12.712+0000] {processor.py:183} INFO - Processing /home/airflow/.local/lib/python3.8/site-packages/airflow/example_dags/example_params_trigger_ui.py took 0.176 seconds
[2026-08-17T11:34:43.564+0000] {processor.py:161} INFO - Started process (PID=1738) to work on /home/airflow/.local/lib/python3.8/site-packages/airflow/example_dags/example_params_trigger_ui.py
[2026-08-17T11:34:43.565+0000] {processor.py:830} INFO - Processing file /home/airflow/.local/lib/python3.8/site-packages/airflow/example_dags/example_params_trigger_ui.py for tasks to queue
[2026-08-17T11:34:43.568+0000] {logging_mixin.py:188} INFO - [2026-08-17T11:34:43.567+0000] {dagbag.py:538} INFO - Filling up the DagBag from /home/airflow/.local/lib/python3.8/site-packages/airflow/example_dags/example_params_trigger_ui.py
[2026-08-17T11:34:43.583+0000] {processor.py:840} INFO - DAG(s) 'example_params_trigger_ui' retrieved from /home/airflow/.local/lib/python3.8/site-packages/airflow/example_dags/example_params_trigger_ui.py
[2026-08-17T11:34:43.655+0000] {logging_mixin.py:188} INFO - [2026-08-17T11:34:43.655+0000] {dag.py:3036} INFO - Sync 1 DAGs
[2026-08-17T11:34:43.675+0000] {logging_mixin.py:188} INFO - [2026-08-17T11:34:43.674+0000] {dag.py:3823} INFO - Setting next_dagrun for example_params_trigger_ui to None, run_after=None
[2026-08-17T11:34:43.716+0000] {processor.py:183} INFO - Processing /home/airflow/.local/lib/python3.8/site-packages/airflow/example_dags/example_params_trigger_ui.py took 0.156 seconds
[2026-08-17T11:35:13.873+0000] {processor.py:161} INFO - Started process (PID=1818) to work on /home/airflow/.local/lib/python3.8/site-packages/airflow/example_dags/example_params_trigger_ui.py
[2026-08-17T11:35:13.875+0000] {processor.py:830} INFO - Processing file /home/airflow/.local/lib/python3.8/site-packages/airflow/example_dags/example_params_trigger_ui.py for tasks to queue
[2026-08-17T11:35:13.877+0000] {logging_mixin.py:188} INFO - [2026-08-17T11:35:13.876+0000] {dagbag.py:538} INFO - Filling up the DagBag from /home/airflow/.local/lib/python3.8/site-packages/airflow/example_dags/example_params_trigger_ui.py
[2026-08-17T11:35:13.891+0000] {processor.py:840} INFO - DAG(s) 'example_params_trigger_ui' retrieved from /home/airflow/.local/lib/python3.8/site-packages/airflow/example_dags/example_params_trigger_ui.py
[2026-08-17T11:35:13.936+0000] {logging_mixin.py:188} INFO - [2026-08-17T11:35:13.936+0000] {dag.py:3036} INFO - Sync 1 DAGs
[2026-08-17T11:35:13.948+0000] {logging_mixin.py:188} INFO - [2026-08-17T11:35:13.947+0000] {dag.py:3823} INFO - Setting next_dagrun for example_params_trigger_ui to None, run_after=None
[2026-08-17T11:35:13.968+0000] {processor.py:183} INFO - Processing /home/airflow/.local/lib/python3.8/site-packages/airflow/example_dags/example_params_trigger_ui.py took 0.098 seconds
[2026-08-17T11:35:44.233+0000] {processor.py:161} INFO - Started process (PID=1897) to work on /home/airflow/.local/lib/python3.8/site-packages/airflow/example_dags/example_params_trigger_ui.py
[2026-08-17T11:35:44.234+0000] {processor.py:830} INFO - Processing file /home/airflow/.local/lib/python3.8/site-packages/airflow/example_dags/example_params_trigger_ui.py for tasks to queue
[2026-08-17T11:35:44.236+0000] {logging_mixin.py:188} INFO - [2026-08-17T11:35:44.236+0000] {dagbag.py:538} INFO - Filling up the DagBag from /home/airflow/.local/lib/python3.8/site-packages/airflow/example_dags/example_params_trigger_ui.py
[2026-08-17T11:35:44.249+0000] {processor.py:840} INFO - DAG(s) 'example_params_trigger_ui' retrieved from /home/airflow/.local/lib/python3.8/site-packages/airflow/example_dags/example_params_trigger_ui.py
[2026-08-17T11:35:44.293+0000] {logging_mixin.py:188} INFO - [2026-08-17T11:35:44.292+0000] {dag.py:3036} INFO - Sync 1 DAGs
[2026-08-17T11:35:44.304+0000] {logging_mixin.py:188} INFO - [2026-08-17T11:35:44.304+0000] {dag.py:3823} INFO - Setting next_dagrun for example_params_trigger_ui to None, run_after=None
[2026-08-17T11:35:44.323+0000] {processor.py:183} INFO - Processing /home/airflow/.local/lib/python3.8/site-packages/airflow/example_dags/example_params_trigger_ui.py took 0.093 seconds
[2026-08-17T11:36:15.097+0000] {processor.py:161} INFO - Started process (PID=1975) to work on /home/airflow/.local/lib/python3.8/site-packages/airflow/example_dags/example_params_trigger_ui.py
[2026-08-17T11:36:15.098+0000] {processor.py:830} INFO - Processing file /home/airflow/.local/lib/python3.8/site-packages/airflow/example_dags/example_params_trigger_ui.py for tasks to queue
[2026-08-17T11:36:15.101+0000] {logging_mixin.py:188} INFO - [2026-08-17T11:36:15.101+0000] {dagbag.py:538} INFO - Filling up the DagBag from /home/airflow/.local/lib/python3.8/site-packages/airflow/example_dags/example_params_trigger_ui.py
[2026-08-17T11:36:15.124+0000] {processor.py:840} INFO - DAG(s) 'example_params_trigger_ui' retrieved from /home/airflow/.local/lib/python3.8/site-packages/airflow/example_dags/example_params_trigger_ui.py
[2026-08-17T11:36:15.175+0000] {logging_mixin.py:188} INFO - [2026-08-17T11:36:15.175+0000] {dag.py:3036} INFO - Sync 1 DAGs
[2026-08-17T11:36:15.188+0000] {logging_mixin.py:188} INFO - [2026-08-17T11:36:15.187+0000] {dag.py:3823} INFO - Setting next_dagrun for example_params_trigger_ui to None, run_after=None
[2026-08-17T11:36:15.210+0000] {processor.py:183} INFO - Processing /home/airflow/.local/lib/python3.8/site-packages/airflow/example_dags/example_params_trigger_ui.py took 0.116 seconds
[2026-08-17T11:36:45.570+0000] {processor.py:161} INFO - Started process (PID=2054) to work on /home/airflow/.local/lib/python3.8/site-packages/airflow/example_dags/example_params_trigger_ui.py
[2026-08-17T11:36:45.571+0000] {processor.py:830} INFO - Processing file /home/airflow/.local/lib/python3.8/site-packages/airflow/example_dags/example_params_trigger_ui.py for tasks to queue
[2026-08-17T11:36:45.573+0000] {logging_mixin.py:188} INFO - [2026-08-17T11:36:45.573+0000] {dagbag.py:538} INFO - Filling up the DagBag from /home/airflow/.local/lib/python3.8/site-packages/airflow/example_dags/example_params_trigger_ui.py
[2026-08-17T11:36:45.587+0000] {processor.py:840} INFO - DAG(s) 'example_params_trigger_ui' retrieved from /home/airflow/.local/lib/python3.8/site-packages/airflow/example_dags/example_params_trigger_ui.py
[2026-08-17T11:36:45.633+0000] {logging_mixin.py:188} INFO - [2026-08-17T11:36:45.632+0000] {dag.py:3036} INFO - Sync 1 DAGs
[2026-08-17T11:36:45.645+0000] {logging_mixin.py:188} INFO - [2026-08-17T11:36:45.644+0000] {dag.py:3823} INFO - Setting next_dagrun for example_params_trigger_ui to None, run_after=None
[2026-08-17T11:36:45.665+0000] {processor.py:183} INFO - Processing /home/airflow/.local/lib/python3.8/site-packages/airflow/example_dags/example_params_trigger_ui.py took 0.099 seconds
[2026-08-17T11:37:16.179+0000] {processor.py:161} INFO - Started process (PID=2133) to work on /home/airflow/.local/lib/python3.8/site-packages/airflow/example_dags/example_params_trigger_ui.py
[2026-08-17T11:37:16.180+0000] {processor.py:830} INFO - Processing file /home/airflow/.local/lib/python3.8/site-packages/airflow/example_dags/example_params_trigger_ui.py for tasks to queue
[2026-08-17T11:37:16.183+0000] {logging_mixin.py:188} INFO - [2026-08-17T11:37:16.182+0000] {dagbag.py:538} INFO - Filling up the DagBag from /home/airflow/.local/lib/python3.8/site-packages/airflow/example_dags/example_params_trigger_ui.py
[2026-08-17T11:37:16.198+0000] {processor.py:840} INFO - DAG(s) 'example_params_trigger_ui' retrieved from /home/airflow/.local/lib/python3.8/site-packages/airflow/example_dags/example_params_trigger_ui.py
[2026-08-17T11:37:16.245+0000] {logging_mixin.py:188} INFO - [2026-08-17T11:37:16.245+0000] {dag.py:3036} INFO - Sync 1 DAGs
[2026-08-17T11:37:16.257+0000] {logging_mixin.py:188} INFO - [2026-08-17T11:37:16.256+0000] {dag.py:3823} INFO - Setting next_dagrun for example_params_trigger_ui to None, run_after=None
[2026-08-17T11:37:16.279+0000] {processor.py:183} INFO - Processing /home/airflow/.local/lib/python3.8/site-packages/airflow/example_dags/example_params_trigger_ui.py took 0.103 seconds
[2026-08-17T11:37:53.308+0000] {processor.py:161} INFO - Started process (PID=2243) to work on /home/airflow/.local/lib/python3.8/site-packages/airflow/example_dags/example_params_trigger_ui.py
[2026-08-17T11:37:53.310+0000] {processor.py:830} INFO - Processing file /home/airflow/.local/lib/python3.8/site-packages/airflow/example_dags/example_params_trigger_ui.py for tasks to queue
[2026-08-17T11:37:53.317+0000] {logging_mixin.py:188} INFO - [2026-08-17T11:37:53.316+0000] {dagbag.py:538} INFO - Filling up the DagBag from /home/airflow/.local/lib/python3.8/site-packages/airflow/example_dags/example_params_trigger_ui.py
[2026-08-17T11:37:53.353+0000] {processor.py:840} INFO - DAG(s) 'example_params_trigger_ui' retrieved from /home/airflow/.local/lib/python3.8/site-packages/airflow/example_dags/example_params_trigger_ui.py
[2026-08-17T11:37:53.473+0000] {logging_mixin.py:188} INFO - [2026-08-17T11:37:53.473+0000] {dag.py:3036} INFO - Sync 1 DAGs
[2026-08-17T11:37:53.498+0000] {logging_mixin.py:188} INFO - [2026-08-17T11:37:53.498+0000] {dag.py:3823} INFO - Setting next_dagrun for example_params_trigger_ui to None, run_after=None
[2026-08-17T11:37:53.554+0000] {processor.py:183} INFO - Processing /home/airflow/.local/lib/python3.8/site-packages/airflow/example_dags/example_params_trigger_ui.py took 0.252 seconds
[2026-08-17T11:38:24.171+0000] {processor.py:161} INFO - Started process (PID=2329) to work on /home/airflow/.local/lib/python3.8/site-packages/airflow/example_dags/example_params_trigger_ui.py
[2026-08-17T11:38:24.173+0000] {processor.py:830} INFO - Processing file /home/airflow/.local/lib/python3.8/site-packages/airflow/example_dags/example_params_trigger_ui.py for tasks to queue
[2026-08-17T11:38:24.175+0000] {logging_mixin.py:188} INFO - [2026-08-17T11:38:24.174+0000] {dagbag.py:538} INFO - Filling up the DagBag from /home/airflow/.local/lib/python3.8/site-packages/airflow/example_dags/example_params_trigger_ui.py
[2026-08-17T11:38:24.189+0000] {processor.py:840} INFO - DAG(s) 'example_params_trigger_ui' retrieved from /home/airflow/.local/lib/python3.8/site-packages/airflow/example_dags/example_params_trigger_ui.py
[2026-08-17T11:38:24.238+0000] {logging_mixin.py:188} INFO - [2026-08-17T11:38:24.237+0000] {dag.py:3036} INFO - Sync 1 DAGs
[2026-08-17T11:38:24.250+0000] {logging_mixin.py:188} INFO - [2026-08-17T11:38:24.249+0000] {dag.py:3823} INFO - Setting next_dagrun for example_params_trigger_ui to None, run_after=None
[2026-08-17T11:38:24.275+0000] {processor.py:183} INFO - Processing /home/airflow/.local/lib/python3.8/site-packages/airflow/example_dags/example_params_trigger_ui.py took 0.108 seconds
[2026-08-17T11:38:54.593+0000] {processor.py:161} INFO - Started process (PID=2408) to work on /home/airflow/.local/lib/python3.8/site-packages/airflow/example_dags/example_params_trigger_ui.py
[2026-08-17T11:38:54.594+0000] {processor.py:830} INFO - Processing file /home/airflow/.local/lib/python3.8/site-packages/airflow/example_dags/example_params_trigger_ui.py for tasks to queue
[2026-08-17T11:38:54.597+0000] {logging_mixin.py:188} INFO - [2026-08-17T11:38:54.597+0000] {dagbag.py:538} INFO - Filling up the DagBag from /home/airflow/.local/lib/python3.8/site-packages/airflow/example_dags/example_params_trigger_ui.py
[2026-08-17T11:38:54.611+0000] {processor.py:840} INFO - DAG(s) 'example_params_trigger_ui' retrieved from /home/airflow/.local/lib/python3.8/site-packages/airflow/example_dags/example_params_trigger_ui.py
[2026-08-17T11:38:54.660+0000] {logging_mixin.py:188} INFO - [2026-08-17T11:38:54.659+0000] {dag.py:3036} INFO - Sync 1 DAGs
[2026-08-17T11:38:54.674+0000] {logging_mixin.py:188} INFO - [2026-08-17T11:38:54.674+0000] {dag.py:3823} INFO - Setting next_dagrun for example_params_trigger_ui to None, run_after=None
[2026-08-17T11:38:54.697+0000] {processor.py:183} INFO - Processing /home/airflow/.local/lib/python3.8/site-packages/airflow/example_dags/example_params_trigger_ui.py took 0.108 seconds
[2026-08-17T11:39:25.330+0000] {processor.py:161} INFO - Started process (PID=2495) to work on /home/airflow/.local/lib/python3.8/site-packages/airflow/example_dags/example_params_trigger_ui.py
[2026-08-17T11:39:25.331+0000] {processor.py:830} INFO - Processing file /home/airflow/.local/lib/python3.8/site-packages/airflow/example_dags/example_params_trigger_ui.py for tasks to queue
[2026-08-17T11:39:25.334+0000] {logging_mixin.py:188} INFO - [2026-08-17T11:39:25.333+0000] {dagbag.py:538} INFO - Filling up the DagBag from /home/airflow/.local/lib/python3.8/site-packages/airflow/example_dags/example_params_trigger_ui.py
[2026-08-17T11:39:25.350+0000] {processor.py:840} INFO - DAG(s) 'example_params_trigger_ui' retrieved from /home/airflow/.local/lib/python3.8/site-packages/airflow/example_dags/example_params_trigger_ui.py
[2026-08-17T11:39:25.403+0000] {logging_mixin.py:188} INFO - [2026-08-17T11:39:25.403+0000] {dag.py:3036} INFO - Sync 1 DAGs
[2026-08-17T11:39:25.417+0000] {logging_mixin.py:188} INFO - [2026-08-17T11:39:25.417+0000] {dag.py:3823} INFO - Setting next_dagrun for example_params_trigger_ui to None, run_after=None
[2026-08-17T11:39:25.439+0000] {processor.py:183} INFO - Processing /home/airflow/.local/lib/python3.8/site-packages/airflow/example_dags/example_params_trigger_ui.py took 0.113 seconds
[2026-08-17T11:39:55.776+0000] {processor.py:161} INFO - Started process (PID=2574) to work on /home/airflow/.local/lib/python3.8/site-packages/airflow/example_dags/example_params_trigger_ui.py
[2026-08-17T11:39:55.778+0000] {processor.py:830} INFO - Processing file /home/airflow/.local/lib/python3.8/site-packages/airflow/example_dags/example_params_trigger_ui.py for tasks to queue
[2026-08-17T11:39:55.780+0000] {logging_mixin.py:188} INFO - [2026-08-17T11:39:55.780+0000] {dagbag.py:538} INFO - Filling up the DagBag from /home/airflow/.local/lib/python3.8/site-packages/airflow/example_dags/example_params_trigger_ui.py
[2026-08-17T11:39:55.795+0000] {processor.py:840} INFO - DAG(s) 'example_params_trigger_ui' retrieved from /home/airflow/.local/lib/python3.8/site-packages/airflow/example_dags/example_params_trigger_ui.py
[2026-08-17T11:39:55.845+0000] {logging_mixin.py:188} INFO - [2026-08-17T11:39:55.845+0000] {dag.py:3036} INFO - Sync 1 DAGs
[2026-08-17T11:39:55.858+0000] {logging_mixin.py:188} INFO - [2026-08-17T11:39:55.858+0000] {dag.py:3823} INFO - Setting next_dagrun for example_params_trigger_ui to None, run_after=None
[2026-08-17T11:39:55.882+0000] {processor.py:183} INFO - Processing /home/airflow/.local/lib/python3.8/site-packages/airflow/example_dags/example_params_trigger_ui.py took 0.110 seconds
[2026-08-17T11:40:26.497+0000] {processor.py:161} INFO - Started process (PID=2653) to work on /home/airflow/.local/lib/python3.8/site-packages/airflow/example_dags/example_params_trigger_ui.py
[2026-08-17T11:40:26.499+0000] {processor.py:830} INFO - Processing file /home/airflow/.local/lib/python3.8/site-packages/airflow/example_dags/example_params_trigger_ui.py for tasks to queue
[2026-08-17T11:40:26.500+0000] {logging_mixin.py:188} INFO - [2026-08-17T11:40:26.500+0000] {dagbag.py:538} INFO - Filling up the DagBag from /home/airflow/.local/lib/python3.8/site-packages/airflow/example_dags/example_params_trigger_ui.py
[2026-08-17T11:40:26.516+0000] {processor.py:840} INFO - DAG(s) 'example_params_trigger_ui' retrieved from /home/airflow/.local/lib/python3.8/site-packages/airflow/example_dags/example_params_trigger_ui.py
[2026-08-17T11:40:26.570+0000] {logging_mixin.py:188} INFO - [2026-08-17T11:40:26.570+0000] {dag.py:3036} INFO - Sync 1 DAGs
[2026-08-17T11:40:26.585+0000] {logging_mixin.py:188} INFO - [2026-08-17T11:40:26.584+0000] {dag.py:3823} INFO - Setting next_dagrun for example_params_trigger_ui to None, run_after=None
[2026-08-17T11:40:26.610+0000] {processor.py:183} INFO - Processing /home/airflow/.local/lib/python3.8/site-packages/airflow/example_dags/example_params_trigger_ui.py took 0.116 seconds
[2026-08-17T11:40:57.179+0000] {processor.py:161} INFO - Started process (PID=2732) to work on /home/airflow/.local/lib/python3.8/site-packages/airflow/example_dags/example_params_trigger_ui.py
[2026-08-17T11:40:57.181+0000] {processor.py:830} INFO - Processing file /home/airflow/.local/lib/python3.8/site-packages/airflow/example_dags/example_params_trigger_ui.py for tasks to queue
[2026-08-17T11:40:57.183+0000] {logging_mixin.py:188} INFO - [2026-08-17T11:40:57.182+0000] {dagbag.py:538} INFO - Filling up the DagBag from /home/airflow/.local/lib/python3.8/site-packages/airflow/example_dags/example_params_trigger_ui.py
[2026-08-17T11:40:57.197+0000] {processor.py:840} INFO - DAG(s) 'example_params_trigger_ui' retrieved from /home/airflow/.local/lib/python3.8/site-packages/airflow/example_dags/example_params_trigger_ui.py
[2026-08-17T11:40:57.246+0000] {logging_mixin.py:188} INFO - [2026-08-17T11:40:57.246+0000] {dag.py:3036} INFO - Sync 1 DAGs
[2026-08-17T11:40:57.259+0000] {logging_mixin.py:188} INFO - [2026-08-17T11:40:57.259+0000] {dag.py:3823} INFO - Setting next_dagrun for example_params_trigger_ui to None, run_after=None
[2026-08-17T11:40:57.278+0000] {processor.py:183} INFO - Processing /home/airflow/.local/lib/python3.8/site-packages/airflow/example_dags/example_params_trigger_ui.py took 0.103 seconds
[2026-08-17T11:41:27.846+0000] {processor.py:161} INFO - Started process (PID=2818) to work on /home/airflow/.local/lib/python3.8/site-packages/airflow/example_dags/example_params_trigger_ui.py
[2026-08-17T11:41:27.848+0000] {processor.py:830} INFO - Processing file /home/airflow/.local/lib/python3.8/site-packages/airflow/example_dags/example_params_trigger_ui.py for tasks to queue
[2026-08-17T11:41:27.850+0000] {logging_mixin.py:188} INFO - [2026-08-17T11:41:27.850+0000] {dagbag.py:538} INFO - Filling up the DagBag from /home/airflow/.local/lib/python3.8/site-packages/airflow/example_dags/example_params_trigger_ui.py
[2026-08-17T11:41:27.870+0000] {processor.py:840} INFO - DAG(s) 'example_params_trigger_ui' retrieved from /home/airflow/.local/lib/python3.8/site-packages/airflow/example_dags/example_params_trigger_ui.py
[2026-08-17T11:41:27.930+0000] {logging_mixin.py:188} INFO - [2026-08-17T11:41:27.929+0000] {dag.py:3036} INFO - Sync 1 DAGs
[2026-08-17T11:41:27.945+0000] {logging_mixin.py:188} INFO - [2026-08-17T11:41:27.945+0000] {dag.py:3823} INFO - Setting next_dagrun for example_params_trigger_ui to None, run_after=None
[2026-08-17T11:41:27.969+0000] {processor.py:183} INFO - Processing /home/airflow/.local/lib/python3.8/site-packages/airflow/example_dags/example_params_trigger_ui.py took 0.127 seconds
[2026-08-17T11:41:58.145+0000] {processor.py:161} INFO - Started process (PID=2897) to work on /home/airflow/.local/lib/python3.8/site-packages/airflow/example_dags/example_params_trigger_ui.py
[2026-08-17T11:41:58.147+0000] {processor.py:830} INFO - Processing file /home/airflow/.local/lib/python3.8/site-packages/airflow/example_dags/example_params_trigger_ui.py for tasks to queue
[2026-08-17T11:41:58.149+0000] {logging_mixin.py:188} INFO - [2026-08-17T11:41:58.149+0000] {dagbag.py:538} INFO - Filling up the DagBag from /home/airflow/.local/lib/python3.8/site-packages/airflow/example_dags/example_params_trigger_ui.py
[2026-08-17T11:41:58.163+0000] {processor.py:840} INFO - DAG(s) 'example_params_trigger_ui' retrieved from /home/airflow/.local/lib/python3.8/site-packages/airflow/example_dags/example_params_trigger_ui.py
[2026-08-17T11:41:58.213+0000] {logging_mixin.py:188} INFO - [2026-08-17T11:41:58.213+0000] {dag.py:3036} INFO - Sync 1 DAGs
[2026-08-17T11:41:58.228+0000] {logging_mixin.py:188} INFO - [2026-08-17T11:41:58.228+0000] {dag.py:3823} INFO - Setting next_dagrun for example_params_trigger_ui to None, run_after=None
[2026-08-17T11:41:58.247+0000] {processor.py:183} INFO - Processing /home/airflow/.local/lib/python3.8/site-packages/airflow/example_dags/example_params_trigger_ui.py took 0.105 seconds
[2026-08-17T11:42:29.083+0000] {processor.py:161} INFO - Started process (PID=2975) to work on /home/airflow/.local/lib/python3.8/site-packages/airflow/example_dags/example_params_trigger_ui.py
[2026-08-17T11:42:29.084+0000] {processor.py:830} INFO - Processing file /home/airflow/.local/lib/python3.8/site-packages/airflow/example_dags/example_params_trigger_ui.py for tasks to queue
[2026-08-17T11:42:29.087+0000] {logging_mixin.py:188} INFO - [2026-08-17T11:42:29.086+0000] {dagbag.py:538} INFO - Filling up the DagBag from /home/airflow/.local/lib/python3.8/site-packages/airflow/example_dags/example_params_trigger_ui.py
[2026-08-17T11:42:29.105+0000] {processor.py:840} INFO - DAG(s) 'example_params_trigger_ui' retrieved from /home/airflow/.local/lib/python3.8/site-packages/airflow/example_dags/example_params_trigger_ui.py
[2026-08-17T11:42:29.158+0000] {logging_mixin.py:188} INFO - [2026-08-17T11:42:29.157+0000] {dag.py:3036} INFO - Sync 1 DAGs
[2026-08-17T11:42:29.170+0000] {logging_mixin.py:188} INFO - [2026-08-17T11:42:29.169+0000] {dag.py:3823} INFO - Setting next_dagrun for example_params_trigger_ui to None, run_after=None
[2026-08-17T11:42:29.195+0000] {processor.py:183} INFO - Processing /home/airflow/.local/lib/python3.8/site-packages/airflow/example_dags/example_params_trigger_ui.py took 0.116 seconds
[2026-08-17T11:42:59.879+0000] {processor.py:161} INFO - Started process (PID=3054) to work on /home/airflow/.local/lib/python3.8/site-packages/airflow/example_dags/example_params_trigger_ui.py
[2026-08-17T11:42:59.880+0000] {processor.py:830} INFO - Processing file /home/airflow/.local/lib/python3.8/site-packages/airflow/example_dags/example_params_trigger_ui.py for tasks to queue
[2026-08-17T11:42:59.883+0000] {logging_mixin.py:188} INFO - [2026-08-17T11:42:59.882+0000] {dagbag.py:538} INFO - Filling up the DagBag from /home/airflow/.local/lib/python3.8/site-packages/airflow/example_dags/example_params_trigger_ui.py
[2026-08-17T11:42:59.896+0000] {processor.py:840} INFO - DAG(s) 'example_params_trigger_ui' retrieved from /home/airflow/.local/lib/python3.8/site-packages/airflow/example_dags/example_params_trigger_ui.py
[2026-08-17T11:42:59.942+0000] {logging_mixin.py:188} INFO - [2026-08-17T11:42:59.942+0000] {dag.py:3036} INFO - Sync 1 DAGs
[2026-08-17T11:42:59.961+0000] {logging_mixin.py:188} INFO - [2026-08-17T11:42:59.961+0000] {dag.py:3823} INFO - Setting next_dagrun for example_params_trigger_ui to None, run_after=None
[2026-08-17T11:42:59.986+0000] {processor.py:183} INFO - Processing /home/airflow/.local/lib/python3.8/site-packages/airflow/example_dags/example_params_trigger_ui.py took 0.110 seconds
[2026-08-17T11:43:30.890+0000] {processor.py:161} INFO - Started process (PID=3133) to work on /home/airflow/.local/lib/python3.8/site-packages/airflow/example_dags/example_params_trigger_ui.py
[2026-08-17T11:43:30.892+0000] {processor.py:830} INFO - Processing file /home/airflow/.local/lib/python3.8/site-packages/airflow/example_dags/example_params_trigger_ui.py for tasks to queue
[2026-08-17T11:43:30.894+0000] {logging_mixin.py:188} INFO - [2026-08-17T11:43:30.894+0000] {dagbag.py:538} INFO - Filling up the DagBag from /home/airflow/.local/lib/python3.8/site-packages/airflow/example_dags/example_params_trigger_ui.py
[2026-08-17T11:43:30.909+0000] {processor.py:840} INFO - DAG(s) 'example_params_trigger_ui' retrieved from /home/airflow/.local/lib/python3.8/site-packages/airflow/example_dags/example_params_trigger_ui.py
[2026-08-17T11:43:30.958+0000] {logging_mixin.py:188} INFO - [2026-08-17T11:43:30.958+0000] {dag.py:3036} INFO - Sync 1 DAGs
[2026-08-17T11:43:30.974+0000] {logging_mixin.py:188} INFO - [2026-08-17T11:43:30.974+0000] {dag.py:3823} INFO - Setting next_dagrun for example_params_trigger_ui to None, run_after=None
[2026-08-17T11:43:30.994+0000] {processor.py:183} INFO - Processing /home/airflow/.local/lib/python3.8/site-packages/airflow/example_dags/example_params_trigger_ui.py took 0.107 seconds
[2026-08-17T11:44:01.494+0000] {processor.py:161} INFO - Started process (PID=3213) to work on /home/airflow/.local/lib/python3.8/site-packages/airflow/example_dags/example_params_trigger_ui.py
[2026-08-17T11:44:01.495+0000] {processor.py:830} INFO - Processing file /home/airflow/.local/lib/python3.8/site-packages/airflow/example_dags/example_params_trigger_ui.py for tasks to queue
[2026-08-17T11:44:01.497+0000] {logging_mixin.py:188} INFO - [2026-08-17T11:44:01.497+0000] {dagbag.py:538} INFO - Filling up the DagBag from /home/airflow/.local/lib/python3.8/site-packages/airflow/example_dags/example_params_trigger_ui.py
[2026-08-17T11:44:01.511+0000] {processor.py:840} INFO - DAG(s) 'example_params_trigger_ui' retrieved from /home/airflow/.local/lib/python3.8/site-packages/airflow/example_dags/example_params_trigger_ui.py
[2026-08-17T11:44:01.560+0000] {logging_mixin.py:188} INFO - [2026-08-17T11:44:01.560+0000] {dag.py:3036} INFO - Sync 1 DAGs
[2026-08-17T11:44:01.571+0000] {logging_mixin.py:188} INFO - [2026-08-17T11:44:01.571+0000] {dag.py:3823} INFO - Setting next_dagrun for example_params_trigger_ui to None, run_after=None
[2026-08-17T11:44:01.592+0000] {processor.py:183} INFO - Processing /home/airflow/.local/lib/python3.8/site-packages/airflow/example_dags/example_params_trigger_ui.py took 0.102 seconds
