[2026-08-17T11:24:20.446+0000] {processor.py:161} INFO - Started process (PID=153) to work on /home/airflow/.local/lib/python3.8/site-packages/airflow/example_dags/example_python_operator.py
[2026-08-17T11:24:20.450+0000] {processor.py:830} INFO - Processing file /home/airflow/.local/lib/python3.8/site-packages/airflow/example_dags/example_python_operator.py for tasks to queue
[2026-08-17T11:24:20.463+0000] {logging_mixin.py:188} INFO - [2026-08-17T11:24:20.459+0000] {dagbag.py:538} INFO - Filling up the DagBag from /home/airflow/.local/lib/python3.8/site-packages/airflow/example_dags/example_python_operator.py
[2026-08-17T11:24:20.513+0000] {processor.py:840} INFO - DAG(s) 'example_python_operator' retrieved from /home/airflow/.local/lib/python3.8/site-packages/airflow/example_dags/example_python_operator.py
[2026-08-17T11:24:20.635+0000] {logging_mixin.py:188} INFO - [2026-08-17T11:24:20.635+0000] {dag.py:3036} INFO - Sync 1 DAGs
[2026-08-17T11:24:20.690+0000] {logging_mixin.py:188} INFO - [2026-08-17T11:24:20.690+0000] {dag.py:3823} INFO - Setting next_dagrun for example_python_operator to None, run_after=None
[2026-08-17T11:24:20.780+0000] {processor.py:183} INFO - Processing /home/airflow/.local/lib/python3.8/site-packages/airflow/example_dags/example_python_operator.py took 0.364 seconds
[2026-08-17T11:24:51.275+0000] {processor.py:161} INFO - Started process (PID=249) to work on /home/airflow/.local/lib/python3.8/site-packages/airflow/example_dags/example_python_operator.py
[2026-08-17T11:24:51.278+0000] {processor.py:830} INFO - Processing file /home/airflow/.local/lib/python3.8/site-packages/airflow/example_dags/example_python_operator.py for tasks to queue
[2026-08-17T11:24:51.282+0000] {logging_mixin.py:188} INFO - [2026-08-17T11:24:51.281+0000] {dagbag.py:538} INFO - Filling up the DagBag from /home/airflow/.local/lib/python3.8/site-packages/airflow/example_dags/example_python_operator.py
[2026-08-17T11:24:51.300+0000] {processor.py:840} INFO - DAG(s) 'example_python_operator' retrieved from /home/airflow/.local/lib/python3.8/site-packages/airflow/example_dags/example_python_operator.py
[2026-08-17T11:24:51.327+0000] {logging_mixin.py:188} INFO - [2026-08-17T11:24:51.326+0000] {dag.py:3036} INFO - Sync 1 DAGs
[2026-08-17T11:24:51.350+0000] {logging_mixin.py:188} INFO - [2026-08-17T11:24:51.350+0000] {dag.py:3823} INFO - Setting next_dagrun for example_python_operator to None, run_after=None
[2026-08-17T11:24:51.403+0000] {processor.py:183} INFO - Processing /home/airflow/.local/lib/python3.8/site-packages/airflow/example_dags/example_python_operator.py took 0.133 seconds
[2026-08-17T11:25:22.190+0000] {processor.py:161} INFO - Started process (PID=324) to work on /home/airflow/.local/lib/python3.8/site-packages/airflow/example_dags/example_python_operator.py
[2026-08-17T11:25:22.193+0000] {processor.py:830} INFO - Processing file /home/airflow/.local/lib/python3.8/site-packages/airflow/example_dags/example_python_operator.py for tasks to queue
[2026-08-17T11:25:22.195+0000] {logging_mixin.py:188} INFO - [2026-08-17T11:25:22.194+0000] {dagbag.py:538} INFO - Filling up the DagBag from /home/airflow/.local/lib/python3.8/site-packages/airflow/example_dags/example_python_operator.py
[2026-08-17T11:25:22.208+0000] {processor.py:840} INFO - DAG(s) 'example_python_operator' retrieved from /home/airflow/.local/lib/python3.8/site-packages/airflow/example_dags/example_python_operator.py
[2026-08-17T11:25:22.354+0000] {logging_mixin.py:188} INFO - [2026-08-17T11:25:22.353+0000] {dag.py:3036} INFO - Sync 1 DAGs
[2026-08-17T11:25:22.370+0000] {logging_mixin.py:188} INFO - [2026-08-17T11:25:22.370+0000] {dag.py:3823} INFO - Setting next_dagrun for example_python_operator to None, run_after=None
[2026-08-17T11:25:22.403+0000] {processor.py:183} INFO - Processing /home/airflow/.local/lib/python3.8/site-packages/airflow/example_dags/example_python_operator.py took 0.216 seconds
[2026-08-17T11:25:52.540+0000] {processor.py:161} INFO - Started process (PID=399) to work on /home/airflow/.local/lib/python3.8/site-packages/airflow/example_dags/example_python_operator.py
[2026-08-17T11:25:52.542+0000] {processor.py:830} INFO - Processing file /home/airflow/.local/lib/python3.8/site-packages/airflow/example_dags/example_python_operator.py for tasks to queue
[2026-08-17T11:25:52.544+0000] {logging_mixin.py:188} INFO - [2026-08-17T11:25:52.544+0000] {dagbag.py:538} INFO - Filling up the DagBag from /home/airflow/.local/lib/python3.8/site-packages/airflow/example_dags/example_python_operator.py
[2026-08-17T11:25:52.555+0000] {processor.py:840} INFO - DAG(s) 'example_python_operator' retrieved from /home/airflow/.local/lib/python3.8/site-packages/airflow/example_dags/example_python_operator.py
[2026-08-17T11:25:52.584+0000] {logging_mixin.py:188} INFO - [2026-08-17T11:25:52.584+0000] {dag.py:3036} INFO - Sync 1 DAGs
[2026-08-17T11:25:52.598+0000] {logging_mixin.py:188} INFO - [2026-08-17T11:25:52.597+0000] {dag.py:3823} INFO - Setting next_dagrun for example_python_operator to None, run_after=None
[2026-08-17T11:25:52.620+0000] {processor.py:183} INFO - Processing /home/airflow/.local/lib/python3.8/site-packages/airflow/example_dags/example_python_operator.py took 0.085 seconds
[2026-08-17T11:26:22.729+0000] {processor.py:161} INFO - Started process (PID=478) to work on /home/airflow/.local/lib/python3.8/site-packages/airflow/example_dags/example_python_operator.py
[2026-08-17T11:26:22.730+0000] {processor.py:830} INFO - Processing file /home/airflow/.local/lib/python3.8/site-packages/airflow/example_dags/example_python_operator.py for tasks to queue
[2026-08-17T11:26:22.733+0000] {logging_mixin.py:188} INFO - [2026-08-17T11:26:22.733+0000] {dagbag.py:538} INFO - Filling up the DagBag from /home/airflow/.local/lib/python3.8/site-packages/airflow/example_dags/example_python_operator.py
[2026-08-17T11:26:22.746+0000] {processor.py:840} INFO - DAG(s) 'example_python_operator' retrieved from /home/airflow/.local/lib/python3.8/site-packages/airflow/example_dags/example_python_operator.py
[2026-08-17T11:26:22.776+0000] {logging_mixin.py:188} INFO - [2026-08-17T11:26:22.776+0000] {dag.py:3036} INFO - Sync 1 DAGs
[2026-08-17T11:26:22.794+0000] {logging_mixin.py:188} INFO - [2026-08-17T11:26:22.793+0000] {dag.py:3823} INFO - Setting next_dagrun for example_python_operator to None, run_after=None
[2026-08-17T11:26:22.826+0000] {processor.py:183} INFO - Processing /home/airflow/.local/lib/python3.8/site-packages/airflow/example_dags/example_python_operator.py took 0.101 seconds
[2026-08-17T11:26:53.416+0000] {processor.py:161} INFO - Started process (PID=551) to work on /home/airflow/.local/lib/python3.8/site-packages/airflow/example_dags/example_python_operator.py
[2026-08-17T11:26:53.417+0000] {processor.py:830} INFO - Processing file /home/airflow/.local/lib/python3.8/site-packages/airflow/example_dags/example_python_operator.py for tasks to queue
[2026-08-17T11:26:53.419+0000] {logging_mixin.py:188} INFO - [2026-08-17T11:26:53.419+0000] {dagbag.py:538} INFO - Filling up the DagBag from /home/airflow/.local/lib/python3.8/site-packages/airflow/example_dags/example_python_operator.py
[2026-08-17T11:26:53.431+0000] {processor.py:840} INFO - DAG(s) 'example_python_operator' retrieved from /home/airflow/.local/lib/python3.8/site-packages/airflow/example_dags/example_python_operator.py
[2026-08-17T11:26:53.453+0000] {logging_mixin.py:188} INFO - [2026-08-17T11:26:53.453+0000] {dag.py:3036} INFO - Sync 1 DAGs
[2026-08-17T11:26:53.465+0000] {logging_mixin.py:188} INFO - [2026-08-17T11:26:53.465+0000] {dag.py:3823} INFO - Setting next_dagrun for example_python_operator to None, run_after=None
[2026-08-17T11:26:53.483+0000] {processor.py:183} INFO - Processing /home/airflow/.local/lib/python3.8/site-packages/airflow/example_dags/example_python_operator.py took 0.071 seconds
[2026-08-17T11:27:23.566+0000] {processor.py:161} INFO - Started process (PID=626) to work on /home/airflow/.local/lib/python3.8/site-packages/airflow/example_dags/example_python_operator.py
[2026-08-17T11:27:23.568+0000] {processor.py:830} INFO - Processing file /home/airflow/.local/lib/python3.8/site-packages/airflow/example_dags/example_python_operator.py for tasks to queue
[2026-08-17T11:27:23.570+0000] {logging_mixin.py:188} INFO - [2026-08-17T11:27:23.569+0000] {dagbag.py:538} INFO - Filling up the DagBag from /home/airflow/.local/lib/python3.8/site-packages/airflow/example_dags/example_python_operator.py
[2026-08-17T11:27:23.580+0000] {processor.py:840} INFO - DAG(s) 'example_python_operator' retrieved from /home/airflow/.local/lib/python3.8/site-packages/airflow/example_dags/example_python_operator.py
[2026-08-17T11:27:23.604+0000] {logging_mixin.py:188} INFO - [2026-08-17T11:27:23.604+0000] {dag.py:3036} INFO - Sync 1 DAGs
[2026-08-17T11:27:23.618+0000] {logging_mixin.py:188} INFO - [2026-08-17T11:27:23.617+0000] {dag.py:3823} INFO - Setting next_dagrun for example_python_operator to None, run_after=None
[2026-08-17T11:27:23.652+0000] {processor.py:183} INFO - Processing /home/airflow/.local/lib/python3.8/site-packages/airflow/example_dags/example_python_operator.py took 0.089 seconds
[2026-08-17T11:27:55.250+0000] {processor.py:161} INFO - Started process (PID=702) to work on /home/airflow/.local/lib/python3.8/site-packages/airflow/example_dags/example_python_operator.py
[2026-08-17T11:27:55.252+0000] {processor.py:830} INFO - Processing file /home/airflow/.local/lib/python3.8/site-packages/airflow/example_dags/example_python_operator.py for tasks to queue
[2026-08-17T11:27:55.254+0000] {logging_mixin.py:188} INFO - [2026-08-17T11:27:55.253+0000] {dagbag.py:538} INFO - Filling up the DagBag from /home/airflow/.local/lib/python3.8/site-packages/airflow/example_dags/example_python_operator.py
[2026-08-17T11:27:55.265+0000] {processor.py:840} INFO - DAG(s) 'example_python_operator' retrieved from /home/airflow/.local/lib/python3.8/site-packages/airflow/example_dags/example_python_operator.py
[2026-08-17T11:27:55.287+0000] {logging_mixin.py:188} INFO - [2026-08-17T11:27:55.287+0000] {dag.py:3036} INFO - Sync 1 DAGs
[2026-08-17T11:27:55.299+0000] {logging_mixin.py:188} INFO - [2026-08-17T11:27:55.299+0000] {dag.py:3823} INFO - Setting next_dagrun for example_python_operator to None, run_after=None
[2026-08-17T11:27:55.318+0000] {processor.py:183} INFO - Processing /home/airflow/.local/lib/python3.8/site-packages/airflow/example_dags/example_python_operator.py took 0.071 seconds
[2026-08-17T11:28:26.378+0000] {processor.py:161} INFO - Started process (PID=783) to work on /home/airflow/.local/lib/python3.8/site-packages/airflow/example_dags/example_python_operator.py
[2026-08-17T11:28:26.379+0000] {processor.py:830} INFO - Processing file /home/airflow/.local/lib/python3.8/site-packages/airflow/example_dags/example_python_operator.py for tasks to queue
[2026-08-17T11:28:26.381+0000] {logging_mixin.py:188} INFO - [2026-08-17T11:28:26.381+0000] {dagbag.py:538} INFO - Filling up the DagBag from /home/airflow/.local/lib/python3.8/site-packages/airflow/example_dags/example_python_operator.py
[2026-08-17T11:28:26.393+0000] {processor.py:840} INFO - DAG(s) 'example_python_operator' retrieved from /home/airflow/.local/lib/python3.8/site-packages/airflow/example_dags/example_python_operator.py
[2026-08-17T11:28:26.415+0000] {logging_mixin.py:188} INFO - [2026-08-17T11:28:26.415+0000] {dag.py:3036} INFO - Sync 1 DAGs
[2026-08-17T11:28:26.427+0000] {logging_mixin.py:188} INFO - [2026-08-17T11:28:26.427+0000] {dag.py:3823} INFO - Setting next_dagrun for example_python_operator to None, run_after=None
[2026-08-17T11:28:26.449+0000] {processor.py:183} INFO - Processing /home/airflow/.local/lib/python3.8/site-packages/airflow/example_dags/example_python_operator.py took 0.075 seconds
[2026-08-17T11:28:57.527+0000] {processor.py:161} INFO - Started process (PID=862) to work on /home/airflow/.local/lib/python3.8/site-packages/airflow/example_dags/example_python_operator.py
[2026-08-17T11:28:57.528+0000] {processor.py:830} INFO - Processing file /home/airflow/.local/lib/python3.8/site-packages/airflow/example_dags/example_python_operator.py for tasks to queue
[2026-08-17T11:28:57.531+0000] {logging_mixin.py:188} INFO - [2026-08-17T11:28:57.530+0000] {dagbag.py:538} INFO - Filling up the DagBag from /home/airflow/.local/lib/python3.8/site-packages/airflow/example_dags/example_python_operator.py
[2026-08-17T11:28:57.544+0000] {processor.py:840} INFO - DAG(s) 'example_python_operator' retrieved from /home/airflow/.local/lib/python3.8/site-packages/airflow/example_dags/example_python_operator.py
[2026-08-17T11:28:57.570+0000] {logging_mixin.py:188} INFO - [2026-08-17T11:28:57.570+0000] {dag.py:3036} INFO - Sync 1 DAGs
[2026-08-17T11:28:57.583+0000] {logging_mixin.py:188} INFO - [2026-08-17T11:28:57.582+0000] {dag.py:3823} INFO - Setting next_dagrun for example_python_operator to None, run_after=None
[2026-08-17T11:28:57.603+0000] {processor.py:183} INFO - Processing /home/airflow/.local/lib/python3.8/site-packages/airflow/example_dags/example_python_operator.py took 0.079 seconds
[2026-08-17T11:29:28.746+0000] {processor.py:161} INFO - Started process (PID=941) to work on /home/airflow/.local/lib/python3.8/site-packages/airflow/example_dags/example_python_operator.py
[2026-08-17T11:29:28.747+0000] {processor.py:830} INFO - Processing file /home/airflow/.local/lib/python3.8/site-packages/airflow/example_dags/example_python_operator.py for tasks to queue
[2026-08-17T11:29:28.749+0000] {logging_mixin.py:188} INFO - [2026-08-17T11:29:28.749+0000] {dagbag.py:538} INFO - Filling up the DagBag from /home/airflow/.local/lib/python3.8/site-packages/airflow/example_dags/example_python_operator.py
[2026-08-17T11:29:28.761+0000] {processor.py:840} INFO - DAG(s) 'example_python_operator' retrieved from /home/airflow/.local/lib/python3.8/site-packages/airflow/example_dags/example_python_operator.py
[2026-08-17T11:29:28.784+0000] {logging_mixin.py:188} INFO - [2026-08-17T11:29:28.784+0000] {dag.py:3036} INFO - Sync 1 DAGs
[2026-08-17T11:29:28.797+0000] {logging_mixin.py:188} INFO - [2026-08-17T11:29:28.797+0000] {dag.py:3823} INFO - Setting next_dagrun for example_python_operator to None, run_after=None
[2026-08-17T11:29:28.820+0000] {processor.py:183} INFO - Processing /home/airflow/.local/lib/python3.8/site-packages/airflow/example_dags/example_python_operator.py took 0.078 seconds
[2026-08-17T11:29:59.489+0000] {processor.py:161} INFO - Started process (PID=1019) to work on /home/airflow/.local/lib/python3.8/site-packages/airflow/example_dags/example_python_operator.py
[2026-08-17T11:29:59.491+0000] {processor.py:830} INFO - Processing file /home/airflow/.local/lib/python3.8/site-packages/airflow/example_dags/example_python_operator.py for tasks to queue
[2026-08-17T11:29:59.492+0000] {logging_mixin.py:188} INFO - [2026-08-17T11:29:59.492+0000] {dagbag.py:538} INFO - Filling up the DagBag from /home/airflow/.local/lib/python3.8/site-packages/airflow/example_dags/example_python_operator.py
[2026-08-17T11:29:59.503+0000] {processor.py:840} INFO - DAG(s) 'example_python_operator' retrieved from /home/airflow/.local/lib/python3.8/site-packages/airflow/example_dags/example_python_operator.py
[2026-08-17T11:29:59.525+0000] {logging_mixin.py:188} INFO - [2026-08-17T11:29:59.525+0000] {dag.py:3036} INFO - Sync 1 DAGs
[2026-08-17T11:29:59.538+0000] {logging_mixin.py:188} INFO - [2026-08-17T11:29:59.538+0000] {dag.py:3823} INFO - Setting next_dagrun for example_python_operator to None, run_after=None
[2026-08-17T11:29:59.556+0000] {processor.py:183} INFO - Processing /home/airflow/.local/lib/python3.8/site-packages/airflow/example_dags/example_python_operator.py took 0.070 seconds
[2026-08-17T11:30:30.416+0000] {processor.py:161} INFO - Started process (PID=1098) to work on /home/airflow/.local/lib/python3.8/site-packages/airflow/example_dags/example_python_operator.py
[2026-08-17T11:30:30.417+0000] {processor.py:830} INFO - Processing file /home/airflow/.local/lib/python3.8/site-packages/airflow/example_dags/example_python_operator.py for tasks to queue
[2026-08-17T11:30:30.420+0000] {logging_mixin.py:188} INFO - [2026-08-17T11:30:30.419+0000] {dagbag.py:538} INFO - Filling up the DagBag from /home/airflow/.local/lib/python3.8/site-packages/airflow/example_dags/example_python_operator.py
[2026-08-17T11:30:30.430+0000] {processor.py:840} INFO - DAG(s) 'example_python_operator' retrieved from /home/airflow/.local/lib/python3.8/site-packages/airflow/example_dags/example_python_operator.py
[2026-08-17T11:30:30.458+0000] {logging_mixin.py:188} INFO - [2026-08-17T11:30:30.458+0000] {dag.py:3036} INFO - Sync 1 DAGs
[2026-08-17T11:30:30.480+0000] {logging_mixin.py:188} INFO - [2026-08-17T11:30:30.480+0000] {dag.py:3823} INFO - Setting next_dagrun for example_python_operator to None, run_after=None
[2026-08-17T11:30:30.505+0000] {processor.py:183} INFO - Processing /home/airflow/.local/lib/python3.8/site-packages/airflow/example_dags/example_python_operator.py took 0.094 seconds
[2026-08-17T11:31:03.080+0000] {processor.py:161} INFO - Started process (PID=1178) to work on /home/airflow/.local/lib/python3.8/site-packages/airflow/example_dags/example_python_operator.py
[2026-08-17T11:31:03.082+0000] {processor.py:830} INFO - Processing file /home/airflow/.local/lib/python3.8/site-packages/airflow/example_dags/example_python_operator.py for tasks to queue
[2026-08-17T11:31:03.085+0000] {logging_mixin.py:188} INFO - [2026-08-17T11:31:03.084+0000] {dagbag.py:538} INFO - Filling up the DagBag from /home/airflow/.local/lib/python3.8/site-packages/airflow/example_dags/example_python_operator.py
[2026-08-17T11:31:03.097+0000] {processor.py:840} INFO - DAG(s) 'example_python_operator' retrieved from /home/airflow/.local/lib/python3.8/site-packages/airflow/example_dags/example_python_operator.py
[2026-08-17T11:31:03.123+0000] {logging_mixin.py:188} INFO - [2026-08-17T11:31:03.122+0000] {dag.py:3036} INFO - Sync 1 DAGs
[2026-08-17T11:31:03.136+0000] {logging_mixin.py:188} INFO - [2026-08-17T11:31:03.136+0000] {dag.py:3823} INFO - Setting next_dagrun for example_python_operator to None, run_after=None
[2026-08-17T11:31:03.161+0000] {processor.py:183} INFO - Processing /home/airflow/.local/lib/python3.8/site-packages/airflow/example_dags/example_python_operator.py took 0.087 seconds
[2026-08-17T11:31:34.314+0000] {processor.py:161} INFO - Started process (PID=1257) to work on /home/airflow/.local/lib/python3.8/site-packages/airflow/example_dags/example_python_operator.py
[2026-08-17T11:31:34.315+0000] {processor.py:830} INFO - Processing file /home/airflow/.local/lib/python3.8/site-packages/airflow/example_dags/example_python_operator.py for tasks to queue
[2026-08-17T11:31:34.318+0000] {logging_mixin.py:188} INFO - [2026-08-17T11:31:34.317+0000] {dagbag.py:538} INFO - Filling up the DagBag from /home/airflow/.local/lib/python3.8/site-packages/airflow/example_dags/example_python_operator.py
[2026-08-17T11:31:34.329+0000] {processor.py:840} INFO - DAG(s) 'example_python_operator' retrieved from /home/airflow/.local/lib/python3.8/site-packages/airflow/example_dags/example_python_operator.py
[2026-08-17T11:31:34.354+0000] {logging_mixin.py:188} INFO - [2026-08-17T11:31:34.353+0000] {dag.py:3036} INFO - Sync 1 DAGs
[2026-08-17T11:31:34.366+0000] {logging_mixin.py:188} INFO - [2026-08-17T11:31:34.366+0000] {dag.py:3823} INFO - Setting next_dagrun for example_python_operator to None, run_after=None
[2026-08-17T11:31:34.407+0000] {processor.py:183} INFO - Processing /home/airflow/.local/lib/python3.8/site-packages/airflow/example_dags/example_python_operator.py took 0.097 seconds
[2026-08-17T11:32:05.979+0000] {processor.py:161} INFO - Started process (PID=1337) to work on /home/airflow/.local/lib/python3.8/site-packages/airflow/example_dags/example_python_operator.py
[2026-08-17T11:32:05.981+0000] {processor.py:830} INFO - Processing file /home/airflow/.local/lib/python3.8/site-packages/airflow/example_dags/example_python_operator.py for tasks to queue
[2026-08-17T11:32:05.984+0000] {logging_mixin.py:188} INFO - [2026-08-17T11:32:05.983+0000] {dagbag.py:538} INFO - Filling up the DagBag from /home/airflow/.local/lib/python3.8/site-packages/airflow/example_dags/example_python_operator.py
[2026-08-17T11:32:06.001+0000] {processor.py:840} INFO - DAG(s) 'example_python_operator' retrieved from /home/airflow/.local/lib/python3.8/site-packages/airflow/example_dags/example_python_operator.py
[2026-08-17T11:32:06.036+0000] {logging_mixin.py:188} INFO - [2026-08-17T11:32:06.035+0000] {dag.py:3036} INFO - Sync 1 DAGs
[2026-08-17T11:32:06.050+0000] {logging_mixin.py:188} INFO - [2026-08-17T11:32:06.050+0000] {dag.py:3823} INFO - Setting next_dagrun for example_python_operator to None, run_after=None
[2026-08-17T11:32:06.075+0000] {processor.py:183} INFO - Processing /home/airflow/.local/lib/python3.8/site-packages/airflow/example_dags/example_python_operator.py took 0.101 seconds
[2026-08-17T11:32:37.063+0000] {processor.py:161} INFO - Started process (PID=1416) to work on /home/airflow/.local/lib/python3.8/site-packages/airflow/example_dags/example_python_operator.py
[2026-08-17T11:32:37.064+0000] {processor.py:830} INFO - Processing file /home/airflow/.local/lib/python3.8/site-packages/airflow/example_dags/example_python_operator.py for tasks to queue
[2026-08-17T11:32:37.066+0000] {logging_mixin.py:188} INFO - [2026-08-17T11:32:37.065+0000] {dagbag.py:538} INFO - Filling up the DagBag from /home/airflow/.local/lib/python3.8/site-packages/airflow/example_dags/example_python_operator.py
[2026-08-17T11:32:37.076+0000] {processor.py:840} INFO - DAG(s) 'example_python_operator' retrieved from /home/airflow/.local/lib/python3.8/site-packages/airflow/example_dags/example_python_operator.py
[2026-08-17T11:32:37.103+0000] {logging_mixin.py:188} INFO - [2026-08-17T11:32:37.102+0000] {dag.py:3036} INFO - Sync 1 DAGs
[2026-08-17T11:32:37.118+0000] {logging_mixin.py:188} INFO - [2026-08-17T11:32:37.117+0000] {dag.py:3823} INFO - Setting next_dagrun for example_python_operator to None, run_after=None
[2026-08-17T11:32:37.170+0000] {processor.py:183} INFO - Processing /home/airflow/.local/lib/python3.8/site-packages/airflow/example_dags/example_python_operator.py took 0.112 seconds
[2026-08-17T11:33:08.884+0000] {processor.py:161} INFO - Started process (PID=1495) to work on /home/airflow/.local/lib/python3.8/site-packages/airflow/example_dags/example_python_operator.py
[2026-08-17T11:33:08.885+0000] {processor.py:830} INFO - Processing file /home/airflow/.local/lib/python3.8/site-packages/airflow/example_dags/example_python_operator.py for tasks to queue
[2026-08-17T11:33:08.888+0000] {logging_mixin.py:188} INFO - [2026-08-17T11:33:08.887+0000] {dagbag.py:538} INFO - Filling up the DagBag from /home/airflow/.local/lib/python3.8/site-packages/airflow/example_dags/example_python_operator.py
[2026-08-17T11:33:08.899+0000] {processor.py:840} INFO - DAG(s) 'example_python_operator' retrieved from /home/airflow/.local/lib/python3.8/site-packages/airflow/example_dags/example_python_operator.py
[2026-08-17T11:33:08.930+0000] {logging_mixin.py:188} INFO - [2026-08-17T11:33:08.930+0000] {dag.py:3036} INFO - Sync 1 DAGs
[2026-08-17T11:33:08.949+0000] {logging_mixin.py:188} INFO - [2026-08-17T11:33:08.949+0000] {dag.py:3823} INFO - Setting next_dagrun for example_python_operator to None, run_after=None
[2026-08-17T11:33:08.977+0000] {processor.py:183} INFO - Processing /home/airflow/.local/lib/python3.8/site-packages/airflow/example_dags/example_python_operator.py took 0.097 seconds
[2026-08-17T11:33:40.744+0000] {processor.py:161} INFO - Started process (PID=1574) to work on /home/airflow/.local/lib/python3.8/site-packages/airflow/example_dags/example_python_operator.py
[2026-08-17T11:33:40.746+0000] {processor.py:830} INFO - Processing file /home/airflow/.local/lib/python3.8/site-packages/airflow/example_dags/example_python_operator.py for tasks to queue
[2026-08-17T11:33:40.748+0000] {logging_mixin.py:188} INFO - [2026-08-17T11:33:40.748+0000] {dagbag.py:538} INFO - Filling up the DagBag from /home/airflow/.local/lib/python3.8/site-packages/airflow/example_dags/example_python_operator.py
[2026-08-17T11:33:40.762+0000] {processor.py:840} INFO - DAG(s) 'example_python_operator' retrieved from /home/airflow/.local/lib/python3.8/site-packages/airflow/example_dags/example_python_operator.py
[2026-08-17T11:33:40.789+0000] {logging_mixin.py:188} INFO - [2026-08-17T11:33:40.788+0000] {dag.py:3036} INFO - Sync 1 DAGs
[2026-08-17T11:33:40.805+0000] {logging_mixin.py:188} INFO - [2026-08-17T11:33:40.804+0000] {dag.py:3823} INFO - Setting next_dagrun for example_python_operator to None, run_after=None
[2026-08-17T11:33:40.829+0000] {processor.py:183} INFO - Processing /home/airflow/.local/lib/python3.8/site-packages/airflow/example_dags/example_python_operator.py took 0.091 seconds
[2026-08-17T11:34:12.080+0000] {processor.py:161} INFO - Started process (PID=1653) to work on /home/airflow/.local/lib/python3.8/site-packages/airflow/example_dags/example_python_operator.py
[2026-08-17T11:34:12.082+0000] {processor.py:830} INFO - Processing file /home/airflow/.local/lib/python3.8/site-packages/airflow/example_dags/example_python_operator.py for tasks to queue
[2026-08-17T11:34:12.086+0000] {logging_mixin.py:188} INFO - [2026-08-17T11:34:12.085+0000] {dagbag.py:538} INFO - Filling up the DagBag from /home/airflow/.local/lib/python3.8/site-packages/airflow/example_dags/example_python_operator.py
[2026-08-17T11:34:12.105+0000] {processor.py:840} INFO - DAG(s) 'example_python_operator' retrieved from /home/airflow/.local/lib/python3.8/site-packages/airflow/example_dags/example_python_operator.py
[2026-08-17T11:34:12.144+0000] {logging_mixin.py:188} INFO - [2026-08-17T11:34:12.144+0000] {dag.py:3036} INFO - Sync 1 DAGs
[2026-08-17T11:34:12.162+0000] {logging_mixin.py:188} INFO - [2026-08-17T11:34:12.162+0000] {dag.py:3823} INFO - Setting next_dagrun for example_python_operator to None, run_after=None
[2026-08-17T11:34:12.195+0000] {processor.py:183} INFO - Processing /home/airflow/.local/lib/python3.8/site-packages/airflow/example_dags/example_python_operator.py took 0.120 seconds
[2026-08-17T11:34:43.124+0000] {processor.py:161} INFO - Started process (PID=1732) to work on /home/airflow/.local/lib/python3.8/site-packages/airflow/example_dags/example_python_operator.py
[2026-08-17T11:34:43.125+0000] {processor.py:830} INFO - Processing file /home/airflow/.local/lib/python3.8/site-packages/airflow/example_dags/example_python_operator.py for tasks to queue
[2026-08-17T11:34:43.128+0000] {logging_mixin.py:188} INFO - [2026-08-17T11:34:43.127+0000] {dagbag.py:538} INFO - Filling up the DagBag from /home/airflow/.local/lib/python3.8/site-packages/airflow/example_dags/example_python_operator.py
[2026-08-17T11:34:43.140+0000] {processor.py:840} INFO - DAG(s) 'example_python_operator' retrieved from /home/airflow/.local/lib/python3.8/site-packages/airflow/example_dags/example_python_operator.py
[2026-08-17T11:34:43.168+0000] {logging_mixin.py:188} INFO - [2026-08-17T11:34:43.167+0000] {dag.py:3036} INFO - Sync 1 DAGs
[2026-08-17T11:34:43.184+0000] {logging_mixin.py:188} INFO - [2026-08-17T11:34:43.184+0000] {dag.py:3823} INFO - Setting next_dagrun for example_python_operator to None, run_after=None
[2026-08-17T11:34:43.210+0000] {processor.py:183} INFO - Processing /home/airflow/.local/lib/python3.8/site-packages/airflow/example_dags/example_python_operator.py took 0.090 seconds
[2026-08-17T11:35:13.320+0000] {processor.py:161} INFO - Started process (PID=1811) to work on /home/airflow/.local/lib/python3.8/site-packages/airflow/example_dags/example_python_operator.py
[2026-08-17T11:35:13.321+0000] {processor.py:830} INFO - Processing file /home/airflow/.local/lib/python3.8/site-packages/airflow/example_dags/example_python_operator.py for tasks to queue
[2026-08-17T11:35:13.324+0000] {logging_mixin.py:188} INFO - [2026-08-17T11:35:13.323+0000] {dagbag.py:538} INFO - Filling up the DagBag from /home/airflow/.local/lib/python3.8/site-packages/airflow/example_dags/example_python_operator.py
[2026-08-17T11:35:13.334+0000] {processor.py:840} INFO - DAG(s) 'example_python_operator' retrieved from /home/airflow/.local/lib/python3.8/site-packages/airflow/example_dags/example_python_operator.py
[2026-08-17T11:35:13.359+0000] {logging_mixin.py:188} INFO - [2026-08-17T11:35:13.359+0000] {dag.py:3036} INFO - Sync 1 DAGs
[2026-08-17T11:35:13.372+0000] {logging_mixin.py:188} INFO - [2026-08-17T11:35:13.371+0000] {dag.py:3823} INFO - Setting next_dagrun for example_python_operator to None, run_after=None
[2026-08-17T11:35:13.393+0000] {processor.py:183} INFO - Processing /home/airflow/.local/lib/python3.8/site-packages/airflow/example_dags/example_python_operator.py took 0.077 seconds
[2026-08-17T11:35:43.782+0000] {processor.py:161} INFO - Started process (PID=1890) to work on /home/airflow/.local/lib/python3.8/site-packages/airflow/example_dags/example_python_operator.py
[2026-08-17T11:35:43.783+0000] {processor.py:830} INFO - Processing file /home/airflow/.local/lib/python3.8/site-packages/airflow/example_dags/example_python_operator.py for tasks to queue
[2026-08-17T11:35:43.785+0000] {logging_mixin.py:188} INFO - [2026-08-17T11:35:43.785+0000] {dagbag.py:538} INFO - Filling up the DagBag from /home/airflow/.local/lib/python3.8/site-packages/airflow/example_dags/example_python_operator.py
[2026-08-17T11:35:43.797+0000] {processor.py:840} INFO - DAG(s) 'example_python_operator' retrieved from /home/airflow/.local/lib/python3.8/site-packages/airflow/example_dags/example_python_operator.py
[2026-08-17T11:35:43.822+0000] {logging_mixin.py:188} INFO - [2026-08-17T11:35:43.822+0000] {dag.py:3036} INFO - Sync 1 DAGs
[2026-08-17T11:35:43.836+0000] {logging_mixin.py:188} INFO - [2026-08-17T11:35:43.836+0000] {dag.py:3823} INFO - Setting next_dagrun for example_python_operator to None, run_after=None
[2026-08-17T11:35:43.857+0000] {processor.py:183} INFO - Processing /home/airflow/.local/lib/python3.8/site-packages/airflow/example_dags/example_python_operator.py took 0.079 seconds
[2026-08-17T11:36:14.751+0000] {processor.py:161} INFO - Started process (PID=1969) to work on /home/airflow/.local/lib/python3.8/site-packages/airflow/example_dags/example_python_operator.py
[2026-08-17T11:36:14.752+0000] {processor.py:830} INFO - Processing file /home/airflow/.local/lib/python3.8/site-packages/airflow/example_dags/example_python_operator.py for tasks to queue
[2026-08-17T11:36:14.754+0000] {logging_mixin.py:188} INFO - [2026-08-17T11:36:14.754+0000] {dagbag.py:538} INFO - Filling up the DagBag from /home/airflow/.local/lib/python3.8/site-packages/airflow/example_dags/example_python_operator.py
[2026-08-17T11:36:14.764+0000] {processor.py:840} INFO - DAG(s) 'example_python_operator' retrieved from /home/airflow/.local/lib/python3.8/site-packages/airflow/example_dags/example_python_operator.py
[2026-08-17T11:36:14.787+0000] {logging_mixin.py:188} INFO - [2026-08-17T11:36:14.786+0000] {dag.py:3036} INFO - Sync 1 DAGs
[2026-08-17T11:36:14.798+0000] {logging_mixin.py:188} INFO - [2026-08-17T11:36:14.798+0000] {dag.py:3823} INFO - Setting next_dagrun for example_python_operator to None, run_after=None
[2026-08-17T11:36:14.818+0000] {processor.py:183} INFO - Processing /home/airflow/.local/lib/python3.8/site-packages/airflow/example_dags/example_python_operator.py took 0.071 seconds
[2026-08-17T11:36:45.247+0000] {processor.py:161} INFO - Started process (PID=2048) to work on /home/airflow/.local/lib/python3.8/site-packages/airflow/example_dags/example_python_operator.py
[2026-08-17T11:36:45.249+0000] {processor.py:830} INFO - Processing file /home/airflow/.local/lib/python3.8/site-packages/airflow/example_dags/example_python_operator.py for tasks to queue
[2026-08-17T11:36:45.251+0000] {logging_mixin.py:188} INFO - [2026-08-17T11:36:45.250+0000] {dagbag.py:538} INFO - Filling up the DagBag from /home/airflow/.local/lib/python3.8/site-packages/airflow/example_dags/example_python_operator.py
[2026-08-17T11:36:45.261+0000] {processor.py:840} INFO - DAG(s) 'example_python_operator' retrieved from /home/airflow/.local/lib/python3.8/site-packages/airflow/example_dags/example_python_operator.py
[2026-08-17T11:36:45.283+0000] {logging_mixin.py:188} INFO - [2026-08-17T11:36:45.283+0000] {dag.py:3036} INFO - Sync 1 DAGs
[2026-08-17T11:36:45.296+0000] {logging_mixin.py:188} INFO - [2026-08-17T11:36:45.296+0000] {dag.py:3823} INFO - Setting next_dagrun for example_python_operator to None, run_after=None
[2026-08-17T11:36:45.317+0000] {processor.py:183} INFO - Processing /home/airflow/.local/lib/python3.8/site-packages/airflow/example_dags/example_python_operator.py took 0.074 seconds
[2026-08-17T11:37:15.768+0000] {processor.py:161} INFO - Started process (PID=2127) to work on /home/airflow/.local/lib/python3.8/site-packages/airflow/example_dags/example_python_operator.py
[2026-08-17T11:37:15.770+0000] {processor.py:830} INFO - Processing file /home/airflow/.local/lib/python3.8/site-packages/airflow/example_dags/example_python_operator.py for tasks to queue
[2026-08-17T11:37:15.772+0000] {logging_mixin.py:188} INFO - [2026-08-17T11:37:15.771+0000] {dagbag.py:538} INFO - Filling up the DagBag from /home/airflow/.local/lib/python3.8/site-packages/airflow/example_dags/example_python_operator.py
[2026-08-17T11:37:15.782+0000] {processor.py:840} INFO - DAG(s) 'example_python_operator' retrieved from /home/airflow/.local/lib/python3.8/site-packages/airflow/example_dags/example_python_operator.py
[2026-08-17T11:37:15.804+0000] {logging_mixin.py:188} INFO - [2026-08-17T11:37:15.804+0000] {dag.py:3036} INFO - Sync 1 DAGs
[2026-08-17T11:37:15.817+0000] {logging_mixin.py:188} INFO - [2026-08-17T11:37:15.816+0000] {dag.py:3823} INFO - Setting next_dagrun for example_python_operator to None, run_after=None
[2026-08-17T11:37:15.836+0000] {processor.py:183} INFO - Processing /home/airflow/.local/lib/python3.8/site-packages/airflow/example_dags/example_python_operator.py took 0.072 seconds
[2026-08-17T11:37:51.884+0000] {processor.py:161} INFO - Started process (PID=2236) to work on /home/airflow/.local/lib/python3.8/site-packages/airflow/example_dags/example_python_operator.py
[2026-08-17T11:37:51.891+0000] {processor.py:830} INFO - Processing file /home/airflow/.local/lib/python3.8/site-packages/airflow/example_dags/example_python_operator.py for tasks to queue
[2026-08-17T11:37:51.897+0000] {logging_mixin.py:188} INFO - [2026-08-17T11:37:51.896+0000] {dagbag.py:538} INFO - Filling up the DagBag from /home/airflow/.local/lib/python3.8/site-packages/airflow/example_dags/example_python_operator.py
[2026-08-17T11:37:51.945+0000] {processor.py:840} INFO - DAG(s) 'example_python_operator' retrieved from /home/airflow/.local/lib/python3.8/site-packages/airflow/example_dags/example_python_operator.py
[2026-08-17T11:37:51.996+0000] {logging_mixin.py:188} INFO - [2026-08-17T11:37:51.995+0000] {dag.py:3036} INFO - Sync 1 DAGs
[2026-08-17T11:37:52.030+0000] {logging_mixin.py:188} INFO - [2026-08-17T11:37:52.029+0000] {dag.py:3823} INFO - Setting next_dagrun for example_python_operator to None, run_after=None
[2026-08-17T11:37:52.083+0000] {processor.py:183} INFO - Processing /home/airflow/.local/lib/python3.8/site-packages/airflow/example_dags/example_python_operator.py took 0.215 seconds
[2026-08-17T11:38:22.569+0000] {processor.py:161} INFO - Started process (PID=2321) to work on /home/airflow/.local/lib/python3.8/site-packages/airflow/example_dags/example_python_operator.py
[2026-08-17T11:38:22.570+0000] {processor.py:830} INFO - Processing file /home/airflow/.local/lib/python3.8/site-packages/airflow/example_dags/example_python_operator.py for tasks to queue
[2026-08-17T11:38:22.573+0000] {logging_mixin.py:188} INFO - [2026-08-17T11:38:22.573+0000] {dagbag.py:538} INFO - Filling up the DagBag from /home/airflow/.local/lib/python3.8/site-packages/airflow/example_dags/example_python_operator.py
[2026-08-17T11:38:22.584+0000] {processor.py:840} INFO - DAG(s) 'example_python_operator' retrieved from /home/airflow/.local/lib/python3.8/site-packages/airflow/example_dags/example_python_operator.py
[2026-08-17T11:38:22.609+0000] {logging_mixin.py:188} INFO - [2026-08-17T11:38:22.609+0000] {dag.py:3036} INFO - Sync 1 DAGs
[2026-08-17T11:38:22.622+0000] {logging_mixin.py:188} INFO - [2026-08-17T11:38:22.621+0000] {dag.py:3823} INFO - Setting next_dagrun for example_python_operator to None, run_after=None
[2026-08-17T11:38:22.644+0000] {processor.py:183} INFO - Processing /home/airflow/.local/lib/python3.8/site-packages/airflow/example_dags/example_python_operator.py took 0.078 seconds
[2026-08-17T11:38:52.874+0000] {processor.py:161} INFO - Started process (PID=2400) to work on /home/airflow/.local/lib/python3.8/site-packages/airflow/example_dags/example_python_operator.py
[2026-08-17T11:38:52.875+0000] {processor.py:830} INFO - Processing file /home/airflow/.local/lib/python3.8/site-packages/airflow/example_dags/example_python_operator.py for tasks to queue
[2026-08-17T11:38:52.878+0000] {logging_mixin.py:188} INFO - [2026-08-17T11:38:52.877+0000] {dagbag.py:538} INFO - Filling up the DagBag from /home/airflow/.local/lib/python3.8/site-packages/airflow/example_dags/example_python_operator.py
[2026-08-17T11:38:52.889+0000] {processor.py:840} INFO - DAG(s) 'example_python_operator' retrieved from /home/airflow/.local/lib/python3.8/site-packages/airflow/example_dags/example_python_operator.py
[2026-08-17T11:38:52.914+0000] {logging_mixin.py:188} INFO - [2026-08-17T11:38:52.913+0000] {dag.py:3036} INFO - Sync 1 DAGs
[2026-08-17T11:38:52.925+0000] {logging_mixin.py:188} INFO - [2026-08-17T11:38:52.925+0000] {dag.py:3823} INFO - Setting next_dagrun for example_python_operator to None, run_after=None
[2026-08-17T11:38:52.947+0000] {processor.py:183} INFO - Processing /home/airflow/.local/lib/python3.8/site-packages/airflow/example_dags/example_python_operator.py took 0.076 seconds
[2026-08-17T11:39:23.714+0000] {processor.py:161} INFO - Started process (PID=2487) to work on /home/airflow/.local/lib/python3.8/site-packages/airflow/example_dags/example_python_operator.py
[2026-08-17T11:39:23.715+0000] {processor.py:830} INFO - Processing file /home/airflow/.local/lib/python3.8/site-packages/airflow/example_dags/example_python_operator.py for tasks to queue
[2026-08-17T11:39:23.718+0000] {logging_mixin.py:188} INFO - [2026-08-17T11:39:23.717+0000] {dagbag.py:538} INFO - Filling up the DagBag from /home/airflow/.local/lib/python3.8/site-packages/airflow/example_dags/example_python_operator.py
[2026-08-17T11:39:23.729+0000] {processor.py:840} INFO - DAG(s) 'example_python_operator' retrieved from /home/airflow/.local/lib/python3.8/site-packages/airflow/example_dags/example_python_operator.py
[2026-08-17T11:39:23.754+0000] {logging_mixin.py:188} INFO - [2026-08-17T11:39:23.754+0000] {dag.py:3036} INFO - Sync 1 DAGs
[2026-08-17T11:39:23.767+0000] {logging_mixin.py:188} INFO - [2026-08-17T11:39:23.767+0000] {dag.py:3823} INFO - Setting next_dagrun for example_python_operator to None, run_after=None
[2026-08-17T11:39:23.788+0000] {processor.py:183} INFO - Processing /home/airflow/.local/lib/python3.8/site-packages/airflow/example_dags/example_python_operator.py took 0.078 seconds
[2026-08-17T11:39:54.120+0000] {processor.py:161} INFO - Started process (PID=2566) to work on /home/airflow/.local/lib/python3.8/site-packages/airflow/example_dags/example_python_operator.py
[2026-08-17T11:39:54.122+0000] {processor.py:830} INFO - Processing file /home/airflow/.local/lib/python3.8/site-packages/airflow/example_dags/example_python_operator.py for tasks to queue
[2026-08-17T11:39:54.125+0000] {logging_mixin.py:188} INFO - [2026-08-17T11:39:54.124+0000] {dagbag.py:538} INFO - Filling up the DagBag from /home/airflow/.local/lib/python3.8/site-packages/airflow/example_dags/example_python_operator.py
[2026-08-17T11:39:54.137+0000] {processor.py:840} INFO - DAG(s) 'example_python_operator' retrieved from /home/airflow/.local/lib/python3.8/site-packages/airflow/example_dags/example_python_operator.py
[2026-08-17T11:39:54.168+0000] {logging_mixin.py:188} INFO - [2026-08-17T11:39:54.168+0000] {dag.py:3036} INFO - Sync 1 DAGs
[2026-08-17T11:39:54.186+0000] {logging_mixin.py:188} INFO - [2026-08-17T11:39:54.186+0000] {dag.py:3823} INFO - Setting next_dagrun for example_python_operator to None, run_after=None
[2026-08-17T11:39:54.214+0000] {processor.py:183} INFO - Processing /home/airflow/.local/lib/python3.8/site-packages/airflow/example_dags/example_python_operator.py took 0.098 seconds
[2026-08-17T11:40:24.854+0000] {processor.py:161} INFO - Started process (PID=2645) to work on /home/airflow/.local/lib/python3.8/site-packages/airflow/example_dags/example_python_operator.py
[2026-08-17T11:40:24.855+0000] {processor.py:830} INFO - Processing file /home/airflow/.local/lib/python3.8/site-packages/airflow/example_dags/example_python_operator.py for tasks to queue
[2026-08-17T11:40:24.857+0000] {logging_mixin.py:188} INFO - [2026-08-17T11:40:24.857+0000] {dagbag.py:538} INFO - Filling up the DagBag from /home/airflow/.local/lib/python3.8/site-packages/airflow/example_dags/example_python_operator.py
[2026-08-17T11:40:24.868+0000] {processor.py:840} INFO - DAG(s) 'example_python_operator' retrieved from /home/airflow/.local/lib/python3.8/site-packages/airflow/example_dags/example_python_operator.py
[2026-08-17T11:40:24.893+0000] {logging_mixin.py:188} INFO - [2026-08-17T11:40:24.892+0000] {dag.py:3036} INFO - Sync 1 DAGs
[2026-08-17T11:40:24.904+0000] {logging_mixin.py:188} INFO - [2026-08-17T11:40:24.903+0000] {dag.py:3823} INFO - Setting next_dagrun for example_python_operator to None, run_after=None
[2026-08-17T11:40:24.923+0000] {processor.py:183} INFO - Processing /home/airflow/.local/lib/python3.8/site-packages/airflow/example_dags/example_python_operator.py took 0.073 seconds
[2026-08-17T11:40:55.667+0000] {processor.py:161} INFO - Started process (PID=2724) to work on /home/airflow/.local/lib/python3.8/site-packages/airflow/example_dags/example_python_operator.py
[2026-08-17T11:40:55.669+0000] {processor.py:830} INFO - Processing file /home/airflow/.local/lib/python3.8/site-packages/airflow/example_dags/example_python_operator.py for tasks to queue
[2026-08-17T11:40:55.671+0000] {logging_mixin.py:188} INFO - [2026-08-17T11:40:55.671+0000] {dagbag.py:538} INFO - Filling up the DagBag from /home/airflow/.local/lib/python3.8/site-packages/airflow/example_dags/example_python_operator.py
[2026-08-17T11:40:55.681+0000] {processor.py:840} INFO - DAG(s) 'example_python_operator' retrieved from /home/airflow/.local/lib/python3.8/site-packages/airflow/example_dags/example_python_operator.py
[2026-08-17T11:40:55.705+0000] {logging_mixin.py:188} INFO - [2026-08-17T11:40:55.705+0000] {dag.py:3036} INFO - Sync 1 DAGs
[2026-08-17T11:40:55.717+0000] {logging_mixin.py:188} INFO - [2026-08-17T11:40:55.716+0000] {dag.py:3823} INFO - Setting next_dagrun for example_python_operator to None, run_after=None
[2026-08-17T11:40:55.736+0000] {processor.py:183} INFO - Processing /home/airflow/.local/lib/python3.8/site-packages/airflow/example_dags/example_python_operator.py took 0.072 seconds
[2026-08-17T11:41:26.189+0000] {processor.py:161} INFO - Started process (PID=2803) to work on /home/airflow/.local/lib/python3.8/site-packages/airflow/example_dags/example_python_operator.py
[2026-08-17T11:41:26.190+0000] {processor.py:830} INFO - Processing file /home/airflow/.local/lib/python3.8/site-packages/airflow/example_dags/example_python_operator.py for tasks to queue
[2026-08-17T11:41:26.193+0000] {logging_mixin.py:188} INFO - [2026-08-17T11:41:26.192+0000] {dagbag.py:538} INFO - Filling up the DagBag from /home/airflow/.local/lib/python3.8/site-packages/airflow/example_dags/example_python_operator.py
[2026-08-17T11:41:26.203+0000] {processor.py:840} INFO - DAG(s) 'example_python_operator' retrieved from /home/airflow/.local/lib/python3.8/site-packages/airflow/example_dags/example_python_operator.py
[2026-08-17T11:41:26.227+0000] {logging_mixin.py:188} INFO - [2026-08-17T11:41:26.227+0000] {dag.py:3036} INFO - Sync 1 DAGs
[2026-08-17T11:41:26.240+0000] {logging_mixin.py:188} INFO - [2026-08-17T11:41:26.240+0000] {dag.py:3823} INFO - Setting next_dagrun for example_python_operator to None, run_after=None
[2026-08-17T11:41:26.259+0000] {processor.py:183} INFO - Processing /home/airflow/.local/lib/python3.8/site-packages/airflow/example_dags/example_python_operator.py took 0.074 seconds
[2026-08-17T11:41:56.483+0000] {processor.py:161} INFO - Started process (PID=2882) to work on /home/airflow/.local/lib/python3.8/site-packages/airflow/example_dags/example_python_operator.py
[2026-08-17T11:41:56.485+0000] {processor.py:830} INFO - Processing file /home/airflow/.local/lib/python3.8/site-packages/airflow/example_dags/example_python_operator.py for tasks to queue
[2026-08-17T11:41:56.487+0000] {logging_mixin.py:188} INFO - [2026-08-17T11:41:56.487+0000] {dagbag.py:538} INFO - Filling up the DagBag from /home/airflow/.local/lib/python3.8/site-packages/airflow/example_dags/example_python_operator.py
[2026-08-17T11:41:56.497+0000] {processor.py:840} INFO - DAG(s) 'example_python_operator' retrieved from /home/airflow/.local/lib/python3.8/site-packages/airflow/example_dags/example_python_operator.py
[2026-08-17T11:41:56.522+0000] {logging_mixin.py:188} INFO - [2026-08-17T11:41:56.522+0000] {dag.py:3036} INFO - Sync 1 DAGs
[2026-08-17T11:41:56.535+0000] {logging_mixin.py:188} INFO - [2026-08-17T11:41:56.535+0000] {dag.py:3823} INFO - Setting next_dagrun for example_python_operator to None, run_after=None
[2026-08-17T11:41:56.555+0000] {processor.py:183} INFO - Processing /home/airflow/.local/lib/python3.8/site-packages/airflow/example_dags/example_python_operator.py took 0.076 seconds
[2026-08-17T11:42:27.314+0000] {processor.py:161} INFO - Started process (PID=2961) to work on /home/airflow/.local/lib/python3.8/site-packages/airflow/example_dags/example_python_operator.py
[2026-08-17T11:42:27.315+0000] {processor.py:830} INFO - Processing file /home/airflow/.local/lib/python3.8/site-packages/airflow/example_dags/example_python_operator.py for tasks to queue
[2026-08-17T11:42:27.317+0000] {logging_mixin.py:188} INFO - [2026-08-17T11:42:27.317+0000] {dagbag.py:538} INFO - Filling up the DagBag from /home/airflow/.local/lib/python3.8/site-packages/airflow/example_dags/example_python_operator.py
[2026-08-17T11:42:27.332+0000] {processor.py:840} INFO - DAG(s) 'example_python_operator' retrieved from /home/airflow/.local/lib/python3.8/site-packages/airflow/example_dags/example_python_operator.py
[2026-08-17T11:42:27.356+0000] {logging_mixin.py:188} INFO - [2026-08-17T11:42:27.356+0000] {dag.py:3036} INFO - Sync 1 DAGs
[2026-08-17T11:42:27.368+0000] {logging_mixin.py:188} INFO - [2026-08-17T11:42:27.368+0000] {dag.py:3823} INFO - Setting next_dagrun for example_python_operator to None, run_after=None
[2026-08-17T11:42:27.389+0000] {processor.py:183} INFO - Processing /home/airflow/.local/lib/python3.8/site-packages/airflow/example_dags/example_python_operator.py took 0.078 seconds
[2026-08-17T11:42:58.311+0000] {processor.py:161} INFO - Started process (PID=3046) to work on /home/airflow/.local/lib/python3.8/site-packages/airflow/example_dags/example_python_operator.py
[2026-08-17T11:42:58.313+0000] {processor.py:830} INFO - Processing file /home/airflow/.local/lib/python3.8/site-packages/airflow/example_dags/example_python_operator.py for tasks to queue
[2026-08-17T11:42:58.315+0000] {logging_mixin.py:188} INFO - [2026-08-17T11:42:58.315+0000] {dagbag.py:538} INFO - Filling up the DagBag from /home/airflow/.local/lib/python3.8/site-packages/airflow/example_dags/example_python_operator.py
[2026-08-17T11:42:58.329+0000] {processor.py:840} INFO - DAG(s) 'example_python_operator' retrieved from /home/airflow/.local/lib/python3.8/site-packages/airflow/example_dags/example_python_operator.py
[2026-08-17T11:42:58.354+0000] {logging_mixin.py:188} INFO - [2026-08-17T11:42:58.353+0000] {dag.py:3036} INFO - Sync 1 DAGs
[2026-08-17T11:42:58.388+0000] {logging_mixin.py:188} INFO - [2026-08-17T11:42:58.387+0000] {dag.py:3823} INFO - Setting next_dagrun for example_python_operator to None, run_after=None
[2026-08-17T11:42:58.424+0000] {processor.py:183} INFO - Processing /home/airflow/.local/lib/python3.8/site-packages/airflow/example_dags/example_python_operator.py took 0.117 seconds
[2026-08-17T11:43:29.312+0000] {processor.py:161} INFO - Started process (PID=3125) to work on /home/airflow/.local/lib/python3.8/site-packages/airflow/example_dags/example_python_operator.py
[2026-08-17T11:43:29.313+0000] {processor.py:830} INFO - Processing file /home/airflow/.local/lib/python3.8/site-packages/airflow/example_dags/example_python_operator.py for tasks to queue
[2026-08-17T11:43:29.315+0000] {logging_mixin.py:188} INFO - [2026-08-17T11:43:29.315+0000] {dagbag.py:538} INFO - Filling up the DagBag from /home/airflow/.local/lib/python3.8/site-packages/airflow/example_dags/example_python_operator.py
[2026-08-17T11:43:29.326+0000] {processor.py:840} INFO - DAG(s) 'example_python_operator' retrieved from /home/airflow/.local/lib/python3.8/site-packages/airflow/example_dags/example_python_operator.py
[2026-08-17T11:43:29.348+0000] {logging_mixin.py:188} INFO - [2026-08-17T11:43:29.348+0000] {dag.py:3036} INFO - Sync 1 DAGs
[2026-08-17T11:43:29.360+0000] {logging_mixin.py:188} INFO - [2026-08-17T11:43:29.359+0000] {dag.py:3823} INFO - Setting next_dagrun for example_python_operator to None, run_after=None
[2026-08-17T11:43:29.379+0000] {processor.py:183} INFO - Processing /home/airflow/.local/lib/python3.8/site-packages/airflow/example_dags/example_python_operator.py took 0.071 seconds
[2026-08-17T11:43:59.807+0000] {processor.py:161} INFO - Started process (PID=3205) to work on /home/airflow/.local/lib/python3.8/site-packages/airflow/example_dags/example_python_operator.py
[2026-08-17T11:43:59.809+0000] {processor.py:830} INFO - Processing file /home/airflow/.local/lib/python3.8/site-packages/airflow/example_dags/example_python_operator.py for tasks to queue
[2026-08-17T11:43:59.813+0000] {logging_mixin.py:188} INFO - [2026-08-17T11:43:59.812+0000] {dagbag.py:538} INFO - Filling up the DagBag from /home/airflow/.local/lib/python3.8/site-packages/airflow/example_dags/example_python_operator.py
[2026-08-17T11:43:59.825+0000] {processor.py:840} INFO - DAG(s) 'example_python_operator' retrieved from /home/airflow/.local/lib/python3.8/site-packages/airflow/example_dags/example_python_operator.py
[2026-08-17T11:43:59.854+0000] {logging_mixin.py:188} INFO - [2026-08-17T11:43:59.854+0000] {dag.py:3036} INFO - Sync 1 DAGs
[2026-08-17T11:43:59.871+0000] {logging_mixin.py:188} INFO - [2026-08-17T11:43:59.871+0000] {dag.py:3823} INFO - Setting next_dagrun for example_python_operator to None, run_after=None
[2026-08-17T11:43:59.900+0000] {processor.py:183} INFO - Processing /home/airflow/.local/lib/python3.8/site-packages/airflow/example_dags/example_python_operator.py took 0.097 seconds
