[2026-08-10T23:01:23.035+0000] {taskinstance.py:1956} INFO - Dependencies all met for dep_context=non-requeueable deps ti=<TaskInstance: jour2_dependances.extraire_grand_est scheduled__2026-08-09T00:00:00+00:00 [queued]>
[2026-08-10T23:01:23.247+0000] {taskinstance.py:1956} INFO - Dependencies all met for dep_context=requeueable deps ti=<TaskInstance: jour2_dependances.extraire_grand_est scheduled__2026-08-09T00:00:00+00:00 [queued]>
[2026-08-10T23:01:23.279+0000] {taskinstance.py:2170} INFO - Starting attempt 1 of 2
[2026-08-10T23:01:23.436+0000] {taskinstance.py:2191} INFO - Executing <Task(PythonOperator): extraire_grand_est> on 2026-08-09 00:00:00+00:00
[2026-08-10T23:01:23.662+0000] {standard_task_runner.py:60} INFO - Started process 92 to run task
[2026-08-10T23:01:23.687+0000] {standard_task_runner.py:87} INFO - Running: ['***', 'tasks', 'run', 'jour2_dependances', 'extraire_grand_est', 'scheduled__2026-08-09T00:00:00+00:00', '--job-id', '157', '--raw', '--subdir', 'DAGS_FOLDER/dag_dependencies.py', '--cfg-path', '/tmp/tmplwf9tpf6']
[2026-08-10T23:01:23.742+0000] {standard_task_runner.py:88} INFO - Job 157: Subtask extraire_grand_est
[2026-08-10T23:01:24.241+0000] {task_command.py:423} INFO - Running <TaskInstance: jour2_dependances.extraire_grand_est scheduled__2026-08-09T00:00:00+00:00 [running]> on host 7fb80272d6a8
[2026-08-10T23:01:25.463+0000] {taskinstance.py:2480} INFO - Exporting env vars: AIRFLOW_CTX_DAG_OWNER='sung' AIRFLOW_CTX_DAG_ID='jour2_dependances' AIRFLOW_CTX_TASK_ID='extraire_grand_est' AIRFLOW_CTX_EXECUTION_DATE='2026-08-09T00:00:00+00:00' AIRFLOW_CTX_TRY_NUMBER='1' AIRFLOW_CTX_DAG_RUN_ID='scheduled__2026-08-09T00:00:00+00:00'
[2026-08-10T23:01:25.553+0000] {taskinstance.py:2698} ERROR - Task failed with exception
Traceback (most recent call last):
  File "/home/airflow/.local/lib/python3.8/site-packages/airflow/models/taskinstance.py", line 433, in _execute_task
    result = execute_callable(context=context, **execute_callable_kwargs)
  File "/home/airflow/.local/lib/python3.8/site-packages/airflow/operators/python.py", line 199, in execute
    return_value = self.execute_callable()
  File "/home/airflow/.local/lib/python3.8/site-packages/airflow/operators/python.py", line 216, in execute_callable
    return self.python_callable(*self.op_args, **self.op_kwargs)
  File "/opt/airflow/dags/dag_dependencies.py", line 41, in extraire_region
    df = pd.DataFrame({
  File "/home/airflow/.local/lib/python3.8/site-packages/pandas/core/frame.py", line 709, in __init__
    mgr = dict_to_mgr(data, index, columns, dtype=dtype, copy=copy, typ=manager)
  File "/home/airflow/.local/lib/python3.8/site-packages/pandas/core/internals/construction.py", line 481, in dict_to_mgr
    return arrays_to_mgr(arrays, columns, index, dtype=dtype, typ=typ, consolidate=copy)
  File "/home/airflow/.local/lib/python3.8/site-packages/pandas/core/internals/construction.py", line 115, in arrays_to_mgr
    index = _extract_index(arrays)
  File "/home/airflow/.local/lib/python3.8/site-packages/pandas/core/internals/construction.py", line 655, in _extract_index
    raise ValueError("All arrays must be of the same length")
ValueError: All arrays must be of the same length
[2026-08-10T23:01:25.793+0000] {taskinstance.py:1138} INFO - Marking task as UP_FOR_RETRY. dag_id=jour2_dependances, task_id=extraire_grand_est, execution_date=20260809T000000, start_date=20260810T230123, end_date=20260810T230125
[2026-08-10T23:01:25.944+0000] {standard_task_runner.py:107} ERROR - Failed to execute job 157 for task extraire_grand_est (All arrays must be of the same length; 92)
[2026-08-10T23:01:26.121+0000] {local_task_job_runner.py:234} INFO - Task exited with return code 1
[2026-08-10T23:01:26.898+0000] {taskinstance.py:3280} INFO - 0 downstream tasks scheduled from follow-on schedule check
