[2026-08-17T11:24:22.436+0000] {taskinstance.py:1956} INFO - Dependencies all met for dep_context=non-requeueable deps ti=<TaskInstance: jour4_taskflow_avance.sauvegarder_kpis scheduled__2026-08-16T00:00:00+00:00 [queued]>
[2026-08-17T11:24:22.519+0000] {taskinstance.py:1956} INFO - Dependencies all met for dep_context=requeueable deps ti=<TaskInstance: jour4_taskflow_avance.sauvegarder_kpis scheduled__2026-08-16T00:00:00+00:00 [queued]>
[2026-08-17T11:24:22.520+0000] {taskinstance.py:2170} INFO - Starting attempt 1 of 2
[2026-08-17T11:24:22.901+0000] {taskinstance.py:2191} INFO - Executing <Task(_PythonDecoratedOperator): sauvegarder_kpis> on 2026-08-16 00:00:00+00:00
[2026-08-17T11:24:22.943+0000] {standard_task_runner.py:60} INFO - Started process 135 to run task
[2026-08-17T11:24:22.973+0000] {standard_task_runner.py:87} INFO - Running: ['***', 'tasks', 'run', 'jour4_taskflow_avance', 'sauvegarder_kpis', 'scheduled__2026-08-16T00:00:00+00:00', '--job-id', '332', '--raw', '--subdir', 'DAGS_FOLDER/dag_taskflow_avance.py', '--cfg-path', '/tmp/tmp6w2p9p94']
[2026-08-17T11:24:22.988+0000] {standard_task_runner.py:88} INFO - Job 332: Subtask sauvegarder_kpis
[2026-08-17T11:24:23.949+0000] {task_command.py:423} INFO - Running <TaskInstance: jour4_taskflow_avance.sauvegarder_kpis scheduled__2026-08-16T00:00:00+00:00 [running]> on host c8ee706333f2
[2026-08-17T11:24:24.863+0000] {taskinstance.py:2480} INFO - Exporting env vars: AIRFLOW_CTX_DAG_OWNER='sung' AIRFLOW_CTX_DAG_ID='jour4_taskflow_avance' AIRFLOW_CTX_TASK_ID='sauvegarder_kpis' AIRFLOW_CTX_EXECUTION_DATE='2026-08-16T00:00:00+00:00' AIRFLOW_CTX_TRY_NUMBER='1' AIRFLOW_CTX_DAG_RUN_ID='scheduled__2026-08-16T00:00:00+00:00'
[2026-08-17T11:24:24.868+0000] {taskinstance.py:2698} ERROR - Task failed with exception
Traceback (most recent call last):
  File "/home/airflow/.local/lib/python3.8/site-packages/airflow/models/taskinstance.py", line 433, in _execute_task
    result = execute_callable(context=context, **execute_callable_kwargs)
  File "/home/airflow/.local/lib/python3.8/site-packages/airflow/decorators/base.py", line 241, in execute
    return_value = super().execute(context)
  File "/home/airflow/.local/lib/python3.8/site-packages/airflow/operators/python.py", line 199, in execute
    return_value = self.execute_callable()
  File "/home/airflow/.local/lib/python3.8/site-packages/airflow/operators/python.py", line 216, in execute_callable
    return self.python_callable(*self.op_args, **self.op_kwargs)
  File "/opt/airflow/dags/dag_taskflow_avance.py", line 122, in sauvegarder_kpis
    conn = sqlite3.connect('/tmp/entrepot/kpis.db')
sqlite3.OperationalError: unable to open database file
[2026-08-17T11:24:24.903+0000] {taskinstance.py:1138} INFO - Marking task as UP_FOR_RETRY. dag_id=jour4_taskflow_avance, task_id=sauvegarder_kpis, execution_date=20260816T000000, start_date=20260817T112422, end_date=20260817T112424
[2026-08-17T11:24:25.013+0000] {standard_task_runner.py:107} ERROR - Failed to execute job 332 for task sauvegarder_kpis (unable to open database file; 135)
[2026-08-17T11:24:25.095+0000] {local_task_job_runner.py:234} INFO - Task exited with return code 1
[2026-08-17T11:24:25.250+0000] {taskinstance.py:3280} INFO - 0 downstream tasks scheduled from follow-on schedule check
