[2026-08-14T09:47:17.283+0000] {taskinstance.py:1956} INFO - Dependencies all met for dep_context=non-requeueable deps ti=<TaskInstance: jour5_pipeline_complet.verifier_chargement manual__2026-08-14T09:47:05+00:00 [queued]>
[2026-08-14T09:47:17.291+0000] {taskinstance.py:1956} INFO - Dependencies all met for dep_context=requeueable deps ti=<TaskInstance: jour5_pipeline_complet.verifier_chargement manual__2026-08-14T09:47:05+00:00 [queued]>
[2026-08-14T09:47:17.292+0000] {taskinstance.py:2170} INFO - Starting attempt 1 of 3
[2026-08-14T09:47:17.302+0000] {taskinstance.py:2191} INFO - Executing <Task(_PythonDecoratedOperator): verifier_chargement> on 2026-08-14 09:47:05+00:00
[2026-08-14T09:47:17.309+0000] {standard_task_runner.py:60} INFO - Started process 626 to run task
[2026-08-14T09:47:17.313+0000] {standard_task_runner.py:87} INFO - Running: ['***', 'tasks', 'run', 'jour5_pipeline_complet', 'verifier_chargement', 'manual__2026-08-14T09:47:05+00:00', '--job-id', '305', '--raw', '--subdir', 'DAGS_FOLDER/dag_pipeline_complet.py', '--cfg-path', '/tmp/tmppwtrza2c']
[2026-08-14T09:47:17.314+0000] {standard_task_runner.py:88} INFO - Job 305: Subtask verifier_chargement
[2026-08-14T09:47:17.375+0000] {task_command.py:423} INFO - Running <TaskInstance: jour5_pipeline_complet.verifier_chargement manual__2026-08-14T09:47:05+00:00 [running]> on host b9e878092d96
[2026-08-14T09:47:17.454+0000] {taskinstance.py:2480} INFO - Exporting env vars: AIRFLOW_CTX_DAG_OWNER='sung' AIRFLOW_CTX_DAG_ID='jour5_pipeline_complet' AIRFLOW_CTX_TASK_ID='verifier_chargement' AIRFLOW_CTX_EXECUTION_DATE='2026-08-14T09:47:05+00:00' AIRFLOW_CTX_TRY_NUMBER='1' AIRFLOW_CTX_DAG_RUN_ID='manual__2026-08-14T09:47:05+00:00'
[2026-08-14T09:47:17.457+0000] {logging_mixin.py:188} INFO - Vérification pour 2026-08-14 :
[2026-08-14T09:47:17.458+0000] {logging_mixin.py:188} INFO -   ✓ raw        : 30 lignes
[2026-08-14T09:47:17.458+0000] {logging_mixin.py:188} INFO -   ✓ clean      : 30 lignes
[2026-08-14T09:47:17.459+0000] {logging_mixin.py:188} INFO -   ✓ kpis       : 1 lignes
[2026-08-14T09:47:17.459+0000] {logging_mixin.py:188} INFO - 
CA du jour : 133190.0€
[2026-08-14T09:47:17.459+0000] {logging_mixin.py:188} INFO - Top Produit : Laptop Pro
[2026-08-14T09:47:17.459+0000] {logging_mixin.py:188} INFO - Top Vendeur : Karim
[2026-08-14T09:47:17.459+0000] {python.py:201} INFO - Done. Returned value was: None
[2026-08-14T09:47:17.468+0000] {taskinstance.py:1138} INFO - Marking task as SUCCESS. dag_id=jour5_pipeline_complet, task_id=verifier_chargement, execution_date=20260814T094705, start_date=20260814T094717, end_date=20260814T094717
[2026-08-14T09:47:17.485+0000] {local_task_job_runner.py:234} INFO - Task exited with return code 0
[2026-08-14T09:47:17.500+0000] {taskinstance.py:3280} INFO - 0 downstream tasks scheduled from follow-on schedule check
