[2026-08-20T12:24:29.996+0000] {processor.py:161} INFO - Started process (PID=165) to work on /home/airflow/.local/lib/python3.8/site-packages/airflow/example_dags/example_branch_datetime_operator.py
[2026-08-20T12:24:30.003+0000] {processor.py:830} INFO - Processing file /home/airflow/.local/lib/python3.8/site-packages/airflow/example_dags/example_branch_datetime_operator.py for tasks to queue
[2026-08-20T12:24:30.021+0000] {logging_mixin.py:188} INFO - [2026-08-20T12:24:30.020+0000] {dagbag.py:538} INFO - Filling up the DagBag from /home/airflow/.local/lib/python3.8/site-packages/airflow/example_dags/example_branch_datetime_operator.py
[2026-08-20T12:24:30.070+0000] {processor.py:840} INFO - DAG(s) 'example_branch_datetime_operator', 'example_branch_datetime_operator_3', 'example_branch_datetime_operator_2' retrieved from /home/airflow/.local/lib/python3.8/site-packages/airflow/example_dags/example_branch_datetime_operator.py
[2026-08-20T12:24:30.651+0000] {logging_mixin.py:188} INFO - [2026-08-20T12:24:30.633+0000] {dag.py:3036} INFO - Sync 3 DAGs
[2026-08-20T12:24:30.816+0000] {logging_mixin.py:188} INFO - [2026-08-20T12:24:30.816+0000] {dag.py:3823} INFO - Setting next_dagrun for example_branch_datetime_operator to 2026-08-19 00:00:00+00:00, run_after=2026-08-20 00:00:00+00:00
[2026-08-20T12:24:30.836+0000] {logging_mixin.py:188} INFO - [2026-08-20T12:24:30.835+0000] {dag.py:3823} INFO - Setting next_dagrun for example_branch_datetime_operator_2 to 2026-08-19 00:00:00+00:00, run_after=2026-08-20 00:00:00+00:00
[2026-08-20T12:24:30.853+0000] {logging_mixin.py:188} INFO - [2026-08-20T12:24:30.852+0000] {dag.py:3823} INFO - Setting next_dagrun for example_branch_datetime_operator_3 to 2026-08-19 00:00:00+00:00, run_after=2026-08-20 00:00:00+00:00
[2026-08-20T12:24:30.924+0000] {processor.py:183} INFO - Processing /home/airflow/.local/lib/python3.8/site-packages/airflow/example_dags/example_branch_datetime_operator.py took 0.950 seconds
[2026-08-20T12:25:09.607+0000] {processor.py:161} INFO - Started process (PID=272) to work on /home/airflow/.local/lib/python3.8/site-packages/airflow/example_dags/example_branch_datetime_operator.py
[2026-08-20T12:25:09.609+0000] {processor.py:830} INFO - Processing file /home/airflow/.local/lib/python3.8/site-packages/airflow/example_dags/example_branch_datetime_operator.py for tasks to queue
[2026-08-20T12:25:09.613+0000] {logging_mixin.py:188} INFO - [2026-08-20T12:25:09.612+0000] {dagbag.py:538} INFO - Filling up the DagBag from /home/airflow/.local/lib/python3.8/site-packages/airflow/example_dags/example_branch_datetime_operator.py
[2026-08-20T12:25:09.636+0000] {processor.py:840} INFO - DAG(s) 'example_branch_datetime_operator_2', 'example_branch_datetime_operator_3', 'example_branch_datetime_operator' retrieved from /home/airflow/.local/lib/python3.8/site-packages/airflow/example_dags/example_branch_datetime_operator.py
[2026-08-20T12:25:09.667+0000] {logging_mixin.py:188} INFO - [2026-08-20T12:25:09.667+0000] {dag.py:3036} INFO - Sync 3 DAGs
[2026-08-20T12:25:09.722+0000] {logging_mixin.py:188} INFO - [2026-08-20T12:25:09.721+0000] {dag.py:3823} INFO - Setting next_dagrun for example_branch_datetime_operator to 2026-08-19 00:00:00+00:00, run_after=2026-08-20 00:00:00+00:00
[2026-08-20T12:25:09.732+0000] {logging_mixin.py:188} INFO - [2026-08-20T12:25:09.732+0000] {dag.py:3823} INFO - Setting next_dagrun for example_branch_datetime_operator_2 to 2026-08-19 00:00:00+00:00, run_after=2026-08-20 00:00:00+00:00
[2026-08-20T12:25:09.738+0000] {logging_mixin.py:188} INFO - [2026-08-20T12:25:09.738+0000] {dag.py:3823} INFO - Setting next_dagrun for example_branch_datetime_operator_3 to 2026-08-19 00:00:00+00:00, run_after=2026-08-20 00:00:00+00:00
[2026-08-20T12:25:09.780+0000] {processor.py:183} INFO - Processing /home/airflow/.local/lib/python3.8/site-packages/airflow/example_dags/example_branch_datetime_operator.py took 0.182 seconds
[2026-08-20T12:25:40.156+0000] {processor.py:161} INFO - Started process (PID=359) to work on /home/airflow/.local/lib/python3.8/site-packages/airflow/example_dags/example_branch_datetime_operator.py
[2026-08-20T12:25:40.157+0000] {processor.py:830} INFO - Processing file /home/airflow/.local/lib/python3.8/site-packages/airflow/example_dags/example_branch_datetime_operator.py for tasks to queue
[2026-08-20T12:25:40.159+0000] {logging_mixin.py:188} INFO - [2026-08-20T12:25:40.159+0000] {dagbag.py:538} INFO - Filling up the DagBag from /home/airflow/.local/lib/python3.8/site-packages/airflow/example_dags/example_branch_datetime_operator.py
[2026-08-20T12:25:40.170+0000] {processor.py:840} INFO - DAG(s) 'example_branch_datetime_operator_2', 'example_branch_datetime_operator_3', 'example_branch_datetime_operator' retrieved from /home/airflow/.local/lib/python3.8/site-packages/airflow/example_dags/example_branch_datetime_operator.py
[2026-08-20T12:25:40.285+0000] {logging_mixin.py:188} INFO - [2026-08-20T12:25:40.284+0000] {dag.py:3036} INFO - Sync 3 DAGs
[2026-08-20T12:25:40.305+0000] {logging_mixin.py:188} INFO - [2026-08-20T12:25:40.305+0000] {dag.py:3823} INFO - Setting next_dagrun for example_branch_datetime_operator to 2026-08-19 00:00:00+00:00, run_after=2026-08-20 00:00:00+00:00
[2026-08-20T12:25:40.310+0000] {logging_mixin.py:188} INFO - [2026-08-20T12:25:40.309+0000] {dag.py:3823} INFO - Setting next_dagrun for example_branch_datetime_operator_2 to 2026-08-19 00:00:00+00:00, run_after=2026-08-20 00:00:00+00:00
[2026-08-20T12:25:40.313+0000] {logging_mixin.py:188} INFO - [2026-08-20T12:25:40.313+0000] {dag.py:3823} INFO - Setting next_dagrun for example_branch_datetime_operator_3 to 2026-08-19 00:00:00+00:00, run_after=2026-08-20 00:00:00+00:00
[2026-08-20T12:25:40.392+0000] {processor.py:183} INFO - Processing /home/airflow/.local/lib/python3.8/site-packages/airflow/example_dags/example_branch_datetime_operator.py took 0.239 seconds
[2026-08-20T12:26:10.714+0000] {processor.py:161} INFO - Started process (PID=444) to work on /home/airflow/.local/lib/python3.8/site-packages/airflow/example_dags/example_branch_datetime_operator.py
[2026-08-20T12:26:10.715+0000] {processor.py:830} INFO - Processing file /home/airflow/.local/lib/python3.8/site-packages/airflow/example_dags/example_branch_datetime_operator.py for tasks to queue
[2026-08-20T12:26:10.717+0000] {logging_mixin.py:188} INFO - [2026-08-20T12:26:10.717+0000] {dagbag.py:538} INFO - Filling up the DagBag from /home/airflow/.local/lib/python3.8/site-packages/airflow/example_dags/example_branch_datetime_operator.py
[2026-08-20T12:26:10.726+0000] {processor.py:840} INFO - DAG(s) 'example_branch_datetime_operator', 'example_branch_datetime_operator_2', 'example_branch_datetime_operator_3' retrieved from /home/airflow/.local/lib/python3.8/site-packages/airflow/example_dags/example_branch_datetime_operator.py
[2026-08-20T12:26:10.755+0000] {logging_mixin.py:188} INFO - [2026-08-20T12:26:10.755+0000] {dag.py:3036} INFO - Sync 3 DAGs
[2026-08-20T12:26:10.777+0000] {logging_mixin.py:188} INFO - [2026-08-20T12:26:10.776+0000] {dag.py:3823} INFO - Setting next_dagrun for example_branch_datetime_operator to 2026-08-19 00:00:00+00:00, run_after=2026-08-20 00:00:00+00:00
[2026-08-20T12:26:10.782+0000] {logging_mixin.py:188} INFO - [2026-08-20T12:26:10.782+0000] {dag.py:3823} INFO - Setting next_dagrun for example_branch_datetime_operator_2 to 2026-08-19 00:00:00+00:00, run_after=2026-08-20 00:00:00+00:00
[2026-08-20T12:26:10.786+0000] {logging_mixin.py:188} INFO - [2026-08-20T12:26:10.785+0000] {dag.py:3823} INFO - Setting next_dagrun for example_branch_datetime_operator_3 to 2026-08-19 00:00:00+00:00, run_after=2026-08-20 00:00:00+00:00
[2026-08-20T12:26:10.887+0000] {processor.py:183} INFO - Processing /home/airflow/.local/lib/python3.8/site-packages/airflow/example_dags/example_branch_datetime_operator.py took 0.177 seconds
[2026-08-20T12:26:44.388+0000] {processor.py:161} INFO - Started process (PID=533) to work on /home/airflow/.local/lib/python3.8/site-packages/airflow/example_dags/example_branch_datetime_operator.py
[2026-08-20T12:26:44.389+0000] {processor.py:830} INFO - Processing file /home/airflow/.local/lib/python3.8/site-packages/airflow/example_dags/example_branch_datetime_operator.py for tasks to queue
[2026-08-20T12:26:44.392+0000] {logging_mixin.py:188} INFO - [2026-08-20T12:26:44.391+0000] {dagbag.py:538} INFO - Filling up the DagBag from /home/airflow/.local/lib/python3.8/site-packages/airflow/example_dags/example_branch_datetime_operator.py
[2026-08-20T12:26:44.404+0000] {processor.py:840} INFO - DAG(s) 'example_branch_datetime_operator', 'example_branch_datetime_operator_3', 'example_branch_datetime_operator_2' retrieved from /home/airflow/.local/lib/python3.8/site-packages/airflow/example_dags/example_branch_datetime_operator.py
[2026-08-20T12:26:44.447+0000] {logging_mixin.py:188} INFO - [2026-08-20T12:26:44.446+0000] {dag.py:3036} INFO - Sync 3 DAGs
[2026-08-20T12:26:44.481+0000] {logging_mixin.py:188} INFO - [2026-08-20T12:26:44.480+0000] {dag.py:3823} INFO - Setting next_dagrun for example_branch_datetime_operator to 2026-08-19 00:00:00+00:00, run_after=2026-08-20 00:00:00+00:00
[2026-08-20T12:26:44.488+0000] {logging_mixin.py:188} INFO - [2026-08-20T12:26:44.488+0000] {dag.py:3823} INFO - Setting next_dagrun for example_branch_datetime_operator_2 to 2026-08-19 00:00:00+00:00, run_after=2026-08-20 00:00:00+00:00
[2026-08-20T12:26:44.492+0000] {logging_mixin.py:188} INFO - [2026-08-20T12:26:44.491+0000] {dag.py:3823} INFO - Setting next_dagrun for example_branch_datetime_operator_3 to 2026-08-19 00:00:00+00:00, run_after=2026-08-20 00:00:00+00:00
[2026-08-20T12:26:44.514+0000] {processor.py:183} INFO - Processing /home/airflow/.local/lib/python3.8/site-packages/airflow/example_dags/example_branch_datetime_operator.py took 0.131 seconds
[2026-08-20T12:27:14.724+0000] {processor.py:161} INFO - Started process (PID=619) to work on /home/airflow/.local/lib/python3.8/site-packages/airflow/example_dags/example_branch_datetime_operator.py
[2026-08-20T12:27:14.725+0000] {processor.py:830} INFO - Processing file /home/airflow/.local/lib/python3.8/site-packages/airflow/example_dags/example_branch_datetime_operator.py for tasks to queue
[2026-08-20T12:27:14.727+0000] {logging_mixin.py:188} INFO - [2026-08-20T12:27:14.727+0000] {dagbag.py:538} INFO - Filling up the DagBag from /home/airflow/.local/lib/python3.8/site-packages/airflow/example_dags/example_branch_datetime_operator.py
[2026-08-20T12:27:14.739+0000] {processor.py:840} INFO - DAG(s) 'example_branch_datetime_operator_3', 'example_branch_datetime_operator', 'example_branch_datetime_operator_2' retrieved from /home/airflow/.local/lib/python3.8/site-packages/airflow/example_dags/example_branch_datetime_operator.py
[2026-08-20T12:27:14.768+0000] {logging_mixin.py:188} INFO - [2026-08-20T12:27:14.768+0000] {dag.py:3036} INFO - Sync 3 DAGs
[2026-08-20T12:27:14.798+0000] {logging_mixin.py:188} INFO - [2026-08-20T12:27:14.797+0000] {dag.py:3823} INFO - Setting next_dagrun for example_branch_datetime_operator to 2026-08-19 00:00:00+00:00, run_after=2026-08-20 00:00:00+00:00
[2026-08-20T12:27:14.803+0000] {logging_mixin.py:188} INFO - [2026-08-20T12:27:14.803+0000] {dag.py:3823} INFO - Setting next_dagrun for example_branch_datetime_operator_2 to 2026-08-19 00:00:00+00:00, run_after=2026-08-20 00:00:00+00:00
[2026-08-20T12:27:14.806+0000] {logging_mixin.py:188} INFO - [2026-08-20T12:27:14.806+0000] {dag.py:3823} INFO - Setting next_dagrun for example_branch_datetime_operator_3 to 2026-08-19 00:00:00+00:00, run_after=2026-08-20 00:00:00+00:00
[2026-08-20T12:27:14.953+0000] {processor.py:183} INFO - Processing /home/airflow/.local/lib/python3.8/site-packages/airflow/example_dags/example_branch_datetime_operator.py took 0.233 seconds
[2026-08-20T12:27:45.530+0000] {processor.py:161} INFO - Started process (PID=704) to work on /home/airflow/.local/lib/python3.8/site-packages/airflow/example_dags/example_branch_datetime_operator.py
[2026-08-20T12:27:45.532+0000] {processor.py:830} INFO - Processing file /home/airflow/.local/lib/python3.8/site-packages/airflow/example_dags/example_branch_datetime_operator.py for tasks to queue
[2026-08-20T12:27:45.534+0000] {logging_mixin.py:188} INFO - [2026-08-20T12:27:45.534+0000] {dagbag.py:538} INFO - Filling up the DagBag from /home/airflow/.local/lib/python3.8/site-packages/airflow/example_dags/example_branch_datetime_operator.py
[2026-08-20T12:27:45.544+0000] {processor.py:840} INFO - DAG(s) 'example_branch_datetime_operator_3', 'example_branch_datetime_operator_2', 'example_branch_datetime_operator' retrieved from /home/airflow/.local/lib/python3.8/site-packages/airflow/example_dags/example_branch_datetime_operator.py
[2026-08-20T12:27:45.571+0000] {logging_mixin.py:188} INFO - [2026-08-20T12:27:45.571+0000] {dag.py:3036} INFO - Sync 3 DAGs
[2026-08-20T12:27:45.596+0000] {logging_mixin.py:188} INFO - [2026-08-20T12:27:45.596+0000] {dag.py:3823} INFO - Setting next_dagrun for example_branch_datetime_operator to 2026-08-19 00:00:00+00:00, run_after=2026-08-20 00:00:00+00:00
[2026-08-20T12:27:45.601+0000] {logging_mixin.py:188} INFO - [2026-08-20T12:27:45.601+0000] {dag.py:3823} INFO - Setting next_dagrun for example_branch_datetime_operator_2 to 2026-08-19 00:00:00+00:00, run_after=2026-08-20 00:00:00+00:00
[2026-08-20T12:27:45.603+0000] {logging_mixin.py:188} INFO - [2026-08-20T12:27:45.603+0000] {dag.py:3823} INFO - Setting next_dagrun for example_branch_datetime_operator_3 to 2026-08-19 00:00:00+00:00, run_after=2026-08-20 00:00:00+00:00
[2026-08-20T12:27:45.698+0000] {processor.py:183} INFO - Processing /home/airflow/.local/lib/python3.8/site-packages/airflow/example_dags/example_branch_datetime_operator.py took 0.172 seconds
[2026-08-20T12:28:15.995+0000] {processor.py:161} INFO - Started process (PID=793) to work on /home/airflow/.local/lib/python3.8/site-packages/airflow/example_dags/example_branch_datetime_operator.py
[2026-08-20T12:28:15.996+0000] {processor.py:830} INFO - Processing file /home/airflow/.local/lib/python3.8/site-packages/airflow/example_dags/example_branch_datetime_operator.py for tasks to queue
[2026-08-20T12:28:15.999+0000] {logging_mixin.py:188} INFO - [2026-08-20T12:28:15.998+0000] {dagbag.py:538} INFO - Filling up the DagBag from /home/airflow/.local/lib/python3.8/site-packages/airflow/example_dags/example_branch_datetime_operator.py
[2026-08-20T12:28:16.012+0000] {processor.py:840} INFO - DAG(s) 'example_branch_datetime_operator_2', 'example_branch_datetime_operator_3', 'example_branch_datetime_operator' retrieved from /home/airflow/.local/lib/python3.8/site-packages/airflow/example_dags/example_branch_datetime_operator.py
[2026-08-20T12:28:16.042+0000] {logging_mixin.py:188} INFO - [2026-08-20T12:28:16.042+0000] {dag.py:3036} INFO - Sync 3 DAGs
[2026-08-20T12:28:16.066+0000] {logging_mixin.py:188} INFO - [2026-08-20T12:28:16.066+0000] {dag.py:3823} INFO - Setting next_dagrun for example_branch_datetime_operator to 2026-08-19 00:00:00+00:00, run_after=2026-08-20 00:00:00+00:00
[2026-08-20T12:28:16.071+0000] {logging_mixin.py:188} INFO - [2026-08-20T12:28:16.071+0000] {dag.py:3823} INFO - Setting next_dagrun for example_branch_datetime_operator_2 to 2026-08-19 00:00:00+00:00, run_after=2026-08-20 00:00:00+00:00
[2026-08-20T12:28:16.074+0000] {logging_mixin.py:188} INFO - [2026-08-20T12:28:16.074+0000] {dag.py:3823} INFO - Setting next_dagrun for example_branch_datetime_operator_3 to 2026-08-19 00:00:00+00:00, run_after=2026-08-20 00:00:00+00:00
[2026-08-20T12:28:16.157+0000] {processor.py:183} INFO - Processing /home/airflow/.local/lib/python3.8/site-packages/airflow/example_dags/example_branch_datetime_operator.py took 0.167 seconds
[2026-08-20T12:28:46.816+0000] {processor.py:161} INFO - Started process (PID=879) to work on /home/airflow/.local/lib/python3.8/site-packages/airflow/example_dags/example_branch_datetime_operator.py
[2026-08-20T12:28:46.818+0000] {processor.py:830} INFO - Processing file /home/airflow/.local/lib/python3.8/site-packages/airflow/example_dags/example_branch_datetime_operator.py for tasks to queue
[2026-08-20T12:28:46.820+0000] {logging_mixin.py:188} INFO - [2026-08-20T12:28:46.820+0000] {dagbag.py:538} INFO - Filling up the DagBag from /home/airflow/.local/lib/python3.8/site-packages/airflow/example_dags/example_branch_datetime_operator.py
[2026-08-20T12:28:46.831+0000] {processor.py:840} INFO - DAG(s) 'example_branch_datetime_operator_2', 'example_branch_datetime_operator', 'example_branch_datetime_operator_3' retrieved from /home/airflow/.local/lib/python3.8/site-packages/airflow/example_dags/example_branch_datetime_operator.py
[2026-08-20T12:28:46.857+0000] {logging_mixin.py:188} INFO - [2026-08-20T12:28:46.857+0000] {dag.py:3036} INFO - Sync 3 DAGs
[2026-08-20T12:28:46.881+0000] {logging_mixin.py:188} INFO - [2026-08-20T12:28:46.880+0000] {dag.py:3823} INFO - Setting next_dagrun for example_branch_datetime_operator to 2026-08-19 00:00:00+00:00, run_after=2026-08-20 00:00:00+00:00
[2026-08-20T12:28:46.887+0000] {logging_mixin.py:188} INFO - [2026-08-20T12:28:46.886+0000] {dag.py:3823} INFO - Setting next_dagrun for example_branch_datetime_operator_2 to 2026-08-19 00:00:00+00:00, run_after=2026-08-20 00:00:00+00:00
[2026-08-20T12:28:46.890+0000] {logging_mixin.py:188} INFO - [2026-08-20T12:28:46.890+0000] {dag.py:3823} INFO - Setting next_dagrun for example_branch_datetime_operator_3 to 2026-08-19 00:00:00+00:00, run_after=2026-08-20 00:00:00+00:00
[2026-08-20T12:28:46.978+0000] {processor.py:183} INFO - Processing /home/airflow/.local/lib/python3.8/site-packages/airflow/example_dags/example_branch_datetime_operator.py took 0.165 seconds
[2026-08-20T12:29:17.187+0000] {processor.py:161} INFO - Started process (PID=965) to work on /home/airflow/.local/lib/python3.8/site-packages/airflow/example_dags/example_branch_datetime_operator.py
[2026-08-20T12:29:17.189+0000] {processor.py:830} INFO - Processing file /home/airflow/.local/lib/python3.8/site-packages/airflow/example_dags/example_branch_datetime_operator.py for tasks to queue
[2026-08-20T12:29:17.191+0000] {logging_mixin.py:188} INFO - [2026-08-20T12:29:17.190+0000] {dagbag.py:538} INFO - Filling up the DagBag from /home/airflow/.local/lib/python3.8/site-packages/airflow/example_dags/example_branch_datetime_operator.py
[2026-08-20T12:29:17.201+0000] {processor.py:840} INFO - DAG(s) 'example_branch_datetime_operator_3', 'example_branch_datetime_operator', 'example_branch_datetime_operator_2' retrieved from /home/airflow/.local/lib/python3.8/site-packages/airflow/example_dags/example_branch_datetime_operator.py
[2026-08-20T12:29:17.230+0000] {logging_mixin.py:188} INFO - [2026-08-20T12:29:17.229+0000] {dag.py:3036} INFO - Sync 3 DAGs
[2026-08-20T12:29:17.255+0000] {logging_mixin.py:188} INFO - [2026-08-20T12:29:17.255+0000] {dag.py:3823} INFO - Setting next_dagrun for example_branch_datetime_operator to 2026-08-19 00:00:00+00:00, run_after=2026-08-20 00:00:00+00:00
[2026-08-20T12:29:17.261+0000] {logging_mixin.py:188} INFO - [2026-08-20T12:29:17.261+0000] {dag.py:3823} INFO - Setting next_dagrun for example_branch_datetime_operator_2 to 2026-08-19 00:00:00+00:00, run_after=2026-08-20 00:00:00+00:00
[2026-08-20T12:29:17.264+0000] {logging_mixin.py:188} INFO - [2026-08-20T12:29:17.264+0000] {dag.py:3823} INFO - Setting next_dagrun for example_branch_datetime_operator_3 to 2026-08-19 00:00:00+00:00, run_after=2026-08-20 00:00:00+00:00
[2026-08-20T12:29:17.516+0000] {processor.py:183} INFO - Processing /home/airflow/.local/lib/python3.8/site-packages/airflow/example_dags/example_branch_datetime_operator.py took 0.332 seconds
[2026-08-20T12:29:47.657+0000] {processor.py:161} INFO - Started process (PID=1051) to work on /home/airflow/.local/lib/python3.8/site-packages/airflow/example_dags/example_branch_datetime_operator.py
[2026-08-20T12:29:47.658+0000] {processor.py:830} INFO - Processing file /home/airflow/.local/lib/python3.8/site-packages/airflow/example_dags/example_branch_datetime_operator.py for tasks to queue
[2026-08-20T12:29:47.660+0000] {logging_mixin.py:188} INFO - [2026-08-20T12:29:47.660+0000] {dagbag.py:538} INFO - Filling up the DagBag from /home/airflow/.local/lib/python3.8/site-packages/airflow/example_dags/example_branch_datetime_operator.py
[2026-08-20T12:29:47.672+0000] {processor.py:840} INFO - DAG(s) 'example_branch_datetime_operator_2', 'example_branch_datetime_operator_3', 'example_branch_datetime_operator' retrieved from /home/airflow/.local/lib/python3.8/site-packages/airflow/example_dags/example_branch_datetime_operator.py
[2026-08-20T12:29:47.705+0000] {logging_mixin.py:188} INFO - [2026-08-20T12:29:47.705+0000] {dag.py:3036} INFO - Sync 3 DAGs
[2026-08-20T12:29:47.730+0000] {logging_mixin.py:188} INFO - [2026-08-20T12:29:47.730+0000] {dag.py:3823} INFO - Setting next_dagrun for example_branch_datetime_operator to 2026-08-19 00:00:00+00:00, run_after=2026-08-20 00:00:00+00:00
[2026-08-20T12:29:47.735+0000] {logging_mixin.py:188} INFO - [2026-08-20T12:29:47.735+0000] {dag.py:3823} INFO - Setting next_dagrun for example_branch_datetime_operator_2 to 2026-08-19 00:00:00+00:00, run_after=2026-08-20 00:00:00+00:00
[2026-08-20T12:29:47.738+0000] {logging_mixin.py:188} INFO - [2026-08-20T12:29:47.738+0000] {dag.py:3823} INFO - Setting next_dagrun for example_branch_datetime_operator_3 to 2026-08-19 00:00:00+00:00, run_after=2026-08-20 00:00:00+00:00
[2026-08-20T12:29:47.761+0000] {processor.py:183} INFO - Processing /home/airflow/.local/lib/python3.8/site-packages/airflow/example_dags/example_branch_datetime_operator.py took 0.108 seconds
[2026-08-20T12:30:18.490+0000] {processor.py:161} INFO - Started process (PID=1137) to work on /home/airflow/.local/lib/python3.8/site-packages/airflow/example_dags/example_branch_datetime_operator.py
[2026-08-20T12:30:18.491+0000] {processor.py:830} INFO - Processing file /home/airflow/.local/lib/python3.8/site-packages/airflow/example_dags/example_branch_datetime_operator.py for tasks to queue
[2026-08-20T12:30:18.493+0000] {logging_mixin.py:188} INFO - [2026-08-20T12:30:18.493+0000] {dagbag.py:538} INFO - Filling up the DagBag from /home/airflow/.local/lib/python3.8/site-packages/airflow/example_dags/example_branch_datetime_operator.py
[2026-08-20T12:30:18.503+0000] {processor.py:840} INFO - DAG(s) 'example_branch_datetime_operator_3', 'example_branch_datetime_operator', 'example_branch_datetime_operator_2' retrieved from /home/airflow/.local/lib/python3.8/site-packages/airflow/example_dags/example_branch_datetime_operator.py
[2026-08-20T12:30:18.531+0000] {logging_mixin.py:188} INFO - [2026-08-20T12:30:18.531+0000] {dag.py:3036} INFO - Sync 3 DAGs
[2026-08-20T12:30:18.552+0000] {logging_mixin.py:188} INFO - [2026-08-20T12:30:18.551+0000] {dag.py:3823} INFO - Setting next_dagrun for example_branch_datetime_operator to 2026-08-19 00:00:00+00:00, run_after=2026-08-20 00:00:00+00:00
[2026-08-20T12:30:18.556+0000] {logging_mixin.py:188} INFO - [2026-08-20T12:30:18.556+0000] {dag.py:3823} INFO - Setting next_dagrun for example_branch_datetime_operator_2 to 2026-08-19 00:00:00+00:00, run_after=2026-08-20 00:00:00+00:00
[2026-08-20T12:30:18.559+0000] {logging_mixin.py:188} INFO - [2026-08-20T12:30:18.559+0000] {dag.py:3823} INFO - Setting next_dagrun for example_branch_datetime_operator_3 to 2026-08-19 00:00:00+00:00, run_after=2026-08-20 00:00:00+00:00
[2026-08-20T12:30:18.776+0000] {processor.py:183} INFO - Processing /home/airflow/.local/lib/python3.8/site-packages/airflow/example_dags/example_branch_datetime_operator.py took 0.289 seconds
[2026-08-20T12:30:49.314+0000] {processor.py:161} INFO - Started process (PID=1223) to work on /home/airflow/.local/lib/python3.8/site-packages/airflow/example_dags/example_branch_datetime_operator.py
[2026-08-20T12:30:49.316+0000] {processor.py:830} INFO - Processing file /home/airflow/.local/lib/python3.8/site-packages/airflow/example_dags/example_branch_datetime_operator.py for tasks to queue
[2026-08-20T12:30:49.318+0000] {logging_mixin.py:188} INFO - [2026-08-20T12:30:49.318+0000] {dagbag.py:538} INFO - Filling up the DagBag from /home/airflow/.local/lib/python3.8/site-packages/airflow/example_dags/example_branch_datetime_operator.py
[2026-08-20T12:30:49.331+0000] {processor.py:840} INFO - DAG(s) 'example_branch_datetime_operator_2', 'example_branch_datetime_operator_3', 'example_branch_datetime_operator' retrieved from /home/airflow/.local/lib/python3.8/site-packages/airflow/example_dags/example_branch_datetime_operator.py
[2026-08-20T12:30:49.366+0000] {logging_mixin.py:188} INFO - [2026-08-20T12:30:49.366+0000] {dag.py:3036} INFO - Sync 3 DAGs
[2026-08-20T12:30:49.397+0000] {logging_mixin.py:188} INFO - [2026-08-20T12:30:49.397+0000] {dag.py:3823} INFO - Setting next_dagrun for example_branch_datetime_operator to 2026-08-19 00:00:00+00:00, run_after=2026-08-20 00:00:00+00:00
[2026-08-20T12:30:49.403+0000] {logging_mixin.py:188} INFO - [2026-08-20T12:30:49.403+0000] {dag.py:3823} INFO - Setting next_dagrun for example_branch_datetime_operator_2 to 2026-08-19 00:00:00+00:00, run_after=2026-08-20 00:00:00+00:00
[2026-08-20T12:30:49.406+0000] {logging_mixin.py:188} INFO - [2026-08-20T12:30:49.406+0000] {dag.py:3823} INFO - Setting next_dagrun for example_branch_datetime_operator_3 to 2026-08-19 00:00:00+00:00, run_after=2026-08-20 00:00:00+00:00
[2026-08-20T12:30:49.432+0000] {processor.py:183} INFO - Processing /home/airflow/.local/lib/python3.8/site-packages/airflow/example_dags/example_branch_datetime_operator.py took 0.122 seconds
[2026-08-20T12:31:20.114+0000] {processor.py:161} INFO - Started process (PID=1309) to work on /home/airflow/.local/lib/python3.8/site-packages/airflow/example_dags/example_branch_datetime_operator.py
[2026-08-20T12:31:20.115+0000] {processor.py:830} INFO - Processing file /home/airflow/.local/lib/python3.8/site-packages/airflow/example_dags/example_branch_datetime_operator.py for tasks to queue
[2026-08-20T12:31:20.117+0000] {logging_mixin.py:188} INFO - [2026-08-20T12:31:20.117+0000] {dagbag.py:538} INFO - Filling up the DagBag from /home/airflow/.local/lib/python3.8/site-packages/airflow/example_dags/example_branch_datetime_operator.py
[2026-08-20T12:31:20.130+0000] {processor.py:840} INFO - DAG(s) 'example_branch_datetime_operator_2', 'example_branch_datetime_operator_3', 'example_branch_datetime_operator' retrieved from /home/airflow/.local/lib/python3.8/site-packages/airflow/example_dags/example_branch_datetime_operator.py
[2026-08-20T12:31:20.166+0000] {logging_mixin.py:188} INFO - [2026-08-20T12:31:20.166+0000] {dag.py:3036} INFO - Sync 3 DAGs
[2026-08-20T12:31:20.194+0000] {logging_mixin.py:188} INFO - [2026-08-20T12:31:20.193+0000] {dag.py:3823} INFO - Setting next_dagrun for example_branch_datetime_operator to 2026-08-19 00:00:00+00:00, run_after=2026-08-20 00:00:00+00:00
[2026-08-20T12:31:20.199+0000] {logging_mixin.py:188} INFO - [2026-08-20T12:31:20.199+0000] {dag.py:3823} INFO - Setting next_dagrun for example_branch_datetime_operator_2 to 2026-08-19 00:00:00+00:00, run_after=2026-08-20 00:00:00+00:00
[2026-08-20T12:31:20.204+0000] {logging_mixin.py:188} INFO - [2026-08-20T12:31:20.203+0000] {dag.py:3823} INFO - Setting next_dagrun for example_branch_datetime_operator_3 to 2026-08-19 00:00:00+00:00, run_after=2026-08-20 00:00:00+00:00
[2026-08-20T12:31:20.262+0000] {processor.py:183} INFO - Processing /home/airflow/.local/lib/python3.8/site-packages/airflow/example_dags/example_branch_datetime_operator.py took 0.152 seconds
[2026-08-20T12:31:50.979+0000] {processor.py:161} INFO - Started process (PID=1401) to work on /home/airflow/.local/lib/python3.8/site-packages/airflow/example_dags/example_branch_datetime_operator.py
[2026-08-20T12:31:50.981+0000] {processor.py:830} INFO - Processing file /home/airflow/.local/lib/python3.8/site-packages/airflow/example_dags/example_branch_datetime_operator.py for tasks to queue
[2026-08-20T12:31:50.983+0000] {logging_mixin.py:188} INFO - [2026-08-20T12:31:50.983+0000] {dagbag.py:538} INFO - Filling up the DagBag from /home/airflow/.local/lib/python3.8/site-packages/airflow/example_dags/example_branch_datetime_operator.py
[2026-08-20T12:31:50.994+0000] {processor.py:840} INFO - DAG(s) 'example_branch_datetime_operator_2', 'example_branch_datetime_operator_3', 'example_branch_datetime_operator' retrieved from /home/airflow/.local/lib/python3.8/site-packages/airflow/example_dags/example_branch_datetime_operator.py
[2026-08-20T12:31:51.023+0000] {logging_mixin.py:188} INFO - [2026-08-20T12:31:51.023+0000] {dag.py:3036} INFO - Sync 3 DAGs
[2026-08-20T12:31:51.047+0000] {logging_mixin.py:188} INFO - [2026-08-20T12:31:51.047+0000] {dag.py:3823} INFO - Setting next_dagrun for example_branch_datetime_operator to 2026-08-19 00:00:00+00:00, run_after=2026-08-20 00:00:00+00:00
[2026-08-20T12:31:51.052+0000] {logging_mixin.py:188} INFO - [2026-08-20T12:31:51.052+0000] {dag.py:3823} INFO - Setting next_dagrun for example_branch_datetime_operator_2 to 2026-08-19 00:00:00+00:00, run_after=2026-08-20 00:00:00+00:00
[2026-08-20T12:31:51.055+0000] {logging_mixin.py:188} INFO - [2026-08-20T12:31:51.055+0000] {dag.py:3823} INFO - Setting next_dagrun for example_branch_datetime_operator_3 to 2026-08-19 00:00:00+00:00, run_after=2026-08-20 00:00:00+00:00
[2026-08-20T12:31:51.175+0000] {processor.py:183} INFO - Processing /home/airflow/.local/lib/python3.8/site-packages/airflow/example_dags/example_branch_datetime_operator.py took 0.199 seconds
[2026-08-20T12:32:21.871+0000] {processor.py:161} INFO - Started process (PID=1487) to work on /home/airflow/.local/lib/python3.8/site-packages/airflow/example_dags/example_branch_datetime_operator.py
[2026-08-20T12:32:21.872+0000] {processor.py:830} INFO - Processing file /home/airflow/.local/lib/python3.8/site-packages/airflow/example_dags/example_branch_datetime_operator.py for tasks to queue
[2026-08-20T12:32:21.875+0000] {logging_mixin.py:188} INFO - [2026-08-20T12:32:21.874+0000] {dagbag.py:538} INFO - Filling up the DagBag from /home/airflow/.local/lib/python3.8/site-packages/airflow/example_dags/example_branch_datetime_operator.py
[2026-08-20T12:32:21.889+0000] {processor.py:840} INFO - DAG(s) 'example_branch_datetime_operator_3', 'example_branch_datetime_operator_2', 'example_branch_datetime_operator' retrieved from /home/airflow/.local/lib/python3.8/site-packages/airflow/example_dags/example_branch_datetime_operator.py
[2026-08-20T12:32:21.931+0000] {logging_mixin.py:188} INFO - [2026-08-20T12:32:21.930+0000] {dag.py:3036} INFO - Sync 3 DAGs
[2026-08-20T12:32:21.971+0000] {logging_mixin.py:188} INFO - [2026-08-20T12:32:21.970+0000] {dag.py:3823} INFO - Setting next_dagrun for example_branch_datetime_operator to 2026-08-19 00:00:00+00:00, run_after=2026-08-20 00:00:00+00:00
[2026-08-20T12:32:21.981+0000] {logging_mixin.py:188} INFO - [2026-08-20T12:32:21.981+0000] {dag.py:3823} INFO - Setting next_dagrun for example_branch_datetime_operator_2 to 2026-08-19 00:00:00+00:00, run_after=2026-08-20 00:00:00+00:00
[2026-08-20T12:32:21.987+0000] {logging_mixin.py:188} INFO - [2026-08-20T12:32:21.986+0000] {dag.py:3823} INFO - Setting next_dagrun for example_branch_datetime_operator_3 to 2026-08-19 00:00:00+00:00, run_after=2026-08-20 00:00:00+00:00
[2026-08-20T12:32:22.021+0000] {processor.py:183} INFO - Processing /home/airflow/.local/lib/python3.8/site-packages/airflow/example_dags/example_branch_datetime_operator.py took 0.154 seconds
[2026-08-20T12:32:52.504+0000] {processor.py:161} INFO - Started process (PID=1573) to work on /home/airflow/.local/lib/python3.8/site-packages/airflow/example_dags/example_branch_datetime_operator.py
[2026-08-20T12:32:52.506+0000] {processor.py:830} INFO - Processing file /home/airflow/.local/lib/python3.8/site-packages/airflow/example_dags/example_branch_datetime_operator.py for tasks to queue
[2026-08-20T12:32:52.509+0000] {logging_mixin.py:188} INFO - [2026-08-20T12:32:52.509+0000] {dagbag.py:538} INFO - Filling up the DagBag from /home/airflow/.local/lib/python3.8/site-packages/airflow/example_dags/example_branch_datetime_operator.py
[2026-08-20T12:32:52.533+0000] {processor.py:840} INFO - DAG(s) 'example_branch_datetime_operator', 'example_branch_datetime_operator_3', 'example_branch_datetime_operator_2' retrieved from /home/airflow/.local/lib/python3.8/site-packages/airflow/example_dags/example_branch_datetime_operator.py
[2026-08-20T12:32:52.599+0000] {logging_mixin.py:188} INFO - [2026-08-20T12:32:52.599+0000] {dag.py:3036} INFO - Sync 3 DAGs
[2026-08-20T12:32:52.649+0000] {logging_mixin.py:188} INFO - [2026-08-20T12:32:52.649+0000] {dag.py:3823} INFO - Setting next_dagrun for example_branch_datetime_operator to 2026-08-19 00:00:00+00:00, run_after=2026-08-20 00:00:00+00:00
[2026-08-20T12:32:52.660+0000] {logging_mixin.py:188} INFO - [2026-08-20T12:32:52.659+0000] {dag.py:3823} INFO - Setting next_dagrun for example_branch_datetime_operator_2 to 2026-08-19 00:00:00+00:00, run_after=2026-08-20 00:00:00+00:00
[2026-08-20T12:32:52.666+0000] {logging_mixin.py:188} INFO - [2026-08-20T12:32:52.666+0000] {dag.py:3823} INFO - Setting next_dagrun for example_branch_datetime_operator_3 to 2026-08-19 00:00:00+00:00, run_after=2026-08-20 00:00:00+00:00
[2026-08-20T12:32:52.715+0000] {processor.py:183} INFO - Processing /home/airflow/.local/lib/python3.8/site-packages/airflow/example_dags/example_branch_datetime_operator.py took 0.218 seconds
[2026-08-20T12:33:23.225+0000] {processor.py:161} INFO - Started process (PID=1660) to work on /home/airflow/.local/lib/python3.8/site-packages/airflow/example_dags/example_branch_datetime_operator.py
[2026-08-20T12:33:23.226+0000] {processor.py:830} INFO - Processing file /home/airflow/.local/lib/python3.8/site-packages/airflow/example_dags/example_branch_datetime_operator.py for tasks to queue
[2026-08-20T12:33:23.229+0000] {logging_mixin.py:188} INFO - [2026-08-20T12:33:23.228+0000] {dagbag.py:538} INFO - Filling up the DagBag from /home/airflow/.local/lib/python3.8/site-packages/airflow/example_dags/example_branch_datetime_operator.py
[2026-08-20T12:33:23.240+0000] {processor.py:840} INFO - DAG(s) 'example_branch_datetime_operator', 'example_branch_datetime_operator_3', 'example_branch_datetime_operator_2' retrieved from /home/airflow/.local/lib/python3.8/site-packages/airflow/example_dags/example_branch_datetime_operator.py
[2026-08-20T12:33:23.274+0000] {logging_mixin.py:188} INFO - [2026-08-20T12:33:23.274+0000] {dag.py:3036} INFO - Sync 3 DAGs
[2026-08-20T12:33:23.302+0000] {logging_mixin.py:188} INFO - [2026-08-20T12:33:23.302+0000] {dag.py:3823} INFO - Setting next_dagrun for example_branch_datetime_operator to 2026-08-19 00:00:00+00:00, run_after=2026-08-20 00:00:00+00:00
[2026-08-20T12:33:23.307+0000] {logging_mixin.py:188} INFO - [2026-08-20T12:33:23.307+0000] {dag.py:3823} INFO - Setting next_dagrun for example_branch_datetime_operator_2 to 2026-08-19 00:00:00+00:00, run_after=2026-08-20 00:00:00+00:00
[2026-08-20T12:33:23.310+0000] {logging_mixin.py:188} INFO - [2026-08-20T12:33:23.310+0000] {dag.py:3823} INFO - Setting next_dagrun for example_branch_datetime_operator_3 to 2026-08-19 00:00:00+00:00, run_after=2026-08-20 00:00:00+00:00
[2026-08-20T12:33:23.328+0000] {processor.py:183} INFO - Processing /home/airflow/.local/lib/python3.8/site-packages/airflow/example_dags/example_branch_datetime_operator.py took 0.107 seconds
[2026-08-20T12:33:54.295+0000] {processor.py:161} INFO - Started process (PID=1746) to work on /home/airflow/.local/lib/python3.8/site-packages/airflow/example_dags/example_branch_datetime_operator.py
[2026-08-20T12:33:54.296+0000] {processor.py:830} INFO - Processing file /home/airflow/.local/lib/python3.8/site-packages/airflow/example_dags/example_branch_datetime_operator.py for tasks to queue
[2026-08-20T12:33:54.298+0000] {logging_mixin.py:188} INFO - [2026-08-20T12:33:54.298+0000] {dagbag.py:538} INFO - Filling up the DagBag from /home/airflow/.local/lib/python3.8/site-packages/airflow/example_dags/example_branch_datetime_operator.py
[2026-08-20T12:33:54.309+0000] {processor.py:840} INFO - DAG(s) 'example_branch_datetime_operator_3', 'example_branch_datetime_operator', 'example_branch_datetime_operator_2' retrieved from /home/airflow/.local/lib/python3.8/site-packages/airflow/example_dags/example_branch_datetime_operator.py
[2026-08-20T12:33:54.340+0000] {logging_mixin.py:188} INFO - [2026-08-20T12:33:54.340+0000] {dag.py:3036} INFO - Sync 3 DAGs
[2026-08-20T12:33:54.372+0000] {logging_mixin.py:188} INFO - [2026-08-20T12:33:54.371+0000] {dag.py:3823} INFO - Setting next_dagrun for example_branch_datetime_operator to 2026-08-19 00:00:00+00:00, run_after=2026-08-20 00:00:00+00:00
[2026-08-20T12:33:54.377+0000] {logging_mixin.py:188} INFO - [2026-08-20T12:33:54.377+0000] {dag.py:3823} INFO - Setting next_dagrun for example_branch_datetime_operator_2 to 2026-08-19 00:00:00+00:00, run_after=2026-08-20 00:00:00+00:00
[2026-08-20T12:33:54.381+0000] {logging_mixin.py:188} INFO - [2026-08-20T12:33:54.380+0000] {dag.py:3823} INFO - Setting next_dagrun for example_branch_datetime_operator_3 to 2026-08-19 00:00:00+00:00, run_after=2026-08-20 00:00:00+00:00
[2026-08-20T12:33:54.404+0000] {processor.py:183} INFO - Processing /home/airflow/.local/lib/python3.8/site-packages/airflow/example_dags/example_branch_datetime_operator.py took 0.113 seconds
[2026-08-20T12:34:24.903+0000] {processor.py:161} INFO - Started process (PID=1832) to work on /home/airflow/.local/lib/python3.8/site-packages/airflow/example_dags/example_branch_datetime_operator.py
[2026-08-20T12:34:24.904+0000] {processor.py:830} INFO - Processing file /home/airflow/.local/lib/python3.8/site-packages/airflow/example_dags/example_branch_datetime_operator.py for tasks to queue
[2026-08-20T12:34:24.906+0000] {logging_mixin.py:188} INFO - [2026-08-20T12:34:24.906+0000] {dagbag.py:538} INFO - Filling up the DagBag from /home/airflow/.local/lib/python3.8/site-packages/airflow/example_dags/example_branch_datetime_operator.py
[2026-08-20T12:34:24.916+0000] {processor.py:840} INFO - DAG(s) 'example_branch_datetime_operator_2', 'example_branch_datetime_operator_3', 'example_branch_datetime_operator' retrieved from /home/airflow/.local/lib/python3.8/site-packages/airflow/example_dags/example_branch_datetime_operator.py
[2026-08-20T12:34:24.946+0000] {logging_mixin.py:188} INFO - [2026-08-20T12:34:24.946+0000] {dag.py:3036} INFO - Sync 3 DAGs
[2026-08-20T12:34:24.970+0000] {logging_mixin.py:188} INFO - [2026-08-20T12:34:24.969+0000] {dag.py:3823} INFO - Setting next_dagrun for example_branch_datetime_operator to 2026-08-19 00:00:00+00:00, run_after=2026-08-20 00:00:00+00:00
[2026-08-20T12:34:24.975+0000] {logging_mixin.py:188} INFO - [2026-08-20T12:34:24.975+0000] {dag.py:3823} INFO - Setting next_dagrun for example_branch_datetime_operator_2 to 2026-08-19 00:00:00+00:00, run_after=2026-08-20 00:00:00+00:00
[2026-08-20T12:34:24.977+0000] {logging_mixin.py:188} INFO - [2026-08-20T12:34:24.977+0000] {dag.py:3823} INFO - Setting next_dagrun for example_branch_datetime_operator_3 to 2026-08-19 00:00:00+00:00, run_after=2026-08-20 00:00:00+00:00
[2026-08-20T12:34:24.996+0000] {processor.py:183} INFO - Processing /home/airflow/.local/lib/python3.8/site-packages/airflow/example_dags/example_branch_datetime_operator.py took 0.097 seconds
[2026-08-20T12:34:55.373+0000] {processor.py:161} INFO - Started process (PID=1918) to work on /home/airflow/.local/lib/python3.8/site-packages/airflow/example_dags/example_branch_datetime_operator.py
[2026-08-20T12:34:55.375+0000] {processor.py:830} INFO - Processing file /home/airflow/.local/lib/python3.8/site-packages/airflow/example_dags/example_branch_datetime_operator.py for tasks to queue
[2026-08-20T12:34:55.377+0000] {logging_mixin.py:188} INFO - [2026-08-20T12:34:55.376+0000] {dagbag.py:538} INFO - Filling up the DagBag from /home/airflow/.local/lib/python3.8/site-packages/airflow/example_dags/example_branch_datetime_operator.py
[2026-08-20T12:34:55.387+0000] {processor.py:840} INFO - DAG(s) 'example_branch_datetime_operator_2', 'example_branch_datetime_operator_3', 'example_branch_datetime_operator' retrieved from /home/airflow/.local/lib/python3.8/site-packages/airflow/example_dags/example_branch_datetime_operator.py
[2026-08-20T12:34:55.420+0000] {logging_mixin.py:188} INFO - [2026-08-20T12:34:55.419+0000] {dag.py:3036} INFO - Sync 3 DAGs
[2026-08-20T12:34:55.447+0000] {logging_mixin.py:188} INFO - [2026-08-20T12:34:55.446+0000] {dag.py:3823} INFO - Setting next_dagrun for example_branch_datetime_operator to 2026-08-19 00:00:00+00:00, run_after=2026-08-20 00:00:00+00:00
[2026-08-20T12:34:55.452+0000] {logging_mixin.py:188} INFO - [2026-08-20T12:34:55.451+0000] {dag.py:3823} INFO - Setting next_dagrun for example_branch_datetime_operator_2 to 2026-08-19 00:00:00+00:00, run_after=2026-08-20 00:00:00+00:00
[2026-08-20T12:34:55.455+0000] {logging_mixin.py:188} INFO - [2026-08-20T12:34:55.454+0000] {dag.py:3823} INFO - Setting next_dagrun for example_branch_datetime_operator_3 to 2026-08-19 00:00:00+00:00, run_after=2026-08-20 00:00:00+00:00
[2026-08-20T12:34:55.478+0000] {processor.py:183} INFO - Processing /home/airflow/.local/lib/python3.8/site-packages/airflow/example_dags/example_branch_datetime_operator.py took 0.109 seconds
[2026-08-20T12:35:26.177+0000] {processor.py:161} INFO - Started process (PID=2004) to work on /home/airflow/.local/lib/python3.8/site-packages/airflow/example_dags/example_branch_datetime_operator.py
[2026-08-20T12:35:26.178+0000] {processor.py:830} INFO - Processing file /home/airflow/.local/lib/python3.8/site-packages/airflow/example_dags/example_branch_datetime_operator.py for tasks to queue
[2026-08-20T12:35:26.180+0000] {logging_mixin.py:188} INFO - [2026-08-20T12:35:26.180+0000] {dagbag.py:538} INFO - Filling up the DagBag from /home/airflow/.local/lib/python3.8/site-packages/airflow/example_dags/example_branch_datetime_operator.py
[2026-08-20T12:35:26.194+0000] {processor.py:840} INFO - DAG(s) 'example_branch_datetime_operator_2', 'example_branch_datetime_operator', 'example_branch_datetime_operator_3' retrieved from /home/airflow/.local/lib/python3.8/site-packages/airflow/example_dags/example_branch_datetime_operator.py
[2026-08-20T12:35:26.227+0000] {logging_mixin.py:188} INFO - [2026-08-20T12:35:26.227+0000] {dag.py:3036} INFO - Sync 3 DAGs
[2026-08-20T12:35:26.251+0000] {logging_mixin.py:188} INFO - [2026-08-20T12:35:26.251+0000] {dag.py:3823} INFO - Setting next_dagrun for example_branch_datetime_operator to 2026-08-19 00:00:00+00:00, run_after=2026-08-20 00:00:00+00:00
[2026-08-20T12:35:26.258+0000] {logging_mixin.py:188} INFO - [2026-08-20T12:35:26.258+0000] {dag.py:3823} INFO - Setting next_dagrun for example_branch_datetime_operator_2 to 2026-08-19 00:00:00+00:00, run_after=2026-08-20 00:00:00+00:00
[2026-08-20T12:35:26.261+0000] {logging_mixin.py:188} INFO - [2026-08-20T12:35:26.261+0000] {dag.py:3823} INFO - Setting next_dagrun for example_branch_datetime_operator_3 to 2026-08-19 00:00:00+00:00, run_after=2026-08-20 00:00:00+00:00
[2026-08-20T12:35:26.281+0000] {processor.py:183} INFO - Processing /home/airflow/.local/lib/python3.8/site-packages/airflow/example_dags/example_branch_datetime_operator.py took 0.108 seconds
[2026-08-20T12:35:57.272+0000] {processor.py:161} INFO - Started process (PID=2090) to work on /home/airflow/.local/lib/python3.8/site-packages/airflow/example_dags/example_branch_datetime_operator.py
[2026-08-20T12:35:57.273+0000] {processor.py:830} INFO - Processing file /home/airflow/.local/lib/python3.8/site-packages/airflow/example_dags/example_branch_datetime_operator.py for tasks to queue
[2026-08-20T12:35:57.275+0000] {logging_mixin.py:188} INFO - [2026-08-20T12:35:57.274+0000] {dagbag.py:538} INFO - Filling up the DagBag from /home/airflow/.local/lib/python3.8/site-packages/airflow/example_dags/example_branch_datetime_operator.py
[2026-08-20T12:35:57.286+0000] {processor.py:840} INFO - DAG(s) 'example_branch_datetime_operator', 'example_branch_datetime_operator_3', 'example_branch_datetime_operator_2' retrieved from /home/airflow/.local/lib/python3.8/site-packages/airflow/example_dags/example_branch_datetime_operator.py
[2026-08-20T12:35:57.315+0000] {logging_mixin.py:188} INFO - [2026-08-20T12:35:57.315+0000] {dag.py:3036} INFO - Sync 3 DAGs
[2026-08-20T12:35:57.339+0000] {logging_mixin.py:188} INFO - [2026-08-20T12:35:57.339+0000] {dag.py:3823} INFO - Setting next_dagrun for example_branch_datetime_operator to 2026-08-19 00:00:00+00:00, run_after=2026-08-20 00:00:00+00:00
[2026-08-20T12:35:57.344+0000] {logging_mixin.py:188} INFO - [2026-08-20T12:35:57.344+0000] {dag.py:3823} INFO - Setting next_dagrun for example_branch_datetime_operator_2 to 2026-08-19 00:00:00+00:00, run_after=2026-08-20 00:00:00+00:00
[2026-08-20T12:35:57.348+0000] {logging_mixin.py:188} INFO - [2026-08-20T12:35:57.348+0000] {dag.py:3823} INFO - Setting next_dagrun for example_branch_datetime_operator_3 to 2026-08-19 00:00:00+00:00, run_after=2026-08-20 00:00:00+00:00
[2026-08-20T12:35:57.369+0000] {processor.py:183} INFO - Processing /home/airflow/.local/lib/python3.8/site-packages/airflow/example_dags/example_branch_datetime_operator.py took 0.100 seconds
[2026-08-20T12:36:28.059+0000] {processor.py:161} INFO - Started process (PID=2176) to work on /home/airflow/.local/lib/python3.8/site-packages/airflow/example_dags/example_branch_datetime_operator.py
[2026-08-20T12:36:28.060+0000] {processor.py:830} INFO - Processing file /home/airflow/.local/lib/python3.8/site-packages/airflow/example_dags/example_branch_datetime_operator.py for tasks to queue
[2026-08-20T12:36:28.063+0000] {logging_mixin.py:188} INFO - [2026-08-20T12:36:28.063+0000] {dagbag.py:538} INFO - Filling up the DagBag from /home/airflow/.local/lib/python3.8/site-packages/airflow/example_dags/example_branch_datetime_operator.py
[2026-08-20T12:36:28.076+0000] {processor.py:840} INFO - DAG(s) 'example_branch_datetime_operator_3', 'example_branch_datetime_operator_2', 'example_branch_datetime_operator' retrieved from /home/airflow/.local/lib/python3.8/site-packages/airflow/example_dags/example_branch_datetime_operator.py
[2026-08-20T12:36:28.117+0000] {logging_mixin.py:188} INFO - [2026-08-20T12:36:28.117+0000] {dag.py:3036} INFO - Sync 3 DAGs
[2026-08-20T12:36:28.151+0000] {logging_mixin.py:188} INFO - [2026-08-20T12:36:28.151+0000] {dag.py:3823} INFO - Setting next_dagrun for example_branch_datetime_operator to 2026-08-19 00:00:00+00:00, run_after=2026-08-20 00:00:00+00:00
[2026-08-20T12:36:28.159+0000] {logging_mixin.py:188} INFO - [2026-08-20T12:36:28.159+0000] {dag.py:3823} INFO - Setting next_dagrun for example_branch_datetime_operator_2 to 2026-08-19 00:00:00+00:00, run_after=2026-08-20 00:00:00+00:00
[2026-08-20T12:36:28.164+0000] {logging_mixin.py:188} INFO - [2026-08-20T12:36:28.164+0000] {dag.py:3823} INFO - Setting next_dagrun for example_branch_datetime_operator_3 to 2026-08-19 00:00:00+00:00, run_after=2026-08-20 00:00:00+00:00
[2026-08-20T12:36:28.198+0000] {processor.py:183} INFO - Processing /home/airflow/.local/lib/python3.8/site-packages/airflow/example_dags/example_branch_datetime_operator.py took 0.145 seconds
[2026-08-20T12:36:58.771+0000] {processor.py:161} INFO - Started process (PID=2263) to work on /home/airflow/.local/lib/python3.8/site-packages/airflow/example_dags/example_branch_datetime_operator.py
[2026-08-20T12:36:58.772+0000] {processor.py:830} INFO - Processing file /home/airflow/.local/lib/python3.8/site-packages/airflow/example_dags/example_branch_datetime_operator.py for tasks to queue
[2026-08-20T12:36:58.774+0000] {logging_mixin.py:188} INFO - [2026-08-20T12:36:58.774+0000] {dagbag.py:538} INFO - Filling up the DagBag from /home/airflow/.local/lib/python3.8/site-packages/airflow/example_dags/example_branch_datetime_operator.py
[2026-08-20T12:36:58.789+0000] {processor.py:840} INFO - DAG(s) 'example_branch_datetime_operator_2', 'example_branch_datetime_operator', 'example_branch_datetime_operator_3' retrieved from /home/airflow/.local/lib/python3.8/site-packages/airflow/example_dags/example_branch_datetime_operator.py
[2026-08-20T12:36:58.822+0000] {logging_mixin.py:188} INFO - [2026-08-20T12:36:58.822+0000] {dag.py:3036} INFO - Sync 3 DAGs
[2026-08-20T12:36:58.844+0000] {logging_mixin.py:188} INFO - [2026-08-20T12:36:58.844+0000] {dag.py:3823} INFO - Setting next_dagrun for example_branch_datetime_operator to 2026-08-19 00:00:00+00:00, run_after=2026-08-20 00:00:00+00:00
[2026-08-20T12:36:58.849+0000] {logging_mixin.py:188} INFO - [2026-08-20T12:36:58.848+0000] {dag.py:3823} INFO - Setting next_dagrun for example_branch_datetime_operator_2 to 2026-08-19 00:00:00+00:00, run_after=2026-08-20 00:00:00+00:00
[2026-08-20T12:36:58.851+0000] {logging_mixin.py:188} INFO - [2026-08-20T12:36:58.851+0000] {dag.py:3823} INFO - Setting next_dagrun for example_branch_datetime_operator_3 to 2026-08-19 00:00:00+00:00, run_after=2026-08-20 00:00:00+00:00
[2026-08-20T12:36:58.871+0000] {processor.py:183} INFO - Processing /home/airflow/.local/lib/python3.8/site-packages/airflow/example_dags/example_branch_datetime_operator.py took 0.104 seconds
[2026-08-20T12:37:29.809+0000] {processor.py:161} INFO - Started process (PID=2349) to work on /home/airflow/.local/lib/python3.8/site-packages/airflow/example_dags/example_branch_datetime_operator.py
[2026-08-20T12:37:29.810+0000] {processor.py:830} INFO - Processing file /home/airflow/.local/lib/python3.8/site-packages/airflow/example_dags/example_branch_datetime_operator.py for tasks to queue
[2026-08-20T12:37:29.813+0000] {logging_mixin.py:188} INFO - [2026-08-20T12:37:29.812+0000] {dagbag.py:538} INFO - Filling up the DagBag from /home/airflow/.local/lib/python3.8/site-packages/airflow/example_dags/example_branch_datetime_operator.py
[2026-08-20T12:37:29.823+0000] {processor.py:840} INFO - DAG(s) 'example_branch_datetime_operator_2', 'example_branch_datetime_operator_3', 'example_branch_datetime_operator' retrieved from /home/airflow/.local/lib/python3.8/site-packages/airflow/example_dags/example_branch_datetime_operator.py
[2026-08-20T12:37:29.864+0000] {logging_mixin.py:188} INFO - [2026-08-20T12:37:29.864+0000] {dag.py:3036} INFO - Sync 3 DAGs
[2026-08-20T12:37:29.892+0000] {logging_mixin.py:188} INFO - [2026-08-20T12:37:29.892+0000] {dag.py:3823} INFO - Setting next_dagrun for example_branch_datetime_operator to 2026-08-19 00:00:00+00:00, run_after=2026-08-20 00:00:00+00:00
[2026-08-20T12:37:29.901+0000] {logging_mixin.py:188} INFO - [2026-08-20T12:37:29.900+0000] {dag.py:3823} INFO - Setting next_dagrun for example_branch_datetime_operator_2 to 2026-08-19 00:00:00+00:00, run_after=2026-08-20 00:00:00+00:00
[2026-08-20T12:37:29.907+0000] {logging_mixin.py:188} INFO - [2026-08-20T12:37:29.906+0000] {dag.py:3823} INFO - Setting next_dagrun for example_branch_datetime_operator_3 to 2026-08-19 00:00:00+00:00, run_after=2026-08-20 00:00:00+00:00
[2026-08-20T12:37:29.936+0000] {processor.py:183} INFO - Processing /home/airflow/.local/lib/python3.8/site-packages/airflow/example_dags/example_branch_datetime_operator.py took 0.131 seconds
[2026-08-20T12:38:00.807+0000] {processor.py:161} INFO - Started process (PID=2435) to work on /home/airflow/.local/lib/python3.8/site-packages/airflow/example_dags/example_branch_datetime_operator.py
[2026-08-20T12:38:00.809+0000] {processor.py:830} INFO - Processing file /home/airflow/.local/lib/python3.8/site-packages/airflow/example_dags/example_branch_datetime_operator.py for tasks to queue
[2026-08-20T12:38:00.811+0000] {logging_mixin.py:188} INFO - [2026-08-20T12:38:00.810+0000] {dagbag.py:538} INFO - Filling up the DagBag from /home/airflow/.local/lib/python3.8/site-packages/airflow/example_dags/example_branch_datetime_operator.py
[2026-08-20T12:38:00.821+0000] {processor.py:840} INFO - DAG(s) 'example_branch_datetime_operator', 'example_branch_datetime_operator_2', 'example_branch_datetime_operator_3' retrieved from /home/airflow/.local/lib/python3.8/site-packages/airflow/example_dags/example_branch_datetime_operator.py
[2026-08-20T12:38:00.849+0000] {logging_mixin.py:188} INFO - [2026-08-20T12:38:00.848+0000] {dag.py:3036} INFO - Sync 3 DAGs
[2026-08-20T12:38:00.872+0000] {logging_mixin.py:188} INFO - [2026-08-20T12:38:00.872+0000] {dag.py:3823} INFO - Setting next_dagrun for example_branch_datetime_operator to 2026-08-19 00:00:00+00:00, run_after=2026-08-20 00:00:00+00:00
[2026-08-20T12:38:00.877+0000] {logging_mixin.py:188} INFO - [2026-08-20T12:38:00.877+0000] {dag.py:3823} INFO - Setting next_dagrun for example_branch_datetime_operator_2 to 2026-08-19 00:00:00+00:00, run_after=2026-08-20 00:00:00+00:00
[2026-08-20T12:38:00.880+0000] {logging_mixin.py:188} INFO - [2026-08-20T12:38:00.880+0000] {dag.py:3823} INFO - Setting next_dagrun for example_branch_datetime_operator_3 to 2026-08-19 00:00:00+00:00, run_after=2026-08-20 00:00:00+00:00
[2026-08-20T12:38:00.897+0000] {processor.py:183} INFO - Processing /home/airflow/.local/lib/python3.8/site-packages/airflow/example_dags/example_branch_datetime_operator.py took 0.093 seconds
[2026-08-20T12:38:32.412+0000] {processor.py:161} INFO - Started process (PID=2521) to work on /home/airflow/.local/lib/python3.8/site-packages/airflow/example_dags/example_branch_datetime_operator.py
[2026-08-20T12:38:32.413+0000] {processor.py:830} INFO - Processing file /home/airflow/.local/lib/python3.8/site-packages/airflow/example_dags/example_branch_datetime_operator.py for tasks to queue
[2026-08-20T12:38:32.415+0000] {logging_mixin.py:188} INFO - [2026-08-20T12:38:32.415+0000] {dagbag.py:538} INFO - Filling up the DagBag from /home/airflow/.local/lib/python3.8/site-packages/airflow/example_dags/example_branch_datetime_operator.py
[2026-08-20T12:38:32.425+0000] {processor.py:840} INFO - DAG(s) 'example_branch_datetime_operator_3', 'example_branch_datetime_operator_2', 'example_branch_datetime_operator' retrieved from /home/airflow/.local/lib/python3.8/site-packages/airflow/example_dags/example_branch_datetime_operator.py
[2026-08-20T12:38:32.453+0000] {logging_mixin.py:188} INFO - [2026-08-20T12:38:32.452+0000] {dag.py:3036} INFO - Sync 3 DAGs
[2026-08-20T12:38:32.476+0000] {logging_mixin.py:188} INFO - [2026-08-20T12:38:32.476+0000] {dag.py:3823} INFO - Setting next_dagrun for example_branch_datetime_operator to 2026-08-19 00:00:00+00:00, run_after=2026-08-20 00:00:00+00:00
[2026-08-20T12:38:32.482+0000] {logging_mixin.py:188} INFO - [2026-08-20T12:38:32.481+0000] {dag.py:3823} INFO - Setting next_dagrun for example_branch_datetime_operator_2 to 2026-08-19 00:00:00+00:00, run_after=2026-08-20 00:00:00+00:00
[2026-08-20T12:38:32.485+0000] {logging_mixin.py:188} INFO - [2026-08-20T12:38:32.485+0000] {dag.py:3823} INFO - Setting next_dagrun for example_branch_datetime_operator_3 to 2026-08-19 00:00:00+00:00, run_after=2026-08-20 00:00:00+00:00
[2026-08-20T12:38:32.531+0000] {processor.py:183} INFO - Processing /home/airflow/.local/lib/python3.8/site-packages/airflow/example_dags/example_branch_datetime_operator.py took 0.123 seconds
[2026-08-20T12:39:03.543+0000] {processor.py:161} INFO - Started process (PID=2607) to work on /home/airflow/.local/lib/python3.8/site-packages/airflow/example_dags/example_branch_datetime_operator.py
[2026-08-20T12:39:03.544+0000] {processor.py:830} INFO - Processing file /home/airflow/.local/lib/python3.8/site-packages/airflow/example_dags/example_branch_datetime_operator.py for tasks to queue
[2026-08-20T12:39:03.547+0000] {logging_mixin.py:188} INFO - [2026-08-20T12:39:03.546+0000] {dagbag.py:538} INFO - Filling up the DagBag from /home/airflow/.local/lib/python3.8/site-packages/airflow/example_dags/example_branch_datetime_operator.py
[2026-08-20T12:39:03.562+0000] {processor.py:840} INFO - DAG(s) 'example_branch_datetime_operator_2', 'example_branch_datetime_operator_3', 'example_branch_datetime_operator' retrieved from /home/airflow/.local/lib/python3.8/site-packages/airflow/example_dags/example_branch_datetime_operator.py
[2026-08-20T12:39:03.595+0000] {logging_mixin.py:188} INFO - [2026-08-20T12:39:03.595+0000] {dag.py:3036} INFO - Sync 3 DAGs
[2026-08-20T12:39:03.622+0000] {logging_mixin.py:188} INFO - [2026-08-20T12:39:03.622+0000] {dag.py:3823} INFO - Setting next_dagrun for example_branch_datetime_operator to 2026-08-19 00:00:00+00:00, run_after=2026-08-20 00:00:00+00:00
[2026-08-20T12:39:03.628+0000] {logging_mixin.py:188} INFO - [2026-08-20T12:39:03.628+0000] {dag.py:3823} INFO - Setting next_dagrun for example_branch_datetime_operator_2 to 2026-08-19 00:00:00+00:00, run_after=2026-08-20 00:00:00+00:00
[2026-08-20T12:39:03.632+0000] {logging_mixin.py:188} INFO - [2026-08-20T12:39:03.632+0000] {dag.py:3823} INFO - Setting next_dagrun for example_branch_datetime_operator_3 to 2026-08-19 00:00:00+00:00, run_after=2026-08-20 00:00:00+00:00
[2026-08-20T12:39:03.655+0000] {processor.py:183} INFO - Processing /home/airflow/.local/lib/python3.8/site-packages/airflow/example_dags/example_branch_datetime_operator.py took 0.116 seconds
[2026-08-20T12:39:35.038+0000] {processor.py:161} INFO - Started process (PID=2693) to work on /home/airflow/.local/lib/python3.8/site-packages/airflow/example_dags/example_branch_datetime_operator.py
[2026-08-20T12:39:35.040+0000] {processor.py:830} INFO - Processing file /home/airflow/.local/lib/python3.8/site-packages/airflow/example_dags/example_branch_datetime_operator.py for tasks to queue
[2026-08-20T12:39:35.042+0000] {logging_mixin.py:188} INFO - [2026-08-20T12:39:35.042+0000] {dagbag.py:538} INFO - Filling up the DagBag from /home/airflow/.local/lib/python3.8/site-packages/airflow/example_dags/example_branch_datetime_operator.py
[2026-08-20T12:39:35.053+0000] {processor.py:840} INFO - DAG(s) 'example_branch_datetime_operator_2', 'example_branch_datetime_operator_3', 'example_branch_datetime_operator' retrieved from /home/airflow/.local/lib/python3.8/site-packages/airflow/example_dags/example_branch_datetime_operator.py
[2026-08-20T12:39:35.089+0000] {logging_mixin.py:188} INFO - [2026-08-20T12:39:35.088+0000] {dag.py:3036} INFO - Sync 3 DAGs
[2026-08-20T12:39:35.128+0000] {logging_mixin.py:188} INFO - [2026-08-20T12:39:35.128+0000] {dag.py:3823} INFO - Setting next_dagrun for example_branch_datetime_operator to 2026-08-19 00:00:00+00:00, run_after=2026-08-20 00:00:00+00:00
[2026-08-20T12:39:35.134+0000] {logging_mixin.py:188} INFO - [2026-08-20T12:39:35.134+0000] {dag.py:3823} INFO - Setting next_dagrun for example_branch_datetime_operator_2 to 2026-08-19 00:00:00+00:00, run_after=2026-08-20 00:00:00+00:00
[2026-08-20T12:39:35.137+0000] {logging_mixin.py:188} INFO - [2026-08-20T12:39:35.137+0000] {dag.py:3823} INFO - Setting next_dagrun for example_branch_datetime_operator_3 to 2026-08-19 00:00:00+00:00, run_after=2026-08-20 00:00:00+00:00
[2026-08-20T12:39:35.154+0000] {processor.py:183} INFO - Processing /home/airflow/.local/lib/python3.8/site-packages/airflow/example_dags/example_branch_datetime_operator.py took 0.121 seconds
[2026-08-20T12:40:05.661+0000] {processor.py:161} INFO - Started process (PID=2779) to work on /home/airflow/.local/lib/python3.8/site-packages/airflow/example_dags/example_branch_datetime_operator.py
[2026-08-20T12:40:05.663+0000] {processor.py:830} INFO - Processing file /home/airflow/.local/lib/python3.8/site-packages/airflow/example_dags/example_branch_datetime_operator.py for tasks to queue
[2026-08-20T12:40:05.665+0000] {logging_mixin.py:188} INFO - [2026-08-20T12:40:05.665+0000] {dagbag.py:538} INFO - Filling up the DagBag from /home/airflow/.local/lib/python3.8/site-packages/airflow/example_dags/example_branch_datetime_operator.py
[2026-08-20T12:40:05.676+0000] {processor.py:840} INFO - DAG(s) 'example_branch_datetime_operator', 'example_branch_datetime_operator_3', 'example_branch_datetime_operator_2' retrieved from /home/airflow/.local/lib/python3.8/site-packages/airflow/example_dags/example_branch_datetime_operator.py
[2026-08-20T12:40:05.709+0000] {logging_mixin.py:188} INFO - [2026-08-20T12:40:05.709+0000] {dag.py:3036} INFO - Sync 3 DAGs
[2026-08-20T12:40:05.732+0000] {logging_mixin.py:188} INFO - [2026-08-20T12:40:05.731+0000] {dag.py:3823} INFO - Setting next_dagrun for example_branch_datetime_operator to 2026-08-19 00:00:00+00:00, run_after=2026-08-20 00:00:00+00:00
[2026-08-20T12:40:05.737+0000] {logging_mixin.py:188} INFO - [2026-08-20T12:40:05.736+0000] {dag.py:3823} INFO - Setting next_dagrun for example_branch_datetime_operator_2 to 2026-08-19 00:00:00+00:00, run_after=2026-08-20 00:00:00+00:00
[2026-08-20T12:40:05.739+0000] {logging_mixin.py:188} INFO - [2026-08-20T12:40:05.739+0000] {dag.py:3823} INFO - Setting next_dagrun for example_branch_datetime_operator_3 to 2026-08-19 00:00:00+00:00, run_after=2026-08-20 00:00:00+00:00
[2026-08-20T12:40:05.760+0000] {processor.py:183} INFO - Processing /home/airflow/.local/lib/python3.8/site-packages/airflow/example_dags/example_branch_datetime_operator.py took 0.103 seconds
