[2026-08-20T12:24:23.197+0000] {processor.py:161} INFO - Started process (PID=144) to work on /home/airflow/.local/lib/python3.8/site-packages/airflow/example_dags/example_external_task_marker_dag.py
[2026-08-20T12:24:23.204+0000] {processor.py:830} INFO - Processing file /home/airflow/.local/lib/python3.8/site-packages/airflow/example_dags/example_external_task_marker_dag.py for tasks to queue
[2026-08-20T12:24:23.218+0000] {logging_mixin.py:188} INFO - [2026-08-20T12:24:23.217+0000] {dagbag.py:538} INFO - Filling up the DagBag from /home/airflow/.local/lib/python3.8/site-packages/airflow/example_dags/example_external_task_marker_dag.py
[2026-08-20T12:24:23.291+0000] {processor.py:840} INFO - DAG(s) 'example_external_task_marker_child', 'example_external_task_marker_parent' retrieved from /home/airflow/.local/lib/python3.8/site-packages/airflow/example_dags/example_external_task_marker_dag.py
[2026-08-20T12:24:23.902+0000] {logging_mixin.py:188} INFO - [2026-08-20T12:24:23.901+0000] {dag.py:3036} INFO - Sync 2 DAGs
[2026-08-20T12:24:23.979+0000] {logging_mixin.py:188} INFO - [2026-08-20T12:24:23.979+0000] {dag.py:3823} INFO - Setting next_dagrun for example_external_task_marker_child to None, run_after=None
[2026-08-20T12:24:23.996+0000] {logging_mixin.py:188} INFO - [2026-08-20T12:24:23.996+0000] {dag.py:3823} INFO - Setting next_dagrun for example_external_task_marker_parent to None, run_after=None
[2026-08-20T12:24:24.073+0000] {processor.py:183} INFO - Processing /home/airflow/.local/lib/python3.8/site-packages/airflow/example_dags/example_external_task_marker_dag.py took 0.884 seconds
[2026-08-20T12:25:08.237+0000] {processor.py:161} INFO - Started process (PID=263) to work on /home/airflow/.local/lib/python3.8/site-packages/airflow/example_dags/example_external_task_marker_dag.py
[2026-08-20T12:25:08.239+0000] {processor.py:830} INFO - Processing file /home/airflow/.local/lib/python3.8/site-packages/airflow/example_dags/example_external_task_marker_dag.py for tasks to queue
[2026-08-20T12:25:08.248+0000] {logging_mixin.py:188} INFO - [2026-08-20T12:25:08.247+0000] {dagbag.py:538} INFO - Filling up the DagBag from /home/airflow/.local/lib/python3.8/site-packages/airflow/example_dags/example_external_task_marker_dag.py
[2026-08-20T12:25:08.265+0000] {processor.py:840} INFO - DAG(s) 'example_external_task_marker_parent', 'example_external_task_marker_child' retrieved from /home/airflow/.local/lib/python3.8/site-packages/airflow/example_dags/example_external_task_marker_dag.py
[2026-08-20T12:25:08.296+0000] {logging_mixin.py:188} INFO - [2026-08-20T12:25:08.296+0000] {dag.py:3036} INFO - Sync 2 DAGs
[2026-08-20T12:25:08.332+0000] {logging_mixin.py:188} INFO - [2026-08-20T12:25:08.331+0000] {dag.py:3823} INFO - Setting next_dagrun for example_external_task_marker_child to None, run_after=None
[2026-08-20T12:25:08.340+0000] {logging_mixin.py:188} INFO - [2026-08-20T12:25:08.340+0000] {dag.py:3823} INFO - Setting next_dagrun for example_external_task_marker_parent to None, run_after=None
[2026-08-20T12:25:08.393+0000] {processor.py:183} INFO - Processing /home/airflow/.local/lib/python3.8/site-packages/airflow/example_dags/example_external_task_marker_dag.py took 0.165 seconds
[2026-08-20T12:25:38.818+0000] {processor.py:161} INFO - Started process (PID=349) to work on /home/airflow/.local/lib/python3.8/site-packages/airflow/example_dags/example_external_task_marker_dag.py
[2026-08-20T12:25:38.819+0000] {processor.py:830} INFO - Processing file /home/airflow/.local/lib/python3.8/site-packages/airflow/example_dags/example_external_task_marker_dag.py for tasks to queue
[2026-08-20T12:25:38.821+0000] {logging_mixin.py:188} INFO - [2026-08-20T12:25:38.820+0000] {dagbag.py:538} INFO - Filling up the DagBag from /home/airflow/.local/lib/python3.8/site-packages/airflow/example_dags/example_external_task_marker_dag.py
[2026-08-20T12:25:38.827+0000] {processor.py:840} INFO - DAG(s) 'example_external_task_marker_parent', 'example_external_task_marker_child' retrieved from /home/airflow/.local/lib/python3.8/site-packages/airflow/example_dags/example_external_task_marker_dag.py
[2026-08-20T12:25:38.933+0000] {logging_mixin.py:188} INFO - [2026-08-20T12:25:38.933+0000] {dag.py:3036} INFO - Sync 2 DAGs
[2026-08-20T12:25:38.947+0000] {logging_mixin.py:188} INFO - [2026-08-20T12:25:38.947+0000] {dag.py:3823} INFO - Setting next_dagrun for example_external_task_marker_child to None, run_after=None
[2026-08-20T12:25:38.953+0000] {logging_mixin.py:188} INFO - [2026-08-20T12:25:38.952+0000] {dag.py:3823} INFO - Setting next_dagrun for example_external_task_marker_parent to None, run_after=None
[2026-08-20T12:25:39.042+0000] {processor.py:183} INFO - Processing /home/airflow/.local/lib/python3.8/site-packages/airflow/example_dags/example_external_task_marker_dag.py took 0.228 seconds
[2026-08-20T12:26:09.334+0000] {processor.py:161} INFO - Started process (PID=433) to work on /home/airflow/.local/lib/python3.8/site-packages/airflow/example_dags/example_external_task_marker_dag.py
[2026-08-20T12:26:09.336+0000] {processor.py:830} INFO - Processing file /home/airflow/.local/lib/python3.8/site-packages/airflow/example_dags/example_external_task_marker_dag.py for tasks to queue
[2026-08-20T12:26:09.339+0000] {logging_mixin.py:188} INFO - [2026-08-20T12:26:09.338+0000] {dagbag.py:538} INFO - Filling up the DagBag from /home/airflow/.local/lib/python3.8/site-packages/airflow/example_dags/example_external_task_marker_dag.py
[2026-08-20T12:26:09.346+0000] {processor.py:840} INFO - DAG(s) 'example_external_task_marker_parent', 'example_external_task_marker_child' retrieved from /home/airflow/.local/lib/python3.8/site-packages/airflow/example_dags/example_external_task_marker_dag.py
[2026-08-20T12:26:09.375+0000] {logging_mixin.py:188} INFO - [2026-08-20T12:26:09.374+0000] {dag.py:3036} INFO - Sync 2 DAGs
[2026-08-20T12:26:09.391+0000] {logging_mixin.py:188} INFO - [2026-08-20T12:26:09.390+0000] {dag.py:3823} INFO - Setting next_dagrun for example_external_task_marker_child to None, run_after=None
[2026-08-20T12:26:09.396+0000] {logging_mixin.py:188} INFO - [2026-08-20T12:26:09.396+0000] {dag.py:3823} INFO - Setting next_dagrun for example_external_task_marker_parent to None, run_after=None
[2026-08-20T12:26:09.416+0000] {processor.py:183} INFO - Processing /home/airflow/.local/lib/python3.8/site-packages/airflow/example_dags/example_external_task_marker_dag.py took 0.086 seconds
[2026-08-20T12:26:40.053+0000] {processor.py:161} INFO - Started process (PID=522) to work on /home/airflow/.local/lib/python3.8/site-packages/airflow/example_dags/example_external_task_marker_dag.py
[2026-08-20T12:26:40.056+0000] {processor.py:830} INFO - Processing file /home/airflow/.local/lib/python3.8/site-packages/airflow/example_dags/example_external_task_marker_dag.py for tasks to queue
[2026-08-20T12:26:40.061+0000] {logging_mixin.py:188} INFO - [2026-08-20T12:26:40.060+0000] {dagbag.py:538} INFO - Filling up the DagBag from /home/airflow/.local/lib/python3.8/site-packages/airflow/example_dags/example_external_task_marker_dag.py
[2026-08-20T12:26:40.073+0000] {processor.py:840} INFO - DAG(s) 'example_external_task_marker_child', 'example_external_task_marker_parent' retrieved from /home/airflow/.local/lib/python3.8/site-packages/airflow/example_dags/example_external_task_marker_dag.py
[2026-08-20T12:26:40.110+0000] {logging_mixin.py:188} INFO - [2026-08-20T12:26:40.110+0000] {dag.py:3036} INFO - Sync 2 DAGs
[2026-08-20T12:26:40.133+0000] {logging_mixin.py:188} INFO - [2026-08-20T12:26:40.132+0000] {dag.py:3823} INFO - Setting next_dagrun for example_external_task_marker_child to None, run_after=None
[2026-08-20T12:26:40.140+0000] {logging_mixin.py:188} INFO - [2026-08-20T12:26:40.140+0000] {dag.py:3823} INFO - Setting next_dagrun for example_external_task_marker_parent to None, run_after=None
[2026-08-20T12:26:40.904+0000] {processor.py:183} INFO - Processing /home/airflow/.local/lib/python3.8/site-packages/airflow/example_dags/example_external_task_marker_dag.py took 0.858 seconds
[2026-08-20T12:27:11.898+0000] {processor.py:161} INFO - Started process (PID=607) to work on /home/airflow/.local/lib/python3.8/site-packages/airflow/example_dags/example_external_task_marker_dag.py
[2026-08-20T12:27:11.900+0000] {processor.py:830} INFO - Processing file /home/airflow/.local/lib/python3.8/site-packages/airflow/example_dags/example_external_task_marker_dag.py for tasks to queue
[2026-08-20T12:27:11.902+0000] {logging_mixin.py:188} INFO - [2026-08-20T12:27:11.901+0000] {dagbag.py:538} INFO - Filling up the DagBag from /home/airflow/.local/lib/python3.8/site-packages/airflow/example_dags/example_external_task_marker_dag.py
[2026-08-20T12:27:11.908+0000] {processor.py:840} INFO - DAG(s) 'example_external_task_marker_child', 'example_external_task_marker_parent' retrieved from /home/airflow/.local/lib/python3.8/site-packages/airflow/example_dags/example_external_task_marker_dag.py
[2026-08-20T12:27:11.933+0000] {logging_mixin.py:188} INFO - [2026-08-20T12:27:11.932+0000] {dag.py:3036} INFO - Sync 2 DAGs
[2026-08-20T12:27:11.946+0000] {logging_mixin.py:188} INFO - [2026-08-20T12:27:11.945+0000] {dag.py:3823} INFO - Setting next_dagrun for example_external_task_marker_child to None, run_after=None
[2026-08-20T12:27:11.950+0000] {logging_mixin.py:188} INFO - [2026-08-20T12:27:11.949+0000] {dag.py:3823} INFO - Setting next_dagrun for example_external_task_marker_parent to None, run_after=None
[2026-08-20T12:27:12.003+0000] {processor.py:183} INFO - Processing /home/airflow/.local/lib/python3.8/site-packages/airflow/example_dags/example_external_task_marker_dag.py took 0.107 seconds
[2026-08-20T12:27:42.762+0000] {processor.py:161} INFO - Started process (PID=692) to work on /home/airflow/.local/lib/python3.8/site-packages/airflow/example_dags/example_external_task_marker_dag.py
[2026-08-20T12:27:42.766+0000] {processor.py:830} INFO - Processing file /home/airflow/.local/lib/python3.8/site-packages/airflow/example_dags/example_external_task_marker_dag.py for tasks to queue
[2026-08-20T12:27:42.772+0000] {logging_mixin.py:188} INFO - [2026-08-20T12:27:42.771+0000] {dagbag.py:538} INFO - Filling up the DagBag from /home/airflow/.local/lib/python3.8/site-packages/airflow/example_dags/example_external_task_marker_dag.py
[2026-08-20T12:27:42.785+0000] {processor.py:840} INFO - DAG(s) 'example_external_task_marker_parent', 'example_external_task_marker_child' retrieved from /home/airflow/.local/lib/python3.8/site-packages/airflow/example_dags/example_external_task_marker_dag.py
[2026-08-20T12:27:42.839+0000] {logging_mixin.py:188} INFO - [2026-08-20T12:27:42.839+0000] {dag.py:3036} INFO - Sync 2 DAGs
[2026-08-20T12:27:42.891+0000] {logging_mixin.py:188} INFO - [2026-08-20T12:27:42.891+0000] {dag.py:3823} INFO - Setting next_dagrun for example_external_task_marker_child to None, run_after=None
[2026-08-20T12:27:42.910+0000] {logging_mixin.py:188} INFO - [2026-08-20T12:27:42.909+0000] {dag.py:3823} INFO - Setting next_dagrun for example_external_task_marker_parent to None, run_after=None
[2026-08-20T12:27:42.960+0000] {processor.py:183} INFO - Processing /home/airflow/.local/lib/python3.8/site-packages/airflow/example_dags/example_external_task_marker_dag.py took 0.204 seconds
[2026-08-20T12:28:13.561+0000] {processor.py:161} INFO - Started process (PID=780) to work on /home/airflow/.local/lib/python3.8/site-packages/airflow/example_dags/example_external_task_marker_dag.py
[2026-08-20T12:28:13.562+0000] {processor.py:830} INFO - Processing file /home/airflow/.local/lib/python3.8/site-packages/airflow/example_dags/example_external_task_marker_dag.py for tasks to queue
[2026-08-20T12:28:13.565+0000] {logging_mixin.py:188} INFO - [2026-08-20T12:28:13.565+0000] {dagbag.py:538} INFO - Filling up the DagBag from /home/airflow/.local/lib/python3.8/site-packages/airflow/example_dags/example_external_task_marker_dag.py
[2026-08-20T12:28:13.575+0000] {processor.py:840} INFO - DAG(s) 'example_external_task_marker_child', 'example_external_task_marker_parent' retrieved from /home/airflow/.local/lib/python3.8/site-packages/airflow/example_dags/example_external_task_marker_dag.py
[2026-08-20T12:28:13.612+0000] {logging_mixin.py:188} INFO - [2026-08-20T12:28:13.611+0000] {dag.py:3036} INFO - Sync 2 DAGs
[2026-08-20T12:28:13.629+0000] {logging_mixin.py:188} INFO - [2026-08-20T12:28:13.629+0000] {dag.py:3823} INFO - Setting next_dagrun for example_external_task_marker_child to None, run_after=None
[2026-08-20T12:28:13.636+0000] {logging_mixin.py:188} INFO - [2026-08-20T12:28:13.635+0000] {dag.py:3823} INFO - Setting next_dagrun for example_external_task_marker_parent to None, run_after=None
[2026-08-20T12:28:13.676+0000] {processor.py:183} INFO - Processing /home/airflow/.local/lib/python3.8/site-packages/airflow/example_dags/example_external_task_marker_dag.py took 0.118 seconds
[2026-08-20T12:28:44.677+0000] {processor.py:161} INFO - Started process (PID=866) to work on /home/airflow/.local/lib/python3.8/site-packages/airflow/example_dags/example_external_task_marker_dag.py
[2026-08-20T12:28:44.678+0000] {processor.py:830} INFO - Processing file /home/airflow/.local/lib/python3.8/site-packages/airflow/example_dags/example_external_task_marker_dag.py for tasks to queue
[2026-08-20T12:28:44.680+0000] {logging_mixin.py:188} INFO - [2026-08-20T12:28:44.680+0000] {dagbag.py:538} INFO - Filling up the DagBag from /home/airflow/.local/lib/python3.8/site-packages/airflow/example_dags/example_external_task_marker_dag.py
[2026-08-20T12:28:44.687+0000] {processor.py:840} INFO - DAG(s) 'example_external_task_marker_child', 'example_external_task_marker_parent' retrieved from /home/airflow/.local/lib/python3.8/site-packages/airflow/example_dags/example_external_task_marker_dag.py
[2026-08-20T12:28:44.712+0000] {logging_mixin.py:188} INFO - [2026-08-20T12:28:44.712+0000] {dag.py:3036} INFO - Sync 2 DAGs
[2026-08-20T12:28:44.725+0000] {logging_mixin.py:188} INFO - [2026-08-20T12:28:44.725+0000] {dag.py:3823} INFO - Setting next_dagrun for example_external_task_marker_child to None, run_after=None
[2026-08-20T12:28:44.729+0000] {logging_mixin.py:188} INFO - [2026-08-20T12:28:44.729+0000] {dag.py:3823} INFO - Setting next_dagrun for example_external_task_marker_parent to None, run_after=None
[2026-08-20T12:28:44.781+0000] {processor.py:183} INFO - Processing /home/airflow/.local/lib/python3.8/site-packages/airflow/example_dags/example_external_task_marker_dag.py took 0.107 seconds
[2026-08-20T12:29:15.414+0000] {processor.py:161} INFO - Started process (PID=952) to work on /home/airflow/.local/lib/python3.8/site-packages/airflow/example_dags/example_external_task_marker_dag.py
[2026-08-20T12:29:15.416+0000] {processor.py:830} INFO - Processing file /home/airflow/.local/lib/python3.8/site-packages/airflow/example_dags/example_external_task_marker_dag.py for tasks to queue
[2026-08-20T12:29:15.418+0000] {logging_mixin.py:188} INFO - [2026-08-20T12:29:15.417+0000] {dagbag.py:538} INFO - Filling up the DagBag from /home/airflow/.local/lib/python3.8/site-packages/airflow/example_dags/example_external_task_marker_dag.py
[2026-08-20T12:29:15.424+0000] {processor.py:840} INFO - DAG(s) 'example_external_task_marker_child', 'example_external_task_marker_parent' retrieved from /home/airflow/.local/lib/python3.8/site-packages/airflow/example_dags/example_external_task_marker_dag.py
[2026-08-20T12:29:15.449+0000] {logging_mixin.py:188} INFO - [2026-08-20T12:29:15.449+0000] {dag.py:3036} INFO - Sync 2 DAGs
[2026-08-20T12:29:15.462+0000] {logging_mixin.py:188} INFO - [2026-08-20T12:29:15.462+0000] {dag.py:3823} INFO - Setting next_dagrun for example_external_task_marker_child to None, run_after=None
[2026-08-20T12:29:15.466+0000] {logging_mixin.py:188} INFO - [2026-08-20T12:29:15.466+0000] {dag.py:3823} INFO - Setting next_dagrun for example_external_task_marker_parent to None, run_after=None
[2026-08-20T12:29:15.524+0000] {processor.py:183} INFO - Processing /home/airflow/.local/lib/python3.8/site-packages/airflow/example_dags/example_external_task_marker_dag.py took 0.114 seconds
[2026-08-20T12:29:45.998+0000] {processor.py:161} INFO - Started process (PID=1037) to work on /home/airflow/.local/lib/python3.8/site-packages/airflow/example_dags/example_external_task_marker_dag.py
[2026-08-20T12:29:45.999+0000] {processor.py:830} INFO - Processing file /home/airflow/.local/lib/python3.8/site-packages/airflow/example_dags/example_external_task_marker_dag.py for tasks to queue
[2026-08-20T12:29:46.001+0000] {logging_mixin.py:188} INFO - [2026-08-20T12:29:46.001+0000] {dagbag.py:538} INFO - Filling up the DagBag from /home/airflow/.local/lib/python3.8/site-packages/airflow/example_dags/example_external_task_marker_dag.py
[2026-08-20T12:29:46.009+0000] {processor.py:840} INFO - DAG(s) 'example_external_task_marker_parent', 'example_external_task_marker_child' retrieved from /home/airflow/.local/lib/python3.8/site-packages/airflow/example_dags/example_external_task_marker_dag.py
[2026-08-20T12:29:46.036+0000] {logging_mixin.py:188} INFO - [2026-08-20T12:29:46.036+0000] {dag.py:3036} INFO - Sync 2 DAGs
[2026-08-20T12:29:46.049+0000] {logging_mixin.py:188} INFO - [2026-08-20T12:29:46.049+0000] {dag.py:3823} INFO - Setting next_dagrun for example_external_task_marker_child to None, run_after=None
[2026-08-20T12:29:46.054+0000] {logging_mixin.py:188} INFO - [2026-08-20T12:29:46.054+0000] {dag.py:3823} INFO - Setting next_dagrun for example_external_task_marker_parent to None, run_after=None
[2026-08-20T12:29:46.144+0000] {processor.py:183} INFO - Processing /home/airflow/.local/lib/python3.8/site-packages/airflow/example_dags/example_external_task_marker_dag.py took 0.150 seconds
[2026-08-20T12:30:16.390+0000] {processor.py:161} INFO - Started process (PID=1123) to work on /home/airflow/.local/lib/python3.8/site-packages/airflow/example_dags/example_external_task_marker_dag.py
[2026-08-20T12:30:16.391+0000] {processor.py:830} INFO - Processing file /home/airflow/.local/lib/python3.8/site-packages/airflow/example_dags/example_external_task_marker_dag.py for tasks to queue
[2026-08-20T12:30:16.394+0000] {logging_mixin.py:188} INFO - [2026-08-20T12:30:16.393+0000] {dagbag.py:538} INFO - Filling up the DagBag from /home/airflow/.local/lib/python3.8/site-packages/airflow/example_dags/example_external_task_marker_dag.py
[2026-08-20T12:30:16.400+0000] {processor.py:840} INFO - DAG(s) 'example_external_task_marker_child', 'example_external_task_marker_parent' retrieved from /home/airflow/.local/lib/python3.8/site-packages/airflow/example_dags/example_external_task_marker_dag.py
[2026-08-20T12:30:16.425+0000] {logging_mixin.py:188} INFO - [2026-08-20T12:30:16.425+0000] {dag.py:3036} INFO - Sync 2 DAGs
[2026-08-20T12:30:16.437+0000] {logging_mixin.py:188} INFO - [2026-08-20T12:30:16.437+0000] {dag.py:3823} INFO - Setting next_dagrun for example_external_task_marker_child to None, run_after=None
[2026-08-20T12:30:16.441+0000] {logging_mixin.py:188} INFO - [2026-08-20T12:30:16.441+0000] {dag.py:3823} INFO - Setting next_dagrun for example_external_task_marker_parent to None, run_after=None
[2026-08-20T12:30:16.528+0000] {processor.py:183} INFO - Processing /home/airflow/.local/lib/python3.8/site-packages/airflow/example_dags/example_external_task_marker_dag.py took 0.142 seconds
[2026-08-20T12:30:47.201+0000] {processor.py:161} INFO - Started process (PID=1209) to work on /home/airflow/.local/lib/python3.8/site-packages/airflow/example_dags/example_external_task_marker_dag.py
[2026-08-20T12:30:47.202+0000] {processor.py:830} INFO - Processing file /home/airflow/.local/lib/python3.8/site-packages/airflow/example_dags/example_external_task_marker_dag.py for tasks to queue
[2026-08-20T12:30:47.205+0000] {logging_mixin.py:188} INFO - [2026-08-20T12:30:47.204+0000] {dagbag.py:538} INFO - Filling up the DagBag from /home/airflow/.local/lib/python3.8/site-packages/airflow/example_dags/example_external_task_marker_dag.py
[2026-08-20T12:30:47.212+0000] {processor.py:840} INFO - DAG(s) 'example_external_task_marker_child', 'example_external_task_marker_parent' retrieved from /home/airflow/.local/lib/python3.8/site-packages/airflow/example_dags/example_external_task_marker_dag.py
[2026-08-20T12:30:47.240+0000] {logging_mixin.py:188} INFO - [2026-08-20T12:30:47.239+0000] {dag.py:3036} INFO - Sync 2 DAGs
[2026-08-20T12:30:47.253+0000] {logging_mixin.py:188} INFO - [2026-08-20T12:30:47.252+0000] {dag.py:3823} INFO - Setting next_dagrun for example_external_task_marker_child to None, run_after=None
[2026-08-20T12:30:47.257+0000] {logging_mixin.py:188} INFO - [2026-08-20T12:30:47.257+0000] {dag.py:3823} INFO - Setting next_dagrun for example_external_task_marker_parent to None, run_after=None
[2026-08-20T12:30:47.277+0000] {processor.py:183} INFO - Processing /home/airflow/.local/lib/python3.8/site-packages/airflow/example_dags/example_external_task_marker_dag.py took 0.079 seconds
[2026-08-20T12:31:17.980+0000] {processor.py:161} INFO - Started process (PID=1295) to work on /home/airflow/.local/lib/python3.8/site-packages/airflow/example_dags/example_external_task_marker_dag.py
[2026-08-20T12:31:17.981+0000] {processor.py:830} INFO - Processing file /home/airflow/.local/lib/python3.8/site-packages/airflow/example_dags/example_external_task_marker_dag.py for tasks to queue
[2026-08-20T12:31:17.983+0000] {logging_mixin.py:188} INFO - [2026-08-20T12:31:17.983+0000] {dagbag.py:538} INFO - Filling up the DagBag from /home/airflow/.local/lib/python3.8/site-packages/airflow/example_dags/example_external_task_marker_dag.py
[2026-08-20T12:31:17.991+0000] {processor.py:840} INFO - DAG(s) 'example_external_task_marker_child', 'example_external_task_marker_parent' retrieved from /home/airflow/.local/lib/python3.8/site-packages/airflow/example_dags/example_external_task_marker_dag.py
[2026-08-20T12:31:18.017+0000] {logging_mixin.py:188} INFO - [2026-08-20T12:31:18.016+0000] {dag.py:3036} INFO - Sync 2 DAGs
[2026-08-20T12:31:18.029+0000] {logging_mixin.py:188} INFO - [2026-08-20T12:31:18.029+0000] {dag.py:3823} INFO - Setting next_dagrun for example_external_task_marker_child to None, run_after=None
[2026-08-20T12:31:18.033+0000] {logging_mixin.py:188} INFO - [2026-08-20T12:31:18.033+0000] {dag.py:3823} INFO - Setting next_dagrun for example_external_task_marker_parent to None, run_after=None
[2026-08-20T12:31:18.080+0000] {processor.py:183} INFO - Processing /home/airflow/.local/lib/python3.8/site-packages/airflow/example_dags/example_external_task_marker_dag.py took 0.104 seconds
[2026-08-20T12:31:48.532+0000] {processor.py:161} INFO - Started process (PID=1381) to work on /home/airflow/.local/lib/python3.8/site-packages/airflow/example_dags/example_external_task_marker_dag.py
[2026-08-20T12:31:48.542+0000] {processor.py:830} INFO - Processing file /home/airflow/.local/lib/python3.8/site-packages/airflow/example_dags/example_external_task_marker_dag.py for tasks to queue
[2026-08-20T12:31:48.545+0000] {logging_mixin.py:188} INFO - [2026-08-20T12:31:48.544+0000] {dagbag.py:538} INFO - Filling up the DagBag from /home/airflow/.local/lib/python3.8/site-packages/airflow/example_dags/example_external_task_marker_dag.py
[2026-08-20T12:31:48.556+0000] {processor.py:840} INFO - DAG(s) 'example_external_task_marker_parent', 'example_external_task_marker_child' retrieved from /home/airflow/.local/lib/python3.8/site-packages/airflow/example_dags/example_external_task_marker_dag.py
[2026-08-20T12:31:48.588+0000] {logging_mixin.py:188} INFO - [2026-08-20T12:31:48.588+0000] {dag.py:3036} INFO - Sync 2 DAGs
[2026-08-20T12:31:48.608+0000] {logging_mixin.py:188} INFO - [2026-08-20T12:31:48.608+0000] {dag.py:3823} INFO - Setting next_dagrun for example_external_task_marker_child to None, run_after=None
[2026-08-20T12:31:48.614+0000] {logging_mixin.py:188} INFO - [2026-08-20T12:31:48.613+0000] {dag.py:3823} INFO - Setting next_dagrun for example_external_task_marker_parent to None, run_after=None
[2026-08-20T12:31:48.817+0000] {processor.py:183} INFO - Processing /home/airflow/.local/lib/python3.8/site-packages/airflow/example_dags/example_external_task_marker_dag.py took 0.291 seconds
[2026-08-20T12:32:19.516+0000] {processor.py:161} INFO - Started process (PID=1467) to work on /home/airflow/.local/lib/python3.8/site-packages/airflow/example_dags/example_external_task_marker_dag.py
[2026-08-20T12:32:19.518+0000] {processor.py:830} INFO - Processing file /home/airflow/.local/lib/python3.8/site-packages/airflow/example_dags/example_external_task_marker_dag.py for tasks to queue
[2026-08-20T12:32:19.521+0000] {logging_mixin.py:188} INFO - [2026-08-20T12:32:19.521+0000] {dagbag.py:538} INFO - Filling up the DagBag from /home/airflow/.local/lib/python3.8/site-packages/airflow/example_dags/example_external_task_marker_dag.py
[2026-08-20T12:32:19.531+0000] {processor.py:840} INFO - DAG(s) 'example_external_task_marker_parent', 'example_external_task_marker_child' retrieved from /home/airflow/.local/lib/python3.8/site-packages/airflow/example_dags/example_external_task_marker_dag.py
[2026-08-20T12:32:19.572+0000] {logging_mixin.py:188} INFO - [2026-08-20T12:32:19.571+0000] {dag.py:3036} INFO - Sync 2 DAGs
[2026-08-20T12:32:19.596+0000] {logging_mixin.py:188} INFO - [2026-08-20T12:32:19.595+0000] {dag.py:3823} INFO - Setting next_dagrun for example_external_task_marker_child to None, run_after=None
[2026-08-20T12:32:19.603+0000] {logging_mixin.py:188} INFO - [2026-08-20T12:32:19.603+0000] {dag.py:3823} INFO - Setting next_dagrun for example_external_task_marker_parent to None, run_after=None
[2026-08-20T12:32:19.633+0000] {processor.py:183} INFO - Processing /home/airflow/.local/lib/python3.8/site-packages/airflow/example_dags/example_external_task_marker_dag.py took 0.121 seconds
[2026-08-20T12:32:50.129+0000] {processor.py:161} INFO - Started process (PID=1553) to work on /home/airflow/.local/lib/python3.8/site-packages/airflow/example_dags/example_external_task_marker_dag.py
[2026-08-20T12:32:50.131+0000] {processor.py:830} INFO - Processing file /home/airflow/.local/lib/python3.8/site-packages/airflow/example_dags/example_external_task_marker_dag.py for tasks to queue
[2026-08-20T12:32:50.133+0000] {logging_mixin.py:188} INFO - [2026-08-20T12:32:50.133+0000] {dagbag.py:538} INFO - Filling up the DagBag from /home/airflow/.local/lib/python3.8/site-packages/airflow/example_dags/example_external_task_marker_dag.py
[2026-08-20T12:32:50.140+0000] {processor.py:840} INFO - DAG(s) 'example_external_task_marker_parent', 'example_external_task_marker_child' retrieved from /home/airflow/.local/lib/python3.8/site-packages/airflow/example_dags/example_external_task_marker_dag.py
[2026-08-20T12:32:50.169+0000] {logging_mixin.py:188} INFO - [2026-08-20T12:32:50.169+0000] {dag.py:3036} INFO - Sync 2 DAGs
[2026-08-20T12:32:50.187+0000] {logging_mixin.py:188} INFO - [2026-08-20T12:32:50.187+0000] {dag.py:3823} INFO - Setting next_dagrun for example_external_task_marker_child to None, run_after=None
[2026-08-20T12:32:50.192+0000] {logging_mixin.py:188} INFO - [2026-08-20T12:32:50.191+0000] {dag.py:3823} INFO - Setting next_dagrun for example_external_task_marker_parent to None, run_after=None
[2026-08-20T12:32:50.212+0000] {processor.py:183} INFO - Processing /home/airflow/.local/lib/python3.8/site-packages/airflow/example_dags/example_external_task_marker_dag.py took 0.087 seconds
[2026-08-20T12:33:21.019+0000] {processor.py:161} INFO - Started process (PID=1646) to work on /home/airflow/.local/lib/python3.8/site-packages/airflow/example_dags/example_external_task_marker_dag.py
[2026-08-20T12:33:21.022+0000] {processor.py:830} INFO - Processing file /home/airflow/.local/lib/python3.8/site-packages/airflow/example_dags/example_external_task_marker_dag.py for tasks to queue
[2026-08-20T12:33:21.025+0000] {logging_mixin.py:188} INFO - [2026-08-20T12:33:21.025+0000] {dagbag.py:538} INFO - Filling up the DagBag from /home/airflow/.local/lib/python3.8/site-packages/airflow/example_dags/example_external_task_marker_dag.py
[2026-08-20T12:33:21.036+0000] {processor.py:840} INFO - DAG(s) 'example_external_task_marker_child', 'example_external_task_marker_parent' retrieved from /home/airflow/.local/lib/python3.8/site-packages/airflow/example_dags/example_external_task_marker_dag.py
[2026-08-20T12:33:21.073+0000] {logging_mixin.py:188} INFO - [2026-08-20T12:33:21.072+0000] {dag.py:3036} INFO - Sync 2 DAGs
[2026-08-20T12:33:21.097+0000] {logging_mixin.py:188} INFO - [2026-08-20T12:33:21.097+0000] {dag.py:3823} INFO - Setting next_dagrun for example_external_task_marker_child to None, run_after=None
[2026-08-20T12:33:21.104+0000] {logging_mixin.py:188} INFO - [2026-08-20T12:33:21.103+0000] {dag.py:3823} INFO - Setting next_dagrun for example_external_task_marker_parent to None, run_after=None
[2026-08-20T12:33:21.135+0000] {processor.py:183} INFO - Processing /home/airflow/.local/lib/python3.8/site-packages/airflow/example_dags/example_external_task_marker_dag.py took 0.121 seconds
[2026-08-20T12:33:52.247+0000] {processor.py:161} INFO - Started process (PID=1732) to work on /home/airflow/.local/lib/python3.8/site-packages/airflow/example_dags/example_external_task_marker_dag.py
[2026-08-20T12:33:52.248+0000] {processor.py:830} INFO - Processing file /home/airflow/.local/lib/python3.8/site-packages/airflow/example_dags/example_external_task_marker_dag.py for tasks to queue
[2026-08-20T12:33:52.250+0000] {logging_mixin.py:188} INFO - [2026-08-20T12:33:52.250+0000] {dagbag.py:538} INFO - Filling up the DagBag from /home/airflow/.local/lib/python3.8/site-packages/airflow/example_dags/example_external_task_marker_dag.py
[2026-08-20T12:33:52.259+0000] {processor.py:840} INFO - DAG(s) 'example_external_task_marker_parent', 'example_external_task_marker_child' retrieved from /home/airflow/.local/lib/python3.8/site-packages/airflow/example_dags/example_external_task_marker_dag.py
[2026-08-20T12:33:52.290+0000] {logging_mixin.py:188} INFO - [2026-08-20T12:33:52.290+0000] {dag.py:3036} INFO - Sync 2 DAGs
[2026-08-20T12:33:52.303+0000] {logging_mixin.py:188} INFO - [2026-08-20T12:33:52.302+0000] {dag.py:3823} INFO - Setting next_dagrun for example_external_task_marker_child to None, run_after=None
[2026-08-20T12:33:52.308+0000] {logging_mixin.py:188} INFO - [2026-08-20T12:33:52.308+0000] {dag.py:3823} INFO - Setting next_dagrun for example_external_task_marker_parent to None, run_after=None
[2026-08-20T12:33:52.327+0000] {processor.py:183} INFO - Processing /home/airflow/.local/lib/python3.8/site-packages/airflow/example_dags/example_external_task_marker_dag.py took 0.083 seconds
[2026-08-20T12:34:22.704+0000] {processor.py:161} INFO - Started process (PID=1819) to work on /home/airflow/.local/lib/python3.8/site-packages/airflow/example_dags/example_external_task_marker_dag.py
[2026-08-20T12:34:22.705+0000] {processor.py:830} INFO - Processing file /home/airflow/.local/lib/python3.8/site-packages/airflow/example_dags/example_external_task_marker_dag.py for tasks to queue
[2026-08-20T12:34:22.707+0000] {logging_mixin.py:188} INFO - [2026-08-20T12:34:22.707+0000] {dagbag.py:538} INFO - Filling up the DagBag from /home/airflow/.local/lib/python3.8/site-packages/airflow/example_dags/example_external_task_marker_dag.py
[2026-08-20T12:34:22.715+0000] {processor.py:840} INFO - DAG(s) 'example_external_task_marker_parent', 'example_external_task_marker_child' retrieved from /home/airflow/.local/lib/python3.8/site-packages/airflow/example_dags/example_external_task_marker_dag.py
[2026-08-20T12:34:22.749+0000] {logging_mixin.py:188} INFO - [2026-08-20T12:34:22.748+0000] {dag.py:3036} INFO - Sync 2 DAGs
[2026-08-20T12:34:22.770+0000] {logging_mixin.py:188} INFO - [2026-08-20T12:34:22.770+0000] {dag.py:3823} INFO - Setting next_dagrun for example_external_task_marker_child to None, run_after=None
[2026-08-20T12:34:22.776+0000] {logging_mixin.py:188} INFO - [2026-08-20T12:34:22.775+0000] {dag.py:3823} INFO - Setting next_dagrun for example_external_task_marker_parent to None, run_after=None
[2026-08-20T12:34:22.801+0000] {processor.py:183} INFO - Processing /home/airflow/.local/lib/python3.8/site-packages/airflow/example_dags/example_external_task_marker_dag.py took 0.101 seconds
[2026-08-20T12:34:53.456+0000] {processor.py:161} INFO - Started process (PID=1905) to work on /home/airflow/.local/lib/python3.8/site-packages/airflow/example_dags/example_external_task_marker_dag.py
[2026-08-20T12:34:53.457+0000] {processor.py:830} INFO - Processing file /home/airflow/.local/lib/python3.8/site-packages/airflow/example_dags/example_external_task_marker_dag.py for tasks to queue
[2026-08-20T12:34:53.460+0000] {logging_mixin.py:188} INFO - [2026-08-20T12:34:53.459+0000] {dagbag.py:538} INFO - Filling up the DagBag from /home/airflow/.local/lib/python3.8/site-packages/airflow/example_dags/example_external_task_marker_dag.py
[2026-08-20T12:34:53.467+0000] {processor.py:840} INFO - DAG(s) 'example_external_task_marker_child', 'example_external_task_marker_parent' retrieved from /home/airflow/.local/lib/python3.8/site-packages/airflow/example_dags/example_external_task_marker_dag.py
[2026-08-20T12:34:53.496+0000] {logging_mixin.py:188} INFO - [2026-08-20T12:34:53.495+0000] {dag.py:3036} INFO - Sync 2 DAGs
[2026-08-20T12:34:53.511+0000] {logging_mixin.py:188} INFO - [2026-08-20T12:34:53.511+0000] {dag.py:3823} INFO - Setting next_dagrun for example_external_task_marker_child to None, run_after=None
[2026-08-20T12:34:53.516+0000] {logging_mixin.py:188} INFO - [2026-08-20T12:34:53.516+0000] {dag.py:3823} INFO - Setting next_dagrun for example_external_task_marker_parent to None, run_after=None
[2026-08-20T12:34:53.540+0000] {processor.py:183} INFO - Processing /home/airflow/.local/lib/python3.8/site-packages/airflow/example_dags/example_external_task_marker_dag.py took 0.088 seconds
[2026-08-20T12:35:23.994+0000] {processor.py:161} INFO - Started process (PID=1991) to work on /home/airflow/.local/lib/python3.8/site-packages/airflow/example_dags/example_external_task_marker_dag.py
[2026-08-20T12:35:23.996+0000] {processor.py:830} INFO - Processing file /home/airflow/.local/lib/python3.8/site-packages/airflow/example_dags/example_external_task_marker_dag.py for tasks to queue
[2026-08-20T12:35:23.998+0000] {logging_mixin.py:188} INFO - [2026-08-20T12:35:23.997+0000] {dagbag.py:538} INFO - Filling up the DagBag from /home/airflow/.local/lib/python3.8/site-packages/airflow/example_dags/example_external_task_marker_dag.py
[2026-08-20T12:35:24.004+0000] {processor.py:840} INFO - DAG(s) 'example_external_task_marker_parent', 'example_external_task_marker_child' retrieved from /home/airflow/.local/lib/python3.8/site-packages/airflow/example_dags/example_external_task_marker_dag.py
[2026-08-20T12:35:24.035+0000] {logging_mixin.py:188} INFO - [2026-08-20T12:35:24.034+0000] {dag.py:3036} INFO - Sync 2 DAGs
[2026-08-20T12:35:24.049+0000] {logging_mixin.py:188} INFO - [2026-08-20T12:35:24.049+0000] {dag.py:3823} INFO - Setting next_dagrun for example_external_task_marker_child to None, run_after=None
[2026-08-20T12:35:24.054+0000] {logging_mixin.py:188} INFO - [2026-08-20T12:35:24.053+0000] {dag.py:3823} INFO - Setting next_dagrun for example_external_task_marker_parent to None, run_after=None
[2026-08-20T12:35:24.073+0000] {processor.py:183} INFO - Processing /home/airflow/.local/lib/python3.8/site-packages/airflow/example_dags/example_external_task_marker_dag.py took 0.085 seconds
[2026-08-20T12:35:55.261+0000] {processor.py:161} INFO - Started process (PID=2077) to work on /home/airflow/.local/lib/python3.8/site-packages/airflow/example_dags/example_external_task_marker_dag.py
[2026-08-20T12:35:55.262+0000] {processor.py:830} INFO - Processing file /home/airflow/.local/lib/python3.8/site-packages/airflow/example_dags/example_external_task_marker_dag.py for tasks to queue
[2026-08-20T12:35:55.264+0000] {logging_mixin.py:188} INFO - [2026-08-20T12:35:55.264+0000] {dagbag.py:538} INFO - Filling up the DagBag from /home/airflow/.local/lib/python3.8/site-packages/airflow/example_dags/example_external_task_marker_dag.py
[2026-08-20T12:35:55.270+0000] {processor.py:840} INFO - DAG(s) 'example_external_task_marker_parent', 'example_external_task_marker_child' retrieved from /home/airflow/.local/lib/python3.8/site-packages/airflow/example_dags/example_external_task_marker_dag.py
[2026-08-20T12:35:55.296+0000] {logging_mixin.py:188} INFO - [2026-08-20T12:35:55.295+0000] {dag.py:3036} INFO - Sync 2 DAGs
[2026-08-20T12:35:55.309+0000] {logging_mixin.py:188} INFO - [2026-08-20T12:35:55.308+0000] {dag.py:3823} INFO - Setting next_dagrun for example_external_task_marker_child to None, run_after=None
[2026-08-20T12:35:55.313+0000] {logging_mixin.py:188} INFO - [2026-08-20T12:35:55.313+0000] {dag.py:3823} INFO - Setting next_dagrun for example_external_task_marker_parent to None, run_after=None
[2026-08-20T12:35:55.333+0000] {processor.py:183} INFO - Processing /home/airflow/.local/lib/python3.8/site-packages/airflow/example_dags/example_external_task_marker_dag.py took 0.076 seconds
[2026-08-20T12:36:25.876+0000] {processor.py:161} INFO - Started process (PID=2163) to work on /home/airflow/.local/lib/python3.8/site-packages/airflow/example_dags/example_external_task_marker_dag.py
[2026-08-20T12:36:25.877+0000] {processor.py:830} INFO - Processing file /home/airflow/.local/lib/python3.8/site-packages/airflow/example_dags/example_external_task_marker_dag.py for tasks to queue
[2026-08-20T12:36:25.879+0000] {logging_mixin.py:188} INFO - [2026-08-20T12:36:25.879+0000] {dagbag.py:538} INFO - Filling up the DagBag from /home/airflow/.local/lib/python3.8/site-packages/airflow/example_dags/example_external_task_marker_dag.py
[2026-08-20T12:36:25.886+0000] {processor.py:840} INFO - DAG(s) 'example_external_task_marker_child', 'example_external_task_marker_parent' retrieved from /home/airflow/.local/lib/python3.8/site-packages/airflow/example_dags/example_external_task_marker_dag.py
[2026-08-20T12:36:25.910+0000] {logging_mixin.py:188} INFO - [2026-08-20T12:36:25.910+0000] {dag.py:3036} INFO - Sync 2 DAGs
[2026-08-20T12:36:25.922+0000] {logging_mixin.py:188} INFO - [2026-08-20T12:36:25.922+0000] {dag.py:3823} INFO - Setting next_dagrun for example_external_task_marker_child to None, run_after=None
[2026-08-20T12:36:25.926+0000] {logging_mixin.py:188} INFO - [2026-08-20T12:36:25.926+0000] {dag.py:3823} INFO - Setting next_dagrun for example_external_task_marker_parent to None, run_after=None
[2026-08-20T12:36:25.942+0000] {processor.py:183} INFO - Processing /home/airflow/.local/lib/python3.8/site-packages/airflow/example_dags/example_external_task_marker_dag.py took 0.071 seconds
[2026-08-20T12:36:56.809+0000] {processor.py:161} INFO - Started process (PID=2250) to work on /home/airflow/.local/lib/python3.8/site-packages/airflow/example_dags/example_external_task_marker_dag.py
[2026-08-20T12:36:56.810+0000] {processor.py:830} INFO - Processing file /home/airflow/.local/lib/python3.8/site-packages/airflow/example_dags/example_external_task_marker_dag.py for tasks to queue
[2026-08-20T12:36:56.812+0000] {logging_mixin.py:188} INFO - [2026-08-20T12:36:56.812+0000] {dagbag.py:538} INFO - Filling up the DagBag from /home/airflow/.local/lib/python3.8/site-packages/airflow/example_dags/example_external_task_marker_dag.py
[2026-08-20T12:36:56.819+0000] {processor.py:840} INFO - DAG(s) 'example_external_task_marker_child', 'example_external_task_marker_parent' retrieved from /home/airflow/.local/lib/python3.8/site-packages/airflow/example_dags/example_external_task_marker_dag.py
[2026-08-20T12:36:56.842+0000] {logging_mixin.py:188} INFO - [2026-08-20T12:36:56.841+0000] {dag.py:3036} INFO - Sync 2 DAGs
[2026-08-20T12:36:56.853+0000] {logging_mixin.py:188} INFO - [2026-08-20T12:36:56.853+0000] {dag.py:3823} INFO - Setting next_dagrun for example_external_task_marker_child to None, run_after=None
[2026-08-20T12:36:56.857+0000] {logging_mixin.py:188} INFO - [2026-08-20T12:36:56.857+0000] {dag.py:3823} INFO - Setting next_dagrun for example_external_task_marker_parent to None, run_after=None
[2026-08-20T12:36:56.875+0000] {processor.py:183} INFO - Processing /home/airflow/.local/lib/python3.8/site-packages/airflow/example_dags/example_external_task_marker_dag.py took 0.069 seconds
[2026-08-20T12:37:27.420+0000] {processor.py:161} INFO - Started process (PID=2336) to work on /home/airflow/.local/lib/python3.8/site-packages/airflow/example_dags/example_external_task_marker_dag.py
[2026-08-20T12:37:27.421+0000] {processor.py:830} INFO - Processing file /home/airflow/.local/lib/python3.8/site-packages/airflow/example_dags/example_external_task_marker_dag.py for tasks to queue
[2026-08-20T12:37:27.423+0000] {logging_mixin.py:188} INFO - [2026-08-20T12:37:27.423+0000] {dagbag.py:538} INFO - Filling up the DagBag from /home/airflow/.local/lib/python3.8/site-packages/airflow/example_dags/example_external_task_marker_dag.py
[2026-08-20T12:37:27.429+0000] {processor.py:840} INFO - DAG(s) 'example_external_task_marker_child', 'example_external_task_marker_parent' retrieved from /home/airflow/.local/lib/python3.8/site-packages/airflow/example_dags/example_external_task_marker_dag.py
[2026-08-20T12:37:27.453+0000] {logging_mixin.py:188} INFO - [2026-08-20T12:37:27.452+0000] {dag.py:3036} INFO - Sync 2 DAGs
[2026-08-20T12:37:27.465+0000] {logging_mixin.py:188} INFO - [2026-08-20T12:37:27.465+0000] {dag.py:3823} INFO - Setting next_dagrun for example_external_task_marker_child to None, run_after=None
[2026-08-20T12:37:27.469+0000] {logging_mixin.py:188} INFO - [2026-08-20T12:37:27.468+0000] {dag.py:3823} INFO - Setting next_dagrun for example_external_task_marker_parent to None, run_after=None
[2026-08-20T12:37:27.487+0000] {processor.py:183} INFO - Processing /home/airflow/.local/lib/python3.8/site-packages/airflow/example_dags/example_external_task_marker_dag.py took 0.070 seconds
[2026-08-20T12:37:58.815+0000] {processor.py:161} INFO - Started process (PID=2422) to work on /home/airflow/.local/lib/python3.8/site-packages/airflow/example_dags/example_external_task_marker_dag.py
[2026-08-20T12:37:58.816+0000] {processor.py:830} INFO - Processing file /home/airflow/.local/lib/python3.8/site-packages/airflow/example_dags/example_external_task_marker_dag.py for tasks to queue
[2026-08-20T12:37:58.818+0000] {logging_mixin.py:188} INFO - [2026-08-20T12:37:58.818+0000] {dagbag.py:538} INFO - Filling up the DagBag from /home/airflow/.local/lib/python3.8/site-packages/airflow/example_dags/example_external_task_marker_dag.py
[2026-08-20T12:37:58.824+0000] {processor.py:840} INFO - DAG(s) 'example_external_task_marker_child', 'example_external_task_marker_parent' retrieved from /home/airflow/.local/lib/python3.8/site-packages/airflow/example_dags/example_external_task_marker_dag.py
[2026-08-20T12:37:58.847+0000] {logging_mixin.py:188} INFO - [2026-08-20T12:37:58.846+0000] {dag.py:3036} INFO - Sync 2 DAGs
[2026-08-20T12:37:58.858+0000] {logging_mixin.py:188} INFO - [2026-08-20T12:37:58.858+0000] {dag.py:3823} INFO - Setting next_dagrun for example_external_task_marker_child to None, run_after=None
[2026-08-20T12:37:58.862+0000] {logging_mixin.py:188} INFO - [2026-08-20T12:37:58.862+0000] {dag.py:3823} INFO - Setting next_dagrun for example_external_task_marker_parent to None, run_after=None
[2026-08-20T12:37:58.878+0000] {processor.py:183} INFO - Processing /home/airflow/.local/lib/python3.8/site-packages/airflow/example_dags/example_external_task_marker_dag.py took 0.067 seconds
[2026-08-20T12:38:30.062+0000] {processor.py:161} INFO - Started process (PID=2508) to work on /home/airflow/.local/lib/python3.8/site-packages/airflow/example_dags/example_external_task_marker_dag.py
[2026-08-20T12:38:30.063+0000] {processor.py:830} INFO - Processing file /home/airflow/.local/lib/python3.8/site-packages/airflow/example_dags/example_external_task_marker_dag.py for tasks to queue
[2026-08-20T12:38:30.065+0000] {logging_mixin.py:188} INFO - [2026-08-20T12:38:30.065+0000] {dagbag.py:538} INFO - Filling up the DagBag from /home/airflow/.local/lib/python3.8/site-packages/airflow/example_dags/example_external_task_marker_dag.py
[2026-08-20T12:38:30.071+0000] {processor.py:840} INFO - DAG(s) 'example_external_task_marker_child', 'example_external_task_marker_parent' retrieved from /home/airflow/.local/lib/python3.8/site-packages/airflow/example_dags/example_external_task_marker_dag.py
[2026-08-20T12:38:30.096+0000] {logging_mixin.py:188} INFO - [2026-08-20T12:38:30.096+0000] {dag.py:3036} INFO - Sync 2 DAGs
[2026-08-20T12:38:30.107+0000] {logging_mixin.py:188} INFO - [2026-08-20T12:38:30.107+0000] {dag.py:3823} INFO - Setting next_dagrun for example_external_task_marker_child to None, run_after=None
[2026-08-20T12:38:30.112+0000] {logging_mixin.py:188} INFO - [2026-08-20T12:38:30.112+0000] {dag.py:3823} INFO - Setting next_dagrun for example_external_task_marker_parent to None, run_after=None
[2026-08-20T12:38:30.130+0000] {processor.py:183} INFO - Processing /home/airflow/.local/lib/python3.8/site-packages/airflow/example_dags/example_external_task_marker_dag.py took 0.072 seconds
[2026-08-20T12:39:01.064+0000] {processor.py:161} INFO - Started process (PID=2594) to work on /home/airflow/.local/lib/python3.8/site-packages/airflow/example_dags/example_external_task_marker_dag.py
[2026-08-20T12:39:01.065+0000] {processor.py:830} INFO - Processing file /home/airflow/.local/lib/python3.8/site-packages/airflow/example_dags/example_external_task_marker_dag.py for tasks to queue
[2026-08-20T12:39:01.069+0000] {logging_mixin.py:188} INFO - [2026-08-20T12:39:01.068+0000] {dagbag.py:538} INFO - Filling up the DagBag from /home/airflow/.local/lib/python3.8/site-packages/airflow/example_dags/example_external_task_marker_dag.py
[2026-08-20T12:39:01.076+0000] {processor.py:840} INFO - DAG(s) 'example_external_task_marker_child', 'example_external_task_marker_parent' retrieved from /home/airflow/.local/lib/python3.8/site-packages/airflow/example_dags/example_external_task_marker_dag.py
[2026-08-20T12:39:01.103+0000] {logging_mixin.py:188} INFO - [2026-08-20T12:39:01.103+0000] {dag.py:3036} INFO - Sync 2 DAGs
[2026-08-20T12:39:01.119+0000] {logging_mixin.py:188} INFO - [2026-08-20T12:39:01.119+0000] {dag.py:3823} INFO - Setting next_dagrun for example_external_task_marker_child to None, run_after=None
[2026-08-20T12:39:01.123+0000] {logging_mixin.py:188} INFO - [2026-08-20T12:39:01.123+0000] {dag.py:3823} INFO - Setting next_dagrun for example_external_task_marker_parent to None, run_after=None
[2026-08-20T12:39:01.141+0000] {processor.py:183} INFO - Processing /home/airflow/.local/lib/python3.8/site-packages/airflow/example_dags/example_external_task_marker_dag.py took 0.083 seconds
[2026-08-20T12:39:31.839+0000] {processor.py:161} INFO - Started process (PID=2680) to work on /home/airflow/.local/lib/python3.8/site-packages/airflow/example_dags/example_external_task_marker_dag.py
[2026-08-20T12:39:31.841+0000] {processor.py:830} INFO - Processing file /home/airflow/.local/lib/python3.8/site-packages/airflow/example_dags/example_external_task_marker_dag.py for tasks to queue
[2026-08-20T12:39:31.844+0000] {logging_mixin.py:188} INFO - [2026-08-20T12:39:31.843+0000] {dagbag.py:538} INFO - Filling up the DagBag from /home/airflow/.local/lib/python3.8/site-packages/airflow/example_dags/example_external_task_marker_dag.py
[2026-08-20T12:39:31.851+0000] {processor.py:840} INFO - DAG(s) 'example_external_task_marker_child', 'example_external_task_marker_parent' retrieved from /home/airflow/.local/lib/python3.8/site-packages/airflow/example_dags/example_external_task_marker_dag.py
[2026-08-20T12:39:31.881+0000] {logging_mixin.py:188} INFO - [2026-08-20T12:39:31.880+0000] {dag.py:3036} INFO - Sync 2 DAGs
[2026-08-20T12:39:31.895+0000] {logging_mixin.py:188} INFO - [2026-08-20T12:39:31.895+0000] {dag.py:3823} INFO - Setting next_dagrun for example_external_task_marker_child to None, run_after=None
[2026-08-20T12:39:31.900+0000] {logging_mixin.py:188} INFO - [2026-08-20T12:39:31.900+0000] {dag.py:3823} INFO - Setting next_dagrun for example_external_task_marker_parent to None, run_after=None
[2026-08-20T12:39:31.917+0000] {processor.py:183} INFO - Processing /home/airflow/.local/lib/python3.8/site-packages/airflow/example_dags/example_external_task_marker_dag.py took 0.082 seconds
[2026-08-20T12:40:02.634+0000] {processor.py:161} INFO - Started process (PID=2766) to work on /home/airflow/.local/lib/python3.8/site-packages/airflow/example_dags/example_external_task_marker_dag.py
[2026-08-20T12:40:02.636+0000] {processor.py:830} INFO - Processing file /home/airflow/.local/lib/python3.8/site-packages/airflow/example_dags/example_external_task_marker_dag.py for tasks to queue
[2026-08-20T12:40:02.638+0000] {logging_mixin.py:188} INFO - [2026-08-20T12:40:02.638+0000] {dagbag.py:538} INFO - Filling up the DagBag from /home/airflow/.local/lib/python3.8/site-packages/airflow/example_dags/example_external_task_marker_dag.py
[2026-08-20T12:40:02.646+0000] {processor.py:840} INFO - DAG(s) 'example_external_task_marker_parent', 'example_external_task_marker_child' retrieved from /home/airflow/.local/lib/python3.8/site-packages/airflow/example_dags/example_external_task_marker_dag.py
[2026-08-20T12:40:02.687+0000] {logging_mixin.py:188} INFO - [2026-08-20T12:40:02.687+0000] {dag.py:3036} INFO - Sync 2 DAGs
[2026-08-20T12:40:02.702+0000] {logging_mixin.py:188} INFO - [2026-08-20T12:40:02.702+0000] {dag.py:3823} INFO - Setting next_dagrun for example_external_task_marker_child to None, run_after=None
[2026-08-20T12:40:02.707+0000] {logging_mixin.py:188} INFO - [2026-08-20T12:40:02.706+0000] {dag.py:3823} INFO - Setting next_dagrun for example_external_task_marker_parent to None, run_after=None
[2026-08-20T12:40:02.725+0000] {processor.py:183} INFO - Processing /home/airflow/.local/lib/python3.8/site-packages/airflow/example_dags/example_external_task_marker_dag.py took 0.095 seconds
