[2026-08-20T12:24:40.676+0000] {processor.py:161} INFO - Started process (PID=190) to work on /home/airflow/.local/lib/python3.8/site-packages/airflow/example_dags/example_complex.py
[2026-08-20T12:24:40.690+0000] {processor.py:830} INFO - Processing file /home/airflow/.local/lib/python3.8/site-packages/airflow/example_dags/example_complex.py for tasks to queue
[2026-08-20T12:24:40.708+0000] {logging_mixin.py:188} INFO - [2026-08-20T12:24:40.707+0000] {dagbag.py:538} INFO - Filling up the DagBag from /home/airflow/.local/lib/python3.8/site-packages/airflow/example_dags/example_complex.py
[2026-08-20T12:24:40.794+0000] {processor.py:840} INFO - DAG(s) 'example_complex' retrieved from /home/airflow/.local/lib/python3.8/site-packages/airflow/example_dags/example_complex.py
[2026-08-20T12:24:41.410+0000] {logging_mixin.py:188} INFO - [2026-08-20T12:24:41.409+0000] {dag.py:3036} INFO - Sync 1 DAGs
[2026-08-20T12:24:41.462+0000] {logging_mixin.py:188} INFO - [2026-08-20T12:24:41.461+0000] {dag.py:3823} INFO - Setting next_dagrun for example_complex to None, run_after=None
[2026-08-20T12:24:41.572+0000] {processor.py:183} INFO - Processing /home/airflow/.local/lib/python3.8/site-packages/airflow/example_dags/example_complex.py took 0.927 seconds
[2026-08-20T12:25:11.827+0000] {processor.py:161} INFO - Started process (PID=293) to work on /home/airflow/.local/lib/python3.8/site-packages/airflow/example_dags/example_complex.py
[2026-08-20T12:25:11.830+0000] {processor.py:830} INFO - Processing file /home/airflow/.local/lib/python3.8/site-packages/airflow/example_dags/example_complex.py for tasks to queue
[2026-08-20T12:25:11.834+0000] {logging_mixin.py:188} INFO - [2026-08-20T12:25:11.834+0000] {dagbag.py:538} INFO - Filling up the DagBag from /home/airflow/.local/lib/python3.8/site-packages/airflow/example_dags/example_complex.py
[2026-08-20T12:25:11.860+0000] {processor.py:840} INFO - DAG(s) 'example_complex' retrieved from /home/airflow/.local/lib/python3.8/site-packages/airflow/example_dags/example_complex.py
[2026-08-20T12:25:11.896+0000] {logging_mixin.py:188} INFO - [2026-08-20T12:25:11.895+0000] {dag.py:3036} INFO - Sync 1 DAGs
[2026-08-20T12:25:11.922+0000] {logging_mixin.py:188} INFO - [2026-08-20T12:25:11.921+0000] {dag.py:3823} INFO - Setting next_dagrun for example_complex to None, run_after=None
[2026-08-20T12:25:11.966+0000] {processor.py:183} INFO - Processing /home/airflow/.local/lib/python3.8/site-packages/airflow/example_dags/example_complex.py took 0.147 seconds
[2026-08-20T12:25:42.627+0000] {processor.py:161} INFO - Started process (PID=380) to work on /home/airflow/.local/lib/python3.8/site-packages/airflow/example_dags/example_complex.py
[2026-08-20T12:25:42.628+0000] {processor.py:830} INFO - Processing file /home/airflow/.local/lib/python3.8/site-packages/airflow/example_dags/example_complex.py for tasks to queue
[2026-08-20T12:25:42.630+0000] {logging_mixin.py:188} INFO - [2026-08-20T12:25:42.630+0000] {dagbag.py:538} INFO - Filling up the DagBag from /home/airflow/.local/lib/python3.8/site-packages/airflow/example_dags/example_complex.py
[2026-08-20T12:25:42.641+0000] {processor.py:840} INFO - DAG(s) 'example_complex' retrieved from /home/airflow/.local/lib/python3.8/site-packages/airflow/example_dags/example_complex.py
[2026-08-20T12:25:42.750+0000] {logging_mixin.py:188} INFO - [2026-08-20T12:25:42.750+0000] {dag.py:3036} INFO - Sync 1 DAGs
[2026-08-20T12:25:42.759+0000] {logging_mixin.py:188} INFO - [2026-08-20T12:25:42.759+0000] {dag.py:3823} INFO - Setting next_dagrun for example_complex to None, run_after=None
[2026-08-20T12:25:42.882+0000] {processor.py:183} INFO - Processing /home/airflow/.local/lib/python3.8/site-packages/airflow/example_dags/example_complex.py took 0.259 seconds
[2026-08-20T12:26:13.777+0000] {processor.py:161} INFO - Started process (PID=465) to work on /home/airflow/.local/lib/python3.8/site-packages/airflow/example_dags/example_complex.py
[2026-08-20T12:26:13.778+0000] {processor.py:830} INFO - Processing file /home/airflow/.local/lib/python3.8/site-packages/airflow/example_dags/example_complex.py for tasks to queue
[2026-08-20T12:26:13.781+0000] {logging_mixin.py:188} INFO - [2026-08-20T12:26:13.781+0000] {dagbag.py:538} INFO - Filling up the DagBag from /home/airflow/.local/lib/python3.8/site-packages/airflow/example_dags/example_complex.py
[2026-08-20T12:26:13.794+0000] {processor.py:840} INFO - DAG(s) 'example_complex' retrieved from /home/airflow/.local/lib/python3.8/site-packages/airflow/example_dags/example_complex.py
[2026-08-20T12:26:13.829+0000] {logging_mixin.py:188} INFO - [2026-08-20T12:26:13.828+0000] {dag.py:3036} INFO - Sync 1 DAGs
[2026-08-20T12:26:13.847+0000] {logging_mixin.py:188} INFO - [2026-08-20T12:26:13.846+0000] {dag.py:3823} INFO - Setting next_dagrun for example_complex to None, run_after=None
[2026-08-20T12:26:13.873+0000] {processor.py:183} INFO - Processing /home/airflow/.local/lib/python3.8/site-packages/airflow/example_dags/example_complex.py took 0.101 seconds
[2026-08-20T12:26:46.582+0000] {processor.py:161} INFO - Started process (PID=554) to work on /home/airflow/.local/lib/python3.8/site-packages/airflow/example_dags/example_complex.py
[2026-08-20T12:26:46.584+0000] {processor.py:830} INFO - Processing file /home/airflow/.local/lib/python3.8/site-packages/airflow/example_dags/example_complex.py for tasks to queue
[2026-08-20T12:26:46.588+0000] {logging_mixin.py:188} INFO - [2026-08-20T12:26:46.587+0000] {dagbag.py:538} INFO - Filling up the DagBag from /home/airflow/.local/lib/python3.8/site-packages/airflow/example_dags/example_complex.py
[2026-08-20T12:26:46.610+0000] {processor.py:840} INFO - DAG(s) 'example_complex' retrieved from /home/airflow/.local/lib/python3.8/site-packages/airflow/example_dags/example_complex.py
[2026-08-20T12:26:46.662+0000] {logging_mixin.py:188} INFO - [2026-08-20T12:26:46.661+0000] {dag.py:3036} INFO - Sync 1 DAGs
[2026-08-20T12:26:46.691+0000] {logging_mixin.py:188} INFO - [2026-08-20T12:26:46.691+0000] {dag.py:3823} INFO - Setting next_dagrun for example_complex to None, run_after=None
[2026-08-20T12:26:46.727+0000] {processor.py:183} INFO - Processing /home/airflow/.local/lib/python3.8/site-packages/airflow/example_dags/example_complex.py took 0.152 seconds
[2026-08-20T12:27:16.884+0000] {processor.py:161} INFO - Started process (PID=640) to work on /home/airflow/.local/lib/python3.8/site-packages/airflow/example_dags/example_complex.py
[2026-08-20T12:27:16.885+0000] {processor.py:830} INFO - Processing file /home/airflow/.local/lib/python3.8/site-packages/airflow/example_dags/example_complex.py for tasks to queue
[2026-08-20T12:27:16.887+0000] {logging_mixin.py:188} INFO - [2026-08-20T12:27:16.887+0000] {dagbag.py:538} INFO - Filling up the DagBag from /home/airflow/.local/lib/python3.8/site-packages/airflow/example_dags/example_complex.py
[2026-08-20T12:27:16.897+0000] {processor.py:840} INFO - DAG(s) 'example_complex' retrieved from /home/airflow/.local/lib/python3.8/site-packages/airflow/example_dags/example_complex.py
[2026-08-20T12:27:16.927+0000] {logging_mixin.py:188} INFO - [2026-08-20T12:27:16.927+0000] {dag.py:3036} INFO - Sync 1 DAGs
[2026-08-20T12:27:16.942+0000] {logging_mixin.py:188} INFO - [2026-08-20T12:27:16.942+0000] {dag.py:3823} INFO - Setting next_dagrun for example_complex to None, run_after=None
[2026-08-20T12:27:16.970+0000] {processor.py:183} INFO - Processing /home/airflow/.local/lib/python3.8/site-packages/airflow/example_dags/example_complex.py took 0.091 seconds
[2026-08-20T12:27:50.125+0000] {processor.py:161} INFO - Started process (PID=731) to work on /home/airflow/.local/lib/python3.8/site-packages/airflow/example_dags/example_complex.py
[2026-08-20T12:27:50.127+0000] {processor.py:830} INFO - Processing file /home/airflow/.local/lib/python3.8/site-packages/airflow/example_dags/example_complex.py for tasks to queue
[2026-08-20T12:27:50.131+0000] {logging_mixin.py:188} INFO - [2026-08-20T12:27:50.131+0000] {dagbag.py:538} INFO - Filling up the DagBag from /home/airflow/.local/lib/python3.8/site-packages/airflow/example_dags/example_complex.py
[2026-08-20T12:27:50.157+0000] {processor.py:840} INFO - DAG(s) 'example_complex' retrieved from /home/airflow/.local/lib/python3.8/site-packages/airflow/example_dags/example_complex.py
[2026-08-20T12:27:50.213+0000] {logging_mixin.py:188} INFO - [2026-08-20T12:27:50.213+0000] {dag.py:3036} INFO - Sync 1 DAGs
[2026-08-20T12:27:50.237+0000] {logging_mixin.py:188} INFO - [2026-08-20T12:27:50.237+0000] {dag.py:3823} INFO - Setting next_dagrun for example_complex to None, run_after=None
[2026-08-20T12:27:50.301+0000] {processor.py:183} INFO - Processing /home/airflow/.local/lib/python3.8/site-packages/airflow/example_dags/example_complex.py took 0.186 seconds
[2026-08-20T12:28:20.416+0000] {processor.py:161} INFO - Started process (PID=820) to work on /home/airflow/.local/lib/python3.8/site-packages/airflow/example_dags/example_complex.py
[2026-08-20T12:28:20.417+0000] {processor.py:830} INFO - Processing file /home/airflow/.local/lib/python3.8/site-packages/airflow/example_dags/example_complex.py for tasks to queue
[2026-08-20T12:28:20.420+0000] {logging_mixin.py:188} INFO - [2026-08-20T12:28:20.420+0000] {dagbag.py:538} INFO - Filling up the DagBag from /home/airflow/.local/lib/python3.8/site-packages/airflow/example_dags/example_complex.py
[2026-08-20T12:28:20.433+0000] {processor.py:840} INFO - DAG(s) 'example_complex' retrieved from /home/airflow/.local/lib/python3.8/site-packages/airflow/example_dags/example_complex.py
[2026-08-20T12:28:20.469+0000] {logging_mixin.py:188} INFO - [2026-08-20T12:28:20.469+0000] {dag.py:3036} INFO - Sync 1 DAGs
[2026-08-20T12:28:20.482+0000] {logging_mixin.py:188} INFO - [2026-08-20T12:28:20.482+0000] {dag.py:3823} INFO - Setting next_dagrun for example_complex to None, run_after=None
[2026-08-20T12:28:20.505+0000] {processor.py:183} INFO - Processing /home/airflow/.local/lib/python3.8/site-packages/airflow/example_dags/example_complex.py took 0.093 seconds
[2026-08-20T12:28:51.187+0000] {processor.py:161} INFO - Started process (PID=906) to work on /home/airflow/.local/lib/python3.8/site-packages/airflow/example_dags/example_complex.py
[2026-08-20T12:28:51.188+0000] {processor.py:830} INFO - Processing file /home/airflow/.local/lib/python3.8/site-packages/airflow/example_dags/example_complex.py for tasks to queue
[2026-08-20T12:28:51.190+0000] {logging_mixin.py:188} INFO - [2026-08-20T12:28:51.190+0000] {dagbag.py:538} INFO - Filling up the DagBag from /home/airflow/.local/lib/python3.8/site-packages/airflow/example_dags/example_complex.py
[2026-08-20T12:28:51.200+0000] {processor.py:840} INFO - DAG(s) 'example_complex' retrieved from /home/airflow/.local/lib/python3.8/site-packages/airflow/example_dags/example_complex.py
[2026-08-20T12:28:51.231+0000] {logging_mixin.py:188} INFO - [2026-08-20T12:28:51.231+0000] {dag.py:3036} INFO - Sync 1 DAGs
[2026-08-20T12:28:51.243+0000] {logging_mixin.py:188} INFO - [2026-08-20T12:28:51.243+0000] {dag.py:3823} INFO - Setting next_dagrun for example_complex to None, run_after=None
[2026-08-20T12:28:51.298+0000] {processor.py:183} INFO - Processing /home/airflow/.local/lib/python3.8/site-packages/airflow/example_dags/example_complex.py took 0.115 seconds
[2026-08-20T12:29:22.343+0000] {processor.py:161} INFO - Started process (PID=992) to work on /home/airflow/.local/lib/python3.8/site-packages/airflow/example_dags/example_complex.py
[2026-08-20T12:29:22.344+0000] {processor.py:830} INFO - Processing file /home/airflow/.local/lib/python3.8/site-packages/airflow/example_dags/example_complex.py for tasks to queue
[2026-08-20T12:29:22.347+0000] {logging_mixin.py:188} INFO - [2026-08-20T12:29:22.347+0000] {dagbag.py:538} INFO - Filling up the DagBag from /home/airflow/.local/lib/python3.8/site-packages/airflow/example_dags/example_complex.py
[2026-08-20T12:29:22.361+0000] {processor.py:840} INFO - DAG(s) 'example_complex' retrieved from /home/airflow/.local/lib/python3.8/site-packages/airflow/example_dags/example_complex.py
[2026-08-20T12:29:22.576+0000] {logging_mixin.py:188} INFO - [2026-08-20T12:29:22.575+0000] {dag.py:3036} INFO - Sync 1 DAGs
[2026-08-20T12:29:22.593+0000] {logging_mixin.py:188} INFO - [2026-08-20T12:29:22.592+0000] {dag.py:3823} INFO - Setting next_dagrun for example_complex to None, run_after=None
[2026-08-20T12:29:22.622+0000] {processor.py:183} INFO - Processing /home/airflow/.local/lib/python3.8/site-packages/airflow/example_dags/example_complex.py took 0.282 seconds
[2026-08-20T12:29:53.655+0000] {processor.py:161} INFO - Started process (PID=1080) to work on /home/airflow/.local/lib/python3.8/site-packages/airflow/example_dags/example_complex.py
[2026-08-20T12:29:53.657+0000] {processor.py:830} INFO - Processing file /home/airflow/.local/lib/python3.8/site-packages/airflow/example_dags/example_complex.py for tasks to queue
[2026-08-20T12:29:53.660+0000] {logging_mixin.py:188} INFO - [2026-08-20T12:29:53.660+0000] {dagbag.py:538} INFO - Filling up the DagBag from /home/airflow/.local/lib/python3.8/site-packages/airflow/example_dags/example_complex.py
[2026-08-20T12:29:53.676+0000] {processor.py:840} INFO - DAG(s) 'example_complex' retrieved from /home/airflow/.local/lib/python3.8/site-packages/airflow/example_dags/example_complex.py
[2026-08-20T12:29:53.720+0000] {logging_mixin.py:188} INFO - [2026-08-20T12:29:53.720+0000] {dag.py:3036} INFO - Sync 1 DAGs
[2026-08-20T12:29:53.742+0000] {logging_mixin.py:188} INFO - [2026-08-20T12:29:53.742+0000] {dag.py:3823} INFO - Setting next_dagrun for example_complex to None, run_after=None
[2026-08-20T12:29:53.779+0000] {processor.py:183} INFO - Processing /home/airflow/.local/lib/python3.8/site-packages/airflow/example_dags/example_complex.py took 0.128 seconds
[2026-08-20T12:30:24.505+0000] {processor.py:161} INFO - Started process (PID=1166) to work on /home/airflow/.local/lib/python3.8/site-packages/airflow/example_dags/example_complex.py
[2026-08-20T12:30:24.507+0000] {processor.py:830} INFO - Processing file /home/airflow/.local/lib/python3.8/site-packages/airflow/example_dags/example_complex.py for tasks to queue
[2026-08-20T12:30:24.509+0000] {logging_mixin.py:188} INFO - [2026-08-20T12:30:24.508+0000] {dagbag.py:538} INFO - Filling up the DagBag from /home/airflow/.local/lib/python3.8/site-packages/airflow/example_dags/example_complex.py
[2026-08-20T12:30:24.519+0000] {processor.py:840} INFO - DAG(s) 'example_complex' retrieved from /home/airflow/.local/lib/python3.8/site-packages/airflow/example_dags/example_complex.py
[2026-08-20T12:30:24.547+0000] {logging_mixin.py:188} INFO - [2026-08-20T12:30:24.547+0000] {dag.py:3036} INFO - Sync 1 DAGs
[2026-08-20T12:30:24.558+0000] {logging_mixin.py:188} INFO - [2026-08-20T12:30:24.558+0000] {dag.py:3823} INFO - Setting next_dagrun for example_complex to None, run_after=None
[2026-08-20T12:30:24.621+0000] {processor.py:183} INFO - Processing /home/airflow/.local/lib/python3.8/site-packages/airflow/example_dags/example_complex.py took 0.120 seconds
[2026-08-20T12:30:55.142+0000] {processor.py:161} INFO - Started process (PID=1252) to work on /home/airflow/.local/lib/python3.8/site-packages/airflow/example_dags/example_complex.py
[2026-08-20T12:30:55.144+0000] {processor.py:830} INFO - Processing file /home/airflow/.local/lib/python3.8/site-packages/airflow/example_dags/example_complex.py for tasks to queue
[2026-08-20T12:30:55.147+0000] {logging_mixin.py:188} INFO - [2026-08-20T12:30:55.146+0000] {dagbag.py:538} INFO - Filling up the DagBag from /home/airflow/.local/lib/python3.8/site-packages/airflow/example_dags/example_complex.py
[2026-08-20T12:30:55.164+0000] {processor.py:840} INFO - DAG(s) 'example_complex' retrieved from /home/airflow/.local/lib/python3.8/site-packages/airflow/example_dags/example_complex.py
[2026-08-20T12:30:55.199+0000] {logging_mixin.py:188} INFO - [2026-08-20T12:30:55.198+0000] {dag.py:3036} INFO - Sync 1 DAGs
[2026-08-20T12:30:55.214+0000] {logging_mixin.py:188} INFO - [2026-08-20T12:30:55.214+0000] {dag.py:3823} INFO - Setting next_dagrun for example_complex to None, run_after=None
[2026-08-20T12:30:55.302+0000] {processor.py:183} INFO - Processing /home/airflow/.local/lib/python3.8/site-packages/airflow/example_dags/example_complex.py took 0.164 seconds
[2026-08-20T12:31:25.927+0000] {processor.py:161} INFO - Started process (PID=1338) to work on /home/airflow/.local/lib/python3.8/site-packages/airflow/example_dags/example_complex.py
[2026-08-20T12:31:25.929+0000] {processor.py:830} INFO - Processing file /home/airflow/.local/lib/python3.8/site-packages/airflow/example_dags/example_complex.py for tasks to queue
[2026-08-20T12:31:25.931+0000] {logging_mixin.py:188} INFO - [2026-08-20T12:31:25.930+0000] {dagbag.py:538} INFO - Filling up the DagBag from /home/airflow/.local/lib/python3.8/site-packages/airflow/example_dags/example_complex.py
[2026-08-20T12:31:25.941+0000] {processor.py:840} INFO - DAG(s) 'example_complex' retrieved from /home/airflow/.local/lib/python3.8/site-packages/airflow/example_dags/example_complex.py
[2026-08-20T12:31:25.969+0000] {logging_mixin.py:188} INFO - [2026-08-20T12:31:25.969+0000] {dag.py:3036} INFO - Sync 1 DAGs
[2026-08-20T12:31:25.981+0000] {logging_mixin.py:188} INFO - [2026-08-20T12:31:25.980+0000] {dag.py:3823} INFO - Setting next_dagrun for example_complex to None, run_after=None
[2026-08-20T12:31:26.036+0000] {processor.py:183} INFO - Processing /home/airflow/.local/lib/python3.8/site-packages/airflow/example_dags/example_complex.py took 0.113 seconds
[2026-08-20T12:31:56.850+0000] {processor.py:161} INFO - Started process (PID=1424) to work on /home/airflow/.local/lib/python3.8/site-packages/airflow/example_dags/example_complex.py
[2026-08-20T12:31:56.851+0000] {processor.py:830} INFO - Processing file /home/airflow/.local/lib/python3.8/site-packages/airflow/example_dags/example_complex.py for tasks to queue
[2026-08-20T12:31:56.855+0000] {logging_mixin.py:188} INFO - [2026-08-20T12:31:56.854+0000] {dagbag.py:538} INFO - Filling up the DagBag from /home/airflow/.local/lib/python3.8/site-packages/airflow/example_dags/example_complex.py
[2026-08-20T12:31:56.868+0000] {processor.py:840} INFO - DAG(s) 'example_complex' retrieved from /home/airflow/.local/lib/python3.8/site-packages/airflow/example_dags/example_complex.py
[2026-08-20T12:31:56.902+0000] {logging_mixin.py:188} INFO - [2026-08-20T12:31:56.902+0000] {dag.py:3036} INFO - Sync 1 DAGs
[2026-08-20T12:31:56.915+0000] {logging_mixin.py:188} INFO - [2026-08-20T12:31:56.914+0000] {dag.py:3823} INFO - Setting next_dagrun for example_complex to None, run_after=None
[2026-08-20T12:31:56.973+0000] {processor.py:183} INFO - Processing /home/airflow/.local/lib/python3.8/site-packages/airflow/example_dags/example_complex.py took 0.127 seconds
[2026-08-20T12:32:27.471+0000] {processor.py:161} INFO - Started process (PID=1510) to work on /home/airflow/.local/lib/python3.8/site-packages/airflow/example_dags/example_complex.py
[2026-08-20T12:32:27.472+0000] {processor.py:830} INFO - Processing file /home/airflow/.local/lib/python3.8/site-packages/airflow/example_dags/example_complex.py for tasks to queue
[2026-08-20T12:32:27.474+0000] {logging_mixin.py:188} INFO - [2026-08-20T12:32:27.474+0000] {dagbag.py:538} INFO - Filling up the DagBag from /home/airflow/.local/lib/python3.8/site-packages/airflow/example_dags/example_complex.py
[2026-08-20T12:32:27.485+0000] {processor.py:840} INFO - DAG(s) 'example_complex' retrieved from /home/airflow/.local/lib/python3.8/site-packages/airflow/example_dags/example_complex.py
[2026-08-20T12:32:27.526+0000] {logging_mixin.py:188} INFO - [2026-08-20T12:32:27.525+0000] {dag.py:3036} INFO - Sync 1 DAGs
[2026-08-20T12:32:27.550+0000] {logging_mixin.py:188} INFO - [2026-08-20T12:32:27.550+0000] {dag.py:3823} INFO - Setting next_dagrun for example_complex to None, run_after=None
[2026-08-20T12:32:27.593+0000] {processor.py:183} INFO - Processing /home/airflow/.local/lib/python3.8/site-packages/airflow/example_dags/example_complex.py took 0.126 seconds
[2026-08-20T12:32:58.450+0000] {processor.py:161} INFO - Started process (PID=1596) to work on /home/airflow/.local/lib/python3.8/site-packages/airflow/example_dags/example_complex.py
[2026-08-20T12:32:58.451+0000] {processor.py:830} INFO - Processing file /home/airflow/.local/lib/python3.8/site-packages/airflow/example_dags/example_complex.py for tasks to queue
[2026-08-20T12:32:58.454+0000] {logging_mixin.py:188} INFO - [2026-08-20T12:32:58.453+0000] {dagbag.py:538} INFO - Filling up the DagBag from /home/airflow/.local/lib/python3.8/site-packages/airflow/example_dags/example_complex.py
[2026-08-20T12:32:58.464+0000] {processor.py:840} INFO - DAG(s) 'example_complex' retrieved from /home/airflow/.local/lib/python3.8/site-packages/airflow/example_dags/example_complex.py
[2026-08-20T12:32:58.495+0000] {logging_mixin.py:188} INFO - [2026-08-20T12:32:58.495+0000] {dag.py:3036} INFO - Sync 1 DAGs
[2026-08-20T12:32:58.508+0000] {logging_mixin.py:188} INFO - [2026-08-20T12:32:58.507+0000] {dag.py:3823} INFO - Setting next_dagrun for example_complex to None, run_after=None
[2026-08-20T12:32:58.532+0000] {processor.py:183} INFO - Processing /home/airflow/.local/lib/python3.8/site-packages/airflow/example_dags/example_complex.py took 0.086 seconds
[2026-08-20T12:33:28.956+0000] {processor.py:161} INFO - Started process (PID=1683) to work on /home/airflow/.local/lib/python3.8/site-packages/airflow/example_dags/example_complex.py
[2026-08-20T12:33:28.957+0000] {processor.py:830} INFO - Processing file /home/airflow/.local/lib/python3.8/site-packages/airflow/example_dags/example_complex.py for tasks to queue
[2026-08-20T12:33:28.960+0000] {logging_mixin.py:188} INFO - [2026-08-20T12:33:28.959+0000] {dagbag.py:538} INFO - Filling up the DagBag from /home/airflow/.local/lib/python3.8/site-packages/airflow/example_dags/example_complex.py
[2026-08-20T12:33:28.970+0000] {processor.py:840} INFO - DAG(s) 'example_complex' retrieved from /home/airflow/.local/lib/python3.8/site-packages/airflow/example_dags/example_complex.py
[2026-08-20T12:33:29.000+0000] {logging_mixin.py:188} INFO - [2026-08-20T12:33:28.999+0000] {dag.py:3036} INFO - Sync 1 DAGs
[2026-08-20T12:33:29.015+0000] {logging_mixin.py:188} INFO - [2026-08-20T12:33:29.015+0000] {dag.py:3823} INFO - Setting next_dagrun for example_complex to None, run_after=None
[2026-08-20T12:33:29.036+0000] {processor.py:183} INFO - Processing /home/airflow/.local/lib/python3.8/site-packages/airflow/example_dags/example_complex.py took 0.084 seconds
[2026-08-20T12:33:59.850+0000] {processor.py:161} INFO - Started process (PID=1769) to work on /home/airflow/.local/lib/python3.8/site-packages/airflow/example_dags/example_complex.py
[2026-08-20T12:33:59.852+0000] {processor.py:830} INFO - Processing file /home/airflow/.local/lib/python3.8/site-packages/airflow/example_dags/example_complex.py for tasks to queue
[2026-08-20T12:33:59.855+0000] {logging_mixin.py:188} INFO - [2026-08-20T12:33:59.854+0000] {dagbag.py:538} INFO - Filling up the DagBag from /home/airflow/.local/lib/python3.8/site-packages/airflow/example_dags/example_complex.py
[2026-08-20T12:33:59.871+0000] {processor.py:840} INFO - DAG(s) 'example_complex' retrieved from /home/airflow/.local/lib/python3.8/site-packages/airflow/example_dags/example_complex.py
[2026-08-20T12:33:59.918+0000] {logging_mixin.py:188} INFO - [2026-08-20T12:33:59.918+0000] {dag.py:3036} INFO - Sync 1 DAGs
[2026-08-20T12:33:59.939+0000] {logging_mixin.py:188} INFO - [2026-08-20T12:33:59.939+0000] {dag.py:3823} INFO - Setting next_dagrun for example_complex to None, run_after=None
[2026-08-20T12:33:59.970+0000] {processor.py:183} INFO - Processing /home/airflow/.local/lib/python3.8/site-packages/airflow/example_dags/example_complex.py took 0.127 seconds
[2026-08-20T12:34:30.608+0000] {processor.py:161} INFO - Started process (PID=1855) to work on /home/airflow/.local/lib/python3.8/site-packages/airflow/example_dags/example_complex.py
[2026-08-20T12:34:30.610+0000] {processor.py:830} INFO - Processing file /home/airflow/.local/lib/python3.8/site-packages/airflow/example_dags/example_complex.py for tasks to queue
[2026-08-20T12:34:30.612+0000] {logging_mixin.py:188} INFO - [2026-08-20T12:34:30.611+0000] {dagbag.py:538} INFO - Filling up the DagBag from /home/airflow/.local/lib/python3.8/site-packages/airflow/example_dags/example_complex.py
[2026-08-20T12:34:30.622+0000] {processor.py:840} INFO - DAG(s) 'example_complex' retrieved from /home/airflow/.local/lib/python3.8/site-packages/airflow/example_dags/example_complex.py
[2026-08-20T12:34:30.652+0000] {logging_mixin.py:188} INFO - [2026-08-20T12:34:30.652+0000] {dag.py:3036} INFO - Sync 1 DAGs
[2026-08-20T12:34:30.665+0000] {logging_mixin.py:188} INFO - [2026-08-20T12:34:30.665+0000] {dag.py:3823} INFO - Setting next_dagrun for example_complex to None, run_after=None
[2026-08-20T12:34:30.687+0000] {processor.py:183} INFO - Processing /home/airflow/.local/lib/python3.8/site-packages/airflow/example_dags/example_complex.py took 0.082 seconds
[2026-08-20T12:35:00.832+0000] {processor.py:161} INFO - Started process (PID=1940) to work on /home/airflow/.local/lib/python3.8/site-packages/airflow/example_dags/example_complex.py
[2026-08-20T12:35:00.833+0000] {processor.py:830} INFO - Processing file /home/airflow/.local/lib/python3.8/site-packages/airflow/example_dags/example_complex.py for tasks to queue
[2026-08-20T12:35:00.836+0000] {logging_mixin.py:188} INFO - [2026-08-20T12:35:00.835+0000] {dagbag.py:538} INFO - Filling up the DagBag from /home/airflow/.local/lib/python3.8/site-packages/airflow/example_dags/example_complex.py
[2026-08-20T12:35:00.847+0000] {processor.py:840} INFO - DAG(s) 'example_complex' retrieved from /home/airflow/.local/lib/python3.8/site-packages/airflow/example_dags/example_complex.py
[2026-08-20T12:35:00.876+0000] {logging_mixin.py:188} INFO - [2026-08-20T12:35:00.875+0000] {dag.py:3036} INFO - Sync 1 DAGs
[2026-08-20T12:35:00.889+0000] {logging_mixin.py:188} INFO - [2026-08-20T12:35:00.888+0000] {dag.py:3823} INFO - Setting next_dagrun for example_complex to None, run_after=None
[2026-08-20T12:35:00.911+0000] {processor.py:183} INFO - Processing /home/airflow/.local/lib/python3.8/site-packages/airflow/example_dags/example_complex.py took 0.084 seconds
[2026-08-20T12:35:31.881+0000] {processor.py:161} INFO - Started process (PID=2027) to work on /home/airflow/.local/lib/python3.8/site-packages/airflow/example_dags/example_complex.py
[2026-08-20T12:35:31.883+0000] {processor.py:830} INFO - Processing file /home/airflow/.local/lib/python3.8/site-packages/airflow/example_dags/example_complex.py for tasks to queue
[2026-08-20T12:35:31.885+0000] {logging_mixin.py:188} INFO - [2026-08-20T12:35:31.885+0000] {dagbag.py:538} INFO - Filling up the DagBag from /home/airflow/.local/lib/python3.8/site-packages/airflow/example_dags/example_complex.py
[2026-08-20T12:35:31.895+0000] {processor.py:840} INFO - DAG(s) 'example_complex' retrieved from /home/airflow/.local/lib/python3.8/site-packages/airflow/example_dags/example_complex.py
[2026-08-20T12:35:31.927+0000] {logging_mixin.py:188} INFO - [2026-08-20T12:35:31.927+0000] {dag.py:3036} INFO - Sync 1 DAGs
[2026-08-20T12:35:31.948+0000] {logging_mixin.py:188} INFO - [2026-08-20T12:35:31.948+0000] {dag.py:3823} INFO - Setting next_dagrun for example_complex to None, run_after=None
[2026-08-20T12:35:31.977+0000] {processor.py:183} INFO - Processing /home/airflow/.local/lib/python3.8/site-packages/airflow/example_dags/example_complex.py took 0.102 seconds
[2026-08-20T12:36:02.576+0000] {processor.py:161} INFO - Started process (PID=2113) to work on /home/airflow/.local/lib/python3.8/site-packages/airflow/example_dags/example_complex.py
[2026-08-20T12:36:02.578+0000] {processor.py:830} INFO - Processing file /home/airflow/.local/lib/python3.8/site-packages/airflow/example_dags/example_complex.py for tasks to queue
[2026-08-20T12:36:02.580+0000] {logging_mixin.py:188} INFO - [2026-08-20T12:36:02.580+0000] {dagbag.py:538} INFO - Filling up the DagBag from /home/airflow/.local/lib/python3.8/site-packages/airflow/example_dags/example_complex.py
[2026-08-20T12:36:02.591+0000] {processor.py:840} INFO - DAG(s) 'example_complex' retrieved from /home/airflow/.local/lib/python3.8/site-packages/airflow/example_dags/example_complex.py
[2026-08-20T12:36:02.623+0000] {logging_mixin.py:188} INFO - [2026-08-20T12:36:02.623+0000] {dag.py:3036} INFO - Sync 1 DAGs
[2026-08-20T12:36:02.637+0000] {logging_mixin.py:188} INFO - [2026-08-20T12:36:02.636+0000] {dag.py:3823} INFO - Setting next_dagrun for example_complex to None, run_after=None
[2026-08-20T12:36:02.659+0000] {processor.py:183} INFO - Processing /home/airflow/.local/lib/python3.8/site-packages/airflow/example_dags/example_complex.py took 0.088 seconds
[2026-08-20T12:36:33.585+0000] {processor.py:161} INFO - Started process (PID=2199) to work on /home/airflow/.local/lib/python3.8/site-packages/airflow/example_dags/example_complex.py
[2026-08-20T12:36:33.586+0000] {processor.py:830} INFO - Processing file /home/airflow/.local/lib/python3.8/site-packages/airflow/example_dags/example_complex.py for tasks to queue
[2026-08-20T12:36:33.588+0000] {logging_mixin.py:188} INFO - [2026-08-20T12:36:33.588+0000] {dagbag.py:538} INFO - Filling up the DagBag from /home/airflow/.local/lib/python3.8/site-packages/airflow/example_dags/example_complex.py
[2026-08-20T12:36:33.600+0000] {processor.py:840} INFO - DAG(s) 'example_complex' retrieved from /home/airflow/.local/lib/python3.8/site-packages/airflow/example_dags/example_complex.py
[2026-08-20T12:36:33.636+0000] {logging_mixin.py:188} INFO - [2026-08-20T12:36:33.636+0000] {dag.py:3036} INFO - Sync 1 DAGs
[2026-08-20T12:36:33.652+0000] {logging_mixin.py:188} INFO - [2026-08-20T12:36:33.651+0000] {dag.py:3823} INFO - Setting next_dagrun for example_complex to None, run_after=None
[2026-08-20T12:36:33.675+0000] {processor.py:183} INFO - Processing /home/airflow/.local/lib/python3.8/site-packages/airflow/example_dags/example_complex.py took 0.093 seconds
[2026-08-20T12:37:04.442+0000] {processor.py:161} INFO - Started process (PID=2286) to work on /home/airflow/.local/lib/python3.8/site-packages/airflow/example_dags/example_complex.py
[2026-08-20T12:37:04.443+0000] {processor.py:830} INFO - Processing file /home/airflow/.local/lib/python3.8/site-packages/airflow/example_dags/example_complex.py for tasks to queue
[2026-08-20T12:37:04.445+0000] {logging_mixin.py:188} INFO - [2026-08-20T12:37:04.445+0000] {dagbag.py:538} INFO - Filling up the DagBag from /home/airflow/.local/lib/python3.8/site-packages/airflow/example_dags/example_complex.py
[2026-08-20T12:37:04.457+0000] {processor.py:840} INFO - DAG(s) 'example_complex' retrieved from /home/airflow/.local/lib/python3.8/site-packages/airflow/example_dags/example_complex.py
[2026-08-20T12:37:04.486+0000] {logging_mixin.py:188} INFO - [2026-08-20T12:37:04.486+0000] {dag.py:3036} INFO - Sync 1 DAGs
[2026-08-20T12:37:04.500+0000] {logging_mixin.py:188} INFO - [2026-08-20T12:37:04.500+0000] {dag.py:3823} INFO - Setting next_dagrun for example_complex to None, run_after=None
[2026-08-20T12:37:04.521+0000] {processor.py:183} INFO - Processing /home/airflow/.local/lib/python3.8/site-packages/airflow/example_dags/example_complex.py took 0.082 seconds
[2026-08-20T12:37:34.675+0000] {processor.py:161} INFO - Started process (PID=2370) to work on /home/airflow/.local/lib/python3.8/site-packages/airflow/example_dags/example_complex.py
[2026-08-20T12:37:34.677+0000] {processor.py:830} INFO - Processing file /home/airflow/.local/lib/python3.8/site-packages/airflow/example_dags/example_complex.py for tasks to queue
[2026-08-20T12:37:34.679+0000] {logging_mixin.py:188} INFO - [2026-08-20T12:37:34.679+0000] {dagbag.py:538} INFO - Filling up the DagBag from /home/airflow/.local/lib/python3.8/site-packages/airflow/example_dags/example_complex.py
[2026-08-20T12:37:34.698+0000] {processor.py:840} INFO - DAG(s) 'example_complex' retrieved from /home/airflow/.local/lib/python3.8/site-packages/airflow/example_dags/example_complex.py
[2026-08-20T12:37:34.747+0000] {logging_mixin.py:188} INFO - [2026-08-20T12:37:34.747+0000] {dag.py:3036} INFO - Sync 1 DAGs
[2026-08-20T12:37:34.762+0000] {logging_mixin.py:188} INFO - [2026-08-20T12:37:34.762+0000] {dag.py:3823} INFO - Setting next_dagrun for example_complex to None, run_after=None
[2026-08-20T12:37:34.780+0000] {processor.py:183} INFO - Processing /home/airflow/.local/lib/python3.8/site-packages/airflow/example_dags/example_complex.py took 0.110 seconds
[2026-08-20T12:38:05.255+0000] {processor.py:161} INFO - Started process (PID=2456) to work on /home/airflow/.local/lib/python3.8/site-packages/airflow/example_dags/example_complex.py
[2026-08-20T12:38:05.257+0000] {processor.py:830} INFO - Processing file /home/airflow/.local/lib/python3.8/site-packages/airflow/example_dags/example_complex.py for tasks to queue
[2026-08-20T12:38:05.259+0000] {logging_mixin.py:188} INFO - [2026-08-20T12:38:05.259+0000] {dagbag.py:538} INFO - Filling up the DagBag from /home/airflow/.local/lib/python3.8/site-packages/airflow/example_dags/example_complex.py
[2026-08-20T12:38:05.274+0000] {processor.py:840} INFO - DAG(s) 'example_complex' retrieved from /home/airflow/.local/lib/python3.8/site-packages/airflow/example_dags/example_complex.py
[2026-08-20T12:38:05.308+0000] {logging_mixin.py:188} INFO - [2026-08-20T12:38:05.307+0000] {dag.py:3036} INFO - Sync 1 DAGs
[2026-08-20T12:38:05.322+0000] {logging_mixin.py:188} INFO - [2026-08-20T12:38:05.321+0000] {dag.py:3823} INFO - Setting next_dagrun for example_complex to None, run_after=None
[2026-08-20T12:38:05.346+0000] {processor.py:183} INFO - Processing /home/airflow/.local/lib/python3.8/site-packages/airflow/example_dags/example_complex.py took 0.097 seconds
[2026-08-20T12:38:35.935+0000] {processor.py:161} INFO - Started process (PID=2542) to work on /home/airflow/.local/lib/python3.8/site-packages/airflow/example_dags/example_complex.py
[2026-08-20T12:38:35.937+0000] {processor.py:830} INFO - Processing file /home/airflow/.local/lib/python3.8/site-packages/airflow/example_dags/example_complex.py for tasks to queue
[2026-08-20T12:38:35.942+0000] {logging_mixin.py:188} INFO - [2026-08-20T12:38:35.941+0000] {dagbag.py:538} INFO - Filling up the DagBag from /home/airflow/.local/lib/python3.8/site-packages/airflow/example_dags/example_complex.py
[2026-08-20T12:38:35.953+0000] {processor.py:840} INFO - DAG(s) 'example_complex' retrieved from /home/airflow/.local/lib/python3.8/site-packages/airflow/example_dags/example_complex.py
[2026-08-20T12:38:35.998+0000] {logging_mixin.py:188} INFO - [2026-08-20T12:38:35.998+0000] {dag.py:3036} INFO - Sync 1 DAGs
[2026-08-20T12:38:36.016+0000] {logging_mixin.py:188} INFO - [2026-08-20T12:38:36.016+0000] {dag.py:3823} INFO - Setting next_dagrun for example_complex to None, run_after=None
[2026-08-20T12:38:36.045+0000] {processor.py:183} INFO - Processing /home/airflow/.local/lib/python3.8/site-packages/airflow/example_dags/example_complex.py took 0.113 seconds
[2026-08-20T12:39:06.106+0000] {processor.py:161} INFO - Started process (PID=2628) to work on /home/airflow/.local/lib/python3.8/site-packages/airflow/example_dags/example_complex.py
[2026-08-20T12:39:06.108+0000] {processor.py:830} INFO - Processing file /home/airflow/.local/lib/python3.8/site-packages/airflow/example_dags/example_complex.py for tasks to queue
[2026-08-20T12:39:06.110+0000] {logging_mixin.py:188} INFO - [2026-08-20T12:39:06.110+0000] {dagbag.py:538} INFO - Filling up the DagBag from /home/airflow/.local/lib/python3.8/site-packages/airflow/example_dags/example_complex.py
[2026-08-20T12:39:06.122+0000] {processor.py:840} INFO - DAG(s) 'example_complex' retrieved from /home/airflow/.local/lib/python3.8/site-packages/airflow/example_dags/example_complex.py
[2026-08-20T12:39:06.151+0000] {logging_mixin.py:188} INFO - [2026-08-20T12:39:06.151+0000] {dag.py:3036} INFO - Sync 1 DAGs
[2026-08-20T12:39:06.163+0000] {logging_mixin.py:188} INFO - [2026-08-20T12:39:06.163+0000] {dag.py:3823} INFO - Setting next_dagrun for example_complex to None, run_after=None
[2026-08-20T12:39:06.185+0000] {processor.py:183} INFO - Processing /home/airflow/.local/lib/python3.8/site-packages/airflow/example_dags/example_complex.py took 0.083 seconds
[2026-08-20T12:39:36.380+0000] {processor.py:161} INFO - Started process (PID=2714) to work on /home/airflow/.local/lib/python3.8/site-packages/airflow/example_dags/example_complex.py
[2026-08-20T12:39:36.381+0000] {processor.py:830} INFO - Processing file /home/airflow/.local/lib/python3.8/site-packages/airflow/example_dags/example_complex.py for tasks to queue
[2026-08-20T12:39:36.383+0000] {logging_mixin.py:188} INFO - [2026-08-20T12:39:36.383+0000] {dagbag.py:538} INFO - Filling up the DagBag from /home/airflow/.local/lib/python3.8/site-packages/airflow/example_dags/example_complex.py
[2026-08-20T12:39:36.393+0000] {processor.py:840} INFO - DAG(s) 'example_complex' retrieved from /home/airflow/.local/lib/python3.8/site-packages/airflow/example_dags/example_complex.py
[2026-08-20T12:39:36.422+0000] {logging_mixin.py:188} INFO - [2026-08-20T12:39:36.421+0000] {dag.py:3036} INFO - Sync 1 DAGs
[2026-08-20T12:39:36.432+0000] {logging_mixin.py:188} INFO - [2026-08-20T12:39:36.432+0000] {dag.py:3823} INFO - Setting next_dagrun for example_complex to None, run_after=None
[2026-08-20T12:39:36.450+0000] {processor.py:183} INFO - Processing /home/airflow/.local/lib/python3.8/site-packages/airflow/example_dags/example_complex.py took 0.074 seconds
[2026-08-20T12:40:06.986+0000] {processor.py:161} INFO - Started process (PID=2800) to work on /home/airflow/.local/lib/python3.8/site-packages/airflow/example_dags/example_complex.py
[2026-08-20T12:40:06.987+0000] {processor.py:830} INFO - Processing file /home/airflow/.local/lib/python3.8/site-packages/airflow/example_dags/example_complex.py for tasks to queue
[2026-08-20T12:40:06.989+0000] {logging_mixin.py:188} INFO - [2026-08-20T12:40:06.989+0000] {dagbag.py:538} INFO - Filling up the DagBag from /home/airflow/.local/lib/python3.8/site-packages/airflow/example_dags/example_complex.py
[2026-08-20T12:40:07.000+0000] {processor.py:840} INFO - DAG(s) 'example_complex' retrieved from /home/airflow/.local/lib/python3.8/site-packages/airflow/example_dags/example_complex.py
[2026-08-20T12:40:07.031+0000] {logging_mixin.py:188} INFO - [2026-08-20T12:40:07.031+0000] {dag.py:3036} INFO - Sync 1 DAGs
[2026-08-20T12:40:07.043+0000] {logging_mixin.py:188} INFO - [2026-08-20T12:40:07.043+0000] {dag.py:3823} INFO - Setting next_dagrun for example_complex to None, run_after=None
[2026-08-20T12:40:07.064+0000] {processor.py:183} INFO - Processing /home/airflow/.local/lib/python3.8/site-packages/airflow/example_dags/example_complex.py took 0.082 seconds
