[2026-08-20T12:24:26.269+0000] {processor.py:161} INFO - Started process (PID=152) to work on /home/airflow/.local/lib/python3.8/site-packages/airflow/example_dags/example_local_kubernetes_executor.py
[2026-08-20T12:24:26.273+0000] {processor.py:830} INFO - Processing file /home/airflow/.local/lib/python3.8/site-packages/airflow/example_dags/example_local_kubernetes_executor.py for tasks to queue
[2026-08-20T12:24:26.287+0000] {logging_mixin.py:188} INFO - [2026-08-20T12:24:26.286+0000] {dagbag.py:538} INFO - Filling up the DagBag from /home/airflow/.local/lib/python3.8/site-packages/airflow/example_dags/example_local_kubernetes_executor.py
[2026-08-20T12:24:26.409+0000] {processor.py:840} INFO - DAG(s) 'example_local_kubernetes_executor' retrieved from /home/airflow/.local/lib/python3.8/site-packages/airflow/example_dags/example_local_kubernetes_executor.py
[2026-08-20T12:24:27.457+0000] {logging_mixin.py:188} INFO - [2026-08-20T12:24:27.456+0000] {dag.py:3036} INFO - Sync 1 DAGs
[2026-08-20T12:24:27.526+0000] {logging_mixin.py:188} INFO - [2026-08-20T12:24:27.525+0000] {dag.py:3823} INFO - Setting next_dagrun for example_local_kubernetes_executor to None, run_after=None
[2026-08-20T12:24:27.637+0000] {processor.py:183} INFO - Processing /home/airflow/.local/lib/python3.8/site-packages/airflow/example_dags/example_local_kubernetes_executor.py took 1.389 seconds
[2026-08-20T12:25:08.921+0000] {processor.py:161} INFO - Started process (PID=267) to work on /home/airflow/.local/lib/python3.8/site-packages/airflow/example_dags/example_local_kubernetes_executor.py
[2026-08-20T12:25:08.924+0000] {processor.py:830} INFO - Processing file /home/airflow/.local/lib/python3.8/site-packages/airflow/example_dags/example_local_kubernetes_executor.py for tasks to queue
[2026-08-20T12:25:08.929+0000] {logging_mixin.py:188} INFO - [2026-08-20T12:25:08.928+0000] {dagbag.py:538} INFO - Filling up the DagBag from /home/airflow/.local/lib/python3.8/site-packages/airflow/example_dags/example_local_kubernetes_executor.py
[2026-08-20T12:25:08.947+0000] {processor.py:840} INFO - DAG(s) 'example_local_kubernetes_executor' retrieved from /home/airflow/.local/lib/python3.8/site-packages/airflow/example_dags/example_local_kubernetes_executor.py
[2026-08-20T12:25:08.972+0000] {logging_mixin.py:188} INFO - [2026-08-20T12:25:08.971+0000] {dag.py:3036} INFO - Sync 1 DAGs
[2026-08-20T12:25:09.001+0000] {logging_mixin.py:188} INFO - [2026-08-20T12:25:09.000+0000] {dag.py:3823} INFO - Setting next_dagrun for example_local_kubernetes_executor to None, run_after=None
[2026-08-20T12:25:09.044+0000] {processor.py:183} INFO - Processing /home/airflow/.local/lib/python3.8/site-packages/airflow/example_dags/example_local_kubernetes_executor.py took 0.130 seconds
[2026-08-20T12:25:39.534+0000] {processor.py:161} INFO - Started process (PID=354) to work on /home/airflow/.local/lib/python3.8/site-packages/airflow/example_dags/example_local_kubernetes_executor.py
[2026-08-20T12:25:39.535+0000] {processor.py:830} INFO - Processing file /home/airflow/.local/lib/python3.8/site-packages/airflow/example_dags/example_local_kubernetes_executor.py for tasks to queue
[2026-08-20T12:25:39.537+0000] {logging_mixin.py:188} INFO - [2026-08-20T12:25:39.537+0000] {dagbag.py:538} INFO - Filling up the DagBag from /home/airflow/.local/lib/python3.8/site-packages/airflow/example_dags/example_local_kubernetes_executor.py
[2026-08-20T12:25:39.546+0000] {processor.py:840} INFO - DAG(s) 'example_local_kubernetes_executor' retrieved from /home/airflow/.local/lib/python3.8/site-packages/airflow/example_dags/example_local_kubernetes_executor.py
[2026-08-20T12:25:39.703+0000] {logging_mixin.py:188} INFO - [2026-08-20T12:25:39.703+0000] {dag.py:3036} INFO - Sync 1 DAGs
[2026-08-20T12:25:39.714+0000] {logging_mixin.py:188} INFO - [2026-08-20T12:25:39.714+0000] {dag.py:3823} INFO - Setting next_dagrun for example_local_kubernetes_executor to None, run_after=None
[2026-08-20T12:25:39.785+0000] {processor.py:183} INFO - Processing /home/airflow/.local/lib/python3.8/site-packages/airflow/example_dags/example_local_kubernetes_executor.py took 0.255 seconds
[2026-08-20T12:26:10.117+0000] {processor.py:161} INFO - Started process (PID=439) to work on /home/airflow/.local/lib/python3.8/site-packages/airflow/example_dags/example_local_kubernetes_executor.py
[2026-08-20T12:26:10.118+0000] {processor.py:830} INFO - Processing file /home/airflow/.local/lib/python3.8/site-packages/airflow/example_dags/example_local_kubernetes_executor.py for tasks to queue
[2026-08-20T12:26:10.120+0000] {logging_mixin.py:188} INFO - [2026-08-20T12:26:10.120+0000] {dagbag.py:538} INFO - Filling up the DagBag from /home/airflow/.local/lib/python3.8/site-packages/airflow/example_dags/example_local_kubernetes_executor.py
[2026-08-20T12:26:10.131+0000] {processor.py:840} INFO - DAG(s) 'example_local_kubernetes_executor' retrieved from /home/airflow/.local/lib/python3.8/site-packages/airflow/example_dags/example_local_kubernetes_executor.py
[2026-08-20T12:26:10.174+0000] {logging_mixin.py:188} INFO - [2026-08-20T12:26:10.174+0000] {dag.py:3036} INFO - Sync 1 DAGs
[2026-08-20T12:26:10.188+0000] {logging_mixin.py:188} INFO - [2026-08-20T12:26:10.188+0000] {dag.py:3823} INFO - Setting next_dagrun for example_local_kubernetes_executor to None, run_after=None
[2026-08-20T12:26:10.261+0000] {processor.py:183} INFO - Processing /home/airflow/.local/lib/python3.8/site-packages/airflow/example_dags/example_local_kubernetes_executor.py took 0.148 seconds
[2026-08-20T12:26:42.979+0000] {processor.py:161} INFO - Started process (PID=528) to work on /home/airflow/.local/lib/python3.8/site-packages/airflow/example_dags/example_local_kubernetes_executor.py
[2026-08-20T12:26:42.980+0000] {processor.py:830} INFO - Processing file /home/airflow/.local/lib/python3.8/site-packages/airflow/example_dags/example_local_kubernetes_executor.py for tasks to queue
[2026-08-20T12:26:42.983+0000] {logging_mixin.py:188} INFO - [2026-08-20T12:26:42.982+0000] {dagbag.py:538} INFO - Filling up the DagBag from /home/airflow/.local/lib/python3.8/site-packages/airflow/example_dags/example_local_kubernetes_executor.py
[2026-08-20T12:26:42.992+0000] {processor.py:840} INFO - DAG(s) 'example_local_kubernetes_executor' retrieved from /home/airflow/.local/lib/python3.8/site-packages/airflow/example_dags/example_local_kubernetes_executor.py
[2026-08-20T12:26:43.027+0000] {logging_mixin.py:188} INFO - [2026-08-20T12:26:43.027+0000] {dag.py:3036} INFO - Sync 1 DAGs
[2026-08-20T12:26:43.039+0000] {logging_mixin.py:188} INFO - [2026-08-20T12:26:43.039+0000] {dag.py:3823} INFO - Setting next_dagrun for example_local_kubernetes_executor to None, run_after=None
[2026-08-20T12:26:43.961+0000] {processor.py:183} INFO - Processing /home/airflow/.local/lib/python3.8/site-packages/airflow/example_dags/example_local_kubernetes_executor.py took 0.986 seconds
[2026-08-20T12:27:14.034+0000] {processor.py:161} INFO - Started process (PID=614) to work on /home/airflow/.local/lib/python3.8/site-packages/airflow/example_dags/example_local_kubernetes_executor.py
[2026-08-20T12:27:14.035+0000] {processor.py:830} INFO - Processing file /home/airflow/.local/lib/python3.8/site-packages/airflow/example_dags/example_local_kubernetes_executor.py for tasks to queue
[2026-08-20T12:27:14.038+0000] {logging_mixin.py:188} INFO - [2026-08-20T12:27:14.038+0000] {dagbag.py:538} INFO - Filling up the DagBag from /home/airflow/.local/lib/python3.8/site-packages/airflow/example_dags/example_local_kubernetes_executor.py
[2026-08-20T12:27:14.046+0000] {processor.py:840} INFO - DAG(s) 'example_local_kubernetes_executor' retrieved from /home/airflow/.local/lib/python3.8/site-packages/airflow/example_dags/example_local_kubernetes_executor.py
[2026-08-20T12:27:14.083+0000] {logging_mixin.py:188} INFO - [2026-08-20T12:27:14.083+0000] {dag.py:3036} INFO - Sync 1 DAGs
[2026-08-20T12:27:14.095+0000] {logging_mixin.py:188} INFO - [2026-08-20T12:27:14.095+0000] {dag.py:3823} INFO - Setting next_dagrun for example_local_kubernetes_executor to None, run_after=None
[2026-08-20T12:27:14.308+0000] {processor.py:183} INFO - Processing /home/airflow/.local/lib/python3.8/site-packages/airflow/example_dags/example_local_kubernetes_executor.py took 0.278 seconds
[2026-08-20T12:27:44.963+0000] {processor.py:161} INFO - Started process (PID=699) to work on /home/airflow/.local/lib/python3.8/site-packages/airflow/example_dags/example_local_kubernetes_executor.py
[2026-08-20T12:27:44.965+0000] {processor.py:830} INFO - Processing file /home/airflow/.local/lib/python3.8/site-packages/airflow/example_dags/example_local_kubernetes_executor.py for tasks to queue
[2026-08-20T12:27:44.967+0000] {logging_mixin.py:188} INFO - [2026-08-20T12:27:44.966+0000] {dagbag.py:538} INFO - Filling up the DagBag from /home/airflow/.local/lib/python3.8/site-packages/airflow/example_dags/example_local_kubernetes_executor.py
[2026-08-20T12:27:44.975+0000] {processor.py:840} INFO - DAG(s) 'example_local_kubernetes_executor' retrieved from /home/airflow/.local/lib/python3.8/site-packages/airflow/example_dags/example_local_kubernetes_executor.py
[2026-08-20T12:27:45.010+0000] {logging_mixin.py:188} INFO - [2026-08-20T12:27:45.010+0000] {dag.py:3036} INFO - Sync 1 DAGs
[2026-08-20T12:27:45.023+0000] {logging_mixin.py:188} INFO - [2026-08-20T12:27:45.022+0000] {dag.py:3823} INFO - Setting next_dagrun for example_local_kubernetes_executor to None, run_after=None
[2026-08-20T12:27:45.147+0000] {processor.py:183} INFO - Processing /home/airflow/.local/lib/python3.8/site-packages/airflow/example_dags/example_local_kubernetes_executor.py took 0.187 seconds
[2026-08-20T12:28:15.584+0000] {processor.py:161} INFO - Started process (PID=788) to work on /home/airflow/.local/lib/python3.8/site-packages/airflow/example_dags/example_local_kubernetes_executor.py
[2026-08-20T12:28:15.585+0000] {processor.py:830} INFO - Processing file /home/airflow/.local/lib/python3.8/site-packages/airflow/example_dags/example_local_kubernetes_executor.py for tasks to queue
[2026-08-20T12:28:15.588+0000] {logging_mixin.py:188} INFO - [2026-08-20T12:28:15.587+0000] {dagbag.py:538} INFO - Filling up the DagBag from /home/airflow/.local/lib/python3.8/site-packages/airflow/example_dags/example_local_kubernetes_executor.py
[2026-08-20T12:28:15.600+0000] {processor.py:840} INFO - DAG(s) 'example_local_kubernetes_executor' retrieved from /home/airflow/.local/lib/python3.8/site-packages/airflow/example_dags/example_local_kubernetes_executor.py
[2026-08-20T12:28:15.646+0000] {logging_mixin.py:188} INFO - [2026-08-20T12:28:15.645+0000] {dag.py:3036} INFO - Sync 1 DAGs
[2026-08-20T12:28:15.663+0000] {logging_mixin.py:188} INFO - [2026-08-20T12:28:15.663+0000] {dag.py:3823} INFO - Setting next_dagrun for example_local_kubernetes_executor to None, run_after=None
[2026-08-20T12:28:15.727+0000] {processor.py:183} INFO - Processing /home/airflow/.local/lib/python3.8/site-packages/airflow/example_dags/example_local_kubernetes_executor.py took 0.147 seconds
[2026-08-20T12:28:46.083+0000] {processor.py:161} INFO - Started process (PID=874) to work on /home/airflow/.local/lib/python3.8/site-packages/airflow/example_dags/example_local_kubernetes_executor.py
[2026-08-20T12:28:46.084+0000] {processor.py:830} INFO - Processing file /home/airflow/.local/lib/python3.8/site-packages/airflow/example_dags/example_local_kubernetes_executor.py for tasks to queue
[2026-08-20T12:28:46.086+0000] {logging_mixin.py:188} INFO - [2026-08-20T12:28:46.086+0000] {dagbag.py:538} INFO - Filling up the DagBag from /home/airflow/.local/lib/python3.8/site-packages/airflow/example_dags/example_local_kubernetes_executor.py
[2026-08-20T12:28:46.095+0000] {processor.py:840} INFO - DAG(s) 'example_local_kubernetes_executor' retrieved from /home/airflow/.local/lib/python3.8/site-packages/airflow/example_dags/example_local_kubernetes_executor.py
[2026-08-20T12:28:46.130+0000] {logging_mixin.py:188} INFO - [2026-08-20T12:28:46.130+0000] {dag.py:3036} INFO - Sync 1 DAGs
[2026-08-20T12:28:46.142+0000] {logging_mixin.py:188} INFO - [2026-08-20T12:28:46.142+0000] {dag.py:3823} INFO - Setting next_dagrun for example_local_kubernetes_executor to None, run_after=None
[2026-08-20T12:28:46.285+0000] {processor.py:183} INFO - Processing /home/airflow/.local/lib/python3.8/site-packages/airflow/example_dags/example_local_kubernetes_executor.py took 0.206 seconds
[2026-08-20T12:29:16.553+0000] {processor.py:161} INFO - Started process (PID=959) to work on /home/airflow/.local/lib/python3.8/site-packages/airflow/example_dags/example_local_kubernetes_executor.py
[2026-08-20T12:29:16.555+0000] {processor.py:830} INFO - Processing file /home/airflow/.local/lib/python3.8/site-packages/airflow/example_dags/example_local_kubernetes_executor.py for tasks to queue
[2026-08-20T12:29:16.557+0000] {logging_mixin.py:188} INFO - [2026-08-20T12:29:16.556+0000] {dagbag.py:538} INFO - Filling up the DagBag from /home/airflow/.local/lib/python3.8/site-packages/airflow/example_dags/example_local_kubernetes_executor.py
[2026-08-20T12:29:16.565+0000] {processor.py:840} INFO - DAG(s) 'example_local_kubernetes_executor' retrieved from /home/airflow/.local/lib/python3.8/site-packages/airflow/example_dags/example_local_kubernetes_executor.py
[2026-08-20T12:29:16.605+0000] {logging_mixin.py:188} INFO - [2026-08-20T12:29:16.604+0000] {dag.py:3036} INFO - Sync 1 DAGs
[2026-08-20T12:29:16.621+0000] {logging_mixin.py:188} INFO - [2026-08-20T12:29:16.621+0000] {dag.py:3823} INFO - Setting next_dagrun for example_local_kubernetes_executor to None, run_after=None
[2026-08-20T12:29:16.643+0000] {processor.py:183} INFO - Processing /home/airflow/.local/lib/python3.8/site-packages/airflow/example_dags/example_local_kubernetes_executor.py took 0.093 seconds
[2026-08-20T12:29:46.990+0000] {processor.py:161} INFO - Started process (PID=1045) to work on /home/airflow/.local/lib/python3.8/site-packages/airflow/example_dags/example_local_kubernetes_executor.py
[2026-08-20T12:29:46.992+0000] {processor.py:830} INFO - Processing file /home/airflow/.local/lib/python3.8/site-packages/airflow/example_dags/example_local_kubernetes_executor.py for tasks to queue
[2026-08-20T12:29:46.995+0000] {logging_mixin.py:188} INFO - [2026-08-20T12:29:46.994+0000] {dagbag.py:538} INFO - Filling up the DagBag from /home/airflow/.local/lib/python3.8/site-packages/airflow/example_dags/example_local_kubernetes_executor.py
[2026-08-20T12:29:47.006+0000] {processor.py:840} INFO - DAG(s) 'example_local_kubernetes_executor' retrieved from /home/airflow/.local/lib/python3.8/site-packages/airflow/example_dags/example_local_kubernetes_executor.py
[2026-08-20T12:29:47.068+0000] {logging_mixin.py:188} INFO - [2026-08-20T12:29:47.068+0000] {dag.py:3036} INFO - Sync 1 DAGs
[2026-08-20T12:29:47.090+0000] {logging_mixin.py:188} INFO - [2026-08-20T12:29:47.089+0000] {dag.py:3823} INFO - Setting next_dagrun for example_local_kubernetes_executor to None, run_after=None
[2026-08-20T12:29:47.127+0000] {processor.py:183} INFO - Processing /home/airflow/.local/lib/python3.8/site-packages/airflow/example_dags/example_local_kubernetes_executor.py took 0.141 seconds
[2026-08-20T12:30:18.094+0000] {processor.py:161} INFO - Started process (PID=1132) to work on /home/airflow/.local/lib/python3.8/site-packages/airflow/example_dags/example_local_kubernetes_executor.py
[2026-08-20T12:30:18.095+0000] {processor.py:830} INFO - Processing file /home/airflow/.local/lib/python3.8/site-packages/airflow/example_dags/example_local_kubernetes_executor.py for tasks to queue
[2026-08-20T12:30:18.097+0000] {logging_mixin.py:188} INFO - [2026-08-20T12:30:18.097+0000] {dagbag.py:538} INFO - Filling up the DagBag from /home/airflow/.local/lib/python3.8/site-packages/airflow/example_dags/example_local_kubernetes_executor.py
[2026-08-20T12:30:18.106+0000] {processor.py:840} INFO - DAG(s) 'example_local_kubernetes_executor' retrieved from /home/airflow/.local/lib/python3.8/site-packages/airflow/example_dags/example_local_kubernetes_executor.py
[2026-08-20T12:30:18.140+0000] {logging_mixin.py:188} INFO - [2026-08-20T12:30:18.140+0000] {dag.py:3036} INFO - Sync 1 DAGs
[2026-08-20T12:30:18.151+0000] {logging_mixin.py:188} INFO - [2026-08-20T12:30:18.151+0000] {dag.py:3823} INFO - Setting next_dagrun for example_local_kubernetes_executor to None, run_after=None
[2026-08-20T12:30:18.210+0000] {processor.py:183} INFO - Processing /home/airflow/.local/lib/python3.8/site-packages/airflow/example_dags/example_local_kubernetes_executor.py took 0.122 seconds
[2026-08-20T12:30:48.949+0000] {processor.py:161} INFO - Started process (PID=1218) to work on /home/airflow/.local/lib/python3.8/site-packages/airflow/example_dags/example_local_kubernetes_executor.py
[2026-08-20T12:30:48.950+0000] {processor.py:830} INFO - Processing file /home/airflow/.local/lib/python3.8/site-packages/airflow/example_dags/example_local_kubernetes_executor.py for tasks to queue
[2026-08-20T12:30:48.953+0000] {logging_mixin.py:188} INFO - [2026-08-20T12:30:48.953+0000] {dagbag.py:538} INFO - Filling up the DagBag from /home/airflow/.local/lib/python3.8/site-packages/airflow/example_dags/example_local_kubernetes_executor.py
[2026-08-20T12:30:48.964+0000] {processor.py:840} INFO - DAG(s) 'example_local_kubernetes_executor' retrieved from /home/airflow/.local/lib/python3.8/site-packages/airflow/example_dags/example_local_kubernetes_executor.py
[2026-08-20T12:30:49.009+0000] {logging_mixin.py:188} INFO - [2026-08-20T12:30:49.009+0000] {dag.py:3036} INFO - Sync 1 DAGs
[2026-08-20T12:30:49.026+0000] {logging_mixin.py:188} INFO - [2026-08-20T12:30:49.026+0000] {dag.py:3823} INFO - Setting next_dagrun for example_local_kubernetes_executor to None, run_after=None
[2026-08-20T12:30:49.053+0000] {processor.py:183} INFO - Processing /home/airflow/.local/lib/python3.8/site-packages/airflow/example_dags/example_local_kubernetes_executor.py took 0.109 seconds
[2026-08-20T12:31:19.673+0000] {processor.py:161} INFO - Started process (PID=1304) to work on /home/airflow/.local/lib/python3.8/site-packages/airflow/example_dags/example_local_kubernetes_executor.py
[2026-08-20T12:31:19.674+0000] {processor.py:830} INFO - Processing file /home/airflow/.local/lib/python3.8/site-packages/airflow/example_dags/example_local_kubernetes_executor.py for tasks to queue
[2026-08-20T12:31:19.676+0000] {logging_mixin.py:188} INFO - [2026-08-20T12:31:19.676+0000] {dagbag.py:538} INFO - Filling up the DagBag from /home/airflow/.local/lib/python3.8/site-packages/airflow/example_dags/example_local_kubernetes_executor.py
[2026-08-20T12:31:19.684+0000] {processor.py:840} INFO - DAG(s) 'example_local_kubernetes_executor' retrieved from /home/airflow/.local/lib/python3.8/site-packages/airflow/example_dags/example_local_kubernetes_executor.py
[2026-08-20T12:31:19.720+0000] {logging_mixin.py:188} INFO - [2026-08-20T12:31:19.720+0000] {dag.py:3036} INFO - Sync 1 DAGs
[2026-08-20T12:31:19.732+0000] {logging_mixin.py:188} INFO - [2026-08-20T12:31:19.732+0000] {dag.py:3823} INFO - Setting next_dagrun for example_local_kubernetes_executor to None, run_after=None
[2026-08-20T12:31:19.787+0000] {processor.py:183} INFO - Processing /home/airflow/.local/lib/python3.8/site-packages/airflow/example_dags/example_local_kubernetes_executor.py took 0.118 seconds
[2026-08-20T12:31:50.509+0000] {processor.py:161} INFO - Started process (PID=1396) to work on /home/airflow/.local/lib/python3.8/site-packages/airflow/example_dags/example_local_kubernetes_executor.py
[2026-08-20T12:31:50.511+0000] {processor.py:830} INFO - Processing file /home/airflow/.local/lib/python3.8/site-packages/airflow/example_dags/example_local_kubernetes_executor.py for tasks to queue
[2026-08-20T12:31:50.514+0000] {logging_mixin.py:188} INFO - [2026-08-20T12:31:50.514+0000] {dagbag.py:538} INFO - Filling up the DagBag from /home/airflow/.local/lib/python3.8/site-packages/airflow/example_dags/example_local_kubernetes_executor.py
[2026-08-20T12:31:50.524+0000] {processor.py:840} INFO - DAG(s) 'example_local_kubernetes_executor' retrieved from /home/airflow/.local/lib/python3.8/site-packages/airflow/example_dags/example_local_kubernetes_executor.py
[2026-08-20T12:31:50.566+0000] {logging_mixin.py:188} INFO - [2026-08-20T12:31:50.566+0000] {dag.py:3036} INFO - Sync 1 DAGs
[2026-08-20T12:31:50.578+0000] {logging_mixin.py:188} INFO - [2026-08-20T12:31:50.577+0000] {dag.py:3823} INFO - Setting next_dagrun for example_local_kubernetes_executor to None, run_after=None
[2026-08-20T12:31:50.638+0000] {processor.py:183} INFO - Processing /home/airflow/.local/lib/python3.8/site-packages/airflow/example_dags/example_local_kubernetes_executor.py took 0.133 seconds
[2026-08-20T12:32:21.428+0000] {processor.py:161} INFO - Started process (PID=1482) to work on /home/airflow/.local/lib/python3.8/site-packages/airflow/example_dags/example_local_kubernetes_executor.py
[2026-08-20T12:32:21.430+0000] {processor.py:830} INFO - Processing file /home/airflow/.local/lib/python3.8/site-packages/airflow/example_dags/example_local_kubernetes_executor.py for tasks to queue
[2026-08-20T12:32:21.434+0000] {logging_mixin.py:188} INFO - [2026-08-20T12:32:21.433+0000] {dagbag.py:538} INFO - Filling up the DagBag from /home/airflow/.local/lib/python3.8/site-packages/airflow/example_dags/example_local_kubernetes_executor.py
[2026-08-20T12:32:21.448+0000] {processor.py:840} INFO - DAG(s) 'example_local_kubernetes_executor' retrieved from /home/airflow/.local/lib/python3.8/site-packages/airflow/example_dags/example_local_kubernetes_executor.py
[2026-08-20T12:32:21.510+0000] {logging_mixin.py:188} INFO - [2026-08-20T12:32:21.510+0000] {dag.py:3036} INFO - Sync 1 DAGs
[2026-08-20T12:32:21.540+0000] {logging_mixin.py:188} INFO - [2026-08-20T12:32:21.540+0000] {dag.py:3823} INFO - Setting next_dagrun for example_local_kubernetes_executor to None, run_after=None
[2026-08-20T12:32:21.579+0000] {processor.py:183} INFO - Processing /home/airflow/.local/lib/python3.8/site-packages/airflow/example_dags/example_local_kubernetes_executor.py took 0.157 seconds
[2026-08-20T12:32:52.035+0000] {processor.py:161} INFO - Started process (PID=1568) to work on /home/airflow/.local/lib/python3.8/site-packages/airflow/example_dags/example_local_kubernetes_executor.py
[2026-08-20T12:32:52.036+0000] {processor.py:830} INFO - Processing file /home/airflow/.local/lib/python3.8/site-packages/airflow/example_dags/example_local_kubernetes_executor.py for tasks to queue
[2026-08-20T12:32:52.039+0000] {logging_mixin.py:188} INFO - [2026-08-20T12:32:52.038+0000] {dagbag.py:538} INFO - Filling up the DagBag from /home/airflow/.local/lib/python3.8/site-packages/airflow/example_dags/example_local_kubernetes_executor.py
[2026-08-20T12:32:52.052+0000] {processor.py:840} INFO - DAG(s) 'example_local_kubernetes_executor' retrieved from /home/airflow/.local/lib/python3.8/site-packages/airflow/example_dags/example_local_kubernetes_executor.py
[2026-08-20T12:32:52.101+0000] {logging_mixin.py:188} INFO - [2026-08-20T12:32:52.101+0000] {dag.py:3036} INFO - Sync 1 DAGs
[2026-08-20T12:32:52.122+0000] {logging_mixin.py:188} INFO - [2026-08-20T12:32:52.121+0000] {dag.py:3823} INFO - Setting next_dagrun for example_local_kubernetes_executor to None, run_after=None
[2026-08-20T12:32:52.154+0000] {processor.py:183} INFO - Processing /home/airflow/.local/lib/python3.8/site-packages/airflow/example_dags/example_local_kubernetes_executor.py took 0.124 seconds
[2026-08-20T12:33:22.880+0000] {processor.py:161} INFO - Started process (PID=1655) to work on /home/airflow/.local/lib/python3.8/site-packages/airflow/example_dags/example_local_kubernetes_executor.py
[2026-08-20T12:33:22.881+0000] {processor.py:830} INFO - Processing file /home/airflow/.local/lib/python3.8/site-packages/airflow/example_dags/example_local_kubernetes_executor.py for tasks to queue
[2026-08-20T12:33:22.884+0000] {logging_mixin.py:188} INFO - [2026-08-20T12:33:22.883+0000] {dagbag.py:538} INFO - Filling up the DagBag from /home/airflow/.local/lib/python3.8/site-packages/airflow/example_dags/example_local_kubernetes_executor.py
[2026-08-20T12:33:22.893+0000] {processor.py:840} INFO - DAG(s) 'example_local_kubernetes_executor' retrieved from /home/airflow/.local/lib/python3.8/site-packages/airflow/example_dags/example_local_kubernetes_executor.py
[2026-08-20T12:33:22.934+0000] {logging_mixin.py:188} INFO - [2026-08-20T12:33:22.934+0000] {dag.py:3036} INFO - Sync 1 DAGs
[2026-08-20T12:33:22.949+0000] {logging_mixin.py:188} INFO - [2026-08-20T12:33:22.949+0000] {dag.py:3823} INFO - Setting next_dagrun for example_local_kubernetes_executor to None, run_after=None
[2026-08-20T12:33:22.975+0000] {processor.py:183} INFO - Processing /home/airflow/.local/lib/python3.8/site-packages/airflow/example_dags/example_local_kubernetes_executor.py took 0.099 seconds
[2026-08-20T12:33:53.991+0000] {processor.py:161} INFO - Started process (PID=1741) to work on /home/airflow/.local/lib/python3.8/site-packages/airflow/example_dags/example_local_kubernetes_executor.py
[2026-08-20T12:33:53.992+0000] {processor.py:830} INFO - Processing file /home/airflow/.local/lib/python3.8/site-packages/airflow/example_dags/example_local_kubernetes_executor.py for tasks to queue
[2026-08-20T12:33:53.995+0000] {logging_mixin.py:188} INFO - [2026-08-20T12:33:53.994+0000] {dagbag.py:538} INFO - Filling up the DagBag from /home/airflow/.local/lib/python3.8/site-packages/airflow/example_dags/example_local_kubernetes_executor.py
[2026-08-20T12:33:54.005+0000] {processor.py:840} INFO - DAG(s) 'example_local_kubernetes_executor' retrieved from /home/airflow/.local/lib/python3.8/site-packages/airflow/example_dags/example_local_kubernetes_executor.py
[2026-08-20T12:33:54.046+0000] {logging_mixin.py:188} INFO - [2026-08-20T12:33:54.045+0000] {dag.py:3036} INFO - Sync 1 DAGs
[2026-08-20T12:33:54.066+0000] {logging_mixin.py:188} INFO - [2026-08-20T12:33:54.065+0000] {dag.py:3823} INFO - Setting next_dagrun for example_local_kubernetes_executor to None, run_after=None
[2026-08-20T12:33:54.088+0000] {processor.py:183} INFO - Processing /home/airflow/.local/lib/python3.8/site-packages/airflow/example_dags/example_local_kubernetes_executor.py took 0.101 seconds
[2026-08-20T12:34:24.397+0000] {processor.py:161} INFO - Started process (PID=1826) to work on /home/airflow/.local/lib/python3.8/site-packages/airflow/example_dags/example_local_kubernetes_executor.py
[2026-08-20T12:34:24.398+0000] {processor.py:830} INFO - Processing file /home/airflow/.local/lib/python3.8/site-packages/airflow/example_dags/example_local_kubernetes_executor.py for tasks to queue
[2026-08-20T12:34:24.401+0000] {logging_mixin.py:188} INFO - [2026-08-20T12:34:24.400+0000] {dagbag.py:538} INFO - Filling up the DagBag from /home/airflow/.local/lib/python3.8/site-packages/airflow/example_dags/example_local_kubernetes_executor.py
[2026-08-20T12:34:24.410+0000] {processor.py:840} INFO - DAG(s) 'example_local_kubernetes_executor' retrieved from /home/airflow/.local/lib/python3.8/site-packages/airflow/example_dags/example_local_kubernetes_executor.py
[2026-08-20T12:34:24.447+0000] {logging_mixin.py:188} INFO - [2026-08-20T12:34:24.446+0000] {dag.py:3036} INFO - Sync 1 DAGs
[2026-08-20T12:34:24.459+0000] {logging_mixin.py:188} INFO - [2026-08-20T12:34:24.458+0000] {dag.py:3823} INFO - Setting next_dagrun for example_local_kubernetes_executor to None, run_after=None
[2026-08-20T12:34:24.479+0000] {processor.py:183} INFO - Processing /home/airflow/.local/lib/python3.8/site-packages/airflow/example_dags/example_local_kubernetes_executor.py took 0.086 seconds
[2026-08-20T12:34:54.739+0000] {processor.py:161} INFO - Started process (PID=1910) to work on /home/airflow/.local/lib/python3.8/site-packages/airflow/example_dags/example_local_kubernetes_executor.py
[2026-08-20T12:34:54.740+0000] {processor.py:830} INFO - Processing file /home/airflow/.local/lib/python3.8/site-packages/airflow/example_dags/example_local_kubernetes_executor.py for tasks to queue
[2026-08-20T12:34:54.742+0000] {logging_mixin.py:188} INFO - [2026-08-20T12:34:54.742+0000] {dagbag.py:538} INFO - Filling up the DagBag from /home/airflow/.local/lib/python3.8/site-packages/airflow/example_dags/example_local_kubernetes_executor.py
[2026-08-20T12:34:54.750+0000] {processor.py:840} INFO - DAG(s) 'example_local_kubernetes_executor' retrieved from /home/airflow/.local/lib/python3.8/site-packages/airflow/example_dags/example_local_kubernetes_executor.py
[2026-08-20T12:34:54.785+0000] {logging_mixin.py:188} INFO - [2026-08-20T12:34:54.785+0000] {dag.py:3036} INFO - Sync 1 DAGs
[2026-08-20T12:34:54.798+0000] {logging_mixin.py:188} INFO - [2026-08-20T12:34:54.798+0000] {dag.py:3823} INFO - Setting next_dagrun for example_local_kubernetes_executor to None, run_after=None
[2026-08-20T12:34:54.818+0000] {processor.py:183} INFO - Processing /home/airflow/.local/lib/python3.8/site-packages/airflow/example_dags/example_local_kubernetes_executor.py took 0.082 seconds
[2026-08-20T12:35:25.279+0000] {processor.py:161} INFO - Started process (PID=1996) to work on /home/airflow/.local/lib/python3.8/site-packages/airflow/example_dags/example_local_kubernetes_executor.py
[2026-08-20T12:35:25.280+0000] {processor.py:830} INFO - Processing file /home/airflow/.local/lib/python3.8/site-packages/airflow/example_dags/example_local_kubernetes_executor.py for tasks to queue
[2026-08-20T12:35:25.282+0000] {logging_mixin.py:188} INFO - [2026-08-20T12:35:25.282+0000] {dagbag.py:538} INFO - Filling up the DagBag from /home/airflow/.local/lib/python3.8/site-packages/airflow/example_dags/example_local_kubernetes_executor.py
[2026-08-20T12:35:25.295+0000] {processor.py:840} INFO - DAG(s) 'example_local_kubernetes_executor' retrieved from /home/airflow/.local/lib/python3.8/site-packages/airflow/example_dags/example_local_kubernetes_executor.py
[2026-08-20T12:35:25.343+0000] {logging_mixin.py:188} INFO - [2026-08-20T12:35:25.343+0000] {dag.py:3036} INFO - Sync 1 DAGs
[2026-08-20T12:35:25.355+0000] {logging_mixin.py:188} INFO - [2026-08-20T12:35:25.355+0000] {dag.py:3823} INFO - Setting next_dagrun for example_local_kubernetes_executor to None, run_after=None
[2026-08-20T12:35:25.384+0000] {processor.py:183} INFO - Processing /home/airflow/.local/lib/python3.8/site-packages/airflow/example_dags/example_local_kubernetes_executor.py took 0.109 seconds
[2026-08-20T12:35:55.593+0000] {processor.py:161} INFO - Started process (PID=2081) to work on /home/airflow/.local/lib/python3.8/site-packages/airflow/example_dags/example_local_kubernetes_executor.py
[2026-08-20T12:35:55.594+0000] {processor.py:830} INFO - Processing file /home/airflow/.local/lib/python3.8/site-packages/airflow/example_dags/example_local_kubernetes_executor.py for tasks to queue
[2026-08-20T12:35:55.596+0000] {logging_mixin.py:188} INFO - [2026-08-20T12:35:55.596+0000] {dagbag.py:538} INFO - Filling up the DagBag from /home/airflow/.local/lib/python3.8/site-packages/airflow/example_dags/example_local_kubernetes_executor.py
[2026-08-20T12:35:55.604+0000] {processor.py:840} INFO - DAG(s) 'example_local_kubernetes_executor' retrieved from /home/airflow/.local/lib/python3.8/site-packages/airflow/example_dags/example_local_kubernetes_executor.py
[2026-08-20T12:35:55.640+0000] {logging_mixin.py:188} INFO - [2026-08-20T12:35:55.640+0000] {dag.py:3036} INFO - Sync 1 DAGs
[2026-08-20T12:35:55.652+0000] {logging_mixin.py:188} INFO - [2026-08-20T12:35:55.651+0000] {dag.py:3823} INFO - Setting next_dagrun for example_local_kubernetes_executor to None, run_after=None
[2026-08-20T12:35:55.674+0000] {processor.py:183} INFO - Processing /home/airflow/.local/lib/python3.8/site-packages/airflow/example_dags/example_local_kubernetes_executor.py took 0.085 seconds
[2026-08-20T12:36:26.187+0000] {processor.py:161} INFO - Started process (PID=2167) to work on /home/airflow/.local/lib/python3.8/site-packages/airflow/example_dags/example_local_kubernetes_executor.py
[2026-08-20T12:36:26.188+0000] {processor.py:830} INFO - Processing file /home/airflow/.local/lib/python3.8/site-packages/airflow/example_dags/example_local_kubernetes_executor.py for tasks to queue
[2026-08-20T12:36:26.190+0000] {logging_mixin.py:188} INFO - [2026-08-20T12:36:26.190+0000] {dagbag.py:538} INFO - Filling up the DagBag from /home/airflow/.local/lib/python3.8/site-packages/airflow/example_dags/example_local_kubernetes_executor.py
[2026-08-20T12:36:26.200+0000] {processor.py:840} INFO - DAG(s) 'example_local_kubernetes_executor' retrieved from /home/airflow/.local/lib/python3.8/site-packages/airflow/example_dags/example_local_kubernetes_executor.py
[2026-08-20T12:36:26.234+0000] {logging_mixin.py:188} INFO - [2026-08-20T12:36:26.233+0000] {dag.py:3036} INFO - Sync 1 DAGs
[2026-08-20T12:36:26.245+0000] {logging_mixin.py:188} INFO - [2026-08-20T12:36:26.245+0000] {dag.py:3823} INFO - Setting next_dagrun for example_local_kubernetes_executor to None, run_after=None
[2026-08-20T12:36:26.265+0000] {processor.py:183} INFO - Processing /home/airflow/.local/lib/python3.8/site-packages/airflow/example_dags/example_local_kubernetes_executor.py took 0.082 seconds
[2026-08-20T12:36:57.023+0000] {processor.py:161} INFO - Started process (PID=2254) to work on /home/airflow/.local/lib/python3.8/site-packages/airflow/example_dags/example_local_kubernetes_executor.py
[2026-08-20T12:36:57.024+0000] {processor.py:830} INFO - Processing file /home/airflow/.local/lib/python3.8/site-packages/airflow/example_dags/example_local_kubernetes_executor.py for tasks to queue
[2026-08-20T12:36:57.026+0000] {logging_mixin.py:188} INFO - [2026-08-20T12:36:57.026+0000] {dagbag.py:538} INFO - Filling up the DagBag from /home/airflow/.local/lib/python3.8/site-packages/airflow/example_dags/example_local_kubernetes_executor.py
[2026-08-20T12:36:57.034+0000] {processor.py:840} INFO - DAG(s) 'example_local_kubernetes_executor' retrieved from /home/airflow/.local/lib/python3.8/site-packages/airflow/example_dags/example_local_kubernetes_executor.py
[2026-08-20T12:36:57.069+0000] {logging_mixin.py:188} INFO - [2026-08-20T12:36:57.069+0000] {dag.py:3036} INFO - Sync 1 DAGs
[2026-08-20T12:36:57.082+0000] {logging_mixin.py:188} INFO - [2026-08-20T12:36:57.081+0000] {dag.py:3823} INFO - Setting next_dagrun for example_local_kubernetes_executor to None, run_after=None
[2026-08-20T12:36:57.106+0000] {processor.py:183} INFO - Processing /home/airflow/.local/lib/python3.8/site-packages/airflow/example_dags/example_local_kubernetes_executor.py took 0.087 seconds
[2026-08-20T12:37:27.632+0000] {processor.py:161} INFO - Started process (PID=2340) to work on /home/airflow/.local/lib/python3.8/site-packages/airflow/example_dags/example_local_kubernetes_executor.py
[2026-08-20T12:37:27.633+0000] {processor.py:830} INFO - Processing file /home/airflow/.local/lib/python3.8/site-packages/airflow/example_dags/example_local_kubernetes_executor.py for tasks to queue
[2026-08-20T12:37:27.634+0000] {logging_mixin.py:188} INFO - [2026-08-20T12:37:27.634+0000] {dagbag.py:538} INFO - Filling up the DagBag from /home/airflow/.local/lib/python3.8/site-packages/airflow/example_dags/example_local_kubernetes_executor.py
[2026-08-20T12:37:27.643+0000] {processor.py:840} INFO - DAG(s) 'example_local_kubernetes_executor' retrieved from /home/airflow/.local/lib/python3.8/site-packages/airflow/example_dags/example_local_kubernetes_executor.py
[2026-08-20T12:37:27.724+0000] {logging_mixin.py:188} INFO - [2026-08-20T12:37:27.724+0000] {dag.py:3036} INFO - Sync 1 DAGs
[2026-08-20T12:37:27.738+0000] {logging_mixin.py:188} INFO - [2026-08-20T12:37:27.738+0000] {dag.py:3823} INFO - Setting next_dagrun for example_local_kubernetes_executor to None, run_after=None
[2026-08-20T12:37:27.758+0000] {processor.py:183} INFO - Processing /home/airflow/.local/lib/python3.8/site-packages/airflow/example_dags/example_local_kubernetes_executor.py took 0.130 seconds
[2026-08-20T12:37:59.123+0000] {processor.py:161} INFO - Started process (PID=2426) to work on /home/airflow/.local/lib/python3.8/site-packages/airflow/example_dags/example_local_kubernetes_executor.py
[2026-08-20T12:37:59.124+0000] {processor.py:830} INFO - Processing file /home/airflow/.local/lib/python3.8/site-packages/airflow/example_dags/example_local_kubernetes_executor.py for tasks to queue
[2026-08-20T12:37:59.126+0000] {logging_mixin.py:188} INFO - [2026-08-20T12:37:59.126+0000] {dagbag.py:538} INFO - Filling up the DagBag from /home/airflow/.local/lib/python3.8/site-packages/airflow/example_dags/example_local_kubernetes_executor.py
[2026-08-20T12:37:59.134+0000] {processor.py:840} INFO - DAG(s) 'example_local_kubernetes_executor' retrieved from /home/airflow/.local/lib/python3.8/site-packages/airflow/example_dags/example_local_kubernetes_executor.py
[2026-08-20T12:37:59.167+0000] {logging_mixin.py:188} INFO - [2026-08-20T12:37:59.167+0000] {dag.py:3036} INFO - Sync 1 DAGs
[2026-08-20T12:37:59.178+0000] {logging_mixin.py:188} INFO - [2026-08-20T12:37:59.178+0000] {dag.py:3823} INFO - Setting next_dagrun for example_local_kubernetes_executor to None, run_after=None
[2026-08-20T12:37:59.197+0000] {processor.py:183} INFO - Processing /home/airflow/.local/lib/python3.8/site-packages/airflow/example_dags/example_local_kubernetes_executor.py took 0.077 seconds
[2026-08-20T12:38:30.277+0000] {processor.py:161} INFO - Started process (PID=2512) to work on /home/airflow/.local/lib/python3.8/site-packages/airflow/example_dags/example_local_kubernetes_executor.py
[2026-08-20T12:38:30.278+0000] {processor.py:830} INFO - Processing file /home/airflow/.local/lib/python3.8/site-packages/airflow/example_dags/example_local_kubernetes_executor.py for tasks to queue
[2026-08-20T12:38:30.280+0000] {logging_mixin.py:188} INFO - [2026-08-20T12:38:30.280+0000] {dagbag.py:538} INFO - Filling up the DagBag from /home/airflow/.local/lib/python3.8/site-packages/airflow/example_dags/example_local_kubernetes_executor.py
[2026-08-20T12:38:30.291+0000] {processor.py:840} INFO - DAG(s) 'example_local_kubernetes_executor' retrieved from /home/airflow/.local/lib/python3.8/site-packages/airflow/example_dags/example_local_kubernetes_executor.py
[2026-08-20T12:38:30.345+0000] {logging_mixin.py:188} INFO - [2026-08-20T12:38:30.344+0000] {dag.py:3036} INFO - Sync 1 DAGs
[2026-08-20T12:38:30.370+0000] {logging_mixin.py:188} INFO - [2026-08-20T12:38:30.370+0000] {dag.py:3823} INFO - Setting next_dagrun for example_local_kubernetes_executor to None, run_after=None
[2026-08-20T12:38:30.404+0000] {processor.py:183} INFO - Processing /home/airflow/.local/lib/python3.8/site-packages/airflow/example_dags/example_local_kubernetes_executor.py took 0.131 seconds
[2026-08-20T12:39:01.406+0000] {processor.py:161} INFO - Started process (PID=2598) to work on /home/airflow/.local/lib/python3.8/site-packages/airflow/example_dags/example_local_kubernetes_executor.py
[2026-08-20T12:39:01.408+0000] {processor.py:830} INFO - Processing file /home/airflow/.local/lib/python3.8/site-packages/airflow/example_dags/example_local_kubernetes_executor.py for tasks to queue
[2026-08-20T12:39:01.410+0000] {logging_mixin.py:188} INFO - [2026-08-20T12:39:01.409+0000] {dagbag.py:538} INFO - Filling up the DagBag from /home/airflow/.local/lib/python3.8/site-packages/airflow/example_dags/example_local_kubernetes_executor.py
[2026-08-20T12:39:01.418+0000] {processor.py:840} INFO - DAG(s) 'example_local_kubernetes_executor' retrieved from /home/airflow/.local/lib/python3.8/site-packages/airflow/example_dags/example_local_kubernetes_executor.py
[2026-08-20T12:39:01.454+0000] {logging_mixin.py:188} INFO - [2026-08-20T12:39:01.454+0000] {dag.py:3036} INFO - Sync 1 DAGs
[2026-08-20T12:39:01.466+0000] {logging_mixin.py:188} INFO - [2026-08-20T12:39:01.466+0000] {dag.py:3823} INFO - Setting next_dagrun for example_local_kubernetes_executor to None, run_after=None
[2026-08-20T12:39:01.487+0000] {processor.py:183} INFO - Processing /home/airflow/.local/lib/python3.8/site-packages/airflow/example_dags/example_local_kubernetes_executor.py took 0.085 seconds
[2026-08-20T12:39:32.083+0000] {processor.py:161} INFO - Started process (PID=2684) to work on /home/airflow/.local/lib/python3.8/site-packages/airflow/example_dags/example_local_kubernetes_executor.py
[2026-08-20T12:39:32.085+0000] {processor.py:830} INFO - Processing file /home/airflow/.local/lib/python3.8/site-packages/airflow/example_dags/example_local_kubernetes_executor.py for tasks to queue
[2026-08-20T12:39:32.087+0000] {logging_mixin.py:188} INFO - [2026-08-20T12:39:32.087+0000] {dagbag.py:538} INFO - Filling up the DagBag from /home/airflow/.local/lib/python3.8/site-packages/airflow/example_dags/example_local_kubernetes_executor.py
[2026-08-20T12:39:32.095+0000] {processor.py:840} INFO - DAG(s) 'example_local_kubernetes_executor' retrieved from /home/airflow/.local/lib/python3.8/site-packages/airflow/example_dags/example_local_kubernetes_executor.py
[2026-08-20T12:39:32.132+0000] {logging_mixin.py:188} INFO - [2026-08-20T12:39:32.131+0000] {dag.py:3036} INFO - Sync 1 DAGs
[2026-08-20T12:39:32.145+0000] {logging_mixin.py:188} INFO - [2026-08-20T12:39:32.145+0000] {dag.py:3823} INFO - Setting next_dagrun for example_local_kubernetes_executor to None, run_after=None
[2026-08-20T12:39:32.168+0000] {processor.py:183} INFO - Processing /home/airflow/.local/lib/python3.8/site-packages/airflow/example_dags/example_local_kubernetes_executor.py took 0.089 seconds
[2026-08-20T12:40:02.853+0000] {processor.py:161} INFO - Started process (PID=2770) to work on /home/airflow/.local/lib/python3.8/site-packages/airflow/example_dags/example_local_kubernetes_executor.py
[2026-08-20T12:40:02.855+0000] {processor.py:830} INFO - Processing file /home/airflow/.local/lib/python3.8/site-packages/airflow/example_dags/example_local_kubernetes_executor.py for tasks to queue
[2026-08-20T12:40:02.857+0000] {logging_mixin.py:188} INFO - [2026-08-20T12:40:02.857+0000] {dagbag.py:538} INFO - Filling up the DagBag from /home/airflow/.local/lib/python3.8/site-packages/airflow/example_dags/example_local_kubernetes_executor.py
[2026-08-20T12:40:02.865+0000] {processor.py:840} INFO - DAG(s) 'example_local_kubernetes_executor' retrieved from /home/airflow/.local/lib/python3.8/site-packages/airflow/example_dags/example_local_kubernetes_executor.py
[2026-08-20T12:40:02.906+0000] {logging_mixin.py:188} INFO - [2026-08-20T12:40:02.906+0000] {dag.py:3036} INFO - Sync 1 DAGs
[2026-08-20T12:40:02.917+0000] {logging_mixin.py:188} INFO - [2026-08-20T12:40:02.917+0000] {dag.py:3823} INFO - Setting next_dagrun for example_local_kubernetes_executor to None, run_after=None
[2026-08-20T12:40:02.937+0000] {processor.py:183} INFO - Processing /home/airflow/.local/lib/python3.8/site-packages/airflow/example_dags/example_local_kubernetes_executor.py took 0.087 seconds
