[2026-08-20T12:24:27.855+0000] {processor.py:161} INFO - Started process (PID=154) to work on /home/airflow/.local/lib/python3.8/site-packages/airflow/example_dags/example_datasets.py
[2026-08-20T12:24:27.861+0000] {processor.py:830} INFO - Processing file /home/airflow/.local/lib/python3.8/site-packages/airflow/example_dags/example_datasets.py for tasks to queue
[2026-08-20T12:24:27.870+0000] {logging_mixin.py:188} INFO - [2026-08-20T12:24:27.869+0000] {dagbag.py:538} INFO - Filling up the DagBag from /home/airflow/.local/lib/python3.8/site-packages/airflow/example_dags/example_datasets.py
[2026-08-20T12:24:27.976+0000] {processor.py:840} INFO - DAG(s) 'dataset_produces_2', 'dataset_consumes_unknown_never_scheduled', 'dataset_consumes_1_never_scheduled', 'dataset_consumes_1', 'dataset_produces_1', 'dataset_consumes_1_and_2' retrieved from /home/airflow/.local/lib/python3.8/site-packages/airflow/example_dags/example_datasets.py
[2026-08-20T12:24:29.093+0000] {logging_mixin.py:188} INFO - [2026-08-20T12:24:29.092+0000] {dag.py:3036} INFO - Sync 6 DAGs
[2026-08-20T12:24:29.246+0000] {logging_mixin.py:188} INFO - [2026-08-20T12:24:29.245+0000] {dag.py:3823} INFO - Setting next_dagrun for dataset_consumes_1 to None, run_after=None
[2026-08-20T12:24:29.278+0000] {logging_mixin.py:188} INFO - [2026-08-20T12:24:29.277+0000] {dag.py:3823} INFO - Setting next_dagrun for dataset_consumes_1_and_2 to None, run_after=None
[2026-08-20T12:24:29.291+0000] {logging_mixin.py:188} INFO - [2026-08-20T12:24:29.290+0000] {dag.py:3823} INFO - Setting next_dagrun for dataset_consumes_1_never_scheduled to None, run_after=None
[2026-08-20T12:24:29.295+0000] {logging_mixin.py:188} INFO - [2026-08-20T12:24:29.295+0000] {dag.py:3823} INFO - Setting next_dagrun for dataset_consumes_unknown_never_scheduled to None, run_after=None
[2026-08-20T12:24:29.309+0000] {logging_mixin.py:188} INFO - [2026-08-20T12:24:29.309+0000] {dag.py:3823} INFO - Setting next_dagrun for dataset_produces_1 to 2026-08-19 00:00:00+00:00, run_after=2026-08-20 00:00:00+00:00
[2026-08-20T12:24:29.312+0000] {logging_mixin.py:188} INFO - [2026-08-20T12:24:29.312+0000] {dag.py:3823} INFO - Setting next_dagrun for dataset_produces_2 to None, run_after=None
[2026-08-20T12:24:29.742+0000] {processor.py:183} INFO - Processing /home/airflow/.local/lib/python3.8/site-packages/airflow/example_dags/example_datasets.py took 1.899 seconds
[2026-08-20T12:25:09.111+0000] {processor.py:161} INFO - Started process (PID=269) to work on /home/airflow/.local/lib/python3.8/site-packages/airflow/example_dags/example_datasets.py
[2026-08-20T12:25:09.114+0000] {processor.py:830} INFO - Processing file /home/airflow/.local/lib/python3.8/site-packages/airflow/example_dags/example_datasets.py for tasks to queue
[2026-08-20T12:25:09.118+0000] {logging_mixin.py:188} INFO - [2026-08-20T12:25:09.117+0000] {dagbag.py:538} INFO - Filling up the DagBag from /home/airflow/.local/lib/python3.8/site-packages/airflow/example_dags/example_datasets.py
[2026-08-20T12:25:09.140+0000] {processor.py:840} INFO - DAG(s) 'dataset_produces_1', 'dataset_consumes_1_never_scheduled', 'dataset_produces_2', 'dataset_consumes_unknown_never_scheduled', 'dataset_consumes_1', 'dataset_consumes_1_and_2' retrieved from /home/airflow/.local/lib/python3.8/site-packages/airflow/example_dags/example_datasets.py
[2026-08-20T12:25:09.177+0000] {logging_mixin.py:188} INFO - [2026-08-20T12:25:09.176+0000] {dag.py:3036} INFO - Sync 6 DAGs
[2026-08-20T12:25:09.224+0000] {logging_mixin.py:188} INFO - [2026-08-20T12:25:09.224+0000] {dag.py:3823} INFO - Setting next_dagrun for dataset_consumes_1 to None, run_after=None
[2026-08-20T12:25:09.235+0000] {logging_mixin.py:188} INFO - [2026-08-20T12:25:09.234+0000] {dag.py:3823} INFO - Setting next_dagrun for dataset_consumes_1_and_2 to None, run_after=None
[2026-08-20T12:25:09.238+0000] {logging_mixin.py:188} INFO - [2026-08-20T12:25:09.238+0000] {dag.py:3823} INFO - Setting next_dagrun for dataset_consumes_1_never_scheduled to None, run_after=None
[2026-08-20T12:25:09.242+0000] {logging_mixin.py:188} INFO - [2026-08-20T12:25:09.242+0000] {dag.py:3823} INFO - Setting next_dagrun for dataset_consumes_unknown_never_scheduled to None, run_after=None
[2026-08-20T12:25:09.249+0000] {logging_mixin.py:188} INFO - [2026-08-20T12:25:09.248+0000] {dag.py:3823} INFO - Setting next_dagrun for dataset_produces_1 to 2026-08-19 00:00:00+00:00, run_after=2026-08-20 00:00:00+00:00
[2026-08-20T12:25:09.253+0000] {logging_mixin.py:188} INFO - [2026-08-20T12:25:09.252+0000] {dag.py:3823} INFO - Setting next_dagrun for dataset_produces_2 to None, run_after=None
[2026-08-20T12:25:09.321+0000] {processor.py:183} INFO - Processing /home/airflow/.local/lib/python3.8/site-packages/airflow/example_dags/example_datasets.py took 0.219 seconds
[2026-08-20T12:25:39.828+0000] {processor.py:161} INFO - Started process (PID=356) to work on /home/airflow/.local/lib/python3.8/site-packages/airflow/example_dags/example_datasets.py
[2026-08-20T12:25:39.829+0000] {processor.py:830} INFO - Processing file /home/airflow/.local/lib/python3.8/site-packages/airflow/example_dags/example_datasets.py for tasks to queue
[2026-08-20T12:25:39.832+0000] {logging_mixin.py:188} INFO - [2026-08-20T12:25:39.831+0000] {dagbag.py:538} INFO - Filling up the DagBag from /home/airflow/.local/lib/python3.8/site-packages/airflow/example_dags/example_datasets.py
[2026-08-20T12:25:39.842+0000] {processor.py:840} INFO - DAG(s) 'dataset_produces_2', 'dataset_consumes_1', 'dataset_consumes_1_and_2', 'dataset_consumes_unknown_never_scheduled', 'dataset_produces_1', 'dataset_consumes_1_never_scheduled' retrieved from /home/airflow/.local/lib/python3.8/site-packages/airflow/example_dags/example_datasets.py
[2026-08-20T12:25:39.994+0000] {logging_mixin.py:188} INFO - [2026-08-20T12:25:39.994+0000] {dag.py:3036} INFO - Sync 6 DAGs
[2026-08-20T12:25:40.015+0000] {logging_mixin.py:188} INFO - [2026-08-20T12:25:40.015+0000] {dag.py:3823} INFO - Setting next_dagrun for dataset_consumes_1 to None, run_after=None
[2026-08-20T12:25:40.018+0000] {logging_mixin.py:188} INFO - [2026-08-20T12:25:40.018+0000] {dag.py:3823} INFO - Setting next_dagrun for dataset_consumes_1_and_2 to None, run_after=None
[2026-08-20T12:25:40.020+0000] {logging_mixin.py:188} INFO - [2026-08-20T12:25:40.019+0000] {dag.py:3823} INFO - Setting next_dagrun for dataset_consumes_1_never_scheduled to None, run_after=None
[2026-08-20T12:25:40.021+0000] {logging_mixin.py:188} INFO - [2026-08-20T12:25:40.021+0000] {dag.py:3823} INFO - Setting next_dagrun for dataset_consumes_unknown_never_scheduled to None, run_after=None
[2026-08-20T12:25:40.023+0000] {logging_mixin.py:188} INFO - [2026-08-20T12:25:40.023+0000] {dag.py:3823} INFO - Setting next_dagrun for dataset_produces_1 to 2026-08-19 00:00:00+00:00, run_after=2026-08-20 00:00:00+00:00
[2026-08-20T12:25:40.025+0000] {logging_mixin.py:188} INFO - [2026-08-20T12:25:40.025+0000] {dag.py:3823} INFO - Setting next_dagrun for dataset_produces_2 to None, run_after=None
[2026-08-20T12:25:40.128+0000] {processor.py:183} INFO - Processing /home/airflow/.local/lib/python3.8/site-packages/airflow/example_dags/example_datasets.py took 0.303 seconds
[2026-08-20T12:26:10.300+0000] {processor.py:161} INFO - Started process (PID=441) to work on /home/airflow/.local/lib/python3.8/site-packages/airflow/example_dags/example_datasets.py
[2026-08-20T12:26:10.301+0000] {processor.py:830} INFO - Processing file /home/airflow/.local/lib/python3.8/site-packages/airflow/example_dags/example_datasets.py for tasks to queue
[2026-08-20T12:26:10.304+0000] {logging_mixin.py:188} INFO - [2026-08-20T12:26:10.303+0000] {dagbag.py:538} INFO - Filling up the DagBag from /home/airflow/.local/lib/python3.8/site-packages/airflow/example_dags/example_datasets.py
[2026-08-20T12:26:10.315+0000] {processor.py:840} INFO - DAG(s) 'dataset_consumes_1_and_2', 'dataset_consumes_1', 'dataset_consumes_unknown_never_scheduled', 'dataset_produces_2', 'dataset_produces_1', 'dataset_consumes_1_never_scheduled' retrieved from /home/airflow/.local/lib/python3.8/site-packages/airflow/example_dags/example_datasets.py
[2026-08-20T12:26:10.358+0000] {logging_mixin.py:188} INFO - [2026-08-20T12:26:10.357+0000] {dag.py:3036} INFO - Sync 6 DAGs
[2026-08-20T12:26:10.385+0000] {logging_mixin.py:188} INFO - [2026-08-20T12:26:10.384+0000] {dag.py:3823} INFO - Setting next_dagrun for dataset_consumes_1 to None, run_after=None
[2026-08-20T12:26:10.389+0000] {logging_mixin.py:188} INFO - [2026-08-20T12:26:10.389+0000] {dag.py:3823} INFO - Setting next_dagrun for dataset_consumes_1_and_2 to None, run_after=None
[2026-08-20T12:26:10.391+0000] {logging_mixin.py:188} INFO - [2026-08-20T12:26:10.390+0000] {dag.py:3823} INFO - Setting next_dagrun for dataset_consumes_1_never_scheduled to None, run_after=None
[2026-08-20T12:26:10.395+0000] {logging_mixin.py:188} INFO - [2026-08-20T12:26:10.394+0000] {dag.py:3823} INFO - Setting next_dagrun for dataset_consumes_unknown_never_scheduled to None, run_after=None
[2026-08-20T12:26:10.399+0000] {logging_mixin.py:188} INFO - [2026-08-20T12:26:10.398+0000] {dag.py:3823} INFO - Setting next_dagrun for dataset_produces_1 to 2026-08-19 00:00:00+00:00, run_after=2026-08-20 00:00:00+00:00
[2026-08-20T12:26:10.401+0000] {logging_mixin.py:188} INFO - [2026-08-20T12:26:10.401+0000] {dag.py:3823} INFO - Setting next_dagrun for dataset_produces_2 to None, run_after=None
[2026-08-20T12:26:10.688+0000] {processor.py:183} INFO - Processing /home/airflow/.local/lib/python3.8/site-packages/airflow/example_dags/example_datasets.py took 0.392 seconds
[2026-08-20T12:26:44.069+0000] {processor.py:161} INFO - Started process (PID=530) to work on /home/airflow/.local/lib/python3.8/site-packages/airflow/example_dags/example_datasets.py
[2026-08-20T12:26:44.071+0000] {processor.py:830} INFO - Processing file /home/airflow/.local/lib/python3.8/site-packages/airflow/example_dags/example_datasets.py for tasks to queue
[2026-08-20T12:26:44.075+0000] {logging_mixin.py:188} INFO - [2026-08-20T12:26:44.074+0000] {dagbag.py:538} INFO - Filling up the DagBag from /home/airflow/.local/lib/python3.8/site-packages/airflow/example_dags/example_datasets.py
[2026-08-20T12:26:44.105+0000] {processor.py:840} INFO - DAG(s) 'dataset_consumes_1', 'dataset_produces_1', 'dataset_consumes_unknown_never_scheduled', 'dataset_consumes_1_never_scheduled', 'dataset_consumes_1_and_2', 'dataset_produces_2' retrieved from /home/airflow/.local/lib/python3.8/site-packages/airflow/example_dags/example_datasets.py
[2026-08-20T12:26:44.228+0000] {logging_mixin.py:188} INFO - [2026-08-20T12:26:44.226+0000] {dag.py:3036} INFO - Sync 6 DAGs
[2026-08-20T12:26:44.278+0000] {logging_mixin.py:188} INFO - [2026-08-20T12:26:44.277+0000] {dag.py:3823} INFO - Setting next_dagrun for dataset_consumes_1 to None, run_after=None
[2026-08-20T12:26:44.287+0000] {logging_mixin.py:188} INFO - [2026-08-20T12:26:44.287+0000] {dag.py:3823} INFO - Setting next_dagrun for dataset_consumes_1_and_2 to None, run_after=None
[2026-08-20T12:26:44.290+0000] {logging_mixin.py:188} INFO - [2026-08-20T12:26:44.289+0000] {dag.py:3823} INFO - Setting next_dagrun for dataset_consumes_1_never_scheduled to None, run_after=None
[2026-08-20T12:26:44.293+0000] {logging_mixin.py:188} INFO - [2026-08-20T12:26:44.293+0000] {dag.py:3823} INFO - Setting next_dagrun for dataset_consumes_unknown_never_scheduled to None, run_after=None
[2026-08-20T12:26:44.298+0000] {logging_mixin.py:188} INFO - [2026-08-20T12:26:44.298+0000] {dag.py:3823} INFO - Setting next_dagrun for dataset_produces_1 to 2026-08-19 00:00:00+00:00, run_after=2026-08-20 00:00:00+00:00
[2026-08-20T12:26:44.302+0000] {logging_mixin.py:188} INFO - [2026-08-20T12:26:44.302+0000] {dag.py:3823} INFO - Setting next_dagrun for dataset_produces_2 to None, run_after=None
[2026-08-20T12:26:44.350+0000] {processor.py:183} INFO - Processing /home/airflow/.local/lib/python3.8/site-packages/airflow/example_dags/example_datasets.py took 0.291 seconds
[2026-08-20T12:27:14.503+0000] {processor.py:161} INFO - Started process (PID=617) to work on /home/airflow/.local/lib/python3.8/site-packages/airflow/example_dags/example_datasets.py
[2026-08-20T12:27:14.505+0000] {processor.py:830} INFO - Processing file /home/airflow/.local/lib/python3.8/site-packages/airflow/example_dags/example_datasets.py for tasks to queue
[2026-08-20T12:27:14.507+0000] {logging_mixin.py:188} INFO - [2026-08-20T12:27:14.507+0000] {dagbag.py:538} INFO - Filling up the DagBag from /home/airflow/.local/lib/python3.8/site-packages/airflow/example_dags/example_datasets.py
[2026-08-20T12:27:14.522+0000] {processor.py:840} INFO - DAG(s) 'dataset_consumes_1_and_2', 'dataset_consumes_unknown_never_scheduled', 'dataset_consumes_1_never_scheduled', 'dataset_produces_2', 'dataset_consumes_1', 'dataset_produces_1' retrieved from /home/airflow/.local/lib/python3.8/site-packages/airflow/example_dags/example_datasets.py
[2026-08-20T12:27:14.572+0000] {logging_mixin.py:188} INFO - [2026-08-20T12:27:14.571+0000] {dag.py:3036} INFO - Sync 6 DAGs
[2026-08-20T12:27:14.593+0000] {logging_mixin.py:188} INFO - [2026-08-20T12:27:14.593+0000] {dag.py:3823} INFO - Setting next_dagrun for dataset_consumes_1 to None, run_after=None
[2026-08-20T12:27:14.597+0000] {logging_mixin.py:188} INFO - [2026-08-20T12:27:14.596+0000] {dag.py:3823} INFO - Setting next_dagrun for dataset_consumes_1_and_2 to None, run_after=None
[2026-08-20T12:27:14.598+0000] {logging_mixin.py:188} INFO - [2026-08-20T12:27:14.598+0000] {dag.py:3823} INFO - Setting next_dagrun for dataset_consumes_1_never_scheduled to None, run_after=None
[2026-08-20T12:27:14.600+0000] {logging_mixin.py:188} INFO - [2026-08-20T12:27:14.599+0000] {dag.py:3823} INFO - Setting next_dagrun for dataset_consumes_unknown_never_scheduled to None, run_after=None
[2026-08-20T12:27:14.603+0000] {logging_mixin.py:188} INFO - [2026-08-20T12:27:14.602+0000] {dag.py:3823} INFO - Setting next_dagrun for dataset_produces_1 to 2026-08-19 00:00:00+00:00, run_after=2026-08-20 00:00:00+00:00
[2026-08-20T12:27:14.605+0000] {logging_mixin.py:188} INFO - [2026-08-20T12:27:14.605+0000] {dag.py:3823} INFO - Setting next_dagrun for dataset_produces_2 to None, run_after=None
[2026-08-20T12:27:14.723+0000] {processor.py:183} INFO - Processing /home/airflow/.local/lib/python3.8/site-packages/airflow/example_dags/example_datasets.py took 0.224 seconds
[2026-08-20T12:27:45.127+0000] {processor.py:161} INFO - Started process (PID=701) to work on /home/airflow/.local/lib/python3.8/site-packages/airflow/example_dags/example_datasets.py
[2026-08-20T12:27:45.128+0000] {processor.py:830} INFO - Processing file /home/airflow/.local/lib/python3.8/site-packages/airflow/example_dags/example_datasets.py for tasks to queue
[2026-08-20T12:27:45.130+0000] {logging_mixin.py:188} INFO - [2026-08-20T12:27:45.130+0000] {dagbag.py:538} INFO - Filling up the DagBag from /home/airflow/.local/lib/python3.8/site-packages/airflow/example_dags/example_datasets.py
[2026-08-20T12:27:45.143+0000] {processor.py:840} INFO - DAG(s) 'dataset_consumes_unknown_never_scheduled', 'dataset_consumes_1_never_scheduled', 'dataset_consumes_1_and_2', 'dataset_consumes_1', 'dataset_produces_2', 'dataset_produces_1' retrieved from /home/airflow/.local/lib/python3.8/site-packages/airflow/example_dags/example_datasets.py
[2026-08-20T12:27:45.191+0000] {logging_mixin.py:188} INFO - [2026-08-20T12:27:45.191+0000] {dag.py:3036} INFO - Sync 6 DAGs
[2026-08-20T12:27:45.214+0000] {logging_mixin.py:188} INFO - [2026-08-20T12:27:45.214+0000] {dag.py:3823} INFO - Setting next_dagrun for dataset_consumes_1 to None, run_after=None
[2026-08-20T12:27:45.218+0000] {logging_mixin.py:188} INFO - [2026-08-20T12:27:45.218+0000] {dag.py:3823} INFO - Setting next_dagrun for dataset_consumes_1_and_2 to None, run_after=None
[2026-08-20T12:27:45.220+0000] {logging_mixin.py:188} INFO - [2026-08-20T12:27:45.220+0000] {dag.py:3823} INFO - Setting next_dagrun for dataset_consumes_1_never_scheduled to None, run_after=None
[2026-08-20T12:27:45.221+0000] {logging_mixin.py:188} INFO - [2026-08-20T12:27:45.221+0000] {dag.py:3823} INFO - Setting next_dagrun for dataset_consumes_unknown_never_scheduled to None, run_after=None
[2026-08-20T12:27:45.224+0000] {logging_mixin.py:188} INFO - [2026-08-20T12:27:45.224+0000] {dag.py:3823} INFO - Setting next_dagrun for dataset_produces_1 to 2026-08-19 00:00:00+00:00, run_after=2026-08-20 00:00:00+00:00
[2026-08-20T12:27:45.227+0000] {logging_mixin.py:188} INFO - [2026-08-20T12:27:45.226+0000] {dag.py:3823} INFO - Setting next_dagrun for dataset_produces_2 to None, run_after=None
[2026-08-20T12:27:45.327+0000] {processor.py:183} INFO - Processing /home/airflow/.local/lib/python3.8/site-packages/airflow/example_dags/example_datasets.py took 0.204 seconds
[2026-08-20T12:28:15.731+0000] {processor.py:161} INFO - Started process (PID=790) to work on /home/airflow/.local/lib/python3.8/site-packages/airflow/example_dags/example_datasets.py
[2026-08-20T12:28:15.732+0000] {processor.py:830} INFO - Processing file /home/airflow/.local/lib/python3.8/site-packages/airflow/example_dags/example_datasets.py for tasks to queue
[2026-08-20T12:28:15.735+0000] {logging_mixin.py:188} INFO - [2026-08-20T12:28:15.735+0000] {dagbag.py:538} INFO - Filling up the DagBag from /home/airflow/.local/lib/python3.8/site-packages/airflow/example_dags/example_datasets.py
[2026-08-20T12:28:15.747+0000] {processor.py:840} INFO - DAG(s) 'dataset_produces_2', 'dataset_produces_1', 'dataset_consumes_1', 'dataset_consumes_1_and_2', 'dataset_consumes_1_never_scheduled', 'dataset_consumes_unknown_never_scheduled' retrieved from /home/airflow/.local/lib/python3.8/site-packages/airflow/example_dags/example_datasets.py
[2026-08-20T12:28:15.791+0000] {logging_mixin.py:188} INFO - [2026-08-20T12:28:15.791+0000] {dag.py:3036} INFO - Sync 6 DAGs
[2026-08-20T12:28:15.818+0000] {logging_mixin.py:188} INFO - [2026-08-20T12:28:15.818+0000] {dag.py:3823} INFO - Setting next_dagrun for dataset_consumes_1 to None, run_after=None
[2026-08-20T12:28:15.823+0000] {logging_mixin.py:188} INFO - [2026-08-20T12:28:15.823+0000] {dag.py:3823} INFO - Setting next_dagrun for dataset_consumes_1_and_2 to None, run_after=None
[2026-08-20T12:28:15.825+0000] {logging_mixin.py:188} INFO - [2026-08-20T12:28:15.825+0000] {dag.py:3823} INFO - Setting next_dagrun for dataset_consumes_1_never_scheduled to None, run_after=None
[2026-08-20T12:28:15.827+0000] {logging_mixin.py:188} INFO - [2026-08-20T12:28:15.827+0000] {dag.py:3823} INFO - Setting next_dagrun for dataset_consumes_unknown_never_scheduled to None, run_after=None
[2026-08-20T12:28:15.830+0000] {logging_mixin.py:188} INFO - [2026-08-20T12:28:15.830+0000] {dag.py:3823} INFO - Setting next_dagrun for dataset_produces_1 to 2026-08-19 00:00:00+00:00, run_after=2026-08-20 00:00:00+00:00
[2026-08-20T12:28:15.832+0000] {logging_mixin.py:188} INFO - [2026-08-20T12:28:15.832+0000] {dag.py:3823} INFO - Setting next_dagrun for dataset_produces_2 to None, run_after=None
[2026-08-20T12:28:15.953+0000] {processor.py:183} INFO - Processing /home/airflow/.local/lib/python3.8/site-packages/airflow/example_dags/example_datasets.py took 0.226 seconds
[2026-08-20T12:28:46.562+0000] {processor.py:161} INFO - Started process (PID=876) to work on /home/airflow/.local/lib/python3.8/site-packages/airflow/example_dags/example_datasets.py
[2026-08-20T12:28:46.563+0000] {processor.py:830} INFO - Processing file /home/airflow/.local/lib/python3.8/site-packages/airflow/example_dags/example_datasets.py for tasks to queue
[2026-08-20T12:28:46.565+0000] {logging_mixin.py:188} INFO - [2026-08-20T12:28:46.565+0000] {dagbag.py:538} INFO - Filling up the DagBag from /home/airflow/.local/lib/python3.8/site-packages/airflow/example_dags/example_datasets.py
[2026-08-20T12:28:46.574+0000] {processor.py:840} INFO - DAG(s) 'dataset_consumes_1_never_scheduled', 'dataset_consumes_unknown_never_scheduled', 'dataset_consumes_1_and_2', 'dataset_produces_2', 'dataset_consumes_1', 'dataset_produces_1' retrieved from /home/airflow/.local/lib/python3.8/site-packages/airflow/example_dags/example_datasets.py
[2026-08-20T12:28:46.615+0000] {logging_mixin.py:188} INFO - [2026-08-20T12:28:46.615+0000] {dag.py:3036} INFO - Sync 6 DAGs
[2026-08-20T12:28:46.642+0000] {logging_mixin.py:188} INFO - [2026-08-20T12:28:46.641+0000] {dag.py:3823} INFO - Setting next_dagrun for dataset_consumes_1 to None, run_after=None
[2026-08-20T12:28:46.646+0000] {logging_mixin.py:188} INFO - [2026-08-20T12:28:46.646+0000] {dag.py:3823} INFO - Setting next_dagrun for dataset_consumes_1_and_2 to None, run_after=None
[2026-08-20T12:28:46.648+0000] {logging_mixin.py:188} INFO - [2026-08-20T12:28:46.648+0000] {dag.py:3823} INFO - Setting next_dagrun for dataset_consumes_1_never_scheduled to None, run_after=None
[2026-08-20T12:28:46.650+0000] {logging_mixin.py:188} INFO - [2026-08-20T12:28:46.650+0000] {dag.py:3823} INFO - Setting next_dagrun for dataset_consumes_unknown_never_scheduled to None, run_after=None
[2026-08-20T12:28:46.653+0000] {logging_mixin.py:188} INFO - [2026-08-20T12:28:46.653+0000] {dag.py:3823} INFO - Setting next_dagrun for dataset_produces_1 to 2026-08-19 00:00:00+00:00, run_after=2026-08-20 00:00:00+00:00
[2026-08-20T12:28:46.656+0000] {logging_mixin.py:188} INFO - [2026-08-20T12:28:46.655+0000] {dag.py:3823} INFO - Setting next_dagrun for dataset_produces_2 to None, run_after=None
[2026-08-20T12:28:46.724+0000] {processor.py:183} INFO - Processing /home/airflow/.local/lib/python3.8/site-packages/airflow/example_dags/example_datasets.py took 0.165 seconds
[2026-08-20T12:29:16.780+0000] {processor.py:161} INFO - Started process (PID=962) to work on /home/airflow/.local/lib/python3.8/site-packages/airflow/example_dags/example_datasets.py
[2026-08-20T12:29:16.782+0000] {processor.py:830} INFO - Processing file /home/airflow/.local/lib/python3.8/site-packages/airflow/example_dags/example_datasets.py for tasks to queue
[2026-08-20T12:29:16.784+0000] {logging_mixin.py:188} INFO - [2026-08-20T12:29:16.784+0000] {dagbag.py:538} INFO - Filling up the DagBag from /home/airflow/.local/lib/python3.8/site-packages/airflow/example_dags/example_datasets.py
[2026-08-20T12:29:16.795+0000] {processor.py:840} INFO - DAG(s) 'dataset_produces_2', 'dataset_consumes_1_never_scheduled', 'dataset_consumes_unknown_never_scheduled', 'dataset_produces_1', 'dataset_consumes_1', 'dataset_consumes_1_and_2' retrieved from /home/airflow/.local/lib/python3.8/site-packages/airflow/example_dags/example_datasets.py
[2026-08-20T12:29:16.830+0000] {logging_mixin.py:188} INFO - [2026-08-20T12:29:16.829+0000] {dag.py:3036} INFO - Sync 6 DAGs
[2026-08-20T12:29:16.852+0000] {logging_mixin.py:188} INFO - [2026-08-20T12:29:16.852+0000] {dag.py:3823} INFO - Setting next_dagrun for dataset_consumes_1 to None, run_after=None
[2026-08-20T12:29:16.991+0000] {logging_mixin.py:188} INFO - [2026-08-20T12:29:16.991+0000] {dag.py:3823} INFO - Setting next_dagrun for dataset_consumes_1_and_2 to None, run_after=None
[2026-08-20T12:29:16.993+0000] {logging_mixin.py:188} INFO - [2026-08-20T12:29:16.993+0000] {dag.py:3823} INFO - Setting next_dagrun for dataset_consumes_1_never_scheduled to None, run_after=None
[2026-08-20T12:29:16.995+0000] {logging_mixin.py:188} INFO - [2026-08-20T12:29:16.995+0000] {dag.py:3823} INFO - Setting next_dagrun for dataset_consumes_unknown_never_scheduled to None, run_after=None
[2026-08-20T12:29:16.998+0000] {logging_mixin.py:188} INFO - [2026-08-20T12:29:16.997+0000] {dag.py:3823} INFO - Setting next_dagrun for dataset_produces_1 to 2026-08-19 00:00:00+00:00, run_after=2026-08-20 00:00:00+00:00
[2026-08-20T12:29:16.999+0000] {logging_mixin.py:188} INFO - [2026-08-20T12:29:16.999+0000] {dag.py:3823} INFO - Setting next_dagrun for dataset_produces_2 to None, run_after=None
[2026-08-20T12:29:17.027+0000] {processor.py:183} INFO - Processing /home/airflow/.local/lib/python3.8/site-packages/airflow/example_dags/example_datasets.py took 0.252 seconds
[2026-08-20T12:29:47.332+0000] {processor.py:161} INFO - Started process (PID=1048) to work on /home/airflow/.local/lib/python3.8/site-packages/airflow/example_dags/example_datasets.py
[2026-08-20T12:29:47.333+0000] {processor.py:830} INFO - Processing file /home/airflow/.local/lib/python3.8/site-packages/airflow/example_dags/example_datasets.py for tasks to queue
[2026-08-20T12:29:47.336+0000] {logging_mixin.py:188} INFO - [2026-08-20T12:29:47.335+0000] {dagbag.py:538} INFO - Filling up the DagBag from /home/airflow/.local/lib/python3.8/site-packages/airflow/example_dags/example_datasets.py
[2026-08-20T12:29:47.347+0000] {processor.py:840} INFO - DAG(s) 'dataset_produces_2', 'dataset_produces_1', 'dataset_consumes_1', 'dataset_consumes_1_and_2', 'dataset_consumes_unknown_never_scheduled', 'dataset_consumes_1_never_scheduled' retrieved from /home/airflow/.local/lib/python3.8/site-packages/airflow/example_dags/example_datasets.py
[2026-08-20T12:29:47.394+0000] {logging_mixin.py:188} INFO - [2026-08-20T12:29:47.394+0000] {dag.py:3036} INFO - Sync 6 DAGs
[2026-08-20T12:29:47.420+0000] {logging_mixin.py:188} INFO - [2026-08-20T12:29:47.420+0000] {dag.py:3823} INFO - Setting next_dagrun for dataset_consumes_1 to None, run_after=None
[2026-08-20T12:29:47.425+0000] {logging_mixin.py:188} INFO - [2026-08-20T12:29:47.425+0000] {dag.py:3823} INFO - Setting next_dagrun for dataset_consumes_1_and_2 to None, run_after=None
[2026-08-20T12:29:47.428+0000] {logging_mixin.py:188} INFO - [2026-08-20T12:29:47.427+0000] {dag.py:3823} INFO - Setting next_dagrun for dataset_consumes_1_never_scheduled to None, run_after=None
[2026-08-20T12:29:47.430+0000] {logging_mixin.py:188} INFO - [2026-08-20T12:29:47.429+0000] {dag.py:3823} INFO - Setting next_dagrun for dataset_consumes_unknown_never_scheduled to None, run_after=None
[2026-08-20T12:29:47.433+0000] {logging_mixin.py:188} INFO - [2026-08-20T12:29:47.433+0000] {dag.py:3823} INFO - Setting next_dagrun for dataset_produces_1 to 2026-08-19 00:00:00+00:00, run_after=2026-08-20 00:00:00+00:00
[2026-08-20T12:29:47.435+0000] {logging_mixin.py:188} INFO - [2026-08-20T12:29:47.435+0000] {dag.py:3823} INFO - Setting next_dagrun for dataset_produces_2 to None, run_after=None
[2026-08-20T12:29:47.473+0000] {processor.py:183} INFO - Processing /home/airflow/.local/lib/python3.8/site-packages/airflow/example_dags/example_datasets.py took 0.147 seconds
[2026-08-20T12:30:18.240+0000] {processor.py:161} INFO - Started process (PID=1134) to work on /home/airflow/.local/lib/python3.8/site-packages/airflow/example_dags/example_datasets.py
[2026-08-20T12:30:18.241+0000] {processor.py:830} INFO - Processing file /home/airflow/.local/lib/python3.8/site-packages/airflow/example_dags/example_datasets.py for tasks to queue
[2026-08-20T12:30:18.243+0000] {logging_mixin.py:188} INFO - [2026-08-20T12:30:18.243+0000] {dagbag.py:538} INFO - Filling up the DagBag from /home/airflow/.local/lib/python3.8/site-packages/airflow/example_dags/example_datasets.py
[2026-08-20T12:30:18.254+0000] {processor.py:840} INFO - DAG(s) 'dataset_consumes_unknown_never_scheduled', 'dataset_consumes_1_and_2', 'dataset_consumes_1_never_scheduled', 'dataset_consumes_1', 'dataset_produces_2', 'dataset_produces_1' retrieved from /home/airflow/.local/lib/python3.8/site-packages/airflow/example_dags/example_datasets.py
[2026-08-20T12:30:18.285+0000] {logging_mixin.py:188} INFO - [2026-08-20T12:30:18.285+0000] {dag.py:3036} INFO - Sync 6 DAGs
[2026-08-20T12:30:18.306+0000] {logging_mixin.py:188} INFO - [2026-08-20T12:30:18.306+0000] {dag.py:3823} INFO - Setting next_dagrun for dataset_consumes_1 to None, run_after=None
[2026-08-20T12:30:18.311+0000] {logging_mixin.py:188} INFO - [2026-08-20T12:30:18.311+0000] {dag.py:3823} INFO - Setting next_dagrun for dataset_consumes_1_and_2 to None, run_after=None
[2026-08-20T12:30:18.313+0000] {logging_mixin.py:188} INFO - [2026-08-20T12:30:18.313+0000] {dag.py:3823} INFO - Setting next_dagrun for dataset_consumes_1_never_scheduled to None, run_after=None
[2026-08-20T12:30:18.315+0000] {logging_mixin.py:188} INFO - [2026-08-20T12:30:18.314+0000] {dag.py:3823} INFO - Setting next_dagrun for dataset_consumes_unknown_never_scheduled to None, run_after=None
[2026-08-20T12:30:18.318+0000] {logging_mixin.py:188} INFO - [2026-08-20T12:30:18.317+0000] {dag.py:3823} INFO - Setting next_dagrun for dataset_produces_1 to 2026-08-19 00:00:00+00:00, run_after=2026-08-20 00:00:00+00:00
[2026-08-20T12:30:18.320+0000] {logging_mixin.py:188} INFO - [2026-08-20T12:30:18.320+0000] {dag.py:3823} INFO - Setting next_dagrun for dataset_produces_2 to None, run_after=None
[2026-08-20T12:30:18.390+0000] {processor.py:183} INFO - Processing /home/airflow/.local/lib/python3.8/site-packages/airflow/example_dags/example_datasets.py took 0.154 seconds
[2026-08-20T12:30:49.091+0000] {processor.py:161} INFO - Started process (PID=1220) to work on /home/airflow/.local/lib/python3.8/site-packages/airflow/example_dags/example_datasets.py
[2026-08-20T12:30:49.093+0000] {processor.py:830} INFO - Processing file /home/airflow/.local/lib/python3.8/site-packages/airflow/example_dags/example_datasets.py for tasks to queue
[2026-08-20T12:30:49.095+0000] {logging_mixin.py:188} INFO - [2026-08-20T12:30:49.095+0000] {dagbag.py:538} INFO - Filling up the DagBag from /home/airflow/.local/lib/python3.8/site-packages/airflow/example_dags/example_datasets.py
[2026-08-20T12:30:49.108+0000] {processor.py:840} INFO - DAG(s) 'dataset_consumes_1_and_2', 'dataset_consumes_1_never_scheduled', 'dataset_produces_1', 'dataset_consumes_1', 'dataset_produces_2', 'dataset_consumes_unknown_never_scheduled' retrieved from /home/airflow/.local/lib/python3.8/site-packages/airflow/example_dags/example_datasets.py
[2026-08-20T12:30:49.163+0000] {logging_mixin.py:188} INFO - [2026-08-20T12:30:49.163+0000] {dag.py:3036} INFO - Sync 6 DAGs
[2026-08-20T12:30:49.191+0000] {logging_mixin.py:188} INFO - [2026-08-20T12:30:49.190+0000] {dag.py:3823} INFO - Setting next_dagrun for dataset_consumes_1 to None, run_after=None
[2026-08-20T12:30:49.200+0000] {logging_mixin.py:188} INFO - [2026-08-20T12:30:49.199+0000] {dag.py:3823} INFO - Setting next_dagrun for dataset_consumes_1_and_2 to None, run_after=None
[2026-08-20T12:30:49.202+0000] {logging_mixin.py:188} INFO - [2026-08-20T12:30:49.202+0000] {dag.py:3823} INFO - Setting next_dagrun for dataset_consumes_1_never_scheduled to None, run_after=None
[2026-08-20T12:30:49.204+0000] {logging_mixin.py:188} INFO - [2026-08-20T12:30:49.204+0000] {dag.py:3823} INFO - Setting next_dagrun for dataset_consumes_unknown_never_scheduled to None, run_after=None
[2026-08-20T12:30:49.209+0000] {logging_mixin.py:188} INFO - [2026-08-20T12:30:49.208+0000] {dag.py:3823} INFO - Setting next_dagrun for dataset_produces_1 to 2026-08-19 00:00:00+00:00, run_after=2026-08-20 00:00:00+00:00
[2026-08-20T12:30:49.211+0000] {logging_mixin.py:188} INFO - [2026-08-20T12:30:49.210+0000] {dag.py:3823} INFO - Setting next_dagrun for dataset_produces_2 to None, run_after=None
[2026-08-20T12:30:49.254+0000] {processor.py:183} INFO - Processing /home/airflow/.local/lib/python3.8/site-packages/airflow/example_dags/example_datasets.py took 0.167 seconds
[2026-08-20T12:31:19.891+0000] {processor.py:161} INFO - Started process (PID=1306) to work on /home/airflow/.local/lib/python3.8/site-packages/airflow/example_dags/example_datasets.py
[2026-08-20T12:31:19.892+0000] {processor.py:830} INFO - Processing file /home/airflow/.local/lib/python3.8/site-packages/airflow/example_dags/example_datasets.py for tasks to queue
[2026-08-20T12:31:19.894+0000] {logging_mixin.py:188} INFO - [2026-08-20T12:31:19.893+0000] {dagbag.py:538} INFO - Filling up the DagBag from /home/airflow/.local/lib/python3.8/site-packages/airflow/example_dags/example_datasets.py
[2026-08-20T12:31:19.903+0000] {processor.py:840} INFO - DAG(s) 'dataset_produces_1', 'dataset_consumes_unknown_never_scheduled', 'dataset_consumes_1_and_2', 'dataset_consumes_1', 'dataset_consumes_1_never_scheduled', 'dataset_produces_2' retrieved from /home/airflow/.local/lib/python3.8/site-packages/airflow/example_dags/example_datasets.py
[2026-08-20T12:31:19.943+0000] {logging_mixin.py:188} INFO - [2026-08-20T12:31:19.943+0000] {dag.py:3036} INFO - Sync 6 DAGs
[2026-08-20T12:31:19.966+0000] {logging_mixin.py:188} INFO - [2026-08-20T12:31:19.966+0000] {dag.py:3823} INFO - Setting next_dagrun for dataset_consumes_1 to None, run_after=None
[2026-08-20T12:31:19.970+0000] {logging_mixin.py:188} INFO - [2026-08-20T12:31:19.970+0000] {dag.py:3823} INFO - Setting next_dagrun for dataset_consumes_1_and_2 to None, run_after=None
[2026-08-20T12:31:19.972+0000] {logging_mixin.py:188} INFO - [2026-08-20T12:31:19.972+0000] {dag.py:3823} INFO - Setting next_dagrun for dataset_consumes_1_never_scheduled to None, run_after=None
[2026-08-20T12:31:19.974+0000] {logging_mixin.py:188} INFO - [2026-08-20T12:31:19.974+0000] {dag.py:3823} INFO - Setting next_dagrun for dataset_consumes_unknown_never_scheduled to None, run_after=None
[2026-08-20T12:31:19.981+0000] {logging_mixin.py:188} INFO - [2026-08-20T12:31:19.981+0000] {dag.py:3823} INFO - Setting next_dagrun for dataset_produces_1 to 2026-08-19 00:00:00+00:00, run_after=2026-08-20 00:00:00+00:00
[2026-08-20T12:31:19.983+0000] {logging_mixin.py:188} INFO - [2026-08-20T12:31:19.982+0000] {dag.py:3823} INFO - Setting next_dagrun for dataset_produces_2 to None, run_after=None
[2026-08-20T12:31:20.043+0000] {processor.py:183} INFO - Processing /home/airflow/.local/lib/python3.8/site-packages/airflow/example_dags/example_datasets.py took 0.156 seconds
[2026-08-20T12:31:50.687+0000] {processor.py:161} INFO - Started process (PID=1398) to work on /home/airflow/.local/lib/python3.8/site-packages/airflow/example_dags/example_datasets.py
[2026-08-20T12:31:50.688+0000] {processor.py:830} INFO - Processing file /home/airflow/.local/lib/python3.8/site-packages/airflow/example_dags/example_datasets.py for tasks to queue
[2026-08-20T12:31:50.691+0000] {logging_mixin.py:188} INFO - [2026-08-20T12:31:50.690+0000] {dagbag.py:538} INFO - Filling up the DagBag from /home/airflow/.local/lib/python3.8/site-packages/airflow/example_dags/example_datasets.py
[2026-08-20T12:31:50.704+0000] {processor.py:840} INFO - DAG(s) 'dataset_consumes_1', 'dataset_consumes_unknown_never_scheduled', 'dataset_consumes_1_and_2', 'dataset_produces_1', 'dataset_consumes_1_never_scheduled', 'dataset_produces_2' retrieved from /home/airflow/.local/lib/python3.8/site-packages/airflow/example_dags/example_datasets.py
[2026-08-20T12:31:50.745+0000] {logging_mixin.py:188} INFO - [2026-08-20T12:31:50.745+0000] {dag.py:3036} INFO - Sync 6 DAGs
[2026-08-20T12:31:50.772+0000] {logging_mixin.py:188} INFO - [2026-08-20T12:31:50.771+0000] {dag.py:3823} INFO - Setting next_dagrun for dataset_consumes_1 to None, run_after=None
[2026-08-20T12:31:50.777+0000] {logging_mixin.py:188} INFO - [2026-08-20T12:31:50.777+0000] {dag.py:3823} INFO - Setting next_dagrun for dataset_consumes_1_and_2 to None, run_after=None
[2026-08-20T12:31:50.782+0000] {logging_mixin.py:188} INFO - [2026-08-20T12:31:50.781+0000] {dag.py:3823} INFO - Setting next_dagrun for dataset_consumes_1_never_scheduled to None, run_after=None
[2026-08-20T12:31:50.784+0000] {logging_mixin.py:188} INFO - [2026-08-20T12:31:50.784+0000] {dag.py:3823} INFO - Setting next_dagrun for dataset_consumes_unknown_never_scheduled to None, run_after=None
[2026-08-20T12:31:50.787+0000] {logging_mixin.py:188} INFO - [2026-08-20T12:31:50.787+0000] {dag.py:3823} INFO - Setting next_dagrun for dataset_produces_1 to 2026-08-19 00:00:00+00:00, run_after=2026-08-20 00:00:00+00:00
[2026-08-20T12:31:50.789+0000] {logging_mixin.py:188} INFO - [2026-08-20T12:31:50.789+0000] {dag.py:3823} INFO - Setting next_dagrun for dataset_produces_2 to None, run_after=None
[2026-08-20T12:31:50.890+0000] {processor.py:183} INFO - Processing /home/airflow/.local/lib/python3.8/site-packages/airflow/example_dags/example_datasets.py took 0.207 seconds
[2026-08-20T12:32:21.634+0000] {processor.py:161} INFO - Started process (PID=1484) to work on /home/airflow/.local/lib/python3.8/site-packages/airflow/example_dags/example_datasets.py
[2026-08-20T12:32:21.636+0000] {processor.py:830} INFO - Processing file /home/airflow/.local/lib/python3.8/site-packages/airflow/example_dags/example_datasets.py for tasks to queue
[2026-08-20T12:32:21.639+0000] {logging_mixin.py:188} INFO - [2026-08-20T12:32:21.638+0000] {dagbag.py:538} INFO - Filling up the DagBag from /home/airflow/.local/lib/python3.8/site-packages/airflow/example_dags/example_datasets.py
[2026-08-20T12:32:21.652+0000] {processor.py:840} INFO - DAG(s) 'dataset_consumes_1', 'dataset_consumes_1_and_2', 'dataset_produces_1', 'dataset_consumes_1_never_scheduled', 'dataset_consumes_unknown_never_scheduled', 'dataset_produces_2' retrieved from /home/airflow/.local/lib/python3.8/site-packages/airflow/example_dags/example_datasets.py
[2026-08-20T12:32:21.699+0000] {logging_mixin.py:188} INFO - [2026-08-20T12:32:21.699+0000] {dag.py:3036} INFO - Sync 6 DAGs
[2026-08-20T12:32:21.733+0000] {logging_mixin.py:188} INFO - [2026-08-20T12:32:21.733+0000] {dag.py:3823} INFO - Setting next_dagrun for dataset_consumes_1 to None, run_after=None
[2026-08-20T12:32:21.738+0000] {logging_mixin.py:188} INFO - [2026-08-20T12:32:21.737+0000] {dag.py:3823} INFO - Setting next_dagrun for dataset_consumes_1_and_2 to None, run_after=None
[2026-08-20T12:32:21.740+0000] {logging_mixin.py:188} INFO - [2026-08-20T12:32:21.739+0000] {dag.py:3823} INFO - Setting next_dagrun for dataset_consumes_1_never_scheduled to None, run_after=None
[2026-08-20T12:32:21.742+0000] {logging_mixin.py:188} INFO - [2026-08-20T12:32:21.741+0000] {dag.py:3823} INFO - Setting next_dagrun for dataset_consumes_unknown_never_scheduled to None, run_after=None
[2026-08-20T12:32:21.746+0000] {logging_mixin.py:188} INFO - [2026-08-20T12:32:21.745+0000] {dag.py:3823} INFO - Setting next_dagrun for dataset_produces_1 to 2026-08-19 00:00:00+00:00, run_after=2026-08-20 00:00:00+00:00
[2026-08-20T12:32:21.748+0000] {logging_mixin.py:188} INFO - [2026-08-20T12:32:21.748+0000] {dag.py:3823} INFO - Setting next_dagrun for dataset_produces_2 to None, run_after=None
[2026-08-20T12:32:21.790+0000] {processor.py:183} INFO - Processing /home/airflow/.local/lib/python3.8/site-packages/airflow/example_dags/example_datasets.py took 0.161 seconds
[2026-08-20T12:32:52.194+0000] {processor.py:161} INFO - Started process (PID=1570) to work on /home/airflow/.local/lib/python3.8/site-packages/airflow/example_dags/example_datasets.py
[2026-08-20T12:32:52.196+0000] {processor.py:830} INFO - Processing file /home/airflow/.local/lib/python3.8/site-packages/airflow/example_dags/example_datasets.py for tasks to queue
[2026-08-20T12:32:52.199+0000] {logging_mixin.py:188} INFO - [2026-08-20T12:32:52.198+0000] {dagbag.py:538} INFO - Filling up the DagBag from /home/airflow/.local/lib/python3.8/site-packages/airflow/example_dags/example_datasets.py
[2026-08-20T12:32:52.212+0000] {processor.py:840} INFO - DAG(s) 'dataset_produces_1', 'dataset_consumes_1_never_scheduled', 'dataset_produces_2', 'dataset_consumes_unknown_never_scheduled', 'dataset_consumes_1_and_2', 'dataset_consumes_1' retrieved from /home/airflow/.local/lib/python3.8/site-packages/airflow/example_dags/example_datasets.py
[2026-08-20T12:32:52.273+0000] {logging_mixin.py:188} INFO - [2026-08-20T12:32:52.273+0000] {dag.py:3036} INFO - Sync 6 DAGs
[2026-08-20T12:32:52.306+0000] {logging_mixin.py:188} INFO - [2026-08-20T12:32:52.305+0000] {dag.py:3823} INFO - Setting next_dagrun for dataset_consumes_1 to None, run_after=None
[2026-08-20T12:32:52.314+0000] {logging_mixin.py:188} INFO - [2026-08-20T12:32:52.313+0000] {dag.py:3823} INFO - Setting next_dagrun for dataset_consumes_1_and_2 to None, run_after=None
[2026-08-20T12:32:52.317+0000] {logging_mixin.py:188} INFO - [2026-08-20T12:32:52.316+0000] {dag.py:3823} INFO - Setting next_dagrun for dataset_consumes_1_never_scheduled to None, run_after=None
[2026-08-20T12:32:52.322+0000] {logging_mixin.py:188} INFO - [2026-08-20T12:32:52.321+0000] {dag.py:3823} INFO - Setting next_dagrun for dataset_consumes_unknown_never_scheduled to None, run_after=None
[2026-08-20T12:32:52.327+0000] {logging_mixin.py:188} INFO - [2026-08-20T12:32:52.326+0000] {dag.py:3823} INFO - Setting next_dagrun for dataset_produces_1 to 2026-08-19 00:00:00+00:00, run_after=2026-08-20 00:00:00+00:00
[2026-08-20T12:32:52.329+0000] {logging_mixin.py:188} INFO - [2026-08-20T12:32:52.329+0000] {dag.py:3823} INFO - Setting next_dagrun for dataset_produces_2 to None, run_after=None
[2026-08-20T12:32:52.391+0000] {processor.py:183} INFO - Processing /home/airflow/.local/lib/python3.8/site-packages/airflow/example_dags/example_datasets.py took 0.203 seconds
[2026-08-20T12:33:23.027+0000] {processor.py:161} INFO - Started process (PID=1657) to work on /home/airflow/.local/lib/python3.8/site-packages/airflow/example_dags/example_datasets.py
[2026-08-20T12:33:23.028+0000] {processor.py:830} INFO - Processing file /home/airflow/.local/lib/python3.8/site-packages/airflow/example_dags/example_datasets.py for tasks to queue
[2026-08-20T12:33:23.031+0000] {logging_mixin.py:188} INFO - [2026-08-20T12:33:23.030+0000] {dagbag.py:538} INFO - Filling up the DagBag from /home/airflow/.local/lib/python3.8/site-packages/airflow/example_dags/example_datasets.py
[2026-08-20T12:33:23.042+0000] {processor.py:840} INFO - DAG(s) 'dataset_consumes_1', 'dataset_produces_2', 'dataset_consumes_1_never_scheduled', 'dataset_consumes_1_and_2', 'dataset_produces_1', 'dataset_consumes_unknown_never_scheduled' retrieved from /home/airflow/.local/lib/python3.8/site-packages/airflow/example_dags/example_datasets.py
[2026-08-20T12:33:23.087+0000] {logging_mixin.py:188} INFO - [2026-08-20T12:33:23.087+0000] {dag.py:3036} INFO - Sync 6 DAGs
[2026-08-20T12:33:23.111+0000] {logging_mixin.py:188} INFO - [2026-08-20T12:33:23.111+0000] {dag.py:3823} INFO - Setting next_dagrun for dataset_consumes_1 to None, run_after=None
[2026-08-20T12:33:23.115+0000] {logging_mixin.py:188} INFO - [2026-08-20T12:33:23.115+0000] {dag.py:3823} INFO - Setting next_dagrun for dataset_consumes_1_and_2 to None, run_after=None
[2026-08-20T12:33:23.117+0000] {logging_mixin.py:188} INFO - [2026-08-20T12:33:23.117+0000] {dag.py:3823} INFO - Setting next_dagrun for dataset_consumes_1_never_scheduled to None, run_after=None
[2026-08-20T12:33:23.119+0000] {logging_mixin.py:188} INFO - [2026-08-20T12:33:23.119+0000] {dag.py:3823} INFO - Setting next_dagrun for dataset_consumes_unknown_never_scheduled to None, run_after=None
[2026-08-20T12:33:23.122+0000] {logging_mixin.py:188} INFO - [2026-08-20T12:33:23.122+0000] {dag.py:3823} INFO - Setting next_dagrun for dataset_produces_1 to 2026-08-19 00:00:00+00:00, run_after=2026-08-20 00:00:00+00:00
[2026-08-20T12:33:23.124+0000] {logging_mixin.py:188} INFO - [2026-08-20T12:33:23.124+0000] {dag.py:3823} INFO - Setting next_dagrun for dataset_produces_2 to None, run_after=None
[2026-08-20T12:33:23.160+0000] {processor.py:183} INFO - Processing /home/airflow/.local/lib/python3.8/site-packages/airflow/example_dags/example_datasets.py took 0.138 seconds
[2026-08-20T12:33:54.129+0000] {processor.py:161} INFO - Started process (PID=1743) to work on /home/airflow/.local/lib/python3.8/site-packages/airflow/example_dags/example_datasets.py
[2026-08-20T12:33:54.131+0000] {processor.py:830} INFO - Processing file /home/airflow/.local/lib/python3.8/site-packages/airflow/example_dags/example_datasets.py for tasks to queue
[2026-08-20T12:33:54.133+0000] {logging_mixin.py:188} INFO - [2026-08-20T12:33:54.133+0000] {dagbag.py:538} INFO - Filling up the DagBag from /home/airflow/.local/lib/python3.8/site-packages/airflow/example_dags/example_datasets.py
[2026-08-20T12:33:54.148+0000] {processor.py:840} INFO - DAG(s) 'dataset_consumes_unknown_never_scheduled', 'dataset_produces_2', 'dataset_consumes_1', 'dataset_consumes_1_never_scheduled', 'dataset_consumes_1_and_2', 'dataset_produces_1' retrieved from /home/airflow/.local/lib/python3.8/site-packages/airflow/example_dags/example_datasets.py
[2026-08-20T12:33:54.185+0000] {logging_mixin.py:188} INFO - [2026-08-20T12:33:54.185+0000] {dag.py:3036} INFO - Sync 6 DAGs
[2026-08-20T12:33:54.210+0000] {logging_mixin.py:188} INFO - [2026-08-20T12:33:54.210+0000] {dag.py:3823} INFO - Setting next_dagrun for dataset_consumes_1 to None, run_after=None
[2026-08-20T12:33:54.214+0000] {logging_mixin.py:188} INFO - [2026-08-20T12:33:54.214+0000] {dag.py:3823} INFO - Setting next_dagrun for dataset_consumes_1_and_2 to None, run_after=None
[2026-08-20T12:33:54.216+0000] {logging_mixin.py:188} INFO - [2026-08-20T12:33:54.216+0000] {dag.py:3823} INFO - Setting next_dagrun for dataset_consumes_1_never_scheduled to None, run_after=None
[2026-08-20T12:33:54.218+0000] {logging_mixin.py:188} INFO - [2026-08-20T12:33:54.218+0000] {dag.py:3823} INFO - Setting next_dagrun for dataset_consumes_unknown_never_scheduled to None, run_after=None
[2026-08-20T12:33:54.221+0000] {logging_mixin.py:188} INFO - [2026-08-20T12:33:54.221+0000] {dag.py:3823} INFO - Setting next_dagrun for dataset_produces_1 to 2026-08-19 00:00:00+00:00, run_after=2026-08-20 00:00:00+00:00
[2026-08-20T12:33:54.223+0000] {logging_mixin.py:188} INFO - [2026-08-20T12:33:54.223+0000] {dag.py:3823} INFO - Setting next_dagrun for dataset_produces_2 to None, run_after=None
[2026-08-20T12:33:54.259+0000] {processor.py:183} INFO - Processing /home/airflow/.local/lib/python3.8/site-packages/airflow/example_dags/example_datasets.py took 0.135 seconds
[2026-08-20T12:34:24.628+0000] {processor.py:161} INFO - Started process (PID=1829) to work on /home/airflow/.local/lib/python3.8/site-packages/airflow/example_dags/example_datasets.py
[2026-08-20T12:34:24.630+0000] {processor.py:830} INFO - Processing file /home/airflow/.local/lib/python3.8/site-packages/airflow/example_dags/example_datasets.py for tasks to queue
[2026-08-20T12:34:24.632+0000] {logging_mixin.py:188} INFO - [2026-08-20T12:34:24.632+0000] {dagbag.py:538} INFO - Filling up the DagBag from /home/airflow/.local/lib/python3.8/site-packages/airflow/example_dags/example_datasets.py
[2026-08-20T12:34:24.644+0000] {processor.py:840} INFO - DAG(s) 'dataset_consumes_1', 'dataset_consumes_1_never_scheduled', 'dataset_produces_1', 'dataset_consumes_unknown_never_scheduled', 'dataset_produces_2', 'dataset_consumes_1_and_2' retrieved from /home/airflow/.local/lib/python3.8/site-packages/airflow/example_dags/example_datasets.py
[2026-08-20T12:34:24.684+0000] {logging_mixin.py:188} INFO - [2026-08-20T12:34:24.683+0000] {dag.py:3036} INFO - Sync 6 DAGs
[2026-08-20T12:34:24.707+0000] {logging_mixin.py:188} INFO - [2026-08-20T12:34:24.707+0000] {dag.py:3823} INFO - Setting next_dagrun for dataset_consumes_1 to None, run_after=None
[2026-08-20T12:34:24.711+0000] {logging_mixin.py:188} INFO - [2026-08-20T12:34:24.711+0000] {dag.py:3823} INFO - Setting next_dagrun for dataset_consumes_1_and_2 to None, run_after=None
[2026-08-20T12:34:24.713+0000] {logging_mixin.py:188} INFO - [2026-08-20T12:34:24.713+0000] {dag.py:3823} INFO - Setting next_dagrun for dataset_consumes_1_never_scheduled to None, run_after=None
[2026-08-20T12:34:24.715+0000] {logging_mixin.py:188} INFO - [2026-08-20T12:34:24.714+0000] {dag.py:3823} INFO - Setting next_dagrun for dataset_consumes_unknown_never_scheduled to None, run_after=None
[2026-08-20T12:34:24.717+0000] {logging_mixin.py:188} INFO - [2026-08-20T12:34:24.717+0000] {dag.py:3823} INFO - Setting next_dagrun for dataset_produces_1 to 2026-08-19 00:00:00+00:00, run_after=2026-08-20 00:00:00+00:00
[2026-08-20T12:34:24.719+0000] {logging_mixin.py:188} INFO - [2026-08-20T12:34:24.719+0000] {dag.py:3823} INFO - Setting next_dagrun for dataset_produces_2 to None, run_after=None
[2026-08-20T12:34:24.752+0000] {processor.py:183} INFO - Processing /home/airflow/.local/lib/python3.8/site-packages/airflow/example_dags/example_datasets.py took 0.128 seconds
[2026-08-20T12:34:55.107+0000] {processor.py:161} INFO - Started process (PID=1915) to work on /home/airflow/.local/lib/python3.8/site-packages/airflow/example_dags/example_datasets.py
[2026-08-20T12:34:55.108+0000] {processor.py:830} INFO - Processing file /home/airflow/.local/lib/python3.8/site-packages/airflow/example_dags/example_datasets.py for tasks to queue
[2026-08-20T12:34:55.110+0000] {logging_mixin.py:188} INFO - [2026-08-20T12:34:55.110+0000] {dagbag.py:538} INFO - Filling up the DagBag from /home/airflow/.local/lib/python3.8/site-packages/airflow/example_dags/example_datasets.py
[2026-08-20T12:34:55.119+0000] {processor.py:840} INFO - DAG(s) 'dataset_consumes_unknown_never_scheduled', 'dataset_consumes_1', 'dataset_produces_2', 'dataset_produces_1', 'dataset_consumes_1_and_2', 'dataset_consumes_1_never_scheduled' retrieved from /home/airflow/.local/lib/python3.8/site-packages/airflow/example_dags/example_datasets.py
[2026-08-20T12:34:55.158+0000] {logging_mixin.py:188} INFO - [2026-08-20T12:34:55.158+0000] {dag.py:3036} INFO - Sync 6 DAGs
[2026-08-20T12:34:55.180+0000] {logging_mixin.py:188} INFO - [2026-08-20T12:34:55.180+0000] {dag.py:3823} INFO - Setting next_dagrun for dataset_consumes_1 to None, run_after=None
[2026-08-20T12:34:55.184+0000] {logging_mixin.py:188} INFO - [2026-08-20T12:34:55.184+0000] {dag.py:3823} INFO - Setting next_dagrun for dataset_consumes_1_and_2 to None, run_after=None
[2026-08-20T12:34:55.186+0000] {logging_mixin.py:188} INFO - [2026-08-20T12:34:55.186+0000] {dag.py:3823} INFO - Setting next_dagrun for dataset_consumes_1_never_scheduled to None, run_after=None
[2026-08-20T12:34:55.187+0000] {logging_mixin.py:188} INFO - [2026-08-20T12:34:55.187+0000] {dag.py:3823} INFO - Setting next_dagrun for dataset_consumes_unknown_never_scheduled to None, run_after=None
[2026-08-20T12:34:55.190+0000] {logging_mixin.py:188} INFO - [2026-08-20T12:34:55.190+0000] {dag.py:3823} INFO - Setting next_dagrun for dataset_produces_1 to 2026-08-19 00:00:00+00:00, run_after=2026-08-20 00:00:00+00:00
[2026-08-20T12:34:55.191+0000] {logging_mixin.py:188} INFO - [2026-08-20T12:34:55.191+0000] {dag.py:3823} INFO - Setting next_dagrun for dataset_produces_2 to None, run_after=None
[2026-08-20T12:34:55.221+0000] {processor.py:183} INFO - Processing /home/airflow/.local/lib/python3.8/site-packages/airflow/example_dags/example_datasets.py took 0.117 seconds
[2026-08-20T12:35:25.556+0000] {processor.py:161} INFO - Started process (PID=1999) to work on /home/airflow/.local/lib/python3.8/site-packages/airflow/example_dags/example_datasets.py
[2026-08-20T12:35:25.558+0000] {processor.py:830} INFO - Processing file /home/airflow/.local/lib/python3.8/site-packages/airflow/example_dags/example_datasets.py for tasks to queue
[2026-08-20T12:35:25.560+0000] {logging_mixin.py:188} INFO - [2026-08-20T12:35:25.560+0000] {dagbag.py:538} INFO - Filling up the DagBag from /home/airflow/.local/lib/python3.8/site-packages/airflow/example_dags/example_datasets.py
[2026-08-20T12:35:25.571+0000] {processor.py:840} INFO - DAG(s) 'dataset_consumes_1', 'dataset_consumes_1_and_2', 'dataset_produces_2', 'dataset_consumes_1_never_scheduled', 'dataset_produces_1', 'dataset_consumes_unknown_never_scheduled' retrieved from /home/airflow/.local/lib/python3.8/site-packages/airflow/example_dags/example_datasets.py
[2026-08-20T12:35:25.610+0000] {logging_mixin.py:188} INFO - [2026-08-20T12:35:25.609+0000] {dag.py:3036} INFO - Sync 6 DAGs
[2026-08-20T12:35:25.634+0000] {logging_mixin.py:188} INFO - [2026-08-20T12:35:25.633+0000] {dag.py:3823} INFO - Setting next_dagrun for dataset_consumes_1 to None, run_after=None
[2026-08-20T12:35:25.639+0000] {logging_mixin.py:188} INFO - [2026-08-20T12:35:25.639+0000] {dag.py:3823} INFO - Setting next_dagrun for dataset_consumes_1_and_2 to None, run_after=None
[2026-08-20T12:35:25.641+0000] {logging_mixin.py:188} INFO - [2026-08-20T12:35:25.641+0000] {dag.py:3823} INFO - Setting next_dagrun for dataset_consumes_1_never_scheduled to None, run_after=None
[2026-08-20T12:35:25.644+0000] {logging_mixin.py:188} INFO - [2026-08-20T12:35:25.644+0000] {dag.py:3823} INFO - Setting next_dagrun for dataset_consumes_unknown_never_scheduled to None, run_after=None
[2026-08-20T12:35:25.647+0000] {logging_mixin.py:188} INFO - [2026-08-20T12:35:25.647+0000] {dag.py:3823} INFO - Setting next_dagrun for dataset_produces_1 to 2026-08-19 00:00:00+00:00, run_after=2026-08-20 00:00:00+00:00
[2026-08-20T12:35:25.649+0000] {logging_mixin.py:188} INFO - [2026-08-20T12:35:25.649+0000] {dag.py:3823} INFO - Setting next_dagrun for dataset_produces_2 to None, run_after=None
[2026-08-20T12:35:25.684+0000] {processor.py:183} INFO - Processing /home/airflow/.local/lib/python3.8/site-packages/airflow/example_dags/example_datasets.py took 0.133 seconds
[2026-08-20T12:35:57.025+0000] {processor.py:161} INFO - Started process (PID=2087) to work on /home/airflow/.local/lib/python3.8/site-packages/airflow/example_dags/example_datasets.py
[2026-08-20T12:35:57.027+0000] {processor.py:830} INFO - Processing file /home/airflow/.local/lib/python3.8/site-packages/airflow/example_dags/example_datasets.py for tasks to queue
[2026-08-20T12:35:57.029+0000] {logging_mixin.py:188} INFO - [2026-08-20T12:35:57.029+0000] {dagbag.py:538} INFO - Filling up the DagBag from /home/airflow/.local/lib/python3.8/site-packages/airflow/example_dags/example_datasets.py
[2026-08-20T12:35:57.038+0000] {processor.py:840} INFO - DAG(s) 'dataset_consumes_1_never_scheduled', 'dataset_produces_2', 'dataset_consumes_1', 'dataset_consumes_1_and_2', 'dataset_consumes_unknown_never_scheduled', 'dataset_produces_1' retrieved from /home/airflow/.local/lib/python3.8/site-packages/airflow/example_dags/example_datasets.py
[2026-08-20T12:35:57.070+0000] {logging_mixin.py:188} INFO - [2026-08-20T12:35:57.070+0000] {dag.py:3036} INFO - Sync 6 DAGs
[2026-08-20T12:35:57.092+0000] {logging_mixin.py:188} INFO - [2026-08-20T12:35:57.092+0000] {dag.py:3823} INFO - Setting next_dagrun for dataset_consumes_1 to None, run_after=None
[2026-08-20T12:35:57.096+0000] {logging_mixin.py:188} INFO - [2026-08-20T12:35:57.096+0000] {dag.py:3823} INFO - Setting next_dagrun for dataset_consumes_1_and_2 to None, run_after=None
[2026-08-20T12:35:57.097+0000] {logging_mixin.py:188} INFO - [2026-08-20T12:35:57.097+0000] {dag.py:3823} INFO - Setting next_dagrun for dataset_consumes_1_never_scheduled to None, run_after=None
[2026-08-20T12:35:57.099+0000] {logging_mixin.py:188} INFO - [2026-08-20T12:35:57.098+0000] {dag.py:3823} INFO - Setting next_dagrun for dataset_consumes_unknown_never_scheduled to None, run_after=None
[2026-08-20T12:35:57.101+0000] {logging_mixin.py:188} INFO - [2026-08-20T12:35:57.101+0000] {dag.py:3823} INFO - Setting next_dagrun for dataset_produces_1 to 2026-08-19 00:00:00+00:00, run_after=2026-08-20 00:00:00+00:00
[2026-08-20T12:35:57.102+0000] {logging_mixin.py:188} INFO - [2026-08-20T12:35:57.102+0000] {dag.py:3823} INFO - Setting next_dagrun for dataset_produces_2 to None, run_after=None
[2026-08-20T12:35:57.129+0000] {processor.py:183} INFO - Processing /home/airflow/.local/lib/python3.8/site-packages/airflow/example_dags/example_datasets.py took 0.108 seconds
[2026-08-20T12:36:27.835+0000] {processor.py:161} INFO - Started process (PID=2173) to work on /home/airflow/.local/lib/python3.8/site-packages/airflow/example_dags/example_datasets.py
[2026-08-20T12:36:27.837+0000] {processor.py:830} INFO - Processing file /home/airflow/.local/lib/python3.8/site-packages/airflow/example_dags/example_datasets.py for tasks to queue
[2026-08-20T12:36:27.842+0000] {logging_mixin.py:188} INFO - [2026-08-20T12:36:27.841+0000] {dagbag.py:538} INFO - Filling up the DagBag from /home/airflow/.local/lib/python3.8/site-packages/airflow/example_dags/example_datasets.py
[2026-08-20T12:36:27.868+0000] {processor.py:840} INFO - DAG(s) 'dataset_consumes_1_never_scheduled', 'dataset_consumes_1', 'dataset_produces_2', 'dataset_consumes_unknown_never_scheduled', 'dataset_produces_1', 'dataset_consumes_1_and_2' retrieved from /home/airflow/.local/lib/python3.8/site-packages/airflow/example_dags/example_datasets.py
[2026-08-20T12:36:27.925+0000] {logging_mixin.py:188} INFO - [2026-08-20T12:36:27.925+0000] {dag.py:3036} INFO - Sync 6 DAGs
[2026-08-20T12:36:27.957+0000] {logging_mixin.py:188} INFO - [2026-08-20T12:36:27.956+0000] {dag.py:3823} INFO - Setting next_dagrun for dataset_consumes_1 to None, run_after=None
[2026-08-20T12:36:27.961+0000] {logging_mixin.py:188} INFO - [2026-08-20T12:36:27.961+0000] {dag.py:3823} INFO - Setting next_dagrun for dataset_consumes_1_and_2 to None, run_after=None
[2026-08-20T12:36:27.963+0000] {logging_mixin.py:188} INFO - [2026-08-20T12:36:27.963+0000] {dag.py:3823} INFO - Setting next_dagrun for dataset_consumes_1_never_scheduled to None, run_after=None
[2026-08-20T12:36:27.965+0000] {logging_mixin.py:188} INFO - [2026-08-20T12:36:27.965+0000] {dag.py:3823} INFO - Setting next_dagrun for dataset_consumes_unknown_never_scheduled to None, run_after=None
[2026-08-20T12:36:27.969+0000] {logging_mixin.py:188} INFO - [2026-08-20T12:36:27.968+0000] {dag.py:3823} INFO - Setting next_dagrun for dataset_produces_1 to 2026-08-19 00:00:00+00:00, run_after=2026-08-20 00:00:00+00:00
[2026-08-20T12:36:27.971+0000] {logging_mixin.py:188} INFO - [2026-08-20T12:36:27.971+0000] {dag.py:3823} INFO - Setting next_dagrun for dataset_produces_2 to None, run_after=None
[2026-08-20T12:36:28.010+0000] {processor.py:183} INFO - Processing /home/airflow/.local/lib/python3.8/site-packages/airflow/example_dags/example_datasets.py took 0.183 seconds
[2026-08-20T12:36:58.541+0000] {processor.py:161} INFO - Started process (PID=2260) to work on /home/airflow/.local/lib/python3.8/site-packages/airflow/example_dags/example_datasets.py
[2026-08-20T12:36:58.543+0000] {processor.py:830} INFO - Processing file /home/airflow/.local/lib/python3.8/site-packages/airflow/example_dags/example_datasets.py for tasks to queue
[2026-08-20T12:36:58.547+0000] {logging_mixin.py:188} INFO - [2026-08-20T12:36:58.546+0000] {dagbag.py:538} INFO - Filling up the DagBag from /home/airflow/.local/lib/python3.8/site-packages/airflow/example_dags/example_datasets.py
[2026-08-20T12:36:58.561+0000] {processor.py:840} INFO - DAG(s) 'dataset_consumes_1_never_scheduled', 'dataset_consumes_1', 'dataset_consumes_unknown_never_scheduled', 'dataset_produces_2', 'dataset_produces_1', 'dataset_consumes_1_and_2' retrieved from /home/airflow/.local/lib/python3.8/site-packages/airflow/example_dags/example_datasets.py
[2026-08-20T12:36:58.607+0000] {logging_mixin.py:188} INFO - [2026-08-20T12:36:58.606+0000] {dag.py:3036} INFO - Sync 6 DAGs
[2026-08-20T12:36:58.637+0000] {logging_mixin.py:188} INFO - [2026-08-20T12:36:58.637+0000] {dag.py:3823} INFO - Setting next_dagrun for dataset_consumes_1 to None, run_after=None
[2026-08-20T12:36:58.643+0000] {logging_mixin.py:188} INFO - [2026-08-20T12:36:58.642+0000] {dag.py:3823} INFO - Setting next_dagrun for dataset_consumes_1_and_2 to None, run_after=None
[2026-08-20T12:36:58.645+0000] {logging_mixin.py:188} INFO - [2026-08-20T12:36:58.645+0000] {dag.py:3823} INFO - Setting next_dagrun for dataset_consumes_1_never_scheduled to None, run_after=None
[2026-08-20T12:36:58.647+0000] {logging_mixin.py:188} INFO - [2026-08-20T12:36:58.647+0000] {dag.py:3823} INFO - Setting next_dagrun for dataset_consumes_unknown_never_scheduled to None, run_after=None
[2026-08-20T12:36:58.650+0000] {logging_mixin.py:188} INFO - [2026-08-20T12:36:58.650+0000] {dag.py:3823} INFO - Setting next_dagrun for dataset_produces_1 to 2026-08-19 00:00:00+00:00, run_after=2026-08-20 00:00:00+00:00
[2026-08-20T12:36:58.653+0000] {logging_mixin.py:188} INFO - [2026-08-20T12:36:58.652+0000] {dag.py:3823} INFO - Setting next_dagrun for dataset_produces_2 to None, run_after=None
[2026-08-20T12:36:58.720+0000] {processor.py:183} INFO - Processing /home/airflow/.local/lib/python3.8/site-packages/airflow/example_dags/example_datasets.py took 0.183 seconds
[2026-08-20T12:37:29.508+0000] {processor.py:161} INFO - Started process (PID=2346) to work on /home/airflow/.local/lib/python3.8/site-packages/airflow/example_dags/example_datasets.py
[2026-08-20T12:37:29.509+0000] {processor.py:830} INFO - Processing file /home/airflow/.local/lib/python3.8/site-packages/airflow/example_dags/example_datasets.py for tasks to queue
[2026-08-20T12:37:29.511+0000] {logging_mixin.py:188} INFO - [2026-08-20T12:37:29.511+0000] {dagbag.py:538} INFO - Filling up the DagBag from /home/airflow/.local/lib/python3.8/site-packages/airflow/example_dags/example_datasets.py
[2026-08-20T12:37:29.521+0000] {processor.py:840} INFO - DAG(s) 'dataset_consumes_1_and_2', 'dataset_consumes_1_never_scheduled', 'dataset_produces_2', 'dataset_produces_1', 'dataset_consumes_unknown_never_scheduled', 'dataset_consumes_1' retrieved from /home/airflow/.local/lib/python3.8/site-packages/airflow/example_dags/example_datasets.py
[2026-08-20T12:37:29.567+0000] {logging_mixin.py:188} INFO - [2026-08-20T12:37:29.567+0000] {dag.py:3036} INFO - Sync 6 DAGs
[2026-08-20T12:37:29.596+0000] {logging_mixin.py:188} INFO - [2026-08-20T12:37:29.595+0000] {dag.py:3823} INFO - Setting next_dagrun for dataset_consumes_1 to None, run_after=None
[2026-08-20T12:37:29.600+0000] {logging_mixin.py:188} INFO - [2026-08-20T12:37:29.600+0000] {dag.py:3823} INFO - Setting next_dagrun for dataset_consumes_1_and_2 to None, run_after=None
[2026-08-20T12:37:29.602+0000] {logging_mixin.py:188} INFO - [2026-08-20T12:37:29.602+0000] {dag.py:3823} INFO - Setting next_dagrun for dataset_consumes_1_never_scheduled to None, run_after=None
[2026-08-20T12:37:29.603+0000] {logging_mixin.py:188} INFO - [2026-08-20T12:37:29.603+0000] {dag.py:3823} INFO - Setting next_dagrun for dataset_consumes_unknown_never_scheduled to None, run_after=None
[2026-08-20T12:37:29.606+0000] {logging_mixin.py:188} INFO - [2026-08-20T12:37:29.605+0000] {dag.py:3823} INFO - Setting next_dagrun for dataset_produces_1 to 2026-08-19 00:00:00+00:00, run_after=2026-08-20 00:00:00+00:00
[2026-08-20T12:37:29.607+0000] {logging_mixin.py:188} INFO - [2026-08-20T12:37:29.607+0000] {dag.py:3823} INFO - Setting next_dagrun for dataset_produces_2 to None, run_after=None
[2026-08-20T12:37:29.638+0000] {processor.py:183} INFO - Processing /home/airflow/.local/lib/python3.8/site-packages/airflow/example_dags/example_datasets.py took 0.134 seconds
[2026-08-20T12:38:00.662+0000] {processor.py:161} INFO - Started process (PID=2432) to work on /home/airflow/.local/lib/python3.8/site-packages/airflow/example_dags/example_datasets.py
[2026-08-20T12:38:00.663+0000] {processor.py:830} INFO - Processing file /home/airflow/.local/lib/python3.8/site-packages/airflow/example_dags/example_datasets.py for tasks to queue
[2026-08-20T12:38:00.665+0000] {logging_mixin.py:188} INFO - [2026-08-20T12:38:00.665+0000] {dagbag.py:538} INFO - Filling up the DagBag from /home/airflow/.local/lib/python3.8/site-packages/airflow/example_dags/example_datasets.py
[2026-08-20T12:38:00.677+0000] {processor.py:840} INFO - DAG(s) 'dataset_consumes_unknown_never_scheduled', 'dataset_produces_2', 'dataset_produces_1', 'dataset_consumes_1_and_2', 'dataset_consumes_1_never_scheduled', 'dataset_consumes_1' retrieved from /home/airflow/.local/lib/python3.8/site-packages/airflow/example_dags/example_datasets.py
[2026-08-20T12:38:00.712+0000] {logging_mixin.py:188} INFO - [2026-08-20T12:38:00.712+0000] {dag.py:3036} INFO - Sync 6 DAGs
[2026-08-20T12:38:00.733+0000] {logging_mixin.py:188} INFO - [2026-08-20T12:38:00.733+0000] {dag.py:3823} INFO - Setting next_dagrun for dataset_consumes_1 to None, run_after=None
[2026-08-20T12:38:00.737+0000] {logging_mixin.py:188} INFO - [2026-08-20T12:38:00.736+0000] {dag.py:3823} INFO - Setting next_dagrun for dataset_consumes_1_and_2 to None, run_after=None
[2026-08-20T12:38:00.738+0000] {logging_mixin.py:188} INFO - [2026-08-20T12:38:00.738+0000] {dag.py:3823} INFO - Setting next_dagrun for dataset_consumes_1_never_scheduled to None, run_after=None
[2026-08-20T12:38:00.740+0000] {logging_mixin.py:188} INFO - [2026-08-20T12:38:00.739+0000] {dag.py:3823} INFO - Setting next_dagrun for dataset_consumes_unknown_never_scheduled to None, run_after=None
[2026-08-20T12:38:00.742+0000] {logging_mixin.py:188} INFO - [2026-08-20T12:38:00.742+0000] {dag.py:3823} INFO - Setting next_dagrun for dataset_produces_1 to 2026-08-19 00:00:00+00:00, run_after=2026-08-20 00:00:00+00:00
[2026-08-20T12:38:00.745+0000] {logging_mixin.py:188} INFO - [2026-08-20T12:38:00.744+0000] {dag.py:3823} INFO - Setting next_dagrun for dataset_produces_2 to None, run_after=None
[2026-08-20T12:38:00.777+0000] {processor.py:183} INFO - Processing /home/airflow/.local/lib/python3.8/site-packages/airflow/example_dags/example_datasets.py took 0.118 seconds
[2026-08-20T12:38:32.158+0000] {processor.py:161} INFO - Started process (PID=2518) to work on /home/airflow/.local/lib/python3.8/site-packages/airflow/example_dags/example_datasets.py
[2026-08-20T12:38:32.159+0000] {processor.py:830} INFO - Processing file /home/airflow/.local/lib/python3.8/site-packages/airflow/example_dags/example_datasets.py for tasks to queue
[2026-08-20T12:38:32.161+0000] {logging_mixin.py:188} INFO - [2026-08-20T12:38:32.161+0000] {dagbag.py:538} INFO - Filling up the DagBag from /home/airflow/.local/lib/python3.8/site-packages/airflow/example_dags/example_datasets.py
[2026-08-20T12:38:32.170+0000] {processor.py:840} INFO - DAG(s) 'dataset_produces_2', 'dataset_consumes_1_never_scheduled', 'dataset_produces_1', 'dataset_consumes_1', 'dataset_consumes_unknown_never_scheduled', 'dataset_consumes_1_and_2' retrieved from /home/airflow/.local/lib/python3.8/site-packages/airflow/example_dags/example_datasets.py
[2026-08-20T12:38:32.207+0000] {logging_mixin.py:188} INFO - [2026-08-20T12:38:32.207+0000] {dag.py:3036} INFO - Sync 6 DAGs
[2026-08-20T12:38:32.228+0000] {logging_mixin.py:188} INFO - [2026-08-20T12:38:32.228+0000] {dag.py:3823} INFO - Setting next_dagrun for dataset_consumes_1 to None, run_after=None
[2026-08-20T12:38:32.232+0000] {logging_mixin.py:188} INFO - [2026-08-20T12:38:32.232+0000] {dag.py:3823} INFO - Setting next_dagrun for dataset_consumes_1_and_2 to None, run_after=None
[2026-08-20T12:38:32.234+0000] {logging_mixin.py:188} INFO - [2026-08-20T12:38:32.234+0000] {dag.py:3823} INFO - Setting next_dagrun for dataset_consumes_1_never_scheduled to None, run_after=None
[2026-08-20T12:38:32.235+0000] {logging_mixin.py:188} INFO - [2026-08-20T12:38:32.235+0000] {dag.py:3823} INFO - Setting next_dagrun for dataset_consumes_unknown_never_scheduled to None, run_after=None
[2026-08-20T12:38:32.238+0000] {logging_mixin.py:188} INFO - [2026-08-20T12:38:32.238+0000] {dag.py:3823} INFO - Setting next_dagrun for dataset_produces_1 to 2026-08-19 00:00:00+00:00, run_after=2026-08-20 00:00:00+00:00
[2026-08-20T12:38:32.239+0000] {logging_mixin.py:188} INFO - [2026-08-20T12:38:32.239+0000] {dag.py:3823} INFO - Setting next_dagrun for dataset_produces_2 to None, run_after=None
[2026-08-20T12:38:32.268+0000] {processor.py:183} INFO - Processing /home/airflow/.local/lib/python3.8/site-packages/airflow/example_dags/example_datasets.py took 0.114 seconds
[2026-08-20T12:39:03.345+0000] {processor.py:161} INFO - Started process (PID=2604) to work on /home/airflow/.local/lib/python3.8/site-packages/airflow/example_dags/example_datasets.py
[2026-08-20T12:39:03.346+0000] {processor.py:830} INFO - Processing file /home/airflow/.local/lib/python3.8/site-packages/airflow/example_dags/example_datasets.py for tasks to queue
[2026-08-20T12:39:03.348+0000] {logging_mixin.py:188} INFO - [2026-08-20T12:39:03.348+0000] {dagbag.py:538} INFO - Filling up the DagBag from /home/airflow/.local/lib/python3.8/site-packages/airflow/example_dags/example_datasets.py
[2026-08-20T12:39:03.360+0000] {processor.py:840} INFO - DAG(s) 'dataset_produces_1', 'dataset_consumes_1', 'dataset_produces_2', 'dataset_consumes_1_and_2', 'dataset_consumes_1_never_scheduled', 'dataset_consumes_unknown_never_scheduled' retrieved from /home/airflow/.local/lib/python3.8/site-packages/airflow/example_dags/example_datasets.py
[2026-08-20T12:39:03.406+0000] {logging_mixin.py:188} INFO - [2026-08-20T12:39:03.405+0000] {dag.py:3036} INFO - Sync 6 DAGs
[2026-08-20T12:39:03.431+0000] {logging_mixin.py:188} INFO - [2026-08-20T12:39:03.430+0000] {dag.py:3823} INFO - Setting next_dagrun for dataset_consumes_1 to None, run_after=None
[2026-08-20T12:39:03.435+0000] {logging_mixin.py:188} INFO - [2026-08-20T12:39:03.435+0000] {dag.py:3823} INFO - Setting next_dagrun for dataset_consumes_1_and_2 to None, run_after=None
[2026-08-20T12:39:03.437+0000] {logging_mixin.py:188} INFO - [2026-08-20T12:39:03.437+0000] {dag.py:3823} INFO - Setting next_dagrun for dataset_consumes_1_never_scheduled to None, run_after=None
[2026-08-20T12:39:03.439+0000] {logging_mixin.py:188} INFO - [2026-08-20T12:39:03.439+0000] {dag.py:3823} INFO - Setting next_dagrun for dataset_consumes_unknown_never_scheduled to None, run_after=None
[2026-08-20T12:39:03.443+0000] {logging_mixin.py:188} INFO - [2026-08-20T12:39:03.443+0000] {dag.py:3823} INFO - Setting next_dagrun for dataset_produces_1 to 2026-08-19 00:00:00+00:00, run_after=2026-08-20 00:00:00+00:00
[2026-08-20T12:39:03.446+0000] {logging_mixin.py:188} INFO - [2026-08-20T12:39:03.446+0000] {dag.py:3823} INFO - Setting next_dagrun for dataset_produces_2 to None, run_after=None
[2026-08-20T12:39:03.491+0000] {processor.py:183} INFO - Processing /home/airflow/.local/lib/python3.8/site-packages/airflow/example_dags/example_datasets.py took 0.150 seconds
[2026-08-20T12:39:34.846+0000] {processor.py:161} INFO - Started process (PID=2690) to work on /home/airflow/.local/lib/python3.8/site-packages/airflow/example_dags/example_datasets.py
[2026-08-20T12:39:34.848+0000] {processor.py:830} INFO - Processing file /home/airflow/.local/lib/python3.8/site-packages/airflow/example_dags/example_datasets.py for tasks to queue
[2026-08-20T12:39:34.850+0000] {logging_mixin.py:188} INFO - [2026-08-20T12:39:34.850+0000] {dagbag.py:538} INFO - Filling up the DagBag from /home/airflow/.local/lib/python3.8/site-packages/airflow/example_dags/example_datasets.py
[2026-08-20T12:39:34.862+0000] {processor.py:840} INFO - DAG(s) 'dataset_produces_2', 'dataset_consumes_1_and_2', 'dataset_consumes_unknown_never_scheduled', 'dataset_consumes_1', 'dataset_produces_1', 'dataset_consumes_1_never_scheduled' retrieved from /home/airflow/.local/lib/python3.8/site-packages/airflow/example_dags/example_datasets.py
[2026-08-20T12:39:34.906+0000] {logging_mixin.py:188} INFO - [2026-08-20T12:39:34.906+0000] {dag.py:3036} INFO - Sync 6 DAGs
[2026-08-20T12:39:34.932+0000] {logging_mixin.py:188} INFO - [2026-08-20T12:39:34.931+0000] {dag.py:3823} INFO - Setting next_dagrun for dataset_consumes_1 to None, run_after=None
[2026-08-20T12:39:34.937+0000] {logging_mixin.py:188} INFO - [2026-08-20T12:39:34.937+0000] {dag.py:3823} INFO - Setting next_dagrun for dataset_consumes_1_and_2 to None, run_after=None
[2026-08-20T12:39:34.940+0000] {logging_mixin.py:188} INFO - [2026-08-20T12:39:34.940+0000] {dag.py:3823} INFO - Setting next_dagrun for dataset_consumes_1_never_scheduled to None, run_after=None
[2026-08-20T12:39:34.945+0000] {logging_mixin.py:188} INFO - [2026-08-20T12:39:34.945+0000] {dag.py:3823} INFO - Setting next_dagrun for dataset_consumes_unknown_never_scheduled to None, run_after=None
[2026-08-20T12:39:34.951+0000] {logging_mixin.py:188} INFO - [2026-08-20T12:39:34.950+0000] {dag.py:3823} INFO - Setting next_dagrun for dataset_produces_1 to 2026-08-19 00:00:00+00:00, run_after=2026-08-20 00:00:00+00:00
[2026-08-20T12:39:34.953+0000] {logging_mixin.py:188} INFO - [2026-08-20T12:39:34.953+0000] {dag.py:3823} INFO - Setting next_dagrun for dataset_produces_2 to None, run_after=None
[2026-08-20T12:39:34.993+0000] {processor.py:183} INFO - Processing /home/airflow/.local/lib/python3.8/site-packages/airflow/example_dags/example_datasets.py took 0.150 seconds
[2026-08-20T12:40:05.567+0000] {processor.py:161} INFO - Started process (PID=2777) to work on /home/airflow/.local/lib/python3.8/site-packages/airflow/example_dags/example_datasets.py
[2026-08-20T12:40:05.568+0000] {processor.py:830} INFO - Processing file /home/airflow/.local/lib/python3.8/site-packages/airflow/example_dags/example_datasets.py for tasks to queue
[2026-08-20T12:40:05.570+0000] {logging_mixin.py:188} INFO - [2026-08-20T12:40:05.570+0000] {dagbag.py:538} INFO - Filling up the DagBag from /home/airflow/.local/lib/python3.8/site-packages/airflow/example_dags/example_datasets.py
[2026-08-20T12:40:05.580+0000] {processor.py:840} INFO - DAG(s) 'dataset_produces_2', 'dataset_consumes_1_and_2', 'dataset_produces_1', 'dataset_consumes_1_never_scheduled', 'dataset_consumes_1', 'dataset_consumes_unknown_never_scheduled' retrieved from /home/airflow/.local/lib/python3.8/site-packages/airflow/example_dags/example_datasets.py
[2026-08-20T12:40:05.615+0000] {logging_mixin.py:188} INFO - [2026-08-20T12:40:05.615+0000] {dag.py:3036} INFO - Sync 6 DAGs
[2026-08-20T12:40:05.637+0000] {logging_mixin.py:188} INFO - [2026-08-20T12:40:05.637+0000] {dag.py:3823} INFO - Setting next_dagrun for dataset_consumes_1 to None, run_after=None
[2026-08-20T12:40:05.641+0000] {logging_mixin.py:188} INFO - [2026-08-20T12:40:05.641+0000] {dag.py:3823} INFO - Setting next_dagrun for dataset_consumes_1_and_2 to None, run_after=None
[2026-08-20T12:40:05.643+0000] {logging_mixin.py:188} INFO - [2026-08-20T12:40:05.643+0000] {dag.py:3823} INFO - Setting next_dagrun for dataset_consumes_1_never_scheduled to None, run_after=None
[2026-08-20T12:40:05.645+0000] {logging_mixin.py:188} INFO - [2026-08-20T12:40:05.645+0000] {dag.py:3823} INFO - Setting next_dagrun for dataset_consumes_unknown_never_scheduled to None, run_after=None
[2026-08-20T12:40:05.648+0000] {logging_mixin.py:188} INFO - [2026-08-20T12:40:05.648+0000] {dag.py:3823} INFO - Setting next_dagrun for dataset_produces_1 to 2026-08-19 00:00:00+00:00, run_after=2026-08-20 00:00:00+00:00
[2026-08-20T12:40:05.650+0000] {logging_mixin.py:188} INFO - [2026-08-20T12:40:05.650+0000] {dag.py:3823} INFO - Setting next_dagrun for dataset_produces_2 to None, run_after=None
[2026-08-20T12:40:05.682+0000] {processor.py:183} INFO - Processing /home/airflow/.local/lib/python3.8/site-packages/airflow/example_dags/example_datasets.py took 0.119 seconds
