[2026-08-18T12:20:28.571+0000] {taskinstance.py:1956} INFO - Dependencies all met for dep_context=non-requeueable deps ti=<TaskInstance: jour2_dependances.extraire_idf scheduled__2026-08-17T00:00:00+00:00 [queued]>
[2026-08-18T12:20:28.589+0000] {taskinstance.py:1956} INFO - Dependencies all met for dep_context=requeueable deps ti=<TaskInstance: jour2_dependances.extraire_idf scheduled__2026-08-17T00:00:00+00:00 [queued]>
[2026-08-18T12:20:28.590+0000] {taskinstance.py:2170} INFO - Starting attempt 2 of 2
[2026-08-18T12:20:28.607+0000] {taskinstance.py:2191} INFO - Executing <Task(PythonOperator): extraire_idf> on 2026-08-17 00:00:00+00:00
[2026-08-18T12:20:28.615+0000] {standard_task_runner.py:60} INFO - Started process 265 to run task
[2026-08-18T12:20:28.619+0000] {standard_task_runner.py:87} INFO - Running: ['***', 'tasks', 'run', 'jour2_dependances', 'extraire_idf', 'scheduled__2026-08-17T00:00:00+00:00', '--job-id', '448', '--raw', '--subdir', 'DAGS_FOLDER/dag_dependencies.py', '--cfg-path', '/tmp/tmpfq_gkex7']
[2026-08-18T12:20:28.621+0000] {standard_task_runner.py:88} INFO - Job 448: Subtask extraire_idf
[2026-08-18T12:20:28.688+0000] {task_command.py:423} INFO - Running <TaskInstance: jour2_dependances.extraire_idf scheduled__2026-08-17T00:00:00+00:00 [running]> on host 62af633ee778
[2026-08-18T12:20:28.758+0000] {taskinstance.py:2480} INFO - Exporting env vars: AIRFLOW_CTX_DAG_OWNER='sung' AIRFLOW_CTX_DAG_ID='jour2_dependances' AIRFLOW_CTX_TASK_ID='extraire_idf' AIRFLOW_CTX_EXECUTION_DATE='2026-08-17T00:00:00+00:00' AIRFLOW_CTX_TRY_NUMBER='2' AIRFLOW_CTX_DAG_RUN_ID='scheduled__2026-08-17T00:00:00+00:00'
[2026-08-18T12:20:28.760+0000] {taskinstance.py:2698} ERROR - Task failed with exception
Traceback (most recent call last):
  File "/home/airflow/.local/lib/python3.8/site-packages/airflow/models/taskinstance.py", line 433, in _execute_task
    result = execute_callable(context=context, **execute_callable_kwargs)
  File "/home/airflow/.local/lib/python3.8/site-packages/airflow/operators/python.py", line 199, in execute
    return_value = self.execute_callable()
  File "/home/airflow/.local/lib/python3.8/site-packages/airflow/operators/python.py", line 216, in execute_callable
    return self.python_callable(*self.op_args, **self.op_kwargs)
  File "/opt/airflow/dags/dag_dependencies.py", line 41, in extraire_region
    df = pd.DataFrame({
  File "/home/airflow/.local/lib/python3.8/site-packages/pandas/core/frame.py", line 709, in __init__
    mgr = dict_to_mgr(data, index, columns, dtype=dtype, copy=copy, typ=manager)
  File "/home/airflow/.local/lib/python3.8/site-packages/pandas/core/internals/construction.py", line 481, in dict_to_mgr
    return arrays_to_mgr(arrays, columns, index, dtype=dtype, typ=typ, consolidate=copy)
  File "/home/airflow/.local/lib/python3.8/site-packages/pandas/core/internals/construction.py", line 115, in arrays_to_mgr
    index = _extract_index(arrays)
  File "/home/airflow/.local/lib/python3.8/site-packages/pandas/core/internals/construction.py", line 655, in _extract_index
    raise ValueError("All arrays must be of the same length")
ValueError: All arrays must be of the same length
[2026-08-18T12:20:28.772+0000] {taskinstance.py:1138} INFO - Marking task as FAILED. dag_id=jour2_dependances, task_id=extraire_idf, execution_date=20260817T000000, start_date=20260818T122028, end_date=20260818T122028
[2026-08-18T12:20:28.783+0000] {standard_task_runner.py:107} ERROR - Failed to execute job 448 for task extraire_idf (All arrays must be of the same length; 265)
[2026-08-18T12:20:28.832+0000] {local_task_job_runner.py:234} INFO - Task exited with return code 1
[2026-08-18T12:20:28.854+0000] {taskinstance.py:3280} INFO - 0 downstream tasks scheduled from follow-on schedule check
