[2026-08-17T11:23:54.043+0000] {processor.py:161} INFO - Started process (PID=65) to work on /opt/airflow/dags/dag_taskflow_intro.py
[2026-08-17T11:23:54.048+0000] {processor.py:830} INFO - Processing file /opt/airflow/dags/dag_taskflow_intro.py for tasks to queue
[2026-08-17T11:23:54.057+0000] {logging_mixin.py:188} INFO - [2026-08-17T11:23:54.056+0000] {dagbag.py:538} INFO - Filling up the DagBag from /opt/airflow/dags/dag_taskflow_intro.py
[2026-08-17T11:23:56.336+0000] {processor.py:840} INFO - DAG(s) 'jour4_taskflow_intro' retrieved from /opt/airflow/dags/dag_taskflow_intro.py
[2026-08-17T11:23:57.066+0000] {logging_mixin.py:188} INFO - [2026-08-17T11:23:57.065+0000] {dag.py:3036} INFO - Sync 1 DAGs
[2026-08-17T11:23:57.119+0000] {logging_mixin.py:188} INFO - [2026-08-17T11:23:57.118+0000] {dag.py:3823} INFO - Setting next_dagrun for jour4_taskflow_intro to 2026-08-16 00:00:00+00:00, run_after=2026-08-17 00:00:00+00:00
[2026-08-17T11:23:57.227+0000] {processor.py:183} INFO - Processing /opt/airflow/dags/dag_taskflow_intro.py took 3.189 seconds
[2026-08-17T11:24:28.194+0000] {processor.py:161} INFO - Started process (PID=177) to work on /opt/airflow/dags/dag_taskflow_intro.py
[2026-08-17T11:24:28.208+0000] {processor.py:830} INFO - Processing file /opt/airflow/dags/dag_taskflow_intro.py for tasks to queue
[2026-08-17T11:24:28.242+0000] {logging_mixin.py:188} INFO - [2026-08-17T11:24:28.215+0000] {dagbag.py:538} INFO - Filling up the DagBag from /opt/airflow/dags/dag_taskflow_intro.py
[2026-08-17T11:24:30.862+0000] {processor.py:840} INFO - DAG(s) 'jour4_taskflow_intro' retrieved from /opt/airflow/dags/dag_taskflow_intro.py
[2026-08-17T11:24:30.907+0000] {logging_mixin.py:188} INFO - [2026-08-17T11:24:30.906+0000] {dag.py:3036} INFO - Sync 1 DAGs
[2026-08-17T11:24:30.974+0000] {logging_mixin.py:188} INFO - [2026-08-17T11:24:30.973+0000] {dag.py:3823} INFO - Setting next_dagrun for jour4_taskflow_intro to 2026-08-17 00:00:00+00:00, run_after=2026-08-18 00:00:00+00:00
[2026-08-17T11:24:31.040+0000] {processor.py:183} INFO - Processing /opt/airflow/dags/dag_taskflow_intro.py took 2.872 seconds
[2026-08-17T11:25:01.331+0000] {processor.py:161} INFO - Started process (PID=267) to work on /opt/airflow/dags/dag_taskflow_intro.py
[2026-08-17T11:25:01.333+0000] {processor.py:830} INFO - Processing file /opt/airflow/dags/dag_taskflow_intro.py for tasks to queue
[2026-08-17T11:25:01.337+0000] {logging_mixin.py:188} INFO - [2026-08-17T11:25:01.336+0000] {dagbag.py:538} INFO - Filling up the DagBag from /opt/airflow/dags/dag_taskflow_intro.py
[2026-08-17T11:25:02.032+0000] {processor.py:840} INFO - DAG(s) 'jour4_taskflow_intro' retrieved from /opt/airflow/dags/dag_taskflow_intro.py
[2026-08-17T11:25:02.050+0000] {logging_mixin.py:188} INFO - [2026-08-17T11:25:02.049+0000] {dag.py:3036} INFO - Sync 1 DAGs
[2026-08-17T11:25:02.081+0000] {logging_mixin.py:188} INFO - [2026-08-17T11:25:02.080+0000] {dag.py:3823} INFO - Setting next_dagrun for jour4_taskflow_intro to 2026-08-17 00:00:00+00:00, run_after=2026-08-18 00:00:00+00:00
[2026-08-17T11:25:02.125+0000] {processor.py:183} INFO - Processing /opt/airflow/dags/dag_taskflow_intro.py took 0.799 seconds
[2026-08-17T11:25:32.376+0000] {processor.py:161} INFO - Started process (PID=342) to work on /opt/airflow/dags/dag_taskflow_intro.py
[2026-08-17T11:25:32.379+0000] {processor.py:830} INFO - Processing file /opt/airflow/dags/dag_taskflow_intro.py for tasks to queue
[2026-08-17T11:25:32.384+0000] {logging_mixin.py:188} INFO - [2026-08-17T11:25:32.383+0000] {dagbag.py:538} INFO - Filling up the DagBag from /opt/airflow/dags/dag_taskflow_intro.py
[2026-08-17T11:25:32.851+0000] {processor.py:840} INFO - DAG(s) 'jour4_taskflow_intro' retrieved from /opt/airflow/dags/dag_taskflow_intro.py
[2026-08-17T11:25:32.868+0000] {logging_mixin.py:188} INFO - [2026-08-17T11:25:32.868+0000] {dag.py:3036} INFO - Sync 1 DAGs
[2026-08-17T11:25:32.889+0000] {logging_mixin.py:188} INFO - [2026-08-17T11:25:32.888+0000] {dag.py:3823} INFO - Setting next_dagrun for jour4_taskflow_intro to 2026-08-17 00:00:00+00:00, run_after=2026-08-18 00:00:00+00:00
[2026-08-17T11:25:32.919+0000] {processor.py:183} INFO - Processing /opt/airflow/dags/dag_taskflow_intro.py took 0.552 seconds
[2026-08-17T11:26:03.569+0000] {processor.py:161} INFO - Started process (PID=417) to work on /opt/airflow/dags/dag_taskflow_intro.py
[2026-08-17T11:26:03.571+0000] {processor.py:830} INFO - Processing file /opt/airflow/dags/dag_taskflow_intro.py for tasks to queue
[2026-08-17T11:26:03.575+0000] {logging_mixin.py:188} INFO - [2026-08-17T11:26:03.574+0000] {dagbag.py:538} INFO - Filling up the DagBag from /opt/airflow/dags/dag_taskflow_intro.py
[2026-08-17T11:26:04.098+0000] {processor.py:840} INFO - DAG(s) 'jour4_taskflow_intro' retrieved from /opt/airflow/dags/dag_taskflow_intro.py
[2026-08-17T11:26:04.118+0000] {logging_mixin.py:188} INFO - [2026-08-17T11:26:04.118+0000] {dag.py:3036} INFO - Sync 1 DAGs
[2026-08-17T11:26:04.141+0000] {logging_mixin.py:188} INFO - [2026-08-17T11:26:04.141+0000] {dag.py:3823} INFO - Setting next_dagrun for jour4_taskflow_intro to 2026-08-17 00:00:00+00:00, run_after=2026-08-18 00:00:00+00:00
[2026-08-17T11:26:04.163+0000] {processor.py:183} INFO - Processing /opt/airflow/dags/dag_taskflow_intro.py took 0.601 seconds
[2026-08-17T11:26:34.773+0000] {processor.py:161} INFO - Started process (PID=495) to work on /opt/airflow/dags/dag_taskflow_intro.py
[2026-08-17T11:26:34.775+0000] {processor.py:830} INFO - Processing file /opt/airflow/dags/dag_taskflow_intro.py for tasks to queue
[2026-08-17T11:26:34.777+0000] {logging_mixin.py:188} INFO - [2026-08-17T11:26:34.776+0000] {dagbag.py:538} INFO - Filling up the DagBag from /opt/airflow/dags/dag_taskflow_intro.py
[2026-08-17T11:26:35.150+0000] {processor.py:840} INFO - DAG(s) 'jour4_taskflow_intro' retrieved from /opt/airflow/dags/dag_taskflow_intro.py
[2026-08-17T11:26:35.168+0000] {logging_mixin.py:188} INFO - [2026-08-17T11:26:35.167+0000] {dag.py:3036} INFO - Sync 1 DAGs
[2026-08-17T11:26:35.187+0000] {logging_mixin.py:188} INFO - [2026-08-17T11:26:35.187+0000] {dag.py:3823} INFO - Setting next_dagrun for jour4_taskflow_intro to 2026-08-17 00:00:00+00:00, run_after=2026-08-18 00:00:00+00:00
[2026-08-17T11:26:35.204+0000] {processor.py:183} INFO - Processing /opt/airflow/dags/dag_taskflow_intro.py took 0.434 seconds
[2026-08-17T11:27:05.313+0000] {processor.py:161} INFO - Started process (PID=570) to work on /opt/airflow/dags/dag_taskflow_intro.py
[2026-08-17T11:27:05.315+0000] {processor.py:830} INFO - Processing file /opt/airflow/dags/dag_taskflow_intro.py for tasks to queue
[2026-08-17T11:27:05.317+0000] {logging_mixin.py:188} INFO - [2026-08-17T11:27:05.316+0000] {dagbag.py:538} INFO - Filling up the DagBag from /opt/airflow/dags/dag_taskflow_intro.py
[2026-08-17T11:27:05.680+0000] {processor.py:840} INFO - DAG(s) 'jour4_taskflow_intro' retrieved from /opt/airflow/dags/dag_taskflow_intro.py
[2026-08-17T11:27:05.697+0000] {logging_mixin.py:188} INFO - [2026-08-17T11:27:05.697+0000] {dag.py:3036} INFO - Sync 1 DAGs
[2026-08-17T11:27:05.715+0000] {logging_mixin.py:188} INFO - [2026-08-17T11:27:05.715+0000] {dag.py:3823} INFO - Setting next_dagrun for jour4_taskflow_intro to 2026-08-17 00:00:00+00:00, run_after=2026-08-18 00:00:00+00:00
[2026-08-17T11:27:05.731+0000] {processor.py:183} INFO - Processing /opt/airflow/dags/dag_taskflow_intro.py took 0.421 seconds
[2026-08-17T11:27:35.869+0000] {processor.py:161} INFO - Started process (PID=645) to work on /opt/airflow/dags/dag_taskflow_intro.py
[2026-08-17T11:27:35.870+0000] {processor.py:830} INFO - Processing file /opt/airflow/dags/dag_taskflow_intro.py for tasks to queue
[2026-08-17T11:27:35.873+0000] {logging_mixin.py:188} INFO - [2026-08-17T11:27:35.872+0000] {dagbag.py:538} INFO - Filling up the DagBag from /opt/airflow/dags/dag_taskflow_intro.py
[2026-08-17T11:27:36.264+0000] {processor.py:840} INFO - DAG(s) 'jour4_taskflow_intro' retrieved from /opt/airflow/dags/dag_taskflow_intro.py
[2026-08-17T11:27:36.532+0000] {logging_mixin.py:188} INFO - [2026-08-17T11:27:36.531+0000] {dag.py:3036} INFO - Sync 1 DAGs
[2026-08-17T11:27:36.562+0000] {logging_mixin.py:188} INFO - [2026-08-17T11:27:36.561+0000] {dag.py:3823} INFO - Setting next_dagrun for jour4_taskflow_intro to 2026-08-17 00:00:00+00:00, run_after=2026-08-18 00:00:00+00:00
[2026-08-17T11:27:36.585+0000] {processor.py:183} INFO - Processing /opt/airflow/dags/dag_taskflow_intro.py took 0.720 seconds
[2026-08-17T11:28:06.921+0000] {processor.py:161} INFO - Started process (PID=720) to work on /opt/airflow/dags/dag_taskflow_intro.py
[2026-08-17T11:28:06.922+0000] {processor.py:830} INFO - Processing file /opt/airflow/dags/dag_taskflow_intro.py for tasks to queue
[2026-08-17T11:28:06.924+0000] {logging_mixin.py:188} INFO - [2026-08-17T11:28:06.924+0000] {dagbag.py:538} INFO - Filling up the DagBag from /opt/airflow/dags/dag_taskflow_intro.py
[2026-08-17T11:28:07.278+0000] {processor.py:840} INFO - DAG(s) 'jour4_taskflow_intro' retrieved from /opt/airflow/dags/dag_taskflow_intro.py
[2026-08-17T11:28:07.295+0000] {logging_mixin.py:188} INFO - [2026-08-17T11:28:07.295+0000] {dag.py:3036} INFO - Sync 1 DAGs
[2026-08-17T11:28:07.314+0000] {logging_mixin.py:188} INFO - [2026-08-17T11:28:07.314+0000] {dag.py:3823} INFO - Setting next_dagrun for jour4_taskflow_intro to 2026-08-17 00:00:00+00:00, run_after=2026-08-18 00:00:00+00:00
[2026-08-17T11:28:07.335+0000] {processor.py:183} INFO - Processing /opt/airflow/dags/dag_taskflow_intro.py took 0.418 seconds
[2026-08-17T11:28:37.528+0000] {processor.py:161} INFO - Started process (PID=795) to work on /opt/airflow/dags/dag_taskflow_intro.py
[2026-08-17T11:28:37.529+0000] {processor.py:830} INFO - Processing file /opt/airflow/dags/dag_taskflow_intro.py for tasks to queue
[2026-08-17T11:28:37.532+0000] {logging_mixin.py:188} INFO - [2026-08-17T11:28:37.531+0000] {dagbag.py:538} INFO - Filling up the DagBag from /opt/airflow/dags/dag_taskflow_intro.py
[2026-08-17T11:28:37.916+0000] {processor.py:840} INFO - DAG(s) 'jour4_taskflow_intro' retrieved from /opt/airflow/dags/dag_taskflow_intro.py
[2026-08-17T11:28:37.932+0000] {logging_mixin.py:188} INFO - [2026-08-17T11:28:37.932+0000] {dag.py:3036} INFO - Sync 1 DAGs
[2026-08-17T11:28:37.950+0000] {logging_mixin.py:188} INFO - [2026-08-17T11:28:37.950+0000] {dag.py:3823} INFO - Setting next_dagrun for jour4_taskflow_intro to 2026-08-17 00:00:00+00:00, run_after=2026-08-18 00:00:00+00:00
[2026-08-17T11:28:37.970+0000] {processor.py:183} INFO - Processing /opt/airflow/dags/dag_taskflow_intro.py took 0.445 seconds
[2026-08-17T11:29:08.330+0000] {processor.py:161} INFO - Started process (PID=874) to work on /opt/airflow/dags/dag_taskflow_intro.py
[2026-08-17T11:29:08.331+0000] {processor.py:830} INFO - Processing file /opt/airflow/dags/dag_taskflow_intro.py for tasks to queue
[2026-08-17T11:29:08.334+0000] {logging_mixin.py:188} INFO - [2026-08-17T11:29:08.334+0000] {dagbag.py:538} INFO - Filling up the DagBag from /opt/airflow/dags/dag_taskflow_intro.py
[2026-08-17T11:29:08.730+0000] {processor.py:840} INFO - DAG(s) 'jour4_taskflow_intro' retrieved from /opt/airflow/dags/dag_taskflow_intro.py
[2026-08-17T11:29:08.747+0000] {logging_mixin.py:188} INFO - [2026-08-17T11:29:08.746+0000] {dag.py:3036} INFO - Sync 1 DAGs
[2026-08-17T11:29:08.766+0000] {logging_mixin.py:188} INFO - [2026-08-17T11:29:08.766+0000] {dag.py:3823} INFO - Setting next_dagrun for jour4_taskflow_intro to 2026-08-17 00:00:00+00:00, run_after=2026-08-18 00:00:00+00:00
[2026-08-17T11:29:08.784+0000] {processor.py:183} INFO - Processing /opt/airflow/dags/dag_taskflow_intro.py took 0.460 seconds
[2026-08-17T11:29:38.877+0000] {processor.py:161} INFO - Started process (PID=953) to work on /opt/airflow/dags/dag_taskflow_intro.py
[2026-08-17T11:29:38.878+0000] {processor.py:830} INFO - Processing file /opt/airflow/dags/dag_taskflow_intro.py for tasks to queue
[2026-08-17T11:29:38.881+0000] {logging_mixin.py:188} INFO - [2026-08-17T11:29:38.880+0000] {dagbag.py:538} INFO - Filling up the DagBag from /opt/airflow/dags/dag_taskflow_intro.py
[2026-08-17T11:29:39.245+0000] {processor.py:840} INFO - DAG(s) 'jour4_taskflow_intro' retrieved from /opt/airflow/dags/dag_taskflow_intro.py
[2026-08-17T11:29:39.262+0000] {logging_mixin.py:188} INFO - [2026-08-17T11:29:39.261+0000] {dag.py:3036} INFO - Sync 1 DAGs
[2026-08-17T11:29:39.281+0000] {logging_mixin.py:188} INFO - [2026-08-17T11:29:39.280+0000] {dag.py:3823} INFO - Setting next_dagrun for jour4_taskflow_intro to 2026-08-17 00:00:00+00:00, run_after=2026-08-18 00:00:00+00:00
[2026-08-17T11:29:39.298+0000] {processor.py:183} INFO - Processing /opt/airflow/dags/dag_taskflow_intro.py took 0.425 seconds
[2026-08-17T11:30:09.454+0000] {processor.py:161} INFO - Started process (PID=1032) to work on /opt/airflow/dags/dag_taskflow_intro.py
[2026-08-17T11:30:09.455+0000] {processor.py:830} INFO - Processing file /opt/airflow/dags/dag_taskflow_intro.py for tasks to queue
[2026-08-17T11:30:09.458+0000] {logging_mixin.py:188} INFO - [2026-08-17T11:30:09.457+0000] {dagbag.py:538} INFO - Filling up the DagBag from /opt/airflow/dags/dag_taskflow_intro.py
[2026-08-17T11:30:09.825+0000] {processor.py:840} INFO - DAG(s) 'jour4_taskflow_intro' retrieved from /opt/airflow/dags/dag_taskflow_intro.py
[2026-08-17T11:30:09.843+0000] {logging_mixin.py:188} INFO - [2026-08-17T11:30:09.842+0000] {dag.py:3036} INFO - Sync 1 DAGs
[2026-08-17T11:30:09.861+0000] {logging_mixin.py:188} INFO - [2026-08-17T11:30:09.860+0000] {dag.py:3823} INFO - Setting next_dagrun for jour4_taskflow_intro to 2026-08-17 00:00:00+00:00, run_after=2026-08-18 00:00:00+00:00
[2026-08-17T11:30:10.020+0000] {processor.py:183} INFO - Processing /opt/airflow/dags/dag_taskflow_intro.py took 0.570 seconds
[2026-08-17T11:30:40.364+0000] {processor.py:161} INFO - Started process (PID=1111) to work on /opt/airflow/dags/dag_taskflow_intro.py
[2026-08-17T11:30:40.365+0000] {processor.py:830} INFO - Processing file /opt/airflow/dags/dag_taskflow_intro.py for tasks to queue
[2026-08-17T11:30:40.367+0000] {logging_mixin.py:188} INFO - [2026-08-17T11:30:40.366+0000] {dagbag.py:538} INFO - Filling up the DagBag from /opt/airflow/dags/dag_taskflow_intro.py
[2026-08-17T11:30:40.767+0000] {processor.py:840} INFO - DAG(s) 'jour4_taskflow_intro' retrieved from /opt/airflow/dags/dag_taskflow_intro.py
[2026-08-17T11:30:40.785+0000] {logging_mixin.py:188} INFO - [2026-08-17T11:30:40.784+0000] {dag.py:3036} INFO - Sync 1 DAGs
[2026-08-17T11:30:40.806+0000] {logging_mixin.py:188} INFO - [2026-08-17T11:30:40.806+0000] {dag.py:3823} INFO - Setting next_dagrun for jour4_taskflow_intro to 2026-08-17 00:00:00+00:00, run_after=2026-08-18 00:00:00+00:00
[2026-08-17T11:30:40.867+0000] {processor.py:183} INFO - Processing /opt/airflow/dags/dag_taskflow_intro.py took 0.507 seconds
[2026-08-17T11:31:11.180+0000] {processor.py:161} INFO - Started process (PID=1190) to work on /opt/airflow/dags/dag_taskflow_intro.py
[2026-08-17T11:31:11.182+0000] {processor.py:830} INFO - Processing file /opt/airflow/dags/dag_taskflow_intro.py for tasks to queue
[2026-08-17T11:31:11.186+0000] {logging_mixin.py:188} INFO - [2026-08-17T11:31:11.185+0000] {dagbag.py:538} INFO - Filling up the DagBag from /opt/airflow/dags/dag_taskflow_intro.py
[2026-08-17T11:31:11.621+0000] {processor.py:840} INFO - DAG(s) 'jour4_taskflow_intro' retrieved from /opt/airflow/dags/dag_taskflow_intro.py
[2026-08-17T11:31:11.640+0000] {logging_mixin.py:188} INFO - [2026-08-17T11:31:11.639+0000] {dag.py:3036} INFO - Sync 1 DAGs
[2026-08-17T11:31:11.660+0000] {logging_mixin.py:188} INFO - [2026-08-17T11:31:11.660+0000] {dag.py:3823} INFO - Setting next_dagrun for jour4_taskflow_intro to 2026-08-17 00:00:00+00:00, run_after=2026-08-18 00:00:00+00:00
[2026-08-17T11:31:11.728+0000] {processor.py:183} INFO - Processing /opt/airflow/dags/dag_taskflow_intro.py took 0.551 seconds
[2026-08-17T11:31:42.163+0000] {processor.py:161} INFO - Started process (PID=1269) to work on /opt/airflow/dags/dag_taskflow_intro.py
[2026-08-17T11:31:42.164+0000] {processor.py:830} INFO - Processing file /opt/airflow/dags/dag_taskflow_intro.py for tasks to queue
[2026-08-17T11:31:42.166+0000] {logging_mixin.py:188} INFO - [2026-08-17T11:31:42.166+0000] {dagbag.py:538} INFO - Filling up the DagBag from /opt/airflow/dags/dag_taskflow_intro.py
[2026-08-17T11:31:42.513+0000] {processor.py:840} INFO - DAG(s) 'jour4_taskflow_intro' retrieved from /opt/airflow/dags/dag_taskflow_intro.py
[2026-08-17T11:31:42.530+0000] {logging_mixin.py:188} INFO - [2026-08-17T11:31:42.529+0000] {dag.py:3036} INFO - Sync 1 DAGs
[2026-08-17T11:31:42.548+0000] {logging_mixin.py:188} INFO - [2026-08-17T11:31:42.547+0000] {dag.py:3823} INFO - Setting next_dagrun for jour4_taskflow_intro to 2026-08-17 00:00:00+00:00, run_after=2026-08-18 00:00:00+00:00
[2026-08-17T11:31:42.598+0000] {processor.py:183} INFO - Processing /opt/airflow/dags/dag_taskflow_intro.py took 0.439 seconds
[2026-08-17T11:32:12.864+0000] {processor.py:161} INFO - Started process (PID=1349) to work on /opt/airflow/dags/dag_taskflow_intro.py
[2026-08-17T11:32:12.866+0000] {processor.py:830} INFO - Processing file /opt/airflow/dags/dag_taskflow_intro.py for tasks to queue
[2026-08-17T11:32:12.868+0000] {logging_mixin.py:188} INFO - [2026-08-17T11:32:12.868+0000] {dagbag.py:538} INFO - Filling up the DagBag from /opt/airflow/dags/dag_taskflow_intro.py
[2026-08-17T11:32:13.236+0000] {processor.py:840} INFO - DAG(s) 'jour4_taskflow_intro' retrieved from /opt/airflow/dags/dag_taskflow_intro.py
[2026-08-17T11:32:13.253+0000] {logging_mixin.py:188} INFO - [2026-08-17T11:32:13.252+0000] {dag.py:3036} INFO - Sync 1 DAGs
[2026-08-17T11:32:13.270+0000] {logging_mixin.py:188} INFO - [2026-08-17T11:32:13.269+0000] {dag.py:3823} INFO - Setting next_dagrun for jour4_taskflow_intro to 2026-08-17 00:00:00+00:00, run_after=2026-08-18 00:00:00+00:00
[2026-08-17T11:32:13.329+0000] {processor.py:183} INFO - Processing /opt/airflow/dags/dag_taskflow_intro.py took 0.469 seconds
[2026-08-17T11:32:43.899+0000] {processor.py:161} INFO - Started process (PID=1428) to work on /opt/airflow/dags/dag_taskflow_intro.py
[2026-08-17T11:32:43.900+0000] {processor.py:830} INFO - Processing file /opt/airflow/dags/dag_taskflow_intro.py for tasks to queue
[2026-08-17T11:32:43.902+0000] {logging_mixin.py:188} INFO - [2026-08-17T11:32:43.902+0000] {dagbag.py:538} INFO - Filling up the DagBag from /opt/airflow/dags/dag_taskflow_intro.py
[2026-08-17T11:32:44.262+0000] {processor.py:840} INFO - DAG(s) 'jour4_taskflow_intro' retrieved from /opt/airflow/dags/dag_taskflow_intro.py
[2026-08-17T11:32:44.282+0000] {logging_mixin.py:188} INFO - [2026-08-17T11:32:44.281+0000] {dag.py:3036} INFO - Sync 1 DAGs
[2026-08-17T11:32:44.301+0000] {logging_mixin.py:188} INFO - [2026-08-17T11:32:44.301+0000] {dag.py:3823} INFO - Setting next_dagrun for jour4_taskflow_intro to 2026-08-17 00:00:00+00:00, run_after=2026-08-18 00:00:00+00:00
[2026-08-17T11:32:44.377+0000] {processor.py:183} INFO - Processing /opt/airflow/dags/dag_taskflow_intro.py took 0.482 seconds
[2026-08-17T11:33:14.918+0000] {processor.py:161} INFO - Started process (PID=1507) to work on /opt/airflow/dags/dag_taskflow_intro.py
[2026-08-17T11:33:14.919+0000] {processor.py:830} INFO - Processing file /opt/airflow/dags/dag_taskflow_intro.py for tasks to queue
[2026-08-17T11:33:14.921+0000] {logging_mixin.py:188} INFO - [2026-08-17T11:33:14.921+0000] {dagbag.py:538} INFO - Filling up the DagBag from /opt/airflow/dags/dag_taskflow_intro.py
[2026-08-17T11:33:15.315+0000] {processor.py:840} INFO - DAG(s) 'jour4_taskflow_intro' retrieved from /opt/airflow/dags/dag_taskflow_intro.py
[2026-08-17T11:33:15.333+0000] {logging_mixin.py:188} INFO - [2026-08-17T11:33:15.333+0000] {dag.py:3036} INFO - Sync 1 DAGs
[2026-08-17T11:33:15.354+0000] {logging_mixin.py:188} INFO - [2026-08-17T11:33:15.354+0000] {dag.py:3823} INFO - Setting next_dagrun for jour4_taskflow_intro to 2026-08-17 00:00:00+00:00, run_after=2026-08-18 00:00:00+00:00
[2026-08-17T11:33:15.408+0000] {processor.py:183} INFO - Processing /opt/airflow/dags/dag_taskflow_intro.py took 0.493 seconds
[2026-08-17T11:33:45.584+0000] {processor.py:161} INFO - Started process (PID=1586) to work on /opt/airflow/dags/dag_taskflow_intro.py
[2026-08-17T11:33:45.586+0000] {processor.py:830} INFO - Processing file /opt/airflow/dags/dag_taskflow_intro.py for tasks to queue
[2026-08-17T11:33:45.588+0000] {logging_mixin.py:188} INFO - [2026-08-17T11:33:45.588+0000] {dagbag.py:538} INFO - Filling up the DagBag from /opt/airflow/dags/dag_taskflow_intro.py
[2026-08-17T11:33:45.956+0000] {processor.py:840} INFO - DAG(s) 'jour4_taskflow_intro' retrieved from /opt/airflow/dags/dag_taskflow_intro.py
[2026-08-17T11:33:45.974+0000] {logging_mixin.py:188} INFO - [2026-08-17T11:33:45.974+0000] {dag.py:3036} INFO - Sync 1 DAGs
[2026-08-17T11:33:45.992+0000] {logging_mixin.py:188} INFO - [2026-08-17T11:33:45.992+0000] {dag.py:3823} INFO - Setting next_dagrun for jour4_taskflow_intro to 2026-08-17 00:00:00+00:00, run_after=2026-08-18 00:00:00+00:00
[2026-08-17T11:33:46.011+0000] {processor.py:183} INFO - Processing /opt/airflow/dags/dag_taskflow_intro.py took 0.431 seconds
[2026-08-17T11:34:16.226+0000] {processor.py:161} INFO - Started process (PID=1665) to work on /opt/airflow/dags/dag_taskflow_intro.py
[2026-08-17T11:34:16.228+0000] {processor.py:830} INFO - Processing file /opt/airflow/dags/dag_taskflow_intro.py for tasks to queue
[2026-08-17T11:34:16.230+0000] {logging_mixin.py:188} INFO - [2026-08-17T11:34:16.230+0000] {dagbag.py:538} INFO - Filling up the DagBag from /opt/airflow/dags/dag_taskflow_intro.py
[2026-08-17T11:34:16.478+0000] {processor.py:840} INFO - DAG(s) 'jour4_taskflow_intro' retrieved from /opt/airflow/dags/dag_taskflow_intro.py
[2026-08-17T11:34:16.506+0000] {logging_mixin.py:188} INFO - [2026-08-17T11:34:16.505+0000] {dag.py:3036} INFO - Sync 1 DAGs
[2026-08-17T11:34:16.531+0000] {logging_mixin.py:188} INFO - [2026-08-17T11:34:16.531+0000] {dag.py:3823} INFO - Setting next_dagrun for jour4_taskflow_intro to 2026-08-17 00:00:00+00:00, run_after=2026-08-18 00:00:00+00:00
[2026-08-17T11:34:16.559+0000] {processor.py:183} INFO - Processing /opt/airflow/dags/dag_taskflow_intro.py took 0.337 seconds
[2026-08-17T11:34:46.922+0000] {processor.py:161} INFO - Started process (PID=1744) to work on /opt/airflow/dags/dag_taskflow_intro.py
[2026-08-17T11:34:46.923+0000] {processor.py:830} INFO - Processing file /opt/airflow/dags/dag_taskflow_intro.py for tasks to queue
[2026-08-17T11:34:46.925+0000] {logging_mixin.py:188} INFO - [2026-08-17T11:34:46.925+0000] {dagbag.py:538} INFO - Filling up the DagBag from /opt/airflow/dags/dag_taskflow_intro.py
[2026-08-17T11:34:47.172+0000] {processor.py:840} INFO - DAG(s) 'jour4_taskflow_intro' retrieved from /opt/airflow/dags/dag_taskflow_intro.py
[2026-08-17T11:34:47.193+0000] {logging_mixin.py:188} INFO - [2026-08-17T11:34:47.193+0000] {dag.py:3036} INFO - Sync 1 DAGs
[2026-08-17T11:34:47.216+0000] {logging_mixin.py:188} INFO - [2026-08-17T11:34:47.216+0000] {dag.py:3823} INFO - Setting next_dagrun for jour4_taskflow_intro to 2026-08-17 00:00:00+00:00, run_after=2026-08-18 00:00:00+00:00
[2026-08-17T11:34:47.234+0000] {processor.py:183} INFO - Processing /opt/airflow/dags/dag_taskflow_intro.py took 0.317 seconds
[2026-08-17T11:35:17.369+0000] {processor.py:161} INFO - Started process (PID=1823) to work on /opt/airflow/dags/dag_taskflow_intro.py
[2026-08-17T11:35:17.371+0000] {processor.py:830} INFO - Processing file /opt/airflow/dags/dag_taskflow_intro.py for tasks to queue
[2026-08-17T11:35:17.373+0000] {logging_mixin.py:188} INFO - [2026-08-17T11:35:17.372+0000] {dagbag.py:538} INFO - Filling up the DagBag from /opt/airflow/dags/dag_taskflow_intro.py
[2026-08-17T11:35:17.650+0000] {processor.py:840} INFO - DAG(s) 'jour4_taskflow_intro' retrieved from /opt/airflow/dags/dag_taskflow_intro.py
[2026-08-17T11:35:17.670+0000] {logging_mixin.py:188} INFO - [2026-08-17T11:35:17.670+0000] {dag.py:3036} INFO - Sync 1 DAGs
[2026-08-17T11:35:17.690+0000] {logging_mixin.py:188} INFO - [2026-08-17T11:35:17.690+0000] {dag.py:3823} INFO - Setting next_dagrun for jour4_taskflow_intro to 2026-08-17 00:00:00+00:00, run_after=2026-08-18 00:00:00+00:00
[2026-08-17T11:35:17.712+0000] {processor.py:183} INFO - Processing /opt/airflow/dags/dag_taskflow_intro.py took 0.346 seconds
[2026-08-17T11:35:48.500+0000] {processor.py:161} INFO - Started process (PID=1902) to work on /opt/airflow/dags/dag_taskflow_intro.py
[2026-08-17T11:35:48.501+0000] {processor.py:830} INFO - Processing file /opt/airflow/dags/dag_taskflow_intro.py for tasks to queue
[2026-08-17T11:35:48.503+0000] {logging_mixin.py:188} INFO - [2026-08-17T11:35:48.503+0000] {dagbag.py:538} INFO - Filling up the DagBag from /opt/airflow/dags/dag_taskflow_intro.py
[2026-08-17T11:35:48.827+0000] {processor.py:840} INFO - DAG(s) 'jour4_taskflow_intro' retrieved from /opt/airflow/dags/dag_taskflow_intro.py
[2026-08-17T11:35:48.851+0000] {logging_mixin.py:188} INFO - [2026-08-17T11:35:48.851+0000] {dag.py:3036} INFO - Sync 1 DAGs
[2026-08-17T11:35:48.879+0000] {logging_mixin.py:188} INFO - [2026-08-17T11:35:48.879+0000] {dag.py:3823} INFO - Setting next_dagrun for jour4_taskflow_intro to 2026-08-17 00:00:00+00:00, run_after=2026-08-18 00:00:00+00:00
[2026-08-17T11:35:48.900+0000] {processor.py:183} INFO - Processing /opt/airflow/dags/dag_taskflow_intro.py took 0.404 seconds
[2026-08-17T11:36:19.504+0000] {processor.py:161} INFO - Started process (PID=1981) to work on /opt/airflow/dags/dag_taskflow_intro.py
[2026-08-17T11:36:19.506+0000] {processor.py:830} INFO - Processing file /opt/airflow/dags/dag_taskflow_intro.py for tasks to queue
[2026-08-17T11:36:19.508+0000] {logging_mixin.py:188} INFO - [2026-08-17T11:36:19.508+0000] {dagbag.py:538} INFO - Filling up the DagBag from /opt/airflow/dags/dag_taskflow_intro.py
[2026-08-17T11:36:19.806+0000] {processor.py:840} INFO - DAG(s) 'jour4_taskflow_intro' retrieved from /opt/airflow/dags/dag_taskflow_intro.py
[2026-08-17T11:36:19.827+0000] {logging_mixin.py:188} INFO - [2026-08-17T11:36:19.827+0000] {dag.py:3036} INFO - Sync 1 DAGs
[2026-08-17T11:36:19.852+0000] {logging_mixin.py:188} INFO - [2026-08-17T11:36:19.852+0000] {dag.py:3823} INFO - Setting next_dagrun for jour4_taskflow_intro to 2026-08-17 00:00:00+00:00, run_after=2026-08-18 00:00:00+00:00
[2026-08-17T11:36:19.874+0000] {processor.py:183} INFO - Processing /opt/airflow/dags/dag_taskflow_intro.py took 0.373 seconds
[2026-08-17T11:36:50.088+0000] {processor.py:161} INFO - Started process (PID=2060) to work on /opt/airflow/dags/dag_taskflow_intro.py
[2026-08-17T11:36:50.090+0000] {processor.py:830} INFO - Processing file /opt/airflow/dags/dag_taskflow_intro.py for tasks to queue
[2026-08-17T11:36:50.092+0000] {logging_mixin.py:188} INFO - [2026-08-17T11:36:50.091+0000] {dagbag.py:538} INFO - Filling up the DagBag from /opt/airflow/dags/dag_taskflow_intro.py
[2026-08-17T11:36:50.393+0000] {processor.py:840} INFO - DAG(s) 'jour4_taskflow_intro' retrieved from /opt/airflow/dags/dag_taskflow_intro.py
[2026-08-17T11:36:50.422+0000] {logging_mixin.py:188} INFO - [2026-08-17T11:36:50.422+0000] {dag.py:3036} INFO - Sync 1 DAGs
[2026-08-17T11:36:50.449+0000] {logging_mixin.py:188} INFO - [2026-08-17T11:36:50.449+0000] {dag.py:3823} INFO - Setting next_dagrun for jour4_taskflow_intro to 2026-08-17 00:00:00+00:00, run_after=2026-08-18 00:00:00+00:00
[2026-08-17T11:36:50.476+0000] {processor.py:183} INFO - Processing /opt/airflow/dags/dag_taskflow_intro.py took 0.393 seconds
[2026-08-17T11:37:20.683+0000] {processor.py:161} INFO - Started process (PID=2139) to work on /opt/airflow/dags/dag_taskflow_intro.py
[2026-08-17T11:37:20.684+0000] {processor.py:830} INFO - Processing file /opt/airflow/dags/dag_taskflow_intro.py for tasks to queue
[2026-08-17T11:37:20.686+0000] {logging_mixin.py:188} INFO - [2026-08-17T11:37:20.685+0000] {dagbag.py:538} INFO - Filling up the DagBag from /opt/airflow/dags/dag_taskflow_intro.py
[2026-08-17T11:37:20.923+0000] {processor.py:840} INFO - DAG(s) 'jour4_taskflow_intro' retrieved from /opt/airflow/dags/dag_taskflow_intro.py
[2026-08-17T11:37:20.942+0000] {logging_mixin.py:188} INFO - [2026-08-17T11:37:20.942+0000] {dag.py:3036} INFO - Sync 1 DAGs
[2026-08-17T11:37:20.961+0000] {logging_mixin.py:188} INFO - [2026-08-17T11:37:20.961+0000] {dag.py:3823} INFO - Setting next_dagrun for jour4_taskflow_intro to 2026-08-17 00:00:00+00:00, run_after=2026-08-18 00:00:00+00:00
[2026-08-17T11:37:20.979+0000] {processor.py:183} INFO - Processing /opt/airflow/dags/dag_taskflow_intro.py took 0.300 seconds
[2026-08-17T11:37:51.672+0000] {processor.py:161} INFO - Started process (PID=2235) to work on /opt/airflow/dags/dag_taskflow_intro.py
[2026-08-17T11:37:51.681+0000] {processor.py:830} INFO - Processing file /opt/airflow/dags/dag_taskflow_intro.py for tasks to queue
[2026-08-17T11:37:51.690+0000] {logging_mixin.py:188} INFO - [2026-08-17T11:37:51.690+0000] {dagbag.py:538} INFO - Filling up the DagBag from /opt/airflow/dags/dag_taskflow_intro.py
[2026-08-17T11:37:52.402+0000] {processor.py:840} INFO - DAG(s) 'jour4_taskflow_intro' retrieved from /opt/airflow/dags/dag_taskflow_intro.py
[2026-08-17T11:37:52.478+0000] {logging_mixin.py:188} INFO - [2026-08-17T11:37:52.463+0000] {dag.py:3036} INFO - Sync 1 DAGs
[2026-08-17T11:37:52.561+0000] {logging_mixin.py:188} INFO - [2026-08-17T11:37:52.560+0000] {dag.py:3823} INFO - Setting next_dagrun for jour4_taskflow_intro to 2026-08-17 00:00:00+00:00, run_after=2026-08-18 00:00:00+00:00
[2026-08-17T11:37:52.654+0000] {processor.py:183} INFO - Processing /opt/airflow/dags/dag_taskflow_intro.py took 0.992 seconds
[2026-08-17T11:38:23.712+0000] {processor.py:161} INFO - Started process (PID=2323) to work on /opt/airflow/dags/dag_taskflow_intro.py
[2026-08-17T11:38:23.713+0000] {processor.py:830} INFO - Processing file /opt/airflow/dags/dag_taskflow_intro.py for tasks to queue
[2026-08-17T11:38:23.715+0000] {logging_mixin.py:188} INFO - [2026-08-17T11:38:23.715+0000] {dagbag.py:538} INFO - Filling up the DagBag from /opt/airflow/dags/dag_taskflow_intro.py
[2026-08-17T11:38:23.983+0000] {processor.py:840} INFO - DAG(s) 'jour4_taskflow_intro' retrieved from /opt/airflow/dags/dag_taskflow_intro.py
[2026-08-17T11:38:24.002+0000] {logging_mixin.py:188} INFO - [2026-08-17T11:38:24.002+0000] {dag.py:3036} INFO - Sync 1 DAGs
[2026-08-17T11:38:24.024+0000] {logging_mixin.py:188} INFO - [2026-08-17T11:38:24.024+0000] {dag.py:3823} INFO - Setting next_dagrun for jour4_taskflow_intro to 2026-08-17 00:00:00+00:00, run_after=2026-08-18 00:00:00+00:00
[2026-08-17T11:38:24.043+0000] {processor.py:183} INFO - Processing /opt/airflow/dags/dag_taskflow_intro.py took 0.335 seconds
[2026-08-17T11:38:54.126+0000] {processor.py:161} INFO - Started process (PID=2402) to work on /opt/airflow/dags/dag_taskflow_intro.py
[2026-08-17T11:38:54.127+0000] {processor.py:830} INFO - Processing file /opt/airflow/dags/dag_taskflow_intro.py for tasks to queue
[2026-08-17T11:38:54.130+0000] {logging_mixin.py:188} INFO - [2026-08-17T11:38:54.129+0000] {dagbag.py:538} INFO - Filling up the DagBag from /opt/airflow/dags/dag_taskflow_intro.py
[2026-08-17T11:38:54.389+0000] {processor.py:840} INFO - DAG(s) 'jour4_taskflow_intro' retrieved from /opt/airflow/dags/dag_taskflow_intro.py
[2026-08-17T11:38:54.410+0000] {logging_mixin.py:188} INFO - [2026-08-17T11:38:54.409+0000] {dag.py:3036} INFO - Sync 1 DAGs
[2026-08-17T11:38:54.432+0000] {logging_mixin.py:188} INFO - [2026-08-17T11:38:54.432+0000] {dag.py:3823} INFO - Setting next_dagrun for jour4_taskflow_intro to 2026-08-17 00:00:00+00:00, run_after=2026-08-18 00:00:00+00:00
[2026-08-17T11:38:54.453+0000] {processor.py:183} INFO - Processing /opt/airflow/dags/dag_taskflow_intro.py took 0.331 seconds
[2026-08-17T11:39:24.849+0000] {processor.py:161} INFO - Started process (PID=2489) to work on /opt/airflow/dags/dag_taskflow_intro.py
[2026-08-17T11:39:24.851+0000] {processor.py:830} INFO - Processing file /opt/airflow/dags/dag_taskflow_intro.py for tasks to queue
[2026-08-17T11:39:24.853+0000] {logging_mixin.py:188} INFO - [2026-08-17T11:39:24.853+0000] {dagbag.py:538} INFO - Filling up the DagBag from /opt/airflow/dags/dag_taskflow_intro.py
[2026-08-17T11:39:25.125+0000] {processor.py:840} INFO - DAG(s) 'jour4_taskflow_intro' retrieved from /opt/airflow/dags/dag_taskflow_intro.py
[2026-08-17T11:39:25.145+0000] {logging_mixin.py:188} INFO - [2026-08-17T11:39:25.145+0000] {dag.py:3036} INFO - Sync 1 DAGs
[2026-08-17T11:39:25.172+0000] {logging_mixin.py:188} INFO - [2026-08-17T11:39:25.171+0000] {dag.py:3823} INFO - Setting next_dagrun for jour4_taskflow_intro to 2026-08-17 00:00:00+00:00, run_after=2026-08-18 00:00:00+00:00
[2026-08-17T11:39:25.195+0000] {processor.py:183} INFO - Processing /opt/airflow/dags/dag_taskflow_intro.py took 0.350 seconds
[2026-08-17T11:39:55.306+0000] {processor.py:161} INFO - Started process (PID=2568) to work on /opt/airflow/dags/dag_taskflow_intro.py
[2026-08-17T11:39:55.307+0000] {processor.py:830} INFO - Processing file /opt/airflow/dags/dag_taskflow_intro.py for tasks to queue
[2026-08-17T11:39:55.309+0000] {logging_mixin.py:188} INFO - [2026-08-17T11:39:55.309+0000] {dagbag.py:538} INFO - Filling up the DagBag from /opt/airflow/dags/dag_taskflow_intro.py
[2026-08-17T11:39:55.568+0000] {processor.py:840} INFO - DAG(s) 'jour4_taskflow_intro' retrieved from /opt/airflow/dags/dag_taskflow_intro.py
[2026-08-17T11:39:55.589+0000] {logging_mixin.py:188} INFO - [2026-08-17T11:39:55.589+0000] {dag.py:3036} INFO - Sync 1 DAGs
[2026-08-17T11:39:55.613+0000] {logging_mixin.py:188} INFO - [2026-08-17T11:39:55.613+0000] {dag.py:3823} INFO - Setting next_dagrun for jour4_taskflow_intro to 2026-08-17 00:00:00+00:00, run_after=2026-08-18 00:00:00+00:00
[2026-08-17T11:39:55.635+0000] {processor.py:183} INFO - Processing /opt/airflow/dags/dag_taskflow_intro.py took 0.332 seconds
[2026-08-17T11:40:25.991+0000] {processor.py:161} INFO - Started process (PID=2647) to work on /opt/airflow/dags/dag_taskflow_intro.py
[2026-08-17T11:40:25.992+0000] {processor.py:830} INFO - Processing file /opt/airflow/dags/dag_taskflow_intro.py for tasks to queue
[2026-08-17T11:40:25.994+0000] {logging_mixin.py:188} INFO - [2026-08-17T11:40:25.993+0000] {dagbag.py:538} INFO - Filling up the DagBag from /opt/airflow/dags/dag_taskflow_intro.py
[2026-08-17T11:40:26.390+0000] {processor.py:840} INFO - DAG(s) 'jour4_taskflow_intro' retrieved from /opt/airflow/dags/dag_taskflow_intro.py
[2026-08-17T11:40:26.411+0000] {logging_mixin.py:188} INFO - [2026-08-17T11:40:26.411+0000] {dag.py:3036} INFO - Sync 1 DAGs
[2026-08-17T11:40:26.435+0000] {logging_mixin.py:188} INFO - [2026-08-17T11:40:26.435+0000] {dag.py:3823} INFO - Setting next_dagrun for jour4_taskflow_intro to 2026-08-17 00:00:00+00:00, run_after=2026-08-18 00:00:00+00:00
[2026-08-17T11:40:26.462+0000] {processor.py:183} INFO - Processing /opt/airflow/dags/dag_taskflow_intro.py took 0.475 seconds
[2026-08-17T11:40:56.804+0000] {processor.py:161} INFO - Started process (PID=2726) to work on /opt/airflow/dags/dag_taskflow_intro.py
[2026-08-17T11:40:56.806+0000] {processor.py:830} INFO - Processing file /opt/airflow/dags/dag_taskflow_intro.py for tasks to queue
[2026-08-17T11:40:56.808+0000] {logging_mixin.py:188} INFO - [2026-08-17T11:40:56.807+0000] {dagbag.py:538} INFO - Filling up the DagBag from /opt/airflow/dags/dag_taskflow_intro.py
[2026-08-17T11:40:57.074+0000] {processor.py:840} INFO - DAG(s) 'jour4_taskflow_intro' retrieved from /opt/airflow/dags/dag_taskflow_intro.py
[2026-08-17T11:40:57.095+0000] {logging_mixin.py:188} INFO - [2026-08-17T11:40:57.094+0000] {dag.py:3036} INFO - Sync 1 DAGs
[2026-08-17T11:40:57.118+0000] {logging_mixin.py:188} INFO - [2026-08-17T11:40:57.118+0000] {dag.py:3823} INFO - Setting next_dagrun for jour4_taskflow_intro to 2026-08-17 00:00:00+00:00, run_after=2026-08-18 00:00:00+00:00
[2026-08-17T11:40:57.140+0000] {processor.py:183} INFO - Processing /opt/airflow/dags/dag_taskflow_intro.py took 0.339 seconds
[2026-08-17T11:41:27.331+0000] {processor.py:161} INFO - Started process (PID=2805) to work on /opt/airflow/dags/dag_taskflow_intro.py
[2026-08-17T11:41:27.332+0000] {processor.py:830} INFO - Processing file /opt/airflow/dags/dag_taskflow_intro.py for tasks to queue
[2026-08-17T11:41:27.335+0000] {logging_mixin.py:188} INFO - [2026-08-17T11:41:27.335+0000] {dagbag.py:538} INFO - Filling up the DagBag from /opt/airflow/dags/dag_taskflow_intro.py
[2026-08-17T11:41:27.660+0000] {processor.py:840} INFO - DAG(s) 'jour4_taskflow_intro' retrieved from /opt/airflow/dags/dag_taskflow_intro.py
[2026-08-17T11:41:27.683+0000] {logging_mixin.py:188} INFO - [2026-08-17T11:41:27.683+0000] {dag.py:3036} INFO - Sync 1 DAGs
[2026-08-17T11:41:27.707+0000] {logging_mixin.py:188} INFO - [2026-08-17T11:41:27.707+0000] {dag.py:3823} INFO - Setting next_dagrun for jour4_taskflow_intro to 2026-08-17 00:00:00+00:00, run_after=2026-08-18 00:00:00+00:00
[2026-08-17T11:41:27.729+0000] {processor.py:183} INFO - Processing /opt/airflow/dags/dag_taskflow_intro.py took 0.404 seconds
[2026-08-17T11:41:57.813+0000] {processor.py:161} INFO - Started process (PID=2892) to work on /opt/airflow/dags/dag_taskflow_intro.py
[2026-08-17T11:41:57.815+0000] {processor.py:830} INFO - Processing file /opt/airflow/dags/dag_taskflow_intro.py for tasks to queue
[2026-08-17T11:41:57.817+0000] {logging_mixin.py:188} INFO - [2026-08-17T11:41:57.817+0000] {dagbag.py:538} INFO - Filling up the DagBag from /opt/airflow/dags/dag_taskflow_intro.py
[2026-08-17T11:41:58.128+0000] {processor.py:840} INFO - DAG(s) 'jour4_taskflow_intro' retrieved from /opt/airflow/dags/dag_taskflow_intro.py
[2026-08-17T11:41:58.149+0000] {logging_mixin.py:188} INFO - [2026-08-17T11:41:58.148+0000] {dag.py:3036} INFO - Sync 1 DAGs
[2026-08-17T11:41:58.171+0000] {logging_mixin.py:188} INFO - [2026-08-17T11:41:58.171+0000] {dag.py:3823} INFO - Setting next_dagrun for jour4_taskflow_intro to 2026-08-17 00:00:00+00:00, run_after=2026-08-18 00:00:00+00:00
[2026-08-17T11:41:58.194+0000] {processor.py:183} INFO - Processing /opt/airflow/dags/dag_taskflow_intro.py took 0.384 seconds
[2026-08-17T11:42:28.443+0000] {processor.py:161} INFO - Started process (PID=2969) to work on /opt/airflow/dags/dag_taskflow_intro.py
[2026-08-17T11:42:28.445+0000] {processor.py:830} INFO - Processing file /opt/airflow/dags/dag_taskflow_intro.py for tasks to queue
[2026-08-17T11:42:28.447+0000] {logging_mixin.py:188} INFO - [2026-08-17T11:42:28.447+0000] {dagbag.py:538} INFO - Filling up the DagBag from /opt/airflow/dags/dag_taskflow_intro.py
[2026-08-17T11:42:28.758+0000] {processor.py:840} INFO - DAG(s) 'jour4_taskflow_intro' retrieved from /opt/airflow/dags/dag_taskflow_intro.py
[2026-08-17T11:42:28.782+0000] {logging_mixin.py:188} INFO - [2026-08-17T11:42:28.781+0000] {dag.py:3036} INFO - Sync 1 DAGs
[2026-08-17T11:42:28.809+0000] {logging_mixin.py:188} INFO - [2026-08-17T11:42:28.808+0000] {dag.py:3823} INFO - Setting next_dagrun for jour4_taskflow_intro to 2026-08-17 00:00:00+00:00, run_after=2026-08-18 00:00:00+00:00
[2026-08-17T11:42:28.841+0000] {processor.py:183} INFO - Processing /opt/airflow/dags/dag_taskflow_intro.py took 0.401 seconds
[2026-08-17T11:42:59.485+0000] {processor.py:161} INFO - Started process (PID=3048) to work on /opt/airflow/dags/dag_taskflow_intro.py
[2026-08-17T11:42:59.486+0000] {processor.py:830} INFO - Processing file /opt/airflow/dags/dag_taskflow_intro.py for tasks to queue
[2026-08-17T11:42:59.488+0000] {logging_mixin.py:188} INFO - [2026-08-17T11:42:59.488+0000] {dagbag.py:538} INFO - Filling up the DagBag from /opt/airflow/dags/dag_taskflow_intro.py
[2026-08-17T11:42:59.767+0000] {processor.py:840} INFO - DAG(s) 'jour4_taskflow_intro' retrieved from /opt/airflow/dags/dag_taskflow_intro.py
[2026-08-17T11:42:59.788+0000] {logging_mixin.py:188} INFO - [2026-08-17T11:42:59.788+0000] {dag.py:3036} INFO - Sync 1 DAGs
[2026-08-17T11:42:59.811+0000] {logging_mixin.py:188} INFO - [2026-08-17T11:42:59.810+0000] {dag.py:3823} INFO - Setting next_dagrun for jour4_taskflow_intro to 2026-08-17 00:00:00+00:00, run_after=2026-08-18 00:00:00+00:00
[2026-08-17T11:42:59.833+0000] {processor.py:183} INFO - Processing /opt/airflow/dags/dag_taskflow_intro.py took 0.352 seconds
[2026-08-17T11:43:30.493+0000] {processor.py:161} INFO - Started process (PID=3127) to work on /opt/airflow/dags/dag_taskflow_intro.py
[2026-08-17T11:43:30.494+0000] {processor.py:830} INFO - Processing file /opt/airflow/dags/dag_taskflow_intro.py for tasks to queue
[2026-08-17T11:43:30.497+0000] {logging_mixin.py:188} INFO - [2026-08-17T11:43:30.497+0000] {dagbag.py:538} INFO - Filling up the DagBag from /opt/airflow/dags/dag_taskflow_intro.py
[2026-08-17T11:43:30.787+0000] {processor.py:840} INFO - DAG(s) 'jour4_taskflow_intro' retrieved from /opt/airflow/dags/dag_taskflow_intro.py
[2026-08-17T11:43:30.808+0000] {logging_mixin.py:188} INFO - [2026-08-17T11:43:30.808+0000] {dag.py:3036} INFO - Sync 1 DAGs
[2026-08-17T11:43:30.831+0000] {logging_mixin.py:188} INFO - [2026-08-17T11:43:30.830+0000] {dag.py:3823} INFO - Setting next_dagrun for jour4_taskflow_intro to 2026-08-17 00:00:00+00:00, run_after=2026-08-18 00:00:00+00:00
[2026-08-17T11:43:30.853+0000] {processor.py:183} INFO - Processing /opt/airflow/dags/dag_taskflow_intro.py took 0.366 seconds
[2026-08-17T11:44:01.034+0000] {processor.py:161} INFO - Started process (PID=3207) to work on /opt/airflow/dags/dag_taskflow_intro.py
[2026-08-17T11:44:01.035+0000] {processor.py:830} INFO - Processing file /opt/airflow/dags/dag_taskflow_intro.py for tasks to queue
[2026-08-17T11:44:01.037+0000] {logging_mixin.py:188} INFO - [2026-08-17T11:44:01.037+0000] {dagbag.py:538} INFO - Filling up the DagBag from /opt/airflow/dags/dag_taskflow_intro.py
[2026-08-17T11:44:01.296+0000] {processor.py:840} INFO - DAG(s) 'jour4_taskflow_intro' retrieved from /opt/airflow/dags/dag_taskflow_intro.py
[2026-08-17T11:44:01.314+0000] {logging_mixin.py:188} INFO - [2026-08-17T11:44:01.314+0000] {dag.py:3036} INFO - Sync 1 DAGs
[2026-08-17T11:44:01.337+0000] {logging_mixin.py:188} INFO - [2026-08-17T11:44:01.336+0000] {dag.py:3823} INFO - Setting next_dagrun for jour4_taskflow_intro to 2026-08-17 00:00:00+00:00, run_after=2026-08-18 00:00:00+00:00
[2026-08-17T11:44:01.358+0000] {processor.py:183} INFO - Processing /opt/airflow/dags/dag_taskflow_intro.py took 0.327 seconds
