[2026-08-17T11:28:53.066+0000] {processor.py:161} INFO - Started process (PID=814) to work on /opt/airflow/dags/dag_variables_jinja.py
[2026-08-17T11:28:53.067+0000] {processor.py:830} INFO - Processing file /opt/airflow/dags/dag_variables_jinja.py for tasks to queue
[2026-08-17T11:28:53.070+0000] {logging_mixin.py:188} INFO - [2026-08-17T11:28:53.069+0000] {dagbag.py:538} INFO - Filling up the DagBag from /opt/airflow/dags/dag_variables_jinja.py
[2026-08-17T11:28:53.488+0000] {processor.py:840} INFO - DAG(s) 'jour6_variables_jinja' retrieved from /opt/airflow/dags/dag_variables_jinja.py
[2026-08-17T11:28:53.596+0000] {logging_mixin.py:188} INFO - [2026-08-17T11:28:53.595+0000] {override.py:1769} INFO - Created Permission View: can delete on DAG:jour6_variables_jinja
[2026-08-17T11:28:53.610+0000] {logging_mixin.py:188} INFO - [2026-08-17T11:28:53.609+0000] {override.py:1769} INFO - Created Permission View: can edit on DAG:jour6_variables_jinja
[2026-08-17T11:28:53.634+0000] {logging_mixin.py:188} INFO - [2026-08-17T11:28:53.633+0000] {override.py:1769} INFO - Created Permission View: can read on DAG:jour6_variables_jinja
[2026-08-17T11:28:53.635+0000] {logging_mixin.py:188} INFO - [2026-08-17T11:28:53.635+0000] {dag.py:3036} INFO - Sync 1 DAGs
[2026-08-17T11:28:53.660+0000] {logging_mixin.py:188} INFO - [2026-08-17T11:28:53.659+0000] {dag.py:3058} INFO - Creating ORM DAG for jour6_variables_jinja
[2026-08-17T11:28:53.678+0000] {logging_mixin.py:188} INFO - [2026-08-17T11:28:53.678+0000] {dag.py:3823} INFO - Setting next_dagrun for jour6_variables_jinja to 2026-08-16 00:00:00+00:00, run_after=2026-08-17 00:00:00+00:00
[2026-08-17T11:28:53.715+0000] {processor.py:183} INFO - Processing /opt/airflow/dags/dag_variables_jinja.py took 0.653 seconds
[2026-08-17T11:29:24.207+0000] {processor.py:161} INFO - Started process (PID=893) to work on /opt/airflow/dags/dag_variables_jinja.py
[2026-08-17T11:29:24.208+0000] {processor.py:830} INFO - Processing file /opt/airflow/dags/dag_variables_jinja.py for tasks to queue
[2026-08-17T11:29:24.211+0000] {logging_mixin.py:188} INFO - [2026-08-17T11:29:24.211+0000] {dagbag.py:538} INFO - Filling up the DagBag from /opt/airflow/dags/dag_variables_jinja.py
[2026-08-17T11:29:24.614+0000] {processor.py:840} INFO - DAG(s) 'jour6_variables_jinja' retrieved from /opt/airflow/dags/dag_variables_jinja.py
[2026-08-17T11:29:24.649+0000] {logging_mixin.py:188} INFO - [2026-08-17T11:29:24.649+0000] {dag.py:3036} INFO - Sync 1 DAGs
[2026-08-17T11:29:24.674+0000] {logging_mixin.py:188} INFO - [2026-08-17T11:29:24.674+0000] {dag.py:3823} INFO - Setting next_dagrun for jour6_variables_jinja to 2026-08-16 00:00:00+00:00, run_after=2026-08-17 00:00:00+00:00
[2026-08-17T11:29:24.701+0000] {processor.py:183} INFO - Processing /opt/airflow/dags/dag_variables_jinja.py took 0.498 seconds
[2026-08-17T11:29:54.920+0000] {processor.py:161} INFO - Started process (PID=972) to work on /opt/airflow/dags/dag_variables_jinja.py
[2026-08-17T11:29:54.922+0000] {processor.py:830} INFO - Processing file /opt/airflow/dags/dag_variables_jinja.py for tasks to queue
[2026-08-17T11:29:54.925+0000] {logging_mixin.py:188} INFO - [2026-08-17T11:29:54.925+0000] {dagbag.py:538} INFO - Filling up the DagBag from /opt/airflow/dags/dag_variables_jinja.py
[2026-08-17T11:29:55.470+0000] {processor.py:840} INFO - DAG(s) 'jour6_variables_jinja' retrieved from /opt/airflow/dags/dag_variables_jinja.py
[2026-08-17T11:29:55.505+0000] {logging_mixin.py:188} INFO - [2026-08-17T11:29:55.504+0000] {dag.py:3036} INFO - Sync 1 DAGs
[2026-08-17T11:29:55.533+0000] {logging_mixin.py:188} INFO - [2026-08-17T11:29:55.533+0000] {dag.py:3823} INFO - Setting next_dagrun for jour6_variables_jinja to 2026-08-16 00:00:00+00:00, run_after=2026-08-17 00:00:00+00:00
[2026-08-17T11:29:55.556+0000] {processor.py:183} INFO - Processing /opt/airflow/dags/dag_variables_jinja.py took 0.641 seconds
[2026-08-17T11:30:25.905+0000] {processor.py:161} INFO - Started process (PID=1057) to work on /opt/airflow/dags/dag_variables_jinja.py
[2026-08-17T11:30:25.906+0000] {processor.py:830} INFO - Processing file /opt/airflow/dags/dag_variables_jinja.py for tasks to queue
[2026-08-17T11:30:25.909+0000] {logging_mixin.py:188} INFO - [2026-08-17T11:30:25.909+0000] {dagbag.py:538} INFO - Filling up the DagBag from /opt/airflow/dags/dag_variables_jinja.py
[2026-08-17T11:30:26.394+0000] {processor.py:840} INFO - DAG(s) 'jour6_variables_jinja' retrieved from /opt/airflow/dags/dag_variables_jinja.py
[2026-08-17T11:30:26.431+0000] {logging_mixin.py:188} INFO - [2026-08-17T11:30:26.431+0000] {dag.py:3036} INFO - Sync 1 DAGs
[2026-08-17T11:30:26.460+0000] {logging_mixin.py:188} INFO - [2026-08-17T11:30:26.460+0000] {dag.py:3823} INFO - Setting next_dagrun for jour6_variables_jinja to 2026-08-16 00:00:00+00:00, run_after=2026-08-17 00:00:00+00:00
[2026-08-17T11:30:26.684+0000] {processor.py:183} INFO - Processing /opt/airflow/dags/dag_variables_jinja.py took 0.783 seconds
[2026-08-17T11:30:57.509+0000] {processor.py:161} INFO - Started process (PID=1136) to work on /opt/airflow/dags/dag_variables_jinja.py
[2026-08-17T11:30:57.510+0000] {processor.py:830} INFO - Processing file /opt/airflow/dags/dag_variables_jinja.py for tasks to queue
[2026-08-17T11:30:57.513+0000] {logging_mixin.py:188} INFO - [2026-08-17T11:30:57.512+0000] {dagbag.py:538} INFO - Filling up the DagBag from /opt/airflow/dags/dag_variables_jinja.py
[2026-08-17T11:30:57.985+0000] {processor.py:840} INFO - DAG(s) 'jour6_variables_jinja' retrieved from /opt/airflow/dags/dag_variables_jinja.py
[2026-08-17T11:30:58.022+0000] {logging_mixin.py:188} INFO - [2026-08-17T11:30:58.021+0000] {dag.py:3036} INFO - Sync 1 DAGs
[2026-08-17T11:30:58.047+0000] {logging_mixin.py:188} INFO - [2026-08-17T11:30:58.047+0000] {dag.py:3823} INFO - Setting next_dagrun for jour6_variables_jinja to 2026-08-16 00:00:00+00:00, run_after=2026-08-17 00:00:00+00:00
[2026-08-17T11:30:58.106+0000] {processor.py:183} INFO - Processing /opt/airflow/dags/dag_variables_jinja.py took 0.601 seconds
[2026-08-17T11:31:28.427+0000] {processor.py:161} INFO - Started process (PID=1215) to work on /opt/airflow/dags/dag_variables_jinja.py
[2026-08-17T11:31:28.429+0000] {processor.py:830} INFO - Processing file /opt/airflow/dags/dag_variables_jinja.py for tasks to queue
[2026-08-17T11:31:28.432+0000] {logging_mixin.py:188} INFO - [2026-08-17T11:31:28.431+0000] {dagbag.py:538} INFO - Filling up the DagBag from /opt/airflow/dags/dag_variables_jinja.py
[2026-08-17T11:31:28.862+0000] {processor.py:840} INFO - DAG(s) 'jour6_variables_jinja' retrieved from /opt/airflow/dags/dag_variables_jinja.py
[2026-08-17T11:31:28.895+0000] {logging_mixin.py:188} INFO - [2026-08-17T11:31:28.894+0000] {dag.py:3036} INFO - Sync 1 DAGs
[2026-08-17T11:31:28.915+0000] {logging_mixin.py:188} INFO - [2026-08-17T11:31:28.915+0000] {dag.py:3823} INFO - Setting next_dagrun for jour6_variables_jinja to 2026-08-16 00:00:00+00:00, run_after=2026-08-17 00:00:00+00:00
[2026-08-17T11:31:28.986+0000] {processor.py:183} INFO - Processing /opt/airflow/dags/dag_variables_jinja.py took 0.564 seconds
[2026-08-17T11:31:59.682+0000] {processor.py:161} INFO - Started process (PID=1295) to work on /opt/airflow/dags/dag_variables_jinja.py
[2026-08-17T11:31:59.684+0000] {processor.py:830} INFO - Processing file /opt/airflow/dags/dag_variables_jinja.py for tasks to queue
[2026-08-17T11:31:59.686+0000] {logging_mixin.py:188} INFO - [2026-08-17T11:31:59.686+0000] {dagbag.py:538} INFO - Filling up the DagBag from /opt/airflow/dags/dag_variables_jinja.py
[2026-08-17T11:32:00.476+0000] {processor.py:840} INFO - DAG(s) 'jour6_variables_jinja' retrieved from /opt/airflow/dags/dag_variables_jinja.py
[2026-08-17T11:32:00.522+0000] {logging_mixin.py:188} INFO - [2026-08-17T11:32:00.522+0000] {dag.py:3036} INFO - Sync 1 DAGs
[2026-08-17T11:32:00.545+0000] {logging_mixin.py:188} INFO - [2026-08-17T11:32:00.545+0000] {dag.py:3823} INFO - Setting next_dagrun for jour6_variables_jinja to 2026-08-16 00:00:00+00:00, run_after=2026-08-17 00:00:00+00:00
[2026-08-17T11:32:00.696+0000] {processor.py:183} INFO - Processing /opt/airflow/dags/dag_variables_jinja.py took 1.020 seconds
[2026-08-17T11:32:30.943+0000] {processor.py:161} INFO - Started process (PID=1374) to work on /opt/airflow/dags/dag_variables_jinja.py
[2026-08-17T11:32:30.946+0000] {processor.py:830} INFO - Processing file /opt/airflow/dags/dag_variables_jinja.py for tasks to queue
[2026-08-17T11:32:30.950+0000] {logging_mixin.py:188} INFO - [2026-08-17T11:32:30.949+0000] {dagbag.py:538} INFO - Filling up the DagBag from /opt/airflow/dags/dag_variables_jinja.py
[2026-08-17T11:32:31.786+0000] {processor.py:840} INFO - DAG(s) 'jour6_variables_jinja' retrieved from /opt/airflow/dags/dag_variables_jinja.py
[2026-08-17T11:32:31.825+0000] {logging_mixin.py:188} INFO - [2026-08-17T11:32:31.825+0000] {dag.py:3036} INFO - Sync 1 DAGs
[2026-08-17T11:32:31.853+0000] {logging_mixin.py:188} INFO - [2026-08-17T11:32:31.853+0000] {dag.py:3823} INFO - Setting next_dagrun for jour6_variables_jinja to 2026-08-16 00:00:00+00:00, run_after=2026-08-17 00:00:00+00:00
[2026-08-17T11:32:31.890+0000] {processor.py:183} INFO - Processing /opt/airflow/dags/dag_variables_jinja.py took 0.953 seconds
[2026-08-17T11:33:02.027+0000] {processor.py:161} INFO - Started process (PID=1453) to work on /opt/airflow/dags/dag_variables_jinja.py
[2026-08-17T11:33:02.028+0000] {processor.py:830} INFO - Processing file /opt/airflow/dags/dag_variables_jinja.py for tasks to queue
[2026-08-17T11:33:02.030+0000] {logging_mixin.py:188} INFO - [2026-08-17T11:33:02.030+0000] {dagbag.py:538} INFO - Filling up the DagBag from /opt/airflow/dags/dag_variables_jinja.py
[2026-08-17T11:33:02.434+0000] {processor.py:840} INFO - DAG(s) 'jour6_variables_jinja' retrieved from /opt/airflow/dags/dag_variables_jinja.py
[2026-08-17T11:33:02.464+0000] {logging_mixin.py:188} INFO - [2026-08-17T11:33:02.464+0000] {dag.py:3036} INFO - Sync 1 DAGs
[2026-08-17T11:33:02.484+0000] {logging_mixin.py:188} INFO - [2026-08-17T11:33:02.484+0000] {dag.py:3823} INFO - Setting next_dagrun for jour6_variables_jinja to 2026-08-16 00:00:00+00:00, run_after=2026-08-17 00:00:00+00:00
[2026-08-17T11:33:02.630+0000] {processor.py:183} INFO - Processing /opt/airflow/dags/dag_variables_jinja.py took 0.607 seconds
[2026-08-17T11:33:32.899+0000] {processor.py:161} INFO - Started process (PID=1532) to work on /opt/airflow/dags/dag_variables_jinja.py
[2026-08-17T11:33:32.900+0000] {processor.py:830} INFO - Processing file /opt/airflow/dags/dag_variables_jinja.py for tasks to queue
[2026-08-17T11:33:32.902+0000] {logging_mixin.py:188} INFO - [2026-08-17T11:33:32.902+0000] {dagbag.py:538} INFO - Filling up the DagBag from /opt/airflow/dags/dag_variables_jinja.py
[2026-08-17T11:33:33.393+0000] {processor.py:840} INFO - DAG(s) 'jour6_variables_jinja' retrieved from /opt/airflow/dags/dag_variables_jinja.py
[2026-08-17T11:33:33.424+0000] {logging_mixin.py:188} INFO - [2026-08-17T11:33:33.424+0000] {dag.py:3036} INFO - Sync 1 DAGs
[2026-08-17T11:33:33.448+0000] {logging_mixin.py:188} INFO - [2026-08-17T11:33:33.448+0000] {dag.py:3823} INFO - Setting next_dagrun for jour6_variables_jinja to 2026-08-16 00:00:00+00:00, run_after=2026-08-17 00:00:00+00:00
[2026-08-17T11:33:33.532+0000] {processor.py:183} INFO - Processing /opt/airflow/dags/dag_variables_jinja.py took 0.637 seconds
[2026-08-17T11:34:03.627+0000] {processor.py:161} INFO - Started process (PID=1611) to work on /opt/airflow/dags/dag_variables_jinja.py
[2026-08-17T11:34:03.628+0000] {processor.py:830} INFO - Processing file /opt/airflow/dags/dag_variables_jinja.py for tasks to queue
[2026-08-17T11:34:03.630+0000] {logging_mixin.py:188} INFO - [2026-08-17T11:34:03.630+0000] {dagbag.py:538} INFO - Filling up the DagBag from /opt/airflow/dags/dag_variables_jinja.py
[2026-08-17T11:34:04.038+0000] {processor.py:840} INFO - DAG(s) 'jour6_variables_jinja' retrieved from /opt/airflow/dags/dag_variables_jinja.py
[2026-08-17T11:34:04.075+0000] {logging_mixin.py:188} INFO - [2026-08-17T11:34:04.074+0000] {dag.py:3036} INFO - Sync 1 DAGs
[2026-08-17T11:34:04.094+0000] {logging_mixin.py:188} INFO - [2026-08-17T11:34:04.094+0000] {dag.py:3823} INFO - Setting next_dagrun for jour6_variables_jinja to 2026-08-16 00:00:00+00:00, run_after=2026-08-17 00:00:00+00:00
[2026-08-17T11:34:04.113+0000] {processor.py:183} INFO - Processing /opt/airflow/dags/dag_variables_jinja.py took 0.489 seconds
[2026-08-17T11:34:35.070+0000] {processor.py:161} INFO - Started process (PID=1690) to work on /opt/airflow/dags/dag_variables_jinja.py
[2026-08-17T11:34:35.072+0000] {processor.py:830} INFO - Processing file /opt/airflow/dags/dag_variables_jinja.py for tasks to queue
[2026-08-17T11:34:35.076+0000] {logging_mixin.py:188} INFO - [2026-08-17T11:34:35.075+0000] {dagbag.py:538} INFO - Filling up the DagBag from /opt/airflow/dags/dag_variables_jinja.py
[2026-08-17T11:34:35.349+0000] {processor.py:840} INFO - DAG(s) 'jour6_variables_jinja' retrieved from /opt/airflow/dags/dag_variables_jinja.py
[2026-08-17T11:34:35.385+0000] {logging_mixin.py:188} INFO - [2026-08-17T11:34:35.384+0000] {dag.py:3036} INFO - Sync 1 DAGs
[2026-08-17T11:34:35.408+0000] {logging_mixin.py:188} INFO - [2026-08-17T11:34:35.408+0000] {dag.py:3823} INFO - Setting next_dagrun for jour6_variables_jinja to 2026-08-16 00:00:00+00:00, run_after=2026-08-17 00:00:00+00:00
[2026-08-17T11:34:35.430+0000] {processor.py:183} INFO - Processing /opt/airflow/dags/dag_variables_jinja.py took 0.364 seconds
[2026-08-17T11:35:06.346+0000] {processor.py:161} INFO - Started process (PID=1769) to work on /opt/airflow/dags/dag_variables_jinja.py
[2026-08-17T11:35:06.347+0000] {processor.py:830} INFO - Processing file /opt/airflow/dags/dag_variables_jinja.py for tasks to queue
[2026-08-17T11:35:06.350+0000] {logging_mixin.py:188} INFO - [2026-08-17T11:35:06.350+0000] {dagbag.py:538} INFO - Filling up the DagBag from /opt/airflow/dags/dag_variables_jinja.py
[2026-08-17T11:35:06.646+0000] {processor.py:840} INFO - DAG(s) 'jour6_variables_jinja' retrieved from /opt/airflow/dags/dag_variables_jinja.py
[2026-08-17T11:35:06.684+0000] {logging_mixin.py:188} INFO - [2026-08-17T11:35:06.684+0000] {dag.py:3036} INFO - Sync 1 DAGs
[2026-08-17T11:35:06.706+0000] {logging_mixin.py:188} INFO - [2026-08-17T11:35:06.706+0000] {dag.py:3823} INFO - Setting next_dagrun for jour6_variables_jinja to 2026-08-16 00:00:00+00:00, run_after=2026-08-17 00:00:00+00:00
[2026-08-17T11:35:06.729+0000] {processor.py:183} INFO - Processing /opt/airflow/dags/dag_variables_jinja.py took 0.390 seconds
[2026-08-17T11:35:36.946+0000] {processor.py:161} INFO - Started process (PID=1848) to work on /opt/airflow/dags/dag_variables_jinja.py
[2026-08-17T11:35:36.947+0000] {processor.py:830} INFO - Processing file /opt/airflow/dags/dag_variables_jinja.py for tasks to queue
[2026-08-17T11:35:36.950+0000] {logging_mixin.py:188} INFO - [2026-08-17T11:35:36.949+0000] {dagbag.py:538} INFO - Filling up the DagBag from /opt/airflow/dags/dag_variables_jinja.py
[2026-08-17T11:35:37.237+0000] {processor.py:840} INFO - DAG(s) 'jour6_variables_jinja' retrieved from /opt/airflow/dags/dag_variables_jinja.py
[2026-08-17T11:35:37.271+0000] {logging_mixin.py:188} INFO - [2026-08-17T11:35:37.270+0000] {dag.py:3036} INFO - Sync 1 DAGs
[2026-08-17T11:35:37.294+0000] {logging_mixin.py:188} INFO - [2026-08-17T11:35:37.294+0000] {dag.py:3823} INFO - Setting next_dagrun for jour6_variables_jinja to 2026-08-16 00:00:00+00:00, run_after=2026-08-17 00:00:00+00:00
[2026-08-17T11:35:37.316+0000] {processor.py:183} INFO - Processing /opt/airflow/dags/dag_variables_jinja.py took 0.374 seconds
[2026-08-17T11:36:07.560+0000] {processor.py:161} INFO - Started process (PID=1927) to work on /opt/airflow/dags/dag_variables_jinja.py
[2026-08-17T11:36:07.562+0000] {processor.py:830} INFO - Processing file /opt/airflow/dags/dag_variables_jinja.py for tasks to queue
[2026-08-17T11:36:07.564+0000] {logging_mixin.py:188} INFO - [2026-08-17T11:36:07.564+0000] {dagbag.py:538} INFO - Filling up the DagBag from /opt/airflow/dags/dag_variables_jinja.py
[2026-08-17T11:36:07.861+0000] {processor.py:840} INFO - DAG(s) 'jour6_variables_jinja' retrieved from /opt/airflow/dags/dag_variables_jinja.py
[2026-08-17T11:36:07.896+0000] {logging_mixin.py:188} INFO - [2026-08-17T11:36:07.896+0000] {dag.py:3036} INFO - Sync 1 DAGs
[2026-08-17T11:36:07.919+0000] {logging_mixin.py:188} INFO - [2026-08-17T11:36:07.919+0000] {dag.py:3823} INFO - Setting next_dagrun for jour6_variables_jinja to 2026-08-16 00:00:00+00:00, run_after=2026-08-17 00:00:00+00:00
[2026-08-17T11:36:07.946+0000] {processor.py:183} INFO - Processing /opt/airflow/dags/dag_variables_jinja.py took 0.391 seconds
[2026-08-17T11:36:38.526+0000] {processor.py:161} INFO - Started process (PID=2006) to work on /opt/airflow/dags/dag_variables_jinja.py
[2026-08-17T11:36:38.527+0000] {processor.py:830} INFO - Processing file /opt/airflow/dags/dag_variables_jinja.py for tasks to queue
[2026-08-17T11:36:38.529+0000] {logging_mixin.py:188} INFO - [2026-08-17T11:36:38.529+0000] {dagbag.py:538} INFO - Filling up the DagBag from /opt/airflow/dags/dag_variables_jinja.py
[2026-08-17T11:36:38.951+0000] {processor.py:840} INFO - DAG(s) 'jour6_variables_jinja' retrieved from /opt/airflow/dags/dag_variables_jinja.py
[2026-08-17T11:36:38.987+0000] {logging_mixin.py:188} INFO - [2026-08-17T11:36:38.987+0000] {dag.py:3036} INFO - Sync 1 DAGs
[2026-08-17T11:36:39.010+0000] {logging_mixin.py:188} INFO - [2026-08-17T11:36:39.010+0000] {dag.py:3823} INFO - Setting next_dagrun for jour6_variables_jinja to 2026-08-16 00:00:00+00:00, run_after=2026-08-17 00:00:00+00:00
[2026-08-17T11:36:39.037+0000] {processor.py:183} INFO - Processing /opt/airflow/dags/dag_variables_jinja.py took 0.515 seconds
[2026-08-17T11:37:09.490+0000] {processor.py:161} INFO - Started process (PID=2085) to work on /opt/airflow/dags/dag_variables_jinja.py
[2026-08-17T11:37:09.491+0000] {processor.py:830} INFO - Processing file /opt/airflow/dags/dag_variables_jinja.py for tasks to queue
[2026-08-17T11:37:09.493+0000] {logging_mixin.py:188} INFO - [2026-08-17T11:37:09.493+0000] {dagbag.py:538} INFO - Filling up the DagBag from /opt/airflow/dags/dag_variables_jinja.py
[2026-08-17T11:37:09.841+0000] {processor.py:840} INFO - DAG(s) 'jour6_variables_jinja' retrieved from /opt/airflow/dags/dag_variables_jinja.py
[2026-08-17T11:37:09.886+0000] {logging_mixin.py:188} INFO - [2026-08-17T11:37:09.885+0000] {dag.py:3036} INFO - Sync 1 DAGs
[2026-08-17T11:37:09.916+0000] {logging_mixin.py:188} INFO - [2026-08-17T11:37:09.916+0000] {dag.py:3823} INFO - Setting next_dagrun for jour6_variables_jinja to 2026-08-16 00:00:00+00:00, run_after=2026-08-17 00:00:00+00:00
[2026-08-17T11:37:09.947+0000] {processor.py:183} INFO - Processing /opt/airflow/dags/dag_variables_jinja.py took 0.463 seconds
[2026-08-17T11:37:40.277+0000] {processor.py:161} INFO - Started process (PID=2172) to work on /opt/airflow/dags/dag_variables_jinja.py
[2026-08-17T11:37:40.282+0000] {processor.py:830} INFO - Processing file /opt/airflow/dags/dag_variables_jinja.py for tasks to queue
[2026-08-17T11:37:40.288+0000] {logging_mixin.py:188} INFO - [2026-08-17T11:37:40.287+0000] {dagbag.py:538} INFO - Filling up the DagBag from /opt/airflow/dags/dag_variables_jinja.py
[2026-08-17T11:37:41.058+0000] {processor.py:840} INFO - DAG(s) 'jour6_variables_jinja' retrieved from /opt/airflow/dags/dag_variables_jinja.py
[2026-08-17T11:37:41.106+0000] {logging_mixin.py:188} INFO - [2026-08-17T11:37:41.106+0000] {dag.py:3036} INFO - Sync 1 DAGs
[2026-08-17T11:37:41.139+0000] {logging_mixin.py:188} INFO - [2026-08-17T11:37:41.139+0000] {dag.py:3823} INFO - Setting next_dagrun for jour6_variables_jinja to 2026-08-16 00:00:00+00:00, run_after=2026-08-17 00:00:00+00:00
[2026-08-17T11:37:41.169+0000] {processor.py:183} INFO - Processing /opt/airflow/dags/dag_variables_jinja.py took 0.900 seconds
[2026-08-17T11:38:11.984+0000] {processor.py:161} INFO - Started process (PID=2279) to work on /opt/airflow/dags/dag_variables_jinja.py
[2026-08-17T11:38:11.986+0000] {processor.py:830} INFO - Processing file /opt/airflow/dags/dag_variables_jinja.py for tasks to queue
[2026-08-17T11:38:11.989+0000] {logging_mixin.py:188} INFO - [2026-08-17T11:38:11.988+0000] {dagbag.py:538} INFO - Filling up the DagBag from /opt/airflow/dags/dag_variables_jinja.py
[2026-08-17T11:38:12.271+0000] {processor.py:840} INFO - DAG(s) 'jour6_variables_jinja' retrieved from /opt/airflow/dags/dag_variables_jinja.py
[2026-08-17T11:38:12.304+0000] {logging_mixin.py:188} INFO - [2026-08-17T11:38:12.304+0000] {dag.py:3036} INFO - Sync 1 DAGs
[2026-08-17T11:38:12.327+0000] {logging_mixin.py:188} INFO - [2026-08-17T11:38:12.327+0000] {dag.py:3823} INFO - Setting next_dagrun for jour6_variables_jinja to 2026-08-17 00:00:00+00:00, run_after=2026-08-18 00:00:00+00:00
[2026-08-17T11:38:12.350+0000] {processor.py:183} INFO - Processing /opt/airflow/dags/dag_variables_jinja.py took 0.371 seconds
[2026-08-17T11:38:42.854+0000] {processor.py:161} INFO - Started process (PID=2358) to work on /opt/airflow/dags/dag_variables_jinja.py
[2026-08-17T11:38:42.855+0000] {processor.py:830} INFO - Processing file /opt/airflow/dags/dag_variables_jinja.py for tasks to queue
[2026-08-17T11:38:42.857+0000] {logging_mixin.py:188} INFO - [2026-08-17T11:38:42.857+0000] {dagbag.py:538} INFO - Filling up the DagBag from /opt/airflow/dags/dag_variables_jinja.py
[2026-08-17T11:38:43.135+0000] {processor.py:840} INFO - DAG(s) 'jour6_variables_jinja' retrieved from /opt/airflow/dags/dag_variables_jinja.py
[2026-08-17T11:38:43.173+0000] {logging_mixin.py:188} INFO - [2026-08-17T11:38:43.173+0000] {dag.py:3036} INFO - Sync 1 DAGs
[2026-08-17T11:38:43.199+0000] {logging_mixin.py:188} INFO - [2026-08-17T11:38:43.198+0000] {dag.py:3823} INFO - Setting next_dagrun for jour6_variables_jinja to 2026-08-17 00:00:00+00:00, run_after=2026-08-18 00:00:00+00:00
[2026-08-17T11:38:43.221+0000] {processor.py:183} INFO - Processing /opt/airflow/dags/dag_variables_jinja.py took 0.372 seconds
[2026-08-17T11:39:13.638+0000] {processor.py:161} INFO - Started process (PID=2437) to work on /opt/airflow/dags/dag_variables_jinja.py
[2026-08-17T11:39:13.639+0000] {processor.py:830} INFO - Processing file /opt/airflow/dags/dag_variables_jinja.py for tasks to queue
[2026-08-17T11:39:13.642+0000] {logging_mixin.py:188} INFO - [2026-08-17T11:39:13.642+0000] {dagbag.py:538} INFO - Filling up the DagBag from /opt/airflow/dags/dag_variables_jinja.py
[2026-08-17T11:39:13.942+0000] {processor.py:840} INFO - DAG(s) 'jour6_variables_jinja' retrieved from /opt/airflow/dags/dag_variables_jinja.py
[2026-08-17T11:39:13.981+0000] {logging_mixin.py:188} INFO - [2026-08-17T11:39:13.980+0000] {dag.py:3036} INFO - Sync 1 DAGs
[2026-08-17T11:39:14.003+0000] {logging_mixin.py:188} INFO - [2026-08-17T11:39:14.003+0000] {dag.py:3823} INFO - Setting next_dagrun for jour6_variables_jinja to 2026-08-17 00:00:00+00:00, run_after=2026-08-18 00:00:00+00:00
[2026-08-17T11:39:14.024+0000] {processor.py:183} INFO - Processing /opt/airflow/dags/dag_variables_jinja.py took 0.392 seconds
[2026-08-17T11:39:44.177+0000] {processor.py:161} INFO - Started process (PID=2524) to work on /opt/airflow/dags/dag_variables_jinja.py
[2026-08-17T11:39:44.179+0000] {processor.py:830} INFO - Processing file /opt/airflow/dags/dag_variables_jinja.py for tasks to queue
[2026-08-17T11:39:44.181+0000] {logging_mixin.py:188} INFO - [2026-08-17T11:39:44.181+0000] {dagbag.py:538} INFO - Filling up the DagBag from /opt/airflow/dags/dag_variables_jinja.py
[2026-08-17T11:39:44.510+0000] {processor.py:840} INFO - DAG(s) 'jour6_variables_jinja' retrieved from /opt/airflow/dags/dag_variables_jinja.py
[2026-08-17T11:39:44.548+0000] {logging_mixin.py:188} INFO - [2026-08-17T11:39:44.548+0000] {dag.py:3036} INFO - Sync 1 DAGs
[2026-08-17T11:39:44.574+0000] {logging_mixin.py:188} INFO - [2026-08-17T11:39:44.573+0000] {dag.py:3823} INFO - Setting next_dagrun for jour6_variables_jinja to 2026-08-17 00:00:00+00:00, run_after=2026-08-18 00:00:00+00:00
[2026-08-17T11:39:44.597+0000] {processor.py:183} INFO - Processing /opt/airflow/dags/dag_variables_jinja.py took 0.424 seconds
[2026-08-17T11:40:14.880+0000] {processor.py:161} INFO - Started process (PID=2603) to work on /opt/airflow/dags/dag_variables_jinja.py
[2026-08-17T11:40:14.882+0000] {processor.py:830} INFO - Processing file /opt/airflow/dags/dag_variables_jinja.py for tasks to queue
[2026-08-17T11:40:14.884+0000] {logging_mixin.py:188} INFO - [2026-08-17T11:40:14.884+0000] {dagbag.py:538} INFO - Filling up the DagBag from /opt/airflow/dags/dag_variables_jinja.py
[2026-08-17T11:40:15.136+0000] {processor.py:840} INFO - DAG(s) 'jour6_variables_jinja' retrieved from /opt/airflow/dags/dag_variables_jinja.py
[2026-08-17T11:40:15.169+0000] {logging_mixin.py:188} INFO - [2026-08-17T11:40:15.169+0000] {dag.py:3036} INFO - Sync 1 DAGs
[2026-08-17T11:40:15.193+0000] {logging_mixin.py:188} INFO - [2026-08-17T11:40:15.193+0000] {dag.py:3823} INFO - Setting next_dagrun for jour6_variables_jinja to 2026-08-17 00:00:00+00:00, run_after=2026-08-18 00:00:00+00:00
[2026-08-17T11:40:15.215+0000] {processor.py:183} INFO - Processing /opt/airflow/dags/dag_variables_jinja.py took 0.338 seconds
[2026-08-17T11:40:45.510+0000] {processor.py:161} INFO - Started process (PID=2682) to work on /opt/airflow/dags/dag_variables_jinja.py
[2026-08-17T11:40:45.512+0000] {processor.py:830} INFO - Processing file /opt/airflow/dags/dag_variables_jinja.py for tasks to queue
[2026-08-17T11:40:45.514+0000] {logging_mixin.py:188} INFO - [2026-08-17T11:40:45.514+0000] {dagbag.py:538} INFO - Filling up the DagBag from /opt/airflow/dags/dag_variables_jinja.py
[2026-08-17T11:40:45.776+0000] {processor.py:840} INFO - DAG(s) 'jour6_variables_jinja' retrieved from /opt/airflow/dags/dag_variables_jinja.py
[2026-08-17T11:40:45.809+0000] {logging_mixin.py:188} INFO - [2026-08-17T11:40:45.809+0000] {dag.py:3036} INFO - Sync 1 DAGs
[2026-08-17T11:40:45.833+0000] {logging_mixin.py:188} INFO - [2026-08-17T11:40:45.833+0000] {dag.py:3823} INFO - Setting next_dagrun for jour6_variables_jinja to 2026-08-17 00:00:00+00:00, run_after=2026-08-18 00:00:00+00:00
[2026-08-17T11:40:45.857+0000] {processor.py:183} INFO - Processing /opt/airflow/dags/dag_variables_jinja.py took 0.350 seconds
[2026-08-17T11:41:16.109+0000] {processor.py:161} INFO - Started process (PID=2761) to work on /opt/airflow/dags/dag_variables_jinja.py
[2026-08-17T11:41:16.110+0000] {processor.py:830} INFO - Processing file /opt/airflow/dags/dag_variables_jinja.py for tasks to queue
[2026-08-17T11:41:16.112+0000] {logging_mixin.py:188} INFO - [2026-08-17T11:41:16.112+0000] {dagbag.py:538} INFO - Filling up the DagBag from /opt/airflow/dags/dag_variables_jinja.py
[2026-08-17T11:41:16.397+0000] {processor.py:840} INFO - DAG(s) 'jour6_variables_jinja' retrieved from /opt/airflow/dags/dag_variables_jinja.py
[2026-08-17T11:41:16.436+0000] {logging_mixin.py:188} INFO - [2026-08-17T11:41:16.436+0000] {dag.py:3036} INFO - Sync 1 DAGs
[2026-08-17T11:41:16.468+0000] {logging_mixin.py:188} INFO - [2026-08-17T11:41:16.467+0000] {dag.py:3823} INFO - Setting next_dagrun for jour6_variables_jinja to 2026-08-17 00:00:00+00:00, run_after=2026-08-18 00:00:00+00:00
[2026-08-17T11:41:16.492+0000] {processor.py:183} INFO - Processing /opt/airflow/dags/dag_variables_jinja.py took 0.386 seconds
[2026-08-17T11:41:46.698+0000] {processor.py:161} INFO - Started process (PID=2840) to work on /opt/airflow/dags/dag_variables_jinja.py
[2026-08-17T11:41:46.702+0000] {processor.py:830} INFO - Processing file /opt/airflow/dags/dag_variables_jinja.py for tasks to queue
[2026-08-17T11:41:46.705+0000] {logging_mixin.py:188} INFO - [2026-08-17T11:41:46.705+0000] {dagbag.py:538} INFO - Filling up the DagBag from /opt/airflow/dags/dag_variables_jinja.py
[2026-08-17T11:41:47.208+0000] {processor.py:840} INFO - DAG(s) 'jour6_variables_jinja' retrieved from /opt/airflow/dags/dag_variables_jinja.py
[2026-08-17T11:41:47.273+0000] {logging_mixin.py:188} INFO - [2026-08-17T11:41:47.273+0000] {dag.py:3036} INFO - Sync 1 DAGs
[2026-08-17T11:41:47.315+0000] {logging_mixin.py:188} INFO - [2026-08-17T11:41:47.315+0000] {dag.py:3823} INFO - Setting next_dagrun for jour6_variables_jinja to 2026-08-17 00:00:00+00:00, run_after=2026-08-18 00:00:00+00:00
[2026-08-17T11:41:47.361+0000] {processor.py:183} INFO - Processing /opt/airflow/dags/dag_variables_jinja.py took 0.670 seconds
[2026-08-17T11:42:17.826+0000] {processor.py:161} INFO - Started process (PID=2919) to work on /opt/airflow/dags/dag_variables_jinja.py
[2026-08-17T11:42:17.828+0000] {processor.py:830} INFO - Processing file /opt/airflow/dags/dag_variables_jinja.py for tasks to queue
[2026-08-17T11:42:17.830+0000] {logging_mixin.py:188} INFO - [2026-08-17T11:42:17.830+0000] {dagbag.py:538} INFO - Filling up the DagBag from /opt/airflow/dags/dag_variables_jinja.py
[2026-08-17T11:42:18.108+0000] {processor.py:840} INFO - DAG(s) 'jour6_variables_jinja' retrieved from /opt/airflow/dags/dag_variables_jinja.py
[2026-08-17T11:42:18.142+0000] {logging_mixin.py:188} INFO - [2026-08-17T11:42:18.142+0000] {dag.py:3036} INFO - Sync 1 DAGs
[2026-08-17T11:42:18.169+0000] {logging_mixin.py:188} INFO - [2026-08-17T11:42:18.169+0000] {dag.py:3823} INFO - Setting next_dagrun for jour6_variables_jinja to 2026-08-17 00:00:00+00:00, run_after=2026-08-18 00:00:00+00:00
[2026-08-17T11:42:18.197+0000] {processor.py:183} INFO - Processing /opt/airflow/dags/dag_variables_jinja.py took 0.375 seconds
[2026-08-17T11:42:48.638+0000] {processor.py:161} INFO - Started process (PID=2998) to work on /opt/airflow/dags/dag_variables_jinja.py
[2026-08-17T11:42:48.641+0000] {processor.py:830} INFO - Processing file /opt/airflow/dags/dag_variables_jinja.py for tasks to queue
[2026-08-17T11:42:48.647+0000] {logging_mixin.py:188} INFO - [2026-08-17T11:42:48.646+0000] {dagbag.py:538} INFO - Filling up the DagBag from /opt/airflow/dags/dag_variables_jinja.py
[2026-08-17T11:42:49.143+0000] {processor.py:840} INFO - DAG(s) 'jour6_variables_jinja' retrieved from /opt/airflow/dags/dag_variables_jinja.py
[2026-08-17T11:42:49.195+0000] {logging_mixin.py:188} INFO - [2026-08-17T11:42:49.195+0000] {dag.py:3036} INFO - Sync 1 DAGs
[2026-08-17T11:42:49.227+0000] {logging_mixin.py:188} INFO - [2026-08-17T11:42:49.227+0000] {dag.py:3823} INFO - Setting next_dagrun for jour6_variables_jinja to 2026-08-17 00:00:00+00:00, run_after=2026-08-18 00:00:00+00:00
[2026-08-17T11:42:49.258+0000] {processor.py:183} INFO - Processing /opt/airflow/dags/dag_variables_jinja.py took 0.628 seconds
[2026-08-17T11:43:19.579+0000] {processor.py:161} INFO - Started process (PID=3077) to work on /opt/airflow/dags/dag_variables_jinja.py
[2026-08-17T11:43:19.580+0000] {processor.py:830} INFO - Processing file /opt/airflow/dags/dag_variables_jinja.py for tasks to queue
[2026-08-17T11:43:19.582+0000] {logging_mixin.py:188} INFO - [2026-08-17T11:43:19.582+0000] {dagbag.py:538} INFO - Filling up the DagBag from /opt/airflow/dags/dag_variables_jinja.py
[2026-08-17T11:43:19.848+0000] {processor.py:840} INFO - DAG(s) 'jour6_variables_jinja' retrieved from /opt/airflow/dags/dag_variables_jinja.py
[2026-08-17T11:43:19.884+0000] {logging_mixin.py:188} INFO - [2026-08-17T11:43:19.884+0000] {dag.py:3036} INFO - Sync 1 DAGs
[2026-08-17T11:43:19.906+0000] {logging_mixin.py:188} INFO - [2026-08-17T11:43:19.906+0000] {dag.py:3823} INFO - Setting next_dagrun for jour6_variables_jinja to 2026-08-17 00:00:00+00:00, run_after=2026-08-18 00:00:00+00:00
[2026-08-17T11:43:19.929+0000] {processor.py:183} INFO - Processing /opt/airflow/dags/dag_variables_jinja.py took 0.354 seconds
[2026-08-17T11:43:50.435+0000] {processor.py:161} INFO - Started process (PID=3156) to work on /opt/airflow/dags/dag_variables_jinja.py
[2026-08-17T11:43:50.437+0000] {processor.py:830} INFO - Processing file /opt/airflow/dags/dag_variables_jinja.py for tasks to queue
[2026-08-17T11:43:50.439+0000] {logging_mixin.py:188} INFO - [2026-08-17T11:43:50.438+0000] {dagbag.py:538} INFO - Filling up the DagBag from /opt/airflow/dags/dag_variables_jinja.py
[2026-08-17T11:43:50.730+0000] {processor.py:840} INFO - DAG(s) 'jour6_variables_jinja' retrieved from /opt/airflow/dags/dag_variables_jinja.py
[2026-08-17T11:43:50.765+0000] {logging_mixin.py:188} INFO - [2026-08-17T11:43:50.765+0000] {dag.py:3036} INFO - Sync 1 DAGs
[2026-08-17T11:43:50.791+0000] {logging_mixin.py:188} INFO - [2026-08-17T11:43:50.790+0000] {dag.py:3823} INFO - Setting next_dagrun for jour6_variables_jinja to 2026-08-17 00:00:00+00:00, run_after=2026-08-18 00:00:00+00:00
[2026-08-17T11:43:50.815+0000] {processor.py:183} INFO - Processing /opt/airflow/dags/dag_variables_jinja.py took 0.384 seconds
[2026-08-17T11:44:21.003+0000] {processor.py:161} INFO - Started process (PID=3236) to work on /opt/airflow/dags/dag_variables_jinja.py
[2026-08-17T11:44:21.005+0000] {processor.py:830} INFO - Processing file /opt/airflow/dags/dag_variables_jinja.py for tasks to queue
[2026-08-17T11:44:21.007+0000] {logging_mixin.py:188} INFO - [2026-08-17T11:44:21.007+0000] {dagbag.py:538} INFO - Filling up the DagBag from /opt/airflow/dags/dag_variables_jinja.py
[2026-08-17T11:44:21.340+0000] {processor.py:840} INFO - DAG(s) 'jour6_variables_jinja' retrieved from /opt/airflow/dags/dag_variables_jinja.py
[2026-08-17T11:44:21.385+0000] {logging_mixin.py:188} INFO - [2026-08-17T11:44:21.385+0000] {dag.py:3036} INFO - Sync 1 DAGs
[2026-08-17T11:44:21.417+0000] {logging_mixin.py:188} INFO - [2026-08-17T11:44:21.416+0000] {dag.py:3823} INFO - Setting next_dagrun for jour6_variables_jinja to 2026-08-17 00:00:00+00:00, run_after=2026-08-18 00:00:00+00:00
[2026-08-17T11:44:21.442+0000] {processor.py:183} INFO - Processing /opt/airflow/dags/dag_variables_jinja.py took 0.442 seconds
