[2026-08-09T19:50:01.608+0000] {processor.py:161} INFO - Started process (PID=103) to work on /home/airflow/.local/lib/python3.8/site-packages/airflow/example_dags/example_time_delta_sensor_async.py
[2026-08-09T19:50:01.615+0000] {processor.py:830} INFO - Processing file /home/airflow/.local/lib/python3.8/site-packages/airflow/example_dags/example_time_delta_sensor_async.py for tasks to queue
[2026-08-09T19:50:01.621+0000] {logging_mixin.py:188} INFO - [2026-08-09T19:50:01.620+0000] {dagbag.py:538} INFO - Filling up the DagBag from /home/airflow/.local/lib/python3.8/site-packages/airflow/example_dags/example_time_delta_sensor_async.py
[2026-08-09T19:50:01.646+0000] {processor.py:840} INFO - DAG(s) 'example_time_delta_sensor_async' retrieved from /home/airflow/.local/lib/python3.8/site-packages/airflow/example_dags/example_time_delta_sensor_async.py
[2026-08-09T19:50:01.677+0000] {logging_mixin.py:188} INFO - [2026-08-09T19:50:01.676+0000] {dag.py:3036} INFO - Sync 1 DAGs
[2026-08-09T19:50:01.713+0000] {logging_mixin.py:188} INFO - [2026-08-09T19:50:01.712+0000] {dag.py:3823} INFO - Setting next_dagrun for example_time_delta_sensor_async to None, run_after=None
[2026-08-09T19:50:01.771+0000] {processor.py:183} INFO - Processing /home/airflow/.local/lib/python3.8/site-packages/airflow/example_dags/example_time_delta_sensor_async.py took 0.175 seconds
[2026-08-09T19:50:32.499+0000] {processor.py:161} INFO - Started process (PID=172) to work on /home/airflow/.local/lib/python3.8/site-packages/airflow/example_dags/example_time_delta_sensor_async.py
[2026-08-09T19:50:32.502+0000] {processor.py:830} INFO - Processing file /home/airflow/.local/lib/python3.8/site-packages/airflow/example_dags/example_time_delta_sensor_async.py for tasks to queue
[2026-08-09T19:50:32.505+0000] {logging_mixin.py:188} INFO - [2026-08-09T19:50:32.504+0000] {dagbag.py:538} INFO - Filling up the DagBag from /home/airflow/.local/lib/python3.8/site-packages/airflow/example_dags/example_time_delta_sensor_async.py
[2026-08-09T19:50:32.514+0000] {processor.py:840} INFO - DAG(s) 'example_time_delta_sensor_async' retrieved from /home/airflow/.local/lib/python3.8/site-packages/airflow/example_dags/example_time_delta_sensor_async.py
[2026-08-09T19:50:32.707+0000] {logging_mixin.py:188} INFO - [2026-08-09T19:50:32.706+0000] {dag.py:3036} INFO - Sync 1 DAGs
[2026-08-09T19:50:32.724+0000] {logging_mixin.py:188} INFO - [2026-08-09T19:50:32.724+0000] {dag.py:3823} INFO - Setting next_dagrun for example_time_delta_sensor_async to None, run_after=None
[2026-08-09T19:50:32.753+0000] {processor.py:183} INFO - Processing /home/airflow/.local/lib/python3.8/site-packages/airflow/example_dags/example_time_delta_sensor_async.py took 0.259 seconds
[2026-08-09T19:51:04.376+0000] {processor.py:161} INFO - Started process (PID=237) to work on /home/airflow/.local/lib/python3.8/site-packages/airflow/example_dags/example_time_delta_sensor_async.py
[2026-08-09T19:51:04.388+0000] {processor.py:830} INFO - Processing file /home/airflow/.local/lib/python3.8/site-packages/airflow/example_dags/example_time_delta_sensor_async.py for tasks to queue
[2026-08-09T19:51:04.394+0000] {logging_mixin.py:188} INFO - [2026-08-09T19:51:04.393+0000] {dagbag.py:538} INFO - Filling up the DagBag from /home/airflow/.local/lib/python3.8/site-packages/airflow/example_dags/example_time_delta_sensor_async.py
[2026-08-09T19:51:04.412+0000] {processor.py:840} INFO - DAG(s) 'example_time_delta_sensor_async' retrieved from /home/airflow/.local/lib/python3.8/site-packages/airflow/example_dags/example_time_delta_sensor_async.py
[2026-08-09T19:51:04.456+0000] {logging_mixin.py:188} INFO - [2026-08-09T19:51:04.454+0000] {dag.py:3036} INFO - Sync 1 DAGs
[2026-08-09T19:51:04.492+0000] {logging_mixin.py:188} INFO - [2026-08-09T19:51:04.492+0000] {dag.py:3823} INFO - Setting next_dagrun for example_time_delta_sensor_async to None, run_after=None
[2026-08-09T19:51:04.562+0000] {processor.py:183} INFO - Processing /home/airflow/.local/lib/python3.8/site-packages/airflow/example_dags/example_time_delta_sensor_async.py took 0.200 seconds
[2026-08-09T19:52:46.853+0000] {processor.py:161} INFO - Started process (PID=88) to work on /home/airflow/.local/lib/python3.8/site-packages/airflow/example_dags/example_time_delta_sensor_async.py
[2026-08-09T19:52:46.855+0000] {processor.py:830} INFO - Processing file /home/airflow/.local/lib/python3.8/site-packages/airflow/example_dags/example_time_delta_sensor_async.py for tasks to queue
[2026-08-09T19:52:46.858+0000] {logging_mixin.py:188} INFO - [2026-08-09T19:52:46.858+0000] {dagbag.py:538} INFO - Filling up the DagBag from /home/airflow/.local/lib/python3.8/site-packages/airflow/example_dags/example_time_delta_sensor_async.py
[2026-08-09T19:52:46.872+0000] {processor.py:840} INFO - DAG(s) 'example_time_delta_sensor_async' retrieved from /home/airflow/.local/lib/python3.8/site-packages/airflow/example_dags/example_time_delta_sensor_async.py
[2026-08-09T19:52:46.892+0000] {logging_mixin.py:188} INFO - [2026-08-09T19:52:46.891+0000] {dag.py:3036} INFO - Sync 1 DAGs
[2026-08-09T19:52:46.914+0000] {logging_mixin.py:188} INFO - [2026-08-09T19:52:46.914+0000] {dag.py:3823} INFO - Setting next_dagrun for example_time_delta_sensor_async to None, run_after=None
[2026-08-09T19:52:46.947+0000] {processor.py:183} INFO - Processing /home/airflow/.local/lib/python3.8/site-packages/airflow/example_dags/example_time_delta_sensor_async.py took 0.098 seconds
[2026-08-09T19:53:17.085+0000] {processor.py:161} INFO - Started process (PID=153) to work on /home/airflow/.local/lib/python3.8/site-packages/airflow/example_dags/example_time_delta_sensor_async.py
[2026-08-09T19:53:17.087+0000] {processor.py:830} INFO - Processing file /home/airflow/.local/lib/python3.8/site-packages/airflow/example_dags/example_time_delta_sensor_async.py for tasks to queue
[2026-08-09T19:53:17.089+0000] {logging_mixin.py:188} INFO - [2026-08-09T19:53:17.088+0000] {dagbag.py:538} INFO - Filling up the DagBag from /home/airflow/.local/lib/python3.8/site-packages/airflow/example_dags/example_time_delta_sensor_async.py
[2026-08-09T19:53:17.094+0000] {processor.py:840} INFO - DAG(s) 'example_time_delta_sensor_async' retrieved from /home/airflow/.local/lib/python3.8/site-packages/airflow/example_dags/example_time_delta_sensor_async.py
[2026-08-09T19:53:17.186+0000] {logging_mixin.py:188} INFO - [2026-08-09T19:53:17.186+0000] {dag.py:3036} INFO - Sync 1 DAGs
[2026-08-09T19:53:17.196+0000] {logging_mixin.py:188} INFO - [2026-08-09T19:53:17.195+0000] {dag.py:3823} INFO - Setting next_dagrun for example_time_delta_sensor_async to None, run_after=None
[2026-08-09T19:53:17.214+0000] {processor.py:183} INFO - Processing /home/airflow/.local/lib/python3.8/site-packages/airflow/example_dags/example_time_delta_sensor_async.py took 0.132 seconds
[2026-08-09T19:53:49.389+0000] {processor.py:161} INFO - Started process (PID=219) to work on /home/airflow/.local/lib/python3.8/site-packages/airflow/example_dags/example_time_delta_sensor_async.py
[2026-08-09T19:53:49.391+0000] {processor.py:830} INFO - Processing file /home/airflow/.local/lib/python3.8/site-packages/airflow/example_dags/example_time_delta_sensor_async.py for tasks to queue
[2026-08-09T19:53:49.394+0000] {logging_mixin.py:188} INFO - [2026-08-09T19:53:49.394+0000] {dagbag.py:538} INFO - Filling up the DagBag from /home/airflow/.local/lib/python3.8/site-packages/airflow/example_dags/example_time_delta_sensor_async.py
[2026-08-09T19:53:49.404+0000] {processor.py:840} INFO - DAG(s) 'example_time_delta_sensor_async' retrieved from /home/airflow/.local/lib/python3.8/site-packages/airflow/example_dags/example_time_delta_sensor_async.py
[2026-08-09T19:53:49.440+0000] {logging_mixin.py:188} INFO - [2026-08-09T19:53:49.438+0000] {dag.py:3036} INFO - Sync 1 DAGs
[2026-08-09T19:53:49.458+0000] {logging_mixin.py:188} INFO - [2026-08-09T19:53:49.458+0000] {dag.py:3823} INFO - Setting next_dagrun for example_time_delta_sensor_async to None, run_after=None
[2026-08-09T19:53:49.491+0000] {processor.py:183} INFO - Processing /home/airflow/.local/lib/python3.8/site-packages/airflow/example_dags/example_time_delta_sensor_async.py took 0.108 seconds
[2026-08-09T19:54:20.405+0000] {processor.py:161} INFO - Started process (PID=284) to work on /home/airflow/.local/lib/python3.8/site-packages/airflow/example_dags/example_time_delta_sensor_async.py
[2026-08-09T19:54:20.407+0000] {processor.py:830} INFO - Processing file /home/airflow/.local/lib/python3.8/site-packages/airflow/example_dags/example_time_delta_sensor_async.py for tasks to queue
[2026-08-09T19:54:20.409+0000] {logging_mixin.py:188} INFO - [2026-08-09T19:54:20.409+0000] {dagbag.py:538} INFO - Filling up the DagBag from /home/airflow/.local/lib/python3.8/site-packages/airflow/example_dags/example_time_delta_sensor_async.py
[2026-08-09T19:54:20.415+0000] {processor.py:840} INFO - DAG(s) 'example_time_delta_sensor_async' retrieved from /home/airflow/.local/lib/python3.8/site-packages/airflow/example_dags/example_time_delta_sensor_async.py
[2026-08-09T19:54:20.438+0000] {logging_mixin.py:188} INFO - [2026-08-09T19:54:20.438+0000] {dag.py:3036} INFO - Sync 1 DAGs
[2026-08-09T19:54:20.450+0000] {logging_mixin.py:188} INFO - [2026-08-09T19:54:20.450+0000] {dag.py:3823} INFO - Setting next_dagrun for example_time_delta_sensor_async to None, run_after=None
[2026-08-09T19:54:20.499+0000] {processor.py:183} INFO - Processing /home/airflow/.local/lib/python3.8/site-packages/airflow/example_dags/example_time_delta_sensor_async.py took 0.097 seconds
[2026-08-09T19:54:51.080+0000] {processor.py:161} INFO - Started process (PID=349) to work on /home/airflow/.local/lib/python3.8/site-packages/airflow/example_dags/example_time_delta_sensor_async.py
[2026-08-09T19:54:51.086+0000] {processor.py:830} INFO - Processing file /home/airflow/.local/lib/python3.8/site-packages/airflow/example_dags/example_time_delta_sensor_async.py for tasks to queue
[2026-08-09T19:54:51.090+0000] {logging_mixin.py:188} INFO - [2026-08-09T19:54:51.089+0000] {dagbag.py:538} INFO - Filling up the DagBag from /home/airflow/.local/lib/python3.8/site-packages/airflow/example_dags/example_time_delta_sensor_async.py
[2026-08-09T19:54:51.097+0000] {processor.py:840} INFO - DAG(s) 'example_time_delta_sensor_async' retrieved from /home/airflow/.local/lib/python3.8/site-packages/airflow/example_dags/example_time_delta_sensor_async.py
[2026-08-09T19:54:51.121+0000] {logging_mixin.py:188} INFO - [2026-08-09T19:54:51.121+0000] {dag.py:3036} INFO - Sync 1 DAGs
[2026-08-09T19:54:51.134+0000] {logging_mixin.py:188} INFO - [2026-08-09T19:54:51.134+0000] {dag.py:3823} INFO - Setting next_dagrun for example_time_delta_sensor_async to None, run_after=None
[2026-08-09T19:54:51.240+0000] {processor.py:183} INFO - Processing /home/airflow/.local/lib/python3.8/site-packages/airflow/example_dags/example_time_delta_sensor_async.py took 0.163 seconds
[2026-08-09T19:55:21.284+0000] {processor.py:161} INFO - Started process (PID=414) to work on /home/airflow/.local/lib/python3.8/site-packages/airflow/example_dags/example_time_delta_sensor_async.py
[2026-08-09T19:55:21.285+0000] {processor.py:830} INFO - Processing file /home/airflow/.local/lib/python3.8/site-packages/airflow/example_dags/example_time_delta_sensor_async.py for tasks to queue
[2026-08-09T19:55:21.287+0000] {logging_mixin.py:188} INFO - [2026-08-09T19:55:21.287+0000] {dagbag.py:538} INFO - Filling up the DagBag from /home/airflow/.local/lib/python3.8/site-packages/airflow/example_dags/example_time_delta_sensor_async.py
[2026-08-09T19:55:21.293+0000] {processor.py:840} INFO - DAG(s) 'example_time_delta_sensor_async' retrieved from /home/airflow/.local/lib/python3.8/site-packages/airflow/example_dags/example_time_delta_sensor_async.py
[2026-08-09T19:55:21.315+0000] {logging_mixin.py:188} INFO - [2026-08-09T19:55:21.314+0000] {dag.py:3036} INFO - Sync 1 DAGs
[2026-08-09T19:55:21.326+0000] {logging_mixin.py:188} INFO - [2026-08-09T19:55:21.326+0000] {dag.py:3823} INFO - Setting next_dagrun for example_time_delta_sensor_async to None, run_after=None
[2026-08-09T19:55:21.651+0000] {processor.py:183} INFO - Processing /home/airflow/.local/lib/python3.8/site-packages/airflow/example_dags/example_time_delta_sensor_async.py took 0.372 seconds
[2026-08-09T19:55:51.819+0000] {processor.py:161} INFO - Started process (PID=479) to work on /home/airflow/.local/lib/python3.8/site-packages/airflow/example_dags/example_time_delta_sensor_async.py
[2026-08-09T19:55:51.820+0000] {processor.py:830} INFO - Processing file /home/airflow/.local/lib/python3.8/site-packages/airflow/example_dags/example_time_delta_sensor_async.py for tasks to queue
[2026-08-09T19:55:51.824+0000] {logging_mixin.py:188} INFO - [2026-08-09T19:55:51.823+0000] {dagbag.py:538} INFO - Filling up the DagBag from /home/airflow/.local/lib/python3.8/site-packages/airflow/example_dags/example_time_delta_sensor_async.py
[2026-08-09T19:55:51.831+0000] {processor.py:840} INFO - DAG(s) 'example_time_delta_sensor_async' retrieved from /home/airflow/.local/lib/python3.8/site-packages/airflow/example_dags/example_time_delta_sensor_async.py
[2026-08-09T19:55:51.866+0000] {logging_mixin.py:188} INFO - [2026-08-09T19:55:51.865+0000] {dag.py:3036} INFO - Sync 1 DAGs
[2026-08-09T19:55:51.882+0000] {logging_mixin.py:188} INFO - [2026-08-09T19:55:51.881+0000] {dag.py:3823} INFO - Setting next_dagrun for example_time_delta_sensor_async to None, run_after=None
[2026-08-09T19:55:51.909+0000] {processor.py:183} INFO - Processing /home/airflow/.local/lib/python3.8/site-packages/airflow/example_dags/example_time_delta_sensor_async.py took 0.095 seconds
[2026-08-09T19:56:22.851+0000] {processor.py:161} INFO - Started process (PID=544) to work on /home/airflow/.local/lib/python3.8/site-packages/airflow/example_dags/example_time_delta_sensor_async.py
[2026-08-09T19:56:22.853+0000] {processor.py:830} INFO - Processing file /home/airflow/.local/lib/python3.8/site-packages/airflow/example_dags/example_time_delta_sensor_async.py for tasks to queue
[2026-08-09T19:56:22.855+0000] {logging_mixin.py:188} INFO - [2026-08-09T19:56:22.855+0000] {dagbag.py:538} INFO - Filling up the DagBag from /home/airflow/.local/lib/python3.8/site-packages/airflow/example_dags/example_time_delta_sensor_async.py
[2026-08-09T19:56:22.863+0000] {processor.py:840} INFO - DAG(s) 'example_time_delta_sensor_async' retrieved from /home/airflow/.local/lib/python3.8/site-packages/airflow/example_dags/example_time_delta_sensor_async.py
[2026-08-09T19:56:22.886+0000] {logging_mixin.py:188} INFO - [2026-08-09T19:56:22.886+0000] {dag.py:3036} INFO - Sync 1 DAGs
[2026-08-09T19:56:22.899+0000] {logging_mixin.py:188} INFO - [2026-08-09T19:56:22.898+0000] {dag.py:3823} INFO - Setting next_dagrun for example_time_delta_sensor_async to None, run_after=None
[2026-08-09T19:56:22.958+0000] {processor.py:183} INFO - Processing /home/airflow/.local/lib/python3.8/site-packages/airflow/example_dags/example_time_delta_sensor_async.py took 0.111 seconds
[2026-08-09T19:56:55.547+0000] {processor.py:161} INFO - Started process (PID=609) to work on /home/airflow/.local/lib/python3.8/site-packages/airflow/example_dags/example_time_delta_sensor_async.py
[2026-08-09T19:56:55.548+0000] {processor.py:830} INFO - Processing file /home/airflow/.local/lib/python3.8/site-packages/airflow/example_dags/example_time_delta_sensor_async.py for tasks to queue
[2026-08-09T19:56:55.552+0000] {logging_mixin.py:188} INFO - [2026-08-09T19:56:55.551+0000] {dagbag.py:538} INFO - Filling up the DagBag from /home/airflow/.local/lib/python3.8/site-packages/airflow/example_dags/example_time_delta_sensor_async.py
[2026-08-09T19:56:55.557+0000] {processor.py:840} INFO - DAG(s) 'example_time_delta_sensor_async' retrieved from /home/airflow/.local/lib/python3.8/site-packages/airflow/example_dags/example_time_delta_sensor_async.py
[2026-08-09T19:56:55.579+0000] {logging_mixin.py:188} INFO - [2026-08-09T19:56:55.579+0000] {dag.py:3036} INFO - Sync 1 DAGs
[2026-08-09T19:56:55.595+0000] {logging_mixin.py:188} INFO - [2026-08-09T19:56:55.594+0000] {dag.py:3823} INFO - Setting next_dagrun for example_time_delta_sensor_async to None, run_after=None
[2026-08-09T19:56:55.618+0000] {processor.py:183} INFO - Processing /home/airflow/.local/lib/python3.8/site-packages/airflow/example_dags/example_time_delta_sensor_async.py took 0.075 seconds
[2026-08-09T19:57:26.403+0000] {processor.py:161} INFO - Started process (PID=674) to work on /home/airflow/.local/lib/python3.8/site-packages/airflow/example_dags/example_time_delta_sensor_async.py
[2026-08-09T19:57:26.405+0000] {processor.py:830} INFO - Processing file /home/airflow/.local/lib/python3.8/site-packages/airflow/example_dags/example_time_delta_sensor_async.py for tasks to queue
[2026-08-09T19:57:26.407+0000] {logging_mixin.py:188} INFO - [2026-08-09T19:57:26.407+0000] {dagbag.py:538} INFO - Filling up the DagBag from /home/airflow/.local/lib/python3.8/site-packages/airflow/example_dags/example_time_delta_sensor_async.py
[2026-08-09T19:57:26.416+0000] {processor.py:840} INFO - DAG(s) 'example_time_delta_sensor_async' retrieved from /home/airflow/.local/lib/python3.8/site-packages/airflow/example_dags/example_time_delta_sensor_async.py
[2026-08-09T19:57:26.443+0000] {logging_mixin.py:188} INFO - [2026-08-09T19:57:26.442+0000] {dag.py:3036} INFO - Sync 1 DAGs
[2026-08-09T19:57:26.457+0000] {logging_mixin.py:188} INFO - [2026-08-09T19:57:26.456+0000] {dag.py:3823} INFO - Setting next_dagrun for example_time_delta_sensor_async to None, run_after=None
[2026-08-09T19:57:26.632+0000] {processor.py:183} INFO - Processing /home/airflow/.local/lib/python3.8/site-packages/airflow/example_dags/example_time_delta_sensor_async.py took 0.235 seconds
[2026-08-09T19:57:57.312+0000] {processor.py:161} INFO - Started process (PID=743) to work on /home/airflow/.local/lib/python3.8/site-packages/airflow/example_dags/example_time_delta_sensor_async.py
[2026-08-09T19:57:57.313+0000] {processor.py:830} INFO - Processing file /home/airflow/.local/lib/python3.8/site-packages/airflow/example_dags/example_time_delta_sensor_async.py for tasks to queue
[2026-08-09T19:57:57.315+0000] {logging_mixin.py:188} INFO - [2026-08-09T19:57:57.315+0000] {dagbag.py:538} INFO - Filling up the DagBag from /home/airflow/.local/lib/python3.8/site-packages/airflow/example_dags/example_time_delta_sensor_async.py
[2026-08-09T19:57:57.320+0000] {processor.py:840} INFO - DAG(s) 'example_time_delta_sensor_async' retrieved from /home/airflow/.local/lib/python3.8/site-packages/airflow/example_dags/example_time_delta_sensor_async.py
[2026-08-09T19:57:57.341+0000] {logging_mixin.py:188} INFO - [2026-08-09T19:57:57.340+0000] {dag.py:3036} INFO - Sync 1 DAGs
[2026-08-09T19:57:57.352+0000] {logging_mixin.py:188} INFO - [2026-08-09T19:57:57.351+0000] {dag.py:3823} INFO - Setting next_dagrun for example_time_delta_sensor_async to None, run_after=None
[2026-08-09T19:57:57.551+0000] {processor.py:183} INFO - Processing /home/airflow/.local/lib/python3.8/site-packages/airflow/example_dags/example_time_delta_sensor_async.py took 0.243 seconds
[2026-08-09T19:58:28.604+0000] {processor.py:161} INFO - Started process (PID=812) to work on /home/airflow/.local/lib/python3.8/site-packages/airflow/example_dags/example_time_delta_sensor_async.py
[2026-08-09T19:58:28.607+0000] {processor.py:830} INFO - Processing file /home/airflow/.local/lib/python3.8/site-packages/airflow/example_dags/example_time_delta_sensor_async.py for tasks to queue
[2026-08-09T19:58:28.611+0000] {logging_mixin.py:188} INFO - [2026-08-09T19:58:28.611+0000] {dagbag.py:538} INFO - Filling up the DagBag from /home/airflow/.local/lib/python3.8/site-packages/airflow/example_dags/example_time_delta_sensor_async.py
[2026-08-09T19:58:28.631+0000] {processor.py:840} INFO - DAG(s) 'example_time_delta_sensor_async' retrieved from /home/airflow/.local/lib/python3.8/site-packages/airflow/example_dags/example_time_delta_sensor_async.py
[2026-08-09T19:58:28.679+0000] {logging_mixin.py:188} INFO - [2026-08-09T19:58:28.679+0000] {dag.py:3036} INFO - Sync 1 DAGs
[2026-08-09T19:58:28.711+0000] {logging_mixin.py:188} INFO - [2026-08-09T19:58:28.710+0000] {dag.py:3823} INFO - Setting next_dagrun for example_time_delta_sensor_async to None, run_after=None
[2026-08-09T19:58:28.760+0000] {processor.py:183} INFO - Processing /home/airflow/.local/lib/python3.8/site-packages/airflow/example_dags/example_time_delta_sensor_async.py took 0.166 seconds
[2026-08-09T19:58:59.272+0000] {processor.py:161} INFO - Started process (PID=881) to work on /home/airflow/.local/lib/python3.8/site-packages/airflow/example_dags/example_time_delta_sensor_async.py
[2026-08-09T19:58:59.276+0000] {processor.py:830} INFO - Processing file /home/airflow/.local/lib/python3.8/site-packages/airflow/example_dags/example_time_delta_sensor_async.py for tasks to queue
[2026-08-09T19:58:59.280+0000] {logging_mixin.py:188} INFO - [2026-08-09T19:58:59.279+0000] {dagbag.py:538} INFO - Filling up the DagBag from /home/airflow/.local/lib/python3.8/site-packages/airflow/example_dags/example_time_delta_sensor_async.py
[2026-08-09T19:58:59.286+0000] {processor.py:840} INFO - DAG(s) 'example_time_delta_sensor_async' retrieved from /home/airflow/.local/lib/python3.8/site-packages/airflow/example_dags/example_time_delta_sensor_async.py
[2026-08-09T19:58:59.320+0000] {logging_mixin.py:188} INFO - [2026-08-09T19:58:59.319+0000] {dag.py:3036} INFO - Sync 1 DAGs
[2026-08-09T19:58:59.338+0000] {logging_mixin.py:188} INFO - [2026-08-09T19:58:59.338+0000] {dag.py:3823} INFO - Setting next_dagrun for example_time_delta_sensor_async to None, run_after=None
[2026-08-09T19:58:59.367+0000] {processor.py:183} INFO - Processing /home/airflow/.local/lib/python3.8/site-packages/airflow/example_dags/example_time_delta_sensor_async.py took 0.102 seconds
[2026-08-09T19:59:30.571+0000] {processor.py:161} INFO - Started process (PID=950) to work on /home/airflow/.local/lib/python3.8/site-packages/airflow/example_dags/example_time_delta_sensor_async.py
[2026-08-09T19:59:30.573+0000] {processor.py:830} INFO - Processing file /home/airflow/.local/lib/python3.8/site-packages/airflow/example_dags/example_time_delta_sensor_async.py for tasks to queue
[2026-08-09T19:59:30.576+0000] {logging_mixin.py:188} INFO - [2026-08-09T19:59:30.576+0000] {dagbag.py:538} INFO - Filling up the DagBag from /home/airflow/.local/lib/python3.8/site-packages/airflow/example_dags/example_time_delta_sensor_async.py
[2026-08-09T19:59:30.583+0000] {processor.py:840} INFO - DAG(s) 'example_time_delta_sensor_async' retrieved from /home/airflow/.local/lib/python3.8/site-packages/airflow/example_dags/example_time_delta_sensor_async.py
[2026-08-09T19:59:30.608+0000] {logging_mixin.py:188} INFO - [2026-08-09T19:59:30.608+0000] {dag.py:3036} INFO - Sync 1 DAGs
[2026-08-09T19:59:30.620+0000] {logging_mixin.py:188} INFO - [2026-08-09T19:59:30.620+0000] {dag.py:3823} INFO - Setting next_dagrun for example_time_delta_sensor_async to None, run_after=None
[2026-08-09T19:59:30.640+0000] {processor.py:183} INFO - Processing /home/airflow/.local/lib/python3.8/site-packages/airflow/example_dags/example_time_delta_sensor_async.py took 0.075 seconds
[2026-08-09T20:00:01.913+0000] {processor.py:161} INFO - Started process (PID=1019) to work on /home/airflow/.local/lib/python3.8/site-packages/airflow/example_dags/example_time_delta_sensor_async.py
[2026-08-09T20:00:01.916+0000] {processor.py:830} INFO - Processing file /home/airflow/.local/lib/python3.8/site-packages/airflow/example_dags/example_time_delta_sensor_async.py for tasks to queue
[2026-08-09T20:00:01.921+0000] {logging_mixin.py:188} INFO - [2026-08-09T20:00:01.920+0000] {dagbag.py:538} INFO - Filling up the DagBag from /home/airflow/.local/lib/python3.8/site-packages/airflow/example_dags/example_time_delta_sensor_async.py
[2026-08-09T20:00:01.932+0000] {processor.py:840} INFO - DAG(s) 'example_time_delta_sensor_async' retrieved from /home/airflow/.local/lib/python3.8/site-packages/airflow/example_dags/example_time_delta_sensor_async.py
[2026-08-09T20:00:01.969+0000] {logging_mixin.py:188} INFO - [2026-08-09T20:00:01.969+0000] {dag.py:3036} INFO - Sync 1 DAGs
[2026-08-09T20:00:01.989+0000] {logging_mixin.py:188} INFO - [2026-08-09T20:00:01.988+0000] {dag.py:3823} INFO - Setting next_dagrun for example_time_delta_sensor_async to None, run_after=None
[2026-08-09T20:00:02.024+0000] {processor.py:183} INFO - Processing /home/airflow/.local/lib/python3.8/site-packages/airflow/example_dags/example_time_delta_sensor_async.py took 0.117 seconds
[2026-08-09T20:00:34.067+0000] {processor.py:161} INFO - Started process (PID=1088) to work on /home/airflow/.local/lib/python3.8/site-packages/airflow/example_dags/example_time_delta_sensor_async.py
[2026-08-09T20:00:34.069+0000] {processor.py:830} INFO - Processing file /home/airflow/.local/lib/python3.8/site-packages/airflow/example_dags/example_time_delta_sensor_async.py for tasks to queue
[2026-08-09T20:00:34.072+0000] {logging_mixin.py:188} INFO - [2026-08-09T20:00:34.071+0000] {dagbag.py:538} INFO - Filling up the DagBag from /home/airflow/.local/lib/python3.8/site-packages/airflow/example_dags/example_time_delta_sensor_async.py
[2026-08-09T20:00:34.077+0000] {processor.py:840} INFO - DAG(s) 'example_time_delta_sensor_async' retrieved from /home/airflow/.local/lib/python3.8/site-packages/airflow/example_dags/example_time_delta_sensor_async.py
[2026-08-09T20:00:34.107+0000] {logging_mixin.py:188} INFO - [2026-08-09T20:00:34.106+0000] {dag.py:3036} INFO - Sync 1 DAGs
[2026-08-09T20:00:34.124+0000] {logging_mixin.py:188} INFO - [2026-08-09T20:00:34.123+0000] {dag.py:3823} INFO - Setting next_dagrun for example_time_delta_sensor_async to None, run_after=None
[2026-08-09T20:00:34.159+0000] {processor.py:183} INFO - Processing /home/airflow/.local/lib/python3.8/site-packages/airflow/example_dags/example_time_delta_sensor_async.py took 0.096 seconds
[2026-08-09T20:01:05.369+0000] {processor.py:161} INFO - Started process (PID=1157) to work on /home/airflow/.local/lib/python3.8/site-packages/airflow/example_dags/example_time_delta_sensor_async.py
[2026-08-09T20:01:05.370+0000] {processor.py:830} INFO - Processing file /home/airflow/.local/lib/python3.8/site-packages/airflow/example_dags/example_time_delta_sensor_async.py for tasks to queue
[2026-08-09T20:01:05.373+0000] {logging_mixin.py:188} INFO - [2026-08-09T20:01:05.373+0000] {dagbag.py:538} INFO - Filling up the DagBag from /home/airflow/.local/lib/python3.8/site-packages/airflow/example_dags/example_time_delta_sensor_async.py
[2026-08-09T20:01:05.385+0000] {processor.py:840} INFO - DAG(s) 'example_time_delta_sensor_async' retrieved from /home/airflow/.local/lib/python3.8/site-packages/airflow/example_dags/example_time_delta_sensor_async.py
[2026-08-09T20:01:05.423+0000] {logging_mixin.py:188} INFO - [2026-08-09T20:01:05.422+0000] {dag.py:3036} INFO - Sync 1 DAGs
[2026-08-09T20:01:05.442+0000] {logging_mixin.py:188} INFO - [2026-08-09T20:01:05.442+0000] {dag.py:3823} INFO - Setting next_dagrun for example_time_delta_sensor_async to None, run_after=None
[2026-08-09T20:01:05.474+0000] {processor.py:183} INFO - Processing /home/airflow/.local/lib/python3.8/site-packages/airflow/example_dags/example_time_delta_sensor_async.py took 0.109 seconds
[2026-08-09T20:01:36.115+0000] {processor.py:161} INFO - Started process (PID=1226) to work on /home/airflow/.local/lib/python3.8/site-packages/airflow/example_dags/example_time_delta_sensor_async.py
[2026-08-09T20:01:36.118+0000] {processor.py:830} INFO - Processing file /home/airflow/.local/lib/python3.8/site-packages/airflow/example_dags/example_time_delta_sensor_async.py for tasks to queue
[2026-08-09T20:01:36.122+0000] {logging_mixin.py:188} INFO - [2026-08-09T20:01:36.121+0000] {dagbag.py:538} INFO - Filling up the DagBag from /home/airflow/.local/lib/python3.8/site-packages/airflow/example_dags/example_time_delta_sensor_async.py
[2026-08-09T20:01:36.129+0000] {processor.py:840} INFO - DAG(s) 'example_time_delta_sensor_async' retrieved from /home/airflow/.local/lib/python3.8/site-packages/airflow/example_dags/example_time_delta_sensor_async.py
[2026-08-09T20:01:36.164+0000] {logging_mixin.py:188} INFO - [2026-08-09T20:01:36.163+0000] {dag.py:3036} INFO - Sync 1 DAGs
[2026-08-09T20:01:36.186+0000] {logging_mixin.py:188} INFO - [2026-08-09T20:01:36.185+0000] {dag.py:3823} INFO - Setting next_dagrun for example_time_delta_sensor_async to None, run_after=None
[2026-08-09T20:01:36.226+0000] {processor.py:183} INFO - Processing /home/airflow/.local/lib/python3.8/site-packages/airflow/example_dags/example_time_delta_sensor_async.py took 0.118 seconds
[2026-08-09T20:02:07.766+0000] {processor.py:161} INFO - Started process (PID=1295) to work on /home/airflow/.local/lib/python3.8/site-packages/airflow/example_dags/example_time_delta_sensor_async.py
[2026-08-09T20:02:07.769+0000] {processor.py:830} INFO - Processing file /home/airflow/.local/lib/python3.8/site-packages/airflow/example_dags/example_time_delta_sensor_async.py for tasks to queue
[2026-08-09T20:02:07.772+0000] {logging_mixin.py:188} INFO - [2026-08-09T20:02:07.772+0000] {dagbag.py:538} INFO - Filling up the DagBag from /home/airflow/.local/lib/python3.8/site-packages/airflow/example_dags/example_time_delta_sensor_async.py
[2026-08-09T20:02:07.783+0000] {processor.py:840} INFO - DAG(s) 'example_time_delta_sensor_async' retrieved from /home/airflow/.local/lib/python3.8/site-packages/airflow/example_dags/example_time_delta_sensor_async.py
[2026-08-09T20:02:07.845+0000] {logging_mixin.py:188} INFO - [2026-08-09T20:02:07.844+0000] {dag.py:3036} INFO - Sync 1 DAGs
[2026-08-09T20:02:07.887+0000] {logging_mixin.py:188} INFO - [2026-08-09T20:02:07.886+0000] {dag.py:3823} INFO - Setting next_dagrun for example_time_delta_sensor_async to None, run_after=None
[2026-08-09T20:02:07.939+0000] {processor.py:183} INFO - Processing /home/airflow/.local/lib/python3.8/site-packages/airflow/example_dags/example_time_delta_sensor_async.py took 0.180 seconds
[2026-08-09T20:02:39.161+0000] {processor.py:161} INFO - Started process (PID=1364) to work on /home/airflow/.local/lib/python3.8/site-packages/airflow/example_dags/example_time_delta_sensor_async.py
[2026-08-09T20:02:39.163+0000] {processor.py:830} INFO - Processing file /home/airflow/.local/lib/python3.8/site-packages/airflow/example_dags/example_time_delta_sensor_async.py for tasks to queue
[2026-08-09T20:02:39.166+0000] {logging_mixin.py:188} INFO - [2026-08-09T20:02:39.166+0000] {dagbag.py:538} INFO - Filling up the DagBag from /home/airflow/.local/lib/python3.8/site-packages/airflow/example_dags/example_time_delta_sensor_async.py
[2026-08-09T20:02:39.176+0000] {processor.py:840} INFO - DAG(s) 'example_time_delta_sensor_async' retrieved from /home/airflow/.local/lib/python3.8/site-packages/airflow/example_dags/example_time_delta_sensor_async.py
[2026-08-09T20:02:39.215+0000] {logging_mixin.py:188} INFO - [2026-08-09T20:02:39.214+0000] {dag.py:3036} INFO - Sync 1 DAGs
[2026-08-09T20:02:39.239+0000] {logging_mixin.py:188} INFO - [2026-08-09T20:02:39.239+0000] {dag.py:3823} INFO - Setting next_dagrun for example_time_delta_sensor_async to None, run_after=None
[2026-08-09T20:02:39.273+0000] {processor.py:183} INFO - Processing /home/airflow/.local/lib/python3.8/site-packages/airflow/example_dags/example_time_delta_sensor_async.py took 0.120 seconds
[2026-08-09T20:03:11.437+0000] {processor.py:161} INFO - Started process (PID=1434) to work on /home/airflow/.local/lib/python3.8/site-packages/airflow/example_dags/example_time_delta_sensor_async.py
[2026-08-09T20:03:11.440+0000] {processor.py:830} INFO - Processing file /home/airflow/.local/lib/python3.8/site-packages/airflow/example_dags/example_time_delta_sensor_async.py for tasks to queue
[2026-08-09T20:03:11.444+0000] {logging_mixin.py:188} INFO - [2026-08-09T20:03:11.443+0000] {dagbag.py:538} INFO - Filling up the DagBag from /home/airflow/.local/lib/python3.8/site-packages/airflow/example_dags/example_time_delta_sensor_async.py
[2026-08-09T20:03:11.454+0000] {processor.py:840} INFO - DAG(s) 'example_time_delta_sensor_async' retrieved from /home/airflow/.local/lib/python3.8/site-packages/airflow/example_dags/example_time_delta_sensor_async.py
[2026-08-09T20:03:11.496+0000] {logging_mixin.py:188} INFO - [2026-08-09T20:03:11.495+0000] {dag.py:3036} INFO - Sync 1 DAGs
[2026-08-09T20:03:11.523+0000] {logging_mixin.py:188} INFO - [2026-08-09T20:03:11.523+0000] {dag.py:3823} INFO - Setting next_dagrun for example_time_delta_sensor_async to None, run_after=None
[2026-08-09T20:03:11.572+0000] {processor.py:183} INFO - Processing /home/airflow/.local/lib/python3.8/site-packages/airflow/example_dags/example_time_delta_sensor_async.py took 0.140 seconds
[2026-08-09T20:03:45.799+0000] {processor.py:161} INFO - Started process (PID=1521) to work on /home/airflow/.local/lib/python3.8/site-packages/airflow/example_dags/example_time_delta_sensor_async.py
[2026-08-09T20:03:45.803+0000] {processor.py:830} INFO - Processing file /home/airflow/.local/lib/python3.8/site-packages/airflow/example_dags/example_time_delta_sensor_async.py for tasks to queue
[2026-08-09T20:03:45.809+0000] {logging_mixin.py:188} INFO - [2026-08-09T20:03:45.808+0000] {dagbag.py:538} INFO - Filling up the DagBag from /home/airflow/.local/lib/python3.8/site-packages/airflow/example_dags/example_time_delta_sensor_async.py
[2026-08-09T20:03:45.824+0000] {processor.py:840} INFO - DAG(s) 'example_time_delta_sensor_async' retrieved from /home/airflow/.local/lib/python3.8/site-packages/airflow/example_dags/example_time_delta_sensor_async.py
[2026-08-09T20:03:45.880+0000] {logging_mixin.py:188} INFO - [2026-08-09T20:03:45.879+0000] {dag.py:3036} INFO - Sync 1 DAGs
[2026-08-09T20:03:45.914+0000] {logging_mixin.py:188} INFO - [2026-08-09T20:03:45.913+0000] {dag.py:3823} INFO - Setting next_dagrun for example_time_delta_sensor_async to None, run_after=None
[2026-08-09T20:03:45.965+0000] {processor.py:183} INFO - Processing /home/airflow/.local/lib/python3.8/site-packages/airflow/example_dags/example_time_delta_sensor_async.py took 0.174 seconds
[2026-08-09T20:04:16.217+0000] {processor.py:161} INFO - Started process (PID=1598) to work on /home/airflow/.local/lib/python3.8/site-packages/airflow/example_dags/example_time_delta_sensor_async.py
[2026-08-09T20:04:16.219+0000] {processor.py:830} INFO - Processing file /home/airflow/.local/lib/python3.8/site-packages/airflow/example_dags/example_time_delta_sensor_async.py for tasks to queue
[2026-08-09T20:04:16.223+0000] {logging_mixin.py:188} INFO - [2026-08-09T20:04:16.222+0000] {dagbag.py:538} INFO - Filling up the DagBag from /home/airflow/.local/lib/python3.8/site-packages/airflow/example_dags/example_time_delta_sensor_async.py
[2026-08-09T20:04:16.230+0000] {processor.py:840} INFO - DAG(s) 'example_time_delta_sensor_async' retrieved from /home/airflow/.local/lib/python3.8/site-packages/airflow/example_dags/example_time_delta_sensor_async.py
[2026-08-09T20:04:16.254+0000] {logging_mixin.py:188} INFO - [2026-08-09T20:04:16.253+0000] {dag.py:3036} INFO - Sync 1 DAGs
[2026-08-09T20:04:16.266+0000] {logging_mixin.py:188} INFO - [2026-08-09T20:04:16.265+0000] {dag.py:3823} INFO - Setting next_dagrun for example_time_delta_sensor_async to None, run_after=None
[2026-08-09T20:04:16.284+0000] {processor.py:183} INFO - Processing /home/airflow/.local/lib/python3.8/site-packages/airflow/example_dags/example_time_delta_sensor_async.py took 0.072 seconds
[2026-08-09T20:04:47.120+0000] {processor.py:161} INFO - Started process (PID=1667) to work on /home/airflow/.local/lib/python3.8/site-packages/airflow/example_dags/example_time_delta_sensor_async.py
[2026-08-09T20:04:47.121+0000] {processor.py:830} INFO - Processing file /home/airflow/.local/lib/python3.8/site-packages/airflow/example_dags/example_time_delta_sensor_async.py for tasks to queue
[2026-08-09T20:04:47.123+0000] {logging_mixin.py:188} INFO - [2026-08-09T20:04:47.122+0000] {dagbag.py:538} INFO - Filling up the DagBag from /home/airflow/.local/lib/python3.8/site-packages/airflow/example_dags/example_time_delta_sensor_async.py
[2026-08-09T20:04:47.128+0000] {processor.py:840} INFO - DAG(s) 'example_time_delta_sensor_async' retrieved from /home/airflow/.local/lib/python3.8/site-packages/airflow/example_dags/example_time_delta_sensor_async.py
[2026-08-09T20:04:47.151+0000] {logging_mixin.py:188} INFO - [2026-08-09T20:04:47.151+0000] {dag.py:3036} INFO - Sync 1 DAGs
[2026-08-09T20:04:47.164+0000] {logging_mixin.py:188} INFO - [2026-08-09T20:04:47.164+0000] {dag.py:3823} INFO - Setting next_dagrun for example_time_delta_sensor_async to None, run_after=None
[2026-08-09T20:04:47.184+0000] {processor.py:183} INFO - Processing /home/airflow/.local/lib/python3.8/site-packages/airflow/example_dags/example_time_delta_sensor_async.py took 0.067 seconds
[2026-08-09T20:05:17.809+0000] {processor.py:161} INFO - Started process (PID=1736) to work on /home/airflow/.local/lib/python3.8/site-packages/airflow/example_dags/example_time_delta_sensor_async.py
[2026-08-09T20:05:17.810+0000] {processor.py:830} INFO - Processing file /home/airflow/.local/lib/python3.8/site-packages/airflow/example_dags/example_time_delta_sensor_async.py for tasks to queue
[2026-08-09T20:05:17.812+0000] {logging_mixin.py:188} INFO - [2026-08-09T20:05:17.811+0000] {dagbag.py:538} INFO - Filling up the DagBag from /home/airflow/.local/lib/python3.8/site-packages/airflow/example_dags/example_time_delta_sensor_async.py
[2026-08-09T20:05:17.817+0000] {processor.py:840} INFO - DAG(s) 'example_time_delta_sensor_async' retrieved from /home/airflow/.local/lib/python3.8/site-packages/airflow/example_dags/example_time_delta_sensor_async.py
[2026-08-09T20:05:17.838+0000] {logging_mixin.py:188} INFO - [2026-08-09T20:05:17.837+0000] {dag.py:3036} INFO - Sync 1 DAGs
[2026-08-09T20:05:17.849+0000] {logging_mixin.py:188} INFO - [2026-08-09T20:05:17.849+0000] {dag.py:3823} INFO - Setting next_dagrun for example_time_delta_sensor_async to None, run_after=None
[2026-08-09T20:05:17.868+0000] {processor.py:183} INFO - Processing /home/airflow/.local/lib/python3.8/site-packages/airflow/example_dags/example_time_delta_sensor_async.py took 0.063 seconds
[2026-08-09T20:05:48.859+0000] {processor.py:161} INFO - Started process (PID=1805) to work on /home/airflow/.local/lib/python3.8/site-packages/airflow/example_dags/example_time_delta_sensor_async.py
[2026-08-09T20:05:48.862+0000] {processor.py:830} INFO - Processing file /home/airflow/.local/lib/python3.8/site-packages/airflow/example_dags/example_time_delta_sensor_async.py for tasks to queue
[2026-08-09T20:05:48.866+0000] {logging_mixin.py:188} INFO - [2026-08-09T20:05:48.864+0000] {dagbag.py:538} INFO - Filling up the DagBag from /home/airflow/.local/lib/python3.8/site-packages/airflow/example_dags/example_time_delta_sensor_async.py
[2026-08-09T20:05:48.878+0000] {processor.py:840} INFO - DAG(s) 'example_time_delta_sensor_async' retrieved from /home/airflow/.local/lib/python3.8/site-packages/airflow/example_dags/example_time_delta_sensor_async.py
[2026-08-09T20:05:48.926+0000] {logging_mixin.py:188} INFO - [2026-08-09T20:05:48.925+0000] {dag.py:3036} INFO - Sync 1 DAGs
[2026-08-09T20:05:48.969+0000] {logging_mixin.py:188} INFO - [2026-08-09T20:05:48.968+0000] {dag.py:3823} INFO - Setting next_dagrun for example_time_delta_sensor_async to None, run_after=None
[2026-08-09T20:05:49.022+0000] {processor.py:183} INFO - Processing /home/airflow/.local/lib/python3.8/site-packages/airflow/example_dags/example_time_delta_sensor_async.py took 0.169 seconds
[2026-08-09T20:06:19.336+0000] {processor.py:161} INFO - Started process (PID=1874) to work on /home/airflow/.local/lib/python3.8/site-packages/airflow/example_dags/example_time_delta_sensor_async.py
[2026-08-09T20:06:19.338+0000] {processor.py:830} INFO - Processing file /home/airflow/.local/lib/python3.8/site-packages/airflow/example_dags/example_time_delta_sensor_async.py for tasks to queue
[2026-08-09T20:06:19.340+0000] {logging_mixin.py:188} INFO - [2026-08-09T20:06:19.339+0000] {dagbag.py:538} INFO - Filling up the DagBag from /home/airflow/.local/lib/python3.8/site-packages/airflow/example_dags/example_time_delta_sensor_async.py
[2026-08-09T20:06:19.345+0000] {processor.py:840} INFO - DAG(s) 'example_time_delta_sensor_async' retrieved from /home/airflow/.local/lib/python3.8/site-packages/airflow/example_dags/example_time_delta_sensor_async.py
[2026-08-09T20:06:19.372+0000] {logging_mixin.py:188} INFO - [2026-08-09T20:06:19.372+0000] {dag.py:3036} INFO - Sync 1 DAGs
[2026-08-09T20:06:19.387+0000] {logging_mixin.py:188} INFO - [2026-08-09T20:06:19.386+0000] {dag.py:3823} INFO - Setting next_dagrun for example_time_delta_sensor_async to None, run_after=None
[2026-08-09T20:06:19.414+0000] {processor.py:183} INFO - Processing /home/airflow/.local/lib/python3.8/site-packages/airflow/example_dags/example_time_delta_sensor_async.py took 0.081 seconds
[2026-08-09T20:06:49.817+0000] {processor.py:161} INFO - Started process (PID=1943) to work on /home/airflow/.local/lib/python3.8/site-packages/airflow/example_dags/example_time_delta_sensor_async.py
[2026-08-09T20:06:49.819+0000] {processor.py:830} INFO - Processing file /home/airflow/.local/lib/python3.8/site-packages/airflow/example_dags/example_time_delta_sensor_async.py for tasks to queue
[2026-08-09T20:06:49.822+0000] {logging_mixin.py:188} INFO - [2026-08-09T20:06:49.822+0000] {dagbag.py:538} INFO - Filling up the DagBag from /home/airflow/.local/lib/python3.8/site-packages/airflow/example_dags/example_time_delta_sensor_async.py
[2026-08-09T20:06:49.830+0000] {processor.py:840} INFO - DAG(s) 'example_time_delta_sensor_async' retrieved from /home/airflow/.local/lib/python3.8/site-packages/airflow/example_dags/example_time_delta_sensor_async.py
[2026-08-09T20:06:49.860+0000] {logging_mixin.py:188} INFO - [2026-08-09T20:06:49.859+0000] {dag.py:3036} INFO - Sync 1 DAGs
[2026-08-09T20:06:49.877+0000] {logging_mixin.py:188} INFO - [2026-08-09T20:06:49.877+0000] {dag.py:3823} INFO - Setting next_dagrun for example_time_delta_sensor_async to None, run_after=None
[2026-08-09T20:06:49.904+0000] {processor.py:183} INFO - Processing /home/airflow/.local/lib/python3.8/site-packages/airflow/example_dags/example_time_delta_sensor_async.py took 0.092 seconds
[2026-08-09T20:07:19.993+0000] {processor.py:161} INFO - Started process (PID=2011) to work on /home/airflow/.local/lib/python3.8/site-packages/airflow/example_dags/example_time_delta_sensor_async.py
[2026-08-09T20:07:19.995+0000] {processor.py:830} INFO - Processing file /home/airflow/.local/lib/python3.8/site-packages/airflow/example_dags/example_time_delta_sensor_async.py for tasks to queue
[2026-08-09T20:07:19.999+0000] {logging_mixin.py:188} INFO - [2026-08-09T20:07:19.998+0000] {dagbag.py:538} INFO - Filling up the DagBag from /home/airflow/.local/lib/python3.8/site-packages/airflow/example_dags/example_time_delta_sensor_async.py
[2026-08-09T20:07:20.005+0000] {processor.py:840} INFO - DAG(s) 'example_time_delta_sensor_async' retrieved from /home/airflow/.local/lib/python3.8/site-packages/airflow/example_dags/example_time_delta_sensor_async.py
[2026-08-09T20:07:20.035+0000] {logging_mixin.py:188} INFO - [2026-08-09T20:07:20.035+0000] {dag.py:3036} INFO - Sync 1 DAGs
[2026-08-09T20:07:20.054+0000] {logging_mixin.py:188} INFO - [2026-08-09T20:07:20.054+0000] {dag.py:3823} INFO - Setting next_dagrun for example_time_delta_sensor_async to None, run_after=None
[2026-08-09T20:07:20.084+0000] {processor.py:183} INFO - Processing /home/airflow/.local/lib/python3.8/site-packages/airflow/example_dags/example_time_delta_sensor_async.py took 0.095 seconds
[2026-08-09T20:07:51.217+0000] {processor.py:161} INFO - Started process (PID=2079) to work on /home/airflow/.local/lib/python3.8/site-packages/airflow/example_dags/example_time_delta_sensor_async.py
[2026-08-09T20:07:51.220+0000] {processor.py:830} INFO - Processing file /home/airflow/.local/lib/python3.8/site-packages/airflow/example_dags/example_time_delta_sensor_async.py for tasks to queue
[2026-08-09T20:07:51.229+0000] {logging_mixin.py:188} INFO - [2026-08-09T20:07:51.228+0000] {dagbag.py:538} INFO - Filling up the DagBag from /home/airflow/.local/lib/python3.8/site-packages/airflow/example_dags/example_time_delta_sensor_async.py
[2026-08-09T20:07:51.245+0000] {processor.py:840} INFO - DAG(s) 'example_time_delta_sensor_async' retrieved from /home/airflow/.local/lib/python3.8/site-packages/airflow/example_dags/example_time_delta_sensor_async.py
[2026-08-09T20:07:51.296+0000] {logging_mixin.py:188} INFO - [2026-08-09T20:07:51.296+0000] {dag.py:3036} INFO - Sync 1 DAGs
[2026-08-09T20:07:51.322+0000] {logging_mixin.py:188} INFO - [2026-08-09T20:07:51.321+0000] {dag.py:3823} INFO - Setting next_dagrun for example_time_delta_sensor_async to None, run_after=None
[2026-08-09T20:07:51.358+0000] {processor.py:183} INFO - Processing /home/airflow/.local/lib/python3.8/site-packages/airflow/example_dags/example_time_delta_sensor_async.py took 0.146 seconds
[2026-08-09T20:08:22.299+0000] {processor.py:161} INFO - Started process (PID=2149) to work on /home/airflow/.local/lib/python3.8/site-packages/airflow/example_dags/example_time_delta_sensor_async.py
[2026-08-09T20:08:22.301+0000] {processor.py:830} INFO - Processing file /home/airflow/.local/lib/python3.8/site-packages/airflow/example_dags/example_time_delta_sensor_async.py for tasks to queue
[2026-08-09T20:08:22.304+0000] {logging_mixin.py:188} INFO - [2026-08-09T20:08:22.303+0000] {dagbag.py:538} INFO - Filling up the DagBag from /home/airflow/.local/lib/python3.8/site-packages/airflow/example_dags/example_time_delta_sensor_async.py
[2026-08-09T20:08:22.316+0000] {processor.py:840} INFO - DAG(s) 'example_time_delta_sensor_async' retrieved from /home/airflow/.local/lib/python3.8/site-packages/airflow/example_dags/example_time_delta_sensor_async.py
[2026-08-09T20:08:22.352+0000] {logging_mixin.py:188} INFO - [2026-08-09T20:08:22.352+0000] {dag.py:3036} INFO - Sync 1 DAGs
[2026-08-09T20:08:22.370+0000] {logging_mixin.py:188} INFO - [2026-08-09T20:08:22.370+0000] {dag.py:3823} INFO - Setting next_dagrun for example_time_delta_sensor_async to None, run_after=None
[2026-08-09T20:08:22.406+0000] {processor.py:183} INFO - Processing /home/airflow/.local/lib/python3.8/site-packages/airflow/example_dags/example_time_delta_sensor_async.py took 0.113 seconds
[2026-08-09T20:08:53.347+0000] {processor.py:161} INFO - Started process (PID=2217) to work on /home/airflow/.local/lib/python3.8/site-packages/airflow/example_dags/example_time_delta_sensor_async.py
[2026-08-09T20:08:53.348+0000] {processor.py:830} INFO - Processing file /home/airflow/.local/lib/python3.8/site-packages/airflow/example_dags/example_time_delta_sensor_async.py for tasks to queue
[2026-08-09T20:08:53.352+0000] {logging_mixin.py:188} INFO - [2026-08-09T20:08:53.351+0000] {dagbag.py:538} INFO - Filling up the DagBag from /home/airflow/.local/lib/python3.8/site-packages/airflow/example_dags/example_time_delta_sensor_async.py
[2026-08-09T20:08:53.358+0000] {processor.py:840} INFO - DAG(s) 'example_time_delta_sensor_async' retrieved from /home/airflow/.local/lib/python3.8/site-packages/airflow/example_dags/example_time_delta_sensor_async.py
[2026-08-09T20:08:53.385+0000] {logging_mixin.py:188} INFO - [2026-08-09T20:08:53.385+0000] {dag.py:3036} INFO - Sync 1 DAGs
[2026-08-09T20:08:53.403+0000] {logging_mixin.py:188} INFO - [2026-08-09T20:08:53.403+0000] {dag.py:3823} INFO - Setting next_dagrun for example_time_delta_sensor_async to None, run_after=None
[2026-08-09T20:08:53.427+0000] {processor.py:183} INFO - Processing /home/airflow/.local/lib/python3.8/site-packages/airflow/example_dags/example_time_delta_sensor_async.py took 0.083 seconds
[2026-08-09T20:09:24.280+0000] {processor.py:161} INFO - Started process (PID=2286) to work on /home/airflow/.local/lib/python3.8/site-packages/airflow/example_dags/example_time_delta_sensor_async.py
[2026-08-09T20:09:24.281+0000] {processor.py:830} INFO - Processing file /home/airflow/.local/lib/python3.8/site-packages/airflow/example_dags/example_time_delta_sensor_async.py for tasks to queue
[2026-08-09T20:09:24.284+0000] {logging_mixin.py:188} INFO - [2026-08-09T20:09:24.284+0000] {dagbag.py:538} INFO - Filling up the DagBag from /home/airflow/.local/lib/python3.8/site-packages/airflow/example_dags/example_time_delta_sensor_async.py
[2026-08-09T20:09:24.291+0000] {processor.py:840} INFO - DAG(s) 'example_time_delta_sensor_async' retrieved from /home/airflow/.local/lib/python3.8/site-packages/airflow/example_dags/example_time_delta_sensor_async.py
[2026-08-09T20:09:24.316+0000] {logging_mixin.py:188} INFO - [2026-08-09T20:09:24.316+0000] {dag.py:3036} INFO - Sync 1 DAGs
[2026-08-09T20:09:24.334+0000] {logging_mixin.py:188} INFO - [2026-08-09T20:09:24.334+0000] {dag.py:3823} INFO - Setting next_dagrun for example_time_delta_sensor_async to None, run_after=None
[2026-08-09T20:09:24.363+0000] {processor.py:183} INFO - Processing /home/airflow/.local/lib/python3.8/site-packages/airflow/example_dags/example_time_delta_sensor_async.py took 0.087 seconds
[2026-08-09T20:09:55.448+0000] {processor.py:161} INFO - Started process (PID=2363) to work on /home/airflow/.local/lib/python3.8/site-packages/airflow/example_dags/example_time_delta_sensor_async.py
[2026-08-09T20:09:55.450+0000] {processor.py:830} INFO - Processing file /home/airflow/.local/lib/python3.8/site-packages/airflow/example_dags/example_time_delta_sensor_async.py for tasks to queue
[2026-08-09T20:09:55.452+0000] {logging_mixin.py:188} INFO - [2026-08-09T20:09:55.452+0000] {dagbag.py:538} INFO - Filling up the DagBag from /home/airflow/.local/lib/python3.8/site-packages/airflow/example_dags/example_time_delta_sensor_async.py
[2026-08-09T20:09:55.458+0000] {processor.py:840} INFO - DAG(s) 'example_time_delta_sensor_async' retrieved from /home/airflow/.local/lib/python3.8/site-packages/airflow/example_dags/example_time_delta_sensor_async.py
[2026-08-09T20:09:55.473+0000] {logging_mixin.py:188} INFO - [2026-08-09T20:09:55.472+0000] {dag.py:3036} INFO - Sync 1 DAGs
[2026-08-09T20:09:55.487+0000] {logging_mixin.py:188} INFO - [2026-08-09T20:09:55.487+0000] {dag.py:3823} INFO - Setting next_dagrun for example_time_delta_sensor_async to None, run_after=None
[2026-08-09T20:09:55.509+0000] {processor.py:183} INFO - Processing /home/airflow/.local/lib/python3.8/site-packages/airflow/example_dags/example_time_delta_sensor_async.py took 0.065 seconds
[2026-08-09T20:10:28.911+0000] {processor.py:161} INFO - Started process (PID=2434) to work on /home/airflow/.local/lib/python3.8/site-packages/airflow/example_dags/example_time_delta_sensor_async.py
[2026-08-09T20:10:28.916+0000] {processor.py:830} INFO - Processing file /home/airflow/.local/lib/python3.8/site-packages/airflow/example_dags/example_time_delta_sensor_async.py for tasks to queue
[2026-08-09T20:10:28.921+0000] {logging_mixin.py:188} INFO - [2026-08-09T20:10:28.920+0000] {dagbag.py:538} INFO - Filling up the DagBag from /home/airflow/.local/lib/python3.8/site-packages/airflow/example_dags/example_time_delta_sensor_async.py
[2026-08-09T20:10:28.930+0000] {processor.py:840} INFO - DAG(s) 'example_time_delta_sensor_async' retrieved from /home/airflow/.local/lib/python3.8/site-packages/airflow/example_dags/example_time_delta_sensor_async.py
[2026-08-09T20:10:29.281+0000] {logging_mixin.py:188} INFO - [2026-08-09T20:10:29.281+0000] {dag.py:3036} INFO - Sync 1 DAGs
[2026-08-09T20:10:29.290+0000] {logging_mixin.py:188} INFO - [2026-08-09T20:10:29.290+0000] {dag.py:3823} INFO - Setting next_dagrun for example_time_delta_sensor_async to None, run_after=None
[2026-08-09T20:10:29.311+0000] {processor.py:183} INFO - Processing /home/airflow/.local/lib/python3.8/site-packages/airflow/example_dags/example_time_delta_sensor_async.py took 0.407 seconds
[2026-08-09T20:10:59.984+0000] {processor.py:161} INFO - Started process (PID=2503) to work on /home/airflow/.local/lib/python3.8/site-packages/airflow/example_dags/example_time_delta_sensor_async.py
[2026-08-09T20:10:59.986+0000] {processor.py:830} INFO - Processing file /home/airflow/.local/lib/python3.8/site-packages/airflow/example_dags/example_time_delta_sensor_async.py for tasks to queue
[2026-08-09T20:10:59.991+0000] {logging_mixin.py:188} INFO - [2026-08-09T20:10:59.989+0000] {dagbag.py:538} INFO - Filling up the DagBag from /home/airflow/.local/lib/python3.8/site-packages/airflow/example_dags/example_time_delta_sensor_async.py
[2026-08-09T20:11:00.002+0000] {processor.py:840} INFO - DAG(s) 'example_time_delta_sensor_async' retrieved from /home/airflow/.local/lib/python3.8/site-packages/airflow/example_dags/example_time_delta_sensor_async.py
[2026-08-09T20:11:00.049+0000] {logging_mixin.py:188} INFO - [2026-08-09T20:11:00.049+0000] {dag.py:3036} INFO - Sync 1 DAGs
[2026-08-09T20:11:00.075+0000] {logging_mixin.py:188} INFO - [2026-08-09T20:11:00.075+0000] {dag.py:3823} INFO - Setting next_dagrun for example_time_delta_sensor_async to None, run_after=None
[2026-08-09T20:11:00.116+0000] {processor.py:183} INFO - Processing /home/airflow/.local/lib/python3.8/site-packages/airflow/example_dags/example_time_delta_sensor_async.py took 0.138 seconds
[2026-08-09T20:11:34.176+0000] {processor.py:161} INFO - Started process (PID=2572) to work on /home/airflow/.local/lib/python3.8/site-packages/airflow/example_dags/example_time_delta_sensor_async.py
[2026-08-09T20:11:34.178+0000] {processor.py:830} INFO - Processing file /home/airflow/.local/lib/python3.8/site-packages/airflow/example_dags/example_time_delta_sensor_async.py for tasks to queue
[2026-08-09T20:11:34.181+0000] {logging_mixin.py:188} INFO - [2026-08-09T20:11:34.181+0000] {dagbag.py:538} INFO - Filling up the DagBag from /home/airflow/.local/lib/python3.8/site-packages/airflow/example_dags/example_time_delta_sensor_async.py
[2026-08-09T20:11:34.188+0000] {processor.py:840} INFO - DAG(s) 'example_time_delta_sensor_async' retrieved from /home/airflow/.local/lib/python3.8/site-packages/airflow/example_dags/example_time_delta_sensor_async.py
[2026-08-09T20:11:34.216+0000] {logging_mixin.py:188} INFO - [2026-08-09T20:11:34.215+0000] {dag.py:3036} INFO - Sync 1 DAGs
[2026-08-09T20:11:34.230+0000] {logging_mixin.py:188} INFO - [2026-08-09T20:11:34.229+0000] {dag.py:3823} INFO - Setting next_dagrun for example_time_delta_sensor_async to None, run_after=None
[2026-08-09T20:11:34.254+0000] {processor.py:183} INFO - Processing /home/airflow/.local/lib/python3.8/site-packages/airflow/example_dags/example_time_delta_sensor_async.py took 0.082 seconds
[2026-08-09T20:12:05.057+0000] {processor.py:161} INFO - Started process (PID=2641) to work on /home/airflow/.local/lib/python3.8/site-packages/airflow/example_dags/example_time_delta_sensor_async.py
[2026-08-09T20:12:05.058+0000] {processor.py:830} INFO - Processing file /home/airflow/.local/lib/python3.8/site-packages/airflow/example_dags/example_time_delta_sensor_async.py for tasks to queue
[2026-08-09T20:12:05.060+0000] {logging_mixin.py:188} INFO - [2026-08-09T20:12:05.060+0000] {dagbag.py:538} INFO - Filling up the DagBag from /home/airflow/.local/lib/python3.8/site-packages/airflow/example_dags/example_time_delta_sensor_async.py
[2026-08-09T20:12:05.071+0000] {processor.py:840} INFO - DAG(s) 'example_time_delta_sensor_async' retrieved from /home/airflow/.local/lib/python3.8/site-packages/airflow/example_dags/example_time_delta_sensor_async.py
[2026-08-09T20:12:05.096+0000] {logging_mixin.py:188} INFO - [2026-08-09T20:12:05.096+0000] {dag.py:3036} INFO - Sync 1 DAGs
[2026-08-09T20:12:05.260+0000] {logging_mixin.py:188} INFO - [2026-08-09T20:12:05.260+0000] {dag.py:3823} INFO - Setting next_dagrun for example_time_delta_sensor_async to None, run_after=None
[2026-08-09T20:12:05.279+0000] {processor.py:183} INFO - Processing /home/airflow/.local/lib/python3.8/site-packages/airflow/example_dags/example_time_delta_sensor_async.py took 0.226 seconds
[2026-08-09T20:12:35.346+0000] {processor.py:161} INFO - Started process (PID=2710) to work on /home/airflow/.local/lib/python3.8/site-packages/airflow/example_dags/example_time_delta_sensor_async.py
[2026-08-09T20:12:35.348+0000] {processor.py:830} INFO - Processing file /home/airflow/.local/lib/python3.8/site-packages/airflow/example_dags/example_time_delta_sensor_async.py for tasks to queue
[2026-08-09T20:12:35.350+0000] {logging_mixin.py:188} INFO - [2026-08-09T20:12:35.350+0000] {dagbag.py:538} INFO - Filling up the DagBag from /home/airflow/.local/lib/python3.8/site-packages/airflow/example_dags/example_time_delta_sensor_async.py
[2026-08-09T20:12:35.360+0000] {processor.py:840} INFO - DAG(s) 'example_time_delta_sensor_async' retrieved from /home/airflow/.local/lib/python3.8/site-packages/airflow/example_dags/example_time_delta_sensor_async.py
[2026-08-09T20:12:35.384+0000] {logging_mixin.py:188} INFO - [2026-08-09T20:12:35.384+0000] {dag.py:3036} INFO - Sync 1 DAGs
[2026-08-09T20:12:35.399+0000] {logging_mixin.py:188} INFO - [2026-08-09T20:12:35.399+0000] {dag.py:3823} INFO - Setting next_dagrun for example_time_delta_sensor_async to None, run_after=None
[2026-08-09T20:12:35.423+0000] {processor.py:183} INFO - Processing /home/airflow/.local/lib/python3.8/site-packages/airflow/example_dags/example_time_delta_sensor_async.py took 0.080 seconds
[2026-08-09T20:13:05.771+0000] {processor.py:161} INFO - Started process (PID=2779) to work on /home/airflow/.local/lib/python3.8/site-packages/airflow/example_dags/example_time_delta_sensor_async.py
[2026-08-09T20:13:05.774+0000] {processor.py:830} INFO - Processing file /home/airflow/.local/lib/python3.8/site-packages/airflow/example_dags/example_time_delta_sensor_async.py for tasks to queue
[2026-08-09T20:13:05.778+0000] {logging_mixin.py:188} INFO - [2026-08-09T20:13:05.778+0000] {dagbag.py:538} INFO - Filling up the DagBag from /home/airflow/.local/lib/python3.8/site-packages/airflow/example_dags/example_time_delta_sensor_async.py
[2026-08-09T20:13:05.785+0000] {processor.py:840} INFO - DAG(s) 'example_time_delta_sensor_async' retrieved from /home/airflow/.local/lib/python3.8/site-packages/airflow/example_dags/example_time_delta_sensor_async.py
[2026-08-09T20:13:05.813+0000] {logging_mixin.py:188} INFO - [2026-08-09T20:13:05.813+0000] {dag.py:3036} INFO - Sync 1 DAGs
[2026-08-09T20:13:05.830+0000] {logging_mixin.py:188} INFO - [2026-08-09T20:13:05.829+0000] {dag.py:3823} INFO - Setting next_dagrun for example_time_delta_sensor_async to None, run_after=None
[2026-08-09T20:13:05.862+0000] {processor.py:183} INFO - Processing /home/airflow/.local/lib/python3.8/site-packages/airflow/example_dags/example_time_delta_sensor_async.py took 0.096 seconds
[2026-08-09T20:13:36.659+0000] {processor.py:161} INFO - Started process (PID=2848) to work on /home/airflow/.local/lib/python3.8/site-packages/airflow/example_dags/example_time_delta_sensor_async.py
[2026-08-09T20:13:36.660+0000] {processor.py:830} INFO - Processing file /home/airflow/.local/lib/python3.8/site-packages/airflow/example_dags/example_time_delta_sensor_async.py for tasks to queue
[2026-08-09T20:13:36.663+0000] {logging_mixin.py:188} INFO - [2026-08-09T20:13:36.662+0000] {dagbag.py:538} INFO - Filling up the DagBag from /home/airflow/.local/lib/python3.8/site-packages/airflow/example_dags/example_time_delta_sensor_async.py
[2026-08-09T20:13:36.674+0000] {processor.py:840} INFO - DAG(s) 'example_time_delta_sensor_async' retrieved from /home/airflow/.local/lib/python3.8/site-packages/airflow/example_dags/example_time_delta_sensor_async.py
[2026-08-09T20:13:36.708+0000] {logging_mixin.py:188} INFO - [2026-08-09T20:13:36.706+0000] {dag.py:3036} INFO - Sync 1 DAGs
[2026-08-09T20:13:36.724+0000] {logging_mixin.py:188} INFO - [2026-08-09T20:13:36.724+0000] {dag.py:3823} INFO - Setting next_dagrun for example_time_delta_sensor_async to None, run_after=None
[2026-08-09T20:13:36.763+0000] {processor.py:183} INFO - Processing /home/airflow/.local/lib/python3.8/site-packages/airflow/example_dags/example_time_delta_sensor_async.py took 0.109 seconds
[2026-08-09T20:14:06.991+0000] {processor.py:161} INFO - Started process (PID=2917) to work on /home/airflow/.local/lib/python3.8/site-packages/airflow/example_dags/example_time_delta_sensor_async.py
[2026-08-09T20:14:06.994+0000] {processor.py:830} INFO - Processing file /home/airflow/.local/lib/python3.8/site-packages/airflow/example_dags/example_time_delta_sensor_async.py for tasks to queue
[2026-08-09T20:14:06.996+0000] {logging_mixin.py:188} INFO - [2026-08-09T20:14:06.996+0000] {dagbag.py:538} INFO - Filling up the DagBag from /home/airflow/.local/lib/python3.8/site-packages/airflow/example_dags/example_time_delta_sensor_async.py
[2026-08-09T20:14:07.004+0000] {processor.py:840} INFO - DAG(s) 'example_time_delta_sensor_async' retrieved from /home/airflow/.local/lib/python3.8/site-packages/airflow/example_dags/example_time_delta_sensor_async.py
[2026-08-09T20:14:07.030+0000] {logging_mixin.py:188} INFO - [2026-08-09T20:14:07.030+0000] {dag.py:3036} INFO - Sync 1 DAGs
[2026-08-09T20:14:07.049+0000] {logging_mixin.py:188} INFO - [2026-08-09T20:14:07.048+0000] {dag.py:3823} INFO - Setting next_dagrun for example_time_delta_sensor_async to None, run_after=None
[2026-08-09T20:14:07.081+0000] {processor.py:183} INFO - Processing /home/airflow/.local/lib/python3.8/site-packages/airflow/example_dags/example_time_delta_sensor_async.py took 0.094 seconds
[2026-08-09T20:14:37.739+0000] {processor.py:161} INFO - Started process (PID=2986) to work on /home/airflow/.local/lib/python3.8/site-packages/airflow/example_dags/example_time_delta_sensor_async.py
[2026-08-09T20:14:37.742+0000] {processor.py:830} INFO - Processing file /home/airflow/.local/lib/python3.8/site-packages/airflow/example_dags/example_time_delta_sensor_async.py for tasks to queue
[2026-08-09T20:14:37.746+0000] {logging_mixin.py:188} INFO - [2026-08-09T20:14:37.745+0000] {dagbag.py:538} INFO - Filling up the DagBag from /home/airflow/.local/lib/python3.8/site-packages/airflow/example_dags/example_time_delta_sensor_async.py
[2026-08-09T20:14:37.754+0000] {processor.py:840} INFO - DAG(s) 'example_time_delta_sensor_async' retrieved from /home/airflow/.local/lib/python3.8/site-packages/airflow/example_dags/example_time_delta_sensor_async.py
[2026-08-09T20:14:37.782+0000] {logging_mixin.py:188} INFO - [2026-08-09T20:14:37.782+0000] {dag.py:3036} INFO - Sync 1 DAGs
[2026-08-09T20:14:37.798+0000] {logging_mixin.py:188} INFO - [2026-08-09T20:14:37.798+0000] {dag.py:3823} INFO - Setting next_dagrun for example_time_delta_sensor_async to None, run_after=None
[2026-08-09T20:14:37.824+0000] {processor.py:183} INFO - Processing /home/airflow/.local/lib/python3.8/site-packages/airflow/example_dags/example_time_delta_sensor_async.py took 0.093 seconds
[2026-08-09T20:15:08.644+0000] {processor.py:161} INFO - Started process (PID=3055) to work on /home/airflow/.local/lib/python3.8/site-packages/airflow/example_dags/example_time_delta_sensor_async.py
[2026-08-09T20:15:08.647+0000] {processor.py:830} INFO - Processing file /home/airflow/.local/lib/python3.8/site-packages/airflow/example_dags/example_time_delta_sensor_async.py for tasks to queue
[2026-08-09T20:15:08.655+0000] {logging_mixin.py:188} INFO - [2026-08-09T20:15:08.653+0000] {dagbag.py:538} INFO - Filling up the DagBag from /home/airflow/.local/lib/python3.8/site-packages/airflow/example_dags/example_time_delta_sensor_async.py
[2026-08-09T20:15:08.671+0000] {processor.py:840} INFO - DAG(s) 'example_time_delta_sensor_async' retrieved from /home/airflow/.local/lib/python3.8/site-packages/airflow/example_dags/example_time_delta_sensor_async.py
[2026-08-09T20:15:08.734+0000] {logging_mixin.py:188} INFO - [2026-08-09T20:15:08.734+0000] {dag.py:3036} INFO - Sync 1 DAGs
[2026-08-09T20:15:08.773+0000] {logging_mixin.py:188} INFO - [2026-08-09T20:15:08.772+0000] {dag.py:3823} INFO - Setting next_dagrun for example_time_delta_sensor_async to None, run_after=None
[2026-08-09T20:15:08.832+0000] {processor.py:183} INFO - Processing /home/airflow/.local/lib/python3.8/site-packages/airflow/example_dags/example_time_delta_sensor_async.py took 0.198 seconds
[2026-08-09T20:15:39.225+0000] {processor.py:161} INFO - Started process (PID=3124) to work on /home/airflow/.local/lib/python3.8/site-packages/airflow/example_dags/example_time_delta_sensor_async.py
[2026-08-09T20:15:39.228+0000] {processor.py:830} INFO - Processing file /home/airflow/.local/lib/python3.8/site-packages/airflow/example_dags/example_time_delta_sensor_async.py for tasks to queue
[2026-08-09T20:15:39.235+0000] {logging_mixin.py:188} INFO - [2026-08-09T20:15:39.234+0000] {dagbag.py:538} INFO - Filling up the DagBag from /home/airflow/.local/lib/python3.8/site-packages/airflow/example_dags/example_time_delta_sensor_async.py
[2026-08-09T20:15:39.245+0000] {processor.py:840} INFO - DAG(s) 'example_time_delta_sensor_async' retrieved from /home/airflow/.local/lib/python3.8/site-packages/airflow/example_dags/example_time_delta_sensor_async.py
[2026-08-09T20:15:39.288+0000] {logging_mixin.py:188} INFO - [2026-08-09T20:15:39.288+0000] {dag.py:3036} INFO - Sync 1 DAGs
[2026-08-09T20:15:39.312+0000] {logging_mixin.py:188} INFO - [2026-08-09T20:15:39.312+0000] {dag.py:3823} INFO - Setting next_dagrun for example_time_delta_sensor_async to None, run_after=None
[2026-08-09T20:15:39.361+0000] {processor.py:183} INFO - Processing /home/airflow/.local/lib/python3.8/site-packages/airflow/example_dags/example_time_delta_sensor_async.py took 0.145 seconds
[2026-08-09T20:16:10.398+0000] {processor.py:161} INFO - Started process (PID=3194) to work on /home/airflow/.local/lib/python3.8/site-packages/airflow/example_dags/example_time_delta_sensor_async.py
[2026-08-09T20:16:10.401+0000] {processor.py:830} INFO - Processing file /home/airflow/.local/lib/python3.8/site-packages/airflow/example_dags/example_time_delta_sensor_async.py for tasks to queue
[2026-08-09T20:16:10.406+0000] {logging_mixin.py:188} INFO - [2026-08-09T20:16:10.405+0000] {dagbag.py:538} INFO - Filling up the DagBag from /home/airflow/.local/lib/python3.8/site-packages/airflow/example_dags/example_time_delta_sensor_async.py
[2026-08-09T20:16:10.418+0000] {processor.py:840} INFO - DAG(s) 'example_time_delta_sensor_async' retrieved from /home/airflow/.local/lib/python3.8/site-packages/airflow/example_dags/example_time_delta_sensor_async.py
[2026-08-09T20:16:10.468+0000] {logging_mixin.py:188} INFO - [2026-08-09T20:16:10.467+0000] {dag.py:3036} INFO - Sync 1 DAGs
[2026-08-09T20:16:10.488+0000] {logging_mixin.py:188} INFO - [2026-08-09T20:16:10.488+0000] {dag.py:3823} INFO - Setting next_dagrun for example_time_delta_sensor_async to None, run_after=None
[2026-08-09T20:16:10.515+0000] {processor.py:183} INFO - Processing /home/airflow/.local/lib/python3.8/site-packages/airflow/example_dags/example_time_delta_sensor_async.py took 0.123 seconds
[2026-08-09T20:16:40.744+0000] {processor.py:161} INFO - Started process (PID=3263) to work on /home/airflow/.local/lib/python3.8/site-packages/airflow/example_dags/example_time_delta_sensor_async.py
[2026-08-09T20:16:40.745+0000] {processor.py:830} INFO - Processing file /home/airflow/.local/lib/python3.8/site-packages/airflow/example_dags/example_time_delta_sensor_async.py for tasks to queue
[2026-08-09T20:16:40.748+0000] {logging_mixin.py:188} INFO - [2026-08-09T20:16:40.747+0000] {dagbag.py:538} INFO - Filling up the DagBag from /home/airflow/.local/lib/python3.8/site-packages/airflow/example_dags/example_time_delta_sensor_async.py
[2026-08-09T20:16:40.754+0000] {processor.py:840} INFO - DAG(s) 'example_time_delta_sensor_async' retrieved from /home/airflow/.local/lib/python3.8/site-packages/airflow/example_dags/example_time_delta_sensor_async.py
[2026-08-09T20:16:40.779+0000] {logging_mixin.py:188} INFO - [2026-08-09T20:16:40.779+0000] {dag.py:3036} INFO - Sync 1 DAGs
[2026-08-09T20:16:40.793+0000] {logging_mixin.py:188} INFO - [2026-08-09T20:16:40.792+0000] {dag.py:3823} INFO - Setting next_dagrun for example_time_delta_sensor_async to None, run_after=None
[2026-08-09T20:16:40.814+0000] {processor.py:183} INFO - Processing /home/airflow/.local/lib/python3.8/site-packages/airflow/example_dags/example_time_delta_sensor_async.py took 0.075 seconds
[2026-08-09T20:17:12.489+0000] {processor.py:161} INFO - Started process (PID=3332) to work on /home/airflow/.local/lib/python3.8/site-packages/airflow/example_dags/example_time_delta_sensor_async.py
[2026-08-09T20:17:12.491+0000] {processor.py:830} INFO - Processing file /home/airflow/.local/lib/python3.8/site-packages/airflow/example_dags/example_time_delta_sensor_async.py for tasks to queue
[2026-08-09T20:17:12.493+0000] {logging_mixin.py:188} INFO - [2026-08-09T20:17:12.493+0000] {dagbag.py:538} INFO - Filling up the DagBag from /home/airflow/.local/lib/python3.8/site-packages/airflow/example_dags/example_time_delta_sensor_async.py
[2026-08-09T20:17:12.501+0000] {processor.py:840} INFO - DAG(s) 'example_time_delta_sensor_async' retrieved from /home/airflow/.local/lib/python3.8/site-packages/airflow/example_dags/example_time_delta_sensor_async.py
[2026-08-09T20:17:12.529+0000] {logging_mixin.py:188} INFO - [2026-08-09T20:17:12.528+0000] {dag.py:3036} INFO - Sync 1 DAGs
[2026-08-09T20:17:12.546+0000] {logging_mixin.py:188} INFO - [2026-08-09T20:17:12.546+0000] {dag.py:3823} INFO - Setting next_dagrun for example_time_delta_sensor_async to None, run_after=None
[2026-08-09T20:17:12.571+0000] {processor.py:183} INFO - Processing /home/airflow/.local/lib/python3.8/site-packages/airflow/example_dags/example_time_delta_sensor_async.py took 0.086 seconds
