[2026-08-09T19:49:59.363+0000] {processor.py:161} INFO - Started process (PID=94) to work on /home/airflow/.local/lib/python3.8/site-packages/airflow/example_dags/example_sensors.py
[2026-08-09T19:49:59.371+0000] {processor.py:830} INFO - Processing file /home/airflow/.local/lib/python3.8/site-packages/airflow/example_dags/example_sensors.py for tasks to queue
[2026-08-09T19:49:59.389+0000] {logging_mixin.py:188} INFO - [2026-08-09T19:49:59.388+0000] {dagbag.py:538} INFO - Filling up the DagBag from /home/airflow/.local/lib/python3.8/site-packages/airflow/example_dags/example_sensors.py
[2026-08-09T19:49:59.472+0000] {processor.py:840} INFO - DAG(s) 'example_sensors' retrieved from /home/airflow/.local/lib/python3.8/site-packages/airflow/example_dags/example_sensors.py
[2026-08-09T19:49:59.531+0000] {logging_mixin.py:188} INFO - [2026-08-09T19:49:59.530+0000] {dag.py:3036} INFO - Sync 1 DAGs
[2026-08-09T19:49:59.595+0000] {logging_mixin.py:188} INFO - [2026-08-09T19:49:59.595+0000] {dag.py:3823} INFO - Setting next_dagrun for example_sensors to None, run_after=None
[2026-08-09T19:49:59.661+0000] {processor.py:183} INFO - Processing /home/airflow/.local/lib/python3.8/site-packages/airflow/example_dags/example_sensors.py took 0.314 seconds
[2026-08-09T19:50:30.803+0000] {processor.py:161} INFO - Started process (PID=163) to work on /home/airflow/.local/lib/python3.8/site-packages/airflow/example_dags/example_sensors.py
[2026-08-09T19:50:30.807+0000] {processor.py:830} INFO - Processing file /home/airflow/.local/lib/python3.8/site-packages/airflow/example_dags/example_sensors.py for tasks to queue
[2026-08-09T19:50:30.810+0000] {logging_mixin.py:188} INFO - [2026-08-09T19:50:30.809+0000] {dagbag.py:538} INFO - Filling up the DagBag from /home/airflow/.local/lib/python3.8/site-packages/airflow/example_dags/example_sensors.py
[2026-08-09T19:50:30.825+0000] {processor.py:840} INFO - DAG(s) 'example_sensors' retrieved from /home/airflow/.local/lib/python3.8/site-packages/airflow/example_dags/example_sensors.py
[2026-08-09T19:50:31.089+0000] {logging_mixin.py:188} INFO - [2026-08-09T19:50:31.088+0000] {dag.py:3036} INFO - Sync 1 DAGs
[2026-08-09T19:50:31.113+0000] {logging_mixin.py:188} INFO - [2026-08-09T19:50:31.113+0000] {dag.py:3823} INFO - Setting next_dagrun for example_sensors to None, run_after=None
[2026-08-09T19:50:31.153+0000] {processor.py:183} INFO - Processing /home/airflow/.local/lib/python3.8/site-packages/airflow/example_dags/example_sensors.py took 0.354 seconds
[2026-08-09T19:51:02.381+0000] {processor.py:161} INFO - Started process (PID=228) to work on /home/airflow/.local/lib/python3.8/site-packages/airflow/example_dags/example_sensors.py
[2026-08-09T19:51:02.384+0000] {processor.py:830} INFO - Processing file /home/airflow/.local/lib/python3.8/site-packages/airflow/example_dags/example_sensors.py for tasks to queue
[2026-08-09T19:51:02.389+0000] {logging_mixin.py:188} INFO - [2026-08-09T19:51:02.388+0000] {dagbag.py:538} INFO - Filling up the DagBag from /home/airflow/.local/lib/python3.8/site-packages/airflow/example_dags/example_sensors.py
[2026-08-09T19:51:02.406+0000] {processor.py:840} INFO - DAG(s) 'example_sensors' retrieved from /home/airflow/.local/lib/python3.8/site-packages/airflow/example_dags/example_sensors.py
[2026-08-09T19:51:02.428+0000] {logging_mixin.py:188} INFO - [2026-08-09T19:51:02.427+0000] {dag.py:3036} INFO - Sync 1 DAGs
[2026-08-09T19:51:02.447+0000] {logging_mixin.py:188} INFO - [2026-08-09T19:51:02.447+0000] {dag.py:3823} INFO - Setting next_dagrun for example_sensors to None, run_after=None
[2026-08-09T19:51:02.490+0000] {processor.py:183} INFO - Processing /home/airflow/.local/lib/python3.8/site-packages/airflow/example_dags/example_sensors.py took 0.114 seconds
[2026-08-09T19:52:45.668+0000] {processor.py:161} INFO - Started process (PID=79) to work on /home/airflow/.local/lib/python3.8/site-packages/airflow/example_dags/example_sensors.py
[2026-08-09T19:52:45.670+0000] {processor.py:830} INFO - Processing file /home/airflow/.local/lib/python3.8/site-packages/airflow/example_dags/example_sensors.py for tasks to queue
[2026-08-09T19:52:45.673+0000] {logging_mixin.py:188} INFO - [2026-08-09T19:52:45.673+0000] {dagbag.py:538} INFO - Filling up the DagBag from /home/airflow/.local/lib/python3.8/site-packages/airflow/example_dags/example_sensors.py
[2026-08-09T19:52:45.695+0000] {processor.py:840} INFO - DAG(s) 'example_sensors' retrieved from /home/airflow/.local/lib/python3.8/site-packages/airflow/example_dags/example_sensors.py
[2026-08-09T19:52:45.715+0000] {logging_mixin.py:188} INFO - [2026-08-09T19:52:45.715+0000] {dag.py:3036} INFO - Sync 1 DAGs
[2026-08-09T19:52:45.732+0000] {logging_mixin.py:188} INFO - [2026-08-09T19:52:45.731+0000] {dag.py:3823} INFO - Setting next_dagrun for example_sensors to None, run_after=None
[2026-08-09T19:52:45.768+0000] {processor.py:183} INFO - Processing /home/airflow/.local/lib/python3.8/site-packages/airflow/example_dags/example_sensors.py took 0.106 seconds
[2026-08-09T19:53:16.183+0000] {processor.py:161} INFO - Started process (PID=144) to work on /home/airflow/.local/lib/python3.8/site-packages/airflow/example_dags/example_sensors.py
[2026-08-09T19:53:16.184+0000] {processor.py:830} INFO - Processing file /home/airflow/.local/lib/python3.8/site-packages/airflow/example_dags/example_sensors.py for tasks to queue
[2026-08-09T19:53:16.186+0000] {logging_mixin.py:188} INFO - [2026-08-09T19:53:16.186+0000] {dagbag.py:538} INFO - Filling up the DagBag from /home/airflow/.local/lib/python3.8/site-packages/airflow/example_dags/example_sensors.py
[2026-08-09T19:53:16.194+0000] {processor.py:840} INFO - DAG(s) 'example_sensors' retrieved from /home/airflow/.local/lib/python3.8/site-packages/airflow/example_dags/example_sensors.py
[2026-08-09T19:53:16.281+0000] {logging_mixin.py:188} INFO - [2026-08-09T19:53:16.281+0000] {dag.py:3036} INFO - Sync 1 DAGs
[2026-08-09T19:53:16.290+0000] {logging_mixin.py:188} INFO - [2026-08-09T19:53:16.290+0000] {dag.py:3823} INFO - Setting next_dagrun for example_sensors to None, run_after=None
[2026-08-09T19:53:16.307+0000] {processor.py:183} INFO - Processing /home/airflow/.local/lib/python3.8/site-packages/airflow/example_dags/example_sensors.py took 0.128 seconds
[2026-08-09T19:53:48.383+0000] {processor.py:161} INFO - Started process (PID=210) to work on /home/airflow/.local/lib/python3.8/site-packages/airflow/example_dags/example_sensors.py
[2026-08-09T19:53:48.385+0000] {processor.py:830} INFO - Processing file /home/airflow/.local/lib/python3.8/site-packages/airflow/example_dags/example_sensors.py for tasks to queue
[2026-08-09T19:53:48.390+0000] {logging_mixin.py:188} INFO - [2026-08-09T19:53:48.389+0000] {dagbag.py:538} INFO - Filling up the DagBag from /home/airflow/.local/lib/python3.8/site-packages/airflow/example_dags/example_sensors.py
[2026-08-09T19:53:48.425+0000] {processor.py:840} INFO - DAG(s) 'example_sensors' retrieved from /home/airflow/.local/lib/python3.8/site-packages/airflow/example_dags/example_sensors.py
[2026-08-09T19:53:48.502+0000] {logging_mixin.py:188} INFO - [2026-08-09T19:53:48.502+0000] {dag.py:3036} INFO - Sync 1 DAGs
[2026-08-09T19:53:48.552+0000] {logging_mixin.py:188} INFO - [2026-08-09T19:53:48.551+0000] {dag.py:3823} INFO - Setting next_dagrun for example_sensors to None, run_after=None
[2026-08-09T19:53:48.629+0000] {processor.py:183} INFO - Processing /home/airflow/.local/lib/python3.8/site-packages/airflow/example_dags/example_sensors.py took 0.258 seconds
[2026-08-09T19:54:18.717+0000] {processor.py:161} INFO - Started process (PID=275) to work on /home/airflow/.local/lib/python3.8/site-packages/airflow/example_dags/example_sensors.py
[2026-08-09T19:54:18.719+0000] {processor.py:830} INFO - Processing file /home/airflow/.local/lib/python3.8/site-packages/airflow/example_dags/example_sensors.py for tasks to queue
[2026-08-09T19:54:18.721+0000] {logging_mixin.py:188} INFO - [2026-08-09T19:54:18.721+0000] {dagbag.py:538} INFO - Filling up the DagBag from /home/airflow/.local/lib/python3.8/site-packages/airflow/example_dags/example_sensors.py
[2026-08-09T19:54:18.736+0000] {processor.py:840} INFO - DAG(s) 'example_sensors' retrieved from /home/airflow/.local/lib/python3.8/site-packages/airflow/example_dags/example_sensors.py
[2026-08-09T19:54:18.769+0000] {logging_mixin.py:188} INFO - [2026-08-09T19:54:18.769+0000] {dag.py:3036} INFO - Sync 1 DAGs
[2026-08-09T19:54:18.783+0000] {logging_mixin.py:188} INFO - [2026-08-09T19:54:18.783+0000] {dag.py:3823} INFO - Setting next_dagrun for example_sensors to None, run_after=None
[2026-08-09T19:54:18.835+0000] {processor.py:183} INFO - Processing /home/airflow/.local/lib/python3.8/site-packages/airflow/example_dags/example_sensors.py took 0.122 seconds
[2026-08-09T19:54:49.678+0000] {processor.py:161} INFO - Started process (PID=340) to work on /home/airflow/.local/lib/python3.8/site-packages/airflow/example_dags/example_sensors.py
[2026-08-09T19:54:49.770+0000] {processor.py:830} INFO - Processing file /home/airflow/.local/lib/python3.8/site-packages/airflow/example_dags/example_sensors.py for tasks to queue
[2026-08-09T19:54:49.774+0000] {logging_mixin.py:188} INFO - [2026-08-09T19:54:49.773+0000] {dagbag.py:538} INFO - Filling up the DagBag from /home/airflow/.local/lib/python3.8/site-packages/airflow/example_dags/example_sensors.py
[2026-08-09T19:54:49.789+0000] {processor.py:840} INFO - DAG(s) 'example_sensors' retrieved from /home/airflow/.local/lib/python3.8/site-packages/airflow/example_dags/example_sensors.py
[2026-08-09T19:54:49.817+0000] {logging_mixin.py:188} INFO - [2026-08-09T19:54:49.816+0000] {dag.py:3036} INFO - Sync 1 DAGs
[2026-08-09T19:54:49.830+0000] {logging_mixin.py:188} INFO - [2026-08-09T19:54:49.830+0000] {dag.py:3823} INFO - Setting next_dagrun for example_sensors to None, run_after=None
[2026-08-09T19:54:50.053+0000] {processor.py:183} INFO - Processing /home/airflow/.local/lib/python3.8/site-packages/airflow/example_dags/example_sensors.py took 0.380 seconds
[2026-08-09T19:55:20.349+0000] {processor.py:161} INFO - Started process (PID=405) to work on /home/airflow/.local/lib/python3.8/site-packages/airflow/example_dags/example_sensors.py
[2026-08-09T19:55:20.350+0000] {processor.py:830} INFO - Processing file /home/airflow/.local/lib/python3.8/site-packages/airflow/example_dags/example_sensors.py for tasks to queue
[2026-08-09T19:55:20.352+0000] {logging_mixin.py:188} INFO - [2026-08-09T19:55:20.352+0000] {dagbag.py:538} INFO - Filling up the DagBag from /home/airflow/.local/lib/python3.8/site-packages/airflow/example_dags/example_sensors.py
[2026-08-09T19:55:20.363+0000] {processor.py:840} INFO - DAG(s) 'example_sensors' retrieved from /home/airflow/.local/lib/python3.8/site-packages/airflow/example_dags/example_sensors.py
[2026-08-09T19:55:20.391+0000] {logging_mixin.py:188} INFO - [2026-08-09T19:55:20.391+0000] {dag.py:3036} INFO - Sync 1 DAGs
[2026-08-09T19:55:20.405+0000] {logging_mixin.py:188} INFO - [2026-08-09T19:55:20.405+0000] {dag.py:3823} INFO - Setting next_dagrun for example_sensors to None, run_after=None
[2026-08-09T19:55:20.501+0000] {processor.py:183} INFO - Processing /home/airflow/.local/lib/python3.8/site-packages/airflow/example_dags/example_sensors.py took 0.156 seconds
[2026-08-09T19:55:51.068+0000] {processor.py:161} INFO - Started process (PID=470) to work on /home/airflow/.local/lib/python3.8/site-packages/airflow/example_dags/example_sensors.py
[2026-08-09T19:55:51.071+0000] {processor.py:830} INFO - Processing file /home/airflow/.local/lib/python3.8/site-packages/airflow/example_dags/example_sensors.py for tasks to queue
[2026-08-09T19:55:51.075+0000] {logging_mixin.py:188} INFO - [2026-08-09T19:55:51.075+0000] {dagbag.py:538} INFO - Filling up the DagBag from /home/airflow/.local/lib/python3.8/site-packages/airflow/example_dags/example_sensors.py
[2026-08-09T19:55:51.087+0000] {processor.py:840} INFO - DAG(s) 'example_sensors' retrieved from /home/airflow/.local/lib/python3.8/site-packages/airflow/example_dags/example_sensors.py
[2026-08-09T19:55:51.129+0000] {logging_mixin.py:188} INFO - [2026-08-09T19:55:51.128+0000] {dag.py:3036} INFO - Sync 1 DAGs
[2026-08-09T19:55:51.159+0000] {logging_mixin.py:188} INFO - [2026-08-09T19:55:51.158+0000] {dag.py:3823} INFO - Setting next_dagrun for example_sensors to None, run_after=None
[2026-08-09T19:55:51.218+0000] {processor.py:183} INFO - Processing /home/airflow/.local/lib/python3.8/site-packages/airflow/example_dags/example_sensors.py took 0.155 seconds
[2026-08-09T19:56:22.074+0000] {processor.py:161} INFO - Started process (PID=535) to work on /home/airflow/.local/lib/python3.8/site-packages/airflow/example_dags/example_sensors.py
[2026-08-09T19:56:22.075+0000] {processor.py:830} INFO - Processing file /home/airflow/.local/lib/python3.8/site-packages/airflow/example_dags/example_sensors.py for tasks to queue
[2026-08-09T19:56:22.079+0000] {logging_mixin.py:188} INFO - [2026-08-09T19:56:22.078+0000] {dagbag.py:538} INFO - Filling up the DagBag from /home/airflow/.local/lib/python3.8/site-packages/airflow/example_dags/example_sensors.py
[2026-08-09T19:56:22.089+0000] {processor.py:840} INFO - DAG(s) 'example_sensors' retrieved from /home/airflow/.local/lib/python3.8/site-packages/airflow/example_dags/example_sensors.py
[2026-08-09T19:56:22.113+0000] {logging_mixin.py:188} INFO - [2026-08-09T19:56:22.113+0000] {dag.py:3036} INFO - Sync 1 DAGs
[2026-08-09T19:56:22.125+0000] {logging_mixin.py:188} INFO - [2026-08-09T19:56:22.124+0000] {dag.py:3823} INFO - Setting next_dagrun for example_sensors to None, run_after=None
[2026-08-09T19:56:22.248+0000] {processor.py:183} INFO - Processing /home/airflow/.local/lib/python3.8/site-packages/airflow/example_dags/example_sensors.py took 0.178 seconds
[2026-08-09T19:56:54.280+0000] {processor.py:161} INFO - Started process (PID=600) to work on /home/airflow/.local/lib/python3.8/site-packages/airflow/example_dags/example_sensors.py
[2026-08-09T19:56:54.284+0000] {processor.py:830} INFO - Processing file /home/airflow/.local/lib/python3.8/site-packages/airflow/example_dags/example_sensors.py for tasks to queue
[2026-08-09T19:56:54.291+0000] {logging_mixin.py:188} INFO - [2026-08-09T19:56:54.290+0000] {dagbag.py:538} INFO - Filling up the DagBag from /home/airflow/.local/lib/python3.8/site-packages/airflow/example_dags/example_sensors.py
[2026-08-09T19:56:54.314+0000] {processor.py:840} INFO - DAG(s) 'example_sensors' retrieved from /home/airflow/.local/lib/python3.8/site-packages/airflow/example_dags/example_sensors.py
[2026-08-09T19:56:54.413+0000] {logging_mixin.py:188} INFO - [2026-08-09T19:56:54.412+0000] {dag.py:3036} INFO - Sync 1 DAGs
[2026-08-09T19:56:54.433+0000] {logging_mixin.py:188} INFO - [2026-08-09T19:56:54.433+0000] {dag.py:3823} INFO - Setting next_dagrun for example_sensors to None, run_after=None
[2026-08-09T19:56:54.483+0000] {processor.py:183} INFO - Processing /home/airflow/.local/lib/python3.8/site-packages/airflow/example_dags/example_sensors.py took 0.218 seconds
[2026-08-09T19:57:25.275+0000] {processor.py:161} INFO - Started process (PID=664) to work on /home/airflow/.local/lib/python3.8/site-packages/airflow/example_dags/example_sensors.py
[2026-08-09T19:57:25.276+0000] {processor.py:830} INFO - Processing file /home/airflow/.local/lib/python3.8/site-packages/airflow/example_dags/example_sensors.py for tasks to queue
[2026-08-09T19:57:25.278+0000] {logging_mixin.py:188} INFO - [2026-08-09T19:57:25.278+0000] {dagbag.py:538} INFO - Filling up the DagBag from /home/airflow/.local/lib/python3.8/site-packages/airflow/example_dags/example_sensors.py
[2026-08-09T19:57:25.287+0000] {processor.py:840} INFO - DAG(s) 'example_sensors' retrieved from /home/airflow/.local/lib/python3.8/site-packages/airflow/example_dags/example_sensors.py
[2026-08-09T19:57:25.311+0000] {logging_mixin.py:188} INFO - [2026-08-09T19:57:25.311+0000] {dag.py:3036} INFO - Sync 1 DAGs
[2026-08-09T19:57:25.325+0000] {logging_mixin.py:188} INFO - [2026-08-09T19:57:25.325+0000] {dag.py:3823} INFO - Setting next_dagrun for example_sensors to None, run_after=None
[2026-08-09T19:57:25.402+0000] {processor.py:183} INFO - Processing /home/airflow/.local/lib/python3.8/site-packages/airflow/example_dags/example_sensors.py took 0.130 seconds
[2026-08-09T19:57:56.041+0000] {processor.py:161} INFO - Started process (PID=733) to work on /home/airflow/.local/lib/python3.8/site-packages/airflow/example_dags/example_sensors.py
[2026-08-09T19:57:56.042+0000] {processor.py:830} INFO - Processing file /home/airflow/.local/lib/python3.8/site-packages/airflow/example_dags/example_sensors.py for tasks to queue
[2026-08-09T19:57:56.044+0000] {logging_mixin.py:188} INFO - [2026-08-09T19:57:56.044+0000] {dagbag.py:538} INFO - Filling up the DagBag from /home/airflow/.local/lib/python3.8/site-packages/airflow/example_dags/example_sensors.py
[2026-08-09T19:57:56.052+0000] {processor.py:840} INFO - DAG(s) 'example_sensors' retrieved from /home/airflow/.local/lib/python3.8/site-packages/airflow/example_dags/example_sensors.py
[2026-08-09T19:57:56.076+0000] {logging_mixin.py:188} INFO - [2026-08-09T19:57:56.076+0000] {dag.py:3036} INFO - Sync 1 DAGs
[2026-08-09T19:57:56.088+0000] {logging_mixin.py:188} INFO - [2026-08-09T19:57:56.088+0000] {dag.py:3823} INFO - Setting next_dagrun for example_sensors to None, run_after=None
[2026-08-09T19:57:56.164+0000] {processor.py:183} INFO - Processing /home/airflow/.local/lib/python3.8/site-packages/airflow/example_dags/example_sensors.py took 0.127 seconds
[2026-08-09T19:58:26.271+0000] {processor.py:161} INFO - Started process (PID=801) to work on /home/airflow/.local/lib/python3.8/site-packages/airflow/example_dags/example_sensors.py
[2026-08-09T19:58:26.273+0000] {processor.py:830} INFO - Processing file /home/airflow/.local/lib/python3.8/site-packages/airflow/example_dags/example_sensors.py for tasks to queue
[2026-08-09T19:58:26.275+0000] {logging_mixin.py:188} INFO - [2026-08-09T19:58:26.275+0000] {dagbag.py:538} INFO - Filling up the DagBag from /home/airflow/.local/lib/python3.8/site-packages/airflow/example_dags/example_sensors.py
[2026-08-09T19:58:26.284+0000] {processor.py:840} INFO - DAG(s) 'example_sensors' retrieved from /home/airflow/.local/lib/python3.8/site-packages/airflow/example_dags/example_sensors.py
[2026-08-09T19:58:26.310+0000] {logging_mixin.py:188} INFO - [2026-08-09T19:58:26.310+0000] {dag.py:3036} INFO - Sync 1 DAGs
[2026-08-09T19:58:26.322+0000] {logging_mixin.py:188} INFO - [2026-08-09T19:58:26.322+0000] {dag.py:3823} INFO - Setting next_dagrun for example_sensors to None, run_after=None
[2026-08-09T19:58:26.345+0000] {processor.py:183} INFO - Processing /home/airflow/.local/lib/python3.8/site-packages/airflow/example_dags/example_sensors.py took 0.077 seconds
[2026-08-09T19:58:57.838+0000] {processor.py:161} INFO - Started process (PID=870) to work on /home/airflow/.local/lib/python3.8/site-packages/airflow/example_dags/example_sensors.py
[2026-08-09T19:58:57.843+0000] {processor.py:830} INFO - Processing file /home/airflow/.local/lib/python3.8/site-packages/airflow/example_dags/example_sensors.py for tasks to queue
[2026-08-09T19:58:57.847+0000] {logging_mixin.py:188} INFO - [2026-08-09T19:58:57.846+0000] {dagbag.py:538} INFO - Filling up the DagBag from /home/airflow/.local/lib/python3.8/site-packages/airflow/example_dags/example_sensors.py
[2026-08-09T19:58:57.864+0000] {processor.py:840} INFO - DAG(s) 'example_sensors' retrieved from /home/airflow/.local/lib/python3.8/site-packages/airflow/example_dags/example_sensors.py
[2026-08-09T19:58:57.909+0000] {logging_mixin.py:188} INFO - [2026-08-09T19:58:57.908+0000] {dag.py:3036} INFO - Sync 1 DAGs
[2026-08-09T19:58:57.931+0000] {logging_mixin.py:188} INFO - [2026-08-09T19:58:57.931+0000] {dag.py:3823} INFO - Setting next_dagrun for example_sensors to None, run_after=None
[2026-08-09T19:58:57.965+0000] {processor.py:183} INFO - Processing /home/airflow/.local/lib/python3.8/site-packages/airflow/example_dags/example_sensors.py took 0.131 seconds
[2026-08-09T19:59:29.331+0000] {processor.py:161} INFO - Started process (PID=940) to work on /home/airflow/.local/lib/python3.8/site-packages/airflow/example_dags/example_sensors.py
[2026-08-09T19:59:29.332+0000] {processor.py:830} INFO - Processing file /home/airflow/.local/lib/python3.8/site-packages/airflow/example_dags/example_sensors.py for tasks to queue
[2026-08-09T19:59:29.335+0000] {logging_mixin.py:188} INFO - [2026-08-09T19:59:29.335+0000] {dagbag.py:538} INFO - Filling up the DagBag from /home/airflow/.local/lib/python3.8/site-packages/airflow/example_dags/example_sensors.py
[2026-08-09T19:59:29.352+0000] {processor.py:840} INFO - DAG(s) 'example_sensors' retrieved from /home/airflow/.local/lib/python3.8/site-packages/airflow/example_dags/example_sensors.py
[2026-08-09T19:59:29.385+0000] {logging_mixin.py:188} INFO - [2026-08-09T19:59:29.384+0000] {dag.py:3036} INFO - Sync 1 DAGs
[2026-08-09T19:59:29.399+0000] {logging_mixin.py:188} INFO - [2026-08-09T19:59:29.399+0000] {dag.py:3823} INFO - Setting next_dagrun for example_sensors to None, run_after=None
[2026-08-09T19:59:29.424+0000] {processor.py:183} INFO - Processing /home/airflow/.local/lib/python3.8/site-packages/airflow/example_dags/example_sensors.py took 0.099 seconds
[2026-08-09T20:00:00.653+0000] {processor.py:161} INFO - Started process (PID=1010) to work on /home/airflow/.local/lib/python3.8/site-packages/airflow/example_dags/example_sensors.py
[2026-08-09T20:00:00.655+0000] {processor.py:830} INFO - Processing file /home/airflow/.local/lib/python3.8/site-packages/airflow/example_dags/example_sensors.py for tasks to queue
[2026-08-09T20:00:00.660+0000] {logging_mixin.py:188} INFO - [2026-08-09T20:00:00.659+0000] {dagbag.py:538} INFO - Filling up the DagBag from /home/airflow/.local/lib/python3.8/site-packages/airflow/example_dags/example_sensors.py
[2026-08-09T20:00:00.690+0000] {processor.py:840} INFO - DAG(s) 'example_sensors' retrieved from /home/airflow/.local/lib/python3.8/site-packages/airflow/example_dags/example_sensors.py
[2026-08-09T20:00:00.737+0000] {logging_mixin.py:188} INFO - [2026-08-09T20:00:00.736+0000] {dag.py:3036} INFO - Sync 1 DAGs
[2026-08-09T20:00:00.759+0000] {logging_mixin.py:188} INFO - [2026-08-09T20:00:00.758+0000] {dag.py:3823} INFO - Setting next_dagrun for example_sensors to None, run_after=None
[2026-08-09T20:00:00.786+0000] {processor.py:183} INFO - Processing /home/airflow/.local/lib/python3.8/site-packages/airflow/example_dags/example_sensors.py took 0.141 seconds
[2026-08-09T20:00:32.736+0000] {processor.py:161} INFO - Started process (PID=1078) to work on /home/airflow/.local/lib/python3.8/site-packages/airflow/example_dags/example_sensors.py
[2026-08-09T20:00:32.738+0000] {processor.py:830} INFO - Processing file /home/airflow/.local/lib/python3.8/site-packages/airflow/example_dags/example_sensors.py for tasks to queue
[2026-08-09T20:00:32.741+0000] {logging_mixin.py:188} INFO - [2026-08-09T20:00:32.741+0000] {dagbag.py:538} INFO - Filling up the DagBag from /home/airflow/.local/lib/python3.8/site-packages/airflow/example_dags/example_sensors.py
[2026-08-09T20:00:32.757+0000] {processor.py:840} INFO - DAG(s) 'example_sensors' retrieved from /home/airflow/.local/lib/python3.8/site-packages/airflow/example_dags/example_sensors.py
[2026-08-09T20:00:32.800+0000] {logging_mixin.py:188} INFO - [2026-08-09T20:00:32.800+0000] {dag.py:3036} INFO - Sync 1 DAGs
[2026-08-09T20:00:32.822+0000] {logging_mixin.py:188} INFO - [2026-08-09T20:00:32.822+0000] {dag.py:3823} INFO - Setting next_dagrun for example_sensors to None, run_after=None
[2026-08-09T20:00:32.866+0000] {processor.py:183} INFO - Processing /home/airflow/.local/lib/python3.8/site-packages/airflow/example_dags/example_sensors.py took 0.139 seconds
[2026-08-09T20:01:04.288+0000] {processor.py:161} INFO - Started process (PID=1148) to work on /home/airflow/.local/lib/python3.8/site-packages/airflow/example_dags/example_sensors.py
[2026-08-09T20:01:04.290+0000] {processor.py:830} INFO - Processing file /home/airflow/.local/lib/python3.8/site-packages/airflow/example_dags/example_sensors.py for tasks to queue
[2026-08-09T20:01:04.295+0000] {logging_mixin.py:188} INFO - [2026-08-09T20:01:04.294+0000] {dagbag.py:538} INFO - Filling up the DagBag from /home/airflow/.local/lib/python3.8/site-packages/airflow/example_dags/example_sensors.py
[2026-08-09T20:01:04.310+0000] {processor.py:840} INFO - DAG(s) 'example_sensors' retrieved from /home/airflow/.local/lib/python3.8/site-packages/airflow/example_dags/example_sensors.py
[2026-08-09T20:01:04.349+0000] {logging_mixin.py:188} INFO - [2026-08-09T20:01:04.349+0000] {dag.py:3036} INFO - Sync 1 DAGs
[2026-08-09T20:01:04.367+0000] {logging_mixin.py:188} INFO - [2026-08-09T20:01:04.367+0000] {dag.py:3823} INFO - Setting next_dagrun for example_sensors to None, run_after=None
[2026-08-09T20:01:04.392+0000] {processor.py:183} INFO - Processing /home/airflow/.local/lib/python3.8/site-packages/airflow/example_dags/example_sensors.py took 0.110 seconds
[2026-08-09T20:01:34.827+0000] {processor.py:161} INFO - Started process (PID=1215) to work on /home/airflow/.local/lib/python3.8/site-packages/airflow/example_dags/example_sensors.py
[2026-08-09T20:01:34.829+0000] {processor.py:830} INFO - Processing file /home/airflow/.local/lib/python3.8/site-packages/airflow/example_dags/example_sensors.py for tasks to queue
[2026-08-09T20:01:34.834+0000] {logging_mixin.py:188} INFO - [2026-08-09T20:01:34.833+0000] {dagbag.py:538} INFO - Filling up the DagBag from /home/airflow/.local/lib/python3.8/site-packages/airflow/example_dags/example_sensors.py
[2026-08-09T20:01:34.849+0000] {processor.py:840} INFO - DAG(s) 'example_sensors' retrieved from /home/airflow/.local/lib/python3.8/site-packages/airflow/example_dags/example_sensors.py
[2026-08-09T20:01:34.892+0000] {logging_mixin.py:188} INFO - [2026-08-09T20:01:34.891+0000] {dag.py:3036} INFO - Sync 1 DAGs
[2026-08-09T20:01:34.913+0000] {logging_mixin.py:188} INFO - [2026-08-09T20:01:34.913+0000] {dag.py:3823} INFO - Setting next_dagrun for example_sensors to None, run_after=None
[2026-08-09T20:01:34.949+0000] {processor.py:183} INFO - Processing /home/airflow/.local/lib/python3.8/site-packages/airflow/example_dags/example_sensors.py took 0.128 seconds
[2026-08-09T20:02:06.622+0000] {processor.py:161} INFO - Started process (PID=1286) to work on /home/airflow/.local/lib/python3.8/site-packages/airflow/example_dags/example_sensors.py
[2026-08-09T20:02:06.625+0000] {processor.py:830} INFO - Processing file /home/airflow/.local/lib/python3.8/site-packages/airflow/example_dags/example_sensors.py for tasks to queue
[2026-08-09T20:02:06.629+0000] {logging_mixin.py:188} INFO - [2026-08-09T20:02:06.629+0000] {dagbag.py:538} INFO - Filling up the DagBag from /home/airflow/.local/lib/python3.8/site-packages/airflow/example_dags/example_sensors.py
[2026-08-09T20:02:06.648+0000] {processor.py:840} INFO - DAG(s) 'example_sensors' retrieved from /home/airflow/.local/lib/python3.8/site-packages/airflow/example_dags/example_sensors.py
[2026-08-09T20:02:06.694+0000] {logging_mixin.py:188} INFO - [2026-08-09T20:02:06.694+0000] {dag.py:3036} INFO - Sync 1 DAGs
[2026-08-09T20:02:06.714+0000] {logging_mixin.py:188} INFO - [2026-08-09T20:02:06.714+0000] {dag.py:3823} INFO - Setting next_dagrun for example_sensors to None, run_after=None
[2026-08-09T20:02:06.754+0000] {processor.py:183} INFO - Processing /home/airflow/.local/lib/python3.8/site-packages/airflow/example_dags/example_sensors.py took 0.139 seconds
[2026-08-09T20:02:38.090+0000] {processor.py:161} INFO - Started process (PID=1355) to work on /home/airflow/.local/lib/python3.8/site-packages/airflow/example_dags/example_sensors.py
[2026-08-09T20:02:38.092+0000] {processor.py:830} INFO - Processing file /home/airflow/.local/lib/python3.8/site-packages/airflow/example_dags/example_sensors.py for tasks to queue
[2026-08-09T20:02:38.095+0000] {logging_mixin.py:188} INFO - [2026-08-09T20:02:38.094+0000] {dagbag.py:538} INFO - Filling up the DagBag from /home/airflow/.local/lib/python3.8/site-packages/airflow/example_dags/example_sensors.py
[2026-08-09T20:02:38.109+0000] {processor.py:840} INFO - DAG(s) 'example_sensors' retrieved from /home/airflow/.local/lib/python3.8/site-packages/airflow/example_dags/example_sensors.py
[2026-08-09T20:02:38.144+0000] {logging_mixin.py:188} INFO - [2026-08-09T20:02:38.144+0000] {dag.py:3036} INFO - Sync 1 DAGs
[2026-08-09T20:02:38.166+0000] {logging_mixin.py:188} INFO - [2026-08-09T20:02:38.165+0000] {dag.py:3823} INFO - Setting next_dagrun for example_sensors to None, run_after=None
[2026-08-09T20:02:38.205+0000] {processor.py:183} INFO - Processing /home/airflow/.local/lib/python3.8/site-packages/airflow/example_dags/example_sensors.py took 0.123 seconds
[2026-08-09T20:03:10.263+0000] {processor.py:161} INFO - Started process (PID=1425) to work on /home/airflow/.local/lib/python3.8/site-packages/airflow/example_dags/example_sensors.py
[2026-08-09T20:03:10.266+0000] {processor.py:830} INFO - Processing file /home/airflow/.local/lib/python3.8/site-packages/airflow/example_dags/example_sensors.py for tasks to queue
[2026-08-09T20:03:10.272+0000] {logging_mixin.py:188} INFO - [2026-08-09T20:03:10.271+0000] {dagbag.py:538} INFO - Filling up the DagBag from /home/airflow/.local/lib/python3.8/site-packages/airflow/example_dags/example_sensors.py
[2026-08-09T20:03:10.288+0000] {processor.py:840} INFO - DAG(s) 'example_sensors' retrieved from /home/airflow/.local/lib/python3.8/site-packages/airflow/example_dags/example_sensors.py
[2026-08-09T20:03:10.338+0000] {logging_mixin.py:188} INFO - [2026-08-09T20:03:10.337+0000] {dag.py:3036} INFO - Sync 1 DAGs
[2026-08-09T20:03:10.371+0000] {logging_mixin.py:188} INFO - [2026-08-09T20:03:10.370+0000] {dag.py:3823} INFO - Setting next_dagrun for example_sensors to None, run_after=None
[2026-08-09T20:03:10.416+0000] {processor.py:183} INFO - Processing /home/airflow/.local/lib/python3.8/site-packages/airflow/example_dags/example_sensors.py took 0.160 seconds
[2026-08-09T20:03:42.896+0000] {processor.py:161} INFO - Started process (PID=1508) to work on /home/airflow/.local/lib/python3.8/site-packages/airflow/example_dags/example_sensors.py
[2026-08-09T20:03:42.905+0000] {processor.py:830} INFO - Processing file /home/airflow/.local/lib/python3.8/site-packages/airflow/example_dags/example_sensors.py for tasks to queue
[2026-08-09T20:03:42.915+0000] {logging_mixin.py:188} INFO - [2026-08-09T20:03:42.914+0000] {dagbag.py:538} INFO - Filling up the DagBag from /home/airflow/.local/lib/python3.8/site-packages/airflow/example_dags/example_sensors.py
[2026-08-09T20:03:43.006+0000] {processor.py:840} INFO - DAG(s) 'example_sensors' retrieved from /home/airflow/.local/lib/python3.8/site-packages/airflow/example_dags/example_sensors.py
[2026-08-09T20:03:43.164+0000] {logging_mixin.py:188} INFO - [2026-08-09T20:03:43.164+0000] {dag.py:3036} INFO - Sync 1 DAGs
[2026-08-09T20:03:43.232+0000] {logging_mixin.py:188} INFO - [2026-08-09T20:03:43.231+0000] {dag.py:3823} INFO - Setting next_dagrun for example_sensors to None, run_after=None
[2026-08-09T20:03:43.339+0000] {processor.py:183} INFO - Processing /home/airflow/.local/lib/python3.8/site-packages/airflow/example_dags/example_sensors.py took 0.469 seconds
[2026-08-09T20:04:14.218+0000] {processor.py:161} INFO - Started process (PID=1588) to work on /home/airflow/.local/lib/python3.8/site-packages/airflow/example_dags/example_sensors.py
[2026-08-09T20:04:14.220+0000] {processor.py:830} INFO - Processing file /home/airflow/.local/lib/python3.8/site-packages/airflow/example_dags/example_sensors.py for tasks to queue
[2026-08-09T20:04:14.222+0000] {logging_mixin.py:188} INFO - [2026-08-09T20:04:14.222+0000] {dagbag.py:538} INFO - Filling up the DagBag from /home/airflow/.local/lib/python3.8/site-packages/airflow/example_dags/example_sensors.py
[2026-08-09T20:04:14.231+0000] {processor.py:840} INFO - DAG(s) 'example_sensors' retrieved from /home/airflow/.local/lib/python3.8/site-packages/airflow/example_dags/example_sensors.py
[2026-08-09T20:04:14.257+0000] {logging_mixin.py:188} INFO - [2026-08-09T20:04:14.256+0000] {dag.py:3036} INFO - Sync 1 DAGs
[2026-08-09T20:04:14.268+0000] {logging_mixin.py:188} INFO - [2026-08-09T20:04:14.268+0000] {dag.py:3823} INFO - Setting next_dagrun for example_sensors to None, run_after=None
[2026-08-09T20:04:14.290+0000] {processor.py:183} INFO - Processing /home/airflow/.local/lib/python3.8/site-packages/airflow/example_dags/example_sensors.py took 0.076 seconds
[2026-08-09T20:04:44.349+0000] {processor.py:161} INFO - Started process (PID=1656) to work on /home/airflow/.local/lib/python3.8/site-packages/airflow/example_dags/example_sensors.py
[2026-08-09T20:04:44.351+0000] {processor.py:830} INFO - Processing file /home/airflow/.local/lib/python3.8/site-packages/airflow/example_dags/example_sensors.py for tasks to queue
[2026-08-09T20:04:44.353+0000] {logging_mixin.py:188} INFO - [2026-08-09T20:04:44.352+0000] {dagbag.py:538} INFO - Filling up the DagBag from /home/airflow/.local/lib/python3.8/site-packages/airflow/example_dags/example_sensors.py
[2026-08-09T20:04:44.361+0000] {processor.py:840} INFO - DAG(s) 'example_sensors' retrieved from /home/airflow/.local/lib/python3.8/site-packages/airflow/example_dags/example_sensors.py
[2026-08-09T20:04:44.389+0000] {logging_mixin.py:188} INFO - [2026-08-09T20:04:44.389+0000] {dag.py:3036} INFO - Sync 1 DAGs
[2026-08-09T20:04:44.404+0000] {logging_mixin.py:188} INFO - [2026-08-09T20:04:44.404+0000] {dag.py:3823} INFO - Setting next_dagrun for example_sensors to None, run_after=None
[2026-08-09T20:04:44.422+0000] {processor.py:183} INFO - Processing /home/airflow/.local/lib/python3.8/site-packages/airflow/example_dags/example_sensors.py took 0.075 seconds
[2026-08-09T20:05:15.051+0000] {processor.py:161} INFO - Started process (PID=1725) to work on /home/airflow/.local/lib/python3.8/site-packages/airflow/example_dags/example_sensors.py
[2026-08-09T20:05:15.052+0000] {processor.py:830} INFO - Processing file /home/airflow/.local/lib/python3.8/site-packages/airflow/example_dags/example_sensors.py for tasks to queue
[2026-08-09T20:05:15.054+0000] {logging_mixin.py:188} INFO - [2026-08-09T20:05:15.054+0000] {dagbag.py:538} INFO - Filling up the DagBag from /home/airflow/.local/lib/python3.8/site-packages/airflow/example_dags/example_sensors.py
[2026-08-09T20:05:15.062+0000] {processor.py:840} INFO - DAG(s) 'example_sensors' retrieved from /home/airflow/.local/lib/python3.8/site-packages/airflow/example_dags/example_sensors.py
[2026-08-09T20:05:15.086+0000] {logging_mixin.py:188} INFO - [2026-08-09T20:05:15.086+0000] {dag.py:3036} INFO - Sync 1 DAGs
[2026-08-09T20:05:15.097+0000] {logging_mixin.py:188} INFO - [2026-08-09T20:05:15.097+0000] {dag.py:3823} INFO - Setting next_dagrun for example_sensors to None, run_after=None
[2026-08-09T20:05:15.116+0000] {processor.py:183} INFO - Processing /home/airflow/.local/lib/python3.8/site-packages/airflow/example_dags/example_sensors.py took 0.069 seconds
[2026-08-09T20:05:45.680+0000] {processor.py:161} INFO - Started process (PID=1794) to work on /home/airflow/.local/lib/python3.8/site-packages/airflow/example_dags/example_sensors.py
[2026-08-09T20:05:45.682+0000] {processor.py:830} INFO - Processing file /home/airflow/.local/lib/python3.8/site-packages/airflow/example_dags/example_sensors.py for tasks to queue
[2026-08-09T20:05:45.690+0000] {logging_mixin.py:188} INFO - [2026-08-09T20:05:45.689+0000] {dagbag.py:538} INFO - Filling up the DagBag from /home/airflow/.local/lib/python3.8/site-packages/airflow/example_dags/example_sensors.py
[2026-08-09T20:05:45.703+0000] {processor.py:840} INFO - DAG(s) 'example_sensors' retrieved from /home/airflow/.local/lib/python3.8/site-packages/airflow/example_dags/example_sensors.py
[2026-08-09T20:05:45.744+0000] {logging_mixin.py:188} INFO - [2026-08-09T20:05:45.744+0000] {dag.py:3036} INFO - Sync 1 DAGs
[2026-08-09T20:05:45.764+0000] {logging_mixin.py:188} INFO - [2026-08-09T20:05:45.763+0000] {dag.py:3823} INFO - Setting next_dagrun for example_sensors to None, run_after=None
[2026-08-09T20:05:45.800+0000] {processor.py:183} INFO - Processing /home/airflow/.local/lib/python3.8/site-packages/airflow/example_dags/example_sensors.py took 0.125 seconds
[2026-08-09T20:06:16.449+0000] {processor.py:161} INFO - Started process (PID=1863) to work on /home/airflow/.local/lib/python3.8/site-packages/airflow/example_dags/example_sensors.py
[2026-08-09T20:06:16.451+0000] {processor.py:830} INFO - Processing file /home/airflow/.local/lib/python3.8/site-packages/airflow/example_dags/example_sensors.py for tasks to queue
[2026-08-09T20:06:16.453+0000] {logging_mixin.py:188} INFO - [2026-08-09T20:06:16.453+0000] {dagbag.py:538} INFO - Filling up the DagBag from /home/airflow/.local/lib/python3.8/site-packages/airflow/example_dags/example_sensors.py
[2026-08-09T20:06:16.467+0000] {processor.py:840} INFO - DAG(s) 'example_sensors' retrieved from /home/airflow/.local/lib/python3.8/site-packages/airflow/example_dags/example_sensors.py
[2026-08-09T20:06:16.502+0000] {logging_mixin.py:188} INFO - [2026-08-09T20:06:16.501+0000] {dag.py:3036} INFO - Sync 1 DAGs
[2026-08-09T20:06:16.517+0000] {logging_mixin.py:188} INFO - [2026-08-09T20:06:16.517+0000] {dag.py:3823} INFO - Setting next_dagrun for example_sensors to None, run_after=None
[2026-08-09T20:06:16.552+0000] {processor.py:183} INFO - Processing /home/airflow/.local/lib/python3.8/site-packages/airflow/example_dags/example_sensors.py took 0.107 seconds
[2026-08-09T20:06:47.891+0000] {processor.py:161} INFO - Started process (PID=1932) to work on /home/airflow/.local/lib/python3.8/site-packages/airflow/example_dags/example_sensors.py
[2026-08-09T20:06:47.893+0000] {processor.py:830} INFO - Processing file /home/airflow/.local/lib/python3.8/site-packages/airflow/example_dags/example_sensors.py for tasks to queue
[2026-08-09T20:06:47.896+0000] {logging_mixin.py:188} INFO - [2026-08-09T20:06:47.896+0000] {dagbag.py:538} INFO - Filling up the DagBag from /home/airflow/.local/lib/python3.8/site-packages/airflow/example_dags/example_sensors.py
[2026-08-09T20:06:47.910+0000] {processor.py:840} INFO - DAG(s) 'example_sensors' retrieved from /home/airflow/.local/lib/python3.8/site-packages/airflow/example_dags/example_sensors.py
[2026-08-09T20:06:47.950+0000] {logging_mixin.py:188} INFO - [2026-08-09T20:06:47.950+0000] {dag.py:3036} INFO - Sync 1 DAGs
[2026-08-09T20:06:47.968+0000] {logging_mixin.py:188} INFO - [2026-08-09T20:06:47.968+0000] {dag.py:3823} INFO - Setting next_dagrun for example_sensors to None, run_after=None
[2026-08-09T20:06:47.994+0000] {processor.py:183} INFO - Processing /home/airflow/.local/lib/python3.8/site-packages/airflow/example_dags/example_sensors.py took 0.107 seconds
[2026-08-09T20:07:18.687+0000] {processor.py:161} INFO - Started process (PID=2001) to work on /home/airflow/.local/lib/python3.8/site-packages/airflow/example_dags/example_sensors.py
[2026-08-09T20:07:18.689+0000] {processor.py:830} INFO - Processing file /home/airflow/.local/lib/python3.8/site-packages/airflow/example_dags/example_sensors.py for tasks to queue
[2026-08-09T20:07:18.692+0000] {logging_mixin.py:188} INFO - [2026-08-09T20:07:18.692+0000] {dagbag.py:538} INFO - Filling up the DagBag from /home/airflow/.local/lib/python3.8/site-packages/airflow/example_dags/example_sensors.py
[2026-08-09T20:07:18.704+0000] {processor.py:840} INFO - DAG(s) 'example_sensors' retrieved from /home/airflow/.local/lib/python3.8/site-packages/airflow/example_dags/example_sensors.py
[2026-08-09T20:07:18.738+0000] {logging_mixin.py:188} INFO - [2026-08-09T20:07:18.738+0000] {dag.py:3036} INFO - Sync 1 DAGs
[2026-08-09T20:07:18.755+0000] {logging_mixin.py:188} INFO - [2026-08-09T20:07:18.754+0000] {dag.py:3823} INFO - Setting next_dagrun for example_sensors to None, run_after=None
[2026-08-09T20:07:18.779+0000] {processor.py:183} INFO - Processing /home/airflow/.local/lib/python3.8/site-packages/airflow/example_dags/example_sensors.py took 0.097 seconds
[2026-08-09T20:07:50.145+0000] {processor.py:161} INFO - Started process (PID=2070) to work on /home/airflow/.local/lib/python3.8/site-packages/airflow/example_dags/example_sensors.py
[2026-08-09T20:07:50.147+0000] {processor.py:830} INFO - Processing file /home/airflow/.local/lib/python3.8/site-packages/airflow/example_dags/example_sensors.py for tasks to queue
[2026-08-09T20:07:50.151+0000] {logging_mixin.py:188} INFO - [2026-08-09T20:07:50.150+0000] {dagbag.py:538} INFO - Filling up the DagBag from /home/airflow/.local/lib/python3.8/site-packages/airflow/example_dags/example_sensors.py
[2026-08-09T20:07:50.169+0000] {processor.py:840} INFO - DAG(s) 'example_sensors' retrieved from /home/airflow/.local/lib/python3.8/site-packages/airflow/example_dags/example_sensors.py
[2026-08-09T20:07:50.228+0000] {logging_mixin.py:188} INFO - [2026-08-09T20:07:50.227+0000] {dag.py:3036} INFO - Sync 1 DAGs
[2026-08-09T20:07:50.254+0000] {logging_mixin.py:188} INFO - [2026-08-09T20:07:50.254+0000] {dag.py:3823} INFO - Setting next_dagrun for example_sensors to None, run_after=None
[2026-08-09T20:07:50.297+0000] {processor.py:183} INFO - Processing /home/airflow/.local/lib/python3.8/site-packages/airflow/example_dags/example_sensors.py took 0.158 seconds
[2026-08-09T20:08:21.400+0000] {processor.py:161} INFO - Started process (PID=2139) to work on /home/airflow/.local/lib/python3.8/site-packages/airflow/example_dags/example_sensors.py
[2026-08-09T20:08:21.401+0000] {processor.py:830} INFO - Processing file /home/airflow/.local/lib/python3.8/site-packages/airflow/example_dags/example_sensors.py for tasks to queue
[2026-08-09T20:08:21.404+0000] {logging_mixin.py:188} INFO - [2026-08-09T20:08:21.403+0000] {dagbag.py:538} INFO - Filling up the DagBag from /home/airflow/.local/lib/python3.8/site-packages/airflow/example_dags/example_sensors.py
[2026-08-09T20:08:21.420+0000] {processor.py:840} INFO - DAG(s) 'example_sensors' retrieved from /home/airflow/.local/lib/python3.8/site-packages/airflow/example_dags/example_sensors.py
[2026-08-09T20:08:21.461+0000] {logging_mixin.py:188} INFO - [2026-08-09T20:08:21.460+0000] {dag.py:3036} INFO - Sync 1 DAGs
[2026-08-09T20:08:21.480+0000] {logging_mixin.py:188} INFO - [2026-08-09T20:08:21.479+0000] {dag.py:3823} INFO - Setting next_dagrun for example_sensors to None, run_after=None
[2026-08-09T20:08:21.513+0000] {processor.py:183} INFO - Processing /home/airflow/.local/lib/python3.8/site-packages/airflow/example_dags/example_sensors.py took 0.119 seconds
[2026-08-09T20:08:52.534+0000] {processor.py:161} INFO - Started process (PID=2208) to work on /home/airflow/.local/lib/python3.8/site-packages/airflow/example_dags/example_sensors.py
[2026-08-09T20:08:52.535+0000] {processor.py:830} INFO - Processing file /home/airflow/.local/lib/python3.8/site-packages/airflow/example_dags/example_sensors.py for tasks to queue
[2026-08-09T20:08:52.539+0000] {logging_mixin.py:188} INFO - [2026-08-09T20:08:52.538+0000] {dagbag.py:538} INFO - Filling up the DagBag from /home/airflow/.local/lib/python3.8/site-packages/airflow/example_dags/example_sensors.py
[2026-08-09T20:08:52.551+0000] {processor.py:840} INFO - DAG(s) 'example_sensors' retrieved from /home/airflow/.local/lib/python3.8/site-packages/airflow/example_dags/example_sensors.py
[2026-08-09T20:08:52.589+0000] {logging_mixin.py:188} INFO - [2026-08-09T20:08:52.589+0000] {dag.py:3036} INFO - Sync 1 DAGs
[2026-08-09T20:08:52.607+0000] {logging_mixin.py:188} INFO - [2026-08-09T20:08:52.607+0000] {dag.py:3823} INFO - Setting next_dagrun for example_sensors to None, run_after=None
[2026-08-09T20:08:52.640+0000] {processor.py:183} INFO - Processing /home/airflow/.local/lib/python3.8/site-packages/airflow/example_dags/example_sensors.py took 0.111 seconds
[2026-08-09T20:09:23.614+0000] {processor.py:161} INFO - Started process (PID=2277) to work on /home/airflow/.local/lib/python3.8/site-packages/airflow/example_dags/example_sensors.py
[2026-08-09T20:09:23.615+0000] {processor.py:830} INFO - Processing file /home/airflow/.local/lib/python3.8/site-packages/airflow/example_dags/example_sensors.py for tasks to queue
[2026-08-09T20:09:23.617+0000] {logging_mixin.py:188} INFO - [2026-08-09T20:09:23.617+0000] {dagbag.py:538} INFO - Filling up the DagBag from /home/airflow/.local/lib/python3.8/site-packages/airflow/example_dags/example_sensors.py
[2026-08-09T20:09:23.625+0000] {processor.py:840} INFO - DAG(s) 'example_sensors' retrieved from /home/airflow/.local/lib/python3.8/site-packages/airflow/example_dags/example_sensors.py
[2026-08-09T20:09:23.649+0000] {logging_mixin.py:188} INFO - [2026-08-09T20:09:23.649+0000] {dag.py:3036} INFO - Sync 1 DAGs
[2026-08-09T20:09:23.661+0000] {logging_mixin.py:188} INFO - [2026-08-09T20:09:23.661+0000] {dag.py:3823} INFO - Setting next_dagrun for example_sensors to None, run_after=None
[2026-08-09T20:09:23.685+0000] {processor.py:183} INFO - Processing /home/airflow/.local/lib/python3.8/site-packages/airflow/example_dags/example_sensors.py took 0.075 seconds
[2026-08-09T20:09:54.611+0000] {processor.py:161} INFO - Started process (PID=2354) to work on /home/airflow/.local/lib/python3.8/site-packages/airflow/example_dags/example_sensors.py
[2026-08-09T20:09:54.612+0000] {processor.py:830} INFO - Processing file /home/airflow/.local/lib/python3.8/site-packages/airflow/example_dags/example_sensors.py for tasks to queue
[2026-08-09T20:09:54.615+0000] {logging_mixin.py:188} INFO - [2026-08-09T20:09:54.615+0000] {dagbag.py:538} INFO - Filling up the DagBag from /home/airflow/.local/lib/python3.8/site-packages/airflow/example_dags/example_sensors.py
[2026-08-09T20:09:54.627+0000] {processor.py:840} INFO - DAG(s) 'example_sensors' retrieved from /home/airflow/.local/lib/python3.8/site-packages/airflow/example_dags/example_sensors.py
[2026-08-09T20:09:54.643+0000] {logging_mixin.py:188} INFO - [2026-08-09T20:09:54.642+0000] {dag.py:3036} INFO - Sync 1 DAGs
[2026-08-09T20:09:54.660+0000] {logging_mixin.py:188} INFO - [2026-08-09T20:09:54.660+0000] {dag.py:3823} INFO - Setting next_dagrun for example_sensors to None, run_after=None
[2026-08-09T20:09:54.690+0000] {processor.py:183} INFO - Processing /home/airflow/.local/lib/python3.8/site-packages/airflow/example_dags/example_sensors.py took 0.082 seconds
[2026-08-09T20:10:26.291+0000] {processor.py:161} INFO - Started process (PID=2423) to work on /home/airflow/.local/lib/python3.8/site-packages/airflow/example_dags/example_sensors.py
[2026-08-09T20:10:26.292+0000] {processor.py:830} INFO - Processing file /home/airflow/.local/lib/python3.8/site-packages/airflow/example_dags/example_sensors.py for tasks to queue
[2026-08-09T20:10:26.294+0000] {logging_mixin.py:188} INFO - [2026-08-09T20:10:26.294+0000] {dagbag.py:538} INFO - Filling up the DagBag from /home/airflow/.local/lib/python3.8/site-packages/airflow/example_dags/example_sensors.py
[2026-08-09T20:10:26.303+0000] {processor.py:840} INFO - DAG(s) 'example_sensors' retrieved from /home/airflow/.local/lib/python3.8/site-packages/airflow/example_dags/example_sensors.py
[2026-08-09T20:10:26.599+0000] {logging_mixin.py:188} INFO - [2026-08-09T20:10:26.599+0000] {dag.py:3036} INFO - Sync 1 DAGs
[2026-08-09T20:10:26.610+0000] {logging_mixin.py:188} INFO - [2026-08-09T20:10:26.610+0000] {dag.py:3823} INFO - Setting next_dagrun for example_sensors to None, run_after=None
[2026-08-09T20:10:26.637+0000] {processor.py:183} INFO - Processing /home/airflow/.local/lib/python3.8/site-packages/airflow/example_dags/example_sensors.py took 0.350 seconds
[2026-08-09T20:10:56.784+0000] {processor.py:161} INFO - Started process (PID=2492) to work on /home/airflow/.local/lib/python3.8/site-packages/airflow/example_dags/example_sensors.py
[2026-08-09T20:10:56.786+0000] {processor.py:830} INFO - Processing file /home/airflow/.local/lib/python3.8/site-packages/airflow/example_dags/example_sensors.py for tasks to queue
[2026-08-09T20:10:56.790+0000] {logging_mixin.py:188} INFO - [2026-08-09T20:10:56.788+0000] {dagbag.py:538} INFO - Filling up the DagBag from /home/airflow/.local/lib/python3.8/site-packages/airflow/example_dags/example_sensors.py
[2026-08-09T20:10:56.807+0000] {processor.py:840} INFO - DAG(s) 'example_sensors' retrieved from /home/airflow/.local/lib/python3.8/site-packages/airflow/example_dags/example_sensors.py
[2026-08-09T20:10:56.856+0000] {logging_mixin.py:188} INFO - [2026-08-09T20:10:56.855+0000] {dag.py:3036} INFO - Sync 1 DAGs
[2026-08-09T20:10:56.881+0000] {logging_mixin.py:188} INFO - [2026-08-09T20:10:56.881+0000] {dag.py:3823} INFO - Setting next_dagrun for example_sensors to None, run_after=None
[2026-08-09T20:10:56.931+0000] {processor.py:183} INFO - Processing /home/airflow/.local/lib/python3.8/site-packages/airflow/example_dags/example_sensors.py took 0.152 seconds
[2026-08-09T20:11:30.341+0000] {processor.py:161} INFO - Started process (PID=2561) to work on /home/airflow/.local/lib/python3.8/site-packages/airflow/example_dags/example_sensors.py
[2026-08-09T20:11:30.343+0000] {processor.py:830} INFO - Processing file /home/airflow/.local/lib/python3.8/site-packages/airflow/example_dags/example_sensors.py for tasks to queue
[2026-08-09T20:11:30.357+0000] {logging_mixin.py:188} INFO - [2026-08-09T20:11:30.356+0000] {dagbag.py:538} INFO - Filling up the DagBag from /home/airflow/.local/lib/python3.8/site-packages/airflow/example_dags/example_sensors.py
[2026-08-09T20:11:30.386+0000] {processor.py:840} INFO - DAG(s) 'example_sensors' retrieved from /home/airflow/.local/lib/python3.8/site-packages/airflow/example_dags/example_sensors.py
[2026-08-09T20:11:30.461+0000] {logging_mixin.py:188} INFO - [2026-08-09T20:11:30.460+0000] {dag.py:3036} INFO - Sync 1 DAGs
[2026-08-09T20:11:30.492+0000] {logging_mixin.py:188} INFO - [2026-08-09T20:11:30.492+0000] {dag.py:3823} INFO - Setting next_dagrun for example_sensors to None, run_after=None
[2026-08-09T20:11:31.047+0000] {processor.py:183} INFO - Processing /home/airflow/.local/lib/python3.8/site-packages/airflow/example_dags/example_sensors.py took 0.726 seconds
[2026-08-09T20:12:01.364+0000] {processor.py:161} INFO - Started process (PID=2630) to work on /home/airflow/.local/lib/python3.8/site-packages/airflow/example_dags/example_sensors.py
[2026-08-09T20:12:01.366+0000] {processor.py:830} INFO - Processing file /home/airflow/.local/lib/python3.8/site-packages/airflow/example_dags/example_sensors.py for tasks to queue
[2026-08-09T20:12:01.370+0000] {logging_mixin.py:188} INFO - [2026-08-09T20:12:01.370+0000] {dagbag.py:538} INFO - Filling up the DagBag from /home/airflow/.local/lib/python3.8/site-packages/airflow/example_dags/example_sensors.py
[2026-08-09T20:12:01.386+0000] {processor.py:840} INFO - DAG(s) 'example_sensors' retrieved from /home/airflow/.local/lib/python3.8/site-packages/airflow/example_dags/example_sensors.py
[2026-08-09T20:12:01.435+0000] {logging_mixin.py:188} INFO - [2026-08-09T20:12:01.434+0000] {dag.py:3036} INFO - Sync 1 DAGs
[2026-08-09T20:12:01.806+0000] {logging_mixin.py:188} INFO - [2026-08-09T20:12:01.805+0000] {dag.py:3823} INFO - Setting next_dagrun for example_sensors to None, run_after=None
[2026-08-09T20:12:01.839+0000] {processor.py:183} INFO - Processing /home/airflow/.local/lib/python3.8/site-packages/airflow/example_dags/example_sensors.py took 0.481 seconds
[2026-08-09T20:12:32.197+0000] {processor.py:161} INFO - Started process (PID=2699) to work on /home/airflow/.local/lib/python3.8/site-packages/airflow/example_dags/example_sensors.py
[2026-08-09T20:12:32.198+0000] {processor.py:830} INFO - Processing file /home/airflow/.local/lib/python3.8/site-packages/airflow/example_dags/example_sensors.py for tasks to queue
[2026-08-09T20:12:32.200+0000] {logging_mixin.py:188} INFO - [2026-08-09T20:12:32.200+0000] {dagbag.py:538} INFO - Filling up the DagBag from /home/airflow/.local/lib/python3.8/site-packages/airflow/example_dags/example_sensors.py
[2026-08-09T20:12:32.208+0000] {processor.py:840} INFO - DAG(s) 'example_sensors' retrieved from /home/airflow/.local/lib/python3.8/site-packages/airflow/example_dags/example_sensors.py
[2026-08-09T20:12:32.233+0000] {logging_mixin.py:188} INFO - [2026-08-09T20:12:32.233+0000] {dag.py:3036} INFO - Sync 1 DAGs
[2026-08-09T20:12:32.245+0000] {logging_mixin.py:188} INFO - [2026-08-09T20:12:32.245+0000] {dag.py:3823} INFO - Setting next_dagrun for example_sensors to None, run_after=None
[2026-08-09T20:12:32.265+0000] {processor.py:183} INFO - Processing /home/airflow/.local/lib/python3.8/site-packages/airflow/example_dags/example_sensors.py took 0.072 seconds
[2026-08-09T20:13:02.824+0000] {processor.py:161} INFO - Started process (PID=2768) to work on /home/airflow/.local/lib/python3.8/site-packages/airflow/example_dags/example_sensors.py
[2026-08-09T20:13:02.825+0000] {processor.py:830} INFO - Processing file /home/airflow/.local/lib/python3.8/site-packages/airflow/example_dags/example_sensors.py for tasks to queue
[2026-08-09T20:13:02.827+0000] {logging_mixin.py:188} INFO - [2026-08-09T20:13:02.827+0000] {dagbag.py:538} INFO - Filling up the DagBag from /home/airflow/.local/lib/python3.8/site-packages/airflow/example_dags/example_sensors.py
[2026-08-09T20:13:02.838+0000] {processor.py:840} INFO - DAG(s) 'example_sensors' retrieved from /home/airflow/.local/lib/python3.8/site-packages/airflow/example_dags/example_sensors.py
[2026-08-09T20:13:02.872+0000] {logging_mixin.py:188} INFO - [2026-08-09T20:13:02.871+0000] {dag.py:3036} INFO - Sync 1 DAGs
[2026-08-09T20:13:02.891+0000] {logging_mixin.py:188} INFO - [2026-08-09T20:13:02.891+0000] {dag.py:3823} INFO - Setting next_dagrun for example_sensors to None, run_after=None
[2026-08-09T20:13:02.921+0000] {processor.py:183} INFO - Processing /home/airflow/.local/lib/python3.8/site-packages/airflow/example_dags/example_sensors.py took 0.101 seconds
[2026-08-09T20:13:33.037+0000] {processor.py:161} INFO - Started process (PID=2835) to work on /home/airflow/.local/lib/python3.8/site-packages/airflow/example_dags/example_sensors.py
[2026-08-09T20:13:33.039+0000] {processor.py:830} INFO - Processing file /home/airflow/.local/lib/python3.8/site-packages/airflow/example_dags/example_sensors.py for tasks to queue
[2026-08-09T20:13:33.041+0000] {logging_mixin.py:188} INFO - [2026-08-09T20:13:33.041+0000] {dagbag.py:538} INFO - Filling up the DagBag from /home/airflow/.local/lib/python3.8/site-packages/airflow/example_dags/example_sensors.py
[2026-08-09T20:13:33.052+0000] {processor.py:840} INFO - DAG(s) 'example_sensors' retrieved from /home/airflow/.local/lib/python3.8/site-packages/airflow/example_dags/example_sensors.py
[2026-08-09T20:13:33.087+0000] {logging_mixin.py:188} INFO - [2026-08-09T20:13:33.086+0000] {dag.py:3036} INFO - Sync 1 DAGs
[2026-08-09T20:13:33.109+0000] {logging_mixin.py:188} INFO - [2026-08-09T20:13:33.108+0000] {dag.py:3823} INFO - Setting next_dagrun for example_sensors to None, run_after=None
[2026-08-09T20:13:33.159+0000] {processor.py:183} INFO - Processing /home/airflow/.local/lib/python3.8/site-packages/airflow/example_dags/example_sensors.py took 0.126 seconds
[2026-08-09T20:14:03.774+0000] {processor.py:161} INFO - Started process (PID=2904) to work on /home/airflow/.local/lib/python3.8/site-packages/airflow/example_dags/example_sensors.py
[2026-08-09T20:14:03.777+0000] {processor.py:830} INFO - Processing file /home/airflow/.local/lib/python3.8/site-packages/airflow/example_dags/example_sensors.py for tasks to queue
[2026-08-09T20:14:03.782+0000] {logging_mixin.py:188} INFO - [2026-08-09T20:14:03.781+0000] {dagbag.py:538} INFO - Filling up the DagBag from /home/airflow/.local/lib/python3.8/site-packages/airflow/example_dags/example_sensors.py
[2026-08-09T20:14:03.792+0000] {processor.py:840} INFO - DAG(s) 'example_sensors' retrieved from /home/airflow/.local/lib/python3.8/site-packages/airflow/example_dags/example_sensors.py
[2026-08-09T20:14:03.825+0000] {logging_mixin.py:188} INFO - [2026-08-09T20:14:03.825+0000] {dag.py:3036} INFO - Sync 1 DAGs
[2026-08-09T20:14:03.845+0000] {logging_mixin.py:188} INFO - [2026-08-09T20:14:03.844+0000] {dag.py:3823} INFO - Setting next_dagrun for example_sensors to None, run_after=None
[2026-08-09T20:14:03.877+0000] {processor.py:183} INFO - Processing /home/airflow/.local/lib/python3.8/site-packages/airflow/example_dags/example_sensors.py took 0.106 seconds
[2026-08-09T20:14:34.568+0000] {processor.py:161} INFO - Started process (PID=2973) to work on /home/airflow/.local/lib/python3.8/site-packages/airflow/example_dags/example_sensors.py
[2026-08-09T20:14:34.570+0000] {processor.py:830} INFO - Processing file /home/airflow/.local/lib/python3.8/site-packages/airflow/example_dags/example_sensors.py for tasks to queue
[2026-08-09T20:14:34.572+0000] {logging_mixin.py:188} INFO - [2026-08-09T20:14:34.572+0000] {dagbag.py:538} INFO - Filling up the DagBag from /home/airflow/.local/lib/python3.8/site-packages/airflow/example_dags/example_sensors.py
[2026-08-09T20:14:34.583+0000] {processor.py:840} INFO - DAG(s) 'example_sensors' retrieved from /home/airflow/.local/lib/python3.8/site-packages/airflow/example_dags/example_sensors.py
[2026-08-09T20:14:34.615+0000] {logging_mixin.py:188} INFO - [2026-08-09T20:14:34.615+0000] {dag.py:3036} INFO - Sync 1 DAGs
[2026-08-09T20:14:34.629+0000] {logging_mixin.py:188} INFO - [2026-08-09T20:14:34.629+0000] {dag.py:3823} INFO - Setting next_dagrun for example_sensors to None, run_after=None
[2026-08-09T20:14:34.657+0000] {processor.py:183} INFO - Processing /home/airflow/.local/lib/python3.8/site-packages/airflow/example_dags/example_sensors.py took 0.093 seconds
[2026-08-09T20:15:05.353+0000] {processor.py:161} INFO - Started process (PID=3042) to work on /home/airflow/.local/lib/python3.8/site-packages/airflow/example_dags/example_sensors.py
[2026-08-09T20:15:05.355+0000] {processor.py:830} INFO - Processing file /home/airflow/.local/lib/python3.8/site-packages/airflow/example_dags/example_sensors.py for tasks to queue
[2026-08-09T20:15:05.361+0000] {logging_mixin.py:188} INFO - [2026-08-09T20:15:05.359+0000] {dagbag.py:538} INFO - Filling up the DagBag from /home/airflow/.local/lib/python3.8/site-packages/airflow/example_dags/example_sensors.py
[2026-08-09T20:15:05.380+0000] {processor.py:840} INFO - DAG(s) 'example_sensors' retrieved from /home/airflow/.local/lib/python3.8/site-packages/airflow/example_dags/example_sensors.py
[2026-08-09T20:15:05.423+0000] {logging_mixin.py:188} INFO - [2026-08-09T20:15:05.423+0000] {dag.py:3036} INFO - Sync 1 DAGs
[2026-08-09T20:15:05.442+0000] {logging_mixin.py:188} INFO - [2026-08-09T20:15:05.441+0000] {dag.py:3823} INFO - Setting next_dagrun for example_sensors to None, run_after=None
[2026-08-09T20:15:05.478+0000] {processor.py:183} INFO - Processing /home/airflow/.local/lib/python3.8/site-packages/airflow/example_dags/example_sensors.py took 0.134 seconds
[2026-08-09T20:15:36.569+0000] {processor.py:161} INFO - Started process (PID=3111) to work on /home/airflow/.local/lib/python3.8/site-packages/airflow/example_dags/example_sensors.py
[2026-08-09T20:15:36.572+0000] {processor.py:830} INFO - Processing file /home/airflow/.local/lib/python3.8/site-packages/airflow/example_dags/example_sensors.py for tasks to queue
[2026-08-09T20:15:36.575+0000] {logging_mixin.py:188} INFO - [2026-08-09T20:15:36.575+0000] {dagbag.py:538} INFO - Filling up the DagBag from /home/airflow/.local/lib/python3.8/site-packages/airflow/example_dags/example_sensors.py
[2026-08-09T20:15:36.587+0000] {processor.py:840} INFO - DAG(s) 'example_sensors' retrieved from /home/airflow/.local/lib/python3.8/site-packages/airflow/example_dags/example_sensors.py
[2026-08-09T20:15:36.616+0000] {logging_mixin.py:188} INFO - [2026-08-09T20:15:36.616+0000] {dag.py:3036} INFO - Sync 1 DAGs
[2026-08-09T20:15:36.630+0000] {logging_mixin.py:188} INFO - [2026-08-09T20:15:36.630+0000] {dag.py:3823} INFO - Setting next_dagrun for example_sensors to None, run_after=None
[2026-08-09T20:15:36.657+0000] {processor.py:183} INFO - Processing /home/airflow/.local/lib/python3.8/site-packages/airflow/example_dags/example_sensors.py took 0.095 seconds
[2026-08-09T20:16:08.577+0000] {processor.py:161} INFO - Started process (PID=3181) to work on /home/airflow/.local/lib/python3.8/site-packages/airflow/example_dags/example_sensors.py
[2026-08-09T20:16:08.580+0000] {processor.py:830} INFO - Processing file /home/airflow/.local/lib/python3.8/site-packages/airflow/example_dags/example_sensors.py for tasks to queue
[2026-08-09T20:16:08.585+0000] {logging_mixin.py:188} INFO - [2026-08-09T20:16:08.584+0000] {dagbag.py:538} INFO - Filling up the DagBag from /home/airflow/.local/lib/python3.8/site-packages/airflow/example_dags/example_sensors.py
[2026-08-09T20:16:08.608+0000] {processor.py:840} INFO - DAG(s) 'example_sensors' retrieved from /home/airflow/.local/lib/python3.8/site-packages/airflow/example_dags/example_sensors.py
[2026-08-09T20:16:08.657+0000] {logging_mixin.py:188} INFO - [2026-08-09T20:16:08.656+0000] {dag.py:3036} INFO - Sync 1 DAGs
[2026-08-09T20:16:08.671+0000] {logging_mixin.py:188} INFO - [2026-08-09T20:16:08.671+0000] {dag.py:3823} INFO - Setting next_dagrun for example_sensors to None, run_after=None
[2026-08-09T20:16:08.694+0000] {processor.py:183} INFO - Processing /home/airflow/.local/lib/python3.8/site-packages/airflow/example_dags/example_sensors.py took 0.127 seconds
[2026-08-09T20:16:39.870+0000] {processor.py:161} INFO - Started process (PID=3252) to work on /home/airflow/.local/lib/python3.8/site-packages/airflow/example_dags/example_sensors.py
[2026-08-09T20:16:39.872+0000] {processor.py:830} INFO - Processing file /home/airflow/.local/lib/python3.8/site-packages/airflow/example_dags/example_sensors.py for tasks to queue
[2026-08-09T20:16:39.874+0000] {logging_mixin.py:188} INFO - [2026-08-09T20:16:39.874+0000] {dagbag.py:538} INFO - Filling up the DagBag from /home/airflow/.local/lib/python3.8/site-packages/airflow/example_dags/example_sensors.py
[2026-08-09T20:16:39.884+0000] {processor.py:840} INFO - DAG(s) 'example_sensors' retrieved from /home/airflow/.local/lib/python3.8/site-packages/airflow/example_dags/example_sensors.py
[2026-08-09T20:16:39.909+0000] {logging_mixin.py:188} INFO - [2026-08-09T20:16:39.908+0000] {dag.py:3036} INFO - Sync 1 DAGs
[2026-08-09T20:16:39.920+0000] {logging_mixin.py:188} INFO - [2026-08-09T20:16:39.920+0000] {dag.py:3823} INFO - Setting next_dagrun for example_sensors to None, run_after=None
[2026-08-09T20:16:39.940+0000] {processor.py:183} INFO - Processing /home/airflow/.local/lib/python3.8/site-packages/airflow/example_dags/example_sensors.py took 0.074 seconds
[2026-08-09T20:17:11.724+0000] {processor.py:161} INFO - Started process (PID=3323) to work on /home/airflow/.local/lib/python3.8/site-packages/airflow/example_dags/example_sensors.py
[2026-08-09T20:17:11.725+0000] {processor.py:830} INFO - Processing file /home/airflow/.local/lib/python3.8/site-packages/airflow/example_dags/example_sensors.py for tasks to queue
[2026-08-09T20:17:11.729+0000] {logging_mixin.py:188} INFO - [2026-08-09T20:17:11.728+0000] {dagbag.py:538} INFO - Filling up the DagBag from /home/airflow/.local/lib/python3.8/site-packages/airflow/example_dags/example_sensors.py
[2026-08-09T20:17:11.741+0000] {processor.py:840} INFO - DAG(s) 'example_sensors' retrieved from /home/airflow/.local/lib/python3.8/site-packages/airflow/example_dags/example_sensors.py
[2026-08-09T20:17:11.779+0000] {logging_mixin.py:188} INFO - [2026-08-09T20:17:11.778+0000] {dag.py:3036} INFO - Sync 1 DAGs
[2026-08-09T20:17:11.797+0000] {logging_mixin.py:188} INFO - [2026-08-09T20:17:11.796+0000] {dag.py:3823} INFO - Setting next_dagrun for example_sensors to None, run_after=None
[2026-08-09T20:17:11.822+0000] {processor.py:183} INFO - Processing /home/airflow/.local/lib/python3.8/site-packages/airflow/example_dags/example_sensors.py took 0.103 seconds
