[2026-08-09T19:50:05.436+0000] {processor.py:161} INFO - Started process (PID=122) to work on /home/airflow/.local/lib/python3.8/site-packages/airflow/example_dags/example_skip_dag.py
[2026-08-09T19:50:05.444+0000] {processor.py:830} INFO - Processing file /home/airflow/.local/lib/python3.8/site-packages/airflow/example_dags/example_skip_dag.py for tasks to queue
[2026-08-09T19:50:05.451+0000] {logging_mixin.py:188} INFO - [2026-08-09T19:50:05.448+0000] {dagbag.py:538} INFO - Filling up the DagBag from /home/airflow/.local/lib/python3.8/site-packages/airflow/example_dags/example_skip_dag.py
[2026-08-09T19:50:05.471+0000] {processor.py:840} INFO - DAG(s) 'example_skip_dag' retrieved from /home/airflow/.local/lib/python3.8/site-packages/airflow/example_dags/example_skip_dag.py
[2026-08-09T19:50:05.505+0000] {logging_mixin.py:188} INFO - [2026-08-09T19:50:05.505+0000] {dag.py:3036} INFO - Sync 1 DAGs
[2026-08-09T19:50:05.580+0000] {logging_mixin.py:188} INFO - [2026-08-09T19:50:05.580+0000] {dag.py:3823} INFO - Setting next_dagrun for example_skip_dag to 2026-08-08 00:00:00+00:00, run_after=2026-08-09 00:00:00+00:00
[2026-08-09T19:50:05.644+0000] {processor.py:183} INFO - Processing /home/airflow/.local/lib/python3.8/site-packages/airflow/example_dags/example_skip_dag.py took 0.215 seconds
[2026-08-09T19:50:36.096+0000] {processor.py:161} INFO - Started process (PID=187) to work on /home/airflow/.local/lib/python3.8/site-packages/airflow/example_dags/example_skip_dag.py
[2026-08-09T19:50:36.105+0000] {processor.py:830} INFO - Processing file /home/airflow/.local/lib/python3.8/site-packages/airflow/example_dags/example_skip_dag.py for tasks to queue
[2026-08-09T19:50:36.108+0000] {logging_mixin.py:188} INFO - [2026-08-09T19:50:36.107+0000] {dagbag.py:538} INFO - Filling up the DagBag from /home/airflow/.local/lib/python3.8/site-packages/airflow/example_dags/example_skip_dag.py
[2026-08-09T19:50:36.127+0000] {processor.py:840} INFO - DAG(s) 'example_skip_dag' retrieved from /home/airflow/.local/lib/python3.8/site-packages/airflow/example_dags/example_skip_dag.py
[2026-08-09T19:50:36.367+0000] {logging_mixin.py:188} INFO - [2026-08-09T19:50:36.367+0000] {dag.py:3036} INFO - Sync 1 DAGs
[2026-08-09T19:50:36.399+0000] {logging_mixin.py:188} INFO - [2026-08-09T19:50:36.399+0000] {dag.py:3823} INFO - Setting next_dagrun for example_skip_dag to 2026-08-08 00:00:00+00:00, run_after=2026-08-09 00:00:00+00:00
[2026-08-09T19:50:36.457+0000] {processor.py:183} INFO - Processing /home/airflow/.local/lib/python3.8/site-packages/airflow/example_dags/example_skip_dag.py took 0.368 seconds
[2026-08-09T19:51:06.926+0000] {processor.py:161} INFO - Started process (PID=252) to work on /home/airflow/.local/lib/python3.8/site-packages/airflow/example_dags/example_skip_dag.py
[2026-08-09T19:51:06.929+0000] {processor.py:830} INFO - Processing file /home/airflow/.local/lib/python3.8/site-packages/airflow/example_dags/example_skip_dag.py for tasks to queue
[2026-08-09T19:51:06.932+0000] {logging_mixin.py:188} INFO - [2026-08-09T19:51:06.932+0000] {dagbag.py:538} INFO - Filling up the DagBag from /home/airflow/.local/lib/python3.8/site-packages/airflow/example_dags/example_skip_dag.py
[2026-08-09T19:51:06.941+0000] {processor.py:840} INFO - DAG(s) 'example_skip_dag' retrieved from /home/airflow/.local/lib/python3.8/site-packages/airflow/example_dags/example_skip_dag.py
[2026-08-09T19:51:06.960+0000] {logging_mixin.py:188} INFO - [2026-08-09T19:51:06.960+0000] {dag.py:3036} INFO - Sync 1 DAGs
[2026-08-09T19:51:06.994+0000] {logging_mixin.py:188} INFO - [2026-08-09T19:51:06.994+0000] {dag.py:3823} INFO - Setting next_dagrun for example_skip_dag to 2026-08-08 00:00:00+00:00, run_after=2026-08-09 00:00:00+00:00
[2026-08-09T19:51:07.031+0000] {processor.py:183} INFO - Processing /home/airflow/.local/lib/python3.8/site-packages/airflow/example_dags/example_skip_dag.py took 0.112 seconds
[2026-08-09T19:52:48.731+0000] {processor.py:161} INFO - Started process (PID=103) to work on /home/airflow/.local/lib/python3.8/site-packages/airflow/example_dags/example_skip_dag.py
[2026-08-09T19:52:48.733+0000] {processor.py:830} INFO - Processing file /home/airflow/.local/lib/python3.8/site-packages/airflow/example_dags/example_skip_dag.py for tasks to queue
[2026-08-09T19:52:48.737+0000] {logging_mixin.py:188} INFO - [2026-08-09T19:52:48.737+0000] {dagbag.py:538} INFO - Filling up the DagBag from /home/airflow/.local/lib/python3.8/site-packages/airflow/example_dags/example_skip_dag.py
[2026-08-09T19:52:48.752+0000] {processor.py:840} INFO - DAG(s) 'example_skip_dag' retrieved from /home/airflow/.local/lib/python3.8/site-packages/airflow/example_dags/example_skip_dag.py
[2026-08-09T19:52:48.777+0000] {logging_mixin.py:188} INFO - [2026-08-09T19:52:48.777+0000] {dag.py:3036} INFO - Sync 1 DAGs
[2026-08-09T19:52:48.821+0000] {logging_mixin.py:188} INFO - [2026-08-09T19:52:48.821+0000] {dag.py:3823} INFO - Setting next_dagrun for example_skip_dag to 2026-08-08 00:00:00+00:00, run_after=2026-08-09 00:00:00+00:00
[2026-08-09T19:52:48.863+0000] {processor.py:183} INFO - Processing /home/airflow/.local/lib/python3.8/site-packages/airflow/example_dags/example_skip_dag.py took 0.140 seconds
[2026-08-09T19:53:18.986+0000] {processor.py:161} INFO - Started process (PID=168) to work on /home/airflow/.local/lib/python3.8/site-packages/airflow/example_dags/example_skip_dag.py
[2026-08-09T19:53:18.988+0000] {processor.py:830} INFO - Processing file /home/airflow/.local/lib/python3.8/site-packages/airflow/example_dags/example_skip_dag.py for tasks to queue
[2026-08-09T19:53:18.990+0000] {logging_mixin.py:188} INFO - [2026-08-09T19:53:18.990+0000] {dagbag.py:538} INFO - Filling up the DagBag from /home/airflow/.local/lib/python3.8/site-packages/airflow/example_dags/example_skip_dag.py
[2026-08-09T19:53:18.997+0000] {processor.py:840} INFO - DAG(s) 'example_skip_dag' retrieved from /home/airflow/.local/lib/python3.8/site-packages/airflow/example_dags/example_skip_dag.py
[2026-08-09T19:53:19.089+0000] {logging_mixin.py:188} INFO - [2026-08-09T19:53:19.089+0000] {dag.py:3036} INFO - Sync 1 DAGs
[2026-08-09T19:53:19.109+0000] {logging_mixin.py:188} INFO - [2026-08-09T19:53:19.109+0000] {dag.py:3823} INFO - Setting next_dagrun for example_skip_dag to 2026-08-08 00:00:00+00:00, run_after=2026-08-09 00:00:00+00:00
[2026-08-09T19:53:19.130+0000] {processor.py:183} INFO - Processing /home/airflow/.local/lib/python3.8/site-packages/airflow/example_dags/example_skip_dag.py took 0.148 seconds
[2026-08-09T19:53:50.982+0000] {processor.py:161} INFO - Started process (PID=234) to work on /home/airflow/.local/lib/python3.8/site-packages/airflow/example_dags/example_skip_dag.py
[2026-08-09T19:53:50.986+0000] {processor.py:830} INFO - Processing file /home/airflow/.local/lib/python3.8/site-packages/airflow/example_dags/example_skip_dag.py for tasks to queue
[2026-08-09T19:53:50.996+0000] {logging_mixin.py:188} INFO - [2026-08-09T19:53:50.995+0000] {dagbag.py:538} INFO - Filling up the DagBag from /home/airflow/.local/lib/python3.8/site-packages/airflow/example_dags/example_skip_dag.py
[2026-08-09T19:53:51.026+0000] {processor.py:840} INFO - DAG(s) 'example_skip_dag' retrieved from /home/airflow/.local/lib/python3.8/site-packages/airflow/example_dags/example_skip_dag.py
[2026-08-09T19:53:51.060+0000] {logging_mixin.py:188} INFO - [2026-08-09T19:53:51.059+0000] {dag.py:3036} INFO - Sync 1 DAGs
[2026-08-09T19:53:51.091+0000] {logging_mixin.py:188} INFO - [2026-08-09T19:53:51.091+0000] {dag.py:3823} INFO - Setting next_dagrun for example_skip_dag to 2026-08-08 00:00:00+00:00, run_after=2026-08-09 00:00:00+00:00
[2026-08-09T19:53:51.119+0000] {processor.py:183} INFO - Processing /home/airflow/.local/lib/python3.8/site-packages/airflow/example_dags/example_skip_dag.py took 0.143 seconds
[2026-08-09T19:54:21.411+0000] {processor.py:161} INFO - Started process (PID=299) to work on /home/airflow/.local/lib/python3.8/site-packages/airflow/example_dags/example_skip_dag.py
[2026-08-09T19:54:21.413+0000] {processor.py:830} INFO - Processing file /home/airflow/.local/lib/python3.8/site-packages/airflow/example_dags/example_skip_dag.py for tasks to queue
[2026-08-09T19:54:21.415+0000] {logging_mixin.py:188} INFO - [2026-08-09T19:54:21.414+0000] {dagbag.py:538} INFO - Filling up the DagBag from /home/airflow/.local/lib/python3.8/site-packages/airflow/example_dags/example_skip_dag.py
[2026-08-09T19:54:21.421+0000] {processor.py:840} INFO - DAG(s) 'example_skip_dag' retrieved from /home/airflow/.local/lib/python3.8/site-packages/airflow/example_dags/example_skip_dag.py
[2026-08-09T19:54:21.442+0000] {logging_mixin.py:188} INFO - [2026-08-09T19:54:21.441+0000] {dag.py:3036} INFO - Sync 1 DAGs
[2026-08-09T19:54:21.461+0000] {logging_mixin.py:188} INFO - [2026-08-09T19:54:21.461+0000] {dag.py:3823} INFO - Setting next_dagrun for example_skip_dag to 2026-08-08 00:00:00+00:00, run_after=2026-08-09 00:00:00+00:00
[2026-08-09T19:54:21.480+0000] {processor.py:183} INFO - Processing /home/airflow/.local/lib/python3.8/site-packages/airflow/example_dags/example_skip_dag.py took 0.072 seconds
[2026-08-09T19:54:52.505+0000] {processor.py:161} INFO - Started process (PID=364) to work on /home/airflow/.local/lib/python3.8/site-packages/airflow/example_dags/example_skip_dag.py
[2026-08-09T19:54:52.509+0000] {processor.py:830} INFO - Processing file /home/airflow/.local/lib/python3.8/site-packages/airflow/example_dags/example_skip_dag.py for tasks to queue
[2026-08-09T19:54:52.513+0000] {logging_mixin.py:188} INFO - [2026-08-09T19:54:52.512+0000] {dagbag.py:538} INFO - Filling up the DagBag from /home/airflow/.local/lib/python3.8/site-packages/airflow/example_dags/example_skip_dag.py
[2026-08-09T19:54:52.527+0000] {processor.py:840} INFO - DAG(s) 'example_skip_dag' retrieved from /home/airflow/.local/lib/python3.8/site-packages/airflow/example_dags/example_skip_dag.py
[2026-08-09T19:54:52.569+0000] {logging_mixin.py:188} INFO - [2026-08-09T19:54:52.568+0000] {dag.py:3036} INFO - Sync 1 DAGs
[2026-08-09T19:54:52.601+0000] {logging_mixin.py:188} INFO - [2026-08-09T19:54:52.601+0000] {dag.py:3823} INFO - Setting next_dagrun for example_skip_dag to 2026-08-08 00:00:00+00:00, run_after=2026-08-09 00:00:00+00:00
[2026-08-09T19:54:52.629+0000] {processor.py:183} INFO - Processing /home/airflow/.local/lib/python3.8/site-packages/airflow/example_dags/example_skip_dag.py took 0.131 seconds
[2026-08-09T19:55:22.877+0000] {processor.py:161} INFO - Started process (PID=429) to work on /home/airflow/.local/lib/python3.8/site-packages/airflow/example_dags/example_skip_dag.py
[2026-08-09T19:55:22.879+0000] {processor.py:830} INFO - Processing file /home/airflow/.local/lib/python3.8/site-packages/airflow/example_dags/example_skip_dag.py for tasks to queue
[2026-08-09T19:55:22.883+0000] {logging_mixin.py:188} INFO - [2026-08-09T19:55:22.883+0000] {dagbag.py:538} INFO - Filling up the DagBag from /home/airflow/.local/lib/python3.8/site-packages/airflow/example_dags/example_skip_dag.py
[2026-08-09T19:55:22.895+0000] {processor.py:840} INFO - DAG(s) 'example_skip_dag' retrieved from /home/airflow/.local/lib/python3.8/site-packages/airflow/example_dags/example_skip_dag.py
[2026-08-09T19:55:22.931+0000] {logging_mixin.py:188} INFO - [2026-08-09T19:55:22.930+0000] {dag.py:3036} INFO - Sync 1 DAGs
[2026-08-09T19:55:22.960+0000] {logging_mixin.py:188} INFO - [2026-08-09T19:55:22.960+0000] {dag.py:3823} INFO - Setting next_dagrun for example_skip_dag to 2026-08-08 00:00:00+00:00, run_after=2026-08-09 00:00:00+00:00
[2026-08-09T19:55:23.016+0000] {processor.py:183} INFO - Processing /home/airflow/.local/lib/python3.8/site-packages/airflow/example_dags/example_skip_dag.py took 0.145 seconds
[2026-08-09T19:55:53.950+0000] {processor.py:161} INFO - Started process (PID=494) to work on /home/airflow/.local/lib/python3.8/site-packages/airflow/example_dags/example_skip_dag.py
[2026-08-09T19:55:53.951+0000] {processor.py:830} INFO - Processing file /home/airflow/.local/lib/python3.8/site-packages/airflow/example_dags/example_skip_dag.py for tasks to queue
[2026-08-09T19:55:53.953+0000] {logging_mixin.py:188} INFO - [2026-08-09T19:55:53.953+0000] {dagbag.py:538} INFO - Filling up the DagBag from /home/airflow/.local/lib/python3.8/site-packages/airflow/example_dags/example_skip_dag.py
[2026-08-09T19:55:53.960+0000] {processor.py:840} INFO - DAG(s) 'example_skip_dag' retrieved from /home/airflow/.local/lib/python3.8/site-packages/airflow/example_dags/example_skip_dag.py
[2026-08-09T19:55:53.981+0000] {logging_mixin.py:188} INFO - [2026-08-09T19:55:53.981+0000] {dag.py:3036} INFO - Sync 1 DAGs
[2026-08-09T19:55:54.010+0000] {logging_mixin.py:188} INFO - [2026-08-09T19:55:54.010+0000] {dag.py:3823} INFO - Setting next_dagrun for example_skip_dag to 2026-08-08 00:00:00+00:00, run_after=2026-08-09 00:00:00+00:00
[2026-08-09T19:55:54.065+0000] {processor.py:183} INFO - Processing /home/airflow/.local/lib/python3.8/site-packages/airflow/example_dags/example_skip_dag.py took 0.118 seconds
[2026-08-09T19:56:24.339+0000] {processor.py:161} INFO - Started process (PID=559) to work on /home/airflow/.local/lib/python3.8/site-packages/airflow/example_dags/example_skip_dag.py
[2026-08-09T19:56:24.341+0000] {processor.py:830} INFO - Processing file /home/airflow/.local/lib/python3.8/site-packages/airflow/example_dags/example_skip_dag.py for tasks to queue
[2026-08-09T19:56:24.343+0000] {logging_mixin.py:188} INFO - [2026-08-09T19:56:24.343+0000] {dagbag.py:538} INFO - Filling up the DagBag from /home/airflow/.local/lib/python3.8/site-packages/airflow/example_dags/example_skip_dag.py
[2026-08-09T19:56:24.354+0000] {processor.py:840} INFO - DAG(s) 'example_skip_dag' retrieved from /home/airflow/.local/lib/python3.8/site-packages/airflow/example_dags/example_skip_dag.py
[2026-08-09T19:56:24.382+0000] {logging_mixin.py:188} INFO - [2026-08-09T19:56:24.381+0000] {dag.py:3036} INFO - Sync 1 DAGs
[2026-08-09T19:56:24.402+0000] {logging_mixin.py:188} INFO - [2026-08-09T19:56:24.402+0000] {dag.py:3823} INFO - Setting next_dagrun for example_skip_dag to 2026-08-08 00:00:00+00:00, run_after=2026-08-09 00:00:00+00:00
[2026-08-09T19:56:24.541+0000] {processor.py:183} INFO - Processing /home/airflow/.local/lib/python3.8/site-packages/airflow/example_dags/example_skip_dag.py took 0.208 seconds
[2026-08-09T19:56:56.643+0000] {processor.py:161} INFO - Started process (PID=624) to work on /home/airflow/.local/lib/python3.8/site-packages/airflow/example_dags/example_skip_dag.py
[2026-08-09T19:56:56.644+0000] {processor.py:830} INFO - Processing file /home/airflow/.local/lib/python3.8/site-packages/airflow/example_dags/example_skip_dag.py for tasks to queue
[2026-08-09T19:56:56.646+0000] {logging_mixin.py:188} INFO - [2026-08-09T19:56:56.646+0000] {dagbag.py:538} INFO - Filling up the DagBag from /home/airflow/.local/lib/python3.8/site-packages/airflow/example_dags/example_skip_dag.py
[2026-08-09T19:56:56.653+0000] {processor.py:840} INFO - DAG(s) 'example_skip_dag' retrieved from /home/airflow/.local/lib/python3.8/site-packages/airflow/example_dags/example_skip_dag.py
[2026-08-09T19:56:56.678+0000] {logging_mixin.py:188} INFO - [2026-08-09T19:56:56.678+0000] {dag.py:3036} INFO - Sync 1 DAGs
[2026-08-09T19:56:56.700+0000] {logging_mixin.py:188} INFO - [2026-08-09T19:56:56.699+0000] {dag.py:3823} INFO - Setting next_dagrun for example_skip_dag to 2026-08-08 00:00:00+00:00, run_after=2026-08-09 00:00:00+00:00
[2026-08-09T19:56:56.721+0000] {processor.py:183} INFO - Processing /home/airflow/.local/lib/python3.8/site-packages/airflow/example_dags/example_skip_dag.py took 0.082 seconds
[2026-08-09T19:57:27.781+0000] {processor.py:161} INFO - Started process (PID=689) to work on /home/airflow/.local/lib/python3.8/site-packages/airflow/example_dags/example_skip_dag.py
[2026-08-09T19:57:27.783+0000] {processor.py:830} INFO - Processing file /home/airflow/.local/lib/python3.8/site-packages/airflow/example_dags/example_skip_dag.py for tasks to queue
[2026-08-09T19:57:27.785+0000] {logging_mixin.py:188} INFO - [2026-08-09T19:57:27.785+0000] {dagbag.py:538} INFO - Filling up the DagBag from /home/airflow/.local/lib/python3.8/site-packages/airflow/example_dags/example_skip_dag.py
[2026-08-09T19:57:27.797+0000] {processor.py:840} INFO - DAG(s) 'example_skip_dag' retrieved from /home/airflow/.local/lib/python3.8/site-packages/airflow/example_dags/example_skip_dag.py
[2026-08-09T19:57:27.823+0000] {logging_mixin.py:188} INFO - [2026-08-09T19:57:27.822+0000] {dag.py:3036} INFO - Sync 1 DAGs
[2026-08-09T19:57:27.844+0000] {logging_mixin.py:188} INFO - [2026-08-09T19:57:27.844+0000] {dag.py:3823} INFO - Setting next_dagrun for example_skip_dag to 2026-08-08 00:00:00+00:00, run_after=2026-08-09 00:00:00+00:00
[2026-08-09T19:57:27.904+0000] {processor.py:183} INFO - Processing /home/airflow/.local/lib/python3.8/site-packages/airflow/example_dags/example_skip_dag.py took 0.126 seconds
[2026-08-09T19:57:58.755+0000] {processor.py:161} INFO - Started process (PID=758) to work on /home/airflow/.local/lib/python3.8/site-packages/airflow/example_dags/example_skip_dag.py
[2026-08-09T19:57:58.756+0000] {processor.py:830} INFO - Processing file /home/airflow/.local/lib/python3.8/site-packages/airflow/example_dags/example_skip_dag.py for tasks to queue
[2026-08-09T19:57:58.759+0000] {logging_mixin.py:188} INFO - [2026-08-09T19:57:58.759+0000] {dagbag.py:538} INFO - Filling up the DagBag from /home/airflow/.local/lib/python3.8/site-packages/airflow/example_dags/example_skip_dag.py
[2026-08-09T19:57:58.766+0000] {processor.py:840} INFO - DAG(s) 'example_skip_dag' retrieved from /home/airflow/.local/lib/python3.8/site-packages/airflow/example_dags/example_skip_dag.py
[2026-08-09T19:57:58.792+0000] {logging_mixin.py:188} INFO - [2026-08-09T19:57:58.792+0000] {dag.py:3036} INFO - Sync 1 DAGs
[2026-08-09T19:57:58.818+0000] {logging_mixin.py:188} INFO - [2026-08-09T19:57:58.818+0000] {dag.py:3823} INFO - Setting next_dagrun for example_skip_dag to 2026-08-08 00:00:00+00:00, run_after=2026-08-09 00:00:00+00:00
[2026-08-09T19:57:58.880+0000] {processor.py:183} INFO - Processing /home/airflow/.local/lib/python3.8/site-packages/airflow/example_dags/example_skip_dag.py took 0.129 seconds
[2026-08-09T19:58:29.822+0000] {processor.py:161} INFO - Started process (PID=827) to work on /home/airflow/.local/lib/python3.8/site-packages/airflow/example_dags/example_skip_dag.py
[2026-08-09T19:58:29.824+0000] {processor.py:830} INFO - Processing file /home/airflow/.local/lib/python3.8/site-packages/airflow/example_dags/example_skip_dag.py for tasks to queue
[2026-08-09T19:58:29.831+0000] {logging_mixin.py:188} INFO - [2026-08-09T19:58:29.829+0000] {dagbag.py:538} INFO - Filling up the DagBag from /home/airflow/.local/lib/python3.8/site-packages/airflow/example_dags/example_skip_dag.py
[2026-08-09T19:58:29.842+0000] {processor.py:840} INFO - DAG(s) 'example_skip_dag' retrieved from /home/airflow/.local/lib/python3.8/site-packages/airflow/example_dags/example_skip_dag.py
[2026-08-09T19:58:29.886+0000] {logging_mixin.py:188} INFO - [2026-08-09T19:58:29.885+0000] {dag.py:3036} INFO - Sync 1 DAGs
[2026-08-09T19:58:29.930+0000] {logging_mixin.py:188} INFO - [2026-08-09T19:58:29.929+0000] {dag.py:3823} INFO - Setting next_dagrun for example_skip_dag to 2026-08-08 00:00:00+00:00, run_after=2026-08-09 00:00:00+00:00
[2026-08-09T19:58:29.969+0000] {processor.py:183} INFO - Processing /home/airflow/.local/lib/python3.8/site-packages/airflow/example_dags/example_skip_dag.py took 0.153 seconds
[2026-08-09T19:59:00.630+0000] {processor.py:161} INFO - Started process (PID=896) to work on /home/airflow/.local/lib/python3.8/site-packages/airflow/example_dags/example_skip_dag.py
[2026-08-09T19:59:00.632+0000] {processor.py:830} INFO - Processing file /home/airflow/.local/lib/python3.8/site-packages/airflow/example_dags/example_skip_dag.py for tasks to queue
[2026-08-09T19:59:00.637+0000] {logging_mixin.py:188} INFO - [2026-08-09T19:59:00.635+0000] {dagbag.py:538} INFO - Filling up the DagBag from /home/airflow/.local/lib/python3.8/site-packages/airflow/example_dags/example_skip_dag.py
[2026-08-09T19:59:00.649+0000] {processor.py:840} INFO - DAG(s) 'example_skip_dag' retrieved from /home/airflow/.local/lib/python3.8/site-packages/airflow/example_dags/example_skip_dag.py
[2026-08-09T19:59:00.692+0000] {logging_mixin.py:188} INFO - [2026-08-09T19:59:00.692+0000] {dag.py:3036} INFO - Sync 1 DAGs
[2026-08-09T19:59:00.732+0000] {logging_mixin.py:188} INFO - [2026-08-09T19:59:00.732+0000] {dag.py:3823} INFO - Setting next_dagrun for example_skip_dag to 2026-08-08 00:00:00+00:00, run_after=2026-08-09 00:00:00+00:00
[2026-08-09T19:59:00.771+0000] {processor.py:183} INFO - Processing /home/airflow/.local/lib/python3.8/site-packages/airflow/example_dags/example_skip_dag.py took 0.148 seconds
[2026-08-09T19:59:31.950+0000] {processor.py:161} INFO - Started process (PID=965) to work on /home/airflow/.local/lib/python3.8/site-packages/airflow/example_dags/example_skip_dag.py
[2026-08-09T19:59:31.952+0000] {processor.py:830} INFO - Processing file /home/airflow/.local/lib/python3.8/site-packages/airflow/example_dags/example_skip_dag.py for tasks to queue
[2026-08-09T19:59:31.959+0000] {logging_mixin.py:188} INFO - [2026-08-09T19:59:31.958+0000] {dagbag.py:538} INFO - Filling up the DagBag from /home/airflow/.local/lib/python3.8/site-packages/airflow/example_dags/example_skip_dag.py
[2026-08-09T19:59:31.974+0000] {processor.py:840} INFO - DAG(s) 'example_skip_dag' retrieved from /home/airflow/.local/lib/python3.8/site-packages/airflow/example_dags/example_skip_dag.py
[2026-08-09T19:59:32.011+0000] {logging_mixin.py:188} INFO - [2026-08-09T19:59:32.011+0000] {dag.py:3036} INFO - Sync 1 DAGs
[2026-08-09T19:59:32.047+0000] {logging_mixin.py:188} INFO - [2026-08-09T19:59:32.047+0000] {dag.py:3823} INFO - Setting next_dagrun for example_skip_dag to 2026-08-08 00:00:00+00:00, run_after=2026-08-09 00:00:00+00:00
[2026-08-09T19:59:32.077+0000] {processor.py:183} INFO - Processing /home/airflow/.local/lib/python3.8/site-packages/airflow/example_dags/example_skip_dag.py took 0.133 seconds
[2026-08-09T20:00:03.397+0000] {processor.py:161} INFO - Started process (PID=1034) to work on /home/airflow/.local/lib/python3.8/site-packages/airflow/example_dags/example_skip_dag.py
[2026-08-09T20:00:03.399+0000] {processor.py:830} INFO - Processing file /home/airflow/.local/lib/python3.8/site-packages/airflow/example_dags/example_skip_dag.py for tasks to queue
[2026-08-09T20:00:03.403+0000] {logging_mixin.py:188} INFO - [2026-08-09T20:00:03.401+0000] {dagbag.py:538} INFO - Filling up the DagBag from /home/airflow/.local/lib/python3.8/site-packages/airflow/example_dags/example_skip_dag.py
[2026-08-09T20:00:03.417+0000] {processor.py:840} INFO - DAG(s) 'example_skip_dag' retrieved from /home/airflow/.local/lib/python3.8/site-packages/airflow/example_dags/example_skip_dag.py
[2026-08-09T20:00:03.455+0000] {logging_mixin.py:188} INFO - [2026-08-09T20:00:03.454+0000] {dag.py:3036} INFO - Sync 1 DAGs
[2026-08-09T20:00:03.490+0000] {logging_mixin.py:188} INFO - [2026-08-09T20:00:03.490+0000] {dag.py:3823} INFO - Setting next_dagrun for example_skip_dag to 2026-08-08 00:00:00+00:00, run_after=2026-08-09 00:00:00+00:00
[2026-08-09T20:00:03.524+0000] {processor.py:183} INFO - Processing /home/airflow/.local/lib/python3.8/site-packages/airflow/example_dags/example_skip_dag.py took 0.134 seconds
[2026-08-09T20:00:35.596+0000] {processor.py:161} INFO - Started process (PID=1103) to work on /home/airflow/.local/lib/python3.8/site-packages/airflow/example_dags/example_skip_dag.py
[2026-08-09T20:00:35.598+0000] {processor.py:830} INFO - Processing file /home/airflow/.local/lib/python3.8/site-packages/airflow/example_dags/example_skip_dag.py for tasks to queue
[2026-08-09T20:00:35.601+0000] {logging_mixin.py:188} INFO - [2026-08-09T20:00:35.601+0000] {dagbag.py:538} INFO - Filling up the DagBag from /home/airflow/.local/lib/python3.8/site-packages/airflow/example_dags/example_skip_dag.py
[2026-08-09T20:00:35.611+0000] {processor.py:840} INFO - DAG(s) 'example_skip_dag' retrieved from /home/airflow/.local/lib/python3.8/site-packages/airflow/example_dags/example_skip_dag.py
[2026-08-09T20:00:35.647+0000] {logging_mixin.py:188} INFO - [2026-08-09T20:00:35.646+0000] {dag.py:3036} INFO - Sync 1 DAGs
[2026-08-09T20:00:35.690+0000] {logging_mixin.py:188} INFO - [2026-08-09T20:00:35.689+0000] {dag.py:3823} INFO - Setting next_dagrun for example_skip_dag to 2026-08-08 00:00:00+00:00, run_after=2026-08-09 00:00:00+00:00
[2026-08-09T20:00:35.724+0000] {processor.py:183} INFO - Processing /home/airflow/.local/lib/python3.8/site-packages/airflow/example_dags/example_skip_dag.py took 0.134 seconds
[2026-08-09T20:01:07.165+0000] {processor.py:161} INFO - Started process (PID=1172) to work on /home/airflow/.local/lib/python3.8/site-packages/airflow/example_dags/example_skip_dag.py
[2026-08-09T20:01:07.168+0000] {processor.py:830} INFO - Processing file /home/airflow/.local/lib/python3.8/site-packages/airflow/example_dags/example_skip_dag.py for tasks to queue
[2026-08-09T20:01:07.173+0000] {logging_mixin.py:188} INFO - [2026-08-09T20:01:07.173+0000] {dagbag.py:538} INFO - Filling up the DagBag from /home/airflow/.local/lib/python3.8/site-packages/airflow/example_dags/example_skip_dag.py
[2026-08-09T20:01:07.184+0000] {processor.py:840} INFO - DAG(s) 'example_skip_dag' retrieved from /home/airflow/.local/lib/python3.8/site-packages/airflow/example_dags/example_skip_dag.py
[2026-08-09T20:01:07.217+0000] {logging_mixin.py:188} INFO - [2026-08-09T20:01:07.217+0000] {dag.py:3036} INFO - Sync 1 DAGs
[2026-08-09T20:01:07.258+0000] {logging_mixin.py:188} INFO - [2026-08-09T20:01:07.257+0000] {dag.py:3823} INFO - Setting next_dagrun for example_skip_dag to 2026-08-08 00:00:00+00:00, run_after=2026-08-09 00:00:00+00:00
[2026-08-09T20:01:07.301+0000] {processor.py:183} INFO - Processing /home/airflow/.local/lib/python3.8/site-packages/airflow/example_dags/example_skip_dag.py took 0.143 seconds
[2026-08-09T20:01:37.491+0000] {processor.py:161} INFO - Started process (PID=1241) to work on /home/airflow/.local/lib/python3.8/site-packages/airflow/example_dags/example_skip_dag.py
[2026-08-09T20:01:37.494+0000] {processor.py:830} INFO - Processing file /home/airflow/.local/lib/python3.8/site-packages/airflow/example_dags/example_skip_dag.py for tasks to queue
[2026-08-09T20:01:37.499+0000] {logging_mixin.py:188} INFO - [2026-08-09T20:01:37.498+0000] {dagbag.py:538} INFO - Filling up the DagBag from /home/airflow/.local/lib/python3.8/site-packages/airflow/example_dags/example_skip_dag.py
[2026-08-09T20:01:37.512+0000] {processor.py:840} INFO - DAG(s) 'example_skip_dag' retrieved from /home/airflow/.local/lib/python3.8/site-packages/airflow/example_dags/example_skip_dag.py
[2026-08-09T20:01:37.566+0000] {logging_mixin.py:188} INFO - [2026-08-09T20:01:37.565+0000] {dag.py:3036} INFO - Sync 1 DAGs
[2026-08-09T20:01:37.619+0000] {logging_mixin.py:188} INFO - [2026-08-09T20:01:37.618+0000] {dag.py:3823} INFO - Setting next_dagrun for example_skip_dag to 2026-08-08 00:00:00+00:00, run_after=2026-08-09 00:00:00+00:00
[2026-08-09T20:01:37.665+0000] {processor.py:183} INFO - Processing /home/airflow/.local/lib/python3.8/site-packages/airflow/example_dags/example_skip_dag.py took 0.181 seconds
[2026-08-09T20:02:09.585+0000] {processor.py:161} INFO - Started process (PID=1310) to work on /home/airflow/.local/lib/python3.8/site-packages/airflow/example_dags/example_skip_dag.py
[2026-08-09T20:02:09.586+0000] {processor.py:830} INFO - Processing file /home/airflow/.local/lib/python3.8/site-packages/airflow/example_dags/example_skip_dag.py for tasks to queue
[2026-08-09T20:02:09.592+0000] {logging_mixin.py:188} INFO - [2026-08-09T20:02:09.591+0000] {dagbag.py:538} INFO - Filling up the DagBag from /home/airflow/.local/lib/python3.8/site-packages/airflow/example_dags/example_skip_dag.py
[2026-08-09T20:02:09.606+0000] {processor.py:840} INFO - DAG(s) 'example_skip_dag' retrieved from /home/airflow/.local/lib/python3.8/site-packages/airflow/example_dags/example_skip_dag.py
[2026-08-09T20:02:09.646+0000] {logging_mixin.py:188} INFO - [2026-08-09T20:02:09.646+0000] {dag.py:3036} INFO - Sync 1 DAGs
[2026-08-09T20:02:09.685+0000] {logging_mixin.py:188} INFO - [2026-08-09T20:02:09.685+0000] {dag.py:3823} INFO - Setting next_dagrun for example_skip_dag to 2026-08-08 00:00:00+00:00, run_after=2026-08-09 00:00:00+00:00
[2026-08-09T20:02:09.727+0000] {processor.py:183} INFO - Processing /home/airflow/.local/lib/python3.8/site-packages/airflow/example_dags/example_skip_dag.py took 0.148 seconds
[2026-08-09T20:02:41.001+0000] {processor.py:161} INFO - Started process (PID=1379) to work on /home/airflow/.local/lib/python3.8/site-packages/airflow/example_dags/example_skip_dag.py
[2026-08-09T20:02:41.003+0000] {processor.py:830} INFO - Processing file /home/airflow/.local/lib/python3.8/site-packages/airflow/example_dags/example_skip_dag.py for tasks to queue
[2026-08-09T20:02:41.006+0000] {logging_mixin.py:188} INFO - [2026-08-09T20:02:41.005+0000] {dagbag.py:538} INFO - Filling up the DagBag from /home/airflow/.local/lib/python3.8/site-packages/airflow/example_dags/example_skip_dag.py
[2026-08-09T20:02:41.016+0000] {processor.py:840} INFO - DAG(s) 'example_skip_dag' retrieved from /home/airflow/.local/lib/python3.8/site-packages/airflow/example_dags/example_skip_dag.py
[2026-08-09T20:02:41.056+0000] {logging_mixin.py:188} INFO - [2026-08-09T20:02:41.056+0000] {dag.py:3036} INFO - Sync 1 DAGs
[2026-08-09T20:02:41.094+0000] {logging_mixin.py:188} INFO - [2026-08-09T20:02:41.094+0000] {dag.py:3823} INFO - Setting next_dagrun for example_skip_dag to 2026-08-08 00:00:00+00:00, run_after=2026-08-09 00:00:00+00:00
[2026-08-09T20:02:41.146+0000] {processor.py:183} INFO - Processing /home/airflow/.local/lib/python3.8/site-packages/airflow/example_dags/example_skip_dag.py took 0.151 seconds
[2026-08-09T20:03:13.013+0000] {processor.py:161} INFO - Started process (PID=1455) to work on /home/airflow/.local/lib/python3.8/site-packages/airflow/example_dags/example_skip_dag.py
[2026-08-09T20:03:13.016+0000] {processor.py:830} INFO - Processing file /home/airflow/.local/lib/python3.8/site-packages/airflow/example_dags/example_skip_dag.py for tasks to queue
[2026-08-09T20:03:13.019+0000] {logging_mixin.py:188} INFO - [2026-08-09T20:03:13.019+0000] {dagbag.py:538} INFO - Filling up the DagBag from /home/airflow/.local/lib/python3.8/site-packages/airflow/example_dags/example_skip_dag.py
[2026-08-09T20:03:13.028+0000] {processor.py:840} INFO - DAG(s) 'example_skip_dag' retrieved from /home/airflow/.local/lib/python3.8/site-packages/airflow/example_dags/example_skip_dag.py
[2026-08-09T20:03:13.054+0000] {logging_mixin.py:188} INFO - [2026-08-09T20:03:13.054+0000] {dag.py:3036} INFO - Sync 1 DAGs
[2026-08-09T20:03:13.086+0000] {logging_mixin.py:188} INFO - [2026-08-09T20:03:13.085+0000] {dag.py:3823} INFO - Setting next_dagrun for example_skip_dag to 2026-08-08 00:00:00+00:00, run_after=2026-08-09 00:00:00+00:00
[2026-08-09T20:03:13.120+0000] {processor.py:183} INFO - Processing /home/airflow/.local/lib/python3.8/site-packages/airflow/example_dags/example_skip_dag.py took 0.113 seconds
[2026-08-09T20:03:48.214+0000] {processor.py:161} INFO - Started process (PID=1536) to work on /home/airflow/.local/lib/python3.8/site-packages/airflow/example_dags/example_skip_dag.py
[2026-08-09T20:03:48.218+0000] {processor.py:830} INFO - Processing file /home/airflow/.local/lib/python3.8/site-packages/airflow/example_dags/example_skip_dag.py for tasks to queue
[2026-08-09T20:03:48.227+0000] {logging_mixin.py:188} INFO - [2026-08-09T20:03:48.225+0000] {dagbag.py:538} INFO - Filling up the DagBag from /home/airflow/.local/lib/python3.8/site-packages/airflow/example_dags/example_skip_dag.py
[2026-08-09T20:03:48.242+0000] {processor.py:840} INFO - DAG(s) 'example_skip_dag' retrieved from /home/airflow/.local/lib/python3.8/site-packages/airflow/example_dags/example_skip_dag.py
[2026-08-09T20:03:48.294+0000] {logging_mixin.py:188} INFO - [2026-08-09T20:03:48.293+0000] {dag.py:3036} INFO - Sync 1 DAGs
[2026-08-09T20:03:48.362+0000] {logging_mixin.py:188} INFO - [2026-08-09T20:03:48.361+0000] {dag.py:3823} INFO - Setting next_dagrun for example_skip_dag to 2026-08-08 00:00:00+00:00, run_after=2026-08-09 00:00:00+00:00
[2026-08-09T20:03:48.420+0000] {processor.py:183} INFO - Processing /home/airflow/.local/lib/python3.8/site-packages/airflow/example_dags/example_skip_dag.py took 0.216 seconds
[2026-08-09T20:04:18.735+0000] {processor.py:161} INFO - Started process (PID=1613) to work on /home/airflow/.local/lib/python3.8/site-packages/airflow/example_dags/example_skip_dag.py
[2026-08-09T20:04:18.737+0000] {processor.py:830} INFO - Processing file /home/airflow/.local/lib/python3.8/site-packages/airflow/example_dags/example_skip_dag.py for tasks to queue
[2026-08-09T20:04:18.739+0000] {logging_mixin.py:188} INFO - [2026-08-09T20:04:18.739+0000] {dagbag.py:538} INFO - Filling up the DagBag from /home/airflow/.local/lib/python3.8/site-packages/airflow/example_dags/example_skip_dag.py
[2026-08-09T20:04:18.747+0000] {processor.py:840} INFO - DAG(s) 'example_skip_dag' retrieved from /home/airflow/.local/lib/python3.8/site-packages/airflow/example_dags/example_skip_dag.py
[2026-08-09T20:04:18.778+0000] {logging_mixin.py:188} INFO - [2026-08-09T20:04:18.778+0000] {dag.py:3036} INFO - Sync 1 DAGs
[2026-08-09T20:04:18.821+0000] {logging_mixin.py:188} INFO - [2026-08-09T20:04:18.820+0000] {dag.py:3823} INFO - Setting next_dagrun for example_skip_dag to 2026-08-08 00:00:00+00:00, run_after=2026-08-09 00:00:00+00:00
[2026-08-09T20:04:18.870+0000] {processor.py:183} INFO - Processing /home/airflow/.local/lib/python3.8/site-packages/airflow/example_dags/example_skip_dag.py took 0.139 seconds
[2026-08-09T20:04:49.273+0000] {processor.py:161} INFO - Started process (PID=1682) to work on /home/airflow/.local/lib/python3.8/site-packages/airflow/example_dags/example_skip_dag.py
[2026-08-09T20:04:49.275+0000] {processor.py:830} INFO - Processing file /home/airflow/.local/lib/python3.8/site-packages/airflow/example_dags/example_skip_dag.py for tasks to queue
[2026-08-09T20:04:49.277+0000] {logging_mixin.py:188} INFO - [2026-08-09T20:04:49.276+0000] {dagbag.py:538} INFO - Filling up the DagBag from /home/airflow/.local/lib/python3.8/site-packages/airflow/example_dags/example_skip_dag.py
[2026-08-09T20:04:49.283+0000] {processor.py:840} INFO - DAG(s) 'example_skip_dag' retrieved from /home/airflow/.local/lib/python3.8/site-packages/airflow/example_dags/example_skip_dag.py
[2026-08-09T20:04:49.305+0000] {logging_mixin.py:188} INFO - [2026-08-09T20:04:49.305+0000] {dag.py:3036} INFO - Sync 1 DAGs
[2026-08-09T20:04:49.325+0000] {logging_mixin.py:188} INFO - [2026-08-09T20:04:49.325+0000] {dag.py:3823} INFO - Setting next_dagrun for example_skip_dag to 2026-08-08 00:00:00+00:00, run_after=2026-08-09 00:00:00+00:00
[2026-08-09T20:04:49.343+0000] {processor.py:183} INFO - Processing /home/airflow/.local/lib/python3.8/site-packages/airflow/example_dags/example_skip_dag.py took 0.074 seconds
[2026-08-09T20:05:19.930+0000] {processor.py:161} INFO - Started process (PID=1751) to work on /home/airflow/.local/lib/python3.8/site-packages/airflow/example_dags/example_skip_dag.py
[2026-08-09T20:05:19.931+0000] {processor.py:830} INFO - Processing file /home/airflow/.local/lib/python3.8/site-packages/airflow/example_dags/example_skip_dag.py for tasks to queue
[2026-08-09T20:05:19.933+0000] {logging_mixin.py:188} INFO - [2026-08-09T20:05:19.932+0000] {dagbag.py:538} INFO - Filling up the DagBag from /home/airflow/.local/lib/python3.8/site-packages/airflow/example_dags/example_skip_dag.py
[2026-08-09T20:05:19.941+0000] {processor.py:840} INFO - DAG(s) 'example_skip_dag' retrieved from /home/airflow/.local/lib/python3.8/site-packages/airflow/example_dags/example_skip_dag.py
[2026-08-09T20:05:19.967+0000] {logging_mixin.py:188} INFO - [2026-08-09T20:05:19.966+0000] {dag.py:3036} INFO - Sync 1 DAGs
[2026-08-09T20:05:19.987+0000] {logging_mixin.py:188} INFO - [2026-08-09T20:05:19.987+0000] {dag.py:3823} INFO - Setting next_dagrun for example_skip_dag to 2026-08-08 00:00:00+00:00, run_after=2026-08-09 00:00:00+00:00
[2026-08-09T20:05:20.007+0000] {processor.py:183} INFO - Processing /home/airflow/.local/lib/python3.8/site-packages/airflow/example_dags/example_skip_dag.py took 0.081 seconds
[2026-08-09T20:05:50.570+0000] {processor.py:161} INFO - Started process (PID=1820) to work on /home/airflow/.local/lib/python3.8/site-packages/airflow/example_dags/example_skip_dag.py
[2026-08-09T20:05:50.571+0000] {processor.py:830} INFO - Processing file /home/airflow/.local/lib/python3.8/site-packages/airflow/example_dags/example_skip_dag.py for tasks to queue
[2026-08-09T20:05:50.575+0000] {logging_mixin.py:188} INFO - [2026-08-09T20:05:50.575+0000] {dagbag.py:538} INFO - Filling up the DagBag from /home/airflow/.local/lib/python3.8/site-packages/airflow/example_dags/example_skip_dag.py
[2026-08-09T20:05:50.587+0000] {processor.py:840} INFO - DAG(s) 'example_skip_dag' retrieved from /home/airflow/.local/lib/python3.8/site-packages/airflow/example_dags/example_skip_dag.py
[2026-08-09T20:05:50.619+0000] {logging_mixin.py:188} INFO - [2026-08-09T20:05:50.619+0000] {dag.py:3036} INFO - Sync 1 DAGs
[2026-08-09T20:05:50.647+0000] {logging_mixin.py:188} INFO - [2026-08-09T20:05:50.646+0000] {dag.py:3823} INFO - Setting next_dagrun for example_skip_dag to 2026-08-08 00:00:00+00:00, run_after=2026-08-09 00:00:00+00:00
[2026-08-09T20:05:50.679+0000] {processor.py:183} INFO - Processing /home/airflow/.local/lib/python3.8/site-packages/airflow/example_dags/example_skip_dag.py took 0.114 seconds
[2026-08-09T20:06:20.931+0000] {processor.py:161} INFO - Started process (PID=1889) to work on /home/airflow/.local/lib/python3.8/site-packages/airflow/example_dags/example_skip_dag.py
[2026-08-09T20:06:20.933+0000] {processor.py:830} INFO - Processing file /home/airflow/.local/lib/python3.8/site-packages/airflow/example_dags/example_skip_dag.py for tasks to queue
[2026-08-09T20:06:20.936+0000] {logging_mixin.py:188} INFO - [2026-08-09T20:06:20.936+0000] {dagbag.py:538} INFO - Filling up the DagBag from /home/airflow/.local/lib/python3.8/site-packages/airflow/example_dags/example_skip_dag.py
[2026-08-09T20:06:20.946+0000] {processor.py:840} INFO - DAG(s) 'example_skip_dag' retrieved from /home/airflow/.local/lib/python3.8/site-packages/airflow/example_dags/example_skip_dag.py
[2026-08-09T20:06:20.973+0000] {logging_mixin.py:188} INFO - [2026-08-09T20:06:20.973+0000] {dag.py:3036} INFO - Sync 1 DAGs
[2026-08-09T20:06:21.000+0000] {logging_mixin.py:188} INFO - [2026-08-09T20:06:21.000+0000] {dag.py:3823} INFO - Setting next_dagrun for example_skip_dag to 2026-08-08 00:00:00+00:00, run_after=2026-08-09 00:00:00+00:00
[2026-08-09T20:06:21.026+0000] {processor.py:183} INFO - Processing /home/airflow/.local/lib/python3.8/site-packages/airflow/example_dags/example_skip_dag.py took 0.099 seconds
[2026-08-09T20:06:51.160+0000] {processor.py:161} INFO - Started process (PID=1958) to work on /home/airflow/.local/lib/python3.8/site-packages/airflow/example_dags/example_skip_dag.py
[2026-08-09T20:06:51.162+0000] {processor.py:830} INFO - Processing file /home/airflow/.local/lib/python3.8/site-packages/airflow/example_dags/example_skip_dag.py for tasks to queue
[2026-08-09T20:06:51.165+0000] {logging_mixin.py:188} INFO - [2026-08-09T20:06:51.165+0000] {dagbag.py:538} INFO - Filling up the DagBag from /home/airflow/.local/lib/python3.8/site-packages/airflow/example_dags/example_skip_dag.py
[2026-08-09T20:06:51.176+0000] {processor.py:840} INFO - DAG(s) 'example_skip_dag' retrieved from /home/airflow/.local/lib/python3.8/site-packages/airflow/example_dags/example_skip_dag.py
[2026-08-09T20:06:51.202+0000] {logging_mixin.py:188} INFO - [2026-08-09T20:06:51.202+0000] {dag.py:3036} INFO - Sync 1 DAGs
[2026-08-09T20:06:51.228+0000] {logging_mixin.py:188} INFO - [2026-08-09T20:06:51.228+0000] {dag.py:3823} INFO - Setting next_dagrun for example_skip_dag to 2026-08-08 00:00:00+00:00, run_after=2026-08-09 00:00:00+00:00
[2026-08-09T20:06:51.250+0000] {processor.py:183} INFO - Processing /home/airflow/.local/lib/python3.8/site-packages/airflow/example_dags/example_skip_dag.py took 0.096 seconds
[2026-08-09T20:07:21.504+0000] {processor.py:161} INFO - Started process (PID=2027) to work on /home/airflow/.local/lib/python3.8/site-packages/airflow/example_dags/example_skip_dag.py
[2026-08-09T20:07:21.506+0000] {processor.py:830} INFO - Processing file /home/airflow/.local/lib/python3.8/site-packages/airflow/example_dags/example_skip_dag.py for tasks to queue
[2026-08-09T20:07:21.509+0000] {logging_mixin.py:188} INFO - [2026-08-09T20:07:21.508+0000] {dagbag.py:538} INFO - Filling up the DagBag from /home/airflow/.local/lib/python3.8/site-packages/airflow/example_dags/example_skip_dag.py
[2026-08-09T20:07:21.520+0000] {processor.py:840} INFO - DAG(s) 'example_skip_dag' retrieved from /home/airflow/.local/lib/python3.8/site-packages/airflow/example_dags/example_skip_dag.py
[2026-08-09T20:07:21.556+0000] {logging_mixin.py:188} INFO - [2026-08-09T20:07:21.556+0000] {dag.py:3036} INFO - Sync 1 DAGs
[2026-08-09T20:07:21.591+0000] {logging_mixin.py:188} INFO - [2026-08-09T20:07:21.591+0000] {dag.py:3823} INFO - Setting next_dagrun for example_skip_dag to 2026-08-08 00:00:00+00:00, run_after=2026-08-09 00:00:00+00:00
[2026-08-09T20:07:21.623+0000] {processor.py:183} INFO - Processing /home/airflow/.local/lib/python3.8/site-packages/airflow/example_dags/example_skip_dag.py took 0.125 seconds
[2026-08-09T20:07:53.092+0000] {processor.py:161} INFO - Started process (PID=2096) to work on /home/airflow/.local/lib/python3.8/site-packages/airflow/example_dags/example_skip_dag.py
[2026-08-09T20:07:53.094+0000] {processor.py:830} INFO - Processing file /home/airflow/.local/lib/python3.8/site-packages/airflow/example_dags/example_skip_dag.py for tasks to queue
[2026-08-09T20:07:53.096+0000] {logging_mixin.py:188} INFO - [2026-08-09T20:07:53.096+0000] {dagbag.py:538} INFO - Filling up the DagBag from /home/airflow/.local/lib/python3.8/site-packages/airflow/example_dags/example_skip_dag.py
[2026-08-09T20:07:53.106+0000] {processor.py:840} INFO - DAG(s) 'example_skip_dag' retrieved from /home/airflow/.local/lib/python3.8/site-packages/airflow/example_dags/example_skip_dag.py
[2026-08-09T20:07:53.133+0000] {logging_mixin.py:188} INFO - [2026-08-09T20:07:53.132+0000] {dag.py:3036} INFO - Sync 1 DAGs
[2026-08-09T20:07:53.175+0000] {logging_mixin.py:188} INFO - [2026-08-09T20:07:53.175+0000] {dag.py:3823} INFO - Setting next_dagrun for example_skip_dag to 2026-08-08 00:00:00+00:00, run_after=2026-08-09 00:00:00+00:00
[2026-08-09T20:07:53.208+0000] {processor.py:183} INFO - Processing /home/airflow/.local/lib/python3.8/site-packages/airflow/example_dags/example_skip_dag.py took 0.121 seconds
[2026-08-09T20:08:24.121+0000] {processor.py:161} INFO - Started process (PID=2165) to work on /home/airflow/.local/lib/python3.8/site-packages/airflow/example_dags/example_skip_dag.py
[2026-08-09T20:08:24.123+0000] {processor.py:830} INFO - Processing file /home/airflow/.local/lib/python3.8/site-packages/airflow/example_dags/example_skip_dag.py for tasks to queue
[2026-08-09T20:08:24.127+0000] {logging_mixin.py:188} INFO - [2026-08-09T20:08:24.126+0000] {dagbag.py:538} INFO - Filling up the DagBag from /home/airflow/.local/lib/python3.8/site-packages/airflow/example_dags/example_skip_dag.py
[2026-08-09T20:08:24.139+0000] {processor.py:840} INFO - DAG(s) 'example_skip_dag' retrieved from /home/airflow/.local/lib/python3.8/site-packages/airflow/example_dags/example_skip_dag.py
[2026-08-09T20:08:24.180+0000] {logging_mixin.py:188} INFO - [2026-08-09T20:08:24.180+0000] {dag.py:3036} INFO - Sync 1 DAGs
[2026-08-09T20:08:24.216+0000] {logging_mixin.py:188} INFO - [2026-08-09T20:08:24.216+0000] {dag.py:3823} INFO - Setting next_dagrun for example_skip_dag to 2026-08-08 00:00:00+00:00, run_after=2026-08-09 00:00:00+00:00
[2026-08-09T20:08:24.252+0000] {processor.py:183} INFO - Processing /home/airflow/.local/lib/python3.8/site-packages/airflow/example_dags/example_skip_dag.py took 0.134 seconds
[2026-08-09T20:08:54.895+0000] {processor.py:161} INFO - Started process (PID=2234) to work on /home/airflow/.local/lib/python3.8/site-packages/airflow/example_dags/example_skip_dag.py
[2026-08-09T20:08:54.897+0000] {processor.py:830} INFO - Processing file /home/airflow/.local/lib/python3.8/site-packages/airflow/example_dags/example_skip_dag.py for tasks to queue
[2026-08-09T20:08:54.900+0000] {logging_mixin.py:188} INFO - [2026-08-09T20:08:54.899+0000] {dagbag.py:538} INFO - Filling up the DagBag from /home/airflow/.local/lib/python3.8/site-packages/airflow/example_dags/example_skip_dag.py
[2026-08-09T20:08:54.912+0000] {processor.py:840} INFO - DAG(s) 'example_skip_dag' retrieved from /home/airflow/.local/lib/python3.8/site-packages/airflow/example_dags/example_skip_dag.py
[2026-08-09T20:08:54.943+0000] {logging_mixin.py:188} INFO - [2026-08-09T20:08:54.943+0000] {dag.py:3036} INFO - Sync 1 DAGs
[2026-08-09T20:08:54.973+0000] {logging_mixin.py:188} INFO - [2026-08-09T20:08:54.972+0000] {dag.py:3823} INFO - Setting next_dagrun for example_skip_dag to 2026-08-08 00:00:00+00:00, run_after=2026-08-09 00:00:00+00:00
[2026-08-09T20:08:55.002+0000] {processor.py:183} INFO - Processing /home/airflow/.local/lib/python3.8/site-packages/airflow/example_dags/example_skip_dag.py took 0.110 seconds
[2026-08-09T20:09:26.603+0000] {processor.py:161} INFO - Started process (PID=2303) to work on /home/airflow/.local/lib/python3.8/site-packages/airflow/example_dags/example_skip_dag.py
[2026-08-09T20:09:26.605+0000] {processor.py:830} INFO - Processing file /home/airflow/.local/lib/python3.8/site-packages/airflow/example_dags/example_skip_dag.py for tasks to queue
[2026-08-09T20:09:26.609+0000] {logging_mixin.py:188} INFO - [2026-08-09T20:09:26.608+0000] {dagbag.py:538} INFO - Filling up the DagBag from /home/airflow/.local/lib/python3.8/site-packages/airflow/example_dags/example_skip_dag.py
[2026-08-09T20:09:26.626+0000] {processor.py:840} INFO - DAG(s) 'example_skip_dag' retrieved from /home/airflow/.local/lib/python3.8/site-packages/airflow/example_dags/example_skip_dag.py
[2026-08-09T20:09:26.680+0000] {logging_mixin.py:188} INFO - [2026-08-09T20:09:26.679+0000] {dag.py:3036} INFO - Sync 1 DAGs
[2026-08-09T20:09:26.724+0000] {logging_mixin.py:188} INFO - [2026-08-09T20:09:26.724+0000] {dag.py:3823} INFO - Setting next_dagrun for example_skip_dag to 2026-08-08 00:00:00+00:00, run_after=2026-08-09 00:00:00+00:00
[2026-08-09T20:09:27.275+0000] {processor.py:183} INFO - Processing /home/airflow/.local/lib/python3.8/site-packages/airflow/example_dags/example_skip_dag.py took 0.678 seconds
[2026-08-09T20:09:58.146+0000] {processor.py:161} INFO - Started process (PID=2380) to work on /home/airflow/.local/lib/python3.8/site-packages/airflow/example_dags/example_skip_dag.py
[2026-08-09T20:09:58.148+0000] {processor.py:830} INFO - Processing file /home/airflow/.local/lib/python3.8/site-packages/airflow/example_dags/example_skip_dag.py for tasks to queue
[2026-08-09T20:09:58.151+0000] {logging_mixin.py:188} INFO - [2026-08-09T20:09:58.151+0000] {dagbag.py:538} INFO - Filling up the DagBag from /home/airflow/.local/lib/python3.8/site-packages/airflow/example_dags/example_skip_dag.py
[2026-08-09T20:09:58.159+0000] {processor.py:840} INFO - DAG(s) 'example_skip_dag' retrieved from /home/airflow/.local/lib/python3.8/site-packages/airflow/example_dags/example_skip_dag.py
[2026-08-09T20:09:58.175+0000] {logging_mixin.py:188} INFO - [2026-08-09T20:09:58.175+0000] {dag.py:3036} INFO - Sync 1 DAGs
[2026-08-09T20:09:58.199+0000] {logging_mixin.py:188} INFO - [2026-08-09T20:09:58.199+0000] {dag.py:3823} INFO - Setting next_dagrun for example_skip_dag to 2026-08-08 00:00:00+00:00, run_after=2026-08-09 00:00:00+00:00
[2026-08-09T20:09:58.224+0000] {processor.py:183} INFO - Processing /home/airflow/.local/lib/python3.8/site-packages/airflow/example_dags/example_skip_dag.py took 0.082 seconds
[2026-08-09T20:10:32.267+0000] {processor.py:161} INFO - Started process (PID=2449) to work on /home/airflow/.local/lib/python3.8/site-packages/airflow/example_dags/example_skip_dag.py
[2026-08-09T20:10:32.268+0000] {processor.py:830} INFO - Processing file /home/airflow/.local/lib/python3.8/site-packages/airflow/example_dags/example_skip_dag.py for tasks to queue
[2026-08-09T20:10:32.270+0000] {logging_mixin.py:188} INFO - [2026-08-09T20:10:32.270+0000] {dagbag.py:538} INFO - Filling up the DagBag from /home/airflow/.local/lib/python3.8/site-packages/airflow/example_dags/example_skip_dag.py
[2026-08-09T20:10:32.281+0000] {processor.py:840} INFO - DAG(s) 'example_skip_dag' retrieved from /home/airflow/.local/lib/python3.8/site-packages/airflow/example_dags/example_skip_dag.py
[2026-08-09T20:10:32.410+0000] {logging_mixin.py:188} INFO - [2026-08-09T20:10:32.409+0000] {dag.py:3036} INFO - Sync 1 DAGs
[2026-08-09T20:10:32.626+0000] {logging_mixin.py:188} INFO - [2026-08-09T20:10:32.626+0000] {dag.py:3823} INFO - Setting next_dagrun for example_skip_dag to 2026-08-08 00:00:00+00:00, run_after=2026-08-09 00:00:00+00:00
[2026-08-09T20:10:32.660+0000] {processor.py:183} INFO - Processing /home/airflow/.local/lib/python3.8/site-packages/airflow/example_dags/example_skip_dag.py took 0.398 seconds
[2026-08-09T20:11:03.424+0000] {processor.py:161} INFO - Started process (PID=2518) to work on /home/airflow/.local/lib/python3.8/site-packages/airflow/example_dags/example_skip_dag.py
[2026-08-09T20:11:03.425+0000] {processor.py:830} INFO - Processing file /home/airflow/.local/lib/python3.8/site-packages/airflow/example_dags/example_skip_dag.py for tasks to queue
[2026-08-09T20:11:03.428+0000] {logging_mixin.py:188} INFO - [2026-08-09T20:11:03.427+0000] {dagbag.py:538} INFO - Filling up the DagBag from /home/airflow/.local/lib/python3.8/site-packages/airflow/example_dags/example_skip_dag.py
[2026-08-09T20:11:03.440+0000] {processor.py:840} INFO - DAG(s) 'example_skip_dag' retrieved from /home/airflow/.local/lib/python3.8/site-packages/airflow/example_dags/example_skip_dag.py
[2026-08-09T20:11:03.475+0000] {logging_mixin.py:188} INFO - [2026-08-09T20:11:03.475+0000] {dag.py:3036} INFO - Sync 1 DAGs
[2026-08-09T20:11:03.518+0000] {logging_mixin.py:188} INFO - [2026-08-09T20:11:03.518+0000] {dag.py:3823} INFO - Setting next_dagrun for example_skip_dag to 2026-08-08 00:00:00+00:00, run_after=2026-08-09 00:00:00+00:00
[2026-08-09T20:11:03.551+0000] {processor.py:183} INFO - Processing /home/airflow/.local/lib/python3.8/site-packages/airflow/example_dags/example_skip_dag.py took 0.131 seconds
[2026-08-09T20:11:37.165+0000] {processor.py:161} INFO - Started process (PID=2587) to work on /home/airflow/.local/lib/python3.8/site-packages/airflow/example_dags/example_skip_dag.py
[2026-08-09T20:11:37.166+0000] {processor.py:830} INFO - Processing file /home/airflow/.local/lib/python3.8/site-packages/airflow/example_dags/example_skip_dag.py for tasks to queue
[2026-08-09T20:11:37.169+0000] {logging_mixin.py:188} INFO - [2026-08-09T20:11:37.168+0000] {dagbag.py:538} INFO - Filling up the DagBag from /home/airflow/.local/lib/python3.8/site-packages/airflow/example_dags/example_skip_dag.py
[2026-08-09T20:11:37.175+0000] {processor.py:840} INFO - DAG(s) 'example_skip_dag' retrieved from /home/airflow/.local/lib/python3.8/site-packages/airflow/example_dags/example_skip_dag.py
[2026-08-09T20:11:37.198+0000] {logging_mixin.py:188} INFO - [2026-08-09T20:11:37.197+0000] {dag.py:3036} INFO - Sync 1 DAGs
[2026-08-09T20:11:37.362+0000] {logging_mixin.py:188} INFO - [2026-08-09T20:11:37.361+0000] {dag.py:3823} INFO - Setting next_dagrun for example_skip_dag to 2026-08-08 00:00:00+00:00, run_after=2026-08-09 00:00:00+00:00
[2026-08-09T20:11:37.389+0000] {processor.py:183} INFO - Processing /home/airflow/.local/lib/python3.8/site-packages/airflow/example_dags/example_skip_dag.py took 0.228 seconds
[2026-08-09T20:12:08.180+0000] {processor.py:161} INFO - Started process (PID=2656) to work on /home/airflow/.local/lib/python3.8/site-packages/airflow/example_dags/example_skip_dag.py
[2026-08-09T20:12:08.182+0000] {processor.py:830} INFO - Processing file /home/airflow/.local/lib/python3.8/site-packages/airflow/example_dags/example_skip_dag.py for tasks to queue
[2026-08-09T20:12:08.184+0000] {logging_mixin.py:188} INFO - [2026-08-09T20:12:08.184+0000] {dagbag.py:538} INFO - Filling up the DagBag from /home/airflow/.local/lib/python3.8/site-packages/airflow/example_dags/example_skip_dag.py
[2026-08-09T20:12:08.191+0000] {processor.py:840} INFO - DAG(s) 'example_skip_dag' retrieved from /home/airflow/.local/lib/python3.8/site-packages/airflow/example_dags/example_skip_dag.py
[2026-08-09T20:12:08.358+0000] {logging_mixin.py:188} INFO - [2026-08-09T20:12:08.357+0000] {dag.py:3036} INFO - Sync 1 DAGs
[2026-08-09T20:12:08.385+0000] {logging_mixin.py:188} INFO - [2026-08-09T20:12:08.385+0000] {dag.py:3823} INFO - Setting next_dagrun for example_skip_dag to 2026-08-08 00:00:00+00:00, run_after=2026-08-09 00:00:00+00:00
[2026-08-09T20:12:08.413+0000] {processor.py:183} INFO - Processing /home/airflow/.local/lib/python3.8/site-packages/airflow/example_dags/example_skip_dag.py took 0.237 seconds
[2026-08-09T20:12:38.638+0000] {processor.py:161} INFO - Started process (PID=2725) to work on /home/airflow/.local/lib/python3.8/site-packages/airflow/example_dags/example_skip_dag.py
[2026-08-09T20:12:38.640+0000] {processor.py:830} INFO - Processing file /home/airflow/.local/lib/python3.8/site-packages/airflow/example_dags/example_skip_dag.py for tasks to queue
[2026-08-09T20:12:38.642+0000] {logging_mixin.py:188} INFO - [2026-08-09T20:12:38.641+0000] {dagbag.py:538} INFO - Filling up the DagBag from /home/airflow/.local/lib/python3.8/site-packages/airflow/example_dags/example_skip_dag.py
[2026-08-09T20:12:38.648+0000] {processor.py:840} INFO - DAG(s) 'example_skip_dag' retrieved from /home/airflow/.local/lib/python3.8/site-packages/airflow/example_dags/example_skip_dag.py
[2026-08-09T20:12:38.681+0000] {logging_mixin.py:188} INFO - [2026-08-09T20:12:38.681+0000] {dag.py:3036} INFO - Sync 1 DAGs
[2026-08-09T20:12:38.715+0000] {logging_mixin.py:188} INFO - [2026-08-09T20:12:38.715+0000] {dag.py:3823} INFO - Setting next_dagrun for example_skip_dag to 2026-08-08 00:00:00+00:00, run_after=2026-08-09 00:00:00+00:00
[2026-08-09T20:12:38.744+0000] {processor.py:183} INFO - Processing /home/airflow/.local/lib/python3.8/site-packages/airflow/example_dags/example_skip_dag.py took 0.112 seconds
[2026-08-09T20:13:08.861+0000] {processor.py:161} INFO - Started process (PID=2794) to work on /home/airflow/.local/lib/python3.8/site-packages/airflow/example_dags/example_skip_dag.py
[2026-08-09T20:13:08.862+0000] {processor.py:830} INFO - Processing file /home/airflow/.local/lib/python3.8/site-packages/airflow/example_dags/example_skip_dag.py for tasks to queue
[2026-08-09T20:13:08.866+0000] {logging_mixin.py:188} INFO - [2026-08-09T20:13:08.865+0000] {dagbag.py:538} INFO - Filling up the DagBag from /home/airflow/.local/lib/python3.8/site-packages/airflow/example_dags/example_skip_dag.py
[2026-08-09T20:13:08.877+0000] {processor.py:840} INFO - DAG(s) 'example_skip_dag' retrieved from /home/airflow/.local/lib/python3.8/site-packages/airflow/example_dags/example_skip_dag.py
[2026-08-09T20:13:08.906+0000] {logging_mixin.py:188} INFO - [2026-08-09T20:13:08.905+0000] {dag.py:3036} INFO - Sync 1 DAGs
[2026-08-09T20:13:08.933+0000] {logging_mixin.py:188} INFO - [2026-08-09T20:13:08.933+0000] {dag.py:3823} INFO - Setting next_dagrun for example_skip_dag to 2026-08-08 00:00:00+00:00, run_after=2026-08-09 00:00:00+00:00
[2026-08-09T20:13:08.965+0000] {processor.py:183} INFO - Processing /home/airflow/.local/lib/python3.8/site-packages/airflow/example_dags/example_skip_dag.py took 0.109 seconds
[2026-08-09T20:13:39.732+0000] {processor.py:161} INFO - Started process (PID=2863) to work on /home/airflow/.local/lib/python3.8/site-packages/airflow/example_dags/example_skip_dag.py
[2026-08-09T20:13:39.735+0000] {processor.py:830} INFO - Processing file /home/airflow/.local/lib/python3.8/site-packages/airflow/example_dags/example_skip_dag.py for tasks to queue
[2026-08-09T20:13:39.740+0000] {logging_mixin.py:188} INFO - [2026-08-09T20:13:39.739+0000] {dagbag.py:538} INFO - Filling up the DagBag from /home/airflow/.local/lib/python3.8/site-packages/airflow/example_dags/example_skip_dag.py
[2026-08-09T20:13:39.747+0000] {processor.py:840} INFO - DAG(s) 'example_skip_dag' retrieved from /home/airflow/.local/lib/python3.8/site-packages/airflow/example_dags/example_skip_dag.py
[2026-08-09T20:13:39.777+0000] {logging_mixin.py:188} INFO - [2026-08-09T20:13:39.777+0000] {dag.py:3036} INFO - Sync 1 DAGs
[2026-08-09T20:13:39.807+0000] {logging_mixin.py:188} INFO - [2026-08-09T20:13:39.807+0000] {dag.py:3823} INFO - Setting next_dagrun for example_skip_dag to 2026-08-08 00:00:00+00:00, run_after=2026-08-09 00:00:00+00:00
[2026-08-09T20:13:39.844+0000] {processor.py:183} INFO - Processing /home/airflow/.local/lib/python3.8/site-packages/airflow/example_dags/example_skip_dag.py took 0.116 seconds
[2026-08-09T20:14:10.176+0000] {processor.py:161} INFO - Started process (PID=2932) to work on /home/airflow/.local/lib/python3.8/site-packages/airflow/example_dags/example_skip_dag.py
[2026-08-09T20:14:10.178+0000] {processor.py:830} INFO - Processing file /home/airflow/.local/lib/python3.8/site-packages/airflow/example_dags/example_skip_dag.py for tasks to queue
[2026-08-09T20:14:10.180+0000] {logging_mixin.py:188} INFO - [2026-08-09T20:14:10.179+0000] {dagbag.py:538} INFO - Filling up the DagBag from /home/airflow/.local/lib/python3.8/site-packages/airflow/example_dags/example_skip_dag.py
[2026-08-09T20:14:10.187+0000] {processor.py:840} INFO - DAG(s) 'example_skip_dag' retrieved from /home/airflow/.local/lib/python3.8/site-packages/airflow/example_dags/example_skip_dag.py
[2026-08-09T20:14:10.210+0000] {logging_mixin.py:188} INFO - [2026-08-09T20:14:10.210+0000] {dag.py:3036} INFO - Sync 1 DAGs
[2026-08-09T20:14:10.240+0000] {logging_mixin.py:188} INFO - [2026-08-09T20:14:10.239+0000] {dag.py:3823} INFO - Setting next_dagrun for example_skip_dag to 2026-08-08 00:00:00+00:00, run_after=2026-08-09 00:00:00+00:00
[2026-08-09T20:14:10.263+0000] {processor.py:183} INFO - Processing /home/airflow/.local/lib/python3.8/site-packages/airflow/example_dags/example_skip_dag.py took 0.091 seconds
[2026-08-09T20:14:41.123+0000] {processor.py:161} INFO - Started process (PID=3001) to work on /home/airflow/.local/lib/python3.8/site-packages/airflow/example_dags/example_skip_dag.py
[2026-08-09T20:14:41.125+0000] {processor.py:830} INFO - Processing file /home/airflow/.local/lib/python3.8/site-packages/airflow/example_dags/example_skip_dag.py for tasks to queue
[2026-08-09T20:14:41.129+0000] {logging_mixin.py:188} INFO - [2026-08-09T20:14:41.128+0000] {dagbag.py:538} INFO - Filling up the DagBag from /home/airflow/.local/lib/python3.8/site-packages/airflow/example_dags/example_skip_dag.py
[2026-08-09T20:14:41.138+0000] {processor.py:840} INFO - DAG(s) 'example_skip_dag' retrieved from /home/airflow/.local/lib/python3.8/site-packages/airflow/example_dags/example_skip_dag.py
[2026-08-09T20:14:41.170+0000] {logging_mixin.py:188} INFO - [2026-08-09T20:14:41.169+0000] {dag.py:3036} INFO - Sync 1 DAGs
[2026-08-09T20:14:41.205+0000] {logging_mixin.py:188} INFO - [2026-08-09T20:14:41.205+0000] {dag.py:3823} INFO - Setting next_dagrun for example_skip_dag to 2026-08-08 00:00:00+00:00, run_after=2026-08-09 00:00:00+00:00
[2026-08-09T20:14:41.236+0000] {processor.py:183} INFO - Processing /home/airflow/.local/lib/python3.8/site-packages/airflow/example_dags/example_skip_dag.py took 0.121 seconds
[2026-08-09T20:15:12.825+0000] {processor.py:161} INFO - Started process (PID=3070) to work on /home/airflow/.local/lib/python3.8/site-packages/airflow/example_dags/example_skip_dag.py
[2026-08-09T20:15:12.828+0000] {processor.py:830} INFO - Processing file /home/airflow/.local/lib/python3.8/site-packages/airflow/example_dags/example_skip_dag.py for tasks to queue
[2026-08-09T20:15:12.835+0000] {logging_mixin.py:188} INFO - [2026-08-09T20:15:12.834+0000] {dagbag.py:538} INFO - Filling up the DagBag from /home/airflow/.local/lib/python3.8/site-packages/airflow/example_dags/example_skip_dag.py
[2026-08-09T20:15:12.855+0000] {processor.py:840} INFO - DAG(s) 'example_skip_dag' retrieved from /home/airflow/.local/lib/python3.8/site-packages/airflow/example_dags/example_skip_dag.py
[2026-08-09T20:15:12.920+0000] {logging_mixin.py:188} INFO - [2026-08-09T20:15:12.919+0000] {dag.py:3036} INFO - Sync 1 DAGs
[2026-08-09T20:15:12.987+0000] {logging_mixin.py:188} INFO - [2026-08-09T20:15:12.986+0000] {dag.py:3823} INFO - Setting next_dagrun for example_skip_dag to 2026-08-08 00:00:00+00:00, run_after=2026-08-09 00:00:00+00:00
[2026-08-09T20:15:13.050+0000] {processor.py:183} INFO - Processing /home/airflow/.local/lib/python3.8/site-packages/airflow/example_dags/example_skip_dag.py took 0.234 seconds
[2026-08-09T20:15:43.859+0000] {processor.py:161} INFO - Started process (PID=3139) to work on /home/airflow/.local/lib/python3.8/site-packages/airflow/example_dags/example_skip_dag.py
[2026-08-09T20:15:43.861+0000] {processor.py:830} INFO - Processing file /home/airflow/.local/lib/python3.8/site-packages/airflow/example_dags/example_skip_dag.py for tasks to queue
[2026-08-09T20:15:43.864+0000] {logging_mixin.py:188} INFO - [2026-08-09T20:15:43.864+0000] {dagbag.py:538} INFO - Filling up the DagBag from /home/airflow/.local/lib/python3.8/site-packages/airflow/example_dags/example_skip_dag.py
[2026-08-09T20:15:43.874+0000] {processor.py:840} INFO - DAG(s) 'example_skip_dag' retrieved from /home/airflow/.local/lib/python3.8/site-packages/airflow/example_dags/example_skip_dag.py
[2026-08-09T20:15:43.907+0000] {logging_mixin.py:188} INFO - [2026-08-09T20:15:43.907+0000] {dag.py:3036} INFO - Sync 1 DAGs
[2026-08-09T20:15:43.939+0000] {logging_mixin.py:188} INFO - [2026-08-09T20:15:43.938+0000] {dag.py:3823} INFO - Setting next_dagrun for example_skip_dag to 2026-08-08 00:00:00+00:00, run_after=2026-08-09 00:00:00+00:00
[2026-08-09T20:15:43.965+0000] {processor.py:183} INFO - Processing /home/airflow/.local/lib/python3.8/site-packages/airflow/example_dags/example_skip_dag.py took 0.113 seconds
[2026-08-09T20:16:14.187+0000] {processor.py:161} INFO - Started process (PID=3209) to work on /home/airflow/.local/lib/python3.8/site-packages/airflow/example_dags/example_skip_dag.py
[2026-08-09T20:16:14.189+0000] {processor.py:830} INFO - Processing file /home/airflow/.local/lib/python3.8/site-packages/airflow/example_dags/example_skip_dag.py for tasks to queue
[2026-08-09T20:16:14.192+0000] {logging_mixin.py:188} INFO - [2026-08-09T20:16:14.191+0000] {dagbag.py:538} INFO - Filling up the DagBag from /home/airflow/.local/lib/python3.8/site-packages/airflow/example_dags/example_skip_dag.py
[2026-08-09T20:16:14.204+0000] {processor.py:840} INFO - DAG(s) 'example_skip_dag' retrieved from /home/airflow/.local/lib/python3.8/site-packages/airflow/example_dags/example_skip_dag.py
[2026-08-09T20:16:14.236+0000] {logging_mixin.py:188} INFO - [2026-08-09T20:16:14.235+0000] {dag.py:3036} INFO - Sync 1 DAGs
[2026-08-09T20:16:14.260+0000] {logging_mixin.py:188} INFO - [2026-08-09T20:16:14.260+0000] {dag.py:3823} INFO - Setting next_dagrun for example_skip_dag to 2026-08-08 00:00:00+00:00, run_after=2026-08-09 00:00:00+00:00
[2026-08-09T20:16:14.282+0000] {processor.py:183} INFO - Processing /home/airflow/.local/lib/python3.8/site-packages/airflow/example_dags/example_skip_dag.py took 0.101 seconds
[2026-08-09T20:16:44.860+0000] {processor.py:161} INFO - Started process (PID=3284) to work on /home/airflow/.local/lib/python3.8/site-packages/airflow/example_dags/example_skip_dag.py
[2026-08-09T20:16:44.861+0000] {processor.py:830} INFO - Processing file /home/airflow/.local/lib/python3.8/site-packages/airflow/example_dags/example_skip_dag.py for tasks to queue
[2026-08-09T20:16:44.863+0000] {logging_mixin.py:188} INFO - [2026-08-09T20:16:44.863+0000] {dagbag.py:538} INFO - Filling up the DagBag from /home/airflow/.local/lib/python3.8/site-packages/airflow/example_dags/example_skip_dag.py
[2026-08-09T20:16:44.870+0000] {processor.py:840} INFO - DAG(s) 'example_skip_dag' retrieved from /home/airflow/.local/lib/python3.8/site-packages/airflow/example_dags/example_skip_dag.py
[2026-08-09T20:16:44.893+0000] {logging_mixin.py:188} INFO - [2026-08-09T20:16:44.892+0000] {dag.py:3036} INFO - Sync 1 DAGs
[2026-08-09T20:16:44.915+0000] {logging_mixin.py:188} INFO - [2026-08-09T20:16:44.914+0000] {dag.py:3823} INFO - Setting next_dagrun for example_skip_dag to 2026-08-08 00:00:00+00:00, run_after=2026-08-09 00:00:00+00:00
[2026-08-09T20:16:44.936+0000] {processor.py:183} INFO - Processing /home/airflow/.local/lib/python3.8/site-packages/airflow/example_dags/example_skip_dag.py took 0.080 seconds
[2026-08-09T20:17:15.428+0000] {processor.py:161} INFO - Started process (PID=3353) to work on /home/airflow/.local/lib/python3.8/site-packages/airflow/example_dags/example_skip_dag.py
[2026-08-09T20:17:15.429+0000] {processor.py:830} INFO - Processing file /home/airflow/.local/lib/python3.8/site-packages/airflow/example_dags/example_skip_dag.py for tasks to queue
[2026-08-09T20:17:15.432+0000] {logging_mixin.py:188} INFO - [2026-08-09T20:17:15.431+0000] {dagbag.py:538} INFO - Filling up the DagBag from /home/airflow/.local/lib/python3.8/site-packages/airflow/example_dags/example_skip_dag.py
[2026-08-09T20:17:15.439+0000] {processor.py:840} INFO - DAG(s) 'example_skip_dag' retrieved from /home/airflow/.local/lib/python3.8/site-packages/airflow/example_dags/example_skip_dag.py
[2026-08-09T20:17:15.464+0000] {logging_mixin.py:188} INFO - [2026-08-09T20:17:15.464+0000] {dag.py:3036} INFO - Sync 1 DAGs
[2026-08-09T20:17:15.489+0000] {logging_mixin.py:188} INFO - [2026-08-09T20:17:15.489+0000] {dag.py:3823} INFO - Setting next_dagrun for example_skip_dag to 2026-08-08 00:00:00+00:00, run_after=2026-08-09 00:00:00+00:00
[2026-08-09T20:17:15.510+0000] {processor.py:183} INFO - Processing /home/airflow/.local/lib/python3.8/site-packages/airflow/example_dags/example_skip_dag.py took 0.086 seconds
