[2026-08-19T12:21:48.593+0000] {processor.py:161} INFO - Started process (PID=116) to work on /opt/airflow/dags/dag_dependencies.py
[2026-08-19T12:21:48.596+0000] {processor.py:830} INFO - Processing file /opt/airflow/dags/dag_dependencies.py for tasks to queue
[2026-08-19T12:21:48.617+0000] {logging_mixin.py:188} INFO - [2026-08-19T12:21:48.616+0000] {dagbag.py:538} INFO - Filling up the DagBag from /opt/airflow/dags/dag_dependencies.py
[2026-08-19T12:21:52.930+0000] {processor.py:840} INFO - DAG(s) 'jour2_dependances' retrieved from /opt/airflow/dags/dag_dependencies.py
[2026-08-19T12:21:53.688+0000] {logging_mixin.py:188} INFO - [2026-08-19T12:21:53.684+0000] {dag.py:3036} INFO - Sync 1 DAGs
[2026-08-19T12:21:53.929+0000] {logging_mixin.py:188} INFO - [2026-08-19T12:21:53.928+0000] {dag.py:3823} INFO - Setting next_dagrun for jour2_dependances to 2026-08-18 00:00:00+00:00, run_after=2026-08-19 00:00:00+00:00
[2026-08-19T12:21:54.189+0000] {processor.py:183} INFO - Processing /opt/airflow/dags/dag_dependencies.py took 5.606 seconds
[2026-08-19T12:22:44.160+0000] {processor.py:161} INFO - Started process (PID=244) to work on /opt/airflow/dags/dag_dependencies.py
[2026-08-19T12:22:44.164+0000] {processor.py:830} INFO - Processing file /opt/airflow/dags/dag_dependencies.py for tasks to queue
[2026-08-19T12:22:44.175+0000] {logging_mixin.py:188} INFO - [2026-08-19T12:22:44.174+0000] {dagbag.py:538} INFO - Filling up the DagBag from /opt/airflow/dags/dag_dependencies.py
[2026-08-19T12:22:45.598+0000] {processor.py:840} INFO - DAG(s) 'jour2_dependances' retrieved from /opt/airflow/dags/dag_dependencies.py
[2026-08-19T12:22:45.693+0000] {logging_mixin.py:188} INFO - [2026-08-19T12:22:45.680+0000] {dag.py:3036} INFO - Sync 1 DAGs
[2026-08-19T12:22:45.801+0000] {logging_mixin.py:188} INFO - [2026-08-19T12:22:45.800+0000] {dag.py:3823} INFO - Setting next_dagrun for jour2_dependances to 2026-08-19 00:00:00+00:00, run_after=2026-08-20 00:00:00+00:00
[2026-08-19T12:22:45.880+0000] {processor.py:183} INFO - Processing /opt/airflow/dags/dag_dependencies.py took 1.731 seconds
[2026-08-19T12:23:16.065+0000] {processor.py:161} INFO - Started process (PID=327) to work on /opt/airflow/dags/dag_dependencies.py
[2026-08-19T12:23:16.068+0000] {processor.py:830} INFO - Processing file /opt/airflow/dags/dag_dependencies.py for tasks to queue
[2026-08-19T12:23:16.072+0000] {logging_mixin.py:188} INFO - [2026-08-19T12:23:16.072+0000] {dagbag.py:538} INFO - Filling up the DagBag from /opt/airflow/dags/dag_dependencies.py
[2026-08-19T12:23:16.891+0000] {processor.py:840} INFO - DAG(s) 'jour2_dependances' retrieved from /opt/airflow/dags/dag_dependencies.py
[2026-08-19T12:23:17.098+0000] {logging_mixin.py:188} INFO - [2026-08-19T12:23:17.098+0000] {dag.py:3036} INFO - Sync 1 DAGs
[2026-08-19T12:23:17.143+0000] {logging_mixin.py:188} INFO - [2026-08-19T12:23:17.143+0000] {dag.py:3823} INFO - Setting next_dagrun for jour2_dependances to 2026-08-19 00:00:00+00:00, run_after=2026-08-20 00:00:00+00:00
[2026-08-19T12:23:17.220+0000] {processor.py:183} INFO - Processing /opt/airflow/dags/dag_dependencies.py took 1.160 seconds
[2026-08-19T12:23:48.452+0000] {processor.py:161} INFO - Started process (PID=410) to work on /opt/airflow/dags/dag_dependencies.py
[2026-08-19T12:23:48.532+0000] {processor.py:830} INFO - Processing file /opt/airflow/dags/dag_dependencies.py for tasks to queue
[2026-08-19T12:23:48.534+0000] {logging_mixin.py:188} INFO - [2026-08-19T12:23:48.534+0000] {dagbag.py:538} INFO - Filling up the DagBag from /opt/airflow/dags/dag_dependencies.py
[2026-08-19T12:23:49.183+0000] {processor.py:840} INFO - DAG(s) 'jour2_dependances' retrieved from /opt/airflow/dags/dag_dependencies.py
[2026-08-19T12:23:49.201+0000] {logging_mixin.py:188} INFO - [2026-08-19T12:23:49.201+0000] {dag.py:3036} INFO - Sync 1 DAGs
[2026-08-19T12:23:49.223+0000] {logging_mixin.py:188} INFO - [2026-08-19T12:23:49.223+0000] {dag.py:3823} INFO - Setting next_dagrun for jour2_dependances to 2026-08-19 00:00:00+00:00, run_after=2026-08-20 00:00:00+00:00
[2026-08-19T12:23:49.619+0000] {processor.py:183} INFO - Processing /opt/airflow/dags/dag_dependencies.py took 1.170 seconds
[2026-08-19T12:24:19.993+0000] {processor.py:161} INFO - Started process (PID=497) to work on /opt/airflow/dags/dag_dependencies.py
[2026-08-19T12:24:19.995+0000] {processor.py:830} INFO - Processing file /opt/airflow/dags/dag_dependencies.py for tasks to queue
[2026-08-19T12:24:19.998+0000] {logging_mixin.py:188} INFO - [2026-08-19T12:24:19.998+0000] {dagbag.py:538} INFO - Filling up the DagBag from /opt/airflow/dags/dag_dependencies.py
[2026-08-19T12:24:20.412+0000] {processor.py:840} INFO - DAG(s) 'jour2_dependances' retrieved from /opt/airflow/dags/dag_dependencies.py
[2026-08-19T12:24:20.433+0000] {logging_mixin.py:188} INFO - [2026-08-19T12:24:20.433+0000] {dag.py:3036} INFO - Sync 1 DAGs
[2026-08-19T12:24:20.455+0000] {logging_mixin.py:188} INFO - [2026-08-19T12:24:20.455+0000] {dag.py:3823} INFO - Setting next_dagrun for jour2_dependances to 2026-08-19 00:00:00+00:00, run_after=2026-08-20 00:00:00+00:00
[2026-08-19T12:24:20.477+0000] {processor.py:183} INFO - Processing /opt/airflow/dags/dag_dependencies.py took 0.489 seconds
[2026-08-19T12:24:50.804+0000] {processor.py:161} INFO - Started process (PID=580) to work on /opt/airflow/dags/dag_dependencies.py
[2026-08-19T12:24:50.806+0000] {processor.py:830} INFO - Processing file /opt/airflow/dags/dag_dependencies.py for tasks to queue
[2026-08-19T12:24:50.810+0000] {logging_mixin.py:188} INFO - [2026-08-19T12:24:50.809+0000] {dagbag.py:538} INFO - Filling up the DagBag from /opt/airflow/dags/dag_dependencies.py
[2026-08-19T12:24:51.322+0000] {processor.py:840} INFO - DAG(s) 'jour2_dependances' retrieved from /opt/airflow/dags/dag_dependencies.py
[2026-08-19T12:24:51.352+0000] {logging_mixin.py:188} INFO - [2026-08-19T12:24:51.351+0000] {dag.py:3036} INFO - Sync 1 DAGs
[2026-08-19T12:24:51.384+0000] {logging_mixin.py:188} INFO - [2026-08-19T12:24:51.383+0000] {dag.py:3823} INFO - Setting next_dagrun for jour2_dependances to 2026-08-19 00:00:00+00:00, run_after=2026-08-20 00:00:00+00:00
[2026-08-19T12:24:51.721+0000] {processor.py:183} INFO - Processing /opt/airflow/dags/dag_dependencies.py took 0.923 seconds
[2026-08-19T12:25:22.108+0000] {processor.py:161} INFO - Started process (PID=663) to work on /opt/airflow/dags/dag_dependencies.py
[2026-08-19T12:25:22.110+0000] {processor.py:830} INFO - Processing file /opt/airflow/dags/dag_dependencies.py for tasks to queue
[2026-08-19T12:25:22.112+0000] {logging_mixin.py:188} INFO - [2026-08-19T12:25:22.111+0000] {dagbag.py:538} INFO - Filling up the DagBag from /opt/airflow/dags/dag_dependencies.py
[2026-08-19T12:25:22.521+0000] {processor.py:840} INFO - DAG(s) 'jour2_dependances' retrieved from /opt/airflow/dags/dag_dependencies.py
[2026-08-19T12:25:22.538+0000] {logging_mixin.py:188} INFO - [2026-08-19T12:25:22.538+0000] {dag.py:3036} INFO - Sync 1 DAGs
[2026-08-19T12:25:22.557+0000] {logging_mixin.py:188} INFO - [2026-08-19T12:25:22.557+0000] {dag.py:3823} INFO - Setting next_dagrun for jour2_dependances to 2026-08-19 00:00:00+00:00, run_after=2026-08-20 00:00:00+00:00
[2026-08-19T12:25:22.609+0000] {processor.py:183} INFO - Processing /opt/airflow/dags/dag_dependencies.py took 0.505 seconds
[2026-08-19T12:25:52.733+0000] {processor.py:161} INFO - Started process (PID=748) to work on /opt/airflow/dags/dag_dependencies.py
[2026-08-19T12:25:52.734+0000] {processor.py:830} INFO - Processing file /opt/airflow/dags/dag_dependencies.py for tasks to queue
[2026-08-19T12:25:52.737+0000] {logging_mixin.py:188} INFO - [2026-08-19T12:25:52.736+0000] {dagbag.py:538} INFO - Filling up the DagBag from /opt/airflow/dags/dag_dependencies.py
[2026-08-19T12:25:53.221+0000] {processor.py:840} INFO - DAG(s) 'jour2_dependances' retrieved from /opt/airflow/dags/dag_dependencies.py
[2026-08-19T12:25:53.253+0000] {logging_mixin.py:188} INFO - [2026-08-19T12:25:53.253+0000] {dag.py:3036} INFO - Sync 1 DAGs
[2026-08-19T12:25:53.270+0000] {logging_mixin.py:188} INFO - [2026-08-19T12:25:53.270+0000] {dag.py:3823} INFO - Setting next_dagrun for jour2_dependances to 2026-08-19 00:00:00+00:00, run_after=2026-08-20 00:00:00+00:00
[2026-08-19T12:25:53.436+0000] {processor.py:183} INFO - Processing /opt/airflow/dags/dag_dependencies.py took 0.706 seconds
[2026-08-19T12:26:23.624+0000] {processor.py:161} INFO - Started process (PID=832) to work on /opt/airflow/dags/dag_dependencies.py
[2026-08-19T12:26:23.625+0000] {processor.py:830} INFO - Processing file /opt/airflow/dags/dag_dependencies.py for tasks to queue
[2026-08-19T12:26:23.628+0000] {logging_mixin.py:188} INFO - [2026-08-19T12:26:23.627+0000] {dagbag.py:538} INFO - Filling up the DagBag from /opt/airflow/dags/dag_dependencies.py
[2026-08-19T12:26:24.058+0000] {processor.py:840} INFO - DAG(s) 'jour2_dependances' retrieved from /opt/airflow/dags/dag_dependencies.py
[2026-08-19T12:26:24.075+0000] {logging_mixin.py:188} INFO - [2026-08-19T12:26:24.074+0000] {dag.py:3036} INFO - Sync 1 DAGs
[2026-08-19T12:26:24.093+0000] {logging_mixin.py:188} INFO - [2026-08-19T12:26:24.093+0000] {dag.py:3823} INFO - Setting next_dagrun for jour2_dependances to 2026-08-19 00:00:00+00:00, run_after=2026-08-20 00:00:00+00:00
[2026-08-19T12:26:24.588+0000] {processor.py:183} INFO - Processing /opt/airflow/dags/dag_dependencies.py took 0.967 seconds
[2026-08-19T12:26:54.735+0000] {processor.py:161} INFO - Started process (PID=915) to work on /opt/airflow/dags/dag_dependencies.py
[2026-08-19T12:26:54.736+0000] {processor.py:830} INFO - Processing file /opt/airflow/dags/dag_dependencies.py for tasks to queue
[2026-08-19T12:26:54.739+0000] {logging_mixin.py:188} INFO - [2026-08-19T12:26:54.738+0000] {dagbag.py:538} INFO - Filling up the DagBag from /opt/airflow/dags/dag_dependencies.py
[2026-08-19T12:26:55.124+0000] {processor.py:840} INFO - DAG(s) 'jour2_dependances' retrieved from /opt/airflow/dags/dag_dependencies.py
[2026-08-19T12:26:55.141+0000] {logging_mixin.py:188} INFO - [2026-08-19T12:26:55.140+0000] {dag.py:3036} INFO - Sync 1 DAGs
[2026-08-19T12:26:55.162+0000] {logging_mixin.py:188} INFO - [2026-08-19T12:26:55.161+0000] {dag.py:3823} INFO - Setting next_dagrun for jour2_dependances to 2026-08-19 00:00:00+00:00, run_after=2026-08-20 00:00:00+00:00
[2026-08-19T12:26:55.227+0000] {processor.py:183} INFO - Processing /opt/airflow/dags/dag_dependencies.py took 0.495 seconds
[2026-08-19T12:27:25.314+0000] {processor.py:161} INFO - Started process (PID=999) to work on /opt/airflow/dags/dag_dependencies.py
[2026-08-19T12:27:25.315+0000] {processor.py:830} INFO - Processing file /opt/airflow/dags/dag_dependencies.py for tasks to queue
[2026-08-19T12:27:25.317+0000] {logging_mixin.py:188} INFO - [2026-08-19T12:27:25.317+0000] {dagbag.py:538} INFO - Filling up the DagBag from /opt/airflow/dags/dag_dependencies.py
[2026-08-19T12:27:25.734+0000] {processor.py:840} INFO - DAG(s) 'jour2_dependances' retrieved from /opt/airflow/dags/dag_dependencies.py
[2026-08-19T12:27:25.750+0000] {logging_mixin.py:188} INFO - [2026-08-19T12:27:25.750+0000] {dag.py:3036} INFO - Sync 1 DAGs
[2026-08-19T12:27:25.770+0000] {logging_mixin.py:188} INFO - [2026-08-19T12:27:25.769+0000] {dag.py:3823} INFO - Setting next_dagrun for jour2_dependances to 2026-08-19 00:00:00+00:00, run_after=2026-08-20 00:00:00+00:00
[2026-08-19T12:27:25.789+0000] {processor.py:183} INFO - Processing /opt/airflow/dags/dag_dependencies.py took 0.479 seconds
[2026-08-19T12:27:56.553+0000] {processor.py:161} INFO - Started process (PID=1081) to work on /opt/airflow/dags/dag_dependencies.py
[2026-08-19T12:27:56.555+0000] {processor.py:830} INFO - Processing file /opt/airflow/dags/dag_dependencies.py for tasks to queue
[2026-08-19T12:27:56.557+0000] {logging_mixin.py:188} INFO - [2026-08-19T12:27:56.556+0000] {dagbag.py:538} INFO - Filling up the DagBag from /opt/airflow/dags/dag_dependencies.py
[2026-08-19T12:27:57.357+0000] {processor.py:840} INFO - DAG(s) 'jour2_dependances' retrieved from /opt/airflow/dags/dag_dependencies.py
[2026-08-19T12:27:57.397+0000] {logging_mixin.py:188} INFO - [2026-08-19T12:27:57.396+0000] {dag.py:3036} INFO - Sync 1 DAGs
[2026-08-19T12:27:57.434+0000] {logging_mixin.py:188} INFO - [2026-08-19T12:27:57.434+0000] {dag.py:3823} INFO - Setting next_dagrun for jour2_dependances to 2026-08-19 00:00:00+00:00, run_after=2026-08-20 00:00:00+00:00
[2026-08-19T12:27:57.467+0000] {processor.py:183} INFO - Processing /opt/airflow/dags/dag_dependencies.py took 0.917 seconds
[2026-08-19T12:28:28.025+0000] {processor.py:161} INFO - Started process (PID=1164) to work on /opt/airflow/dags/dag_dependencies.py
[2026-08-19T12:28:28.027+0000] {processor.py:830} INFO - Processing file /opt/airflow/dags/dag_dependencies.py for tasks to queue
[2026-08-19T12:28:28.030+0000] {logging_mixin.py:188} INFO - [2026-08-19T12:28:28.029+0000] {dagbag.py:538} INFO - Filling up the DagBag from /opt/airflow/dags/dag_dependencies.py
[2026-08-19T12:28:28.311+0000] {processor.py:840} INFO - DAG(s) 'jour2_dependances' retrieved from /opt/airflow/dags/dag_dependencies.py
[2026-08-19T12:28:28.336+0000] {logging_mixin.py:188} INFO - [2026-08-19T12:28:28.335+0000] {dag.py:3036} INFO - Sync 1 DAGs
[2026-08-19T12:28:28.362+0000] {logging_mixin.py:188} INFO - [2026-08-19T12:28:28.362+0000] {dag.py:3823} INFO - Setting next_dagrun for jour2_dependances to 2026-08-19 00:00:00+00:00, run_after=2026-08-20 00:00:00+00:00
[2026-08-19T12:28:28.387+0000] {processor.py:183} INFO - Processing /opt/airflow/dags/dag_dependencies.py took 0.366 seconds
[2026-08-19T12:28:58.810+0000] {processor.py:161} INFO - Started process (PID=1247) to work on /opt/airflow/dags/dag_dependencies.py
[2026-08-19T12:28:58.812+0000] {processor.py:830} INFO - Processing file /opt/airflow/dags/dag_dependencies.py for tasks to queue
[2026-08-19T12:28:58.823+0000] {logging_mixin.py:188} INFO - [2026-08-19T12:28:58.822+0000] {dagbag.py:538} INFO - Filling up the DagBag from /opt/airflow/dags/dag_dependencies.py
[2026-08-19T12:28:59.190+0000] {processor.py:840} INFO - DAG(s) 'jour2_dependances' retrieved from /opt/airflow/dags/dag_dependencies.py
[2026-08-19T12:28:59.222+0000] {logging_mixin.py:188} INFO - [2026-08-19T12:28:59.222+0000] {dag.py:3036} INFO - Sync 1 DAGs
[2026-08-19T12:28:59.249+0000] {logging_mixin.py:188} INFO - [2026-08-19T12:28:59.249+0000] {dag.py:3823} INFO - Setting next_dagrun for jour2_dependances to 2026-08-19 00:00:00+00:00, run_after=2026-08-20 00:00:00+00:00
[2026-08-19T12:28:59.282+0000] {processor.py:183} INFO - Processing /opt/airflow/dags/dag_dependencies.py took 0.477 seconds
[2026-08-19T12:29:30.336+0000] {processor.py:161} INFO - Started process (PID=1346) to work on /opt/airflow/dags/dag_dependencies.py
[2026-08-19T12:29:30.337+0000] {processor.py:830} INFO - Processing file /opt/airflow/dags/dag_dependencies.py for tasks to queue
[2026-08-19T12:29:30.340+0000] {logging_mixin.py:188} INFO - [2026-08-19T12:29:30.339+0000] {dagbag.py:538} INFO - Filling up the DagBag from /opt/airflow/dags/dag_dependencies.py
[2026-08-19T12:29:30.619+0000] {processor.py:840} INFO - DAG(s) 'jour2_dependances' retrieved from /opt/airflow/dags/dag_dependencies.py
[2026-08-19T12:29:30.639+0000] {logging_mixin.py:188} INFO - [2026-08-19T12:29:30.638+0000] {dag.py:3036} INFO - Sync 1 DAGs
[2026-08-19T12:29:30.662+0000] {logging_mixin.py:188} INFO - [2026-08-19T12:29:30.662+0000] {dag.py:3823} INFO - Setting next_dagrun for jour2_dependances to 2026-08-19 00:00:00+00:00, run_after=2026-08-20 00:00:00+00:00
[2026-08-19T12:29:30.683+0000] {processor.py:183} INFO - Processing /opt/airflow/dags/dag_dependencies.py took 0.351 seconds
[2026-08-19T12:30:00.906+0000] {processor.py:161} INFO - Started process (PID=1430) to work on /opt/airflow/dags/dag_dependencies.py
[2026-08-19T12:30:00.907+0000] {processor.py:830} INFO - Processing file /opt/airflow/dags/dag_dependencies.py for tasks to queue
[2026-08-19T12:30:00.909+0000] {logging_mixin.py:188} INFO - [2026-08-19T12:30:00.909+0000] {dagbag.py:538} INFO - Filling up the DagBag from /opt/airflow/dags/dag_dependencies.py
[2026-08-19T12:30:01.146+0000] {processor.py:840} INFO - DAG(s) 'jour2_dependances' retrieved from /opt/airflow/dags/dag_dependencies.py
[2026-08-19T12:30:01.166+0000] {logging_mixin.py:188} INFO - [2026-08-19T12:30:01.166+0000] {dag.py:3036} INFO - Sync 1 DAGs
[2026-08-19T12:30:01.187+0000] {logging_mixin.py:188} INFO - [2026-08-19T12:30:01.187+0000] {dag.py:3823} INFO - Setting next_dagrun for jour2_dependances to 2026-08-19 00:00:00+00:00, run_after=2026-08-20 00:00:00+00:00
[2026-08-19T12:30:01.209+0000] {processor.py:183} INFO - Processing /opt/airflow/dags/dag_dependencies.py took 0.307 seconds
[2026-08-19T12:30:31.964+0000] {processor.py:161} INFO - Started process (PID=1514) to work on /opt/airflow/dags/dag_dependencies.py
[2026-08-19T12:30:31.966+0000] {processor.py:830} INFO - Processing file /opt/airflow/dags/dag_dependencies.py for tasks to queue
[2026-08-19T12:30:31.968+0000] {logging_mixin.py:188} INFO - [2026-08-19T12:30:31.968+0000] {dagbag.py:538} INFO - Filling up the DagBag from /opt/airflow/dags/dag_dependencies.py
[2026-08-19T12:30:32.228+0000] {processor.py:840} INFO - DAG(s) 'jour2_dependances' retrieved from /opt/airflow/dags/dag_dependencies.py
[2026-08-19T12:30:32.249+0000] {logging_mixin.py:188} INFO - [2026-08-19T12:30:32.248+0000] {dag.py:3036} INFO - Sync 1 DAGs
[2026-08-19T12:30:32.270+0000] {logging_mixin.py:188} INFO - [2026-08-19T12:30:32.270+0000] {dag.py:3823} INFO - Setting next_dagrun for jour2_dependances to 2026-08-19 00:00:00+00:00, run_after=2026-08-20 00:00:00+00:00
[2026-08-19T12:30:32.291+0000] {processor.py:183} INFO - Processing /opt/airflow/dags/dag_dependencies.py took 0.330 seconds
[2026-08-19T12:31:02.470+0000] {processor.py:161} INFO - Started process (PID=1597) to work on /opt/airflow/dags/dag_dependencies.py
[2026-08-19T12:31:02.471+0000] {processor.py:830} INFO - Processing file /opt/airflow/dags/dag_dependencies.py for tasks to queue
[2026-08-19T12:31:02.474+0000] {logging_mixin.py:188} INFO - [2026-08-19T12:31:02.474+0000] {dagbag.py:538} INFO - Filling up the DagBag from /opt/airflow/dags/dag_dependencies.py
[2026-08-19T12:31:02.721+0000] {processor.py:840} INFO - DAG(s) 'jour2_dependances' retrieved from /opt/airflow/dags/dag_dependencies.py
[2026-08-19T12:31:02.742+0000] {logging_mixin.py:188} INFO - [2026-08-19T12:31:02.741+0000] {dag.py:3036} INFO - Sync 1 DAGs
[2026-08-19T12:31:02.764+0000] {logging_mixin.py:188} INFO - [2026-08-19T12:31:02.764+0000] {dag.py:3823} INFO - Setting next_dagrun for jour2_dependances to 2026-08-19 00:00:00+00:00, run_after=2026-08-20 00:00:00+00:00
[2026-08-19T12:31:02.787+0000] {processor.py:183} INFO - Processing /opt/airflow/dags/dag_dependencies.py took 0.321 seconds
[2026-08-19T12:31:33.902+0000] {processor.py:161} INFO - Started process (PID=1684) to work on /opt/airflow/dags/dag_dependencies.py
[2026-08-19T12:31:33.903+0000] {processor.py:830} INFO - Processing file /opt/airflow/dags/dag_dependencies.py for tasks to queue
[2026-08-19T12:31:33.906+0000] {logging_mixin.py:188} INFO - [2026-08-19T12:31:33.906+0000] {dagbag.py:538} INFO - Filling up the DagBag from /opt/airflow/dags/dag_dependencies.py
[2026-08-19T12:31:34.161+0000] {processor.py:840} INFO - DAG(s) 'jour2_dependances' retrieved from /opt/airflow/dags/dag_dependencies.py
[2026-08-19T12:31:34.183+0000] {logging_mixin.py:188} INFO - [2026-08-19T12:31:34.182+0000] {dag.py:3036} INFO - Sync 1 DAGs
[2026-08-19T12:31:34.203+0000] {logging_mixin.py:188} INFO - [2026-08-19T12:31:34.203+0000] {dag.py:3823} INFO - Setting next_dagrun for jour2_dependances to 2026-08-19 00:00:00+00:00, run_after=2026-08-20 00:00:00+00:00
[2026-08-19T12:31:34.228+0000] {processor.py:183} INFO - Processing /opt/airflow/dags/dag_dependencies.py took 0.331 seconds
[2026-08-19T12:32:04.625+0000] {processor.py:161} INFO - Started process (PID=1767) to work on /opt/airflow/dags/dag_dependencies.py
[2026-08-19T12:32:04.627+0000] {processor.py:830} INFO - Processing file /opt/airflow/dags/dag_dependencies.py for tasks to queue
[2026-08-19T12:32:04.629+0000] {logging_mixin.py:188} INFO - [2026-08-19T12:32:04.629+0000] {dagbag.py:538} INFO - Filling up the DagBag from /opt/airflow/dags/dag_dependencies.py
[2026-08-19T12:32:04.870+0000] {processor.py:840} INFO - DAG(s) 'jour2_dependances' retrieved from /opt/airflow/dags/dag_dependencies.py
[2026-08-19T12:32:04.889+0000] {logging_mixin.py:188} INFO - [2026-08-19T12:32:04.889+0000] {dag.py:3036} INFO - Sync 1 DAGs
[2026-08-19T12:32:04.910+0000] {logging_mixin.py:188} INFO - [2026-08-19T12:32:04.910+0000] {dag.py:3823} INFO - Setting next_dagrun for jour2_dependances to 2026-08-19 00:00:00+00:00, run_after=2026-08-20 00:00:00+00:00
[2026-08-19T12:32:04.930+0000] {processor.py:183} INFO - Processing /opt/airflow/dags/dag_dependencies.py took 0.308 seconds
[2026-08-19T12:32:35.586+0000] {processor.py:161} INFO - Started process (PID=1854) to work on /opt/airflow/dags/dag_dependencies.py
[2026-08-19T12:32:35.587+0000] {processor.py:830} INFO - Processing file /opt/airflow/dags/dag_dependencies.py for tasks to queue
[2026-08-19T12:32:35.589+0000] {logging_mixin.py:188} INFO - [2026-08-19T12:32:35.589+0000] {dagbag.py:538} INFO - Filling up the DagBag from /opt/airflow/dags/dag_dependencies.py
[2026-08-19T12:32:35.848+0000] {processor.py:840} INFO - DAG(s) 'jour2_dependances' retrieved from /opt/airflow/dags/dag_dependencies.py
[2026-08-19T12:32:35.874+0000] {logging_mixin.py:188} INFO - [2026-08-19T12:32:35.873+0000] {dag.py:3036} INFO - Sync 1 DAGs
[2026-08-19T12:32:35.902+0000] {logging_mixin.py:188} INFO - [2026-08-19T12:32:35.901+0000] {dag.py:3823} INFO - Setting next_dagrun for jour2_dependances to 2026-08-19 00:00:00+00:00, run_after=2026-08-20 00:00:00+00:00
[2026-08-19T12:32:35.928+0000] {processor.py:183} INFO - Processing /opt/airflow/dags/dag_dependencies.py took 0.346 seconds
[2026-08-19T12:33:06.634+0000] {processor.py:161} INFO - Started process (PID=1937) to work on /opt/airflow/dags/dag_dependencies.py
[2026-08-19T12:33:06.635+0000] {processor.py:830} INFO - Processing file /opt/airflow/dags/dag_dependencies.py for tasks to queue
[2026-08-19T12:33:06.638+0000] {logging_mixin.py:188} INFO - [2026-08-19T12:33:06.638+0000] {dagbag.py:538} INFO - Filling up the DagBag from /opt/airflow/dags/dag_dependencies.py
[2026-08-19T12:33:06.935+0000] {processor.py:840} INFO - DAG(s) 'jour2_dependances' retrieved from /opt/airflow/dags/dag_dependencies.py
[2026-08-19T12:33:06.958+0000] {logging_mixin.py:188} INFO - [2026-08-19T12:33:06.957+0000] {dag.py:3036} INFO - Sync 1 DAGs
[2026-08-19T12:33:06.983+0000] {logging_mixin.py:188} INFO - [2026-08-19T12:33:06.982+0000] {dag.py:3823} INFO - Setting next_dagrun for jour2_dependances to 2026-08-19 00:00:00+00:00, run_after=2026-08-20 00:00:00+00:00
[2026-08-19T12:33:07.007+0000] {processor.py:183} INFO - Processing /opt/airflow/dags/dag_dependencies.py took 0.377 seconds
[2026-08-19T12:33:37.823+0000] {processor.py:161} INFO - Started process (PID=2020) to work on /opt/airflow/dags/dag_dependencies.py
[2026-08-19T12:33:37.825+0000] {processor.py:830} INFO - Processing file /opt/airflow/dags/dag_dependencies.py for tasks to queue
[2026-08-19T12:33:37.827+0000] {logging_mixin.py:188} INFO - [2026-08-19T12:33:37.827+0000] {dagbag.py:538} INFO - Filling up the DagBag from /opt/airflow/dags/dag_dependencies.py
[2026-08-19T12:33:38.169+0000] {processor.py:840} INFO - DAG(s) 'jour2_dependances' retrieved from /opt/airflow/dags/dag_dependencies.py
[2026-08-19T12:33:38.192+0000] {logging_mixin.py:188} INFO - [2026-08-19T12:33:38.192+0000] {dag.py:3036} INFO - Sync 1 DAGs
[2026-08-19T12:33:38.220+0000] {logging_mixin.py:188} INFO - [2026-08-19T12:33:38.220+0000] {dag.py:3823} INFO - Setting next_dagrun for jour2_dependances to 2026-08-19 00:00:00+00:00, run_after=2026-08-20 00:00:00+00:00
[2026-08-19T12:33:38.254+0000] {processor.py:183} INFO - Processing /opt/airflow/dags/dag_dependencies.py took 0.435 seconds
[2026-08-19T12:34:08.487+0000] {processor.py:161} INFO - Started process (PID=2103) to work on /opt/airflow/dags/dag_dependencies.py
[2026-08-19T12:34:08.488+0000] {processor.py:830} INFO - Processing file /opt/airflow/dags/dag_dependencies.py for tasks to queue
[2026-08-19T12:34:08.490+0000] {logging_mixin.py:188} INFO - [2026-08-19T12:34:08.490+0000] {dagbag.py:538} INFO - Filling up the DagBag from /opt/airflow/dags/dag_dependencies.py
[2026-08-19T12:34:08.790+0000] {processor.py:840} INFO - DAG(s) 'jour2_dependances' retrieved from /opt/airflow/dags/dag_dependencies.py
[2026-08-19T12:34:08.823+0000] {logging_mixin.py:188} INFO - [2026-08-19T12:34:08.823+0000] {dag.py:3036} INFO - Sync 1 DAGs
[2026-08-19T12:34:08.859+0000] {logging_mixin.py:188} INFO - [2026-08-19T12:34:08.859+0000] {dag.py:3823} INFO - Setting next_dagrun for jour2_dependances to 2026-08-19 00:00:00+00:00, run_after=2026-08-20 00:00:00+00:00
[2026-08-19T12:34:08.901+0000] {processor.py:183} INFO - Processing /opt/airflow/dags/dag_dependencies.py took 0.420 seconds
[2026-08-19T12:34:39.053+0000] {processor.py:161} INFO - Started process (PID=2190) to work on /opt/airflow/dags/dag_dependencies.py
[2026-08-19T12:34:39.054+0000] {processor.py:830} INFO - Processing file /opt/airflow/dags/dag_dependencies.py for tasks to queue
[2026-08-19T12:34:39.056+0000] {logging_mixin.py:188} INFO - [2026-08-19T12:34:39.056+0000] {dagbag.py:538} INFO - Filling up the DagBag from /opt/airflow/dags/dag_dependencies.py
[2026-08-19T12:34:39.307+0000] {processor.py:840} INFO - DAG(s) 'jour2_dependances' retrieved from /opt/airflow/dags/dag_dependencies.py
[2026-08-19T12:34:39.328+0000] {logging_mixin.py:188} INFO - [2026-08-19T12:34:39.328+0000] {dag.py:3036} INFO - Sync 1 DAGs
[2026-08-19T12:34:39.350+0000] {logging_mixin.py:188} INFO - [2026-08-19T12:34:39.349+0000] {dag.py:3823} INFO - Setting next_dagrun for jour2_dependances to 2026-08-19 00:00:00+00:00, run_after=2026-08-20 00:00:00+00:00
[2026-08-19T12:34:39.371+0000] {processor.py:183} INFO - Processing /opt/airflow/dags/dag_dependencies.py took 0.322 seconds
[2026-08-19T12:35:09.620+0000] {processor.py:161} INFO - Started process (PID=2273) to work on /opt/airflow/dags/dag_dependencies.py
[2026-08-19T12:35:09.621+0000] {processor.py:830} INFO - Processing file /opt/airflow/dags/dag_dependencies.py for tasks to queue
[2026-08-19T12:35:09.623+0000] {logging_mixin.py:188} INFO - [2026-08-19T12:35:09.622+0000] {dagbag.py:538} INFO - Filling up the DagBag from /opt/airflow/dags/dag_dependencies.py
[2026-08-19T12:35:09.863+0000] {processor.py:840} INFO - DAG(s) 'jour2_dependances' retrieved from /opt/airflow/dags/dag_dependencies.py
[2026-08-19T12:35:09.888+0000] {logging_mixin.py:188} INFO - [2026-08-19T12:35:09.887+0000] {dag.py:3036} INFO - Sync 1 DAGs
[2026-08-19T12:35:09.913+0000] {logging_mixin.py:188} INFO - [2026-08-19T12:35:09.913+0000] {dag.py:3823} INFO - Setting next_dagrun for jour2_dependances to 2026-08-19 00:00:00+00:00, run_after=2026-08-20 00:00:00+00:00
[2026-08-19T12:35:09.936+0000] {processor.py:183} INFO - Processing /opt/airflow/dags/dag_dependencies.py took 0.320 seconds
[2026-08-19T12:35:40.008+0000] {processor.py:161} INFO - Started process (PID=2356) to work on /opt/airflow/dags/dag_dependencies.py
[2026-08-19T12:35:40.009+0000] {processor.py:830} INFO - Processing file /opt/airflow/dags/dag_dependencies.py for tasks to queue
[2026-08-19T12:35:40.012+0000] {logging_mixin.py:188} INFO - [2026-08-19T12:35:40.011+0000] {dagbag.py:538} INFO - Filling up the DagBag from /opt/airflow/dags/dag_dependencies.py
[2026-08-19T12:35:40.249+0000] {processor.py:840} INFO - DAG(s) 'jour2_dependances' retrieved from /opt/airflow/dags/dag_dependencies.py
[2026-08-19T12:35:40.269+0000] {logging_mixin.py:188} INFO - [2026-08-19T12:35:40.269+0000] {dag.py:3036} INFO - Sync 1 DAGs
[2026-08-19T12:35:40.294+0000] {logging_mixin.py:188} INFO - [2026-08-19T12:35:40.294+0000] {dag.py:3823} INFO - Setting next_dagrun for jour2_dependances to 2026-08-19 00:00:00+00:00, run_after=2026-08-20 00:00:00+00:00
[2026-08-19T12:35:40.458+0000] {processor.py:183} INFO - Processing /opt/airflow/dags/dag_dependencies.py took 0.454 seconds
[2026-08-19T12:36:11.254+0000] {processor.py:161} INFO - Started process (PID=2445) to work on /opt/airflow/dags/dag_dependencies.py
[2026-08-19T12:36:11.256+0000] {processor.py:830} INFO - Processing file /opt/airflow/dags/dag_dependencies.py for tasks to queue
[2026-08-19T12:36:11.258+0000] {logging_mixin.py:188} INFO - [2026-08-19T12:36:11.258+0000] {dagbag.py:538} INFO - Filling up the DagBag from /opt/airflow/dags/dag_dependencies.py
[2026-08-19T12:36:11.507+0000] {processor.py:840} INFO - DAG(s) 'jour2_dependances' retrieved from /opt/airflow/dags/dag_dependencies.py
[2026-08-19T12:36:11.528+0000] {logging_mixin.py:188} INFO - [2026-08-19T12:36:11.527+0000] {dag.py:3036} INFO - Sync 1 DAGs
[2026-08-19T12:36:11.706+0000] {logging_mixin.py:188} INFO - [2026-08-19T12:36:11.706+0000] {dag.py:3823} INFO - Setting next_dagrun for jour2_dependances to 2026-08-19 00:00:00+00:00, run_after=2026-08-20 00:00:00+00:00
[2026-08-19T12:36:11.731+0000] {processor.py:183} INFO - Processing /opt/airflow/dags/dag_dependencies.py took 0.482 seconds
[2026-08-19T12:36:41.859+0000] {processor.py:161} INFO - Started process (PID=2532) to work on /opt/airflow/dags/dag_dependencies.py
[2026-08-19T12:36:41.862+0000] {processor.py:830} INFO - Processing file /opt/airflow/dags/dag_dependencies.py for tasks to queue
[2026-08-19T12:36:41.865+0000] {logging_mixin.py:188} INFO - [2026-08-19T12:36:41.865+0000] {dagbag.py:538} INFO - Filling up the DagBag from /opt/airflow/dags/dag_dependencies.py
[2026-08-19T12:36:42.618+0000] {processor.py:840} INFO - DAG(s) 'jour2_dependances' retrieved from /opt/airflow/dags/dag_dependencies.py
[2026-08-19T12:36:42.655+0000] {logging_mixin.py:188} INFO - [2026-08-19T12:36:42.654+0000] {dag.py:3036} INFO - Sync 1 DAGs
[2026-08-19T12:36:42.694+0000] {logging_mixin.py:188} INFO - [2026-08-19T12:36:42.694+0000] {dag.py:3823} INFO - Setting next_dagrun for jour2_dependances to 2026-08-19 00:00:00+00:00, run_after=2026-08-20 00:00:00+00:00
[2026-08-19T12:36:42.736+0000] {processor.py:183} INFO - Processing /opt/airflow/dags/dag_dependencies.py took 0.883 seconds
[2026-08-19T12:37:12.793+0000] {processor.py:161} INFO - Started process (PID=2619) to work on /opt/airflow/dags/dag_dependencies.py
[2026-08-19T12:37:12.795+0000] {processor.py:830} INFO - Processing file /opt/airflow/dags/dag_dependencies.py for tasks to queue
[2026-08-19T12:37:12.797+0000] {logging_mixin.py:188} INFO - [2026-08-19T12:37:12.796+0000] {dagbag.py:538} INFO - Filling up the DagBag from /opt/airflow/dags/dag_dependencies.py
[2026-08-19T12:37:13.311+0000] {processor.py:840} INFO - DAG(s) 'jour2_dependances' retrieved from /opt/airflow/dags/dag_dependencies.py
[2026-08-19T12:37:13.329+0000] {logging_mixin.py:188} INFO - [2026-08-19T12:37:13.328+0000] {dag.py:3036} INFO - Sync 1 DAGs
[2026-08-19T12:37:13.348+0000] {logging_mixin.py:188} INFO - [2026-08-19T12:37:13.347+0000] {dag.py:3823} INFO - Setting next_dagrun for jour2_dependances to 2026-08-19 00:00:00+00:00, run_after=2026-08-20 00:00:00+00:00
[2026-08-19T12:37:13.368+0000] {processor.py:183} INFO - Processing /opt/airflow/dags/dag_dependencies.py took 0.578 seconds
[2026-08-19T12:37:44.230+0000] {processor.py:161} INFO - Started process (PID=2702) to work on /opt/airflow/dags/dag_dependencies.py
[2026-08-19T12:37:44.231+0000] {processor.py:830} INFO - Processing file /opt/airflow/dags/dag_dependencies.py for tasks to queue
[2026-08-19T12:37:44.234+0000] {logging_mixin.py:188} INFO - [2026-08-19T12:37:44.233+0000] {dagbag.py:538} INFO - Filling up the DagBag from /opt/airflow/dags/dag_dependencies.py
[2026-08-19T12:37:44.658+0000] {processor.py:840} INFO - DAG(s) 'jour2_dependances' retrieved from /opt/airflow/dags/dag_dependencies.py
[2026-08-19T12:37:44.680+0000] {logging_mixin.py:188} INFO - [2026-08-19T12:37:44.679+0000] {dag.py:3036} INFO - Sync 1 DAGs
[2026-08-19T12:37:44.703+0000] {logging_mixin.py:188} INFO - [2026-08-19T12:37:44.703+0000] {dag.py:3823} INFO - Setting next_dagrun for jour2_dependances to 2026-08-19 00:00:00+00:00, run_after=2026-08-20 00:00:00+00:00
[2026-08-19T12:37:44.729+0000] {processor.py:183} INFO - Processing /opt/airflow/dags/dag_dependencies.py took 0.502 seconds
[2026-08-19T12:38:15.433+0000] {processor.py:161} INFO - Started process (PID=2785) to work on /opt/airflow/dags/dag_dependencies.py
[2026-08-19T12:38:15.434+0000] {processor.py:830} INFO - Processing file /opt/airflow/dags/dag_dependencies.py for tasks to queue
[2026-08-19T12:38:15.436+0000] {logging_mixin.py:188} INFO - [2026-08-19T12:38:15.436+0000] {dagbag.py:538} INFO - Filling up the DagBag from /opt/airflow/dags/dag_dependencies.py
[2026-08-19T12:38:15.865+0000] {processor.py:840} INFO - DAG(s) 'jour2_dependances' retrieved from /opt/airflow/dags/dag_dependencies.py
[2026-08-19T12:38:15.884+0000] {logging_mixin.py:188} INFO - [2026-08-19T12:38:15.883+0000] {dag.py:3036} INFO - Sync 1 DAGs
[2026-08-19T12:38:15.906+0000] {logging_mixin.py:188} INFO - [2026-08-19T12:38:15.905+0000] {dag.py:3823} INFO - Setting next_dagrun for jour2_dependances to 2026-08-19 00:00:00+00:00, run_after=2026-08-20 00:00:00+00:00
[2026-08-19T12:38:15.937+0000] {processor.py:183} INFO - Processing /opt/airflow/dags/dag_dependencies.py took 0.507 seconds
[2026-08-19T12:38:46.680+0000] {processor.py:161} INFO - Started process (PID=2868) to work on /opt/airflow/dags/dag_dependencies.py
[2026-08-19T12:38:46.681+0000] {processor.py:830} INFO - Processing file /opt/airflow/dags/dag_dependencies.py for tasks to queue
[2026-08-19T12:38:46.683+0000] {logging_mixin.py:188} INFO - [2026-08-19T12:38:46.683+0000] {dagbag.py:538} INFO - Filling up the DagBag from /opt/airflow/dags/dag_dependencies.py
[2026-08-19T12:38:47.134+0000] {processor.py:840} INFO - DAG(s) 'jour2_dependances' retrieved from /opt/airflow/dags/dag_dependencies.py
[2026-08-19T12:38:47.154+0000] {logging_mixin.py:188} INFO - [2026-08-19T12:38:47.153+0000] {dag.py:3036} INFO - Sync 1 DAGs
[2026-08-19T12:38:47.175+0000] {logging_mixin.py:188} INFO - [2026-08-19T12:38:47.175+0000] {dag.py:3823} INFO - Setting next_dagrun for jour2_dependances to 2026-08-19 00:00:00+00:00, run_after=2026-08-20 00:00:00+00:00
[2026-08-19T12:38:47.196+0000] {processor.py:183} INFO - Processing /opt/airflow/dags/dag_dependencies.py took 0.519 seconds
[2026-08-19T12:39:17.939+0000] {processor.py:161} INFO - Started process (PID=2951) to work on /opt/airflow/dags/dag_dependencies.py
[2026-08-19T12:39:17.940+0000] {processor.py:830} INFO - Processing file /opt/airflow/dags/dag_dependencies.py for tasks to queue
[2026-08-19T12:39:17.943+0000] {logging_mixin.py:188} INFO - [2026-08-19T12:39:17.942+0000] {dagbag.py:538} INFO - Filling up the DagBag from /opt/airflow/dags/dag_dependencies.py
[2026-08-19T12:39:18.336+0000] {processor.py:840} INFO - DAG(s) 'jour2_dependances' retrieved from /opt/airflow/dags/dag_dependencies.py
[2026-08-19T12:39:18.353+0000] {logging_mixin.py:188} INFO - [2026-08-19T12:39:18.353+0000] {dag.py:3036} INFO - Sync 1 DAGs
[2026-08-19T12:39:18.372+0000] {logging_mixin.py:188} INFO - [2026-08-19T12:39:18.372+0000] {dag.py:3823} INFO - Setting next_dagrun for jour2_dependances to 2026-08-19 00:00:00+00:00, run_after=2026-08-20 00:00:00+00:00
[2026-08-19T12:39:18.391+0000] {processor.py:183} INFO - Processing /opt/airflow/dags/dag_dependencies.py took 0.455 seconds
[2026-08-19T12:39:49.197+0000] {processor.py:161} INFO - Started process (PID=3034) to work on /opt/airflow/dags/dag_dependencies.py
[2026-08-19T12:39:49.200+0000] {processor.py:830} INFO - Processing file /opt/airflow/dags/dag_dependencies.py for tasks to queue
[2026-08-19T12:39:49.206+0000] {logging_mixin.py:188} INFO - [2026-08-19T12:39:49.204+0000] {dagbag.py:538} INFO - Filling up the DagBag from /opt/airflow/dags/dag_dependencies.py
[2026-08-19T12:39:49.933+0000] {processor.py:840} INFO - DAG(s) 'jour2_dependances' retrieved from /opt/airflow/dags/dag_dependencies.py
[2026-08-19T12:39:49.956+0000] {logging_mixin.py:188} INFO - [2026-08-19T12:39:49.956+0000] {dag.py:3036} INFO - Sync 1 DAGs
[2026-08-19T12:39:49.982+0000] {logging_mixin.py:188} INFO - [2026-08-19T12:39:49.982+0000] {dag.py:3823} INFO - Setting next_dagrun for jour2_dependances to 2026-08-19 00:00:00+00:00, run_after=2026-08-20 00:00:00+00:00
[2026-08-19T12:39:50.009+0000] {processor.py:183} INFO - Processing /opt/airflow/dags/dag_dependencies.py took 0.817 seconds
[2026-08-19T12:40:20.133+0000] {processor.py:161} INFO - Started process (PID=3117) to work on /opt/airflow/dags/dag_dependencies.py
[2026-08-19T12:40:20.134+0000] {processor.py:830} INFO - Processing file /opt/airflow/dags/dag_dependencies.py for tasks to queue
[2026-08-19T12:40:20.137+0000] {logging_mixin.py:188} INFO - [2026-08-19T12:40:20.136+0000] {dagbag.py:538} INFO - Filling up the DagBag from /opt/airflow/dags/dag_dependencies.py
[2026-08-19T12:40:20.556+0000] {processor.py:840} INFO - DAG(s) 'jour2_dependances' retrieved from /opt/airflow/dags/dag_dependencies.py
[2026-08-19T12:40:20.574+0000] {logging_mixin.py:188} INFO - [2026-08-19T12:40:20.574+0000] {dag.py:3036} INFO - Sync 1 DAGs
[2026-08-19T12:40:20.594+0000] {logging_mixin.py:188} INFO - [2026-08-19T12:40:20.594+0000] {dag.py:3823} INFO - Setting next_dagrun for jour2_dependances to 2026-08-19 00:00:00+00:00, run_after=2026-08-20 00:00:00+00:00
[2026-08-19T12:40:20.617+0000] {processor.py:183} INFO - Processing /opt/airflow/dags/dag_dependencies.py took 0.488 seconds
[2026-08-19T12:40:51.336+0000] {processor.py:161} INFO - Started process (PID=3200) to work on /opt/airflow/dags/dag_dependencies.py
[2026-08-19T12:40:51.338+0000] {processor.py:830} INFO - Processing file /opt/airflow/dags/dag_dependencies.py for tasks to queue
[2026-08-19T12:40:51.341+0000] {logging_mixin.py:188} INFO - [2026-08-19T12:40:51.341+0000] {dagbag.py:538} INFO - Filling up the DagBag from /opt/airflow/dags/dag_dependencies.py
[2026-08-19T12:40:51.769+0000] {processor.py:840} INFO - DAG(s) 'jour2_dependances' retrieved from /opt/airflow/dags/dag_dependencies.py
[2026-08-19T12:40:51.793+0000] {logging_mixin.py:188} INFO - [2026-08-19T12:40:51.792+0000] {dag.py:3036} INFO - Sync 1 DAGs
[2026-08-19T12:40:51.826+0000] {logging_mixin.py:188} INFO - [2026-08-19T12:40:51.825+0000] {dag.py:3823} INFO - Setting next_dagrun for jour2_dependances to 2026-08-19 00:00:00+00:00, run_after=2026-08-20 00:00:00+00:00
[2026-08-19T12:40:51.866+0000] {processor.py:183} INFO - Processing /opt/airflow/dags/dag_dependencies.py took 0.533 seconds
[2026-08-19T12:41:22.795+0000] {processor.py:161} INFO - Started process (PID=3287) to work on /opt/airflow/dags/dag_dependencies.py
[2026-08-19T12:41:22.796+0000] {processor.py:830} INFO - Processing file /opt/airflow/dags/dag_dependencies.py for tasks to queue
[2026-08-19T12:41:22.798+0000] {logging_mixin.py:188} INFO - [2026-08-19T12:41:22.798+0000] {dagbag.py:538} INFO - Filling up the DagBag from /opt/airflow/dags/dag_dependencies.py
[2026-08-19T12:41:23.192+0000] {processor.py:840} INFO - DAG(s) 'jour2_dependances' retrieved from /opt/airflow/dags/dag_dependencies.py
[2026-08-19T12:41:23.211+0000] {logging_mixin.py:188} INFO - [2026-08-19T12:41:23.211+0000] {dag.py:3036} INFO - Sync 1 DAGs
[2026-08-19T12:41:23.231+0000] {logging_mixin.py:188} INFO - [2026-08-19T12:41:23.231+0000] {dag.py:3823} INFO - Setting next_dagrun for jour2_dependances to 2026-08-19 00:00:00+00:00, run_after=2026-08-20 00:00:00+00:00
[2026-08-19T12:41:23.255+0000] {processor.py:183} INFO - Processing /opt/airflow/dags/dag_dependencies.py took 0.463 seconds
[2026-08-19T12:41:53.350+0000] {processor.py:161} INFO - Started process (PID=3370) to work on /opt/airflow/dags/dag_dependencies.py
[2026-08-19T12:41:53.354+0000] {processor.py:830} INFO - Processing file /opt/airflow/dags/dag_dependencies.py for tasks to queue
[2026-08-19T12:41:53.356+0000] {logging_mixin.py:188} INFO - [2026-08-19T12:41:53.356+0000] {dagbag.py:538} INFO - Filling up the DagBag from /opt/airflow/dags/dag_dependencies.py
[2026-08-19T12:41:53.772+0000] {processor.py:840} INFO - DAG(s) 'jour2_dependances' retrieved from /opt/airflow/dags/dag_dependencies.py
[2026-08-19T12:41:53.793+0000] {logging_mixin.py:188} INFO - [2026-08-19T12:41:53.792+0000] {dag.py:3036} INFO - Sync 1 DAGs
[2026-08-19T12:41:53.815+0000] {logging_mixin.py:188} INFO - [2026-08-19T12:41:53.814+0000] {dag.py:3823} INFO - Setting next_dagrun for jour2_dependances to 2026-08-19 00:00:00+00:00, run_after=2026-08-20 00:00:00+00:00
[2026-08-19T12:41:53.835+0000] {processor.py:183} INFO - Processing /opt/airflow/dags/dag_dependencies.py took 0.488 seconds
[2026-08-19T12:42:23.956+0000] {processor.py:161} INFO - Started process (PID=3453) to work on /opt/airflow/dags/dag_dependencies.py
[2026-08-19T12:42:23.957+0000] {processor.py:830} INFO - Processing file /opt/airflow/dags/dag_dependencies.py for tasks to queue
[2026-08-19T12:42:23.959+0000] {logging_mixin.py:188} INFO - [2026-08-19T12:42:23.959+0000] {dagbag.py:538} INFO - Filling up the DagBag from /opt/airflow/dags/dag_dependencies.py
[2026-08-19T12:42:24.424+0000] {processor.py:840} INFO - DAG(s) 'jour2_dependances' retrieved from /opt/airflow/dags/dag_dependencies.py
[2026-08-19T12:42:24.441+0000] {logging_mixin.py:188} INFO - [2026-08-19T12:42:24.441+0000] {dag.py:3036} INFO - Sync 1 DAGs
[2026-08-19T12:42:24.462+0000] {logging_mixin.py:188} INFO - [2026-08-19T12:42:24.462+0000] {dag.py:3823} INFO - Setting next_dagrun for jour2_dependances to 2026-08-19 00:00:00+00:00, run_after=2026-08-20 00:00:00+00:00
[2026-08-19T12:42:24.482+0000] {processor.py:183} INFO - Processing /opt/airflow/dags/dag_dependencies.py took 0.531 seconds
[2026-08-19T12:42:55.457+0000] {processor.py:161} INFO - Started process (PID=3536) to work on /opt/airflow/dags/dag_dependencies.py
[2026-08-19T12:42:55.459+0000] {processor.py:830} INFO - Processing file /opt/airflow/dags/dag_dependencies.py for tasks to queue
[2026-08-19T12:42:55.461+0000] {logging_mixin.py:188} INFO - [2026-08-19T12:42:55.461+0000] {dagbag.py:538} INFO - Filling up the DagBag from /opt/airflow/dags/dag_dependencies.py
[2026-08-19T12:42:55.926+0000] {processor.py:840} INFO - DAG(s) 'jour2_dependances' retrieved from /opt/airflow/dags/dag_dependencies.py
[2026-08-19T12:42:55.945+0000] {logging_mixin.py:188} INFO - [2026-08-19T12:42:55.945+0000] {dag.py:3036} INFO - Sync 1 DAGs
[2026-08-19T12:42:55.968+0000] {logging_mixin.py:188} INFO - [2026-08-19T12:42:55.968+0000] {dag.py:3823} INFO - Setting next_dagrun for jour2_dependances to 2026-08-19 00:00:00+00:00, run_after=2026-08-20 00:00:00+00:00
[2026-08-19T12:42:55.994+0000] {processor.py:183} INFO - Processing /opt/airflow/dags/dag_dependencies.py took 0.541 seconds
[2026-08-19T12:43:26.284+0000] {processor.py:161} INFO - Started process (PID=3619) to work on /opt/airflow/dags/dag_dependencies.py
[2026-08-19T12:43:26.286+0000] {processor.py:830} INFO - Processing file /opt/airflow/dags/dag_dependencies.py for tasks to queue
[2026-08-19T12:43:26.290+0000] {logging_mixin.py:188} INFO - [2026-08-19T12:43:26.289+0000] {dagbag.py:538} INFO - Filling up the DagBag from /opt/airflow/dags/dag_dependencies.py
[2026-08-19T12:43:27.046+0000] {processor.py:840} INFO - DAG(s) 'jour2_dependances' retrieved from /opt/airflow/dags/dag_dependencies.py
[2026-08-19T12:43:27.083+0000] {logging_mixin.py:188} INFO - [2026-08-19T12:43:27.081+0000] {dag.py:3036} INFO - Sync 1 DAGs
[2026-08-19T12:43:27.124+0000] {logging_mixin.py:188} INFO - [2026-08-19T12:43:27.123+0000] {dag.py:3823} INFO - Setting next_dagrun for jour2_dependances to 2026-08-19 00:00:00+00:00, run_after=2026-08-20 00:00:00+00:00
[2026-08-19T12:43:27.173+0000] {processor.py:183} INFO - Processing /opt/airflow/dags/dag_dependencies.py took 0.895 seconds
[2026-08-19T12:43:58.065+0000] {processor.py:161} INFO - Started process (PID=3702) to work on /opt/airflow/dags/dag_dependencies.py
[2026-08-19T12:43:58.081+0000] {processor.py:830} INFO - Processing file /opt/airflow/dags/dag_dependencies.py for tasks to queue
[2026-08-19T12:43:58.088+0000] {logging_mixin.py:188} INFO - [2026-08-19T12:43:58.087+0000] {dagbag.py:538} INFO - Filling up the DagBag from /opt/airflow/dags/dag_dependencies.py
[2026-08-19T12:44:00.038+0000] {processor.py:840} INFO - DAG(s) 'jour2_dependances' retrieved from /opt/airflow/dags/dag_dependencies.py
[2026-08-19T12:44:00.125+0000] {logging_mixin.py:188} INFO - [2026-08-19T12:44:00.124+0000] {dag.py:3036} INFO - Sync 1 DAGs
[2026-08-19T12:44:00.226+0000] {logging_mixin.py:188} INFO - [2026-08-19T12:44:00.224+0000] {dag.py:3823} INFO - Setting next_dagrun for jour2_dependances to 2026-08-19 00:00:00+00:00, run_after=2026-08-20 00:00:00+00:00
[2026-08-19T12:44:00.309+0000] {processor.py:183} INFO - Processing /opt/airflow/dags/dag_dependencies.py took 2.249 seconds
[2026-08-19T12:44:30.557+0000] {processor.py:161} INFO - Started process (PID=3786) to work on /opt/airflow/dags/dag_dependencies.py
[2026-08-19T12:44:30.558+0000] {processor.py:830} INFO - Processing file /opt/airflow/dags/dag_dependencies.py for tasks to queue
[2026-08-19T12:44:30.561+0000] {logging_mixin.py:188} INFO - [2026-08-19T12:44:30.561+0000] {dagbag.py:538} INFO - Filling up the DagBag from /opt/airflow/dags/dag_dependencies.py
[2026-08-19T12:44:30.902+0000] {processor.py:840} INFO - DAG(s) 'jour2_dependances' retrieved from /opt/airflow/dags/dag_dependencies.py
[2026-08-19T12:44:30.932+0000] {logging_mixin.py:188} INFO - [2026-08-19T12:44:30.931+0000] {dag.py:3036} INFO - Sync 1 DAGs
[2026-08-19T12:44:30.965+0000] {logging_mixin.py:188} INFO - [2026-08-19T12:44:30.965+0000] {dag.py:3823} INFO - Setting next_dagrun for jour2_dependances to 2026-08-19 00:00:00+00:00, run_after=2026-08-20 00:00:00+00:00
[2026-08-19T12:44:30.992+0000] {processor.py:183} INFO - Processing /opt/airflow/dags/dag_dependencies.py took 0.439 seconds
[2026-08-19T12:45:01.569+0000] {processor.py:161} INFO - Started process (PID=3870) to work on /opt/airflow/dags/dag_dependencies.py
[2026-08-19T12:45:01.570+0000] {processor.py:830} INFO - Processing file /opt/airflow/dags/dag_dependencies.py for tasks to queue
[2026-08-19T12:45:01.573+0000] {logging_mixin.py:188} INFO - [2026-08-19T12:45:01.572+0000] {dagbag.py:538} INFO - Filling up the DagBag from /opt/airflow/dags/dag_dependencies.py
[2026-08-19T12:45:01.847+0000] {processor.py:840} INFO - DAG(s) 'jour2_dependances' retrieved from /opt/airflow/dags/dag_dependencies.py
[2026-08-19T12:45:01.873+0000] {logging_mixin.py:188} INFO - [2026-08-19T12:45:01.873+0000] {dag.py:3036} INFO - Sync 1 DAGs
[2026-08-19T12:45:01.934+0000] {logging_mixin.py:188} INFO - [2026-08-19T12:45:01.933+0000] {dag.py:3823} INFO - Setting next_dagrun for jour2_dependances to 2026-08-19 00:00:00+00:00, run_after=2026-08-20 00:00:00+00:00
[2026-08-19T12:45:01.959+0000] {processor.py:183} INFO - Processing /opt/airflow/dags/dag_dependencies.py took 0.395 seconds
[2026-08-19T12:45:32.444+0000] {processor.py:161} INFO - Started process (PID=3957) to work on /opt/airflow/dags/dag_dependencies.py
[2026-08-19T12:45:32.445+0000] {processor.py:830} INFO - Processing file /opt/airflow/dags/dag_dependencies.py for tasks to queue
[2026-08-19T12:45:32.447+0000] {logging_mixin.py:188} INFO - [2026-08-19T12:45:32.447+0000] {dagbag.py:538} INFO - Filling up the DagBag from /opt/airflow/dags/dag_dependencies.py
[2026-08-19T12:45:32.757+0000] {processor.py:840} INFO - DAG(s) 'jour2_dependances' retrieved from /opt/airflow/dags/dag_dependencies.py
[2026-08-19T12:45:32.781+0000] {logging_mixin.py:188} INFO - [2026-08-19T12:45:32.781+0000] {dag.py:3036} INFO - Sync 1 DAGs
[2026-08-19T12:45:32.811+0000] {logging_mixin.py:188} INFO - [2026-08-19T12:45:32.811+0000] {dag.py:3823} INFO - Setting next_dagrun for jour2_dependances to 2026-08-19 00:00:00+00:00, run_after=2026-08-20 00:00:00+00:00
[2026-08-19T12:45:32.841+0000] {processor.py:183} INFO - Processing /opt/airflow/dags/dag_dependencies.py took 0.400 seconds
[2026-08-19T12:46:03.793+0000] {processor.py:161} INFO - Started process (PID=4040) to work on /opt/airflow/dags/dag_dependencies.py
[2026-08-19T12:46:03.795+0000] {processor.py:830} INFO - Processing file /opt/airflow/dags/dag_dependencies.py for tasks to queue
[2026-08-19T12:46:03.797+0000] {logging_mixin.py:188} INFO - [2026-08-19T12:46:03.797+0000] {dagbag.py:538} INFO - Filling up the DagBag from /opt/airflow/dags/dag_dependencies.py
[2026-08-19T12:46:04.040+0000] {processor.py:840} INFO - DAG(s) 'jour2_dependances' retrieved from /opt/airflow/dags/dag_dependencies.py
[2026-08-19T12:46:04.062+0000] {logging_mixin.py:188} INFO - [2026-08-19T12:46:04.062+0000] {dag.py:3036} INFO - Sync 1 DAGs
[2026-08-19T12:46:04.085+0000] {logging_mixin.py:188} INFO - [2026-08-19T12:46:04.085+0000] {dag.py:3823} INFO - Setting next_dagrun for jour2_dependances to 2026-08-19 00:00:00+00:00, run_after=2026-08-20 00:00:00+00:00
[2026-08-19T12:46:04.107+0000] {processor.py:183} INFO - Processing /opt/airflow/dags/dag_dependencies.py took 0.317 seconds
[2026-08-19T12:46:35.041+0000] {processor.py:161} INFO - Started process (PID=4123) to work on /opt/airflow/dags/dag_dependencies.py
[2026-08-19T12:46:35.042+0000] {processor.py:830} INFO - Processing file /opt/airflow/dags/dag_dependencies.py for tasks to queue
[2026-08-19T12:46:35.046+0000] {logging_mixin.py:188} INFO - [2026-08-19T12:46:35.045+0000] {dagbag.py:538} INFO - Filling up the DagBag from /opt/airflow/dags/dag_dependencies.py
[2026-08-19T12:46:35.292+0000] {processor.py:840} INFO - DAG(s) 'jour2_dependances' retrieved from /opt/airflow/dags/dag_dependencies.py
[2026-08-19T12:46:35.314+0000] {logging_mixin.py:188} INFO - [2026-08-19T12:46:35.313+0000] {dag.py:3036} INFO - Sync 1 DAGs
[2026-08-19T12:46:35.336+0000] {logging_mixin.py:188} INFO - [2026-08-19T12:46:35.336+0000] {dag.py:3823} INFO - Setting next_dagrun for jour2_dependances to 2026-08-19 00:00:00+00:00, run_after=2026-08-20 00:00:00+00:00
[2026-08-19T12:46:35.359+0000] {processor.py:183} INFO - Processing /opt/airflow/dags/dag_dependencies.py took 0.321 seconds
[2026-08-19T12:47:06.204+0000] {processor.py:161} INFO - Started process (PID=4206) to work on /opt/airflow/dags/dag_dependencies.py
[2026-08-19T12:47:06.205+0000] {processor.py:830} INFO - Processing file /opt/airflow/dags/dag_dependencies.py for tasks to queue
[2026-08-19T12:47:06.207+0000] {logging_mixin.py:188} INFO - [2026-08-19T12:47:06.207+0000] {dagbag.py:538} INFO - Filling up the DagBag from /opt/airflow/dags/dag_dependencies.py
[2026-08-19T12:47:06.540+0000] {processor.py:840} INFO - DAG(s) 'jour2_dependances' retrieved from /opt/airflow/dags/dag_dependencies.py
[2026-08-19T12:47:06.563+0000] {logging_mixin.py:188} INFO - [2026-08-19T12:47:06.562+0000] {dag.py:3036} INFO - Sync 1 DAGs
[2026-08-19T12:47:06.588+0000] {logging_mixin.py:188} INFO - [2026-08-19T12:47:06.588+0000] {dag.py:3823} INFO - Setting next_dagrun for jour2_dependances to 2026-08-19 00:00:00+00:00, run_after=2026-08-20 00:00:00+00:00
[2026-08-19T12:47:06.611+0000] {processor.py:183} INFO - Processing /opt/airflow/dags/dag_dependencies.py took 0.410 seconds
[2026-08-19T12:47:36.979+0000] {processor.py:161} INFO - Started process (PID=4291) to work on /opt/airflow/dags/dag_dependencies.py
[2026-08-19T12:47:36.980+0000] {processor.py:830} INFO - Processing file /opt/airflow/dags/dag_dependencies.py for tasks to queue
[2026-08-19T12:47:36.983+0000] {logging_mixin.py:188} INFO - [2026-08-19T12:47:36.983+0000] {dagbag.py:538} INFO - Filling up the DagBag from /opt/airflow/dags/dag_dependencies.py
[2026-08-19T12:47:37.303+0000] {processor.py:840} INFO - DAG(s) 'jour2_dependances' retrieved from /opt/airflow/dags/dag_dependencies.py
[2026-08-19T12:47:37.332+0000] {logging_mixin.py:188} INFO - [2026-08-19T12:47:37.332+0000] {dag.py:3036} INFO - Sync 1 DAGs
[2026-08-19T12:47:37.362+0000] {logging_mixin.py:188} INFO - [2026-08-19T12:47:37.362+0000] {dag.py:3823} INFO - Setting next_dagrun for jour2_dependances to 2026-08-19 00:00:00+00:00, run_after=2026-08-20 00:00:00+00:00
[2026-08-19T12:47:37.391+0000] {processor.py:183} INFO - Processing /opt/airflow/dags/dag_dependencies.py took 0.416 seconds
[2026-08-19T12:48:07.751+0000] {processor.py:161} INFO - Started process (PID=4374) to work on /opt/airflow/dags/dag_dependencies.py
[2026-08-19T12:48:07.752+0000] {processor.py:830} INFO - Processing file /opt/airflow/dags/dag_dependencies.py for tasks to queue
[2026-08-19T12:48:07.754+0000] {logging_mixin.py:188} INFO - [2026-08-19T12:48:07.754+0000] {dagbag.py:538} INFO - Filling up the DagBag from /opt/airflow/dags/dag_dependencies.py
[2026-08-19T12:48:08.019+0000] {processor.py:840} INFO - DAG(s) 'jour2_dependances' retrieved from /opt/airflow/dags/dag_dependencies.py
[2026-08-19T12:48:08.040+0000] {logging_mixin.py:188} INFO - [2026-08-19T12:48:08.040+0000] {dag.py:3036} INFO - Sync 1 DAGs
[2026-08-19T12:48:08.062+0000] {logging_mixin.py:188} INFO - [2026-08-19T12:48:08.062+0000] {dag.py:3823} INFO - Setting next_dagrun for jour2_dependances to 2026-08-19 00:00:00+00:00, run_after=2026-08-20 00:00:00+00:00
[2026-08-19T12:48:08.083+0000] {processor.py:183} INFO - Processing /opt/airflow/dags/dag_dependencies.py took 0.336 seconds
[2026-08-19T12:48:38.392+0000] {processor.py:161} INFO - Started process (PID=4457) to work on /opt/airflow/dags/dag_dependencies.py
[2026-08-19T12:48:38.393+0000] {processor.py:830} INFO - Processing file /opt/airflow/dags/dag_dependencies.py for tasks to queue
[2026-08-19T12:48:38.396+0000] {logging_mixin.py:188} INFO - [2026-08-19T12:48:38.396+0000] {dagbag.py:538} INFO - Filling up the DagBag from /opt/airflow/dags/dag_dependencies.py
[2026-08-19T12:48:38.646+0000] {processor.py:840} INFO - DAG(s) 'jour2_dependances' retrieved from /opt/airflow/dags/dag_dependencies.py
[2026-08-19T12:48:38.667+0000] {logging_mixin.py:188} INFO - [2026-08-19T12:48:38.667+0000] {dag.py:3036} INFO - Sync 1 DAGs
[2026-08-19T12:48:38.691+0000] {logging_mixin.py:188} INFO - [2026-08-19T12:48:38.690+0000] {dag.py:3823} INFO - Setting next_dagrun for jour2_dependances to 2026-08-19 00:00:00+00:00, run_after=2026-08-20 00:00:00+00:00
[2026-08-19T12:48:38.715+0000] {processor.py:183} INFO - Processing /opt/airflow/dags/dag_dependencies.py took 0.327 seconds
[2026-08-19T12:49:09.000+0000] {processor.py:161} INFO - Started process (PID=4540) to work on /opt/airflow/dags/dag_dependencies.py
[2026-08-19T12:49:09.001+0000] {processor.py:830} INFO - Processing file /opt/airflow/dags/dag_dependencies.py for tasks to queue
[2026-08-19T12:49:09.004+0000] {logging_mixin.py:188} INFO - [2026-08-19T12:49:09.004+0000] {dagbag.py:538} INFO - Filling up the DagBag from /opt/airflow/dags/dag_dependencies.py
[2026-08-19T12:49:09.254+0000] {processor.py:840} INFO - DAG(s) 'jour2_dependances' retrieved from /opt/airflow/dags/dag_dependencies.py
[2026-08-19T12:49:09.275+0000] {logging_mixin.py:188} INFO - [2026-08-19T12:49:09.275+0000] {dag.py:3036} INFO - Sync 1 DAGs
[2026-08-19T12:49:09.297+0000] {logging_mixin.py:188} INFO - [2026-08-19T12:49:09.297+0000] {dag.py:3823} INFO - Setting next_dagrun for jour2_dependances to 2026-08-19 00:00:00+00:00, run_after=2026-08-20 00:00:00+00:00
[2026-08-19T12:49:09.318+0000] {processor.py:183} INFO - Processing /opt/airflow/dags/dag_dependencies.py took 0.321 seconds
[2026-08-19T12:49:39.632+0000] {processor.py:161} INFO - Started process (PID=4623) to work on /opt/airflow/dags/dag_dependencies.py
[2026-08-19T12:49:39.634+0000] {processor.py:830} INFO - Processing file /opt/airflow/dags/dag_dependencies.py for tasks to queue
[2026-08-19T12:49:39.637+0000] {logging_mixin.py:188} INFO - [2026-08-19T12:49:39.637+0000] {dagbag.py:538} INFO - Filling up the DagBag from /opt/airflow/dags/dag_dependencies.py
[2026-08-19T12:49:39.921+0000] {processor.py:840} INFO - DAG(s) 'jour2_dependances' retrieved from /opt/airflow/dags/dag_dependencies.py
[2026-08-19T12:49:39.946+0000] {logging_mixin.py:188} INFO - [2026-08-19T12:49:39.945+0000] {dag.py:3036} INFO - Sync 1 DAGs
[2026-08-19T12:49:39.970+0000] {logging_mixin.py:188} INFO - [2026-08-19T12:49:39.970+0000] {dag.py:3823} INFO - Setting next_dagrun for jour2_dependances to 2026-08-19 00:00:00+00:00, run_after=2026-08-20 00:00:00+00:00
[2026-08-19T12:49:39.995+0000] {processor.py:183} INFO - Processing /opt/airflow/dags/dag_dependencies.py took 0.369 seconds
[2026-08-19T12:50:10.353+0000] {processor.py:161} INFO - Started process (PID=4707) to work on /opt/airflow/dags/dag_dependencies.py
[2026-08-19T12:50:10.356+0000] {processor.py:830} INFO - Processing file /opt/airflow/dags/dag_dependencies.py for tasks to queue
[2026-08-19T12:50:10.359+0000] {logging_mixin.py:188} INFO - [2026-08-19T12:50:10.358+0000] {dagbag.py:538} INFO - Filling up the DagBag from /opt/airflow/dags/dag_dependencies.py
[2026-08-19T12:50:10.735+0000] {processor.py:840} INFO - DAG(s) 'jour2_dependances' retrieved from /opt/airflow/dags/dag_dependencies.py
[2026-08-19T12:50:10.762+0000] {logging_mixin.py:188} INFO - [2026-08-19T12:50:10.761+0000] {dag.py:3036} INFO - Sync 1 DAGs
[2026-08-19T12:50:10.788+0000] {logging_mixin.py:188} INFO - [2026-08-19T12:50:10.787+0000] {dag.py:3823} INFO - Setting next_dagrun for jour2_dependances to 2026-08-19 00:00:00+00:00, run_after=2026-08-20 00:00:00+00:00
[2026-08-19T12:50:10.814+0000] {processor.py:183} INFO - Processing /opt/airflow/dags/dag_dependencies.py took 0.465 seconds
[2026-08-19T12:50:40.903+0000] {processor.py:161} INFO - Started process (PID=4796) to work on /opt/airflow/dags/dag_dependencies.py
[2026-08-19T12:50:40.905+0000] {processor.py:830} INFO - Processing file /opt/airflow/dags/dag_dependencies.py for tasks to queue
[2026-08-19T12:50:40.907+0000] {logging_mixin.py:188} INFO - [2026-08-19T12:50:40.907+0000] {dagbag.py:538} INFO - Filling up the DagBag from /opt/airflow/dags/dag_dependencies.py
[2026-08-19T12:50:41.158+0000] {processor.py:840} INFO - DAG(s) 'jour2_dependances' retrieved from /opt/airflow/dags/dag_dependencies.py
[2026-08-19T12:50:41.184+0000] {logging_mixin.py:188} INFO - [2026-08-19T12:50:41.184+0000] {dag.py:3036} INFO - Sync 1 DAGs
[2026-08-19T12:50:41.206+0000] {logging_mixin.py:188} INFO - [2026-08-19T12:50:41.206+0000] {dag.py:3823} INFO - Setting next_dagrun for jour2_dependances to 2026-08-19 00:00:00+00:00, run_after=2026-08-20 00:00:00+00:00
[2026-08-19T12:50:41.227+0000] {processor.py:183} INFO - Processing /opt/airflow/dags/dag_dependencies.py took 0.329 seconds
[2026-08-19T12:51:11.725+0000] {processor.py:161} INFO - Started process (PID=4879) to work on /opt/airflow/dags/dag_dependencies.py
[2026-08-19T12:51:11.726+0000] {processor.py:830} INFO - Processing file /opt/airflow/dags/dag_dependencies.py for tasks to queue
[2026-08-19T12:51:11.729+0000] {logging_mixin.py:188} INFO - [2026-08-19T12:51:11.729+0000] {dagbag.py:538} INFO - Filling up the DagBag from /opt/airflow/dags/dag_dependencies.py
[2026-08-19T12:51:12.001+0000] {processor.py:840} INFO - DAG(s) 'jour2_dependances' retrieved from /opt/airflow/dags/dag_dependencies.py
[2026-08-19T12:51:12.023+0000] {logging_mixin.py:188} INFO - [2026-08-19T12:51:12.023+0000] {dag.py:3036} INFO - Sync 1 DAGs
[2026-08-19T12:51:12.046+0000] {logging_mixin.py:188} INFO - [2026-08-19T12:51:12.046+0000] {dag.py:3823} INFO - Setting next_dagrun for jour2_dependances to 2026-08-19 00:00:00+00:00, run_after=2026-08-20 00:00:00+00:00
[2026-08-19T12:51:12.070+0000] {processor.py:183} INFO - Processing /opt/airflow/dags/dag_dependencies.py took 0.349 seconds
[2026-08-19T12:51:42.709+0000] {processor.py:161} INFO - Started process (PID=4962) to work on /opt/airflow/dags/dag_dependencies.py
[2026-08-19T12:51:42.710+0000] {processor.py:830} INFO - Processing file /opt/airflow/dags/dag_dependencies.py for tasks to queue
[2026-08-19T12:51:42.712+0000] {logging_mixin.py:188} INFO - [2026-08-19T12:51:42.712+0000] {dagbag.py:538} INFO - Filling up the DagBag from /opt/airflow/dags/dag_dependencies.py
[2026-08-19T12:51:43.004+0000] {processor.py:840} INFO - DAG(s) 'jour2_dependances' retrieved from /opt/airflow/dags/dag_dependencies.py
[2026-08-19T12:51:43.029+0000] {logging_mixin.py:188} INFO - [2026-08-19T12:51:43.029+0000] {dag.py:3036} INFO - Sync 1 DAGs
[2026-08-19T12:51:43.053+0000] {logging_mixin.py:188} INFO - [2026-08-19T12:51:43.053+0000] {dag.py:3823} INFO - Setting next_dagrun for jour2_dependances to 2026-08-19 00:00:00+00:00, run_after=2026-08-20 00:00:00+00:00
[2026-08-19T12:51:43.076+0000] {processor.py:183} INFO - Processing /opt/airflow/dags/dag_dependencies.py took 0.373 seconds
[2026-08-19T12:52:13.665+0000] {processor.py:161} INFO - Started process (PID=5051) to work on /opt/airflow/dags/dag_dependencies.py
[2026-08-19T12:52:13.670+0000] {processor.py:830} INFO - Processing file /opt/airflow/dags/dag_dependencies.py for tasks to queue
[2026-08-19T12:52:13.673+0000] {logging_mixin.py:188} INFO - [2026-08-19T12:52:13.673+0000] {dagbag.py:538} INFO - Filling up the DagBag from /opt/airflow/dags/dag_dependencies.py
[2026-08-19T12:52:14.000+0000] {processor.py:840} INFO - DAG(s) 'jour2_dependances' retrieved from /opt/airflow/dags/dag_dependencies.py
[2026-08-19T12:52:14.022+0000] {logging_mixin.py:188} INFO - [2026-08-19T12:52:14.022+0000] {dag.py:3036} INFO - Sync 1 DAGs
[2026-08-19T12:52:14.046+0000] {logging_mixin.py:188} INFO - [2026-08-19T12:52:14.045+0000] {dag.py:3823} INFO - Setting next_dagrun for jour2_dependances to 2026-08-19 00:00:00+00:00, run_after=2026-08-20 00:00:00+00:00
[2026-08-19T12:52:14.069+0000] {processor.py:183} INFO - Processing /opt/airflow/dags/dag_dependencies.py took 0.409 seconds
[2026-08-19T12:52:44.404+0000] {processor.py:161} INFO - Started process (PID=5134) to work on /opt/airflow/dags/dag_dependencies.py
[2026-08-19T12:52:44.406+0000] {processor.py:830} INFO - Processing file /opt/airflow/dags/dag_dependencies.py for tasks to queue
[2026-08-19T12:52:44.408+0000] {logging_mixin.py:188} INFO - [2026-08-19T12:52:44.408+0000] {dagbag.py:538} INFO - Filling up the DagBag from /opt/airflow/dags/dag_dependencies.py
[2026-08-19T12:52:44.731+0000] {processor.py:840} INFO - DAG(s) 'jour2_dependances' retrieved from /opt/airflow/dags/dag_dependencies.py
[2026-08-19T12:52:44.759+0000] {logging_mixin.py:188} INFO - [2026-08-19T12:52:44.758+0000] {dag.py:3036} INFO - Sync 1 DAGs
[2026-08-19T12:52:44.799+0000] {logging_mixin.py:188} INFO - [2026-08-19T12:52:44.799+0000] {dag.py:3823} INFO - Setting next_dagrun for jour2_dependances to 2026-08-19 00:00:00+00:00, run_after=2026-08-20 00:00:00+00:00
[2026-08-19T12:52:44.825+0000] {processor.py:183} INFO - Processing /opt/airflow/dags/dag_dependencies.py took 0.425 seconds
[2026-08-19T12:53:15.026+0000] {processor.py:161} INFO - Started process (PID=5216) to work on /opt/airflow/dags/dag_dependencies.py
[2026-08-19T12:53:15.027+0000] {processor.py:830} INFO - Processing file /opt/airflow/dags/dag_dependencies.py for tasks to queue
[2026-08-19T12:53:15.029+0000] {logging_mixin.py:188} INFO - [2026-08-19T12:53:15.029+0000] {dagbag.py:538} INFO - Filling up the DagBag from /opt/airflow/dags/dag_dependencies.py
[2026-08-19T12:53:15.293+0000] {processor.py:840} INFO - DAG(s) 'jour2_dependances' retrieved from /opt/airflow/dags/dag_dependencies.py
[2026-08-19T12:53:15.315+0000] {logging_mixin.py:188} INFO - [2026-08-19T12:53:15.314+0000] {dag.py:3036} INFO - Sync 1 DAGs
[2026-08-19T12:53:15.342+0000] {logging_mixin.py:188} INFO - [2026-08-19T12:53:15.342+0000] {dag.py:3823} INFO - Setting next_dagrun for jour2_dependances to 2026-08-19 00:00:00+00:00, run_after=2026-08-20 00:00:00+00:00
[2026-08-19T12:53:15.442+0000] {processor.py:183} INFO - Processing /opt/airflow/dags/dag_dependencies.py took 0.421 seconds
[2026-08-19T12:53:46.286+0000] {processor.py:161} INFO - Started process (PID=5303) to work on /opt/airflow/dags/dag_dependencies.py
[2026-08-19T12:53:46.287+0000] {processor.py:830} INFO - Processing file /opt/airflow/dags/dag_dependencies.py for tasks to queue
[2026-08-19T12:53:46.289+0000] {logging_mixin.py:188} INFO - [2026-08-19T12:53:46.289+0000] {dagbag.py:538} INFO - Filling up the DagBag from /opt/airflow/dags/dag_dependencies.py
[2026-08-19T12:53:46.862+0000] {processor.py:840} INFO - DAG(s) 'jour2_dependances' retrieved from /opt/airflow/dags/dag_dependencies.py
[2026-08-19T12:53:46.884+0000] {logging_mixin.py:188} INFO - [2026-08-19T12:53:46.883+0000] {dag.py:3036} INFO - Sync 1 DAGs
[2026-08-19T12:53:46.949+0000] {logging_mixin.py:188} INFO - [2026-08-19T12:53:46.949+0000] {dag.py:3823} INFO - Setting next_dagrun for jour2_dependances to 2026-08-19 00:00:00+00:00, run_after=2026-08-20 00:00:00+00:00
[2026-08-19T12:53:47.081+0000] {processor.py:183} INFO - Processing /opt/airflow/dags/dag_dependencies.py took 0.799 seconds
[2026-08-19T12:54:17.535+0000] {processor.py:161} INFO - Started process (PID=5386) to work on /opt/airflow/dags/dag_dependencies.py
[2026-08-19T12:54:17.536+0000] {processor.py:830} INFO - Processing file /opt/airflow/dags/dag_dependencies.py for tasks to queue
[2026-08-19T12:54:17.539+0000] {logging_mixin.py:188} INFO - [2026-08-19T12:54:17.538+0000] {dagbag.py:538} INFO - Filling up the DagBag from /opt/airflow/dags/dag_dependencies.py
[2026-08-19T12:54:18.014+0000] {processor.py:840} INFO - DAG(s) 'jour2_dependances' retrieved from /opt/airflow/dags/dag_dependencies.py
[2026-08-19T12:54:18.031+0000] {logging_mixin.py:188} INFO - [2026-08-19T12:54:18.031+0000] {dag.py:3036} INFO - Sync 1 DAGs
[2026-08-19T12:54:18.051+0000] {logging_mixin.py:188} INFO - [2026-08-19T12:54:18.050+0000] {dag.py:3823} INFO - Setting next_dagrun for jour2_dependances to 2026-08-19 00:00:00+00:00, run_after=2026-08-20 00:00:00+00:00
[2026-08-19T12:54:18.403+0000] {processor.py:183} INFO - Processing /opt/airflow/dags/dag_dependencies.py took 0.872 seconds
[2026-08-19T12:54:48.652+0000] {processor.py:161} INFO - Started process (PID=5469) to work on /opt/airflow/dags/dag_dependencies.py
[2026-08-19T12:54:48.654+0000] {processor.py:830} INFO - Processing file /opt/airflow/dags/dag_dependencies.py for tasks to queue
[2026-08-19T12:54:48.656+0000] {logging_mixin.py:188} INFO - [2026-08-19T12:54:48.656+0000] {dagbag.py:538} INFO - Filling up the DagBag from /opt/airflow/dags/dag_dependencies.py
[2026-08-19T12:54:49.123+0000] {processor.py:840} INFO - DAG(s) 'jour2_dependances' retrieved from /opt/airflow/dags/dag_dependencies.py
[2026-08-19T12:54:49.140+0000] {logging_mixin.py:188} INFO - [2026-08-19T12:54:49.140+0000] {dag.py:3036} INFO - Sync 1 DAGs
[2026-08-19T12:54:49.160+0000] {logging_mixin.py:188} INFO - [2026-08-19T12:54:49.160+0000] {dag.py:3823} INFO - Setting next_dagrun for jour2_dependances to 2026-08-19 00:00:00+00:00, run_after=2026-08-20 00:00:00+00:00
[2026-08-19T12:54:49.295+0000] {processor.py:183} INFO - Processing /opt/airflow/dags/dag_dependencies.py took 0.646 seconds
[2026-08-19T12:55:19.635+0000] {processor.py:161} INFO - Started process (PID=5552) to work on /opt/airflow/dags/dag_dependencies.py
[2026-08-19T12:55:19.637+0000] {processor.py:830} INFO - Processing file /opt/airflow/dags/dag_dependencies.py for tasks to queue
[2026-08-19T12:55:19.639+0000] {logging_mixin.py:188} INFO - [2026-08-19T12:55:19.638+0000] {dagbag.py:538} INFO - Filling up the DagBag from /opt/airflow/dags/dag_dependencies.py
[2026-08-19T12:55:20.070+0000] {processor.py:840} INFO - DAG(s) 'jour2_dependances' retrieved from /opt/airflow/dags/dag_dependencies.py
[2026-08-19T12:55:20.088+0000] {logging_mixin.py:188} INFO - [2026-08-19T12:55:20.088+0000] {dag.py:3036} INFO - Sync 1 DAGs
[2026-08-19T12:55:20.109+0000] {logging_mixin.py:188} INFO - [2026-08-19T12:55:20.109+0000] {dag.py:3823} INFO - Setting next_dagrun for jour2_dependances to 2026-08-19 00:00:00+00:00, run_after=2026-08-20 00:00:00+00:00
[2026-08-19T12:55:20.203+0000] {processor.py:183} INFO - Processing /opt/airflow/dags/dag_dependencies.py took 0.571 seconds
[2026-08-19T12:55:50.628+0000] {processor.py:161} INFO - Started process (PID=5635) to work on /opt/airflow/dags/dag_dependencies.py
[2026-08-19T12:55:50.629+0000] {processor.py:830} INFO - Processing file /opt/airflow/dags/dag_dependencies.py for tasks to queue
[2026-08-19T12:55:50.631+0000] {logging_mixin.py:188} INFO - [2026-08-19T12:55:50.631+0000] {dagbag.py:538} INFO - Filling up the DagBag from /opt/airflow/dags/dag_dependencies.py
[2026-08-19T12:55:51.045+0000] {processor.py:840} INFO - DAG(s) 'jour2_dependances' retrieved from /opt/airflow/dags/dag_dependencies.py
[2026-08-19T12:55:51.064+0000] {logging_mixin.py:188} INFO - [2026-08-19T12:55:51.063+0000] {dag.py:3036} INFO - Sync 1 DAGs
[2026-08-19T12:55:51.085+0000] {logging_mixin.py:188} INFO - [2026-08-19T12:55:51.085+0000] {dag.py:3823} INFO - Setting next_dagrun for jour2_dependances to 2026-08-19 00:00:00+00:00, run_after=2026-08-20 00:00:00+00:00
[2026-08-19T12:55:51.208+0000] {processor.py:183} INFO - Processing /opt/airflow/dags/dag_dependencies.py took 0.584 seconds
[2026-08-19T12:56:21.398+0000] {processor.py:161} INFO - Started process (PID=5718) to work on /opt/airflow/dags/dag_dependencies.py
[2026-08-19T12:56:21.399+0000] {processor.py:830} INFO - Processing file /opt/airflow/dags/dag_dependencies.py for tasks to queue
[2026-08-19T12:56:21.402+0000] {logging_mixin.py:188} INFO - [2026-08-19T12:56:21.401+0000] {dagbag.py:538} INFO - Filling up the DagBag from /opt/airflow/dags/dag_dependencies.py
[2026-08-19T12:56:21.821+0000] {processor.py:840} INFO - DAG(s) 'jour2_dependances' retrieved from /opt/airflow/dags/dag_dependencies.py
[2026-08-19T12:56:21.841+0000] {logging_mixin.py:188} INFO - [2026-08-19T12:56:21.841+0000] {dag.py:3036} INFO - Sync 1 DAGs
[2026-08-19T12:56:21.866+0000] {logging_mixin.py:188} INFO - [2026-08-19T12:56:21.865+0000] {dag.py:3823} INFO - Setting next_dagrun for jour2_dependances to 2026-08-19 00:00:00+00:00, run_after=2026-08-20 00:00:00+00:00
[2026-08-19T12:56:21.973+0000] {processor.py:183} INFO - Processing /opt/airflow/dags/dag_dependencies.py took 0.580 seconds
[2026-08-19T12:56:52.161+0000] {processor.py:161} INFO - Started process (PID=5801) to work on /opt/airflow/dags/dag_dependencies.py
[2026-08-19T12:56:52.163+0000] {processor.py:830} INFO - Processing file /opt/airflow/dags/dag_dependencies.py for tasks to queue
[2026-08-19T12:56:52.165+0000] {logging_mixin.py:188} INFO - [2026-08-19T12:56:52.165+0000] {dagbag.py:538} INFO - Filling up the DagBag from /opt/airflow/dags/dag_dependencies.py
[2026-08-19T12:56:52.662+0000] {processor.py:840} INFO - DAG(s) 'jour2_dependances' retrieved from /opt/airflow/dags/dag_dependencies.py
[2026-08-19T12:56:52.680+0000] {logging_mixin.py:188} INFO - [2026-08-19T12:56:52.679+0000] {dag.py:3036} INFO - Sync 1 DAGs
[2026-08-19T12:56:52.705+0000] {logging_mixin.py:188} INFO - [2026-08-19T12:56:52.704+0000] {dag.py:3823} INFO - Setting next_dagrun for jour2_dependances to 2026-08-19 00:00:00+00:00, run_after=2026-08-20 00:00:00+00:00
[2026-08-19T12:56:52.730+0000] {processor.py:183} INFO - Processing /opt/airflow/dags/dag_dependencies.py took 0.575 seconds
