[2026-08-19T12:21:40.610+0000] {processor.py:161} INFO - Started process (PID=77) to work on /opt/airflow/dags/dag_pipeline_complet.py
[2026-08-19T12:21:40.616+0000] {processor.py:830} INFO - Processing file /opt/airflow/dags/dag_pipeline_complet.py for tasks to queue
[2026-08-19T12:21:40.621+0000] {logging_mixin.py:188} INFO - [2026-08-19T12:21:40.620+0000] {dagbag.py:538} INFO - Filling up the DagBag from /opt/airflow/dags/dag_pipeline_complet.py
[2026-08-19T12:21:41.568+0000] {processor.py:840} INFO - DAG(s) 'jour5_pipeline_complet' retrieved from /opt/airflow/dags/dag_pipeline_complet.py
[2026-08-19T12:21:41.837+0000] {logging_mixin.py:188} INFO - [2026-08-19T12:21:41.836+0000] {dag.py:3036} INFO - Sync 1 DAGs
[2026-08-19T12:21:41.874+0000] {logging_mixin.py:188} INFO - [2026-08-19T12:21:41.873+0000] {dag.py:3823} INFO - Setting next_dagrun for jour5_pipeline_complet to 2026-08-18 00:00:00+00:00, run_after=2026-08-19 00:00:00+00:00
[2026-08-19T12:21:41.915+0000] {processor.py:183} INFO - Processing /opt/airflow/dags/dag_pipeline_complet.py took 1.314 seconds
[2026-08-19T12:22:36.175+0000] {processor.py:161} INFO - Started process (PID=221) to work on /opt/airflow/dags/dag_pipeline_complet.py
[2026-08-19T12:22:36.177+0000] {processor.py:830} INFO - Processing file /opt/airflow/dags/dag_pipeline_complet.py for tasks to queue
[2026-08-19T12:22:36.190+0000] {logging_mixin.py:188} INFO - [2026-08-19T12:22:36.190+0000] {dagbag.py:538} INFO - Filling up the DagBag from /opt/airflow/dags/dag_pipeline_complet.py
[2026-08-19T12:22:37.755+0000] {processor.py:840} INFO - DAG(s) 'jour5_pipeline_complet' retrieved from /opt/airflow/dags/dag_pipeline_complet.py
[2026-08-19T12:22:38.057+0000] {logging_mixin.py:188} INFO - [2026-08-19T12:22:38.056+0000] {dag.py:3036} INFO - Sync 1 DAGs
[2026-08-19T12:22:38.221+0000] {logging_mixin.py:188} INFO - [2026-08-19T12:22:38.220+0000] {dag.py:3823} INFO - Setting next_dagrun for jour5_pipeline_complet to 2026-08-19 00:00:00+00:00, run_after=2026-08-20 00:00:00+00:00
[2026-08-19T12:22:38.331+0000] {processor.py:183} INFO - Processing /opt/airflow/dags/dag_pipeline_complet.py took 2.177 seconds
[2026-08-19T12:23:08.941+0000] {processor.py:161} INFO - Started process (PID=313) to work on /opt/airflow/dags/dag_pipeline_complet.py
[2026-08-19T12:23:08.944+0000] {processor.py:830} INFO - Processing file /opt/airflow/dags/dag_pipeline_complet.py for tasks to queue
[2026-08-19T12:23:08.948+0000] {logging_mixin.py:188} INFO - [2026-08-19T12:23:08.947+0000] {dagbag.py:538} INFO - Filling up the DagBag from /opt/airflow/dags/dag_pipeline_complet.py
[2026-08-19T12:23:09.484+0000] {processor.py:840} INFO - DAG(s) 'jour5_pipeline_complet' retrieved from /opt/airflow/dags/dag_pipeline_complet.py
[2026-08-19T12:23:09.606+0000] {logging_mixin.py:188} INFO - [2026-08-19T12:23:09.605+0000] {dag.py:3036} INFO - Sync 1 DAGs
[2026-08-19T12:23:09.627+0000] {logging_mixin.py:188} INFO - [2026-08-19T12:23:09.627+0000] {dag.py:3823} INFO - Setting next_dagrun for jour5_pipeline_complet to 2026-08-19 00:00:00+00:00, run_after=2026-08-20 00:00:00+00:00
[2026-08-19T12:23:09.649+0000] {processor.py:183} INFO - Processing /opt/airflow/dags/dag_pipeline_complet.py took 0.715 seconds
[2026-08-19T12:23:40.017+0000] {processor.py:161} INFO - Started process (PID=396) to work on /opt/airflow/dags/dag_pipeline_complet.py
[2026-08-19T12:23:40.020+0000] {processor.py:830} INFO - Processing file /opt/airflow/dags/dag_pipeline_complet.py for tasks to queue
[2026-08-19T12:23:40.026+0000] {logging_mixin.py:188} INFO - [2026-08-19T12:23:40.025+0000] {dagbag.py:538} INFO - Filling up the DagBag from /opt/airflow/dags/dag_pipeline_complet.py
[2026-08-19T12:23:41.048+0000] {processor.py:840} INFO - DAG(s) 'jour5_pipeline_complet' retrieved from /opt/airflow/dags/dag_pipeline_complet.py
[2026-08-19T12:23:41.164+0000] {logging_mixin.py:188} INFO - [2026-08-19T12:23:41.163+0000] {dag.py:3036} INFO - Sync 1 DAGs
[2026-08-19T12:23:41.233+0000] {logging_mixin.py:188} INFO - [2026-08-19T12:23:41.232+0000] {dag.py:3823} INFO - Setting next_dagrun for jour5_pipeline_complet to 2026-08-19 00:00:00+00:00, run_after=2026-08-20 00:00:00+00:00
[2026-08-19T12:23:41.289+0000] {processor.py:183} INFO - Processing /opt/airflow/dags/dag_pipeline_complet.py took 1.280 seconds
[2026-08-19T12:24:11.840+0000] {processor.py:161} INFO - Started process (PID=483) to work on /opt/airflow/dags/dag_pipeline_complet.py
[2026-08-19T12:24:11.842+0000] {processor.py:830} INFO - Processing file /opt/airflow/dags/dag_pipeline_complet.py for tasks to queue
[2026-08-19T12:24:11.844+0000] {logging_mixin.py:188} INFO - [2026-08-19T12:24:11.844+0000] {dagbag.py:538} INFO - Filling up the DagBag from /opt/airflow/dags/dag_pipeline_complet.py
[2026-08-19T12:24:12.265+0000] {processor.py:840} INFO - DAG(s) 'jour5_pipeline_complet' retrieved from /opt/airflow/dags/dag_pipeline_complet.py
[2026-08-19T12:24:12.298+0000] {logging_mixin.py:188} INFO - [2026-08-19T12:24:12.297+0000] {dag.py:3036} INFO - Sync 1 DAGs
[2026-08-19T12:24:12.317+0000] {logging_mixin.py:188} INFO - [2026-08-19T12:24:12.316+0000] {dag.py:3823} INFO - Setting next_dagrun for jour5_pipeline_complet to 2026-08-19 00:00:00+00:00, run_after=2026-08-20 00:00:00+00:00
[2026-08-19T12:24:12.336+0000] {processor.py:183} INFO - Processing /opt/airflow/dags/dag_pipeline_complet.py took 0.500 seconds
[2026-08-19T12:24:42.527+0000] {processor.py:161} INFO - Started process (PID=566) to work on /opt/airflow/dags/dag_pipeline_complet.py
[2026-08-19T12:24:42.529+0000] {processor.py:830} INFO - Processing file /opt/airflow/dags/dag_pipeline_complet.py for tasks to queue
[2026-08-19T12:24:42.533+0000] {logging_mixin.py:188} INFO - [2026-08-19T12:24:42.533+0000] {dagbag.py:538} INFO - Filling up the DagBag from /opt/airflow/dags/dag_pipeline_complet.py
[2026-08-19T12:24:42.998+0000] {processor.py:840} INFO - DAG(s) 'jour5_pipeline_complet' retrieved from /opt/airflow/dags/dag_pipeline_complet.py
[2026-08-19T12:24:43.036+0000] {logging_mixin.py:188} INFO - [2026-08-19T12:24:43.036+0000] {dag.py:3036} INFO - Sync 1 DAGs
[2026-08-19T12:24:43.056+0000] {logging_mixin.py:188} INFO - [2026-08-19T12:24:43.056+0000] {dag.py:3823} INFO - Setting next_dagrun for jour5_pipeline_complet to 2026-08-19 00:00:00+00:00, run_after=2026-08-20 00:00:00+00:00
[2026-08-19T12:24:43.118+0000] {processor.py:183} INFO - Processing /opt/airflow/dags/dag_pipeline_complet.py took 0.596 seconds
[2026-08-19T12:25:13.555+0000] {processor.py:161} INFO - Started process (PID=649) to work on /opt/airflow/dags/dag_pipeline_complet.py
[2026-08-19T12:25:13.557+0000] {processor.py:830} INFO - Processing file /opt/airflow/dags/dag_pipeline_complet.py for tasks to queue
[2026-08-19T12:25:13.560+0000] {logging_mixin.py:188} INFO - [2026-08-19T12:25:13.559+0000] {dagbag.py:538} INFO - Filling up the DagBag from /opt/airflow/dags/dag_pipeline_complet.py
[2026-08-19T12:25:14.009+0000] {processor.py:840} INFO - DAG(s) 'jour5_pipeline_complet' retrieved from /opt/airflow/dags/dag_pipeline_complet.py
[2026-08-19T12:25:14.043+0000] {logging_mixin.py:188} INFO - [2026-08-19T12:25:14.043+0000] {dag.py:3036} INFO - Sync 1 DAGs
[2026-08-19T12:25:14.064+0000] {logging_mixin.py:188} INFO - [2026-08-19T12:25:14.064+0000] {dag.py:3823} INFO - Setting next_dagrun for jour5_pipeline_complet to 2026-08-19 00:00:00+00:00, run_after=2026-08-20 00:00:00+00:00
[2026-08-19T12:25:14.122+0000] {processor.py:183} INFO - Processing /opt/airflow/dags/dag_pipeline_complet.py took 0.572 seconds
[2026-08-19T12:25:44.528+0000] {processor.py:161} INFO - Started process (PID=732) to work on /opt/airflow/dags/dag_pipeline_complet.py
[2026-08-19T12:25:44.530+0000] {processor.py:830} INFO - Processing file /opt/airflow/dags/dag_pipeline_complet.py for tasks to queue
[2026-08-19T12:25:44.534+0000] {logging_mixin.py:188} INFO - [2026-08-19T12:25:44.534+0000] {dagbag.py:538} INFO - Filling up the DagBag from /opt/airflow/dags/dag_pipeline_complet.py
[2026-08-19T12:25:45.108+0000] {processor.py:840} INFO - DAG(s) 'jour5_pipeline_complet' retrieved from /opt/airflow/dags/dag_pipeline_complet.py
[2026-08-19T12:25:45.150+0000] {logging_mixin.py:188} INFO - [2026-08-19T12:25:45.149+0000] {dag.py:3036} INFO - Sync 1 DAGs
[2026-08-19T12:25:45.180+0000] {logging_mixin.py:188} INFO - [2026-08-19T12:25:45.179+0000] {dag.py:3823} INFO - Setting next_dagrun for jour5_pipeline_complet to 2026-08-19 00:00:00+00:00, run_after=2026-08-20 00:00:00+00:00
[2026-08-19T12:25:45.207+0000] {processor.py:183} INFO - Processing /opt/airflow/dags/dag_pipeline_complet.py took 0.686 seconds
[2026-08-19T12:26:15.639+0000] {processor.py:161} INFO - Started process (PID=816) to work on /opt/airflow/dags/dag_pipeline_complet.py
[2026-08-19T12:26:15.640+0000] {processor.py:830} INFO - Processing file /opt/airflow/dags/dag_pipeline_complet.py for tasks to queue
[2026-08-19T12:26:15.643+0000] {logging_mixin.py:188} INFO - [2026-08-19T12:26:15.642+0000] {dagbag.py:538} INFO - Filling up the DagBag from /opt/airflow/dags/dag_pipeline_complet.py
[2026-08-19T12:26:16.031+0000] {processor.py:840} INFO - DAG(s) 'jour5_pipeline_complet' retrieved from /opt/airflow/dags/dag_pipeline_complet.py
[2026-08-19T12:26:16.063+0000] {logging_mixin.py:188} INFO - [2026-08-19T12:26:16.062+0000] {dag.py:3036} INFO - Sync 1 DAGs
[2026-08-19T12:26:16.176+0000] {logging_mixin.py:188} INFO - [2026-08-19T12:26:16.175+0000] {dag.py:3823} INFO - Setting next_dagrun for jour5_pipeline_complet to 2026-08-19 00:00:00+00:00, run_after=2026-08-20 00:00:00+00:00
[2026-08-19T12:26:16.308+0000] {processor.py:183} INFO - Processing /opt/airflow/dags/dag_pipeline_complet.py took 0.673 seconds
[2026-08-19T12:26:48.154+0000] {processor.py:161} INFO - Started process (PID=899) to work on /opt/airflow/dags/dag_pipeline_complet.py
[2026-08-19T12:26:48.159+0000] {processor.py:830} INFO - Processing file /opt/airflow/dags/dag_pipeline_complet.py for tasks to queue
[2026-08-19T12:26:48.174+0000] {logging_mixin.py:188} INFO - [2026-08-19T12:26:48.172+0000] {dagbag.py:538} INFO - Filling up the DagBag from /opt/airflow/dags/dag_pipeline_complet.py
[2026-08-19T12:26:49.551+0000] {processor.py:840} INFO - DAG(s) 'jour5_pipeline_complet' retrieved from /opt/airflow/dags/dag_pipeline_complet.py
[2026-08-19T12:26:49.642+0000] {logging_mixin.py:188} INFO - [2026-08-19T12:26:49.640+0000] {dag.py:3036} INFO - Sync 1 DAGs
[2026-08-19T12:26:49.705+0000] {logging_mixin.py:188} INFO - [2026-08-19T12:26:49.704+0000] {dag.py:3823} INFO - Setting next_dagrun for jour5_pipeline_complet to 2026-08-19 00:00:00+00:00, run_after=2026-08-20 00:00:00+00:00
[2026-08-19T12:26:49.810+0000] {processor.py:183} INFO - Processing /opt/airflow/dags/dag_pipeline_complet.py took 1.665 seconds
[2026-08-19T12:27:02.174+0000] {processor.py:161} INFO - Started process (PID=943) to work on /opt/airflow/dags/dag_pipeline_complet.py
[2026-08-19T12:27:02.175+0000] {processor.py:830} INFO - Processing file /opt/airflow/dags/dag_pipeline_complet.py for tasks to queue
[2026-08-19T12:27:02.177+0000] {logging_mixin.py:188} INFO - [2026-08-19T12:27:02.177+0000] {dagbag.py:538} INFO - Filling up the DagBag from /opt/airflow/dags/dag_pipeline_complet.py
[2026-08-19T12:27:02.583+0000] {processor.py:840} INFO - DAG(s) 'jour5_pipeline_complet' retrieved from /opt/airflow/dags/dag_pipeline_complet.py
[2026-08-19T12:27:02.799+0000] {logging_mixin.py:188} INFO - [2026-08-19T12:27:02.799+0000] {dag.py:1508} INFO - Executing dag callback function: <function on_success_callback at 0x7b56d81c2c10>
[2026-08-19T12:27:02.800+0000] {logging_mixin.py:188} INFO - [OK] DAG jour5_pipeline_complet terminé avec succès pour le 2026-08-18
[2026-08-19T12:27:02.824+0000] {logging_mixin.py:188} INFO - [2026-08-19T12:27:02.824+0000] {dag.py:3036} INFO - Sync 1 DAGs
[2026-08-19T12:27:02.841+0000] {logging_mixin.py:188} INFO - [2026-08-19T12:27:02.841+0000] {dag.py:3823} INFO - Setting next_dagrun for jour5_pipeline_complet to 2026-08-19 00:00:00+00:00, run_after=2026-08-20 00:00:00+00:00
[2026-08-19T12:27:02.883+0000] {processor.py:183} INFO - Processing /opt/airflow/dags/dag_pipeline_complet.py took 0.713 seconds
[2026-08-19T12:27:33.508+0000] {processor.py:161} INFO - Started process (PID=1027) to work on /opt/airflow/dags/dag_pipeline_complet.py
[2026-08-19T12:27:33.511+0000] {processor.py:830} INFO - Processing file /opt/airflow/dags/dag_pipeline_complet.py for tasks to queue
[2026-08-19T12:27:33.518+0000] {logging_mixin.py:188} INFO - [2026-08-19T12:27:33.517+0000] {dagbag.py:538} INFO - Filling up the DagBag from /opt/airflow/dags/dag_pipeline_complet.py
[2026-08-19T12:27:34.612+0000] {processor.py:840} INFO - DAG(s) 'jour5_pipeline_complet' retrieved from /opt/airflow/dags/dag_pipeline_complet.py
[2026-08-19T12:27:34.754+0000] {logging_mixin.py:188} INFO - [2026-08-19T12:27:34.750+0000] {dag.py:3036} INFO - Sync 1 DAGs
[2026-08-19T12:27:34.831+0000] {logging_mixin.py:188} INFO - [2026-08-19T12:27:34.830+0000] {dag.py:3823} INFO - Setting next_dagrun for jour5_pipeline_complet to 2026-08-19 00:00:00+00:00, run_after=2026-08-20 00:00:00+00:00
[2026-08-19T12:27:34.886+0000] {processor.py:183} INFO - Processing /opt/airflow/dags/dag_pipeline_complet.py took 1.384 seconds
[2026-08-19T12:28:05.134+0000] {processor.py:161} INFO - Started process (PID=1111) to work on /opt/airflow/dags/dag_pipeline_complet.py
[2026-08-19T12:28:05.135+0000] {processor.py:830} INFO - Processing file /opt/airflow/dags/dag_pipeline_complet.py for tasks to queue
[2026-08-19T12:28:05.137+0000] {logging_mixin.py:188} INFO - [2026-08-19T12:28:05.137+0000] {dagbag.py:538} INFO - Filling up the DagBag from /opt/airflow/dags/dag_pipeline_complet.py
[2026-08-19T12:28:05.547+0000] {processor.py:840} INFO - DAG(s) 'jour5_pipeline_complet' retrieved from /opt/airflow/dags/dag_pipeline_complet.py
[2026-08-19T12:28:05.593+0000] {logging_mixin.py:188} INFO - [2026-08-19T12:28:05.593+0000] {dag.py:3036} INFO - Sync 1 DAGs
[2026-08-19T12:28:05.616+0000] {logging_mixin.py:188} INFO - [2026-08-19T12:28:05.616+0000] {dag.py:3823} INFO - Setting next_dagrun for jour5_pipeline_complet to 2026-08-19 00:00:00+00:00, run_after=2026-08-20 00:00:00+00:00
[2026-08-19T12:28:05.643+0000] {processor.py:183} INFO - Processing /opt/airflow/dags/dag_pipeline_complet.py took 0.513 seconds
[2026-08-19T12:28:36.507+0000] {processor.py:161} INFO - Started process (PID=1194) to work on /opt/airflow/dags/dag_pipeline_complet.py
[2026-08-19T12:28:36.508+0000] {processor.py:830} INFO - Processing file /opt/airflow/dags/dag_pipeline_complet.py for tasks to queue
[2026-08-19T12:28:36.510+0000] {logging_mixin.py:188} INFO - [2026-08-19T12:28:36.510+0000] {dagbag.py:538} INFO - Filling up the DagBag from /opt/airflow/dags/dag_pipeline_complet.py
[2026-08-19T12:28:36.777+0000] {processor.py:840} INFO - DAG(s) 'jour5_pipeline_complet' retrieved from /opt/airflow/dags/dag_pipeline_complet.py
[2026-08-19T12:28:36.815+0000] {logging_mixin.py:188} INFO - [2026-08-19T12:28:36.814+0000] {dag.py:3036} INFO - Sync 1 DAGs
[2026-08-19T12:28:36.837+0000] {logging_mixin.py:188} INFO - [2026-08-19T12:28:36.837+0000] {dag.py:3823} INFO - Setting next_dagrun for jour5_pipeline_complet to 2026-08-19 00:00:00+00:00, run_after=2026-08-20 00:00:00+00:00
[2026-08-19T12:28:36.858+0000] {processor.py:183} INFO - Processing /opt/airflow/dags/dag_pipeline_complet.py took 0.355 seconds
[2026-08-19T12:29:07.528+0000] {processor.py:161} INFO - Started process (PID=1285) to work on /opt/airflow/dags/dag_pipeline_complet.py
[2026-08-19T12:29:07.543+0000] {processor.py:830} INFO - Processing file /opt/airflow/dags/dag_pipeline_complet.py for tasks to queue
[2026-08-19T12:29:07.566+0000] {logging_mixin.py:188} INFO - [2026-08-19T12:29:07.564+0000] {dagbag.py:538} INFO - Filling up the DagBag from /opt/airflow/dags/dag_pipeline_complet.py
[2026-08-19T12:29:08.696+0000] {processor.py:840} INFO - DAG(s) 'jour5_pipeline_complet' retrieved from /opt/airflow/dags/dag_pipeline_complet.py
[2026-08-19T12:29:09.046+0000] {logging_mixin.py:188} INFO - [2026-08-19T12:29:09.041+0000] {dag.py:3036} INFO - Sync 1 DAGs
[2026-08-19T12:29:09.164+0000] {logging_mixin.py:188} INFO - [2026-08-19T12:29:09.163+0000] {dag.py:3823} INFO - Setting next_dagrun for jour5_pipeline_complet to 2026-08-19 00:00:00+00:00, run_after=2026-08-20 00:00:00+00:00
[2026-08-19T12:29:09.234+0000] {processor.py:183} INFO - Processing /opt/airflow/dags/dag_pipeline_complet.py took 1.753 seconds
[2026-08-19T12:29:39.465+0000] {processor.py:161} INFO - Started process (PID=1377) to work on /opt/airflow/dags/dag_pipeline_complet.py
[2026-08-19T12:29:39.467+0000] {processor.py:830} INFO - Processing file /opt/airflow/dags/dag_pipeline_complet.py for tasks to queue
[2026-08-19T12:29:39.469+0000] {logging_mixin.py:188} INFO - [2026-08-19T12:29:39.469+0000] {dagbag.py:538} INFO - Filling up the DagBag from /opt/airflow/dags/dag_pipeline_complet.py
[2026-08-19T12:29:39.838+0000] {processor.py:840} INFO - DAG(s) 'jour5_pipeline_complet' retrieved from /opt/airflow/dags/dag_pipeline_complet.py
[2026-08-19T12:29:39.894+0000] {logging_mixin.py:188} INFO - [2026-08-19T12:29:39.893+0000] {dag.py:3036} INFO - Sync 1 DAGs
[2026-08-19T12:29:39.940+0000] {logging_mixin.py:188} INFO - [2026-08-19T12:29:39.939+0000] {dag.py:3823} INFO - Setting next_dagrun for jour5_pipeline_complet to 2026-08-19 00:00:00+00:00, run_after=2026-08-20 00:00:00+00:00
[2026-08-19T12:29:39.962+0000] {processor.py:183} INFO - Processing /opt/airflow/dags/dag_pipeline_complet.py took 0.502 seconds
[2026-08-19T12:30:10.097+0000] {processor.py:161} INFO - Started process (PID=1470) to work on /opt/airflow/dags/dag_pipeline_complet.py
[2026-08-19T12:30:10.098+0000] {processor.py:830} INFO - Processing file /opt/airflow/dags/dag_pipeline_complet.py for tasks to queue
[2026-08-19T12:30:10.100+0000] {logging_mixin.py:188} INFO - [2026-08-19T12:30:10.100+0000] {dagbag.py:538} INFO - Filling up the DagBag from /opt/airflow/dags/dag_pipeline_complet.py
[2026-08-19T12:30:10.339+0000] {processor.py:840} INFO - DAG(s) 'jour5_pipeline_complet' retrieved from /opt/airflow/dags/dag_pipeline_complet.py
[2026-08-19T12:30:10.372+0000] {logging_mixin.py:188} INFO - [2026-08-19T12:30:10.372+0000] {dag.py:3036} INFO - Sync 1 DAGs
[2026-08-19T12:30:10.395+0000] {logging_mixin.py:188} INFO - [2026-08-19T12:30:10.395+0000] {dag.py:3823} INFO - Setting next_dagrun for jour5_pipeline_complet to 2026-08-19 00:00:00+00:00, run_after=2026-08-20 00:00:00+00:00
[2026-08-19T12:30:10.418+0000] {processor.py:183} INFO - Processing /opt/airflow/dags/dag_pipeline_complet.py took 0.325 seconds
[2026-08-19T12:30:41.044+0000] {processor.py:161} INFO - Started process (PID=1551) to work on /opt/airflow/dags/dag_pipeline_complet.py
[2026-08-19T12:30:41.045+0000] {processor.py:830} INFO - Processing file /opt/airflow/dags/dag_pipeline_complet.py for tasks to queue
[2026-08-19T12:30:41.048+0000] {logging_mixin.py:188} INFO - [2026-08-19T12:30:41.048+0000] {dagbag.py:538} INFO - Filling up the DagBag from /opt/airflow/dags/dag_pipeline_complet.py
[2026-08-19T12:30:41.318+0000] {processor.py:840} INFO - DAG(s) 'jour5_pipeline_complet' retrieved from /opt/airflow/dags/dag_pipeline_complet.py
[2026-08-19T12:30:41.358+0000] {logging_mixin.py:188} INFO - [2026-08-19T12:30:41.357+0000] {dag.py:3036} INFO - Sync 1 DAGs
[2026-08-19T12:30:41.387+0000] {logging_mixin.py:188} INFO - [2026-08-19T12:30:41.387+0000] {dag.py:3823} INFO - Setting next_dagrun for jour5_pipeline_complet to 2026-08-19 00:00:00+00:00, run_after=2026-08-20 00:00:00+00:00
[2026-08-19T12:30:41.410+0000] {processor.py:183} INFO - Processing /opt/airflow/dags/dag_pipeline_complet.py took 0.372 seconds
[2026-08-19T12:31:11.549+0000] {processor.py:161} INFO - Started process (PID=1634) to work on /opt/airflow/dags/dag_pipeline_complet.py
[2026-08-19T12:31:11.550+0000] {processor.py:830} INFO - Processing file /opt/airflow/dags/dag_pipeline_complet.py for tasks to queue
[2026-08-19T12:31:11.553+0000] {logging_mixin.py:188} INFO - [2026-08-19T12:31:11.553+0000] {dagbag.py:538} INFO - Filling up the DagBag from /opt/airflow/dags/dag_pipeline_complet.py
[2026-08-19T12:31:11.903+0000] {processor.py:840} INFO - DAG(s) 'jour5_pipeline_complet' retrieved from /opt/airflow/dags/dag_pipeline_complet.py
[2026-08-19T12:31:11.943+0000] {logging_mixin.py:188} INFO - [2026-08-19T12:31:11.943+0000] {dag.py:3036} INFO - Sync 1 DAGs
[2026-08-19T12:31:11.975+0000] {logging_mixin.py:188} INFO - [2026-08-19T12:31:11.974+0000] {dag.py:3823} INFO - Setting next_dagrun for jour5_pipeline_complet to 2026-08-19 00:00:00+00:00, run_after=2026-08-20 00:00:00+00:00
[2026-08-19T12:31:11.998+0000] {processor.py:183} INFO - Processing /opt/airflow/dags/dag_pipeline_complet.py took 0.453 seconds
[2026-08-19T12:31:42.242+0000] {processor.py:161} INFO - Started process (PID=1724) to work on /opt/airflow/dags/dag_pipeline_complet.py
[2026-08-19T12:31:42.243+0000] {processor.py:830} INFO - Processing file /opt/airflow/dags/dag_pipeline_complet.py for tasks to queue
[2026-08-19T12:31:42.246+0000] {logging_mixin.py:188} INFO - [2026-08-19T12:31:42.245+0000] {dagbag.py:538} INFO - Filling up the DagBag from /opt/airflow/dags/dag_pipeline_complet.py
[2026-08-19T12:31:42.499+0000] {processor.py:840} INFO - DAG(s) 'jour5_pipeline_complet' retrieved from /opt/airflow/dags/dag_pipeline_complet.py
[2026-08-19T12:31:42.537+0000] {logging_mixin.py:188} INFO - [2026-08-19T12:31:42.536+0000] {dag.py:3036} INFO - Sync 1 DAGs
[2026-08-19T12:31:42.559+0000] {logging_mixin.py:188} INFO - [2026-08-19T12:31:42.559+0000] {dag.py:3823} INFO - Setting next_dagrun for jour5_pipeline_complet to 2026-08-19 00:00:00+00:00, run_after=2026-08-20 00:00:00+00:00
[2026-08-19T12:31:42.580+0000] {processor.py:183} INFO - Processing /opt/airflow/dags/dag_pipeline_complet.py took 0.342 seconds
[2026-08-19T12:32:12.881+0000] {processor.py:161} INFO - Started process (PID=1809) to work on /opt/airflow/dags/dag_pipeline_complet.py
[2026-08-19T12:32:12.882+0000] {processor.py:830} INFO - Processing file /opt/airflow/dags/dag_pipeline_complet.py for tasks to queue
[2026-08-19T12:32:12.884+0000] {logging_mixin.py:188} INFO - [2026-08-19T12:32:12.883+0000] {dagbag.py:538} INFO - Filling up the DagBag from /opt/airflow/dags/dag_pipeline_complet.py
[2026-08-19T12:32:13.115+0000] {processor.py:840} INFO - DAG(s) 'jour5_pipeline_complet' retrieved from /opt/airflow/dags/dag_pipeline_complet.py
[2026-08-19T12:32:13.149+0000] {logging_mixin.py:188} INFO - [2026-08-19T12:32:13.149+0000] {dag.py:3036} INFO - Sync 1 DAGs
[2026-08-19T12:32:13.171+0000] {logging_mixin.py:188} INFO - [2026-08-19T12:32:13.171+0000] {dag.py:3823} INFO - Setting next_dagrun for jour5_pipeline_complet to 2026-08-19 00:00:00+00:00, run_after=2026-08-20 00:00:00+00:00
[2026-08-19T12:32:13.189+0000] {processor.py:183} INFO - Processing /opt/airflow/dags/dag_pipeline_complet.py took 0.312 seconds
[2026-08-19T12:32:43.756+0000] {processor.py:161} INFO - Started process (PID=1896) to work on /opt/airflow/dags/dag_pipeline_complet.py
[2026-08-19T12:32:43.757+0000] {processor.py:830} INFO - Processing file /opt/airflow/dags/dag_pipeline_complet.py for tasks to queue
[2026-08-19T12:32:43.759+0000] {logging_mixin.py:188} INFO - [2026-08-19T12:32:43.759+0000] {dagbag.py:538} INFO - Filling up the DagBag from /opt/airflow/dags/dag_pipeline_complet.py
[2026-08-19T12:32:44.004+0000] {processor.py:840} INFO - DAG(s) 'jour5_pipeline_complet' retrieved from /opt/airflow/dags/dag_pipeline_complet.py
[2026-08-19T12:32:44.045+0000] {logging_mixin.py:188} INFO - [2026-08-19T12:32:44.044+0000] {dag.py:3036} INFO - Sync 1 DAGs
[2026-08-19T12:32:44.069+0000] {logging_mixin.py:188} INFO - [2026-08-19T12:32:44.069+0000] {dag.py:3823} INFO - Setting next_dagrun for jour5_pipeline_complet to 2026-08-19 00:00:00+00:00, run_after=2026-08-20 00:00:00+00:00
[2026-08-19T12:32:44.088+0000] {processor.py:183} INFO - Processing /opt/airflow/dags/dag_pipeline_complet.py took 0.336 seconds
[2026-08-19T12:33:14.150+0000] {processor.py:161} INFO - Started process (PID=1981) to work on /opt/airflow/dags/dag_pipeline_complet.py
[2026-08-19T12:33:14.151+0000] {processor.py:830} INFO - Processing file /opt/airflow/dags/dag_pipeline_complet.py for tasks to queue
[2026-08-19T12:33:14.153+0000] {logging_mixin.py:188} INFO - [2026-08-19T12:33:14.153+0000] {dagbag.py:538} INFO - Filling up the DagBag from /opt/airflow/dags/dag_pipeline_complet.py
[2026-08-19T12:33:14.409+0000] {processor.py:840} INFO - DAG(s) 'jour5_pipeline_complet' retrieved from /opt/airflow/dags/dag_pipeline_complet.py
[2026-08-19T12:33:14.444+0000] {logging_mixin.py:188} INFO - [2026-08-19T12:33:14.444+0000] {dag.py:3036} INFO - Sync 1 DAGs
[2026-08-19T12:33:14.468+0000] {logging_mixin.py:188} INFO - [2026-08-19T12:33:14.468+0000] {dag.py:3823} INFO - Setting next_dagrun for jour5_pipeline_complet to 2026-08-19 00:00:00+00:00, run_after=2026-08-20 00:00:00+00:00
[2026-08-19T12:33:14.487+0000] {processor.py:183} INFO - Processing /opt/airflow/dags/dag_pipeline_complet.py took 0.341 seconds
[2026-08-19T12:33:45.206+0000] {processor.py:161} INFO - Started process (PID=2064) to work on /opt/airflow/dags/dag_pipeline_complet.py
[2026-08-19T12:33:45.207+0000] {processor.py:830} INFO - Processing file /opt/airflow/dags/dag_pipeline_complet.py for tasks to queue
[2026-08-19T12:33:45.210+0000] {logging_mixin.py:188} INFO - [2026-08-19T12:33:45.209+0000] {dagbag.py:538} INFO - Filling up the DagBag from /opt/airflow/dags/dag_pipeline_complet.py
[2026-08-19T12:33:45.467+0000] {processor.py:840} INFO - DAG(s) 'jour5_pipeline_complet' retrieved from /opt/airflow/dags/dag_pipeline_complet.py
[2026-08-19T12:33:45.511+0000] {logging_mixin.py:188} INFO - [2026-08-19T12:33:45.510+0000] {dag.py:3036} INFO - Sync 1 DAGs
[2026-08-19T12:33:45.535+0000] {logging_mixin.py:188} INFO - [2026-08-19T12:33:45.535+0000] {dag.py:3823} INFO - Setting next_dagrun for jour5_pipeline_complet to 2026-08-19 00:00:00+00:00, run_after=2026-08-20 00:00:00+00:00
[2026-08-19T12:33:45.555+0000] {processor.py:183} INFO - Processing /opt/airflow/dags/dag_pipeline_complet.py took 0.353 seconds
[2026-08-19T12:34:15.771+0000] {processor.py:161} INFO - Started process (PID=2151) to work on /opt/airflow/dags/dag_pipeline_complet.py
[2026-08-19T12:34:15.772+0000] {processor.py:830} INFO - Processing file /opt/airflow/dags/dag_pipeline_complet.py for tasks to queue
[2026-08-19T12:34:15.778+0000] {logging_mixin.py:188} INFO - [2026-08-19T12:34:15.777+0000] {dagbag.py:538} INFO - Filling up the DagBag from /opt/airflow/dags/dag_pipeline_complet.py
[2026-08-19T12:34:16.102+0000] {processor.py:840} INFO - DAG(s) 'jour5_pipeline_complet' retrieved from /opt/airflow/dags/dag_pipeline_complet.py
[2026-08-19T12:34:16.140+0000] {logging_mixin.py:188} INFO - [2026-08-19T12:34:16.139+0000] {dag.py:3036} INFO - Sync 1 DAGs
[2026-08-19T12:34:16.169+0000] {logging_mixin.py:188} INFO - [2026-08-19T12:34:16.169+0000] {dag.py:3823} INFO - Setting next_dagrun for jour5_pipeline_complet to 2026-08-19 00:00:00+00:00, run_after=2026-08-20 00:00:00+00:00
[2026-08-19T12:34:16.194+0000] {processor.py:183} INFO - Processing /opt/airflow/dags/dag_pipeline_complet.py took 0.429 seconds
[2026-08-19T12:34:46.368+0000] {processor.py:161} INFO - Started process (PID=2234) to work on /opt/airflow/dags/dag_pipeline_complet.py
[2026-08-19T12:34:46.370+0000] {processor.py:830} INFO - Processing file /opt/airflow/dags/dag_pipeline_complet.py for tasks to queue
[2026-08-19T12:34:46.373+0000] {logging_mixin.py:188} INFO - [2026-08-19T12:34:46.372+0000] {dagbag.py:538} INFO - Filling up the DagBag from /opt/airflow/dags/dag_pipeline_complet.py
[2026-08-19T12:34:46.735+0000] {processor.py:840} INFO - DAG(s) 'jour5_pipeline_complet' retrieved from /opt/airflow/dags/dag_pipeline_complet.py
[2026-08-19T12:34:46.782+0000] {logging_mixin.py:188} INFO - [2026-08-19T12:34:46.781+0000] {dag.py:3036} INFO - Sync 1 DAGs
[2026-08-19T12:34:46.808+0000] {logging_mixin.py:188} INFO - [2026-08-19T12:34:46.808+0000] {dag.py:3823} INFO - Setting next_dagrun for jour5_pipeline_complet to 2026-08-19 00:00:00+00:00, run_after=2026-08-20 00:00:00+00:00
[2026-08-19T12:34:46.831+0000] {processor.py:183} INFO - Processing /opt/airflow/dags/dag_pipeline_complet.py took 0.468 seconds
[2026-08-19T12:35:16.962+0000] {processor.py:161} INFO - Started process (PID=2320) to work on /opt/airflow/dags/dag_pipeline_complet.py
[2026-08-19T12:35:16.964+0000] {processor.py:830} INFO - Processing file /opt/airflow/dags/dag_pipeline_complet.py for tasks to queue
[2026-08-19T12:35:16.966+0000] {logging_mixin.py:188} INFO - [2026-08-19T12:35:16.966+0000] {dagbag.py:538} INFO - Filling up the DagBag from /opt/airflow/dags/dag_pipeline_complet.py
[2026-08-19T12:35:17.260+0000] {processor.py:840} INFO - DAG(s) 'jour5_pipeline_complet' retrieved from /opt/airflow/dags/dag_pipeline_complet.py
[2026-08-19T12:35:17.297+0000] {logging_mixin.py:188} INFO - [2026-08-19T12:35:17.296+0000] {dag.py:3036} INFO - Sync 1 DAGs
[2026-08-19T12:35:17.319+0000] {logging_mixin.py:188} INFO - [2026-08-19T12:35:17.319+0000] {dag.py:3823} INFO - Setting next_dagrun for jour5_pipeline_complet to 2026-08-19 00:00:00+00:00, run_after=2026-08-20 00:00:00+00:00
[2026-08-19T12:35:17.342+0000] {processor.py:183} INFO - Processing /opt/airflow/dags/dag_pipeline_complet.py took 0.384 seconds
[2026-08-19T12:35:47.511+0000] {processor.py:161} INFO - Started process (PID=2403) to work on /opt/airflow/dags/dag_pipeline_complet.py
[2026-08-19T12:35:47.513+0000] {processor.py:830} INFO - Processing file /opt/airflow/dags/dag_pipeline_complet.py for tasks to queue
[2026-08-19T12:35:47.515+0000] {logging_mixin.py:188} INFO - [2026-08-19T12:35:47.515+0000] {dagbag.py:538} INFO - Filling up the DagBag from /opt/airflow/dags/dag_pipeline_complet.py
[2026-08-19T12:35:47.810+0000] {processor.py:840} INFO - DAG(s) 'jour5_pipeline_complet' retrieved from /opt/airflow/dags/dag_pipeline_complet.py
[2026-08-19T12:35:47.845+0000] {logging_mixin.py:188} INFO - [2026-08-19T12:35:47.844+0000] {dag.py:3036} INFO - Sync 1 DAGs
[2026-08-19T12:35:47.868+0000] {logging_mixin.py:188} INFO - [2026-08-19T12:35:47.868+0000] {dag.py:3823} INFO - Setting next_dagrun for jour5_pipeline_complet to 2026-08-19 00:00:00+00:00, run_after=2026-08-20 00:00:00+00:00
[2026-08-19T12:35:48.092+0000] {processor.py:183} INFO - Processing /opt/airflow/dags/dag_pipeline_complet.py took 0.586 seconds
[2026-08-19T12:36:18.200+0000] {processor.py:161} INFO - Started process (PID=2487) to work on /opt/airflow/dags/dag_pipeline_complet.py
[2026-08-19T12:36:18.202+0000] {processor.py:830} INFO - Processing file /opt/airflow/dags/dag_pipeline_complet.py for tasks to queue
[2026-08-19T12:36:18.206+0000] {logging_mixin.py:188} INFO - [2026-08-19T12:36:18.206+0000] {dagbag.py:538} INFO - Filling up the DagBag from /opt/airflow/dags/dag_pipeline_complet.py
[2026-08-19T12:36:18.710+0000] {processor.py:840} INFO - DAG(s) 'jour5_pipeline_complet' retrieved from /opt/airflow/dags/dag_pipeline_complet.py
[2026-08-19T12:36:18.748+0000] {logging_mixin.py:188} INFO - [2026-08-19T12:36:18.747+0000] {dag.py:3036} INFO - Sync 1 DAGs
[2026-08-19T12:36:18.770+0000] {logging_mixin.py:188} INFO - [2026-08-19T12:36:18.770+0000] {dag.py:3823} INFO - Setting next_dagrun for jour5_pipeline_complet to 2026-08-19 00:00:00+00:00, run_after=2026-08-20 00:00:00+00:00
[2026-08-19T12:36:18.801+0000] {processor.py:183} INFO - Processing /opt/airflow/dags/dag_pipeline_complet.py took 0.606 seconds
[2026-08-19T12:36:49.419+0000] {processor.py:161} INFO - Started process (PID=2579) to work on /opt/airflow/dags/dag_pipeline_complet.py
[2026-08-19T12:36:49.420+0000] {processor.py:830} INFO - Processing file /opt/airflow/dags/dag_pipeline_complet.py for tasks to queue
[2026-08-19T12:36:49.423+0000] {logging_mixin.py:188} INFO - [2026-08-19T12:36:49.422+0000] {dagbag.py:538} INFO - Filling up the DagBag from /opt/airflow/dags/dag_pipeline_complet.py
[2026-08-19T12:36:49.965+0000] {processor.py:840} INFO - DAG(s) 'jour5_pipeline_complet' retrieved from /opt/airflow/dags/dag_pipeline_complet.py
[2026-08-19T12:36:50.004+0000] {logging_mixin.py:188} INFO - [2026-08-19T12:36:50.003+0000] {dag.py:3036} INFO - Sync 1 DAGs
[2026-08-19T12:36:50.033+0000] {logging_mixin.py:188} INFO - [2026-08-19T12:36:50.033+0000] {dag.py:3823} INFO - Setting next_dagrun for jour5_pipeline_complet to 2026-08-19 00:00:00+00:00, run_after=2026-08-20 00:00:00+00:00
[2026-08-19T12:36:50.059+0000] {processor.py:183} INFO - Processing /opt/airflow/dags/dag_pipeline_complet.py took 0.644 seconds
[2026-08-19T12:37:20.310+0000] {processor.py:161} INFO - Started process (PID=2665) to work on /opt/airflow/dags/dag_pipeline_complet.py
[2026-08-19T12:37:20.312+0000] {processor.py:830} INFO - Processing file /opt/airflow/dags/dag_pipeline_complet.py for tasks to queue
[2026-08-19T12:37:20.314+0000] {logging_mixin.py:188} INFO - [2026-08-19T12:37:20.314+0000] {dagbag.py:538} INFO - Filling up the DagBag from /opt/airflow/dags/dag_pipeline_complet.py
[2026-08-19T12:37:20.985+0000] {processor.py:840} INFO - DAG(s) 'jour5_pipeline_complet' retrieved from /opt/airflow/dags/dag_pipeline_complet.py
[2026-08-19T12:37:21.037+0000] {logging_mixin.py:188} INFO - [2026-08-19T12:37:21.036+0000] {dag.py:3036} INFO - Sync 1 DAGs
[2026-08-19T12:37:21.068+0000] {logging_mixin.py:188} INFO - [2026-08-19T12:37:21.068+0000] {dag.py:3823} INFO - Setting next_dagrun for jour5_pipeline_complet to 2026-08-19 00:00:00+00:00, run_after=2026-08-20 00:00:00+00:00
[2026-08-19T12:37:21.122+0000] {processor.py:183} INFO - Processing /opt/airflow/dags/dag_pipeline_complet.py took 0.818 seconds
[2026-08-19T12:37:51.505+0000] {processor.py:161} INFO - Started process (PID=2751) to work on /opt/airflow/dags/dag_pipeline_complet.py
[2026-08-19T12:37:51.507+0000] {processor.py:830} INFO - Processing file /opt/airflow/dags/dag_pipeline_complet.py for tasks to queue
[2026-08-19T12:37:51.510+0000] {logging_mixin.py:188} INFO - [2026-08-19T12:37:51.510+0000] {dagbag.py:538} INFO - Filling up the DagBag from /opt/airflow/dags/dag_pipeline_complet.py
[2026-08-19T12:37:51.961+0000] {processor.py:840} INFO - DAG(s) 'jour5_pipeline_complet' retrieved from /opt/airflow/dags/dag_pipeline_complet.py
[2026-08-19T12:37:51.998+0000] {logging_mixin.py:188} INFO - [2026-08-19T12:37:51.997+0000] {dag.py:3036} INFO - Sync 1 DAGs
[2026-08-19T12:37:52.018+0000] {logging_mixin.py:188} INFO - [2026-08-19T12:37:52.017+0000] {dag.py:3823} INFO - Setting next_dagrun for jour5_pipeline_complet to 2026-08-19 00:00:00+00:00, run_after=2026-08-20 00:00:00+00:00
[2026-08-19T12:37:52.036+0000] {processor.py:183} INFO - Processing /opt/airflow/dags/dag_pipeline_complet.py took 0.534 seconds
[2026-08-19T12:38:22.415+0000] {processor.py:161} INFO - Started process (PID=2836) to work on /opt/airflow/dags/dag_pipeline_complet.py
[2026-08-19T12:38:22.416+0000] {processor.py:830} INFO - Processing file /opt/airflow/dags/dag_pipeline_complet.py for tasks to queue
[2026-08-19T12:38:22.418+0000] {logging_mixin.py:188} INFO - [2026-08-19T12:38:22.418+0000] {dagbag.py:538} INFO - Filling up the DagBag from /opt/airflow/dags/dag_pipeline_complet.py
[2026-08-19T12:38:22.814+0000] {processor.py:840} INFO - DAG(s) 'jour5_pipeline_complet' retrieved from /opt/airflow/dags/dag_pipeline_complet.py
[2026-08-19T12:38:22.846+0000] {logging_mixin.py:188} INFO - [2026-08-19T12:38:22.846+0000] {dag.py:3036} INFO - Sync 1 DAGs
[2026-08-19T12:38:22.867+0000] {logging_mixin.py:188} INFO - [2026-08-19T12:38:22.867+0000] {dag.py:3823} INFO - Setting next_dagrun for jour5_pipeline_complet to 2026-08-19 00:00:00+00:00, run_after=2026-08-20 00:00:00+00:00
[2026-08-19T12:38:22.890+0000] {processor.py:183} INFO - Processing /opt/airflow/dags/dag_pipeline_complet.py took 0.478 seconds
[2026-08-19T12:38:53.445+0000] {processor.py:161} INFO - Started process (PID=2919) to work on /opt/airflow/dags/dag_pipeline_complet.py
[2026-08-19T12:38:53.447+0000] {processor.py:830} INFO - Processing file /opt/airflow/dags/dag_pipeline_complet.py for tasks to queue
[2026-08-19T12:38:53.450+0000] {logging_mixin.py:188} INFO - [2026-08-19T12:38:53.450+0000] {dagbag.py:538} INFO - Filling up the DagBag from /opt/airflow/dags/dag_pipeline_complet.py
[2026-08-19T12:38:53.841+0000] {processor.py:840} INFO - DAG(s) 'jour5_pipeline_complet' retrieved from /opt/airflow/dags/dag_pipeline_complet.py
[2026-08-19T12:38:53.875+0000] {logging_mixin.py:188} INFO - [2026-08-19T12:38:53.875+0000] {dag.py:3036} INFO - Sync 1 DAGs
[2026-08-19T12:38:53.895+0000] {logging_mixin.py:188} INFO - [2026-08-19T12:38:53.895+0000] {dag.py:3823} INFO - Setting next_dagrun for jour5_pipeline_complet to 2026-08-19 00:00:00+00:00, run_after=2026-08-20 00:00:00+00:00
[2026-08-19T12:38:53.915+0000] {processor.py:183} INFO - Processing /opt/airflow/dags/dag_pipeline_complet.py took 0.473 seconds
[2026-08-19T12:39:24.951+0000] {processor.py:161} INFO - Started process (PID=3002) to work on /opt/airflow/dags/dag_pipeline_complet.py
[2026-08-19T12:39:24.952+0000] {processor.py:830} INFO - Processing file /opt/airflow/dags/dag_pipeline_complet.py for tasks to queue
[2026-08-19T12:39:24.955+0000] {logging_mixin.py:188} INFO - [2026-08-19T12:39:24.954+0000] {dagbag.py:538} INFO - Filling up the DagBag from /opt/airflow/dags/dag_pipeline_complet.py
[2026-08-19T12:39:25.395+0000] {processor.py:840} INFO - DAG(s) 'jour5_pipeline_complet' retrieved from /opt/airflow/dags/dag_pipeline_complet.py
[2026-08-19T12:39:25.432+0000] {logging_mixin.py:188} INFO - [2026-08-19T12:39:25.431+0000] {dag.py:3036} INFO - Sync 1 DAGs
[2026-08-19T12:39:25.452+0000] {logging_mixin.py:188} INFO - [2026-08-19T12:39:25.451+0000] {dag.py:3823} INFO - Setting next_dagrun for jour5_pipeline_complet to 2026-08-19 00:00:00+00:00, run_after=2026-08-20 00:00:00+00:00
[2026-08-19T12:39:25.475+0000] {processor.py:183} INFO - Processing /opt/airflow/dags/dag_pipeline_complet.py took 0.527 seconds
[2026-08-19T12:39:55.936+0000] {processor.py:161} INFO - Started process (PID=3087) to work on /opt/airflow/dags/dag_pipeline_complet.py
[2026-08-19T12:39:55.937+0000] {processor.py:830} INFO - Processing file /opt/airflow/dags/dag_pipeline_complet.py for tasks to queue
[2026-08-19T12:39:55.939+0000] {logging_mixin.py:188} INFO - [2026-08-19T12:39:55.939+0000] {dagbag.py:538} INFO - Filling up the DagBag from /opt/airflow/dags/dag_pipeline_complet.py
[2026-08-19T12:39:56.346+0000] {processor.py:840} INFO - DAG(s) 'jour5_pipeline_complet' retrieved from /opt/airflow/dags/dag_pipeline_complet.py
[2026-08-19T12:39:56.378+0000] {logging_mixin.py:188} INFO - [2026-08-19T12:39:56.377+0000] {dag.py:3036} INFO - Sync 1 DAGs
[2026-08-19T12:39:56.397+0000] {logging_mixin.py:188} INFO - [2026-08-19T12:39:56.397+0000] {dag.py:3823} INFO - Setting next_dagrun for jour5_pipeline_complet to 2026-08-19 00:00:00+00:00, run_after=2026-08-20 00:00:00+00:00
[2026-08-19T12:39:56.416+0000] {processor.py:183} INFO - Processing /opt/airflow/dags/dag_pipeline_complet.py took 0.484 seconds
[2026-08-19T12:40:26.905+0000] {processor.py:161} INFO - Started process (PID=3168) to work on /opt/airflow/dags/dag_pipeline_complet.py
[2026-08-19T12:40:26.907+0000] {processor.py:830} INFO - Processing file /opt/airflow/dags/dag_pipeline_complet.py for tasks to queue
[2026-08-19T12:40:26.910+0000] {logging_mixin.py:188} INFO - [2026-08-19T12:40:26.909+0000] {dagbag.py:538} INFO - Filling up the DagBag from /opt/airflow/dags/dag_pipeline_complet.py
[2026-08-19T12:40:27.382+0000] {processor.py:840} INFO - DAG(s) 'jour5_pipeline_complet' retrieved from /opt/airflow/dags/dag_pipeline_complet.py
[2026-08-19T12:40:27.423+0000] {logging_mixin.py:188} INFO - [2026-08-19T12:40:27.423+0000] {dag.py:3036} INFO - Sync 1 DAGs
[2026-08-19T12:40:27.444+0000] {logging_mixin.py:188} INFO - [2026-08-19T12:40:27.444+0000] {dag.py:3823} INFO - Setting next_dagrun for jour5_pipeline_complet to 2026-08-19 00:00:00+00:00, run_after=2026-08-20 00:00:00+00:00
[2026-08-19T12:40:27.464+0000] {processor.py:183} INFO - Processing /opt/airflow/dags/dag_pipeline_complet.py took 0.564 seconds
[2026-08-19T12:40:58.420+0000] {processor.py:161} INFO - Started process (PID=3251) to work on /opt/airflow/dags/dag_pipeline_complet.py
[2026-08-19T12:40:58.421+0000] {processor.py:830} INFO - Processing file /opt/airflow/dags/dag_pipeline_complet.py for tasks to queue
[2026-08-19T12:40:58.424+0000] {logging_mixin.py:188} INFO - [2026-08-19T12:40:58.424+0000] {dagbag.py:538} INFO - Filling up the DagBag from /opt/airflow/dags/dag_pipeline_complet.py
[2026-08-19T12:40:58.901+0000] {processor.py:840} INFO - DAG(s) 'jour5_pipeline_complet' retrieved from /opt/airflow/dags/dag_pipeline_complet.py
[2026-08-19T12:40:58.947+0000] {logging_mixin.py:188} INFO - [2026-08-19T12:40:58.947+0000] {dag.py:3036} INFO - Sync 1 DAGs
[2026-08-19T12:40:58.968+0000] {logging_mixin.py:188} INFO - [2026-08-19T12:40:58.967+0000] {dag.py:3823} INFO - Setting next_dagrun for jour5_pipeline_complet to 2026-08-19 00:00:00+00:00, run_after=2026-08-20 00:00:00+00:00
[2026-08-19T12:40:58.989+0000] {processor.py:183} INFO - Processing /opt/airflow/dags/dag_pipeline_complet.py took 0.574 seconds
[2026-08-19T12:41:29.467+0000] {processor.py:161} INFO - Started process (PID=3340) to work on /opt/airflow/dags/dag_pipeline_complet.py
[2026-08-19T12:41:29.468+0000] {processor.py:830} INFO - Processing file /opt/airflow/dags/dag_pipeline_complet.py for tasks to queue
[2026-08-19T12:41:29.470+0000] {logging_mixin.py:188} INFO - [2026-08-19T12:41:29.470+0000] {dagbag.py:538} INFO - Filling up the DagBag from /opt/airflow/dags/dag_pipeline_complet.py
[2026-08-19T12:41:29.872+0000] {processor.py:840} INFO - DAG(s) 'jour5_pipeline_complet' retrieved from /opt/airflow/dags/dag_pipeline_complet.py
[2026-08-19T12:41:29.915+0000] {logging_mixin.py:188} INFO - [2026-08-19T12:41:29.914+0000] {dag.py:3036} INFO - Sync 1 DAGs
[2026-08-19T12:41:29.961+0000] {logging_mixin.py:188} INFO - [2026-08-19T12:41:29.952+0000] {dag.py:3823} INFO - Setting next_dagrun for jour5_pipeline_complet to 2026-08-19 00:00:00+00:00, run_after=2026-08-20 00:00:00+00:00
[2026-08-19T12:41:30.014+0000] {processor.py:183} INFO - Processing /opt/airflow/dags/dag_pipeline_complet.py took 0.551 seconds
[2026-08-19T12:42:00.082+0000] {processor.py:161} INFO - Started process (PID=3423) to work on /opt/airflow/dags/dag_pipeline_complet.py
[2026-08-19T12:42:00.084+0000] {processor.py:830} INFO - Processing file /opt/airflow/dags/dag_pipeline_complet.py for tasks to queue
[2026-08-19T12:42:00.087+0000] {logging_mixin.py:188} INFO - [2026-08-19T12:42:00.086+0000] {dagbag.py:538} INFO - Filling up the DagBag from /opt/airflow/dags/dag_pipeline_complet.py
[2026-08-19T12:42:00.762+0000] {processor.py:840} INFO - DAG(s) 'jour5_pipeline_complet' retrieved from /opt/airflow/dags/dag_pipeline_complet.py
[2026-08-19T12:42:00.806+0000] {logging_mixin.py:188} INFO - [2026-08-19T12:42:00.806+0000] {dag.py:3036} INFO - Sync 1 DAGs
[2026-08-19T12:42:00.831+0000] {logging_mixin.py:188} INFO - [2026-08-19T12:42:00.830+0000] {dag.py:3823} INFO - Setting next_dagrun for jour5_pipeline_complet to 2026-08-19 00:00:00+00:00, run_after=2026-08-20 00:00:00+00:00
[2026-08-19T12:42:00.854+0000] {processor.py:183} INFO - Processing /opt/airflow/dags/dag_pipeline_complet.py took 0.775 seconds
[2026-08-19T12:42:31.052+0000] {processor.py:161} INFO - Started process (PID=3506) to work on /opt/airflow/dags/dag_pipeline_complet.py
[2026-08-19T12:42:31.053+0000] {processor.py:830} INFO - Processing file /opt/airflow/dags/dag_pipeline_complet.py for tasks to queue
[2026-08-19T12:42:31.055+0000] {logging_mixin.py:188} INFO - [2026-08-19T12:42:31.055+0000] {dagbag.py:538} INFO - Filling up the DagBag from /opt/airflow/dags/dag_pipeline_complet.py
[2026-08-19T12:42:31.426+0000] {processor.py:840} INFO - DAG(s) 'jour5_pipeline_complet' retrieved from /opt/airflow/dags/dag_pipeline_complet.py
[2026-08-19T12:42:31.455+0000] {logging_mixin.py:188} INFO - [2026-08-19T12:42:31.455+0000] {dag.py:3036} INFO - Sync 1 DAGs
[2026-08-19T12:42:31.474+0000] {logging_mixin.py:188} INFO - [2026-08-19T12:42:31.474+0000] {dag.py:3823} INFO - Setting next_dagrun for jour5_pipeline_complet to 2026-08-19 00:00:00+00:00, run_after=2026-08-20 00:00:00+00:00
[2026-08-19T12:42:31.491+0000] {processor.py:183} INFO - Processing /opt/airflow/dags/dag_pipeline_complet.py took 0.442 seconds
[2026-08-19T12:43:02.235+0000] {processor.py:161} INFO - Started process (PID=3589) to work on /opt/airflow/dags/dag_pipeline_complet.py
[2026-08-19T12:43:02.237+0000] {processor.py:830} INFO - Processing file /opt/airflow/dags/dag_pipeline_complet.py for tasks to queue
[2026-08-19T12:43:02.239+0000] {logging_mixin.py:188} INFO - [2026-08-19T12:43:02.239+0000] {dagbag.py:538} INFO - Filling up the DagBag from /opt/airflow/dags/dag_pipeline_complet.py
[2026-08-19T12:43:02.625+0000] {processor.py:840} INFO - DAG(s) 'jour5_pipeline_complet' retrieved from /opt/airflow/dags/dag_pipeline_complet.py
[2026-08-19T12:43:02.657+0000] {logging_mixin.py:188} INFO - [2026-08-19T12:43:02.656+0000] {dag.py:3036} INFO - Sync 1 DAGs
[2026-08-19T12:43:02.675+0000] {logging_mixin.py:188} INFO - [2026-08-19T12:43:02.675+0000] {dag.py:3823} INFO - Setting next_dagrun for jour5_pipeline_complet to 2026-08-19 00:00:00+00:00, run_after=2026-08-20 00:00:00+00:00
[2026-08-19T12:43:02.693+0000] {processor.py:183} INFO - Processing /opt/airflow/dags/dag_pipeline_complet.py took 0.462 seconds
[2026-08-19T12:43:33.742+0000] {processor.py:161} INFO - Started process (PID=3664) to work on /opt/airflow/dags/dag_pipeline_complet.py
[2026-08-19T12:43:33.744+0000] {processor.py:830} INFO - Processing file /opt/airflow/dags/dag_pipeline_complet.py for tasks to queue
[2026-08-19T12:43:33.746+0000] {logging_mixin.py:188} INFO - [2026-08-19T12:43:33.746+0000] {dagbag.py:538} INFO - Filling up the DagBag from /opt/airflow/dags/dag_pipeline_complet.py
[2026-08-19T12:43:34.596+0000] {processor.py:840} INFO - DAG(s) 'jour5_pipeline_complet' retrieved from /opt/airflow/dags/dag_pipeline_complet.py
[2026-08-19T12:43:34.659+0000] {logging_mixin.py:188} INFO - [2026-08-19T12:43:34.658+0000] {dag.py:3036} INFO - Sync 1 DAGs
[2026-08-19T12:43:34.696+0000] {logging_mixin.py:188} INFO - [2026-08-19T12:43:34.696+0000] {dag.py:3823} INFO - Setting next_dagrun for jour5_pipeline_complet to 2026-08-19 00:00:00+00:00, run_after=2026-08-20 00:00:00+00:00
[2026-08-19T12:43:34.735+0000] {processor.py:183} INFO - Processing /opt/airflow/dags/dag_pipeline_complet.py took 0.999 seconds
[2026-08-19T12:44:07.959+0000] {processor.py:161} INFO - Started process (PID=3733) to work on /opt/airflow/dags/dag_pipeline_complet.py
[2026-08-19T12:44:07.962+0000] {processor.py:830} INFO - Processing file /opt/airflow/dags/dag_pipeline_complet.py for tasks to queue
[2026-08-19T12:44:07.965+0000] {logging_mixin.py:188} INFO - [2026-08-19T12:44:07.964+0000] {dagbag.py:538} INFO - Filling up the DagBag from /opt/airflow/dags/dag_pipeline_complet.py
[2026-08-19T12:44:08.953+0000] {processor.py:840} INFO - DAG(s) 'jour5_pipeline_complet' retrieved from /opt/airflow/dags/dag_pipeline_complet.py
[2026-08-19T12:44:09.055+0000] {logging_mixin.py:188} INFO - [2026-08-19T12:44:09.054+0000] {dag.py:3036} INFO - Sync 1 DAGs
[2026-08-19T12:44:09.121+0000] {logging_mixin.py:188} INFO - [2026-08-19T12:44:09.120+0000] {dag.py:3823} INFO - Setting next_dagrun for jour5_pipeline_complet to 2026-08-19 00:00:00+00:00, run_after=2026-08-20 00:00:00+00:00
[2026-08-19T12:44:09.182+0000] {processor.py:183} INFO - Processing /opt/airflow/dags/dag_pipeline_complet.py took 1.230 seconds
[2026-08-19T12:44:39.502+0000] {processor.py:161} INFO - Started process (PID=3818) to work on /opt/airflow/dags/dag_pipeline_complet.py
[2026-08-19T12:44:39.503+0000] {processor.py:830} INFO - Processing file /opt/airflow/dags/dag_pipeline_complet.py for tasks to queue
[2026-08-19T12:44:39.506+0000] {logging_mixin.py:188} INFO - [2026-08-19T12:44:39.505+0000] {dagbag.py:538} INFO - Filling up the DagBag from /opt/airflow/dags/dag_pipeline_complet.py
[2026-08-19T12:44:39.793+0000] {processor.py:840} INFO - DAG(s) 'jour5_pipeline_complet' retrieved from /opt/airflow/dags/dag_pipeline_complet.py
[2026-08-19T12:44:39.834+0000] {logging_mixin.py:188} INFO - [2026-08-19T12:44:39.833+0000] {dag.py:3036} INFO - Sync 1 DAGs
[2026-08-19T12:44:39.857+0000] {logging_mixin.py:188} INFO - [2026-08-19T12:44:39.857+0000] {dag.py:3823} INFO - Setting next_dagrun for jour5_pipeline_complet to 2026-08-19 00:00:00+00:00, run_after=2026-08-20 00:00:00+00:00
[2026-08-19T12:44:39.880+0000] {processor.py:183} INFO - Processing /opt/airflow/dags/dag_pipeline_complet.py took 0.382 seconds
[2026-08-19T12:45:10.050+0000] {processor.py:161} INFO - Started process (PID=3905) to work on /opt/airflow/dags/dag_pipeline_complet.py
[2026-08-19T12:45:10.052+0000] {processor.py:830} INFO - Processing file /opt/airflow/dags/dag_pipeline_complet.py for tasks to queue
[2026-08-19T12:45:10.056+0000] {logging_mixin.py:188} INFO - [2026-08-19T12:45:10.055+0000] {dagbag.py:538} INFO - Filling up the DagBag from /opt/airflow/dags/dag_pipeline_complet.py
[2026-08-19T12:45:10.495+0000] {processor.py:840} INFO - DAG(s) 'jour5_pipeline_complet' retrieved from /opt/airflow/dags/dag_pipeline_complet.py
[2026-08-19T12:45:10.538+0000] {logging_mixin.py:188} INFO - [2026-08-19T12:45:10.538+0000] {dag.py:3036} INFO - Sync 1 DAGs
[2026-08-19T12:45:10.568+0000] {logging_mixin.py:188} INFO - [2026-08-19T12:45:10.568+0000] {dag.py:3823} INFO - Setting next_dagrun for jour5_pipeline_complet to 2026-08-19 00:00:00+00:00, run_after=2026-08-20 00:00:00+00:00
[2026-08-19T12:45:10.593+0000] {processor.py:183} INFO - Processing /opt/airflow/dags/dag_pipeline_complet.py took 0.551 seconds
[2026-08-19T12:45:40.728+0000] {processor.py:161} INFO - Started process (PID=3991) to work on /opt/airflow/dags/dag_pipeline_complet.py
[2026-08-19T12:45:40.730+0000] {processor.py:830} INFO - Processing file /opt/airflow/dags/dag_pipeline_complet.py for tasks to queue
[2026-08-19T12:45:40.732+0000] {logging_mixin.py:188} INFO - [2026-08-19T12:45:40.732+0000] {dagbag.py:538} INFO - Filling up the DagBag from /opt/airflow/dags/dag_pipeline_complet.py
[2026-08-19T12:45:41.002+0000] {processor.py:840} INFO - DAG(s) 'jour5_pipeline_complet' retrieved from /opt/airflow/dags/dag_pipeline_complet.py
[2026-08-19T12:45:41.043+0000] {logging_mixin.py:188} INFO - [2026-08-19T12:45:41.043+0000] {dag.py:3036} INFO - Sync 1 DAGs
[2026-08-19T12:45:41.067+0000] {logging_mixin.py:188} INFO - [2026-08-19T12:45:41.066+0000] {dag.py:3823} INFO - Setting next_dagrun for jour5_pipeline_complet to 2026-08-19 00:00:00+00:00, run_after=2026-08-20 00:00:00+00:00
[2026-08-19T12:45:41.089+0000] {processor.py:183} INFO - Processing /opt/airflow/dags/dag_pipeline_complet.py took 0.364 seconds
[2026-08-19T12:46:11.896+0000] {processor.py:161} INFO - Started process (PID=4074) to work on /opt/airflow/dags/dag_pipeline_complet.py
[2026-08-19T12:46:11.898+0000] {processor.py:830} INFO - Processing file /opt/airflow/dags/dag_pipeline_complet.py for tasks to queue
[2026-08-19T12:46:11.900+0000] {logging_mixin.py:188} INFO - [2026-08-19T12:46:11.900+0000] {dagbag.py:538} INFO - Filling up the DagBag from /opt/airflow/dags/dag_pipeline_complet.py
[2026-08-19T12:46:12.256+0000] {processor.py:840} INFO - DAG(s) 'jour5_pipeline_complet' retrieved from /opt/airflow/dags/dag_pipeline_complet.py
[2026-08-19T12:46:12.306+0000] {logging_mixin.py:188} INFO - [2026-08-19T12:46:12.306+0000] {dag.py:3036} INFO - Sync 1 DAGs
[2026-08-19T12:46:12.335+0000] {logging_mixin.py:188} INFO - [2026-08-19T12:46:12.335+0000] {dag.py:3823} INFO - Setting next_dagrun for jour5_pipeline_complet to 2026-08-19 00:00:00+00:00, run_after=2026-08-20 00:00:00+00:00
[2026-08-19T12:46:12.361+0000] {processor.py:183} INFO - Processing /opt/airflow/dags/dag_pipeline_complet.py took 0.468 seconds
[2026-08-19T12:46:42.477+0000] {processor.py:161} INFO - Started process (PID=4160) to work on /opt/airflow/dags/dag_pipeline_complet.py
[2026-08-19T12:46:42.479+0000] {processor.py:830} INFO - Processing file /opt/airflow/dags/dag_pipeline_complet.py for tasks to queue
[2026-08-19T12:46:42.481+0000] {logging_mixin.py:188} INFO - [2026-08-19T12:46:42.481+0000] {dagbag.py:538} INFO - Filling up the DagBag from /opt/airflow/dags/dag_pipeline_complet.py
[2026-08-19T12:46:42.759+0000] {processor.py:840} INFO - DAG(s) 'jour5_pipeline_complet' retrieved from /opt/airflow/dags/dag_pipeline_complet.py
[2026-08-19T12:46:42.793+0000] {logging_mixin.py:188} INFO - [2026-08-19T12:46:42.793+0000] {dag.py:3036} INFO - Sync 1 DAGs
[2026-08-19T12:46:42.814+0000] {logging_mixin.py:188} INFO - [2026-08-19T12:46:42.813+0000] {dag.py:3823} INFO - Setting next_dagrun for jour5_pipeline_complet to 2026-08-19 00:00:00+00:00, run_after=2026-08-20 00:00:00+00:00
[2026-08-19T12:46:42.833+0000] {processor.py:183} INFO - Processing /opt/airflow/dags/dag_pipeline_complet.py took 0.360 seconds
[2026-08-19T12:47:12.985+0000] {processor.py:161} INFO - Started process (PID=4250) to work on /opt/airflow/dags/dag_pipeline_complet.py
[2026-08-19T12:47:12.986+0000] {processor.py:830} INFO - Processing file /opt/airflow/dags/dag_pipeline_complet.py for tasks to queue
[2026-08-19T12:47:12.988+0000] {logging_mixin.py:188} INFO - [2026-08-19T12:47:12.988+0000] {dagbag.py:538} INFO - Filling up the DagBag from /opt/airflow/dags/dag_pipeline_complet.py
[2026-08-19T12:47:13.237+0000] {processor.py:840} INFO - DAG(s) 'jour5_pipeline_complet' retrieved from /opt/airflow/dags/dag_pipeline_complet.py
[2026-08-19T12:47:13.270+0000] {logging_mixin.py:188} INFO - [2026-08-19T12:47:13.270+0000] {dag.py:3036} INFO - Sync 1 DAGs
[2026-08-19T12:47:13.291+0000] {logging_mixin.py:188} INFO - [2026-08-19T12:47:13.291+0000] {dag.py:3823} INFO - Setting next_dagrun for jour5_pipeline_complet to 2026-08-19 00:00:00+00:00, run_after=2026-08-20 00:00:00+00:00
[2026-08-19T12:47:13.312+0000] {processor.py:183} INFO - Processing /opt/airflow/dags/dag_pipeline_complet.py took 0.331 seconds
[2026-08-19T12:47:43.713+0000] {processor.py:161} INFO - Started process (PID=4331) to work on /opt/airflow/dags/dag_pipeline_complet.py
[2026-08-19T12:47:43.714+0000] {processor.py:830} INFO - Processing file /opt/airflow/dags/dag_pipeline_complet.py for tasks to queue
[2026-08-19T12:47:43.717+0000] {logging_mixin.py:188} INFO - [2026-08-19T12:47:43.717+0000] {dagbag.py:538} INFO - Filling up the DagBag from /opt/airflow/dags/dag_pipeline_complet.py
[2026-08-19T12:47:44.020+0000] {processor.py:840} INFO - DAG(s) 'jour5_pipeline_complet' retrieved from /opt/airflow/dags/dag_pipeline_complet.py
[2026-08-19T12:47:44.057+0000] {logging_mixin.py:188} INFO - [2026-08-19T12:47:44.057+0000] {dag.py:3036} INFO - Sync 1 DAGs
[2026-08-19T12:47:44.080+0000] {logging_mixin.py:188} INFO - [2026-08-19T12:47:44.080+0000] {dag.py:3823} INFO - Setting next_dagrun for jour5_pipeline_complet to 2026-08-19 00:00:00+00:00, run_after=2026-08-20 00:00:00+00:00
[2026-08-19T12:47:44.105+0000] {processor.py:183} INFO - Processing /opt/airflow/dags/dag_pipeline_complet.py took 0.397 seconds
[2026-08-19T12:48:14.224+0000] {processor.py:161} INFO - Started process (PID=4414) to work on /opt/airflow/dags/dag_pipeline_complet.py
[2026-08-19T12:48:14.226+0000] {processor.py:830} INFO - Processing file /opt/airflow/dags/dag_pipeline_complet.py for tasks to queue
[2026-08-19T12:48:14.228+0000] {logging_mixin.py:188} INFO - [2026-08-19T12:48:14.228+0000] {dagbag.py:538} INFO - Filling up the DagBag from /opt/airflow/dags/dag_pipeline_complet.py
[2026-08-19T12:48:14.497+0000] {processor.py:840} INFO - DAG(s) 'jour5_pipeline_complet' retrieved from /opt/airflow/dags/dag_pipeline_complet.py
[2026-08-19T12:48:14.534+0000] {logging_mixin.py:188} INFO - [2026-08-19T12:48:14.534+0000] {dag.py:3036} INFO - Sync 1 DAGs
[2026-08-19T12:48:14.558+0000] {logging_mixin.py:188} INFO - [2026-08-19T12:48:14.558+0000] {dag.py:3823} INFO - Setting next_dagrun for jour5_pipeline_complet to 2026-08-19 00:00:00+00:00, run_after=2026-08-20 00:00:00+00:00
[2026-08-19T12:48:14.580+0000] {processor.py:183} INFO - Processing /opt/airflow/dags/dag_pipeline_complet.py took 0.359 seconds
[2026-08-19T12:48:45.124+0000] {processor.py:161} INFO - Started process (PID=4497) to work on /opt/airflow/dags/dag_pipeline_complet.py
[2026-08-19T12:48:45.125+0000] {processor.py:830} INFO - Processing file /opt/airflow/dags/dag_pipeline_complet.py for tasks to queue
[2026-08-19T12:48:45.128+0000] {logging_mixin.py:188} INFO - [2026-08-19T12:48:45.127+0000] {dagbag.py:538} INFO - Filling up the DagBag from /opt/airflow/dags/dag_pipeline_complet.py
[2026-08-19T12:48:45.447+0000] {processor.py:840} INFO - DAG(s) 'jour5_pipeline_complet' retrieved from /opt/airflow/dags/dag_pipeline_complet.py
[2026-08-19T12:48:45.490+0000] {logging_mixin.py:188} INFO - [2026-08-19T12:48:45.490+0000] {dag.py:3036} INFO - Sync 1 DAGs
[2026-08-19T12:48:45.517+0000] {logging_mixin.py:188} INFO - [2026-08-19T12:48:45.516+0000] {dag.py:3823} INFO - Setting next_dagrun for jour5_pipeline_complet to 2026-08-19 00:00:00+00:00, run_after=2026-08-20 00:00:00+00:00
[2026-08-19T12:48:45.540+0000] {processor.py:183} INFO - Processing /opt/airflow/dags/dag_pipeline_complet.py took 0.421 seconds
[2026-08-19T12:49:16.113+0000] {processor.py:161} INFO - Started process (PID=4583) to work on /opt/airflow/dags/dag_pipeline_complet.py
[2026-08-19T12:49:16.114+0000] {processor.py:830} INFO - Processing file /opt/airflow/dags/dag_pipeline_complet.py for tasks to queue
[2026-08-19T12:49:16.117+0000] {logging_mixin.py:188} INFO - [2026-08-19T12:49:16.117+0000] {dagbag.py:538} INFO - Filling up the DagBag from /opt/airflow/dags/dag_pipeline_complet.py
[2026-08-19T12:49:16.718+0000] {processor.py:840} INFO - DAG(s) 'jour5_pipeline_complet' retrieved from /opt/airflow/dags/dag_pipeline_complet.py
[2026-08-19T12:49:16.788+0000] {logging_mixin.py:188} INFO - [2026-08-19T12:49:16.788+0000] {dag.py:3036} INFO - Sync 1 DAGs
[2026-08-19T12:49:16.849+0000] {logging_mixin.py:188} INFO - [2026-08-19T12:49:16.848+0000] {dag.py:3823} INFO - Setting next_dagrun for jour5_pipeline_complet to 2026-08-19 00:00:00+00:00, run_after=2026-08-20 00:00:00+00:00
[2026-08-19T12:49:16.964+0000] {processor.py:183} INFO - Processing /opt/airflow/dags/dag_pipeline_complet.py took 0.858 seconds
[2026-08-19T12:49:47.404+0000] {processor.py:161} INFO - Started process (PID=4669) to work on /opt/airflow/dags/dag_pipeline_complet.py
[2026-08-19T12:49:47.406+0000] {processor.py:830} INFO - Processing file /opt/airflow/dags/dag_pipeline_complet.py for tasks to queue
[2026-08-19T12:49:47.409+0000] {logging_mixin.py:188} INFO - [2026-08-19T12:49:47.409+0000] {dagbag.py:538} INFO - Filling up the DagBag from /opt/airflow/dags/dag_pipeline_complet.py
[2026-08-19T12:49:47.699+0000] {processor.py:840} INFO - DAG(s) 'jour5_pipeline_complet' retrieved from /opt/airflow/dags/dag_pipeline_complet.py
[2026-08-19T12:49:47.734+0000] {logging_mixin.py:188} INFO - [2026-08-19T12:49:47.734+0000] {dag.py:3036} INFO - Sync 1 DAGs
[2026-08-19T12:49:47.756+0000] {logging_mixin.py:188} INFO - [2026-08-19T12:49:47.756+0000] {dag.py:3823} INFO - Setting next_dagrun for jour5_pipeline_complet to 2026-08-19 00:00:00+00:00, run_after=2026-08-20 00:00:00+00:00
[2026-08-19T12:49:47.776+0000] {processor.py:183} INFO - Processing /opt/airflow/dags/dag_pipeline_complet.py took 0.376 seconds
[2026-08-19T12:50:17.838+0000] {processor.py:161} INFO - Started process (PID=4753) to work on /opt/airflow/dags/dag_pipeline_complet.py
[2026-08-19T12:50:17.839+0000] {processor.py:830} INFO - Processing file /opt/airflow/dags/dag_pipeline_complet.py for tasks to queue
[2026-08-19T12:50:17.841+0000] {logging_mixin.py:188} INFO - [2026-08-19T12:50:17.841+0000] {dagbag.py:538} INFO - Filling up the DagBag from /opt/airflow/dags/dag_pipeline_complet.py
[2026-08-19T12:50:18.129+0000] {processor.py:840} INFO - DAG(s) 'jour5_pipeline_complet' retrieved from /opt/airflow/dags/dag_pipeline_complet.py
[2026-08-19T12:50:18.165+0000] {logging_mixin.py:188} INFO - [2026-08-19T12:50:18.164+0000] {dag.py:3036} INFO - Sync 1 DAGs
[2026-08-19T12:50:18.187+0000] {logging_mixin.py:188} INFO - [2026-08-19T12:50:18.187+0000] {dag.py:3823} INFO - Setting next_dagrun for jour5_pipeline_complet to 2026-08-19 00:00:00+00:00, run_after=2026-08-20 00:00:00+00:00
[2026-08-19T12:50:18.207+0000] {processor.py:183} INFO - Processing /opt/airflow/dags/dag_pipeline_complet.py took 0.373 seconds
[2026-08-19T12:50:48.714+0000] {processor.py:161} INFO - Started process (PID=4840) to work on /opt/airflow/dags/dag_pipeline_complet.py
[2026-08-19T12:50:48.715+0000] {processor.py:830} INFO - Processing file /opt/airflow/dags/dag_pipeline_complet.py for tasks to queue
[2026-08-19T12:50:48.717+0000] {logging_mixin.py:188} INFO - [2026-08-19T12:50:48.717+0000] {dagbag.py:538} INFO - Filling up the DagBag from /opt/airflow/dags/dag_pipeline_complet.py
[2026-08-19T12:50:49.015+0000] {processor.py:840} INFO - DAG(s) 'jour5_pipeline_complet' retrieved from /opt/airflow/dags/dag_pipeline_complet.py
[2026-08-19T12:50:49.074+0000] {logging_mixin.py:188} INFO - [2026-08-19T12:50:49.073+0000] {dag.py:3036} INFO - Sync 1 DAGs
[2026-08-19T12:50:49.097+0000] {logging_mixin.py:188} INFO - [2026-08-19T12:50:49.097+0000] {dag.py:3823} INFO - Setting next_dagrun for jour5_pipeline_complet to 2026-08-19 00:00:00+00:00, run_after=2026-08-20 00:00:00+00:00
[2026-08-19T12:50:49.118+0000] {processor.py:183} INFO - Processing /opt/airflow/dags/dag_pipeline_complet.py took 0.409 seconds
[2026-08-19T12:51:19.420+0000] {processor.py:161} INFO - Started process (PID=4923) to work on /opt/airflow/dags/dag_pipeline_complet.py
[2026-08-19T12:51:19.421+0000] {processor.py:830} INFO - Processing file /opt/airflow/dags/dag_pipeline_complet.py for tasks to queue
[2026-08-19T12:51:19.423+0000] {logging_mixin.py:188} INFO - [2026-08-19T12:51:19.423+0000] {dagbag.py:538} INFO - Filling up the DagBag from /opt/airflow/dags/dag_pipeline_complet.py
[2026-08-19T12:51:19.698+0000] {processor.py:840} INFO - DAG(s) 'jour5_pipeline_complet' retrieved from /opt/airflow/dags/dag_pipeline_complet.py
[2026-08-19T12:51:19.770+0000] {logging_mixin.py:188} INFO - [2026-08-19T12:51:19.769+0000] {dag.py:3036} INFO - Sync 1 DAGs
[2026-08-19T12:51:19.800+0000] {logging_mixin.py:188} INFO - [2026-08-19T12:51:19.799+0000] {dag.py:3823} INFO - Setting next_dagrun for jour5_pipeline_complet to 2026-08-19 00:00:00+00:00, run_after=2026-08-20 00:00:00+00:00
[2026-08-19T12:51:19.823+0000] {processor.py:183} INFO - Processing /opt/airflow/dags/dag_pipeline_complet.py took 0.407 seconds
[2026-08-19T12:51:50.037+0000] {processor.py:161} INFO - Started process (PID=5007) to work on /opt/airflow/dags/dag_pipeline_complet.py
[2026-08-19T12:51:50.038+0000] {processor.py:830} INFO - Processing file /opt/airflow/dags/dag_pipeline_complet.py for tasks to queue
[2026-08-19T12:51:50.041+0000] {logging_mixin.py:188} INFO - [2026-08-19T12:51:50.040+0000] {dagbag.py:538} INFO - Filling up the DagBag from /opt/airflow/dags/dag_pipeline_complet.py
[2026-08-19T12:51:50.318+0000] {processor.py:840} INFO - DAG(s) 'jour5_pipeline_complet' retrieved from /opt/airflow/dags/dag_pipeline_complet.py
[2026-08-19T12:51:50.357+0000] {logging_mixin.py:188} INFO - [2026-08-19T12:51:50.357+0000] {dag.py:3036} INFO - Sync 1 DAGs
[2026-08-19T12:51:50.382+0000] {logging_mixin.py:188} INFO - [2026-08-19T12:51:50.381+0000] {dag.py:3823} INFO - Setting next_dagrun for jour5_pipeline_complet to 2026-08-19 00:00:00+00:00, run_after=2026-08-20 00:00:00+00:00
[2026-08-19T12:51:50.403+0000] {processor.py:183} INFO - Processing /opt/airflow/dags/dag_pipeline_complet.py took 0.369 seconds
[2026-08-19T12:52:20.486+0000] {processor.py:161} INFO - Started process (PID=5093) to work on /opt/airflow/dags/dag_pipeline_complet.py
[2026-08-19T12:52:20.487+0000] {processor.py:830} INFO - Processing file /opt/airflow/dags/dag_pipeline_complet.py for tasks to queue
[2026-08-19T12:52:20.490+0000] {logging_mixin.py:188} INFO - [2026-08-19T12:52:20.489+0000] {dagbag.py:538} INFO - Filling up the DagBag from /opt/airflow/dags/dag_pipeline_complet.py
[2026-08-19T12:52:20.741+0000] {processor.py:840} INFO - DAG(s) 'jour5_pipeline_complet' retrieved from /opt/airflow/dags/dag_pipeline_complet.py
[2026-08-19T12:52:20.778+0000] {logging_mixin.py:188} INFO - [2026-08-19T12:52:20.778+0000] {dag.py:3036} INFO - Sync 1 DAGs
[2026-08-19T12:52:20.800+0000] {logging_mixin.py:188} INFO - [2026-08-19T12:52:20.800+0000] {dag.py:3823} INFO - Setting next_dagrun for jour5_pipeline_complet to 2026-08-19 00:00:00+00:00, run_after=2026-08-20 00:00:00+00:00
[2026-08-19T12:52:20.825+0000] {processor.py:183} INFO - Processing /opt/airflow/dags/dag_pipeline_complet.py took 0.342 seconds
[2026-08-19T12:52:50.954+0000] {processor.py:161} INFO - Started process (PID=5177) to work on /opt/airflow/dags/dag_pipeline_complet.py
[2026-08-19T12:52:50.956+0000] {processor.py:830} INFO - Processing file /opt/airflow/dags/dag_pipeline_complet.py for tasks to queue
[2026-08-19T12:52:50.958+0000] {logging_mixin.py:188} INFO - [2026-08-19T12:52:50.958+0000] {dagbag.py:538} INFO - Filling up the DagBag from /opt/airflow/dags/dag_pipeline_complet.py
[2026-08-19T12:52:51.218+0000] {processor.py:840} INFO - DAG(s) 'jour5_pipeline_complet' retrieved from /opt/airflow/dags/dag_pipeline_complet.py
[2026-08-19T12:52:51.256+0000] {logging_mixin.py:188} INFO - [2026-08-19T12:52:51.256+0000] {dag.py:3036} INFO - Sync 1 DAGs
[2026-08-19T12:52:51.279+0000] {logging_mixin.py:188} INFO - [2026-08-19T12:52:51.278+0000] {dag.py:3823} INFO - Setting next_dagrun for jour5_pipeline_complet to 2026-08-19 00:00:00+00:00, run_after=2026-08-20 00:00:00+00:00
[2026-08-19T12:52:51.301+0000] {processor.py:183} INFO - Processing /opt/airflow/dags/dag_pipeline_complet.py took 0.350 seconds
[2026-08-19T12:53:22.113+0000] {processor.py:161} INFO - Started process (PID=5259) to work on /opt/airflow/dags/dag_pipeline_complet.py
[2026-08-19T12:53:22.114+0000] {processor.py:830} INFO - Processing file /opt/airflow/dags/dag_pipeline_complet.py for tasks to queue
[2026-08-19T12:53:22.116+0000] {logging_mixin.py:188} INFO - [2026-08-19T12:53:22.116+0000] {dagbag.py:538} INFO - Filling up the DagBag from /opt/airflow/dags/dag_pipeline_complet.py
[2026-08-19T12:53:22.376+0000] {processor.py:840} INFO - DAG(s) 'jour5_pipeline_complet' retrieved from /opt/airflow/dags/dag_pipeline_complet.py
[2026-08-19T12:53:22.412+0000] {logging_mixin.py:188} INFO - [2026-08-19T12:53:22.411+0000] {dag.py:3036} INFO - Sync 1 DAGs
[2026-08-19T12:53:22.432+0000] {logging_mixin.py:188} INFO - [2026-08-19T12:53:22.432+0000] {dag.py:3823} INFO - Setting next_dagrun for jour5_pipeline_complet to 2026-08-19 00:00:00+00:00, run_after=2026-08-20 00:00:00+00:00
[2026-08-19T12:53:22.476+0000] {processor.py:183} INFO - Processing /opt/airflow/dags/dag_pipeline_complet.py took 0.367 seconds
[2026-08-19T12:53:52.587+0000] {processor.py:161} INFO - Started process (PID=5349) to work on /opt/airflow/dags/dag_pipeline_complet.py
[2026-08-19T12:53:52.588+0000] {processor.py:830} INFO - Processing file /opt/airflow/dags/dag_pipeline_complet.py for tasks to queue
[2026-08-19T12:53:52.591+0000] {logging_mixin.py:188} INFO - [2026-08-19T12:53:52.590+0000] {dagbag.py:538} INFO - Filling up the DagBag from /opt/airflow/dags/dag_pipeline_complet.py
[2026-08-19T12:53:52.945+0000] {processor.py:840} INFO - DAG(s) 'jour5_pipeline_complet' retrieved from /opt/airflow/dags/dag_pipeline_complet.py
[2026-08-19T12:53:52.989+0000] {logging_mixin.py:188} INFO - [2026-08-19T12:53:52.989+0000] {dag.py:3036} INFO - Sync 1 DAGs
[2026-08-19T12:53:53.024+0000] {logging_mixin.py:188} INFO - [2026-08-19T12:53:53.023+0000] {dag.py:3823} INFO - Setting next_dagrun for jour5_pipeline_complet to 2026-08-19 00:00:00+00:00, run_after=2026-08-20 00:00:00+00:00
[2026-08-19T12:53:53.051+0000] {processor.py:183} INFO - Processing /opt/airflow/dags/dag_pipeline_complet.py took 0.468 seconds
[2026-08-19T12:54:23.814+0000] {processor.py:161} INFO - Started process (PID=5431) to work on /opt/airflow/dags/dag_pipeline_complet.py
[2026-08-19T12:54:23.815+0000] {processor.py:830} INFO - Processing file /opt/airflow/dags/dag_pipeline_complet.py for tasks to queue
[2026-08-19T12:54:23.818+0000] {logging_mixin.py:188} INFO - [2026-08-19T12:54:23.817+0000] {dagbag.py:538} INFO - Filling up the DagBag from /opt/airflow/dags/dag_pipeline_complet.py
[2026-08-19T12:54:24.252+0000] {processor.py:840} INFO - DAG(s) 'jour5_pipeline_complet' retrieved from /opt/airflow/dags/dag_pipeline_complet.py
[2026-08-19T12:54:24.282+0000] {logging_mixin.py:188} INFO - [2026-08-19T12:54:24.282+0000] {dag.py:3036} INFO - Sync 1 DAGs
[2026-08-19T12:54:24.303+0000] {logging_mixin.py:188} INFO - [2026-08-19T12:54:24.303+0000] {dag.py:3823} INFO - Setting next_dagrun for jour5_pipeline_complet to 2026-08-19 00:00:00+00:00, run_after=2026-08-20 00:00:00+00:00
[2026-08-19T12:54:24.357+0000] {processor.py:183} INFO - Processing /opt/airflow/dags/dag_pipeline_complet.py took 0.548 seconds
[2026-08-19T12:54:54.515+0000] {processor.py:161} INFO - Started process (PID=5515) to work on /opt/airflow/dags/dag_pipeline_complet.py
[2026-08-19T12:54:54.517+0000] {processor.py:830} INFO - Processing file /opt/airflow/dags/dag_pipeline_complet.py for tasks to queue
[2026-08-19T12:54:54.519+0000] {logging_mixin.py:188} INFO - [2026-08-19T12:54:54.519+0000] {dagbag.py:538} INFO - Filling up the DagBag from /opt/airflow/dags/dag_pipeline_complet.py
[2026-08-19T12:54:54.972+0000] {processor.py:840} INFO - DAG(s) 'jour5_pipeline_complet' retrieved from /opt/airflow/dags/dag_pipeline_complet.py
[2026-08-19T12:54:55.001+0000] {logging_mixin.py:188} INFO - [2026-08-19T12:54:55.001+0000] {dag.py:3036} INFO - Sync 1 DAGs
[2026-08-19T12:54:55.024+0000] {logging_mixin.py:188} INFO - [2026-08-19T12:54:55.023+0000] {dag.py:3823} INFO - Setting next_dagrun for jour5_pipeline_complet to 2026-08-19 00:00:00+00:00, run_after=2026-08-20 00:00:00+00:00
[2026-08-19T12:54:55.082+0000] {processor.py:183} INFO - Processing /opt/airflow/dags/dag_pipeline_complet.py took 0.571 seconds
[2026-08-19T12:55:25.296+0000] {processor.py:161} INFO - Started process (PID=5599) to work on /opt/airflow/dags/dag_pipeline_complet.py
[2026-08-19T12:55:25.298+0000] {processor.py:830} INFO - Processing file /opt/airflow/dags/dag_pipeline_complet.py for tasks to queue
[2026-08-19T12:55:25.300+0000] {logging_mixin.py:188} INFO - [2026-08-19T12:55:25.299+0000] {dagbag.py:538} INFO - Filling up the DagBag from /opt/airflow/dags/dag_pipeline_complet.py
[2026-08-19T12:55:25.715+0000] {processor.py:840} INFO - DAG(s) 'jour5_pipeline_complet' retrieved from /opt/airflow/dags/dag_pipeline_complet.py
[2026-08-19T12:55:25.752+0000] {logging_mixin.py:188} INFO - [2026-08-19T12:55:25.752+0000] {dag.py:3036} INFO - Sync 1 DAGs
[2026-08-19T12:55:25.777+0000] {logging_mixin.py:188} INFO - [2026-08-19T12:55:25.776+0000] {dag.py:3823} INFO - Setting next_dagrun for jour5_pipeline_complet to 2026-08-19 00:00:00+00:00, run_after=2026-08-20 00:00:00+00:00
[2026-08-19T12:55:25.842+0000] {processor.py:183} INFO - Processing /opt/airflow/dags/dag_pipeline_complet.py took 0.549 seconds
[2026-08-19T12:55:55.972+0000] {processor.py:161} INFO - Started process (PID=5681) to work on /opt/airflow/dags/dag_pipeline_complet.py
[2026-08-19T12:55:55.974+0000] {processor.py:830} INFO - Processing file /opt/airflow/dags/dag_pipeline_complet.py for tasks to queue
[2026-08-19T12:55:55.976+0000] {logging_mixin.py:188} INFO - [2026-08-19T12:55:55.975+0000] {dagbag.py:538} INFO - Filling up the DagBag from /opt/airflow/dags/dag_pipeline_complet.py
[2026-08-19T12:55:56.348+0000] {processor.py:840} INFO - DAG(s) 'jour5_pipeline_complet' retrieved from /opt/airflow/dags/dag_pipeline_complet.py
[2026-08-19T12:55:56.383+0000] {logging_mixin.py:188} INFO - [2026-08-19T12:55:56.382+0000] {dag.py:3036} INFO - Sync 1 DAGs
[2026-08-19T12:55:56.402+0000] {logging_mixin.py:188} INFO - [2026-08-19T12:55:56.402+0000] {dag.py:3823} INFO - Setting next_dagrun for jour5_pipeline_complet to 2026-08-19 00:00:00+00:00, run_after=2026-08-20 00:00:00+00:00
[2026-08-19T12:55:56.421+0000] {processor.py:183} INFO - Processing /opt/airflow/dags/dag_pipeline_complet.py took 0.453 seconds
[2026-08-19T12:56:26.652+0000] {processor.py:161} INFO - Started process (PID=5761) to work on /opt/airflow/dags/dag_pipeline_complet.py
[2026-08-19T12:56:26.653+0000] {processor.py:830} INFO - Processing file /opt/airflow/dags/dag_pipeline_complet.py for tasks to queue
[2026-08-19T12:56:26.655+0000] {logging_mixin.py:188} INFO - [2026-08-19T12:56:26.655+0000] {dagbag.py:538} INFO - Filling up the DagBag from /opt/airflow/dags/dag_pipeline_complet.py
[2026-08-19T12:56:27.097+0000] {processor.py:840} INFO - DAG(s) 'jour5_pipeline_complet' retrieved from /opt/airflow/dags/dag_pipeline_complet.py
[2026-08-19T12:56:27.134+0000] {logging_mixin.py:188} INFO - [2026-08-19T12:56:27.134+0000] {dag.py:3036} INFO - Sync 1 DAGs
[2026-08-19T12:56:27.155+0000] {logging_mixin.py:188} INFO - [2026-08-19T12:56:27.155+0000] {dag.py:3823} INFO - Setting next_dagrun for jour5_pipeline_complet to 2026-08-19 00:00:00+00:00, run_after=2026-08-20 00:00:00+00:00
[2026-08-19T12:56:27.228+0000] {processor.py:183} INFO - Processing /opt/airflow/dags/dag_pipeline_complet.py took 0.579 seconds
[2026-08-19T12:56:57.908+0000] {processor.py:161} INFO - Started process (PID=5844) to work on /opt/airflow/dags/dag_pipeline_complet.py
[2026-08-19T12:56:57.909+0000] {processor.py:830} INFO - Processing file /opt/airflow/dags/dag_pipeline_complet.py for tasks to queue
[2026-08-19T12:56:57.911+0000] {logging_mixin.py:188} INFO - [2026-08-19T12:56:57.911+0000] {dagbag.py:538} INFO - Filling up the DagBag from /opt/airflow/dags/dag_pipeline_complet.py
[2026-08-19T12:56:58.336+0000] {processor.py:840} INFO - DAG(s) 'jour5_pipeline_complet' retrieved from /opt/airflow/dags/dag_pipeline_complet.py
[2026-08-19T12:56:58.370+0000] {logging_mixin.py:188} INFO - [2026-08-19T12:56:58.370+0000] {dag.py:3036} INFO - Sync 1 DAGs
[2026-08-19T12:56:58.391+0000] {logging_mixin.py:188} INFO - [2026-08-19T12:56:58.390+0000] {dag.py:3823} INFO - Setting next_dagrun for jour5_pipeline_complet to 2026-08-19 00:00:00+00:00, run_after=2026-08-20 00:00:00+00:00
[2026-08-19T12:56:58.414+0000] {processor.py:183} INFO - Processing /opt/airflow/dags/dag_pipeline_complet.py took 0.509 seconds
