[2026-08-10T23:01:30.856+0000] {processor.py:161} INFO - Started process (PID=134) to work on /home/airflow/.local/lib/python3.8/site-packages/airflow/example_dags/example_branch_python_dop_operator_3.py
[2026-08-10T23:01:30.864+0000] {processor.py:830} INFO - Processing file /home/airflow/.local/lib/python3.8/site-packages/airflow/example_dags/example_branch_python_dop_operator_3.py for tasks to queue
[2026-08-10T23:01:30.869+0000] {logging_mixin.py:188} INFO - [2026-08-10T23:01:30.868+0000] {dagbag.py:538} INFO - Filling up the DagBag from /home/airflow/.local/lib/python3.8/site-packages/airflow/example_dags/example_branch_python_dop_operator_3.py
[2026-08-10T23:01:30.898+0000] {processor.py:840} INFO - DAG(s) 'example_branch_dop_operator_v3' retrieved from /home/airflow/.local/lib/python3.8/site-packages/airflow/example_dags/example_branch_python_dop_operator_3.py
[2026-08-10T23:01:31.379+0000] {logging_mixin.py:188} INFO - [2026-08-10T23:01:31.377+0000] {dag.py:3036} INFO - Sync 1 DAGs
[2026-08-10T23:01:31.540+0000] {logging_mixin.py:188} INFO - [2026-08-10T23:01:31.539+0000] {dag.py:3823} INFO - Setting next_dagrun for example_branch_dop_operator_v3 to 2026-08-10 23:00:00+00:00, run_after=2026-08-10 23:01:00+00:00
[2026-08-10T23:01:31.656+0000] {processor.py:183} INFO - Processing /home/airflow/.local/lib/python3.8/site-packages/airflow/example_dags/example_branch_python_dop_operator_3.py took 0.812 seconds
[2026-08-10T23:02:01.944+0000] {processor.py:161} INFO - Started process (PID=210) to work on /home/airflow/.local/lib/python3.8/site-packages/airflow/example_dags/example_branch_python_dop_operator_3.py
[2026-08-10T23:02:01.945+0000] {processor.py:830} INFO - Processing file /home/airflow/.local/lib/python3.8/site-packages/airflow/example_dags/example_branch_python_dop_operator_3.py for tasks to queue
[2026-08-10T23:02:01.947+0000] {logging_mixin.py:188} INFO - [2026-08-10T23:02:01.947+0000] {dagbag.py:538} INFO - Filling up the DagBag from /home/airflow/.local/lib/python3.8/site-packages/airflow/example_dags/example_branch_python_dop_operator_3.py
[2026-08-10T23:02:01.956+0000] {processor.py:840} INFO - DAG(s) 'example_branch_dop_operator_v3' retrieved from /home/airflow/.local/lib/python3.8/site-packages/airflow/example_dags/example_branch_python_dop_operator_3.py
[2026-08-10T23:02:01.972+0000] {logging_mixin.py:188} INFO - [2026-08-10T23:02:01.972+0000] {dag.py:3036} INFO - Sync 1 DAGs
[2026-08-10T23:02:01.998+0000] {logging_mixin.py:188} INFO - [2026-08-10T23:02:01.998+0000] {dag.py:3823} INFO - Setting next_dagrun for example_branch_dop_operator_v3 to 2026-08-10 23:01:00+00:00, run_after=2026-08-10 23:02:00+00:00
[2026-08-10T23:02:02.020+0000] {processor.py:183} INFO - Processing /home/airflow/.local/lib/python3.8/site-packages/airflow/example_dags/example_branch_python_dop_operator_3.py took 0.080 seconds
[2026-08-10T23:02:32.421+0000] {processor.py:161} INFO - Started process (PID=282) to work on /home/airflow/.local/lib/python3.8/site-packages/airflow/example_dags/example_branch_python_dop_operator_3.py
[2026-08-10T23:02:32.422+0000] {processor.py:830} INFO - Processing file /home/airflow/.local/lib/python3.8/site-packages/airflow/example_dags/example_branch_python_dop_operator_3.py for tasks to queue
[2026-08-10T23:02:32.426+0000] {logging_mixin.py:188} INFO - [2026-08-10T23:02:32.425+0000] {dagbag.py:538} INFO - Filling up the DagBag from /home/airflow/.local/lib/python3.8/site-packages/airflow/example_dags/example_branch_python_dop_operator_3.py
[2026-08-10T23:02:32.438+0000] {processor.py:840} INFO - DAG(s) 'example_branch_dop_operator_v3' retrieved from /home/airflow/.local/lib/python3.8/site-packages/airflow/example_dags/example_branch_python_dop_operator_3.py
[2026-08-10T23:02:32.455+0000] {logging_mixin.py:188} INFO - [2026-08-10T23:02:32.454+0000] {dag.py:3036} INFO - Sync 1 DAGs
[2026-08-10T23:02:32.493+0000] {logging_mixin.py:188} INFO - [2026-08-10T23:02:32.493+0000] {dag.py:3823} INFO - Setting next_dagrun for example_branch_dop_operator_v3 to 2026-08-10 23:01:00+00:00, run_after=2026-08-10 23:02:00+00:00
[2026-08-10T23:02:32.521+0000] {processor.py:183} INFO - Processing /home/airflow/.local/lib/python3.8/site-packages/airflow/example_dags/example_branch_python_dop_operator_3.py took 0.104 seconds
[2026-08-10T23:03:03.075+0000] {processor.py:161} INFO - Started process (PID=354) to work on /home/airflow/.local/lib/python3.8/site-packages/airflow/example_dags/example_branch_python_dop_operator_3.py
[2026-08-10T23:03:03.076+0000] {processor.py:830} INFO - Processing file /home/airflow/.local/lib/python3.8/site-packages/airflow/example_dags/example_branch_python_dop_operator_3.py for tasks to queue
[2026-08-10T23:03:03.079+0000] {logging_mixin.py:188} INFO - [2026-08-10T23:03:03.078+0000] {dagbag.py:538} INFO - Filling up the DagBag from /home/airflow/.local/lib/python3.8/site-packages/airflow/example_dags/example_branch_python_dop_operator_3.py
[2026-08-10T23:03:03.088+0000] {processor.py:840} INFO - DAG(s) 'example_branch_dop_operator_v3' retrieved from /home/airflow/.local/lib/python3.8/site-packages/airflow/example_dags/example_branch_python_dop_operator_3.py
[2026-08-10T23:03:03.214+0000] {logging_mixin.py:188} INFO - [2026-08-10T23:03:03.213+0000] {dag.py:3036} INFO - Sync 1 DAGs
[2026-08-10T23:03:03.239+0000] {logging_mixin.py:188} INFO - [2026-08-10T23:03:03.239+0000] {dag.py:3823} INFO - Setting next_dagrun for example_branch_dop_operator_v3 to 2026-08-10 23:02:00+00:00, run_after=2026-08-10 23:03:00+00:00
[2026-08-10T23:03:03.264+0000] {processor.py:183} INFO - Processing /home/airflow/.local/lib/python3.8/site-packages/airflow/example_dags/example_branch_python_dop_operator_3.py took 0.193 seconds
[2026-08-10T23:03:33.614+0000] {processor.py:161} INFO - Started process (PID=430) to work on /home/airflow/.local/lib/python3.8/site-packages/airflow/example_dags/example_branch_python_dop_operator_3.py
[2026-08-10T23:03:33.616+0000] {processor.py:830} INFO - Processing file /home/airflow/.local/lib/python3.8/site-packages/airflow/example_dags/example_branch_python_dop_operator_3.py for tasks to queue
[2026-08-10T23:03:33.618+0000] {logging_mixin.py:188} INFO - [2026-08-10T23:03:33.618+0000] {dagbag.py:538} INFO - Filling up the DagBag from /home/airflow/.local/lib/python3.8/site-packages/airflow/example_dags/example_branch_python_dop_operator_3.py
[2026-08-10T23:03:33.627+0000] {processor.py:840} INFO - DAG(s) 'example_branch_dop_operator_v3' retrieved from /home/airflow/.local/lib/python3.8/site-packages/airflow/example_dags/example_branch_python_dop_operator_3.py
[2026-08-10T23:03:33.652+0000] {logging_mixin.py:188} INFO - [2026-08-10T23:03:33.652+0000] {dag.py:3036} INFO - Sync 1 DAGs
[2026-08-10T23:03:33.696+0000] {logging_mixin.py:188} INFO - [2026-08-10T23:03:33.695+0000] {dag.py:3823} INFO - Setting next_dagrun for example_branch_dop_operator_v3 to 2026-08-10 23:02:00+00:00, run_after=2026-08-10 23:03:00+00:00
[2026-08-10T23:03:33.731+0000] {processor.py:183} INFO - Processing /home/airflow/.local/lib/python3.8/site-packages/airflow/example_dags/example_branch_python_dop_operator_3.py took 0.122 seconds
[2026-08-10T23:04:04.086+0000] {processor.py:161} INFO - Started process (PID=507) to work on /home/airflow/.local/lib/python3.8/site-packages/airflow/example_dags/example_branch_python_dop_operator_3.py
[2026-08-10T23:04:04.088+0000] {processor.py:830} INFO - Processing file /home/airflow/.local/lib/python3.8/site-packages/airflow/example_dags/example_branch_python_dop_operator_3.py for tasks to queue
[2026-08-10T23:04:04.090+0000] {logging_mixin.py:188} INFO - [2026-08-10T23:04:04.090+0000] {dagbag.py:538} INFO - Filling up the DagBag from /home/airflow/.local/lib/python3.8/site-packages/airflow/example_dags/example_branch_python_dop_operator_3.py
[2026-08-10T23:04:04.102+0000] {processor.py:840} INFO - DAG(s) 'example_branch_dop_operator_v3' retrieved from /home/airflow/.local/lib/python3.8/site-packages/airflow/example_dags/example_branch_python_dop_operator_3.py
[2026-08-10T23:04:04.123+0000] {logging_mixin.py:188} INFO - [2026-08-10T23:04:04.123+0000] {dag.py:3036} INFO - Sync 1 DAGs
[2026-08-10T23:04:04.154+0000] {logging_mixin.py:188} INFO - [2026-08-10T23:04:04.154+0000] {dag.py:3823} INFO - Setting next_dagrun for example_branch_dop_operator_v3 to 2026-08-10 23:03:00+00:00, run_after=2026-08-10 23:04:00+00:00
[2026-08-10T23:04:04.186+0000] {processor.py:183} INFO - Processing /home/airflow/.local/lib/python3.8/site-packages/airflow/example_dags/example_branch_python_dop_operator_3.py took 0.103 seconds
[2026-08-10T23:04:35.130+0000] {processor.py:161} INFO - Started process (PID=579) to work on /home/airflow/.local/lib/python3.8/site-packages/airflow/example_dags/example_branch_python_dop_operator_3.py
[2026-08-10T23:04:35.131+0000] {processor.py:830} INFO - Processing file /home/airflow/.local/lib/python3.8/site-packages/airflow/example_dags/example_branch_python_dop_operator_3.py for tasks to queue
[2026-08-10T23:04:35.133+0000] {logging_mixin.py:188} INFO - [2026-08-10T23:04:35.133+0000] {dagbag.py:538} INFO - Filling up the DagBag from /home/airflow/.local/lib/python3.8/site-packages/airflow/example_dags/example_branch_python_dop_operator_3.py
[2026-08-10T23:04:35.141+0000] {processor.py:840} INFO - DAG(s) 'example_branch_dop_operator_v3' retrieved from /home/airflow/.local/lib/python3.8/site-packages/airflow/example_dags/example_branch_python_dop_operator_3.py
[2026-08-10T23:04:35.167+0000] {logging_mixin.py:188} INFO - [2026-08-10T23:04:35.167+0000] {dag.py:3036} INFO - Sync 1 DAGs
[2026-08-10T23:04:35.192+0000] {logging_mixin.py:188} INFO - [2026-08-10T23:04:35.192+0000] {dag.py:3823} INFO - Setting next_dagrun for example_branch_dop_operator_v3 to 2026-08-10 23:03:00+00:00, run_after=2026-08-10 23:04:00+00:00
[2026-08-10T23:04:35.212+0000] {processor.py:183} INFO - Processing /home/airflow/.local/lib/python3.8/site-packages/airflow/example_dags/example_branch_python_dop_operator_3.py took 0.086 seconds
[2026-08-10T23:05:05.405+0000] {processor.py:161} INFO - Started process (PID=651) to work on /home/airflow/.local/lib/python3.8/site-packages/airflow/example_dags/example_branch_python_dop_operator_3.py
[2026-08-10T23:05:05.407+0000] {processor.py:830} INFO - Processing file /home/airflow/.local/lib/python3.8/site-packages/airflow/example_dags/example_branch_python_dop_operator_3.py for tasks to queue
[2026-08-10T23:05:05.410+0000] {logging_mixin.py:188} INFO - [2026-08-10T23:05:05.409+0000] {dagbag.py:538} INFO - Filling up the DagBag from /home/airflow/.local/lib/python3.8/site-packages/airflow/example_dags/example_branch_python_dop_operator_3.py
[2026-08-10T23:05:05.423+0000] {processor.py:840} INFO - DAG(s) 'example_branch_dop_operator_v3' retrieved from /home/airflow/.local/lib/python3.8/site-packages/airflow/example_dags/example_branch_python_dop_operator_3.py
[2026-08-10T23:05:05.451+0000] {logging_mixin.py:188} INFO - [2026-08-10T23:05:05.450+0000] {dag.py:3036} INFO - Sync 1 DAGs
[2026-08-10T23:05:05.480+0000] {logging_mixin.py:188} INFO - [2026-08-10T23:05:05.480+0000] {dag.py:3823} INFO - Setting next_dagrun for example_branch_dop_operator_v3 to 2026-08-10 23:04:00+00:00, run_after=2026-08-10 23:05:00+00:00
[2026-08-10T23:05:05.505+0000] {processor.py:183} INFO - Processing /home/airflow/.local/lib/python3.8/site-packages/airflow/example_dags/example_branch_python_dop_operator_3.py took 0.103 seconds
[2026-08-10T23:05:35.754+0000] {processor.py:161} INFO - Started process (PID=723) to work on /home/airflow/.local/lib/python3.8/site-packages/airflow/example_dags/example_branch_python_dop_operator_3.py
[2026-08-10T23:05:35.758+0000] {processor.py:830} INFO - Processing file /home/airflow/.local/lib/python3.8/site-packages/airflow/example_dags/example_branch_python_dop_operator_3.py for tasks to queue
[2026-08-10T23:05:35.761+0000] {logging_mixin.py:188} INFO - [2026-08-10T23:05:35.761+0000] {dagbag.py:538} INFO - Filling up the DagBag from /home/airflow/.local/lib/python3.8/site-packages/airflow/example_dags/example_branch_python_dop_operator_3.py
[2026-08-10T23:05:35.771+0000] {processor.py:840} INFO - DAG(s) 'example_branch_dop_operator_v3' retrieved from /home/airflow/.local/lib/python3.8/site-packages/airflow/example_dags/example_branch_python_dop_operator_3.py
[2026-08-10T23:05:35.799+0000] {logging_mixin.py:188} INFO - [2026-08-10T23:05:35.799+0000] {dag.py:3036} INFO - Sync 1 DAGs
[2026-08-10T23:05:35.830+0000] {logging_mixin.py:188} INFO - [2026-08-10T23:05:35.829+0000] {dag.py:3823} INFO - Setting next_dagrun for example_branch_dop_operator_v3 to 2026-08-10 23:04:00+00:00, run_after=2026-08-10 23:05:00+00:00
[2026-08-10T23:05:35.857+0000] {processor.py:183} INFO - Processing /home/airflow/.local/lib/python3.8/site-packages/airflow/example_dags/example_branch_python_dop_operator_3.py took 0.108 seconds
[2026-08-10T23:06:06.089+0000] {processor.py:161} INFO - Started process (PID=795) to work on /home/airflow/.local/lib/python3.8/site-packages/airflow/example_dags/example_branch_python_dop_operator_3.py
[2026-08-10T23:06:06.090+0000] {processor.py:830} INFO - Processing file /home/airflow/.local/lib/python3.8/site-packages/airflow/example_dags/example_branch_python_dop_operator_3.py for tasks to queue
[2026-08-10T23:06:06.093+0000] {logging_mixin.py:188} INFO - [2026-08-10T23:06:06.092+0000] {dagbag.py:538} INFO - Filling up the DagBag from /home/airflow/.local/lib/python3.8/site-packages/airflow/example_dags/example_branch_python_dop_operator_3.py
[2026-08-10T23:06:06.106+0000] {processor.py:840} INFO - DAG(s) 'example_branch_dop_operator_v3' retrieved from /home/airflow/.local/lib/python3.8/site-packages/airflow/example_dags/example_branch_python_dop_operator_3.py
[2026-08-10T23:06:06.135+0000] {logging_mixin.py:188} INFO - [2026-08-10T23:06:06.135+0000] {dag.py:3036} INFO - Sync 1 DAGs
[2026-08-10T23:06:06.169+0000] {logging_mixin.py:188} INFO - [2026-08-10T23:06:06.169+0000] {dag.py:3823} INFO - Setting next_dagrun for example_branch_dop_operator_v3 to 2026-08-10 23:05:00+00:00, run_after=2026-08-10 23:06:00+00:00
[2026-08-10T23:06:06.200+0000] {processor.py:183} INFO - Processing /home/airflow/.local/lib/python3.8/site-packages/airflow/example_dags/example_branch_python_dop_operator_3.py took 0.116 seconds
[2026-08-10T23:06:36.721+0000] {processor.py:161} INFO - Started process (PID=867) to work on /home/airflow/.local/lib/python3.8/site-packages/airflow/example_dags/example_branch_python_dop_operator_3.py
[2026-08-10T23:06:36.723+0000] {processor.py:830} INFO - Processing file /home/airflow/.local/lib/python3.8/site-packages/airflow/example_dags/example_branch_python_dop_operator_3.py for tasks to queue
[2026-08-10T23:06:36.726+0000] {logging_mixin.py:188} INFO - [2026-08-10T23:06:36.726+0000] {dagbag.py:538} INFO - Filling up the DagBag from /home/airflow/.local/lib/python3.8/site-packages/airflow/example_dags/example_branch_python_dop_operator_3.py
[2026-08-10T23:06:36.736+0000] {processor.py:840} INFO - DAG(s) 'example_branch_dop_operator_v3' retrieved from /home/airflow/.local/lib/python3.8/site-packages/airflow/example_dags/example_branch_python_dop_operator_3.py
[2026-08-10T23:06:36.764+0000] {logging_mixin.py:188} INFO - [2026-08-10T23:06:36.763+0000] {dag.py:3036} INFO - Sync 1 DAGs
[2026-08-10T23:06:36.794+0000] {logging_mixin.py:188} INFO - [2026-08-10T23:06:36.794+0000] {dag.py:3823} INFO - Setting next_dagrun for example_branch_dop_operator_v3 to 2026-08-10 23:05:00+00:00, run_after=2026-08-10 23:06:00+00:00
[2026-08-10T23:06:36.821+0000] {processor.py:183} INFO - Processing /home/airflow/.local/lib/python3.8/site-packages/airflow/example_dags/example_branch_python_dop_operator_3.py took 0.104 seconds
[2026-08-10T23:07:07.828+0000] {processor.py:161} INFO - Started process (PID=939) to work on /home/airflow/.local/lib/python3.8/site-packages/airflow/example_dags/example_branch_python_dop_operator_3.py
[2026-08-10T23:07:07.830+0000] {processor.py:830} INFO - Processing file /home/airflow/.local/lib/python3.8/site-packages/airflow/example_dags/example_branch_python_dop_operator_3.py for tasks to queue
[2026-08-10T23:07:07.834+0000] {logging_mixin.py:188} INFO - [2026-08-10T23:07:07.833+0000] {dagbag.py:538} INFO - Filling up the DagBag from /home/airflow/.local/lib/python3.8/site-packages/airflow/example_dags/example_branch_python_dop_operator_3.py
[2026-08-10T23:07:07.847+0000] {processor.py:840} INFO - DAG(s) 'example_branch_dop_operator_v3' retrieved from /home/airflow/.local/lib/python3.8/site-packages/airflow/example_dags/example_branch_python_dop_operator_3.py
[2026-08-10T23:07:07.880+0000] {logging_mixin.py:188} INFO - [2026-08-10T23:07:07.879+0000] {dag.py:3036} INFO - Sync 1 DAGs
[2026-08-10T23:07:07.930+0000] {logging_mixin.py:188} INFO - [2026-08-10T23:07:07.930+0000] {dag.py:3823} INFO - Setting next_dagrun for example_branch_dop_operator_v3 to 2026-08-10 23:06:00+00:00, run_after=2026-08-10 23:07:00+00:00
[2026-08-10T23:07:07.983+0000] {processor.py:183} INFO - Processing /home/airflow/.local/lib/python3.8/site-packages/airflow/example_dags/example_branch_python_dop_operator_3.py took 0.163 seconds
[2026-08-10T23:07:38.611+0000] {processor.py:161} INFO - Started process (PID=1011) to work on /home/airflow/.local/lib/python3.8/site-packages/airflow/example_dags/example_branch_python_dop_operator_3.py
[2026-08-10T23:07:38.626+0000] {processor.py:830} INFO - Processing file /home/airflow/.local/lib/python3.8/site-packages/airflow/example_dags/example_branch_python_dop_operator_3.py for tasks to queue
[2026-08-10T23:07:38.653+0000] {logging_mixin.py:188} INFO - [2026-08-10T23:07:38.652+0000] {dagbag.py:538} INFO - Filling up the DagBag from /home/airflow/.local/lib/python3.8/site-packages/airflow/example_dags/example_branch_python_dop_operator_3.py
[2026-08-10T23:07:38.713+0000] {processor.py:840} INFO - DAG(s) 'example_branch_dop_operator_v3' retrieved from /home/airflow/.local/lib/python3.8/site-packages/airflow/example_dags/example_branch_python_dop_operator_3.py
[2026-08-10T23:07:38.853+0000] {logging_mixin.py:188} INFO - [2026-08-10T23:07:38.853+0000] {dag.py:3036} INFO - Sync 1 DAGs
[2026-08-10T23:07:39.024+0000] {logging_mixin.py:188} INFO - [2026-08-10T23:07:39.023+0000] {dag.py:3823} INFO - Setting next_dagrun for example_branch_dop_operator_v3 to 2026-08-10 23:06:00+00:00, run_after=2026-08-10 23:07:00+00:00
[2026-08-10T23:07:39.169+0000] {processor.py:183} INFO - Processing /home/airflow/.local/lib/python3.8/site-packages/airflow/example_dags/example_branch_python_dop_operator_3.py took 0.577 seconds
[2026-08-10T23:08:09.796+0000] {processor.py:161} INFO - Started process (PID=1083) to work on /home/airflow/.local/lib/python3.8/site-packages/airflow/example_dags/example_branch_python_dop_operator_3.py
[2026-08-10T23:08:09.798+0000] {processor.py:830} INFO - Processing file /home/airflow/.local/lib/python3.8/site-packages/airflow/example_dags/example_branch_python_dop_operator_3.py for tasks to queue
[2026-08-10T23:08:09.801+0000] {logging_mixin.py:188} INFO - [2026-08-10T23:08:09.800+0000] {dagbag.py:538} INFO - Filling up the DagBag from /home/airflow/.local/lib/python3.8/site-packages/airflow/example_dags/example_branch_python_dop_operator_3.py
[2026-08-10T23:08:09.819+0000] {processor.py:840} INFO - DAG(s) 'example_branch_dop_operator_v3' retrieved from /home/airflow/.local/lib/python3.8/site-packages/airflow/example_dags/example_branch_python_dop_operator_3.py
[2026-08-10T23:08:09.852+0000] {logging_mixin.py:188} INFO - [2026-08-10T23:08:09.851+0000] {dag.py:3036} INFO - Sync 1 DAGs
[2026-08-10T23:08:09.889+0000] {logging_mixin.py:188} INFO - [2026-08-10T23:08:09.889+0000] {dag.py:3823} INFO - Setting next_dagrun for example_branch_dop_operator_v3 to 2026-08-10 23:07:00+00:00, run_after=2026-08-10 23:08:00+00:00
[2026-08-10T23:08:09.987+0000] {processor.py:183} INFO - Processing /home/airflow/.local/lib/python3.8/site-packages/airflow/example_dags/example_branch_python_dop_operator_3.py took 0.197 seconds
[2026-08-10T23:08:40.585+0000] {processor.py:161} INFO - Started process (PID=1155) to work on /home/airflow/.local/lib/python3.8/site-packages/airflow/example_dags/example_branch_python_dop_operator_3.py
[2026-08-10T23:08:40.587+0000] {processor.py:830} INFO - Processing file /home/airflow/.local/lib/python3.8/site-packages/airflow/example_dags/example_branch_python_dop_operator_3.py for tasks to queue
[2026-08-10T23:08:40.589+0000] {logging_mixin.py:188} INFO - [2026-08-10T23:08:40.589+0000] {dagbag.py:538} INFO - Filling up the DagBag from /home/airflow/.local/lib/python3.8/site-packages/airflow/example_dags/example_branch_python_dop_operator_3.py
[2026-08-10T23:08:40.601+0000] {processor.py:840} INFO - DAG(s) 'example_branch_dop_operator_v3' retrieved from /home/airflow/.local/lib/python3.8/site-packages/airflow/example_dags/example_branch_python_dop_operator_3.py
[2026-08-10T23:08:40.632+0000] {logging_mixin.py:188} INFO - [2026-08-10T23:08:40.632+0000] {dag.py:3036} INFO - Sync 1 DAGs
[2026-08-10T23:08:40.659+0000] {logging_mixin.py:188} INFO - [2026-08-10T23:08:40.658+0000] {dag.py:3823} INFO - Setting next_dagrun for example_branch_dop_operator_v3 to 2026-08-10 23:07:00+00:00, run_after=2026-08-10 23:08:00+00:00
[2026-08-10T23:08:40.711+0000] {processor.py:183} INFO - Processing /home/airflow/.local/lib/python3.8/site-packages/airflow/example_dags/example_branch_python_dop_operator_3.py took 0.129 seconds
[2026-08-10T23:09:10.876+0000] {processor.py:161} INFO - Started process (PID=1227) to work on /home/airflow/.local/lib/python3.8/site-packages/airflow/example_dags/example_branch_python_dop_operator_3.py
[2026-08-10T23:09:10.877+0000] {processor.py:830} INFO - Processing file /home/airflow/.local/lib/python3.8/site-packages/airflow/example_dags/example_branch_python_dop_operator_3.py for tasks to queue
[2026-08-10T23:09:10.879+0000] {logging_mixin.py:188} INFO - [2026-08-10T23:09:10.879+0000] {dagbag.py:538} INFO - Filling up the DagBag from /home/airflow/.local/lib/python3.8/site-packages/airflow/example_dags/example_branch_python_dop_operator_3.py
[2026-08-10T23:09:10.894+0000] {processor.py:840} INFO - DAG(s) 'example_branch_dop_operator_v3' retrieved from /home/airflow/.local/lib/python3.8/site-packages/airflow/example_dags/example_branch_python_dop_operator_3.py
[2026-08-10T23:09:10.922+0000] {logging_mixin.py:188} INFO - [2026-08-10T23:09:10.921+0000] {dag.py:3036} INFO - Sync 1 DAGs
[2026-08-10T23:09:10.955+0000] {logging_mixin.py:188} INFO - [2026-08-10T23:09:10.954+0000] {dag.py:3823} INFO - Setting next_dagrun for example_branch_dop_operator_v3 to 2026-08-10 23:08:00+00:00, run_after=2026-08-10 23:09:00+00:00
[2026-08-10T23:09:11.018+0000] {processor.py:183} INFO - Processing /home/airflow/.local/lib/python3.8/site-packages/airflow/example_dags/example_branch_python_dop_operator_3.py took 0.147 seconds
[2026-08-10T23:09:45.033+0000] {processor.py:161} INFO - Started process (PID=1298) to work on /home/airflow/.local/lib/python3.8/site-packages/airflow/example_dags/example_branch_python_dop_operator_3.py
[2026-08-10T23:09:45.035+0000] {processor.py:830} INFO - Processing file /home/airflow/.local/lib/python3.8/site-packages/airflow/example_dags/example_branch_python_dop_operator_3.py for tasks to queue
[2026-08-10T23:09:45.040+0000] {logging_mixin.py:188} INFO - [2026-08-10T23:09:45.039+0000] {dagbag.py:538} INFO - Filling up the DagBag from /home/airflow/.local/lib/python3.8/site-packages/airflow/example_dags/example_branch_python_dop_operator_3.py
[2026-08-10T23:09:45.054+0000] {processor.py:840} INFO - DAG(s) 'example_branch_dop_operator_v3' retrieved from /home/airflow/.local/lib/python3.8/site-packages/airflow/example_dags/example_branch_python_dop_operator_3.py
[2026-08-10T23:09:45.090+0000] {logging_mixin.py:188} INFO - [2026-08-10T23:09:45.089+0000] {dag.py:3036} INFO - Sync 1 DAGs
[2026-08-10T23:09:45.136+0000] {logging_mixin.py:188} INFO - [2026-08-10T23:09:45.134+0000] {dag.py:3823} INFO - Setting next_dagrun for example_branch_dop_operator_v3 to 2026-08-10 23:08:00+00:00, run_after=2026-08-10 23:09:00+00:00
[2026-08-10T23:09:45.170+0000] {processor.py:183} INFO - Processing /home/airflow/.local/lib/python3.8/site-packages/airflow/example_dags/example_branch_python_dop_operator_3.py took 0.144 seconds
[2026-08-10T23:10:16.070+0000] {processor.py:161} INFO - Started process (PID=1371) to work on /home/airflow/.local/lib/python3.8/site-packages/airflow/example_dags/example_branch_python_dop_operator_3.py
[2026-08-10T23:10:16.072+0000] {processor.py:830} INFO - Processing file /home/airflow/.local/lib/python3.8/site-packages/airflow/example_dags/example_branch_python_dop_operator_3.py for tasks to queue
[2026-08-10T23:10:16.075+0000] {logging_mixin.py:188} INFO - [2026-08-10T23:10:16.075+0000] {dagbag.py:538} INFO - Filling up the DagBag from /home/airflow/.local/lib/python3.8/site-packages/airflow/example_dags/example_branch_python_dop_operator_3.py
[2026-08-10T23:10:16.086+0000] {processor.py:840} INFO - DAG(s) 'example_branch_dop_operator_v3' retrieved from /home/airflow/.local/lib/python3.8/site-packages/airflow/example_dags/example_branch_python_dop_operator_3.py
[2026-08-10T23:10:16.117+0000] {logging_mixin.py:188} INFO - [2026-08-10T23:10:16.116+0000] {dag.py:3036} INFO - Sync 1 DAGs
[2026-08-10T23:10:16.157+0000] {logging_mixin.py:188} INFO - [2026-08-10T23:10:16.156+0000] {dag.py:3823} INFO - Setting next_dagrun for example_branch_dop_operator_v3 to 2026-08-10 23:09:00+00:00, run_after=2026-08-10 23:10:00+00:00
[2026-08-10T23:10:16.212+0000] {processor.py:183} INFO - Processing /home/airflow/.local/lib/python3.8/site-packages/airflow/example_dags/example_branch_python_dop_operator_3.py took 0.147 seconds
[2026-08-10T23:10:46.868+0000] {processor.py:161} INFO - Started process (PID=1443) to work on /home/airflow/.local/lib/python3.8/site-packages/airflow/example_dags/example_branch_python_dop_operator_3.py
[2026-08-10T23:10:46.871+0000] {processor.py:830} INFO - Processing file /home/airflow/.local/lib/python3.8/site-packages/airflow/example_dags/example_branch_python_dop_operator_3.py for tasks to queue
[2026-08-10T23:10:46.876+0000] {logging_mixin.py:188} INFO - [2026-08-10T23:10:46.875+0000] {dagbag.py:538} INFO - Filling up the DagBag from /home/airflow/.local/lib/python3.8/site-packages/airflow/example_dags/example_branch_python_dop_operator_3.py
[2026-08-10T23:10:46.888+0000] {processor.py:840} INFO - DAG(s) 'example_branch_dop_operator_v3' retrieved from /home/airflow/.local/lib/python3.8/site-packages/airflow/example_dags/example_branch_python_dop_operator_3.py
[2026-08-10T23:10:46.922+0000] {logging_mixin.py:188} INFO - [2026-08-10T23:10:46.921+0000] {dag.py:3036} INFO - Sync 1 DAGs
[2026-08-10T23:10:46.954+0000] {logging_mixin.py:188} INFO - [2026-08-10T23:10:46.954+0000] {dag.py:3823} INFO - Setting next_dagrun for example_branch_dop_operator_v3 to 2026-08-10 23:09:00+00:00, run_after=2026-08-10 23:10:00+00:00
[2026-08-10T23:10:47.037+0000] {processor.py:183} INFO - Processing /home/airflow/.local/lib/python3.8/site-packages/airflow/example_dags/example_branch_python_dop_operator_3.py took 0.177 seconds
[2026-08-10T23:11:17.696+0000] {processor.py:161} INFO - Started process (PID=1515) to work on /home/airflow/.local/lib/python3.8/site-packages/airflow/example_dags/example_branch_python_dop_operator_3.py
[2026-08-10T23:11:17.697+0000] {processor.py:830} INFO - Processing file /home/airflow/.local/lib/python3.8/site-packages/airflow/example_dags/example_branch_python_dop_operator_3.py for tasks to queue
[2026-08-10T23:11:17.700+0000] {logging_mixin.py:188} INFO - [2026-08-10T23:11:17.700+0000] {dagbag.py:538} INFO - Filling up the DagBag from /home/airflow/.local/lib/python3.8/site-packages/airflow/example_dags/example_branch_python_dop_operator_3.py
[2026-08-10T23:11:17.719+0000] {processor.py:840} INFO - DAG(s) 'example_branch_dop_operator_v3' retrieved from /home/airflow/.local/lib/python3.8/site-packages/airflow/example_dags/example_branch_python_dop_operator_3.py
[2026-08-10T23:11:17.758+0000] {logging_mixin.py:188} INFO - [2026-08-10T23:11:17.757+0000] {dag.py:3036} INFO - Sync 1 DAGs
[2026-08-10T23:11:17.810+0000] {logging_mixin.py:188} INFO - [2026-08-10T23:11:17.810+0000] {dag.py:3823} INFO - Setting next_dagrun for example_branch_dop_operator_v3 to 2026-08-10 23:10:00+00:00, run_after=2026-08-10 23:11:00+00:00
[2026-08-10T23:11:17.881+0000] {processor.py:183} INFO - Processing /home/airflow/.local/lib/python3.8/site-packages/airflow/example_dags/example_branch_python_dop_operator_3.py took 0.190 seconds
[2026-08-10T23:11:48.169+0000] {processor.py:161} INFO - Started process (PID=1587) to work on /home/airflow/.local/lib/python3.8/site-packages/airflow/example_dags/example_branch_python_dop_operator_3.py
[2026-08-10T23:11:48.171+0000] {processor.py:830} INFO - Processing file /home/airflow/.local/lib/python3.8/site-packages/airflow/example_dags/example_branch_python_dop_operator_3.py for tasks to queue
[2026-08-10T23:11:48.173+0000] {logging_mixin.py:188} INFO - [2026-08-10T23:11:48.172+0000] {dagbag.py:538} INFO - Filling up the DagBag from /home/airflow/.local/lib/python3.8/site-packages/airflow/example_dags/example_branch_python_dop_operator_3.py
[2026-08-10T23:11:48.189+0000] {processor.py:840} INFO - DAG(s) 'example_branch_dop_operator_v3' retrieved from /home/airflow/.local/lib/python3.8/site-packages/airflow/example_dags/example_branch_python_dop_operator_3.py
[2026-08-10T23:11:48.224+0000] {logging_mixin.py:188} INFO - [2026-08-10T23:11:48.223+0000] {dag.py:3036} INFO - Sync 1 DAGs
[2026-08-10T23:11:48.282+0000] {logging_mixin.py:188} INFO - [2026-08-10T23:11:48.282+0000] {dag.py:3823} INFO - Setting next_dagrun for example_branch_dop_operator_v3 to 2026-08-10 23:10:00+00:00, run_after=2026-08-10 23:11:00+00:00
[2026-08-10T23:11:48.327+0000] {processor.py:183} INFO - Processing /home/airflow/.local/lib/python3.8/site-packages/airflow/example_dags/example_branch_python_dop_operator_3.py took 0.165 seconds
[2026-08-10T23:12:18.962+0000] {processor.py:161} INFO - Started process (PID=1658) to work on /home/airflow/.local/lib/python3.8/site-packages/airflow/example_dags/example_branch_python_dop_operator_3.py
[2026-08-10T23:12:18.963+0000] {processor.py:830} INFO - Processing file /home/airflow/.local/lib/python3.8/site-packages/airflow/example_dags/example_branch_python_dop_operator_3.py for tasks to queue
[2026-08-10T23:12:18.964+0000] {logging_mixin.py:188} INFO - [2026-08-10T23:12:18.964+0000] {dagbag.py:538} INFO - Filling up the DagBag from /home/airflow/.local/lib/python3.8/site-packages/airflow/example_dags/example_branch_python_dop_operator_3.py
[2026-08-10T23:12:18.975+0000] {processor.py:840} INFO - DAG(s) 'example_branch_dop_operator_v3' retrieved from /home/airflow/.local/lib/python3.8/site-packages/airflow/example_dags/example_branch_python_dop_operator_3.py
[2026-08-10T23:12:18.998+0000] {logging_mixin.py:188} INFO - [2026-08-10T23:12:18.998+0000] {dag.py:3036} INFO - Sync 1 DAGs
[2026-08-10T23:12:19.023+0000] {logging_mixin.py:188} INFO - [2026-08-10T23:12:19.023+0000] {dag.py:3823} INFO - Setting next_dagrun for example_branch_dop_operator_v3 to 2026-08-10 23:11:00+00:00, run_after=2026-08-10 23:12:00+00:00
[2026-08-10T23:12:19.042+0000] {processor.py:183} INFO - Processing /home/airflow/.local/lib/python3.8/site-packages/airflow/example_dags/example_branch_python_dop_operator_3.py took 0.085 seconds
[2026-08-10T23:12:49.928+0000] {processor.py:161} INFO - Started process (PID=1729) to work on /home/airflow/.local/lib/python3.8/site-packages/airflow/example_dags/example_branch_python_dop_operator_3.py
[2026-08-10T23:12:49.929+0000] {processor.py:830} INFO - Processing file /home/airflow/.local/lib/python3.8/site-packages/airflow/example_dags/example_branch_python_dop_operator_3.py for tasks to queue
[2026-08-10T23:12:49.930+0000] {logging_mixin.py:188} INFO - [2026-08-10T23:12:49.930+0000] {dagbag.py:538} INFO - Filling up the DagBag from /home/airflow/.local/lib/python3.8/site-packages/airflow/example_dags/example_branch_python_dop_operator_3.py
[2026-08-10T23:12:49.941+0000] {processor.py:840} INFO - DAG(s) 'example_branch_dop_operator_v3' retrieved from /home/airflow/.local/lib/python3.8/site-packages/airflow/example_dags/example_branch_python_dop_operator_3.py
[2026-08-10T23:12:49.965+0000] {logging_mixin.py:188} INFO - [2026-08-10T23:12:49.964+0000] {dag.py:3036} INFO - Sync 1 DAGs
[2026-08-10T23:12:49.995+0000] {logging_mixin.py:188} INFO - [2026-08-10T23:12:49.995+0000] {dag.py:3823} INFO - Setting next_dagrun for example_branch_dop_operator_v3 to 2026-08-10 23:11:00+00:00, run_after=2026-08-10 23:12:00+00:00
[2026-08-10T23:12:50.022+0000] {processor.py:183} INFO - Processing /home/airflow/.local/lib/python3.8/site-packages/airflow/example_dags/example_branch_python_dop_operator_3.py took 0.099 seconds
[2026-08-10T23:13:22.573+0000] {processor.py:161} INFO - Started process (PID=1822) to work on /home/airflow/.local/lib/python3.8/site-packages/airflow/example_dags/example_branch_python_dop_operator_3.py
[2026-08-10T23:13:22.575+0000] {processor.py:830} INFO - Processing file /home/airflow/.local/lib/python3.8/site-packages/airflow/example_dags/example_branch_python_dop_operator_3.py for tasks to queue
[2026-08-10T23:13:22.580+0000] {logging_mixin.py:188} INFO - [2026-08-10T23:13:22.577+0000] {dagbag.py:538} INFO - Filling up the DagBag from /home/airflow/.local/lib/python3.8/site-packages/airflow/example_dags/example_branch_python_dop_operator_3.py
[2026-08-10T23:13:22.599+0000] {processor.py:840} INFO - DAG(s) 'example_branch_dop_operator_v3' retrieved from /home/airflow/.local/lib/python3.8/site-packages/airflow/example_dags/example_branch_python_dop_operator_3.py
[2026-08-10T23:13:22.638+0000] {logging_mixin.py:188} INFO - [2026-08-10T23:13:22.638+0000] {dag.py:3036} INFO - Sync 1 DAGs
[2026-08-10T23:13:22.687+0000] {logging_mixin.py:188} INFO - [2026-08-10T23:13:22.686+0000] {dag.py:3823} INFO - Setting next_dagrun for example_branch_dop_operator_v3 to 2026-08-10 23:12:00+00:00, run_after=2026-08-10 23:13:00+00:00
[2026-08-10T23:13:22.725+0000] {processor.py:183} INFO - Processing /home/airflow/.local/lib/python3.8/site-packages/airflow/example_dags/example_branch_python_dop_operator_3.py took 0.159 seconds
[2026-08-10T23:13:53.434+0000] {processor.py:161} INFO - Started process (PID=1893) to work on /home/airflow/.local/lib/python3.8/site-packages/airflow/example_dags/example_branch_python_dop_operator_3.py
[2026-08-10T23:13:53.436+0000] {processor.py:830} INFO - Processing file /home/airflow/.local/lib/python3.8/site-packages/airflow/example_dags/example_branch_python_dop_operator_3.py for tasks to queue
[2026-08-10T23:13:53.437+0000] {logging_mixin.py:188} INFO - [2026-08-10T23:13:53.436+0000] {dagbag.py:538} INFO - Filling up the DagBag from /home/airflow/.local/lib/python3.8/site-packages/airflow/example_dags/example_branch_python_dop_operator_3.py
[2026-08-10T23:13:53.445+0000] {processor.py:840} INFO - DAG(s) 'example_branch_dop_operator_v3' retrieved from /home/airflow/.local/lib/python3.8/site-packages/airflow/example_dags/example_branch_python_dop_operator_3.py
[2026-08-10T23:13:53.466+0000] {logging_mixin.py:188} INFO - [2026-08-10T23:13:53.466+0000] {dag.py:3036} INFO - Sync 1 DAGs
[2026-08-10T23:13:53.490+0000] {logging_mixin.py:188} INFO - [2026-08-10T23:13:53.490+0000] {dag.py:3823} INFO - Setting next_dagrun for example_branch_dop_operator_v3 to 2026-08-10 23:12:00+00:00, run_after=2026-08-10 23:13:00+00:00
[2026-08-10T23:13:53.512+0000] {processor.py:183} INFO - Processing /home/airflow/.local/lib/python3.8/site-packages/airflow/example_dags/example_branch_python_dop_operator_3.py took 0.081 seconds
[2026-08-10T23:14:23.944+0000] {processor.py:161} INFO - Started process (PID=1964) to work on /home/airflow/.local/lib/python3.8/site-packages/airflow/example_dags/example_branch_python_dop_operator_3.py
[2026-08-10T23:14:23.945+0000] {processor.py:830} INFO - Processing file /home/airflow/.local/lib/python3.8/site-packages/airflow/example_dags/example_branch_python_dop_operator_3.py for tasks to queue
[2026-08-10T23:14:23.946+0000] {logging_mixin.py:188} INFO - [2026-08-10T23:14:23.946+0000] {dagbag.py:538} INFO - Filling up the DagBag from /home/airflow/.local/lib/python3.8/site-packages/airflow/example_dags/example_branch_python_dop_operator_3.py
[2026-08-10T23:14:23.955+0000] {processor.py:840} INFO - DAG(s) 'example_branch_dop_operator_v3' retrieved from /home/airflow/.local/lib/python3.8/site-packages/airflow/example_dags/example_branch_python_dop_operator_3.py
[2026-08-10T23:14:23.979+0000] {logging_mixin.py:188} INFO - [2026-08-10T23:14:23.979+0000] {dag.py:3036} INFO - Sync 1 DAGs
[2026-08-10T23:14:24.003+0000] {logging_mixin.py:188} INFO - [2026-08-10T23:14:24.003+0000] {dag.py:3823} INFO - Setting next_dagrun for example_branch_dop_operator_v3 to 2026-08-10 23:13:00+00:00, run_after=2026-08-10 23:14:00+00:00
[2026-08-10T23:14:24.024+0000] {processor.py:183} INFO - Processing /home/airflow/.local/lib/python3.8/site-packages/airflow/example_dags/example_branch_python_dop_operator_3.py took 0.084 seconds
[2026-08-10T23:14:54.129+0000] {processor.py:161} INFO - Started process (PID=2035) to work on /home/airflow/.local/lib/python3.8/site-packages/airflow/example_dags/example_branch_python_dop_operator_3.py
[2026-08-10T23:14:54.130+0000] {processor.py:830} INFO - Processing file /home/airflow/.local/lib/python3.8/site-packages/airflow/example_dags/example_branch_python_dop_operator_3.py for tasks to queue
[2026-08-10T23:14:54.131+0000] {logging_mixin.py:188} INFO - [2026-08-10T23:14:54.131+0000] {dagbag.py:538} INFO - Filling up the DagBag from /home/airflow/.local/lib/python3.8/site-packages/airflow/example_dags/example_branch_python_dop_operator_3.py
[2026-08-10T23:14:54.141+0000] {processor.py:840} INFO - DAG(s) 'example_branch_dop_operator_v3' retrieved from /home/airflow/.local/lib/python3.8/site-packages/airflow/example_dags/example_branch_python_dop_operator_3.py
[2026-08-10T23:14:54.163+0000] {logging_mixin.py:188} INFO - [2026-08-10T23:14:54.163+0000] {dag.py:3036} INFO - Sync 1 DAGs
[2026-08-10T23:14:54.189+0000] {logging_mixin.py:188} INFO - [2026-08-10T23:14:54.189+0000] {dag.py:3823} INFO - Setting next_dagrun for example_branch_dop_operator_v3 to 2026-08-10 23:13:00+00:00, run_after=2026-08-10 23:14:00+00:00
[2026-08-10T23:14:54.212+0000] {processor.py:183} INFO - Processing /home/airflow/.local/lib/python3.8/site-packages/airflow/example_dags/example_branch_python_dop_operator_3.py took 0.086 seconds
[2026-08-10T23:15:24.663+0000] {processor.py:161} INFO - Started process (PID=2115) to work on /home/airflow/.local/lib/python3.8/site-packages/airflow/example_dags/example_branch_python_dop_operator_3.py
[2026-08-10T23:15:24.664+0000] {processor.py:830} INFO - Processing file /home/airflow/.local/lib/python3.8/site-packages/airflow/example_dags/example_branch_python_dop_operator_3.py for tasks to queue
[2026-08-10T23:15:24.666+0000] {logging_mixin.py:188} INFO - [2026-08-10T23:15:24.665+0000] {dagbag.py:538} INFO - Filling up the DagBag from /home/airflow/.local/lib/python3.8/site-packages/airflow/example_dags/example_branch_python_dop_operator_3.py
[2026-08-10T23:15:24.678+0000] {processor.py:840} INFO - DAG(s) 'example_branch_dop_operator_v3' retrieved from /home/airflow/.local/lib/python3.8/site-packages/airflow/example_dags/example_branch_python_dop_operator_3.py
[2026-08-10T23:15:24.706+0000] {logging_mixin.py:188} INFO - [2026-08-10T23:15:24.706+0000] {dag.py:3036} INFO - Sync 1 DAGs
[2026-08-10T23:15:24.741+0000] {logging_mixin.py:188} INFO - [2026-08-10T23:15:24.741+0000] {dag.py:3823} INFO - Setting next_dagrun for example_branch_dop_operator_v3 to 2026-08-10 23:14:00+00:00, run_after=2026-08-10 23:15:00+00:00
[2026-08-10T23:15:24.768+0000] {processor.py:183} INFO - Processing /home/airflow/.local/lib/python3.8/site-packages/airflow/example_dags/example_branch_python_dop_operator_3.py took 0.109 seconds
[2026-08-10T23:15:56.110+0000] {processor.py:161} INFO - Started process (PID=2186) to work on /home/airflow/.local/lib/python3.8/site-packages/airflow/example_dags/example_branch_python_dop_operator_3.py
[2026-08-10T23:15:56.112+0000] {processor.py:830} INFO - Processing file /home/airflow/.local/lib/python3.8/site-packages/airflow/example_dags/example_branch_python_dop_operator_3.py for tasks to queue
[2026-08-10T23:15:56.113+0000] {logging_mixin.py:188} INFO - [2026-08-10T23:15:56.113+0000] {dagbag.py:538} INFO - Filling up the DagBag from /home/airflow/.local/lib/python3.8/site-packages/airflow/example_dags/example_branch_python_dop_operator_3.py
[2026-08-10T23:15:56.125+0000] {processor.py:840} INFO - DAG(s) 'example_branch_dop_operator_v3' retrieved from /home/airflow/.local/lib/python3.8/site-packages/airflow/example_dags/example_branch_python_dop_operator_3.py
[2026-08-10T23:15:56.142+0000] {logging_mixin.py:188} INFO - [2026-08-10T23:15:56.141+0000] {dag.py:3036} INFO - Sync 1 DAGs
[2026-08-10T23:15:56.187+0000] {logging_mixin.py:188} INFO - [2026-08-10T23:15:56.187+0000] {dag.py:3823} INFO - Setting next_dagrun for example_branch_dop_operator_v3 to 2026-08-10 23:14:00+00:00, run_after=2026-08-10 23:15:00+00:00
[2026-08-10T23:15:56.211+0000] {processor.py:183} INFO - Processing /home/airflow/.local/lib/python3.8/site-packages/airflow/example_dags/example_branch_python_dop_operator_3.py took 0.105 seconds
[2026-08-10T23:16:29.050+0000] {processor.py:161} INFO - Started process (PID=2257) to work on /home/airflow/.local/lib/python3.8/site-packages/airflow/example_dags/example_branch_python_dop_operator_3.py
[2026-08-10T23:16:29.051+0000] {processor.py:830} INFO - Processing file /home/airflow/.local/lib/python3.8/site-packages/airflow/example_dags/example_branch_python_dop_operator_3.py for tasks to queue
[2026-08-10T23:16:29.052+0000] {logging_mixin.py:188} INFO - [2026-08-10T23:16:29.052+0000] {dagbag.py:538} INFO - Filling up the DagBag from /home/airflow/.local/lib/python3.8/site-packages/airflow/example_dags/example_branch_python_dop_operator_3.py
[2026-08-10T23:16:29.062+0000] {processor.py:840} INFO - DAG(s) 'example_branch_dop_operator_v3' retrieved from /home/airflow/.local/lib/python3.8/site-packages/airflow/example_dags/example_branch_python_dop_operator_3.py
[2026-08-10T23:16:29.297+0000] {logging_mixin.py:188} INFO - [2026-08-10T23:16:29.297+0000] {dag.py:3036} INFO - Sync 1 DAGs
[2026-08-10T23:16:29.316+0000] {logging_mixin.py:188} INFO - [2026-08-10T23:16:29.316+0000] {dag.py:3823} INFO - Setting next_dagrun for example_branch_dop_operator_v3 to 2026-08-10 23:15:00+00:00, run_after=2026-08-10 23:16:00+00:00
[2026-08-10T23:16:29.334+0000] {processor.py:183} INFO - Processing /home/airflow/.local/lib/python3.8/site-packages/airflow/example_dags/example_branch_python_dop_operator_3.py took 0.288 seconds
[2026-08-10T23:16:59.942+0000] {processor.py:161} INFO - Started process (PID=2331) to work on /home/airflow/.local/lib/python3.8/site-packages/airflow/example_dags/example_branch_python_dop_operator_3.py
[2026-08-10T23:16:59.944+0000] {processor.py:830} INFO - Processing file /home/airflow/.local/lib/python3.8/site-packages/airflow/example_dags/example_branch_python_dop_operator_3.py for tasks to queue
[2026-08-10T23:16:59.945+0000] {logging_mixin.py:188} INFO - [2026-08-10T23:16:59.944+0000] {dagbag.py:538} INFO - Filling up the DagBag from /home/airflow/.local/lib/python3.8/site-packages/airflow/example_dags/example_branch_python_dop_operator_3.py
[2026-08-10T23:16:59.953+0000] {processor.py:840} INFO - DAG(s) 'example_branch_dop_operator_v3' retrieved from /home/airflow/.local/lib/python3.8/site-packages/airflow/example_dags/example_branch_python_dop_operator_3.py
[2026-08-10T23:16:59.975+0000] {logging_mixin.py:188} INFO - [2026-08-10T23:16:59.975+0000] {dag.py:3036} INFO - Sync 1 DAGs
[2026-08-10T23:16:59.999+0000] {logging_mixin.py:188} INFO - [2026-08-10T23:16:59.999+0000] {dag.py:3823} INFO - Setting next_dagrun for example_branch_dop_operator_v3 to 2026-08-10 23:15:00+00:00, run_after=2026-08-10 23:16:00+00:00
[2026-08-10T23:17:00.024+0000] {processor.py:183} INFO - Processing /home/airflow/.local/lib/python3.8/site-packages/airflow/example_dags/example_branch_python_dop_operator_3.py took 0.085 seconds
[2026-08-10T23:17:30.947+0000] {processor.py:161} INFO - Started process (PID=2404) to work on /home/airflow/.local/lib/python3.8/site-packages/airflow/example_dags/example_branch_python_dop_operator_3.py
[2026-08-10T23:17:30.950+0000] {processor.py:830} INFO - Processing file /home/airflow/.local/lib/python3.8/site-packages/airflow/example_dags/example_branch_python_dop_operator_3.py for tasks to queue
[2026-08-10T23:17:30.953+0000] {logging_mixin.py:188} INFO - [2026-08-10T23:17:30.952+0000] {dagbag.py:538} INFO - Filling up the DagBag from /home/airflow/.local/lib/python3.8/site-packages/airflow/example_dags/example_branch_python_dop_operator_3.py
[2026-08-10T23:17:30.977+0000] {processor.py:840} INFO - DAG(s) 'example_branch_dop_operator_v3' retrieved from /home/airflow/.local/lib/python3.8/site-packages/airflow/example_dags/example_branch_python_dop_operator_3.py
[2026-08-10T23:17:31.001+0000] {logging_mixin.py:188} INFO - [2026-08-10T23:17:31.001+0000] {dag.py:3036} INFO - Sync 1 DAGs
[2026-08-10T23:17:31.028+0000] {logging_mixin.py:188} INFO - [2026-08-10T23:17:31.028+0000] {dag.py:3823} INFO - Setting next_dagrun for example_branch_dop_operator_v3 to 2026-08-10 23:16:00+00:00, run_after=2026-08-10 23:17:00+00:00
[2026-08-10T23:17:31.049+0000] {processor.py:183} INFO - Processing /home/airflow/.local/lib/python3.8/site-packages/airflow/example_dags/example_branch_python_dop_operator_3.py took 0.107 seconds
[2026-08-10T23:18:01.337+0000] {processor.py:161} INFO - Started process (PID=2477) to work on /home/airflow/.local/lib/python3.8/site-packages/airflow/example_dags/example_branch_python_dop_operator_3.py
[2026-08-10T23:18:01.339+0000] {processor.py:830} INFO - Processing file /home/airflow/.local/lib/python3.8/site-packages/airflow/example_dags/example_branch_python_dop_operator_3.py for tasks to queue
[2026-08-10T23:18:01.340+0000] {logging_mixin.py:188} INFO - [2026-08-10T23:18:01.339+0000] {dagbag.py:538} INFO - Filling up the DagBag from /home/airflow/.local/lib/python3.8/site-packages/airflow/example_dags/example_branch_python_dop_operator_3.py
[2026-08-10T23:18:01.349+0000] {processor.py:840} INFO - DAG(s) 'example_branch_dop_operator_v3' retrieved from /home/airflow/.local/lib/python3.8/site-packages/airflow/example_dags/example_branch_python_dop_operator_3.py
[2026-08-10T23:18:01.370+0000] {logging_mixin.py:188} INFO - [2026-08-10T23:18:01.370+0000] {dag.py:3036} INFO - Sync 1 DAGs
[2026-08-10T23:18:01.394+0000] {logging_mixin.py:188} INFO - [2026-08-10T23:18:01.394+0000] {dag.py:3823} INFO - Setting next_dagrun for example_branch_dop_operator_v3 to 2026-08-10 23:17:00+00:00, run_after=2026-08-10 23:18:00+00:00
[2026-08-10T23:18:01.413+0000] {processor.py:183} INFO - Processing /home/airflow/.local/lib/python3.8/site-packages/airflow/example_dags/example_branch_python_dop_operator_3.py took 0.079 seconds
[2026-08-10T23:18:31.680+0000] {processor.py:161} INFO - Started process (PID=2550) to work on /home/airflow/.local/lib/python3.8/site-packages/airflow/example_dags/example_branch_python_dop_operator_3.py
[2026-08-10T23:18:31.682+0000] {processor.py:830} INFO - Processing file /home/airflow/.local/lib/python3.8/site-packages/airflow/example_dags/example_branch_python_dop_operator_3.py for tasks to queue
[2026-08-10T23:18:31.684+0000] {logging_mixin.py:188} INFO - [2026-08-10T23:18:31.683+0000] {dagbag.py:538} INFO - Filling up the DagBag from /home/airflow/.local/lib/python3.8/site-packages/airflow/example_dags/example_branch_python_dop_operator_3.py
[2026-08-10T23:18:31.697+0000] {processor.py:840} INFO - DAG(s) 'example_branch_dop_operator_v3' retrieved from /home/airflow/.local/lib/python3.8/site-packages/airflow/example_dags/example_branch_python_dop_operator_3.py
[2026-08-10T23:18:31.728+0000] {logging_mixin.py:188} INFO - [2026-08-10T23:18:31.726+0000] {dag.py:3036} INFO - Sync 1 DAGs
[2026-08-10T23:18:31.767+0000] {logging_mixin.py:188} INFO - [2026-08-10T23:18:31.767+0000] {dag.py:3823} INFO - Setting next_dagrun for example_branch_dop_operator_v3 to 2026-08-10 23:17:00+00:00, run_after=2026-08-10 23:18:00+00:00
[2026-08-10T23:18:31.799+0000] {processor.py:183} INFO - Processing /home/airflow/.local/lib/python3.8/site-packages/airflow/example_dags/example_branch_python_dop_operator_3.py took 0.124 seconds
[2026-08-10T23:19:02.182+0000] {processor.py:161} INFO - Started process (PID=2623) to work on /home/airflow/.local/lib/python3.8/site-packages/airflow/example_dags/example_branch_python_dop_operator_3.py
[2026-08-10T23:19:02.183+0000] {processor.py:830} INFO - Processing file /home/airflow/.local/lib/python3.8/site-packages/airflow/example_dags/example_branch_python_dop_operator_3.py for tasks to queue
[2026-08-10T23:19:02.184+0000] {logging_mixin.py:188} INFO - [2026-08-10T23:19:02.184+0000] {dagbag.py:538} INFO - Filling up the DagBag from /home/airflow/.local/lib/python3.8/site-packages/airflow/example_dags/example_branch_python_dop_operator_3.py
[2026-08-10T23:19:02.195+0000] {processor.py:840} INFO - DAG(s) 'example_branch_dop_operator_v3' retrieved from /home/airflow/.local/lib/python3.8/site-packages/airflow/example_dags/example_branch_python_dop_operator_3.py
[2026-08-10T23:19:02.220+0000] {logging_mixin.py:188} INFO - [2026-08-10T23:19:02.220+0000] {dag.py:3036} INFO - Sync 1 DAGs
[2026-08-10T23:19:02.249+0000] {logging_mixin.py:188} INFO - [2026-08-10T23:19:02.249+0000] {dag.py:3823} INFO - Setting next_dagrun for example_branch_dop_operator_v3 to 2026-08-10 23:18:00+00:00, run_after=2026-08-10 23:19:00+00:00
[2026-08-10T23:19:02.273+0000] {processor.py:183} INFO - Processing /home/airflow/.local/lib/python3.8/site-packages/airflow/example_dags/example_branch_python_dop_operator_3.py took 0.095 seconds
[2026-08-10T23:19:32.461+0000] {processor.py:161} INFO - Started process (PID=2696) to work on /home/airflow/.local/lib/python3.8/site-packages/airflow/example_dags/example_branch_python_dop_operator_3.py
[2026-08-10T23:19:32.462+0000] {processor.py:830} INFO - Processing file /home/airflow/.local/lib/python3.8/site-packages/airflow/example_dags/example_branch_python_dop_operator_3.py for tasks to queue
[2026-08-10T23:19:32.463+0000] {logging_mixin.py:188} INFO - [2026-08-10T23:19:32.463+0000] {dagbag.py:538} INFO - Filling up the DagBag from /home/airflow/.local/lib/python3.8/site-packages/airflow/example_dags/example_branch_python_dop_operator_3.py
[2026-08-10T23:19:32.472+0000] {processor.py:840} INFO - DAG(s) 'example_branch_dop_operator_v3' retrieved from /home/airflow/.local/lib/python3.8/site-packages/airflow/example_dags/example_branch_python_dop_operator_3.py
[2026-08-10T23:19:32.494+0000] {logging_mixin.py:188} INFO - [2026-08-10T23:19:32.494+0000] {dag.py:3036} INFO - Sync 1 DAGs
[2026-08-10T23:19:32.520+0000] {logging_mixin.py:188} INFO - [2026-08-10T23:19:32.520+0000] {dag.py:3823} INFO - Setting next_dagrun for example_branch_dop_operator_v3 to 2026-08-10 23:18:00+00:00, run_after=2026-08-10 23:19:00+00:00
[2026-08-10T23:19:32.542+0000] {processor.py:183} INFO - Processing /home/airflow/.local/lib/python3.8/site-packages/airflow/example_dags/example_branch_python_dop_operator_3.py took 0.084 seconds
[2026-08-10T23:20:02.871+0000] {processor.py:161} INFO - Started process (PID=2769) to work on /home/airflow/.local/lib/python3.8/site-packages/airflow/example_dags/example_branch_python_dop_operator_3.py
[2026-08-10T23:20:02.872+0000] {processor.py:830} INFO - Processing file /home/airflow/.local/lib/python3.8/site-packages/airflow/example_dags/example_branch_python_dop_operator_3.py for tasks to queue
[2026-08-10T23:20:02.873+0000] {logging_mixin.py:188} INFO - [2026-08-10T23:20:02.873+0000] {dagbag.py:538} INFO - Filling up the DagBag from /home/airflow/.local/lib/python3.8/site-packages/airflow/example_dags/example_branch_python_dop_operator_3.py
[2026-08-10T23:20:02.887+0000] {processor.py:840} INFO - DAG(s) 'example_branch_dop_operator_v3' retrieved from /home/airflow/.local/lib/python3.8/site-packages/airflow/example_dags/example_branch_python_dop_operator_3.py
[2026-08-10T23:20:02.916+0000] {logging_mixin.py:188} INFO - [2026-08-10T23:20:02.915+0000] {dag.py:3036} INFO - Sync 1 DAGs
[2026-08-10T23:20:02.945+0000] {logging_mixin.py:188} INFO - [2026-08-10T23:20:02.945+0000] {dag.py:3823} INFO - Setting next_dagrun for example_branch_dop_operator_v3 to 2026-08-10 23:19:00+00:00, run_after=2026-08-10 23:20:00+00:00
[2026-08-10T23:20:02.968+0000] {processor.py:183} INFO - Processing /home/airflow/.local/lib/python3.8/site-packages/airflow/example_dags/example_branch_python_dop_operator_3.py took 0.104 seconds
[2026-08-10T23:20:34.323+0000] {processor.py:161} INFO - Started process (PID=2860) to work on /home/airflow/.local/lib/python3.8/site-packages/airflow/example_dags/example_branch_python_dop_operator_3.py
[2026-08-10T23:20:34.324+0000] {processor.py:830} INFO - Processing file /home/airflow/.local/lib/python3.8/site-packages/airflow/example_dags/example_branch_python_dop_operator_3.py for tasks to queue
[2026-08-10T23:20:34.326+0000] {logging_mixin.py:188} INFO - [2026-08-10T23:20:34.325+0000] {dagbag.py:538} INFO - Filling up the DagBag from /home/airflow/.local/lib/python3.8/site-packages/airflow/example_dags/example_branch_python_dop_operator_3.py
[2026-08-10T23:20:34.341+0000] {processor.py:840} INFO - DAG(s) 'example_branch_dop_operator_v3' retrieved from /home/airflow/.local/lib/python3.8/site-packages/airflow/example_dags/example_branch_python_dop_operator_3.py
[2026-08-10T23:20:34.373+0000] {logging_mixin.py:188} INFO - [2026-08-10T23:20:34.373+0000] {dag.py:3036} INFO - Sync 1 DAGs
[2026-08-10T23:20:34.412+0000] {logging_mixin.py:188} INFO - [2026-08-10T23:20:34.412+0000] {dag.py:3823} INFO - Setting next_dagrun for example_branch_dop_operator_v3 to 2026-08-10 23:19:00+00:00, run_after=2026-08-10 23:20:00+00:00
[2026-08-10T23:20:34.440+0000] {processor.py:183} INFO - Processing /home/airflow/.local/lib/python3.8/site-packages/airflow/example_dags/example_branch_python_dop_operator_3.py took 0.122 seconds
[2026-08-10T23:21:05.061+0000] {processor.py:161} INFO - Started process (PID=2937) to work on /home/airflow/.local/lib/python3.8/site-packages/airflow/example_dags/example_branch_python_dop_operator_3.py
[2026-08-10T23:21:05.063+0000] {processor.py:830} INFO - Processing file /home/airflow/.local/lib/python3.8/site-packages/airflow/example_dags/example_branch_python_dop_operator_3.py for tasks to queue
[2026-08-10T23:21:05.064+0000] {logging_mixin.py:188} INFO - [2026-08-10T23:21:05.063+0000] {dagbag.py:538} INFO - Filling up the DagBag from /home/airflow/.local/lib/python3.8/site-packages/airflow/example_dags/example_branch_python_dop_operator_3.py
[2026-08-10T23:21:05.076+0000] {processor.py:840} INFO - DAG(s) 'example_branch_dop_operator_v3' retrieved from /home/airflow/.local/lib/python3.8/site-packages/airflow/example_dags/example_branch_python_dop_operator_3.py
[2026-08-10T23:21:05.100+0000] {logging_mixin.py:188} INFO - [2026-08-10T23:21:05.100+0000] {dag.py:3036} INFO - Sync 1 DAGs
[2026-08-10T23:21:05.129+0000] {logging_mixin.py:188} INFO - [2026-08-10T23:21:05.129+0000] {dag.py:3823} INFO - Setting next_dagrun for example_branch_dop_operator_v3 to 2026-08-10 23:20:00+00:00, run_after=2026-08-10 23:21:00+00:00
[2026-08-10T23:21:05.151+0000] {processor.py:183} INFO - Processing /home/airflow/.local/lib/python3.8/site-packages/airflow/example_dags/example_branch_python_dop_operator_3.py took 0.095 seconds
[2026-08-10T23:21:35.598+0000] {processor.py:161} INFO - Started process (PID=3010) to work on /home/airflow/.local/lib/python3.8/site-packages/airflow/example_dags/example_branch_python_dop_operator_3.py
[2026-08-10T23:21:35.599+0000] {processor.py:830} INFO - Processing file /home/airflow/.local/lib/python3.8/site-packages/airflow/example_dags/example_branch_python_dop_operator_3.py for tasks to queue
[2026-08-10T23:21:35.601+0000] {logging_mixin.py:188} INFO - [2026-08-10T23:21:35.600+0000] {dagbag.py:538} INFO - Filling up the DagBag from /home/airflow/.local/lib/python3.8/site-packages/airflow/example_dags/example_branch_python_dop_operator_3.py
[2026-08-10T23:21:35.614+0000] {processor.py:840} INFO - DAG(s) 'example_branch_dop_operator_v3' retrieved from /home/airflow/.local/lib/python3.8/site-packages/airflow/example_dags/example_branch_python_dop_operator_3.py
[2026-08-10T23:21:35.640+0000] {logging_mixin.py:188} INFO - [2026-08-10T23:21:35.639+0000] {dag.py:3036} INFO - Sync 1 DAGs
[2026-08-10T23:21:35.669+0000] {logging_mixin.py:188} INFO - [2026-08-10T23:21:35.669+0000] {dag.py:3823} INFO - Setting next_dagrun for example_branch_dop_operator_v3 to 2026-08-10 23:20:00+00:00, run_after=2026-08-10 23:21:00+00:00
[2026-08-10T23:21:35.690+0000] {processor.py:183} INFO - Processing /home/airflow/.local/lib/python3.8/site-packages/airflow/example_dags/example_branch_python_dop_operator_3.py took 0.096 seconds
[2026-08-10T23:22:06.852+0000] {processor.py:161} INFO - Started process (PID=3083) to work on /home/airflow/.local/lib/python3.8/site-packages/airflow/example_dags/example_branch_python_dop_operator_3.py
[2026-08-10T23:22:06.854+0000] {processor.py:830} INFO - Processing file /home/airflow/.local/lib/python3.8/site-packages/airflow/example_dags/example_branch_python_dop_operator_3.py for tasks to queue
[2026-08-10T23:22:06.855+0000] {logging_mixin.py:188} INFO - [2026-08-10T23:22:06.854+0000] {dagbag.py:538} INFO - Filling up the DagBag from /home/airflow/.local/lib/python3.8/site-packages/airflow/example_dags/example_branch_python_dop_operator_3.py
[2026-08-10T23:22:06.865+0000] {processor.py:840} INFO - DAG(s) 'example_branch_dop_operator_v3' retrieved from /home/airflow/.local/lib/python3.8/site-packages/airflow/example_dags/example_branch_python_dop_operator_3.py
[2026-08-10T23:22:06.888+0000] {logging_mixin.py:188} INFO - [2026-08-10T23:22:06.888+0000] {dag.py:3036} INFO - Sync 1 DAGs
[2026-08-10T23:22:06.914+0000] {logging_mixin.py:188} INFO - [2026-08-10T23:22:06.914+0000] {dag.py:3823} INFO - Setting next_dagrun for example_branch_dop_operator_v3 to 2026-08-10 23:21:00+00:00, run_after=2026-08-10 23:22:00+00:00
[2026-08-10T23:22:06.938+0000] {processor.py:183} INFO - Processing /home/airflow/.local/lib/python3.8/site-packages/airflow/example_dags/example_branch_python_dop_operator_3.py took 0.090 seconds
[2026-08-10T23:22:37.411+0000] {processor.py:161} INFO - Started process (PID=3156) to work on /home/airflow/.local/lib/python3.8/site-packages/airflow/example_dags/example_branch_python_dop_operator_3.py
[2026-08-10T23:22:37.413+0000] {processor.py:830} INFO - Processing file /home/airflow/.local/lib/python3.8/site-packages/airflow/example_dags/example_branch_python_dop_operator_3.py for tasks to queue
[2026-08-10T23:22:37.414+0000] {logging_mixin.py:188} INFO - [2026-08-10T23:22:37.413+0000] {dagbag.py:538} INFO - Filling up the DagBag from /home/airflow/.local/lib/python3.8/site-packages/airflow/example_dags/example_branch_python_dop_operator_3.py
[2026-08-10T23:22:37.423+0000] {processor.py:840} INFO - DAG(s) 'example_branch_dop_operator_v3' retrieved from /home/airflow/.local/lib/python3.8/site-packages/airflow/example_dags/example_branch_python_dop_operator_3.py
[2026-08-10T23:22:37.446+0000] {logging_mixin.py:188} INFO - [2026-08-10T23:22:37.446+0000] {dag.py:3036} INFO - Sync 1 DAGs
[2026-08-10T23:22:37.471+0000] {logging_mixin.py:188} INFO - [2026-08-10T23:22:37.471+0000] {dag.py:3823} INFO - Setting next_dagrun for example_branch_dop_operator_v3 to 2026-08-10 23:21:00+00:00, run_after=2026-08-10 23:22:00+00:00
[2026-08-10T23:22:37.494+0000] {processor.py:183} INFO - Processing /home/airflow/.local/lib/python3.8/site-packages/airflow/example_dags/example_branch_python_dop_operator_3.py took 0.086 seconds
[2026-08-10T23:23:08.040+0000] {processor.py:161} INFO - Started process (PID=3229) to work on /home/airflow/.local/lib/python3.8/site-packages/airflow/example_dags/example_branch_python_dop_operator_3.py
[2026-08-10T23:23:08.042+0000] {processor.py:830} INFO - Processing file /home/airflow/.local/lib/python3.8/site-packages/airflow/example_dags/example_branch_python_dop_operator_3.py for tasks to queue
[2026-08-10T23:23:08.043+0000] {logging_mixin.py:188} INFO - [2026-08-10T23:23:08.042+0000] {dagbag.py:538} INFO - Filling up the DagBag from /home/airflow/.local/lib/python3.8/site-packages/airflow/example_dags/example_branch_python_dop_operator_3.py
[2026-08-10T23:23:08.052+0000] {processor.py:840} INFO - DAG(s) 'example_branch_dop_operator_v3' retrieved from /home/airflow/.local/lib/python3.8/site-packages/airflow/example_dags/example_branch_python_dop_operator_3.py
[2026-08-10T23:23:08.075+0000] {logging_mixin.py:188} INFO - [2026-08-10T23:23:08.075+0000] {dag.py:3036} INFO - Sync 1 DAGs
[2026-08-10T23:23:08.104+0000] {logging_mixin.py:188} INFO - [2026-08-10T23:23:08.104+0000] {dag.py:3823} INFO - Setting next_dagrun for example_branch_dop_operator_v3 to 2026-08-10 23:22:00+00:00, run_after=2026-08-10 23:23:00+00:00
[2026-08-10T23:23:08.126+0000] {processor.py:183} INFO - Processing /home/airflow/.local/lib/python3.8/site-packages/airflow/example_dags/example_branch_python_dop_operator_3.py took 0.089 seconds
[2026-08-10T23:23:38.543+0000] {processor.py:161} INFO - Started process (PID=3302) to work on /home/airflow/.local/lib/python3.8/site-packages/airflow/example_dags/example_branch_python_dop_operator_3.py
[2026-08-10T23:23:38.545+0000] {processor.py:830} INFO - Processing file /home/airflow/.local/lib/python3.8/site-packages/airflow/example_dags/example_branch_python_dop_operator_3.py for tasks to queue
[2026-08-10T23:23:38.549+0000] {logging_mixin.py:188} INFO - [2026-08-10T23:23:38.548+0000] {dagbag.py:538} INFO - Filling up the DagBag from /home/airflow/.local/lib/python3.8/site-packages/airflow/example_dags/example_branch_python_dop_operator_3.py
[2026-08-10T23:23:38.567+0000] {processor.py:840} INFO - DAG(s) 'example_branch_dop_operator_v3' retrieved from /home/airflow/.local/lib/python3.8/site-packages/airflow/example_dags/example_branch_python_dop_operator_3.py
[2026-08-10T23:23:38.604+0000] {logging_mixin.py:188} INFO - [2026-08-10T23:23:38.603+0000] {dag.py:3036} INFO - Sync 1 DAGs
[2026-08-10T23:23:38.635+0000] {logging_mixin.py:188} INFO - [2026-08-10T23:23:38.635+0000] {dag.py:3823} INFO - Setting next_dagrun for example_branch_dop_operator_v3 to 2026-08-10 23:22:00+00:00, run_after=2026-08-10 23:23:00+00:00
[2026-08-10T23:23:38.659+0000] {processor.py:183} INFO - Processing /home/airflow/.local/lib/python3.8/site-packages/airflow/example_dags/example_branch_python_dop_operator_3.py took 0.123 seconds
[2026-08-10T23:24:09.394+0000] {processor.py:161} INFO - Started process (PID=3375) to work on /home/airflow/.local/lib/python3.8/site-packages/airflow/example_dags/example_branch_python_dop_operator_3.py
[2026-08-10T23:24:09.395+0000] {processor.py:830} INFO - Processing file /home/airflow/.local/lib/python3.8/site-packages/airflow/example_dags/example_branch_python_dop_operator_3.py for tasks to queue
[2026-08-10T23:24:09.396+0000] {logging_mixin.py:188} INFO - [2026-08-10T23:24:09.396+0000] {dagbag.py:538} INFO - Filling up the DagBag from /home/airflow/.local/lib/python3.8/site-packages/airflow/example_dags/example_branch_python_dop_operator_3.py
[2026-08-10T23:24:09.405+0000] {processor.py:840} INFO - DAG(s) 'example_branch_dop_operator_v3' retrieved from /home/airflow/.local/lib/python3.8/site-packages/airflow/example_dags/example_branch_python_dop_operator_3.py
[2026-08-10T23:24:09.427+0000] {logging_mixin.py:188} INFO - [2026-08-10T23:24:09.427+0000] {dag.py:3036} INFO - Sync 1 DAGs
[2026-08-10T23:24:09.451+0000] {logging_mixin.py:188} INFO - [2026-08-10T23:24:09.451+0000] {dag.py:3823} INFO - Setting next_dagrun for example_branch_dop_operator_v3 to 2026-08-10 23:23:00+00:00, run_after=2026-08-10 23:24:00+00:00
[2026-08-10T23:24:09.473+0000] {processor.py:183} INFO - Processing /home/airflow/.local/lib/python3.8/site-packages/airflow/example_dags/example_branch_python_dop_operator_3.py took 0.083 seconds
[2026-08-10T23:24:40.767+0000] {processor.py:161} INFO - Started process (PID=3448) to work on /home/airflow/.local/lib/python3.8/site-packages/airflow/example_dags/example_branch_python_dop_operator_3.py
[2026-08-10T23:24:40.769+0000] {processor.py:830} INFO - Processing file /home/airflow/.local/lib/python3.8/site-packages/airflow/example_dags/example_branch_python_dop_operator_3.py for tasks to queue
[2026-08-10T23:24:40.770+0000] {logging_mixin.py:188} INFO - [2026-08-10T23:24:40.770+0000] {dagbag.py:538} INFO - Filling up the DagBag from /home/airflow/.local/lib/python3.8/site-packages/airflow/example_dags/example_branch_python_dop_operator_3.py
[2026-08-10T23:24:40.779+0000] {processor.py:840} INFO - DAG(s) 'example_branch_dop_operator_v3' retrieved from /home/airflow/.local/lib/python3.8/site-packages/airflow/example_dags/example_branch_python_dop_operator_3.py
[2026-08-10T23:24:40.800+0000] {logging_mixin.py:188} INFO - [2026-08-10T23:24:40.800+0000] {dag.py:3036} INFO - Sync 1 DAGs
[2026-08-10T23:24:40.825+0000] {logging_mixin.py:188} INFO - [2026-08-10T23:24:40.824+0000] {dag.py:3823} INFO - Setting next_dagrun for example_branch_dop_operator_v3 to 2026-08-10 23:23:00+00:00, run_after=2026-08-10 23:24:00+00:00
[2026-08-10T23:24:40.843+0000] {processor.py:183} INFO - Processing /home/airflow/.local/lib/python3.8/site-packages/airflow/example_dags/example_branch_python_dop_operator_3.py took 0.081 seconds
