[2026-08-10T23:01:15.120+0000] {processor.py:161} INFO - Started process (PID=93) to work on /home/airflow/.local/lib/python3.8/site-packages/airflow/example_dags/example_external_task_marker_dag.py
[2026-08-10T23:01:15.132+0000] {processor.py:830} INFO - Processing file /home/airflow/.local/lib/python3.8/site-packages/airflow/example_dags/example_external_task_marker_dag.py for tasks to queue
[2026-08-10T23:01:15.156+0000] {logging_mixin.py:188} INFO - [2026-08-10T23:01:15.142+0000] {dagbag.py:538} INFO - Filling up the DagBag from /home/airflow/.local/lib/python3.8/site-packages/airflow/example_dags/example_external_task_marker_dag.py
[2026-08-10T23:01:15.226+0000] {processor.py:840} INFO - DAG(s) 'example_external_task_marker_parent', 'example_external_task_marker_child' retrieved from /home/airflow/.local/lib/python3.8/site-packages/airflow/example_dags/example_external_task_marker_dag.py
[2026-08-10T23:01:15.350+0000] {logging_mixin.py:188} INFO - [2026-08-10T23:01:15.349+0000] {dag.py:3036} INFO - Sync 2 DAGs
[2026-08-10T23:01:15.417+0000] {logging_mixin.py:188} INFO - [2026-08-10T23:01:15.416+0000] {dag.py:3823} INFO - Setting next_dagrun for example_external_task_marker_child to None, run_after=None
[2026-08-10T23:01:15.445+0000] {logging_mixin.py:188} INFO - [2026-08-10T23:01:15.445+0000] {dag.py:3823} INFO - Setting next_dagrun for example_external_task_marker_parent to None, run_after=None
[2026-08-10T23:01:15.560+0000] {processor.py:183} INFO - Processing /home/airflow/.local/lib/python3.8/site-packages/airflow/example_dags/example_external_task_marker_dag.py took 0.461 seconds
[2026-08-10T23:01:45.934+0000] {processor.py:161} INFO - Started process (PID=178) to work on /home/airflow/.local/lib/python3.8/site-packages/airflow/example_dags/example_external_task_marker_dag.py
[2026-08-10T23:01:45.937+0000] {processor.py:830} INFO - Processing file /home/airflow/.local/lib/python3.8/site-packages/airflow/example_dags/example_external_task_marker_dag.py for tasks to queue
[2026-08-10T23:01:45.942+0000] {logging_mixin.py:188} INFO - [2026-08-10T23:01:45.942+0000] {dagbag.py:538} INFO - Filling up the DagBag from /home/airflow/.local/lib/python3.8/site-packages/airflow/example_dags/example_external_task_marker_dag.py
[2026-08-10T23:01:45.957+0000] {processor.py:840} INFO - DAG(s) 'example_external_task_marker_parent', 'example_external_task_marker_child' retrieved from /home/airflow/.local/lib/python3.8/site-packages/airflow/example_dags/example_external_task_marker_dag.py
[2026-08-10T23:01:45.988+0000] {logging_mixin.py:188} INFO - [2026-08-10T23:01:45.988+0000] {dag.py:3036} INFO - Sync 2 DAGs
[2026-08-10T23:01:46.020+0000] {logging_mixin.py:188} INFO - [2026-08-10T23:01:46.019+0000] {dag.py:3823} INFO - Setting next_dagrun for example_external_task_marker_child to None, run_after=None
[2026-08-10T23:01:46.030+0000] {logging_mixin.py:188} INFO - [2026-08-10T23:01:46.030+0000] {dag.py:3823} INFO - Setting next_dagrun for example_external_task_marker_parent to None, run_after=None
[2026-08-10T23:01:46.075+0000] {processor.py:183} INFO - Processing /home/airflow/.local/lib/python3.8/site-packages/airflow/example_dags/example_external_task_marker_dag.py took 0.148 seconds
[2026-08-10T23:02:16.817+0000] {processor.py:161} INFO - Started process (PID=249) to work on /home/airflow/.local/lib/python3.8/site-packages/airflow/example_dags/example_external_task_marker_dag.py
[2026-08-10T23:02:16.820+0000] {processor.py:830} INFO - Processing file /home/airflow/.local/lib/python3.8/site-packages/airflow/example_dags/example_external_task_marker_dag.py for tasks to queue
[2026-08-10T23:02:16.834+0000] {logging_mixin.py:188} INFO - [2026-08-10T23:02:16.833+0000] {dagbag.py:538} INFO - Filling up the DagBag from /home/airflow/.local/lib/python3.8/site-packages/airflow/example_dags/example_external_task_marker_dag.py
[2026-08-10T23:02:16.895+0000] {processor.py:840} INFO - DAG(s) 'example_external_task_marker_parent', 'example_external_task_marker_child' retrieved from /home/airflow/.local/lib/python3.8/site-packages/airflow/example_dags/example_external_task_marker_dag.py
[2026-08-10T23:02:17.254+0000] {logging_mixin.py:188} INFO - [2026-08-10T23:02:17.253+0000] {dag.py:3036} INFO - Sync 2 DAGs
[2026-08-10T23:02:17.298+0000] {logging_mixin.py:188} INFO - [2026-08-10T23:02:17.296+0000] {dag.py:3823} INFO - Setting next_dagrun for example_external_task_marker_child to None, run_after=None
[2026-08-10T23:02:17.312+0000] {logging_mixin.py:188} INFO - [2026-08-10T23:02:17.311+0000] {dag.py:3823} INFO - Setting next_dagrun for example_external_task_marker_parent to None, run_after=None
[2026-08-10T23:02:17.429+0000] {processor.py:183} INFO - Processing /home/airflow/.local/lib/python3.8/site-packages/airflow/example_dags/example_external_task_marker_dag.py took 0.623 seconds
[2026-08-10T23:02:47.826+0000] {processor.py:161} INFO - Started process (PID=320) to work on /home/airflow/.local/lib/python3.8/site-packages/airflow/example_dags/example_external_task_marker_dag.py
[2026-08-10T23:02:47.828+0000] {processor.py:830} INFO - Processing file /home/airflow/.local/lib/python3.8/site-packages/airflow/example_dags/example_external_task_marker_dag.py for tasks to queue
[2026-08-10T23:02:47.832+0000] {logging_mixin.py:188} INFO - [2026-08-10T23:02:47.831+0000] {dagbag.py:538} INFO - Filling up the DagBag from /home/airflow/.local/lib/python3.8/site-packages/airflow/example_dags/example_external_task_marker_dag.py
[2026-08-10T23:02:47.850+0000] {processor.py:840} INFO - DAG(s) 'example_external_task_marker_parent', 'example_external_task_marker_child' retrieved from /home/airflow/.local/lib/python3.8/site-packages/airflow/example_dags/example_external_task_marker_dag.py
[2026-08-10T23:02:48.048+0000] {logging_mixin.py:188} INFO - [2026-08-10T23:02:48.048+0000] {dag.py:3036} INFO - Sync 2 DAGs
[2026-08-10T23:02:48.061+0000] {logging_mixin.py:188} INFO - [2026-08-10T23:02:48.061+0000] {dag.py:3823} INFO - Setting next_dagrun for example_external_task_marker_child to None, run_after=None
[2026-08-10T23:02:48.066+0000] {logging_mixin.py:188} INFO - [2026-08-10T23:02:48.065+0000] {dag.py:3823} INFO - Setting next_dagrun for example_external_task_marker_parent to None, run_after=None
[2026-08-10T23:02:48.085+0000] {processor.py:183} INFO - Processing /home/airflow/.local/lib/python3.8/site-packages/airflow/example_dags/example_external_task_marker_dag.py took 0.266 seconds
[2026-08-10T23:03:18.245+0000] {processor.py:161} INFO - Started process (PID=392) to work on /home/airflow/.local/lib/python3.8/site-packages/airflow/example_dags/example_external_task_marker_dag.py
[2026-08-10T23:03:18.246+0000] {processor.py:830} INFO - Processing file /home/airflow/.local/lib/python3.8/site-packages/airflow/example_dags/example_external_task_marker_dag.py for tasks to queue
[2026-08-10T23:03:18.248+0000] {logging_mixin.py:188} INFO - [2026-08-10T23:03:18.248+0000] {dagbag.py:538} INFO - Filling up the DagBag from /home/airflow/.local/lib/python3.8/site-packages/airflow/example_dags/example_external_task_marker_dag.py
[2026-08-10T23:03:18.254+0000] {processor.py:840} INFO - DAG(s) 'example_external_task_marker_child', 'example_external_task_marker_parent' retrieved from /home/airflow/.local/lib/python3.8/site-packages/airflow/example_dags/example_external_task_marker_dag.py
[2026-08-10T23:03:18.281+0000] {logging_mixin.py:188} INFO - [2026-08-10T23:03:18.281+0000] {dag.py:3036} INFO - Sync 2 DAGs
[2026-08-10T23:03:18.294+0000] {logging_mixin.py:188} INFO - [2026-08-10T23:03:18.293+0000] {dag.py:3823} INFO - Setting next_dagrun for example_external_task_marker_child to None, run_after=None
[2026-08-10T23:03:18.298+0000] {logging_mixin.py:188} INFO - [2026-08-10T23:03:18.297+0000] {dag.py:3823} INFO - Setting next_dagrun for example_external_task_marker_parent to None, run_after=None
[2026-08-10T23:03:18.325+0000] {processor.py:183} INFO - Processing /home/airflow/.local/lib/python3.8/site-packages/airflow/example_dags/example_external_task_marker_dag.py took 0.083 seconds
[2026-08-10T23:03:49.238+0000] {processor.py:161} INFO - Started process (PID=472) to work on /home/airflow/.local/lib/python3.8/site-packages/airflow/example_dags/example_external_task_marker_dag.py
[2026-08-10T23:03:49.241+0000] {processor.py:830} INFO - Processing file /home/airflow/.local/lib/python3.8/site-packages/airflow/example_dags/example_external_task_marker_dag.py for tasks to queue
[2026-08-10T23:03:49.245+0000] {logging_mixin.py:188} INFO - [2026-08-10T23:03:49.244+0000] {dagbag.py:538} INFO - Filling up the DagBag from /home/airflow/.local/lib/python3.8/site-packages/airflow/example_dags/example_external_task_marker_dag.py
[2026-08-10T23:03:49.282+0000] {processor.py:840} INFO - DAG(s) 'example_external_task_marker_child', 'example_external_task_marker_parent' retrieved from /home/airflow/.local/lib/python3.8/site-packages/airflow/example_dags/example_external_task_marker_dag.py
[2026-08-10T23:03:49.329+0000] {logging_mixin.py:188} INFO - [2026-08-10T23:03:49.328+0000] {dag.py:3036} INFO - Sync 2 DAGs
[2026-08-10T23:03:49.344+0000] {logging_mixin.py:188} INFO - [2026-08-10T23:03:49.344+0000] {dag.py:3823} INFO - Setting next_dagrun for example_external_task_marker_child to None, run_after=None
[2026-08-10T23:03:49.349+0000] {logging_mixin.py:188} INFO - [2026-08-10T23:03:49.348+0000] {dag.py:3823} INFO - Setting next_dagrun for example_external_task_marker_parent to None, run_after=None
[2026-08-10T23:03:49.374+0000] {processor.py:183} INFO - Processing /home/airflow/.local/lib/python3.8/site-packages/airflow/example_dags/example_external_task_marker_dag.py took 0.145 seconds
[2026-08-10T23:04:19.425+0000] {processor.py:161} INFO - Started process (PID=543) to work on /home/airflow/.local/lib/python3.8/site-packages/airflow/example_dags/example_external_task_marker_dag.py
[2026-08-10T23:04:19.427+0000] {processor.py:830} INFO - Processing file /home/airflow/.local/lib/python3.8/site-packages/airflow/example_dags/example_external_task_marker_dag.py for tasks to queue
[2026-08-10T23:04:19.429+0000] {logging_mixin.py:188} INFO - [2026-08-10T23:04:19.428+0000] {dagbag.py:538} INFO - Filling up the DagBag from /home/airflow/.local/lib/python3.8/site-packages/airflow/example_dags/example_external_task_marker_dag.py
[2026-08-10T23:04:19.435+0000] {processor.py:840} INFO - DAG(s) 'example_external_task_marker_parent', 'example_external_task_marker_child' retrieved from /home/airflow/.local/lib/python3.8/site-packages/airflow/example_dags/example_external_task_marker_dag.py
[2026-08-10T23:04:19.463+0000] {logging_mixin.py:188} INFO - [2026-08-10T23:04:19.463+0000] {dag.py:3036} INFO - Sync 2 DAGs
[2026-08-10T23:04:19.475+0000] {logging_mixin.py:188} INFO - [2026-08-10T23:04:19.474+0000] {dag.py:3823} INFO - Setting next_dagrun for example_external_task_marker_child to None, run_after=None
[2026-08-10T23:04:19.479+0000] {logging_mixin.py:188} INFO - [2026-08-10T23:04:19.479+0000] {dag.py:3823} INFO - Setting next_dagrun for example_external_task_marker_parent to None, run_after=None
[2026-08-10T23:04:19.496+0000] {processor.py:183} INFO - Processing /home/airflow/.local/lib/python3.8/site-packages/airflow/example_dags/example_external_task_marker_dag.py took 0.074 seconds
[2026-08-10T23:04:49.996+0000] {processor.py:161} INFO - Started process (PID=614) to work on /home/airflow/.local/lib/python3.8/site-packages/airflow/example_dags/example_external_task_marker_dag.py
[2026-08-10T23:04:49.999+0000] {processor.py:830} INFO - Processing file /home/airflow/.local/lib/python3.8/site-packages/airflow/example_dags/example_external_task_marker_dag.py for tasks to queue
[2026-08-10T23:04:50.006+0000] {logging_mixin.py:188} INFO - [2026-08-10T23:04:50.005+0000] {dagbag.py:538} INFO - Filling up the DagBag from /home/airflow/.local/lib/python3.8/site-packages/airflow/example_dags/example_external_task_marker_dag.py
[2026-08-10T23:04:50.016+0000] {processor.py:840} INFO - DAG(s) 'example_external_task_marker_child', 'example_external_task_marker_parent' retrieved from /home/airflow/.local/lib/python3.8/site-packages/airflow/example_dags/example_external_task_marker_dag.py
[2026-08-10T23:04:50.049+0000] {logging_mixin.py:188} INFO - [2026-08-10T23:04:50.049+0000] {dag.py:3036} INFO - Sync 2 DAGs
[2026-08-10T23:04:50.064+0000] {logging_mixin.py:188} INFO - [2026-08-10T23:04:50.063+0000] {dag.py:3823} INFO - Setting next_dagrun for example_external_task_marker_child to None, run_after=None
[2026-08-10T23:04:50.068+0000] {logging_mixin.py:188} INFO - [2026-08-10T23:04:50.068+0000] {dag.py:3823} INFO - Setting next_dagrun for example_external_task_marker_parent to None, run_after=None
[2026-08-10T23:04:50.090+0000] {processor.py:183} INFO - Processing /home/airflow/.local/lib/python3.8/site-packages/airflow/example_dags/example_external_task_marker_dag.py took 0.101 seconds
[2026-08-10T23:05:20.409+0000] {processor.py:161} INFO - Started process (PID=685) to work on /home/airflow/.local/lib/python3.8/site-packages/airflow/example_dags/example_external_task_marker_dag.py
[2026-08-10T23:05:20.410+0000] {processor.py:830} INFO - Processing file /home/airflow/.local/lib/python3.8/site-packages/airflow/example_dags/example_external_task_marker_dag.py for tasks to queue
[2026-08-10T23:05:20.413+0000] {logging_mixin.py:188} INFO - [2026-08-10T23:05:20.412+0000] {dagbag.py:538} INFO - Filling up the DagBag from /home/airflow/.local/lib/python3.8/site-packages/airflow/example_dags/example_external_task_marker_dag.py
[2026-08-10T23:05:20.425+0000] {processor.py:840} INFO - DAG(s) 'example_external_task_marker_child', 'example_external_task_marker_parent' retrieved from /home/airflow/.local/lib/python3.8/site-packages/airflow/example_dags/example_external_task_marker_dag.py
[2026-08-10T23:05:20.465+0000] {logging_mixin.py:188} INFO - [2026-08-10T23:05:20.464+0000] {dag.py:3036} INFO - Sync 2 DAGs
[2026-08-10T23:05:20.488+0000] {logging_mixin.py:188} INFO - [2026-08-10T23:05:20.487+0000] {dag.py:3823} INFO - Setting next_dagrun for example_external_task_marker_child to None, run_after=None
[2026-08-10T23:05:20.495+0000] {logging_mixin.py:188} INFO - [2026-08-10T23:05:20.495+0000] {dag.py:3823} INFO - Setting next_dagrun for example_external_task_marker_parent to None, run_after=None
[2026-08-10T23:05:20.530+0000] {processor.py:183} INFO - Processing /home/airflow/.local/lib/python3.8/site-packages/airflow/example_dags/example_external_task_marker_dag.py took 0.125 seconds
[2026-08-10T23:05:50.925+0000] {processor.py:161} INFO - Started process (PID=754) to work on /home/airflow/.local/lib/python3.8/site-packages/airflow/example_dags/example_external_task_marker_dag.py
[2026-08-10T23:05:50.926+0000] {processor.py:830} INFO - Processing file /home/airflow/.local/lib/python3.8/site-packages/airflow/example_dags/example_external_task_marker_dag.py for tasks to queue
[2026-08-10T23:05:50.929+0000] {logging_mixin.py:188} INFO - [2026-08-10T23:05:50.928+0000] {dagbag.py:538} INFO - Filling up the DagBag from /home/airflow/.local/lib/python3.8/site-packages/airflow/example_dags/example_external_task_marker_dag.py
[2026-08-10T23:05:50.937+0000] {processor.py:840} INFO - DAG(s) 'example_external_task_marker_child', 'example_external_task_marker_parent' retrieved from /home/airflow/.local/lib/python3.8/site-packages/airflow/example_dags/example_external_task_marker_dag.py
[2026-08-10T23:05:50.971+0000] {logging_mixin.py:188} INFO - [2026-08-10T23:05:50.970+0000] {dag.py:3036} INFO - Sync 2 DAGs
[2026-08-10T23:05:50.987+0000] {logging_mixin.py:188} INFO - [2026-08-10T23:05:50.987+0000] {dag.py:3823} INFO - Setting next_dagrun for example_external_task_marker_child to None, run_after=None
[2026-08-10T23:05:50.993+0000] {logging_mixin.py:188} INFO - [2026-08-10T23:05:50.993+0000] {dag.py:3823} INFO - Setting next_dagrun for example_external_task_marker_parent to None, run_after=None
[2026-08-10T23:05:51.018+0000] {processor.py:183} INFO - Processing /home/airflow/.local/lib/python3.8/site-packages/airflow/example_dags/example_external_task_marker_dag.py took 0.099 seconds
[2026-08-10T23:06:21.396+0000] {processor.py:161} INFO - Started process (PID=825) to work on /home/airflow/.local/lib/python3.8/site-packages/airflow/example_dags/example_external_task_marker_dag.py
[2026-08-10T23:06:21.398+0000] {processor.py:830} INFO - Processing file /home/airflow/.local/lib/python3.8/site-packages/airflow/example_dags/example_external_task_marker_dag.py for tasks to queue
[2026-08-10T23:06:21.400+0000] {logging_mixin.py:188} INFO - [2026-08-10T23:06:21.400+0000] {dagbag.py:538} INFO - Filling up the DagBag from /home/airflow/.local/lib/python3.8/site-packages/airflow/example_dags/example_external_task_marker_dag.py
[2026-08-10T23:06:21.406+0000] {processor.py:840} INFO - DAG(s) 'example_external_task_marker_child', 'example_external_task_marker_parent' retrieved from /home/airflow/.local/lib/python3.8/site-packages/airflow/example_dags/example_external_task_marker_dag.py
[2026-08-10T23:06:21.435+0000] {logging_mixin.py:188} INFO - [2026-08-10T23:06:21.434+0000] {dag.py:3036} INFO - Sync 2 DAGs
[2026-08-10T23:06:21.449+0000] {logging_mixin.py:188} INFO - [2026-08-10T23:06:21.448+0000] {dag.py:3823} INFO - Setting next_dagrun for example_external_task_marker_child to None, run_after=None
[2026-08-10T23:06:21.453+0000] {logging_mixin.py:188} INFO - [2026-08-10T23:06:21.453+0000] {dag.py:3823} INFO - Setting next_dagrun for example_external_task_marker_parent to None, run_after=None
[2026-08-10T23:06:21.473+0000] {processor.py:183} INFO - Processing /home/airflow/.local/lib/python3.8/site-packages/airflow/example_dags/example_external_task_marker_dag.py took 0.081 seconds
[2026-08-10T23:06:53.146+0000] {processor.py:161} INFO - Started process (PID=895) to work on /home/airflow/.local/lib/python3.8/site-packages/airflow/example_dags/example_external_task_marker_dag.py
[2026-08-10T23:06:53.148+0000] {processor.py:830} INFO - Processing file /home/airflow/.local/lib/python3.8/site-packages/airflow/example_dags/example_external_task_marker_dag.py for tasks to queue
[2026-08-10T23:06:53.153+0000] {logging_mixin.py:188} INFO - [2026-08-10T23:06:53.152+0000] {dagbag.py:538} INFO - Filling up the DagBag from /home/airflow/.local/lib/python3.8/site-packages/airflow/example_dags/example_external_task_marker_dag.py
[2026-08-10T23:06:53.165+0000] {processor.py:840} INFO - DAG(s) 'example_external_task_marker_parent', 'example_external_task_marker_child' retrieved from /home/airflow/.local/lib/python3.8/site-packages/airflow/example_dags/example_external_task_marker_dag.py
[2026-08-10T23:06:53.210+0000] {logging_mixin.py:188} INFO - [2026-08-10T23:06:53.209+0000] {dag.py:3036} INFO - Sync 2 DAGs
[2026-08-10T23:06:53.237+0000] {logging_mixin.py:188} INFO - [2026-08-10T23:06:53.236+0000] {dag.py:3823} INFO - Setting next_dagrun for example_external_task_marker_child to None, run_after=None
[2026-08-10T23:06:53.243+0000] {logging_mixin.py:188} INFO - [2026-08-10T23:06:53.242+0000] {dag.py:3823} INFO - Setting next_dagrun for example_external_task_marker_parent to None, run_after=None
[2026-08-10T23:06:53.275+0000] {processor.py:183} INFO - Processing /home/airflow/.local/lib/python3.8/site-packages/airflow/example_dags/example_external_task_marker_dag.py took 0.135 seconds
[2026-08-10T23:07:24.937+0000] {processor.py:161} INFO - Started process (PID=967) to work on /home/airflow/.local/lib/python3.8/site-packages/airflow/example_dags/example_external_task_marker_dag.py
[2026-08-10T23:07:25.109+0000] {processor.py:830} INFO - Processing file /home/airflow/.local/lib/python3.8/site-packages/airflow/example_dags/example_external_task_marker_dag.py for tasks to queue
[2026-08-10T23:07:25.115+0000] {logging_mixin.py:188} INFO - [2026-08-10T23:07:25.114+0000] {dagbag.py:538} INFO - Filling up the DagBag from /home/airflow/.local/lib/python3.8/site-packages/airflow/example_dags/example_external_task_marker_dag.py
[2026-08-10T23:07:25.123+0000] {processor.py:840} INFO - DAG(s) 'example_external_task_marker_child', 'example_external_task_marker_parent' retrieved from /home/airflow/.local/lib/python3.8/site-packages/airflow/example_dags/example_external_task_marker_dag.py
[2026-08-10T23:07:25.147+0000] {logging_mixin.py:188} INFO - [2026-08-10T23:07:25.146+0000] {dag.py:3036} INFO - Sync 2 DAGs
[2026-08-10T23:07:25.159+0000] {logging_mixin.py:188} INFO - [2026-08-10T23:07:25.158+0000] {dag.py:3823} INFO - Setting next_dagrun for example_external_task_marker_child to None, run_after=None
[2026-08-10T23:07:25.163+0000] {logging_mixin.py:188} INFO - [2026-08-10T23:07:25.163+0000] {dag.py:3823} INFO - Setting next_dagrun for example_external_task_marker_parent to None, run_after=None
[2026-08-10T23:07:25.549+0000] {processor.py:183} INFO - Processing /home/airflow/.local/lib/python3.8/site-packages/airflow/example_dags/example_external_task_marker_dag.py took 0.616 seconds
[2026-08-10T23:07:56.882+0000] {processor.py:161} INFO - Started process (PID=1039) to work on /home/airflow/.local/lib/python3.8/site-packages/airflow/example_dags/example_external_task_marker_dag.py
[2026-08-10T23:07:56.885+0000] {processor.py:830} INFO - Processing file /home/airflow/.local/lib/python3.8/site-packages/airflow/example_dags/example_external_task_marker_dag.py for tasks to queue
[2026-08-10T23:07:56.888+0000] {logging_mixin.py:188} INFO - [2026-08-10T23:07:56.888+0000] {dagbag.py:538} INFO - Filling up the DagBag from /home/airflow/.local/lib/python3.8/site-packages/airflow/example_dags/example_external_task_marker_dag.py
[2026-08-10T23:07:56.899+0000] {processor.py:840} INFO - DAG(s) 'example_external_task_marker_parent', 'example_external_task_marker_child' retrieved from /home/airflow/.local/lib/python3.8/site-packages/airflow/example_dags/example_external_task_marker_dag.py
[2026-08-10T23:07:56.959+0000] {logging_mixin.py:188} INFO - [2026-08-10T23:07:56.959+0000] {dag.py:3036} INFO - Sync 2 DAGs
[2026-08-10T23:07:56.979+0000] {logging_mixin.py:188} INFO - [2026-08-10T23:07:56.979+0000] {dag.py:3823} INFO - Setting next_dagrun for example_external_task_marker_child to None, run_after=None
[2026-08-10T23:07:56.988+0000] {logging_mixin.py:188} INFO - [2026-08-10T23:07:56.987+0000] {dag.py:3823} INFO - Setting next_dagrun for example_external_task_marker_parent to None, run_after=None
[2026-08-10T23:07:57.068+0000] {processor.py:183} INFO - Processing /home/airflow/.local/lib/python3.8/site-packages/airflow/example_dags/example_external_task_marker_dag.py took 0.193 seconds
[2026-08-10T23:08:28.543+0000] {processor.py:161} INFO - Started process (PID=1112) to work on /home/airflow/.local/lib/python3.8/site-packages/airflow/example_dags/example_external_task_marker_dag.py
[2026-08-10T23:08:28.564+0000] {processor.py:830} INFO - Processing file /home/airflow/.local/lib/python3.8/site-packages/airflow/example_dags/example_external_task_marker_dag.py for tasks to queue
[2026-08-10T23:08:28.567+0000] {logging_mixin.py:188} INFO - [2026-08-10T23:08:28.566+0000] {dagbag.py:538} INFO - Filling up the DagBag from /home/airflow/.local/lib/python3.8/site-packages/airflow/example_dags/example_external_task_marker_dag.py
[2026-08-10T23:08:28.576+0000] {processor.py:840} INFO - DAG(s) 'example_external_task_marker_child', 'example_external_task_marker_parent' retrieved from /home/airflow/.local/lib/python3.8/site-packages/airflow/example_dags/example_external_task_marker_dag.py
[2026-08-10T23:08:28.609+0000] {logging_mixin.py:188} INFO - [2026-08-10T23:08:28.608+0000] {dag.py:3036} INFO - Sync 2 DAGs
[2026-08-10T23:08:28.626+0000] {logging_mixin.py:188} INFO - [2026-08-10T23:08:28.625+0000] {dag.py:3823} INFO - Setting next_dagrun for example_external_task_marker_child to None, run_after=None
[2026-08-10T23:08:28.630+0000] {logging_mixin.py:188} INFO - [2026-08-10T23:08:28.630+0000] {dag.py:3823} INFO - Setting next_dagrun for example_external_task_marker_parent to None, run_after=None
[2026-08-10T23:08:28.690+0000] {processor.py:183} INFO - Processing /home/airflow/.local/lib/python3.8/site-packages/airflow/example_dags/example_external_task_marker_dag.py took 0.154 seconds
[2026-08-10T23:08:59.791+0000] {processor.py:161} INFO - Started process (PID=1183) to work on /home/airflow/.local/lib/python3.8/site-packages/airflow/example_dags/example_external_task_marker_dag.py
[2026-08-10T23:08:59.793+0000] {processor.py:830} INFO - Processing file /home/airflow/.local/lib/python3.8/site-packages/airflow/example_dags/example_external_task_marker_dag.py for tasks to queue
[2026-08-10T23:08:59.795+0000] {logging_mixin.py:188} INFO - [2026-08-10T23:08:59.794+0000] {dagbag.py:538} INFO - Filling up the DagBag from /home/airflow/.local/lib/python3.8/site-packages/airflow/example_dags/example_external_task_marker_dag.py
[2026-08-10T23:08:59.802+0000] {processor.py:840} INFO - DAG(s) 'example_external_task_marker_child', 'example_external_task_marker_parent' retrieved from /home/airflow/.local/lib/python3.8/site-packages/airflow/example_dags/example_external_task_marker_dag.py
[2026-08-10T23:08:59.828+0000] {logging_mixin.py:188} INFO - [2026-08-10T23:08:59.828+0000] {dag.py:3036} INFO - Sync 2 DAGs
[2026-08-10T23:08:59.841+0000] {logging_mixin.py:188} INFO - [2026-08-10T23:08:59.841+0000] {dag.py:3823} INFO - Setting next_dagrun for example_external_task_marker_child to None, run_after=None
[2026-08-10T23:08:59.845+0000] {logging_mixin.py:188} INFO - [2026-08-10T23:08:59.844+0000] {dag.py:3823} INFO - Setting next_dagrun for example_external_task_marker_parent to None, run_after=None
[2026-08-10T23:08:59.897+0000] {processor.py:183} INFO - Processing /home/airflow/.local/lib/python3.8/site-packages/airflow/example_dags/example_external_task_marker_dag.py took 0.110 seconds
[2026-08-10T23:09:31.939+0000] {processor.py:161} INFO - Started process (PID=1260) to work on /home/airflow/.local/lib/python3.8/site-packages/airflow/example_dags/example_external_task_marker_dag.py
[2026-08-10T23:09:31.941+0000] {processor.py:830} INFO - Processing file /home/airflow/.local/lib/python3.8/site-packages/airflow/example_dags/example_external_task_marker_dag.py for tasks to queue
[2026-08-10T23:09:31.945+0000] {logging_mixin.py:188} INFO - [2026-08-10T23:09:31.945+0000] {dagbag.py:538} INFO - Filling up the DagBag from /home/airflow/.local/lib/python3.8/site-packages/airflow/example_dags/example_external_task_marker_dag.py
[2026-08-10T23:09:31.962+0000] {processor.py:840} INFO - DAG(s) 'example_external_task_marker_parent', 'example_external_task_marker_child' retrieved from /home/airflow/.local/lib/python3.8/site-packages/airflow/example_dags/example_external_task_marker_dag.py
[2026-08-10T23:09:32.040+0000] {logging_mixin.py:188} INFO - [2026-08-10T23:09:32.040+0000] {dag.py:3036} INFO - Sync 2 DAGs
[2026-08-10T23:09:32.080+0000] {logging_mixin.py:188} INFO - [2026-08-10T23:09:32.079+0000] {dag.py:3823} INFO - Setting next_dagrun for example_external_task_marker_child to None, run_after=None
[2026-08-10T23:09:32.099+0000] {logging_mixin.py:188} INFO - [2026-08-10T23:09:32.099+0000] {dag.py:3823} INFO - Setting next_dagrun for example_external_task_marker_parent to None, run_after=None
[2026-08-10T23:09:32.362+0000] {processor.py:183} INFO - Processing /home/airflow/.local/lib/python3.8/site-packages/airflow/example_dags/example_external_task_marker_dag.py took 0.432 seconds
[2026-08-10T23:10:02.852+0000] {processor.py:161} INFO - Started process (PID=1332) to work on /home/airflow/.local/lib/python3.8/site-packages/airflow/example_dags/example_external_task_marker_dag.py
[2026-08-10T23:10:02.856+0000] {processor.py:830} INFO - Processing file /home/airflow/.local/lib/python3.8/site-packages/airflow/example_dags/example_external_task_marker_dag.py for tasks to queue
[2026-08-10T23:10:02.865+0000] {logging_mixin.py:188} INFO - [2026-08-10T23:10:02.864+0000] {dagbag.py:538} INFO - Filling up the DagBag from /home/airflow/.local/lib/python3.8/site-packages/airflow/example_dags/example_external_task_marker_dag.py
[2026-08-10T23:10:02.888+0000] {processor.py:840} INFO - DAG(s) 'example_external_task_marker_parent', 'example_external_task_marker_child' retrieved from /home/airflow/.local/lib/python3.8/site-packages/airflow/example_dags/example_external_task_marker_dag.py
[2026-08-10T23:10:03.004+0000] {logging_mixin.py:188} INFO - [2026-08-10T23:10:02.996+0000] {dag.py:3036} INFO - Sync 2 DAGs
[2026-08-10T23:10:03.058+0000] {logging_mixin.py:188} INFO - [2026-08-10T23:10:03.057+0000] {dag.py:3823} INFO - Setting next_dagrun for example_external_task_marker_child to None, run_after=None
[2026-08-10T23:10:03.079+0000] {logging_mixin.py:188} INFO - [2026-08-10T23:10:03.078+0000] {dag.py:3823} INFO - Setting next_dagrun for example_external_task_marker_parent to None, run_after=None
[2026-08-10T23:10:03.155+0000] {processor.py:183} INFO - Processing /home/airflow/.local/lib/python3.8/site-packages/airflow/example_dags/example_external_task_marker_dag.py took 0.310 seconds
[2026-08-10T23:10:33.386+0000] {processor.py:161} INFO - Started process (PID=1402) to work on /home/airflow/.local/lib/python3.8/site-packages/airflow/example_dags/example_external_task_marker_dag.py
[2026-08-10T23:10:33.389+0000] {processor.py:830} INFO - Processing file /home/airflow/.local/lib/python3.8/site-packages/airflow/example_dags/example_external_task_marker_dag.py for tasks to queue
[2026-08-10T23:10:33.400+0000] {logging_mixin.py:188} INFO - [2026-08-10T23:10:33.399+0000] {dagbag.py:538} INFO - Filling up the DagBag from /home/airflow/.local/lib/python3.8/site-packages/airflow/example_dags/example_external_task_marker_dag.py
[2026-08-10T23:10:33.433+0000] {processor.py:840} INFO - DAG(s) 'example_external_task_marker_child', 'example_external_task_marker_parent' retrieved from /home/airflow/.local/lib/python3.8/site-packages/airflow/example_dags/example_external_task_marker_dag.py
[2026-08-10T23:10:33.505+0000] {logging_mixin.py:188} INFO - [2026-08-10T23:10:33.505+0000] {dag.py:3036} INFO - Sync 2 DAGs
[2026-08-10T23:10:33.531+0000] {logging_mixin.py:188} INFO - [2026-08-10T23:10:33.531+0000] {dag.py:3823} INFO - Setting next_dagrun for example_external_task_marker_child to None, run_after=None
[2026-08-10T23:10:33.539+0000] {logging_mixin.py:188} INFO - [2026-08-10T23:10:33.539+0000] {dag.py:3823} INFO - Setting next_dagrun for example_external_task_marker_parent to None, run_after=None
[2026-08-10T23:10:33.605+0000] {processor.py:183} INFO - Processing /home/airflow/.local/lib/python3.8/site-packages/airflow/example_dags/example_external_task_marker_dag.py took 0.235 seconds
[2026-08-10T23:11:04.354+0000] {processor.py:161} INFO - Started process (PID=1473) to work on /home/airflow/.local/lib/python3.8/site-packages/airflow/example_dags/example_external_task_marker_dag.py
[2026-08-10T23:11:04.355+0000] {processor.py:830} INFO - Processing file /home/airflow/.local/lib/python3.8/site-packages/airflow/example_dags/example_external_task_marker_dag.py for tasks to queue
[2026-08-10T23:11:04.357+0000] {logging_mixin.py:188} INFO - [2026-08-10T23:11:04.357+0000] {dagbag.py:538} INFO - Filling up the DagBag from /home/airflow/.local/lib/python3.8/site-packages/airflow/example_dags/example_external_task_marker_dag.py
[2026-08-10T23:11:04.364+0000] {processor.py:840} INFO - DAG(s) 'example_external_task_marker_child', 'example_external_task_marker_parent' retrieved from /home/airflow/.local/lib/python3.8/site-packages/airflow/example_dags/example_external_task_marker_dag.py
[2026-08-10T23:11:04.387+0000] {logging_mixin.py:188} INFO - [2026-08-10T23:11:04.387+0000] {dag.py:3036} INFO - Sync 2 DAGs
[2026-08-10T23:11:04.400+0000] {logging_mixin.py:188} INFO - [2026-08-10T23:11:04.400+0000] {dag.py:3823} INFO - Setting next_dagrun for example_external_task_marker_child to None, run_after=None
[2026-08-10T23:11:04.404+0000] {logging_mixin.py:188} INFO - [2026-08-10T23:11:04.404+0000] {dag.py:3823} INFO - Setting next_dagrun for example_external_task_marker_parent to None, run_after=None
[2026-08-10T23:11:04.550+0000] {processor.py:183} INFO - Processing /home/airflow/.local/lib/python3.8/site-packages/airflow/example_dags/example_external_task_marker_dag.py took 0.201 seconds
[2026-08-10T23:11:35.084+0000] {processor.py:161} INFO - Started process (PID=1545) to work on /home/airflow/.local/lib/python3.8/site-packages/airflow/example_dags/example_external_task_marker_dag.py
[2026-08-10T23:11:35.086+0000] {processor.py:830} INFO - Processing file /home/airflow/.local/lib/python3.8/site-packages/airflow/example_dags/example_external_task_marker_dag.py for tasks to queue
[2026-08-10T23:11:35.089+0000] {logging_mixin.py:188} INFO - [2026-08-10T23:11:35.088+0000] {dagbag.py:538} INFO - Filling up the DagBag from /home/airflow/.local/lib/python3.8/site-packages/airflow/example_dags/example_external_task_marker_dag.py
[2026-08-10T23:11:35.096+0000] {processor.py:840} INFO - DAG(s) 'example_external_task_marker_child', 'example_external_task_marker_parent' retrieved from /home/airflow/.local/lib/python3.8/site-packages/airflow/example_dags/example_external_task_marker_dag.py
[2026-08-10T23:11:35.124+0000] {logging_mixin.py:188} INFO - [2026-08-10T23:11:35.124+0000] {dag.py:3036} INFO - Sync 2 DAGs
[2026-08-10T23:11:35.138+0000] {logging_mixin.py:188} INFO - [2026-08-10T23:11:35.138+0000] {dag.py:3823} INFO - Setting next_dagrun for example_external_task_marker_child to None, run_after=None
[2026-08-10T23:11:35.143+0000] {logging_mixin.py:188} INFO - [2026-08-10T23:11:35.143+0000] {dag.py:3823} INFO - Setting next_dagrun for example_external_task_marker_parent to None, run_after=None
[2026-08-10T23:11:35.198+0000] {processor.py:183} INFO - Processing /home/airflow/.local/lib/python3.8/site-packages/airflow/example_dags/example_external_task_marker_dag.py took 0.117 seconds
[2026-08-10T23:12:05.542+0000] {processor.py:161} INFO - Started process (PID=1616) to work on /home/airflow/.local/lib/python3.8/site-packages/airflow/example_dags/example_external_task_marker_dag.py
[2026-08-10T23:12:05.543+0000] {processor.py:830} INFO - Processing file /home/airflow/.local/lib/python3.8/site-packages/airflow/example_dags/example_external_task_marker_dag.py for tasks to queue
[2026-08-10T23:12:05.545+0000] {logging_mixin.py:188} INFO - [2026-08-10T23:12:05.544+0000] {dagbag.py:538} INFO - Filling up the DagBag from /home/airflow/.local/lib/python3.8/site-packages/airflow/example_dags/example_external_task_marker_dag.py
[2026-08-10T23:12:05.554+0000] {processor.py:840} INFO - DAG(s) 'example_external_task_marker_parent', 'example_external_task_marker_child' retrieved from /home/airflow/.local/lib/python3.8/site-packages/airflow/example_dags/example_external_task_marker_dag.py
[2026-08-10T23:12:05.583+0000] {logging_mixin.py:188} INFO - [2026-08-10T23:12:05.583+0000] {dag.py:3036} INFO - Sync 2 DAGs
[2026-08-10T23:12:05.597+0000] {logging_mixin.py:188} INFO - [2026-08-10T23:12:05.597+0000] {dag.py:3823} INFO - Setting next_dagrun for example_external_task_marker_child to None, run_after=None
[2026-08-10T23:12:05.601+0000] {logging_mixin.py:188} INFO - [2026-08-10T23:12:05.601+0000] {dag.py:3823} INFO - Setting next_dagrun for example_external_task_marker_parent to None, run_after=None
[2026-08-10T23:12:05.623+0000] {processor.py:183} INFO - Processing /home/airflow/.local/lib/python3.8/site-packages/airflow/example_dags/example_external_task_marker_dag.py took 0.085 seconds
[2026-08-10T23:12:36.395+0000] {processor.py:161} INFO - Started process (PID=1687) to work on /home/airflow/.local/lib/python3.8/site-packages/airflow/example_dags/example_external_task_marker_dag.py
[2026-08-10T23:12:36.397+0000] {processor.py:830} INFO - Processing file /home/airflow/.local/lib/python3.8/site-packages/airflow/example_dags/example_external_task_marker_dag.py for tasks to queue
[2026-08-10T23:12:36.399+0000] {logging_mixin.py:188} INFO - [2026-08-10T23:12:36.398+0000] {dagbag.py:538} INFO - Filling up the DagBag from /home/airflow/.local/lib/python3.8/site-packages/airflow/example_dags/example_external_task_marker_dag.py
[2026-08-10T23:12:36.410+0000] {processor.py:840} INFO - DAG(s) 'example_external_task_marker_child', 'example_external_task_marker_parent' retrieved from /home/airflow/.local/lib/python3.8/site-packages/airflow/example_dags/example_external_task_marker_dag.py
[2026-08-10T23:12:36.447+0000] {logging_mixin.py:188} INFO - [2026-08-10T23:12:36.447+0000] {dag.py:3036} INFO - Sync 2 DAGs
[2026-08-10T23:12:36.465+0000] {logging_mixin.py:188} INFO - [2026-08-10T23:12:36.465+0000] {dag.py:3823} INFO - Setting next_dagrun for example_external_task_marker_child to None, run_after=None
[2026-08-10T23:12:36.472+0000] {logging_mixin.py:188} INFO - [2026-08-10T23:12:36.472+0000] {dag.py:3823} INFO - Setting next_dagrun for example_external_task_marker_parent to None, run_after=None
[2026-08-10T23:12:36.503+0000] {processor.py:183} INFO - Processing /home/airflow/.local/lib/python3.8/site-packages/airflow/example_dags/example_external_task_marker_dag.py took 0.111 seconds
[2026-08-10T23:13:06.879+0000] {processor.py:161} INFO - Started process (PID=1770) to work on /home/airflow/.local/lib/python3.8/site-packages/airflow/example_dags/example_external_task_marker_dag.py
[2026-08-10T23:13:06.882+0000] {processor.py:830} INFO - Processing file /home/airflow/.local/lib/python3.8/site-packages/airflow/example_dags/example_external_task_marker_dag.py for tasks to queue
[2026-08-10T23:13:06.885+0000] {logging_mixin.py:188} INFO - [2026-08-10T23:13:06.884+0000] {dagbag.py:538} INFO - Filling up the DagBag from /home/airflow/.local/lib/python3.8/site-packages/airflow/example_dags/example_external_task_marker_dag.py
[2026-08-10T23:13:06.914+0000] {processor.py:840} INFO - DAG(s) 'example_external_task_marker_parent', 'example_external_task_marker_child' retrieved from /home/airflow/.local/lib/python3.8/site-packages/airflow/example_dags/example_external_task_marker_dag.py
[2026-08-10T23:13:07.020+0000] {logging_mixin.py:188} INFO - [2026-08-10T23:13:07.019+0000] {dag.py:3036} INFO - Sync 2 DAGs
[2026-08-10T23:13:07.061+0000] {logging_mixin.py:188} INFO - [2026-08-10T23:13:07.060+0000] {dag.py:3823} INFO - Setting next_dagrun for example_external_task_marker_child to None, run_after=None
[2026-08-10T23:13:07.077+0000] {logging_mixin.py:188} INFO - [2026-08-10T23:13:07.076+0000] {dag.py:3823} INFO - Setting next_dagrun for example_external_task_marker_parent to None, run_after=None
[2026-08-10T23:13:07.150+0000] {processor.py:183} INFO - Processing /home/airflow/.local/lib/python3.8/site-packages/airflow/example_dags/example_external_task_marker_dag.py took 0.285 seconds
[2026-08-10T23:13:37.335+0000] {processor.py:161} INFO - Started process (PID=1851) to work on /home/airflow/.local/lib/python3.8/site-packages/airflow/example_dags/example_external_task_marker_dag.py
[2026-08-10T23:13:37.338+0000] {processor.py:830} INFO - Processing file /home/airflow/.local/lib/python3.8/site-packages/airflow/example_dags/example_external_task_marker_dag.py for tasks to queue
[2026-08-10T23:13:37.343+0000] {logging_mixin.py:188} INFO - [2026-08-10T23:13:37.342+0000] {dagbag.py:538} INFO - Filling up the DagBag from /home/airflow/.local/lib/python3.8/site-packages/airflow/example_dags/example_external_task_marker_dag.py
[2026-08-10T23:13:37.376+0000] {processor.py:840} INFO - DAG(s) 'example_external_task_marker_child', 'example_external_task_marker_parent' retrieved from /home/airflow/.local/lib/python3.8/site-packages/airflow/example_dags/example_external_task_marker_dag.py
[2026-08-10T23:13:37.461+0000] {logging_mixin.py:188} INFO - [2026-08-10T23:13:37.460+0000] {dag.py:3036} INFO - Sync 2 DAGs
[2026-08-10T23:13:37.491+0000] {logging_mixin.py:188} INFO - [2026-08-10T23:13:37.491+0000] {dag.py:3823} INFO - Setting next_dagrun for example_external_task_marker_child to None, run_after=None
[2026-08-10T23:13:37.498+0000] {logging_mixin.py:188} INFO - [2026-08-10T23:13:37.497+0000] {dag.py:3823} INFO - Setting next_dagrun for example_external_task_marker_parent to None, run_after=None
[2026-08-10T23:13:37.544+0000] {processor.py:183} INFO - Processing /home/airflow/.local/lib/python3.8/site-packages/airflow/example_dags/example_external_task_marker_dag.py took 0.218 seconds
[2026-08-10T23:14:07.727+0000] {processor.py:161} INFO - Started process (PID=1922) to work on /home/airflow/.local/lib/python3.8/site-packages/airflow/example_dags/example_external_task_marker_dag.py
[2026-08-10T23:14:07.728+0000] {processor.py:830} INFO - Processing file /home/airflow/.local/lib/python3.8/site-packages/airflow/example_dags/example_external_task_marker_dag.py for tasks to queue
[2026-08-10T23:14:07.730+0000] {logging_mixin.py:188} INFO - [2026-08-10T23:14:07.729+0000] {dagbag.py:538} INFO - Filling up the DagBag from /home/airflow/.local/lib/python3.8/site-packages/airflow/example_dags/example_external_task_marker_dag.py
[2026-08-10T23:14:07.737+0000] {processor.py:840} INFO - DAG(s) 'example_external_task_marker_parent', 'example_external_task_marker_child' retrieved from /home/airflow/.local/lib/python3.8/site-packages/airflow/example_dags/example_external_task_marker_dag.py
[2026-08-10T23:14:07.769+0000] {logging_mixin.py:188} INFO - [2026-08-10T23:14:07.769+0000] {dag.py:3036} INFO - Sync 2 DAGs
[2026-08-10T23:14:07.784+0000] {logging_mixin.py:188} INFO - [2026-08-10T23:14:07.784+0000] {dag.py:3823} INFO - Setting next_dagrun for example_external_task_marker_child to None, run_after=None
[2026-08-10T23:14:07.789+0000] {logging_mixin.py:188} INFO - [2026-08-10T23:14:07.789+0000] {dag.py:3823} INFO - Setting next_dagrun for example_external_task_marker_parent to None, run_after=None
[2026-08-10T23:14:07.812+0000] {processor.py:183} INFO - Processing /home/airflow/.local/lib/python3.8/site-packages/airflow/example_dags/example_external_task_marker_dag.py took 0.088 seconds
[2026-08-10T23:14:38.127+0000] {processor.py:161} INFO - Started process (PID=1993) to work on /home/airflow/.local/lib/python3.8/site-packages/airflow/example_dags/example_external_task_marker_dag.py
[2026-08-10T23:14:38.128+0000] {processor.py:830} INFO - Processing file /home/airflow/.local/lib/python3.8/site-packages/airflow/example_dags/example_external_task_marker_dag.py for tasks to queue
[2026-08-10T23:14:38.129+0000] {logging_mixin.py:188} INFO - [2026-08-10T23:14:38.129+0000] {dagbag.py:538} INFO - Filling up the DagBag from /home/airflow/.local/lib/python3.8/site-packages/airflow/example_dags/example_external_task_marker_dag.py
[2026-08-10T23:14:38.135+0000] {processor.py:840} INFO - DAG(s) 'example_external_task_marker_child', 'example_external_task_marker_parent' retrieved from /home/airflow/.local/lib/python3.8/site-packages/airflow/example_dags/example_external_task_marker_dag.py
[2026-08-10T23:14:38.163+0000] {logging_mixin.py:188} INFO - [2026-08-10T23:14:38.163+0000] {dag.py:3036} INFO - Sync 2 DAGs
[2026-08-10T23:14:38.175+0000] {logging_mixin.py:188} INFO - [2026-08-10T23:14:38.175+0000] {dag.py:3823} INFO - Setting next_dagrun for example_external_task_marker_child to None, run_after=None
[2026-08-10T23:14:38.179+0000] {logging_mixin.py:188} INFO - [2026-08-10T23:14:38.179+0000] {dag.py:3823} INFO - Setting next_dagrun for example_external_task_marker_parent to None, run_after=None
[2026-08-10T23:14:38.196+0000] {processor.py:183} INFO - Processing /home/airflow/.local/lib/python3.8/site-packages/airflow/example_dags/example_external_task_marker_dag.py took 0.073 seconds
[2026-08-10T23:15:08.770+0000] {processor.py:161} INFO - Started process (PID=2064) to work on /home/airflow/.local/lib/python3.8/site-packages/airflow/example_dags/example_external_task_marker_dag.py
[2026-08-10T23:15:08.771+0000] {processor.py:830} INFO - Processing file /home/airflow/.local/lib/python3.8/site-packages/airflow/example_dags/example_external_task_marker_dag.py for tasks to queue
[2026-08-10T23:15:08.772+0000] {logging_mixin.py:188} INFO - [2026-08-10T23:15:08.772+0000] {dagbag.py:538} INFO - Filling up the DagBag from /home/airflow/.local/lib/python3.8/site-packages/airflow/example_dags/example_external_task_marker_dag.py
[2026-08-10T23:15:08.779+0000] {processor.py:840} INFO - DAG(s) 'example_external_task_marker_child', 'example_external_task_marker_parent' retrieved from /home/airflow/.local/lib/python3.8/site-packages/airflow/example_dags/example_external_task_marker_dag.py
[2026-08-10T23:15:08.806+0000] {logging_mixin.py:188} INFO - [2026-08-10T23:15:08.806+0000] {dag.py:3036} INFO - Sync 2 DAGs
[2026-08-10T23:15:08.818+0000] {logging_mixin.py:188} INFO - [2026-08-10T23:15:08.818+0000] {dag.py:3823} INFO - Setting next_dagrun for example_external_task_marker_child to None, run_after=None
[2026-08-10T23:15:08.822+0000] {logging_mixin.py:188} INFO - [2026-08-10T23:15:08.821+0000] {dag.py:3823} INFO - Setting next_dagrun for example_external_task_marker_parent to None, run_after=None
[2026-08-10T23:15:08.837+0000] {processor.py:183} INFO - Processing /home/airflow/.local/lib/python3.8/site-packages/airflow/example_dags/example_external_task_marker_dag.py took 0.071 seconds
[2026-08-10T23:15:39.236+0000] {processor.py:161} INFO - Started process (PID=2144) to work on /home/airflow/.local/lib/python3.8/site-packages/airflow/example_dags/example_external_task_marker_dag.py
[2026-08-10T23:15:39.238+0000] {processor.py:830} INFO - Processing file /home/airflow/.local/lib/python3.8/site-packages/airflow/example_dags/example_external_task_marker_dag.py for tasks to queue
[2026-08-10T23:15:39.241+0000] {logging_mixin.py:188} INFO - [2026-08-10T23:15:39.240+0000] {dagbag.py:538} INFO - Filling up the DagBag from /home/airflow/.local/lib/python3.8/site-packages/airflow/example_dags/example_external_task_marker_dag.py
[2026-08-10T23:15:39.260+0000] {processor.py:840} INFO - DAG(s) 'example_external_task_marker_parent', 'example_external_task_marker_child' retrieved from /home/airflow/.local/lib/python3.8/site-packages/airflow/example_dags/example_external_task_marker_dag.py
[2026-08-10T23:15:39.304+0000] {logging_mixin.py:188} INFO - [2026-08-10T23:15:39.304+0000] {dag.py:3036} INFO - Sync 2 DAGs
[2026-08-10T23:15:39.331+0000] {logging_mixin.py:188} INFO - [2026-08-10T23:15:39.330+0000] {dag.py:3823} INFO - Setting next_dagrun for example_external_task_marker_child to None, run_after=None
[2026-08-10T23:15:39.336+0000] {logging_mixin.py:188} INFO - [2026-08-10T23:15:39.335+0000] {dag.py:3823} INFO - Setting next_dagrun for example_external_task_marker_parent to None, run_after=None
[2026-08-10T23:15:39.369+0000] {processor.py:183} INFO - Processing /home/airflow/.local/lib/python3.8/site-packages/airflow/example_dags/example_external_task_marker_dag.py took 0.140 seconds
[2026-08-10T23:16:09.727+0000] {processor.py:161} INFO - Started process (PID=2217) to work on /home/airflow/.local/lib/python3.8/site-packages/airflow/example_dags/example_external_task_marker_dag.py
[2026-08-10T23:16:09.729+0000] {processor.py:830} INFO - Processing file /home/airflow/.local/lib/python3.8/site-packages/airflow/example_dags/example_external_task_marker_dag.py for tasks to queue
[2026-08-10T23:16:09.730+0000] {logging_mixin.py:188} INFO - [2026-08-10T23:16:09.729+0000] {dagbag.py:538} INFO - Filling up the DagBag from /home/airflow/.local/lib/python3.8/site-packages/airflow/example_dags/example_external_task_marker_dag.py
[2026-08-10T23:16:09.737+0000] {processor.py:840} INFO - DAG(s) 'example_external_task_marker_child', 'example_external_task_marker_parent' retrieved from /home/airflow/.local/lib/python3.8/site-packages/airflow/example_dags/example_external_task_marker_dag.py
[2026-08-10T23:16:09.752+0000] {logging_mixin.py:188} INFO - [2026-08-10T23:16:09.752+0000] {dag.py:3036} INFO - Sync 2 DAGs
[2026-08-10T23:16:09.767+0000] {logging_mixin.py:188} INFO - [2026-08-10T23:16:09.766+0000] {dag.py:3823} INFO - Setting next_dagrun for example_external_task_marker_child to None, run_after=None
[2026-08-10T23:16:09.771+0000] {logging_mixin.py:188} INFO - [2026-08-10T23:16:09.770+0000] {dag.py:3823} INFO - Setting next_dagrun for example_external_task_marker_parent to None, run_after=None
[2026-08-10T23:16:09.787+0000] {processor.py:183} INFO - Processing /home/airflow/.local/lib/python3.8/site-packages/airflow/example_dags/example_external_task_marker_dag.py took 0.064 seconds
[2026-08-10T23:16:39.900+0000] {processor.py:161} INFO - Started process (PID=2291) to work on /home/airflow/.local/lib/python3.8/site-packages/airflow/example_dags/example_external_task_marker_dag.py
[2026-08-10T23:16:39.902+0000] {processor.py:830} INFO - Processing file /home/airflow/.local/lib/python3.8/site-packages/airflow/example_dags/example_external_task_marker_dag.py for tasks to queue
[2026-08-10T23:16:39.903+0000] {logging_mixin.py:188} INFO - [2026-08-10T23:16:39.903+0000] {dagbag.py:538} INFO - Filling up the DagBag from /home/airflow/.local/lib/python3.8/site-packages/airflow/example_dags/example_external_task_marker_dag.py
[2026-08-10T23:16:39.913+0000] {processor.py:840} INFO - DAG(s) 'example_external_task_marker_child', 'example_external_task_marker_parent' retrieved from /home/airflow/.local/lib/python3.8/site-packages/airflow/example_dags/example_external_task_marker_dag.py
[2026-08-10T23:16:40.058+0000] {logging_mixin.py:188} INFO - [2026-08-10T23:16:40.057+0000] {dag.py:3036} INFO - Sync 2 DAGs
[2026-08-10T23:16:40.078+0000] {logging_mixin.py:188} INFO - [2026-08-10T23:16:40.078+0000] {dag.py:3823} INFO - Setting next_dagrun for example_external_task_marker_child to None, run_after=None
[2026-08-10T23:16:40.083+0000] {logging_mixin.py:188} INFO - [2026-08-10T23:16:40.082+0000] {dag.py:3823} INFO - Setting next_dagrun for example_external_task_marker_parent to None, run_after=None
[2026-08-10T23:16:40.297+0000] {processor.py:183} INFO - Processing /home/airflow/.local/lib/python3.8/site-packages/airflow/example_dags/example_external_task_marker_dag.py took 0.405 seconds
[2026-08-10T23:17:10.516+0000] {processor.py:161} INFO - Started process (PID=2364) to work on /home/airflow/.local/lib/python3.8/site-packages/airflow/example_dags/example_external_task_marker_dag.py
[2026-08-10T23:17:10.517+0000] {processor.py:830} INFO - Processing file /home/airflow/.local/lib/python3.8/site-packages/airflow/example_dags/example_external_task_marker_dag.py for tasks to queue
[2026-08-10T23:17:10.519+0000] {logging_mixin.py:188} INFO - [2026-08-10T23:17:10.518+0000] {dagbag.py:538} INFO - Filling up the DagBag from /home/airflow/.local/lib/python3.8/site-packages/airflow/example_dags/example_external_task_marker_dag.py
[2026-08-10T23:17:10.531+0000] {processor.py:840} INFO - DAG(s) 'example_external_task_marker_child', 'example_external_task_marker_parent' retrieved from /home/airflow/.local/lib/python3.8/site-packages/airflow/example_dags/example_external_task_marker_dag.py
[2026-08-10T23:17:10.564+0000] {logging_mixin.py:188} INFO - [2026-08-10T23:17:10.563+0000] {dag.py:3036} INFO - Sync 2 DAGs
[2026-08-10T23:17:10.600+0000] {logging_mixin.py:188} INFO - [2026-08-10T23:17:10.599+0000] {dag.py:3823} INFO - Setting next_dagrun for example_external_task_marker_child to None, run_after=None
[2026-08-10T23:17:10.605+0000] {logging_mixin.py:188} INFO - [2026-08-10T23:17:10.605+0000] {dag.py:3823} INFO - Setting next_dagrun for example_external_task_marker_parent to None, run_after=None
[2026-08-10T23:17:10.629+0000] {processor.py:183} INFO - Processing /home/airflow/.local/lib/python3.8/site-packages/airflow/example_dags/example_external_task_marker_dag.py took 0.117 seconds
[2026-08-10T23:17:40.809+0000] {processor.py:161} INFO - Started process (PID=2437) to work on /home/airflow/.local/lib/python3.8/site-packages/airflow/example_dags/example_external_task_marker_dag.py
[2026-08-10T23:17:40.811+0000] {processor.py:830} INFO - Processing file /home/airflow/.local/lib/python3.8/site-packages/airflow/example_dags/example_external_task_marker_dag.py for tasks to queue
[2026-08-10T23:17:40.812+0000] {logging_mixin.py:188} INFO - [2026-08-10T23:17:40.812+0000] {dagbag.py:538} INFO - Filling up the DagBag from /home/airflow/.local/lib/python3.8/site-packages/airflow/example_dags/example_external_task_marker_dag.py
[2026-08-10T23:17:40.819+0000] {processor.py:840} INFO - DAG(s) 'example_external_task_marker_parent', 'example_external_task_marker_child' retrieved from /home/airflow/.local/lib/python3.8/site-packages/airflow/example_dags/example_external_task_marker_dag.py
[2026-08-10T23:17:40.845+0000] {logging_mixin.py:188} INFO - [2026-08-10T23:17:40.844+0000] {dag.py:3036} INFO - Sync 2 DAGs
[2026-08-10T23:17:40.857+0000] {logging_mixin.py:188} INFO - [2026-08-10T23:17:40.857+0000] {dag.py:3823} INFO - Setting next_dagrun for example_external_task_marker_child to None, run_after=None
[2026-08-10T23:17:40.861+0000] {logging_mixin.py:188} INFO - [2026-08-10T23:17:40.860+0000] {dag.py:3823} INFO - Setting next_dagrun for example_external_task_marker_parent to None, run_after=None
[2026-08-10T23:17:40.881+0000] {processor.py:183} INFO - Processing /home/airflow/.local/lib/python3.8/site-packages/airflow/example_dags/example_external_task_marker_dag.py took 0.077 seconds
[2026-08-10T23:18:11.417+0000] {processor.py:161} INFO - Started process (PID=2510) to work on /home/airflow/.local/lib/python3.8/site-packages/airflow/example_dags/example_external_task_marker_dag.py
[2026-08-10T23:18:11.418+0000] {processor.py:830} INFO - Processing file /home/airflow/.local/lib/python3.8/site-packages/airflow/example_dags/example_external_task_marker_dag.py for tasks to queue
[2026-08-10T23:18:11.419+0000] {logging_mixin.py:188} INFO - [2026-08-10T23:18:11.419+0000] {dagbag.py:538} INFO - Filling up the DagBag from /home/airflow/.local/lib/python3.8/site-packages/airflow/example_dags/example_external_task_marker_dag.py
[2026-08-10T23:18:11.425+0000] {processor.py:840} INFO - DAG(s) 'example_external_task_marker_parent', 'example_external_task_marker_child' retrieved from /home/airflow/.local/lib/python3.8/site-packages/airflow/example_dags/example_external_task_marker_dag.py
[2026-08-10T23:18:11.455+0000] {logging_mixin.py:188} INFO - [2026-08-10T23:18:11.455+0000] {dag.py:3036} INFO - Sync 2 DAGs
[2026-08-10T23:18:11.468+0000] {logging_mixin.py:188} INFO - [2026-08-10T23:18:11.467+0000] {dag.py:3823} INFO - Setting next_dagrun for example_external_task_marker_child to None, run_after=None
[2026-08-10T23:18:11.474+0000] {logging_mixin.py:188} INFO - [2026-08-10T23:18:11.473+0000] {dag.py:3823} INFO - Setting next_dagrun for example_external_task_marker_parent to None, run_after=None
[2026-08-10T23:18:11.493+0000] {processor.py:183} INFO - Processing /home/airflow/.local/lib/python3.8/site-packages/airflow/example_dags/example_external_task_marker_dag.py took 0.080 seconds
[2026-08-10T23:18:42.160+0000] {processor.py:161} INFO - Started process (PID=2583) to work on /home/airflow/.local/lib/python3.8/site-packages/airflow/example_dags/example_external_task_marker_dag.py
[2026-08-10T23:18:42.161+0000] {processor.py:830} INFO - Processing file /home/airflow/.local/lib/python3.8/site-packages/airflow/example_dags/example_external_task_marker_dag.py for tasks to queue
[2026-08-10T23:18:42.162+0000] {logging_mixin.py:188} INFO - [2026-08-10T23:18:42.162+0000] {dagbag.py:538} INFO - Filling up the DagBag from /home/airflow/.local/lib/python3.8/site-packages/airflow/example_dags/example_external_task_marker_dag.py
[2026-08-10T23:18:42.169+0000] {processor.py:840} INFO - DAG(s) 'example_external_task_marker_parent', 'example_external_task_marker_child' retrieved from /home/airflow/.local/lib/python3.8/site-packages/airflow/example_dags/example_external_task_marker_dag.py
[2026-08-10T23:18:42.196+0000] {logging_mixin.py:188} INFO - [2026-08-10T23:18:42.195+0000] {dag.py:3036} INFO - Sync 2 DAGs
[2026-08-10T23:18:42.208+0000] {logging_mixin.py:188} INFO - [2026-08-10T23:18:42.208+0000] {dag.py:3823} INFO - Setting next_dagrun for example_external_task_marker_child to None, run_after=None
[2026-08-10T23:18:42.212+0000] {logging_mixin.py:188} INFO - [2026-08-10T23:18:42.212+0000] {dag.py:3823} INFO - Setting next_dagrun for example_external_task_marker_parent to None, run_after=None
[2026-08-10T23:18:42.365+0000] {processor.py:183} INFO - Processing /home/airflow/.local/lib/python3.8/site-packages/airflow/example_dags/example_external_task_marker_dag.py took 0.209 seconds
[2026-08-10T23:19:13.061+0000] {processor.py:161} INFO - Started process (PID=2656) to work on /home/airflow/.local/lib/python3.8/site-packages/airflow/example_dags/example_external_task_marker_dag.py
[2026-08-10T23:19:13.062+0000] {processor.py:830} INFO - Processing file /home/airflow/.local/lib/python3.8/site-packages/airflow/example_dags/example_external_task_marker_dag.py for tasks to queue
[2026-08-10T23:19:13.063+0000] {logging_mixin.py:188} INFO - [2026-08-10T23:19:13.063+0000] {dagbag.py:538} INFO - Filling up the DagBag from /home/airflow/.local/lib/python3.8/site-packages/airflow/example_dags/example_external_task_marker_dag.py
[2026-08-10T23:19:13.071+0000] {processor.py:840} INFO - DAG(s) 'example_external_task_marker_child', 'example_external_task_marker_parent' retrieved from /home/airflow/.local/lib/python3.8/site-packages/airflow/example_dags/example_external_task_marker_dag.py
[2026-08-10T23:19:13.096+0000] {logging_mixin.py:188} INFO - [2026-08-10T23:19:13.096+0000] {dag.py:3036} INFO - Sync 2 DAGs
[2026-08-10T23:19:13.108+0000] {logging_mixin.py:188} INFO - [2026-08-10T23:19:13.108+0000] {dag.py:3823} INFO - Setting next_dagrun for example_external_task_marker_child to None, run_after=None
[2026-08-10T23:19:13.113+0000] {logging_mixin.py:188} INFO - [2026-08-10T23:19:13.113+0000] {dag.py:3823} INFO - Setting next_dagrun for example_external_task_marker_parent to None, run_after=None
[2026-08-10T23:19:13.131+0000] {processor.py:183} INFO - Processing /home/airflow/.local/lib/python3.8/site-packages/airflow/example_dags/example_external_task_marker_dag.py took 0.074 seconds
[2026-08-10T23:19:43.384+0000] {processor.py:161} INFO - Started process (PID=2729) to work on /home/airflow/.local/lib/python3.8/site-packages/airflow/example_dags/example_external_task_marker_dag.py
[2026-08-10T23:19:43.386+0000] {processor.py:830} INFO - Processing file /home/airflow/.local/lib/python3.8/site-packages/airflow/example_dags/example_external_task_marker_dag.py for tasks to queue
[2026-08-10T23:19:43.387+0000] {logging_mixin.py:188} INFO - [2026-08-10T23:19:43.387+0000] {dagbag.py:538} INFO - Filling up the DagBag from /home/airflow/.local/lib/python3.8/site-packages/airflow/example_dags/example_external_task_marker_dag.py
[2026-08-10T23:19:43.394+0000] {processor.py:840} INFO - DAG(s) 'example_external_task_marker_child', 'example_external_task_marker_parent' retrieved from /home/airflow/.local/lib/python3.8/site-packages/airflow/example_dags/example_external_task_marker_dag.py
[2026-08-10T23:19:43.422+0000] {logging_mixin.py:188} INFO - [2026-08-10T23:19:43.421+0000] {dag.py:3036} INFO - Sync 2 DAGs
[2026-08-10T23:19:43.437+0000] {logging_mixin.py:188} INFO - [2026-08-10T23:19:43.436+0000] {dag.py:3823} INFO - Setting next_dagrun for example_external_task_marker_child to None, run_after=None
[2026-08-10T23:19:43.442+0000] {logging_mixin.py:188} INFO - [2026-08-10T23:19:43.442+0000] {dag.py:3823} INFO - Setting next_dagrun for example_external_task_marker_parent to None, run_after=None
[2026-08-10T23:19:43.508+0000] {processor.py:183} INFO - Processing /home/airflow/.local/lib/python3.8/site-packages/airflow/example_dags/example_external_task_marker_dag.py took 0.128 seconds
[2026-08-10T23:20:13.789+0000] {processor.py:161} INFO - Started process (PID=2802) to work on /home/airflow/.local/lib/python3.8/site-packages/airflow/example_dags/example_external_task_marker_dag.py
[2026-08-10T23:20:13.790+0000] {processor.py:830} INFO - Processing file /home/airflow/.local/lib/python3.8/site-packages/airflow/example_dags/example_external_task_marker_dag.py for tasks to queue
[2026-08-10T23:20:13.791+0000] {logging_mixin.py:188} INFO - [2026-08-10T23:20:13.791+0000] {dagbag.py:538} INFO - Filling up the DagBag from /home/airflow/.local/lib/python3.8/site-packages/airflow/example_dags/example_external_task_marker_dag.py
[2026-08-10T23:20:13.797+0000] {processor.py:840} INFO - DAG(s) 'example_external_task_marker_child', 'example_external_task_marker_parent' retrieved from /home/airflow/.local/lib/python3.8/site-packages/airflow/example_dags/example_external_task_marker_dag.py
[2026-08-10T23:20:13.822+0000] {logging_mixin.py:188} INFO - [2026-08-10T23:20:13.822+0000] {dag.py:3036} INFO - Sync 2 DAGs
[2026-08-10T23:20:13.834+0000] {logging_mixin.py:188} INFO - [2026-08-10T23:20:13.834+0000] {dag.py:3823} INFO - Setting next_dagrun for example_external_task_marker_child to None, run_after=None
[2026-08-10T23:20:13.838+0000] {logging_mixin.py:188} INFO - [2026-08-10T23:20:13.837+0000] {dag.py:3823} INFO - Setting next_dagrun for example_external_task_marker_parent to None, run_after=None
[2026-08-10T23:20:13.855+0000] {processor.py:183} INFO - Processing /home/airflow/.local/lib/python3.8/site-packages/airflow/example_dags/example_external_task_marker_dag.py took 0.069 seconds
[2026-08-10T23:20:44.257+0000] {processor.py:161} INFO - Started process (PID=2891) to work on /home/airflow/.local/lib/python3.8/site-packages/airflow/example_dags/example_external_task_marker_dag.py
[2026-08-10T23:20:44.259+0000] {processor.py:830} INFO - Processing file /home/airflow/.local/lib/python3.8/site-packages/airflow/example_dags/example_external_task_marker_dag.py for tasks to queue
[2026-08-10T23:20:44.260+0000] {logging_mixin.py:188} INFO - [2026-08-10T23:20:44.259+0000] {dagbag.py:538} INFO - Filling up the DagBag from /home/airflow/.local/lib/python3.8/site-packages/airflow/example_dags/example_external_task_marker_dag.py
[2026-08-10T23:20:44.266+0000] {processor.py:840} INFO - DAG(s) 'example_external_task_marker_child', 'example_external_task_marker_parent' retrieved from /home/airflow/.local/lib/python3.8/site-packages/airflow/example_dags/example_external_task_marker_dag.py
[2026-08-10T23:20:44.293+0000] {logging_mixin.py:188} INFO - [2026-08-10T23:20:44.292+0000] {dag.py:3036} INFO - Sync 2 DAGs
[2026-08-10T23:20:44.308+0000] {logging_mixin.py:188} INFO - [2026-08-10T23:20:44.308+0000] {dag.py:3823} INFO - Setting next_dagrun for example_external_task_marker_child to None, run_after=None
[2026-08-10T23:20:44.313+0000] {logging_mixin.py:188} INFO - [2026-08-10T23:20:44.312+0000] {dag.py:3823} INFO - Setting next_dagrun for example_external_task_marker_parent to None, run_after=None
[2026-08-10T23:20:44.331+0000] {processor.py:183} INFO - Processing /home/airflow/.local/lib/python3.8/site-packages/airflow/example_dags/example_external_task_marker_dag.py took 0.078 seconds
[2026-08-10T23:21:14.744+0000] {processor.py:161} INFO - Started process (PID=2964) to work on /home/airflow/.local/lib/python3.8/site-packages/airflow/example_dags/example_external_task_marker_dag.py
[2026-08-10T23:21:14.745+0000] {processor.py:830} INFO - Processing file /home/airflow/.local/lib/python3.8/site-packages/airflow/example_dags/example_external_task_marker_dag.py for tasks to queue
[2026-08-10T23:21:14.747+0000] {logging_mixin.py:188} INFO - [2026-08-10T23:21:14.746+0000] {dagbag.py:538} INFO - Filling up the DagBag from /home/airflow/.local/lib/python3.8/site-packages/airflow/example_dags/example_external_task_marker_dag.py
[2026-08-10T23:21:14.754+0000] {processor.py:840} INFO - DAG(s) 'example_external_task_marker_parent', 'example_external_task_marker_child' retrieved from /home/airflow/.local/lib/python3.8/site-packages/airflow/example_dags/example_external_task_marker_dag.py
[2026-08-10T23:21:14.785+0000] {logging_mixin.py:188} INFO - [2026-08-10T23:21:14.784+0000] {dag.py:3036} INFO - Sync 2 DAGs
[2026-08-10T23:21:14.799+0000] {logging_mixin.py:188} INFO - [2026-08-10T23:21:14.798+0000] {dag.py:3823} INFO - Setting next_dagrun for example_external_task_marker_child to None, run_after=None
[2026-08-10T23:21:14.803+0000] {logging_mixin.py:188} INFO - [2026-08-10T23:21:14.803+0000] {dag.py:3823} INFO - Setting next_dagrun for example_external_task_marker_parent to None, run_after=None
[2026-08-10T23:21:14.823+0000] {processor.py:183} INFO - Processing /home/airflow/.local/lib/python3.8/site-packages/airflow/example_dags/example_external_task_marker_dag.py took 0.082 seconds
[2026-08-10T23:21:45.489+0000] {processor.py:161} INFO - Started process (PID=3037) to work on /home/airflow/.local/lib/python3.8/site-packages/airflow/example_dags/example_external_task_marker_dag.py
[2026-08-10T23:21:45.490+0000] {processor.py:830} INFO - Processing file /home/airflow/.local/lib/python3.8/site-packages/airflow/example_dags/example_external_task_marker_dag.py for tasks to queue
[2026-08-10T23:21:45.491+0000] {logging_mixin.py:188} INFO - [2026-08-10T23:21:45.491+0000] {dagbag.py:538} INFO - Filling up the DagBag from /home/airflow/.local/lib/python3.8/site-packages/airflow/example_dags/example_external_task_marker_dag.py
[2026-08-10T23:21:45.497+0000] {processor.py:840} INFO - DAG(s) 'example_external_task_marker_child', 'example_external_task_marker_parent' retrieved from /home/airflow/.local/lib/python3.8/site-packages/airflow/example_dags/example_external_task_marker_dag.py
[2026-08-10T23:21:45.522+0000] {logging_mixin.py:188} INFO - [2026-08-10T23:21:45.522+0000] {dag.py:3036} INFO - Sync 2 DAGs
[2026-08-10T23:21:45.534+0000] {logging_mixin.py:188} INFO - [2026-08-10T23:21:45.534+0000] {dag.py:3823} INFO - Setting next_dagrun for example_external_task_marker_child to None, run_after=None
[2026-08-10T23:21:45.538+0000] {logging_mixin.py:188} INFO - [2026-08-10T23:21:45.538+0000] {dag.py:3823} INFO - Setting next_dagrun for example_external_task_marker_parent to None, run_after=None
[2026-08-10T23:21:45.555+0000] {processor.py:183} INFO - Processing /home/airflow/.local/lib/python3.8/site-packages/airflow/example_dags/example_external_task_marker_dag.py took 0.070 seconds
[2026-08-10T23:22:15.950+0000] {processor.py:161} INFO - Started process (PID=3110) to work on /home/airflow/.local/lib/python3.8/site-packages/airflow/example_dags/example_external_task_marker_dag.py
[2026-08-10T23:22:15.951+0000] {processor.py:830} INFO - Processing file /home/airflow/.local/lib/python3.8/site-packages/airflow/example_dags/example_external_task_marker_dag.py for tasks to queue
[2026-08-10T23:22:15.952+0000] {logging_mixin.py:188} INFO - [2026-08-10T23:22:15.951+0000] {dagbag.py:538} INFO - Filling up the DagBag from /home/airflow/.local/lib/python3.8/site-packages/airflow/example_dags/example_external_task_marker_dag.py
[2026-08-10T23:22:15.958+0000] {processor.py:840} INFO - DAG(s) 'example_external_task_marker_parent', 'example_external_task_marker_child' retrieved from /home/airflow/.local/lib/python3.8/site-packages/airflow/example_dags/example_external_task_marker_dag.py
[2026-08-10T23:22:15.983+0000] {logging_mixin.py:188} INFO - [2026-08-10T23:22:15.983+0000] {dag.py:3036} INFO - Sync 2 DAGs
[2026-08-10T23:22:15.996+0000] {logging_mixin.py:188} INFO - [2026-08-10T23:22:15.996+0000] {dag.py:3823} INFO - Setting next_dagrun for example_external_task_marker_child to None, run_after=None
[2026-08-10T23:22:16.000+0000] {logging_mixin.py:188} INFO - [2026-08-10T23:22:16.000+0000] {dag.py:3823} INFO - Setting next_dagrun for example_external_task_marker_parent to None, run_after=None
[2026-08-10T23:22:16.016+0000] {processor.py:183} INFO - Processing /home/airflow/.local/lib/python3.8/site-packages/airflow/example_dags/example_external_task_marker_dag.py took 0.070 seconds
[2026-08-10T23:22:46.172+0000] {processor.py:161} INFO - Started process (PID=3183) to work on /home/airflow/.local/lib/python3.8/site-packages/airflow/example_dags/example_external_task_marker_dag.py
[2026-08-10T23:22:46.174+0000] {processor.py:830} INFO - Processing file /home/airflow/.local/lib/python3.8/site-packages/airflow/example_dags/example_external_task_marker_dag.py for tasks to queue
[2026-08-10T23:22:46.175+0000] {logging_mixin.py:188} INFO - [2026-08-10T23:22:46.174+0000] {dagbag.py:538} INFO - Filling up the DagBag from /home/airflow/.local/lib/python3.8/site-packages/airflow/example_dags/example_external_task_marker_dag.py
[2026-08-10T23:22:46.181+0000] {processor.py:840} INFO - DAG(s) 'example_external_task_marker_child', 'example_external_task_marker_parent' retrieved from /home/airflow/.local/lib/python3.8/site-packages/airflow/example_dags/example_external_task_marker_dag.py
[2026-08-10T23:22:46.207+0000] {logging_mixin.py:188} INFO - [2026-08-10T23:22:46.207+0000] {dag.py:3036} INFO - Sync 2 DAGs
[2026-08-10T23:22:46.221+0000] {logging_mixin.py:188} INFO - [2026-08-10T23:22:46.221+0000] {dag.py:3823} INFO - Setting next_dagrun for example_external_task_marker_child to None, run_after=None
[2026-08-10T23:22:46.225+0000] {logging_mixin.py:188} INFO - [2026-08-10T23:22:46.225+0000] {dag.py:3823} INFO - Setting next_dagrun for example_external_task_marker_parent to None, run_after=None
[2026-08-10T23:22:46.242+0000] {processor.py:183} INFO - Processing /home/airflow/.local/lib/python3.8/site-packages/airflow/example_dags/example_external_task_marker_dag.py took 0.073 seconds
[2026-08-10T23:23:16.858+0000] {processor.py:161} INFO - Started process (PID=3256) to work on /home/airflow/.local/lib/python3.8/site-packages/airflow/example_dags/example_external_task_marker_dag.py
[2026-08-10T23:23:16.860+0000] {processor.py:830} INFO - Processing file /home/airflow/.local/lib/python3.8/site-packages/airflow/example_dags/example_external_task_marker_dag.py for tasks to queue
[2026-08-10T23:23:16.861+0000] {logging_mixin.py:188} INFO - [2026-08-10T23:23:16.861+0000] {dagbag.py:538} INFO - Filling up the DagBag from /home/airflow/.local/lib/python3.8/site-packages/airflow/example_dags/example_external_task_marker_dag.py
[2026-08-10T23:23:16.868+0000] {processor.py:840} INFO - DAG(s) 'example_external_task_marker_parent', 'example_external_task_marker_child' retrieved from /home/airflow/.local/lib/python3.8/site-packages/airflow/example_dags/example_external_task_marker_dag.py
[2026-08-10T23:23:16.892+0000] {logging_mixin.py:188} INFO - [2026-08-10T23:23:16.892+0000] {dag.py:3036} INFO - Sync 2 DAGs
[2026-08-10T23:23:16.904+0000] {logging_mixin.py:188} INFO - [2026-08-10T23:23:16.904+0000] {dag.py:3823} INFO - Setting next_dagrun for example_external_task_marker_child to None, run_after=None
[2026-08-10T23:23:16.908+0000] {logging_mixin.py:188} INFO - [2026-08-10T23:23:16.908+0000] {dag.py:3823} INFO - Setting next_dagrun for example_external_task_marker_parent to None, run_after=None
[2026-08-10T23:23:16.925+0000] {processor.py:183} INFO - Processing /home/airflow/.local/lib/python3.8/site-packages/airflow/example_dags/example_external_task_marker_dag.py took 0.071 seconds
[2026-08-10T23:23:47.502+0000] {processor.py:161} INFO - Started process (PID=3329) to work on /home/airflow/.local/lib/python3.8/site-packages/airflow/example_dags/example_external_task_marker_dag.py
[2026-08-10T23:23:47.504+0000] {processor.py:830} INFO - Processing file /home/airflow/.local/lib/python3.8/site-packages/airflow/example_dags/example_external_task_marker_dag.py for tasks to queue
[2026-08-10T23:23:47.505+0000] {logging_mixin.py:188} INFO - [2026-08-10T23:23:47.504+0000] {dagbag.py:538} INFO - Filling up the DagBag from /home/airflow/.local/lib/python3.8/site-packages/airflow/example_dags/example_external_task_marker_dag.py
[2026-08-10T23:23:47.511+0000] {processor.py:840} INFO - DAG(s) 'example_external_task_marker_child', 'example_external_task_marker_parent' retrieved from /home/airflow/.local/lib/python3.8/site-packages/airflow/example_dags/example_external_task_marker_dag.py
[2026-08-10T23:23:47.534+0000] {logging_mixin.py:188} INFO - [2026-08-10T23:23:47.534+0000] {dag.py:3036} INFO - Sync 2 DAGs
[2026-08-10T23:23:47.546+0000] {logging_mixin.py:188} INFO - [2026-08-10T23:23:47.546+0000] {dag.py:3823} INFO - Setting next_dagrun for example_external_task_marker_child to None, run_after=None
[2026-08-10T23:23:47.550+0000] {logging_mixin.py:188} INFO - [2026-08-10T23:23:47.550+0000] {dag.py:3823} INFO - Setting next_dagrun for example_external_task_marker_parent to None, run_after=None
[2026-08-10T23:23:47.565+0000] {processor.py:183} INFO - Processing /home/airflow/.local/lib/python3.8/site-packages/airflow/example_dags/example_external_task_marker_dag.py took 0.066 seconds
[2026-08-10T23:24:17.637+0000] {processor.py:161} INFO - Started process (PID=3402) to work on /home/airflow/.local/lib/python3.8/site-packages/airflow/example_dags/example_external_task_marker_dag.py
[2026-08-10T23:24:17.639+0000] {processor.py:830} INFO - Processing file /home/airflow/.local/lib/python3.8/site-packages/airflow/example_dags/example_external_task_marker_dag.py for tasks to queue
[2026-08-10T23:24:17.640+0000] {logging_mixin.py:188} INFO - [2026-08-10T23:24:17.639+0000] {dagbag.py:538} INFO - Filling up the DagBag from /home/airflow/.local/lib/python3.8/site-packages/airflow/example_dags/example_external_task_marker_dag.py
[2026-08-10T23:24:17.646+0000] {processor.py:840} INFO - DAG(s) 'example_external_task_marker_parent', 'example_external_task_marker_child' retrieved from /home/airflow/.local/lib/python3.8/site-packages/airflow/example_dags/example_external_task_marker_dag.py
[2026-08-10T23:24:17.673+0000] {logging_mixin.py:188} INFO - [2026-08-10T23:24:17.672+0000] {dag.py:3036} INFO - Sync 2 DAGs
[2026-08-10T23:24:17.684+0000] {logging_mixin.py:188} INFO - [2026-08-10T23:24:17.684+0000] {dag.py:3823} INFO - Setting next_dagrun for example_external_task_marker_child to None, run_after=None
[2026-08-10T23:24:17.688+0000] {logging_mixin.py:188} INFO - [2026-08-10T23:24:17.688+0000] {dag.py:3823} INFO - Setting next_dagrun for example_external_task_marker_parent to None, run_after=None
[2026-08-10T23:24:17.704+0000] {processor.py:183} INFO - Processing /home/airflow/.local/lib/python3.8/site-packages/airflow/example_dags/example_external_task_marker_dag.py took 0.070 seconds
[2026-08-10T23:24:47.742+0000] {processor.py:161} INFO - Started process (PID=3475) to work on /home/airflow/.local/lib/python3.8/site-packages/airflow/example_dags/example_external_task_marker_dag.py
[2026-08-10T23:24:47.743+0000] {processor.py:830} INFO - Processing file /home/airflow/.local/lib/python3.8/site-packages/airflow/example_dags/example_external_task_marker_dag.py for tasks to queue
[2026-08-10T23:24:47.744+0000] {logging_mixin.py:188} INFO - [2026-08-10T23:24:47.744+0000] {dagbag.py:538} INFO - Filling up the DagBag from /home/airflow/.local/lib/python3.8/site-packages/airflow/example_dags/example_external_task_marker_dag.py
[2026-08-10T23:24:47.752+0000] {processor.py:840} INFO - DAG(s) 'example_external_task_marker_parent', 'example_external_task_marker_child' retrieved from /home/airflow/.local/lib/python3.8/site-packages/airflow/example_dags/example_external_task_marker_dag.py
[2026-08-10T23:24:47.777+0000] {logging_mixin.py:188} INFO - [2026-08-10T23:24:47.777+0000] {dag.py:3036} INFO - Sync 2 DAGs
[2026-08-10T23:24:47.789+0000] {logging_mixin.py:188} INFO - [2026-08-10T23:24:47.789+0000] {dag.py:3823} INFO - Setting next_dagrun for example_external_task_marker_child to None, run_after=None
[2026-08-10T23:24:47.793+0000] {logging_mixin.py:188} INFO - [2026-08-10T23:24:47.793+0000] {dag.py:3823} INFO - Setting next_dagrun for example_external_task_marker_parent to None, run_after=None
[2026-08-10T23:24:47.810+0000] {processor.py:183} INFO - Processing /home/airflow/.local/lib/python3.8/site-packages/airflow/example_dags/example_external_task_marker_dag.py took 0.071 seconds
