[2026-08-10T23:01:39.435+0000] {processor.py:161} INFO - Started process (PID=153) to work on /home/airflow/.local/lib/python3.8/site-packages/airflow/example_dags/example_params_trigger_ui.py
[2026-08-10T23:01:39.438+0000] {processor.py:830} INFO - Processing file /home/airflow/.local/lib/python3.8/site-packages/airflow/example_dags/example_params_trigger_ui.py for tasks to queue
[2026-08-10T23:01:39.442+0000] {logging_mixin.py:188} INFO - [2026-08-10T23:01:39.441+0000] {dagbag.py:538} INFO - Filling up the DagBag from /home/airflow/.local/lib/python3.8/site-packages/airflow/example_dags/example_params_trigger_ui.py
[2026-08-10T23:01:39.474+0000] {processor.py:840} INFO - DAG(s) 'example_params_trigger_ui' retrieved from /home/airflow/.local/lib/python3.8/site-packages/airflow/example_dags/example_params_trigger_ui.py
[2026-08-10T23:01:39.828+0000] {logging_mixin.py:188} INFO - [2026-08-10T23:01:39.828+0000] {dag.py:3036} INFO - Sync 1 DAGs
[2026-08-10T23:01:39.893+0000] {logging_mixin.py:188} INFO - [2026-08-10T23:01:39.892+0000] {dag.py:3823} INFO - Setting next_dagrun for example_params_trigger_ui to None, run_after=None
[2026-08-10T23:01:39.989+0000] {processor.py:183} INFO - Processing /home/airflow/.local/lib/python3.8/site-packages/airflow/example_dags/example_params_trigger_ui.py took 0.564 seconds
[2026-08-10T23:02:10.182+0000] {processor.py:161} INFO - Started process (PID=230) to work on /home/airflow/.local/lib/python3.8/site-packages/airflow/example_dags/example_params_trigger_ui.py
[2026-08-10T23:02:10.184+0000] {processor.py:830} INFO - Processing file /home/airflow/.local/lib/python3.8/site-packages/airflow/example_dags/example_params_trigger_ui.py for tasks to queue
[2026-08-10T23:02:10.189+0000] {logging_mixin.py:188} INFO - [2026-08-10T23:02:10.188+0000] {dagbag.py:538} INFO - Filling up the DagBag from /home/airflow/.local/lib/python3.8/site-packages/airflow/example_dags/example_params_trigger_ui.py
[2026-08-10T23:02:10.221+0000] {processor.py:840} INFO - DAG(s) 'example_params_trigger_ui' retrieved from /home/airflow/.local/lib/python3.8/site-packages/airflow/example_dags/example_params_trigger_ui.py
[2026-08-10T23:02:10.255+0000] {logging_mixin.py:188} INFO - [2026-08-10T23:02:10.254+0000] {dag.py:3036} INFO - Sync 1 DAGs
[2026-08-10T23:02:10.284+0000] {logging_mixin.py:188} INFO - [2026-08-10T23:02:10.284+0000] {dag.py:3823} INFO - Setting next_dagrun for example_params_trigger_ui to None, run_after=None
[2026-08-10T23:02:10.333+0000] {processor.py:183} INFO - Processing /home/airflow/.local/lib/python3.8/site-packages/airflow/example_dags/example_params_trigger_ui.py took 0.159 seconds
[2026-08-10T23:02:40.930+0000] {processor.py:161} INFO - Started process (PID=301) to work on /home/airflow/.local/lib/python3.8/site-packages/airflow/example_dags/example_params_trigger_ui.py
[2026-08-10T23:02:40.932+0000] {processor.py:830} INFO - Processing file /home/airflow/.local/lib/python3.8/site-packages/airflow/example_dags/example_params_trigger_ui.py for tasks to queue
[2026-08-10T23:02:40.940+0000] {logging_mixin.py:188} INFO - [2026-08-10T23:02:40.935+0000] {dagbag.py:538} INFO - Filling up the DagBag from /home/airflow/.local/lib/python3.8/site-packages/airflow/example_dags/example_params_trigger_ui.py
[2026-08-10T23:02:40.971+0000] {processor.py:840} INFO - DAG(s) 'example_params_trigger_ui' retrieved from /home/airflow/.local/lib/python3.8/site-packages/airflow/example_dags/example_params_trigger_ui.py
[2026-08-10T23:02:40.995+0000] {logging_mixin.py:188} INFO - [2026-08-10T23:02:40.995+0000] {dag.py:3036} INFO - Sync 1 DAGs
[2026-08-10T23:02:41.030+0000] {logging_mixin.py:188} INFO - [2026-08-10T23:02:41.029+0000] {dag.py:3823} INFO - Setting next_dagrun for example_params_trigger_ui to None, run_after=None
[2026-08-10T23:02:41.078+0000] {processor.py:183} INFO - Processing /home/airflow/.local/lib/python3.8/site-packages/airflow/example_dags/example_params_trigger_ui.py took 0.154 seconds
[2026-08-10T23:03:11.322+0000] {processor.py:161} INFO - Started process (PID=374) to work on /home/airflow/.local/lib/python3.8/site-packages/airflow/example_dags/example_params_trigger_ui.py
[2026-08-10T23:03:11.323+0000] {processor.py:830} INFO - Processing file /home/airflow/.local/lib/python3.8/site-packages/airflow/example_dags/example_params_trigger_ui.py for tasks to queue
[2026-08-10T23:03:11.325+0000] {logging_mixin.py:188} INFO - [2026-08-10T23:03:11.325+0000] {dagbag.py:538} INFO - Filling up the DagBag from /home/airflow/.local/lib/python3.8/site-packages/airflow/example_dags/example_params_trigger_ui.py
[2026-08-10T23:03:11.344+0000] {processor.py:840} INFO - DAG(s) 'example_params_trigger_ui' retrieved from /home/airflow/.local/lib/python3.8/site-packages/airflow/example_dags/example_params_trigger_ui.py
[2026-08-10T23:03:11.462+0000] {logging_mixin.py:188} INFO - [2026-08-10T23:03:11.462+0000] {dag.py:3036} INFO - Sync 1 DAGs
[2026-08-10T23:03:11.472+0000] {logging_mixin.py:188} INFO - [2026-08-10T23:03:11.472+0000] {dag.py:3823} INFO - Setting next_dagrun for example_params_trigger_ui to None, run_after=None
[2026-08-10T23:03:11.495+0000] {processor.py:183} INFO - Processing /home/airflow/.local/lib/python3.8/site-packages/airflow/example_dags/example_params_trigger_ui.py took 0.177 seconds
[2026-08-10T23:03:42.194+0000] {processor.py:161} INFO - Started process (PID=453) to work on /home/airflow/.local/lib/python3.8/site-packages/airflow/example_dags/example_params_trigger_ui.py
[2026-08-10T23:03:42.197+0000] {processor.py:830} INFO - Processing file /home/airflow/.local/lib/python3.8/site-packages/airflow/example_dags/example_params_trigger_ui.py for tasks to queue
[2026-08-10T23:03:42.203+0000] {logging_mixin.py:188} INFO - [2026-08-10T23:03:42.203+0000] {dagbag.py:538} INFO - Filling up the DagBag from /home/airflow/.local/lib/python3.8/site-packages/airflow/example_dags/example_params_trigger_ui.py
[2026-08-10T23:03:42.230+0000] {processor.py:840} INFO - DAG(s) 'example_params_trigger_ui' retrieved from /home/airflow/.local/lib/python3.8/site-packages/airflow/example_dags/example_params_trigger_ui.py
[2026-08-10T23:03:42.289+0000] {logging_mixin.py:188} INFO - [2026-08-10T23:03:42.288+0000] {dag.py:3036} INFO - Sync 1 DAGs
[2026-08-10T23:03:42.306+0000] {logging_mixin.py:188} INFO - [2026-08-10T23:03:42.305+0000] {dag.py:3823} INFO - Setting next_dagrun for example_params_trigger_ui to None, run_after=None
[2026-08-10T23:03:42.349+0000] {processor.py:183} INFO - Processing /home/airflow/.local/lib/python3.8/site-packages/airflow/example_dags/example_params_trigger_ui.py took 0.158 seconds
[2026-08-10T23:04:12.491+0000] {processor.py:161} INFO - Started process (PID=526) to work on /home/airflow/.local/lib/python3.8/site-packages/airflow/example_dags/example_params_trigger_ui.py
[2026-08-10T23:04:12.492+0000] {processor.py:830} INFO - Processing file /home/airflow/.local/lib/python3.8/site-packages/airflow/example_dags/example_params_trigger_ui.py for tasks to queue
[2026-08-10T23:04:12.495+0000] {logging_mixin.py:188} INFO - [2026-08-10T23:04:12.494+0000] {dagbag.py:538} INFO - Filling up the DagBag from /home/airflow/.local/lib/python3.8/site-packages/airflow/example_dags/example_params_trigger_ui.py
[2026-08-10T23:04:12.509+0000] {processor.py:840} INFO - DAG(s) 'example_params_trigger_ui' retrieved from /home/airflow/.local/lib/python3.8/site-packages/airflow/example_dags/example_params_trigger_ui.py
[2026-08-10T23:04:12.559+0000] {logging_mixin.py:188} INFO - [2026-08-10T23:04:12.559+0000] {dag.py:3036} INFO - Sync 1 DAGs
[2026-08-10T23:04:12.573+0000] {logging_mixin.py:188} INFO - [2026-08-10T23:04:12.572+0000] {dag.py:3823} INFO - Setting next_dagrun for example_params_trigger_ui to None, run_after=None
[2026-08-10T23:04:12.594+0000] {processor.py:183} INFO - Processing /home/airflow/.local/lib/python3.8/site-packages/airflow/example_dags/example_params_trigger_ui.py took 0.107 seconds
[2026-08-10T23:04:43.538+0000] {processor.py:161} INFO - Started process (PID=598) to work on /home/airflow/.local/lib/python3.8/site-packages/airflow/example_dags/example_params_trigger_ui.py
[2026-08-10T23:04:43.540+0000] {processor.py:830} INFO - Processing file /home/airflow/.local/lib/python3.8/site-packages/airflow/example_dags/example_params_trigger_ui.py for tasks to queue
[2026-08-10T23:04:43.542+0000] {logging_mixin.py:188} INFO - [2026-08-10T23:04:43.542+0000] {dagbag.py:538} INFO - Filling up the DagBag from /home/airflow/.local/lib/python3.8/site-packages/airflow/example_dags/example_params_trigger_ui.py
[2026-08-10T23:04:43.560+0000] {processor.py:840} INFO - DAG(s) 'example_params_trigger_ui' retrieved from /home/airflow/.local/lib/python3.8/site-packages/airflow/example_dags/example_params_trigger_ui.py
[2026-08-10T23:04:43.615+0000] {logging_mixin.py:188} INFO - [2026-08-10T23:04:43.614+0000] {dag.py:3036} INFO - Sync 1 DAGs
[2026-08-10T23:04:43.633+0000] {logging_mixin.py:188} INFO - [2026-08-10T23:04:43.631+0000] {dag.py:3823} INFO - Setting next_dagrun for example_params_trigger_ui to None, run_after=None
[2026-08-10T23:04:43.657+0000] {processor.py:183} INFO - Processing /home/airflow/.local/lib/python3.8/site-packages/airflow/example_dags/example_params_trigger_ui.py took 0.122 seconds
[2026-08-10T23:05:14.093+0000] {processor.py:161} INFO - Started process (PID=670) to work on /home/airflow/.local/lib/python3.8/site-packages/airflow/example_dags/example_params_trigger_ui.py
[2026-08-10T23:05:14.095+0000] {processor.py:830} INFO - Processing file /home/airflow/.local/lib/python3.8/site-packages/airflow/example_dags/example_params_trigger_ui.py for tasks to queue
[2026-08-10T23:05:14.099+0000] {logging_mixin.py:188} INFO - [2026-08-10T23:05:14.098+0000] {dagbag.py:538} INFO - Filling up the DagBag from /home/airflow/.local/lib/python3.8/site-packages/airflow/example_dags/example_params_trigger_ui.py
[2026-08-10T23:05:14.125+0000] {processor.py:840} INFO - DAG(s) 'example_params_trigger_ui' retrieved from /home/airflow/.local/lib/python3.8/site-packages/airflow/example_dags/example_params_trigger_ui.py
[2026-08-10T23:05:14.286+0000] {logging_mixin.py:188} INFO - [2026-08-10T23:05:14.285+0000] {dag.py:3036} INFO - Sync 1 DAGs
[2026-08-10T23:05:14.316+0000] {logging_mixin.py:188} INFO - [2026-08-10T23:05:14.316+0000] {dag.py:3823} INFO - Setting next_dagrun for example_params_trigger_ui to None, run_after=None
[2026-08-10T23:05:14.344+0000] {processor.py:183} INFO - Processing /home/airflow/.local/lib/python3.8/site-packages/airflow/example_dags/example_params_trigger_ui.py took 0.257 seconds
[2026-08-10T23:05:44.422+0000] {processor.py:161} INFO - Started process (PID=742) to work on /home/airflow/.local/lib/python3.8/site-packages/airflow/example_dags/example_params_trigger_ui.py
[2026-08-10T23:05:44.423+0000] {processor.py:830} INFO - Processing file /home/airflow/.local/lib/python3.8/site-packages/airflow/example_dags/example_params_trigger_ui.py for tasks to queue
[2026-08-10T23:05:44.425+0000] {logging_mixin.py:188} INFO - [2026-08-10T23:05:44.425+0000] {dagbag.py:538} INFO - Filling up the DagBag from /home/airflow/.local/lib/python3.8/site-packages/airflow/example_dags/example_params_trigger_ui.py
[2026-08-10T23:05:44.441+0000] {processor.py:840} INFO - DAG(s) 'example_params_trigger_ui' retrieved from /home/airflow/.local/lib/python3.8/site-packages/airflow/example_dags/example_params_trigger_ui.py
[2026-08-10T23:05:44.490+0000] {logging_mixin.py:188} INFO - [2026-08-10T23:05:44.490+0000] {dag.py:3036} INFO - Sync 1 DAGs
[2026-08-10T23:05:44.504+0000] {logging_mixin.py:188} INFO - [2026-08-10T23:05:44.504+0000] {dag.py:3823} INFO - Setting next_dagrun for example_params_trigger_ui to None, run_after=None
[2026-08-10T23:05:44.532+0000] {processor.py:183} INFO - Processing /home/airflow/.local/lib/python3.8/site-packages/airflow/example_dags/example_params_trigger_ui.py took 0.114 seconds
[2026-08-10T23:06:14.604+0000] {processor.py:161} INFO - Started process (PID=814) to work on /home/airflow/.local/lib/python3.8/site-packages/airflow/example_dags/example_params_trigger_ui.py
[2026-08-10T23:06:14.607+0000] {processor.py:830} INFO - Processing file /home/airflow/.local/lib/python3.8/site-packages/airflow/example_dags/example_params_trigger_ui.py for tasks to queue
[2026-08-10T23:06:14.611+0000] {logging_mixin.py:188} INFO - [2026-08-10T23:06:14.610+0000] {dagbag.py:538} INFO - Filling up the DagBag from /home/airflow/.local/lib/python3.8/site-packages/airflow/example_dags/example_params_trigger_ui.py
[2026-08-10T23:06:14.633+0000] {processor.py:840} INFO - DAG(s) 'example_params_trigger_ui' retrieved from /home/airflow/.local/lib/python3.8/site-packages/airflow/example_dags/example_params_trigger_ui.py
[2026-08-10T23:06:14.711+0000] {logging_mixin.py:188} INFO - [2026-08-10T23:06:14.711+0000] {dag.py:3036} INFO - Sync 1 DAGs
[2026-08-10T23:06:14.732+0000] {logging_mixin.py:188} INFO - [2026-08-10T23:06:14.732+0000] {dag.py:3823} INFO - Setting next_dagrun for example_params_trigger_ui to None, run_after=None
[2026-08-10T23:06:14.767+0000] {processor.py:183} INFO - Processing /home/airflow/.local/lib/python3.8/site-packages/airflow/example_dags/example_params_trigger_ui.py took 0.169 seconds
[2026-08-10T23:06:45.517+0000] {processor.py:161} INFO - Started process (PID=887) to work on /home/airflow/.local/lib/python3.8/site-packages/airflow/example_dags/example_params_trigger_ui.py
[2026-08-10T23:06:45.518+0000] {processor.py:830} INFO - Processing file /home/airflow/.local/lib/python3.8/site-packages/airflow/example_dags/example_params_trigger_ui.py for tasks to queue
[2026-08-10T23:06:45.520+0000] {logging_mixin.py:188} INFO - [2026-08-10T23:06:45.520+0000] {dagbag.py:538} INFO - Filling up the DagBag from /home/airflow/.local/lib/python3.8/site-packages/airflow/example_dags/example_params_trigger_ui.py
[2026-08-10T23:06:45.537+0000] {processor.py:840} INFO - DAG(s) 'example_params_trigger_ui' retrieved from /home/airflow/.local/lib/python3.8/site-packages/airflow/example_dags/example_params_trigger_ui.py
[2026-08-10T23:06:45.592+0000] {logging_mixin.py:188} INFO - [2026-08-10T23:06:45.592+0000] {dag.py:3036} INFO - Sync 1 DAGs
[2026-08-10T23:06:45.606+0000] {logging_mixin.py:188} INFO - [2026-08-10T23:06:45.606+0000] {dag.py:3823} INFO - Setting next_dagrun for example_params_trigger_ui to None, run_after=None
[2026-08-10T23:06:45.630+0000] {processor.py:183} INFO - Processing /home/airflow/.local/lib/python3.8/site-packages/airflow/example_dags/example_params_trigger_ui.py took 0.117 seconds
[2026-08-10T23:07:16.023+0000] {processor.py:161} INFO - Started process (PID=959) to work on /home/airflow/.local/lib/python3.8/site-packages/airflow/example_dags/example_params_trigger_ui.py
[2026-08-10T23:07:16.026+0000] {processor.py:830} INFO - Processing file /home/airflow/.local/lib/python3.8/site-packages/airflow/example_dags/example_params_trigger_ui.py for tasks to queue
[2026-08-10T23:07:16.030+0000] {logging_mixin.py:188} INFO - [2026-08-10T23:07:16.029+0000] {dagbag.py:538} INFO - Filling up the DagBag from /home/airflow/.local/lib/python3.8/site-packages/airflow/example_dags/example_params_trigger_ui.py
[2026-08-10T23:07:16.056+0000] {processor.py:840} INFO - DAG(s) 'example_params_trigger_ui' retrieved from /home/airflow/.local/lib/python3.8/site-packages/airflow/example_dags/example_params_trigger_ui.py
[2026-08-10T23:07:16.141+0000] {logging_mixin.py:188} INFO - [2026-08-10T23:07:16.140+0000] {dag.py:3036} INFO - Sync 1 DAGs
[2026-08-10T23:07:16.161+0000] {logging_mixin.py:188} INFO - [2026-08-10T23:07:16.161+0000] {dag.py:3823} INFO - Setting next_dagrun for example_params_trigger_ui to None, run_after=None
[2026-08-10T23:07:16.199+0000] {processor.py:183} INFO - Processing /home/airflow/.local/lib/python3.8/site-packages/airflow/example_dags/example_params_trigger_ui.py took 0.184 seconds
[2026-08-10T23:07:47.190+0000] {processor.py:161} INFO - Started process (PID=1031) to work on /home/airflow/.local/lib/python3.8/site-packages/airflow/example_dags/example_params_trigger_ui.py
[2026-08-10T23:07:47.195+0000] {processor.py:830} INFO - Processing file /home/airflow/.local/lib/python3.8/site-packages/airflow/example_dags/example_params_trigger_ui.py for tasks to queue
[2026-08-10T23:07:47.201+0000] {logging_mixin.py:188} INFO - [2026-08-10T23:07:47.201+0000] {dagbag.py:538} INFO - Filling up the DagBag from /home/airflow/.local/lib/python3.8/site-packages/airflow/example_dags/example_params_trigger_ui.py
[2026-08-10T23:07:47.241+0000] {processor.py:840} INFO - DAG(s) 'example_params_trigger_ui' retrieved from /home/airflow/.local/lib/python3.8/site-packages/airflow/example_dags/example_params_trigger_ui.py
[2026-08-10T23:07:47.402+0000] {logging_mixin.py:188} INFO - [2026-08-10T23:07:47.401+0000] {dag.py:3036} INFO - Sync 1 DAGs
[2026-08-10T23:07:47.451+0000] {logging_mixin.py:188} INFO - [2026-08-10T23:07:47.450+0000] {dag.py:3823} INFO - Setting next_dagrun for example_params_trigger_ui to None, run_after=None
[2026-08-10T23:07:47.546+0000] {processor.py:183} INFO - Processing /home/airflow/.local/lib/python3.8/site-packages/airflow/example_dags/example_params_trigger_ui.py took 0.366 seconds
[2026-08-10T23:08:18.298+0000] {processor.py:161} INFO - Started process (PID=1103) to work on /home/airflow/.local/lib/python3.8/site-packages/airflow/example_dags/example_params_trigger_ui.py
[2026-08-10T23:08:18.302+0000] {processor.py:830} INFO - Processing file /home/airflow/.local/lib/python3.8/site-packages/airflow/example_dags/example_params_trigger_ui.py for tasks to queue
[2026-08-10T23:08:18.307+0000] {logging_mixin.py:188} INFO - [2026-08-10T23:08:18.307+0000] {dagbag.py:538} INFO - Filling up the DagBag from /home/airflow/.local/lib/python3.8/site-packages/airflow/example_dags/example_params_trigger_ui.py
[2026-08-10T23:08:18.335+0000] {processor.py:840} INFO - DAG(s) 'example_params_trigger_ui' retrieved from /home/airflow/.local/lib/python3.8/site-packages/airflow/example_dags/example_params_trigger_ui.py
[2026-08-10T23:08:18.409+0000] {logging_mixin.py:188} INFO - [2026-08-10T23:08:18.408+0000] {dag.py:3036} INFO - Sync 1 DAGs
[2026-08-10T23:08:18.424+0000] {logging_mixin.py:188} INFO - [2026-08-10T23:08:18.424+0000] {dag.py:3823} INFO - Setting next_dagrun for example_params_trigger_ui to None, run_after=None
[2026-08-10T23:08:18.490+0000] {processor.py:183} INFO - Processing /home/airflow/.local/lib/python3.8/site-packages/airflow/example_dags/example_params_trigger_ui.py took 0.198 seconds
[2026-08-10T23:08:48.754+0000] {processor.py:161} INFO - Started process (PID=1175) to work on /home/airflow/.local/lib/python3.8/site-packages/airflow/example_dags/example_params_trigger_ui.py
[2026-08-10T23:08:48.756+0000] {processor.py:830} INFO - Processing file /home/airflow/.local/lib/python3.8/site-packages/airflow/example_dags/example_params_trigger_ui.py for tasks to queue
[2026-08-10T23:08:48.759+0000] {logging_mixin.py:188} INFO - [2026-08-10T23:08:48.758+0000] {dagbag.py:538} INFO - Filling up the DagBag from /home/airflow/.local/lib/python3.8/site-packages/airflow/example_dags/example_params_trigger_ui.py
[2026-08-10T23:08:48.777+0000] {processor.py:840} INFO - DAG(s) 'example_params_trigger_ui' retrieved from /home/airflow/.local/lib/python3.8/site-packages/airflow/example_dags/example_params_trigger_ui.py
[2026-08-10T23:08:48.855+0000] {logging_mixin.py:188} INFO - [2026-08-10T23:08:48.855+0000] {dag.py:3036} INFO - Sync 1 DAGs
[2026-08-10T23:08:48.872+0000] {logging_mixin.py:188} INFO - [2026-08-10T23:08:48.871+0000] {dag.py:3823} INFO - Setting next_dagrun for example_params_trigger_ui to None, run_after=None
[2026-08-10T23:08:48.969+0000] {processor.py:183} INFO - Processing /home/airflow/.local/lib/python3.8/site-packages/airflow/example_dags/example_params_trigger_ui.py took 0.223 seconds
[2026-08-10T23:09:19.562+0000] {processor.py:161} INFO - Started process (PID=1247) to work on /home/airflow/.local/lib/python3.8/site-packages/airflow/example_dags/example_params_trigger_ui.py
[2026-08-10T23:09:19.573+0000] {processor.py:830} INFO - Processing file /home/airflow/.local/lib/python3.8/site-packages/airflow/example_dags/example_params_trigger_ui.py for tasks to queue
[2026-08-10T23:09:19.580+0000] {logging_mixin.py:188} INFO - [2026-08-10T23:09:19.579+0000] {dagbag.py:538} INFO - Filling up the DagBag from /home/airflow/.local/lib/python3.8/site-packages/airflow/example_dags/example_params_trigger_ui.py
[2026-08-10T23:09:19.638+0000] {processor.py:840} INFO - DAG(s) 'example_params_trigger_ui' retrieved from /home/airflow/.local/lib/python3.8/site-packages/airflow/example_dags/example_params_trigger_ui.py
[2026-08-10T23:09:19.810+0000] {logging_mixin.py:188} INFO - [2026-08-10T23:09:19.809+0000] {dag.py:3036} INFO - Sync 1 DAGs
[2026-08-10T23:09:19.845+0000] {logging_mixin.py:188} INFO - [2026-08-10T23:09:19.844+0000] {dag.py:3823} INFO - Setting next_dagrun for example_params_trigger_ui to None, run_after=None
[2026-08-10T23:09:19.941+0000] {processor.py:183} INFO - Processing /home/airflow/.local/lib/python3.8/site-packages/airflow/example_dags/example_params_trigger_ui.py took 0.394 seconds
[2026-08-10T23:09:50.254+0000] {processor.py:161} INFO - Started process (PID=1318) to work on /home/airflow/.local/lib/python3.8/site-packages/airflow/example_dags/example_params_trigger_ui.py
[2026-08-10T23:09:50.256+0000] {processor.py:830} INFO - Processing file /home/airflow/.local/lib/python3.8/site-packages/airflow/example_dags/example_params_trigger_ui.py for tasks to queue
[2026-08-10T23:09:50.259+0000] {logging_mixin.py:188} INFO - [2026-08-10T23:09:50.259+0000] {dagbag.py:538} INFO - Filling up the DagBag from /home/airflow/.local/lib/python3.8/site-packages/airflow/example_dags/example_params_trigger_ui.py
[2026-08-10T23:09:50.281+0000] {processor.py:840} INFO - DAG(s) 'example_params_trigger_ui' retrieved from /home/airflow/.local/lib/python3.8/site-packages/airflow/example_dags/example_params_trigger_ui.py
[2026-08-10T23:09:50.344+0000] {logging_mixin.py:188} INFO - [2026-08-10T23:09:50.343+0000] {dag.py:3036} INFO - Sync 1 DAGs
[2026-08-10T23:09:50.363+0000] {logging_mixin.py:188} INFO - [2026-08-10T23:09:50.363+0000] {dag.py:3823} INFO - Setting next_dagrun for example_params_trigger_ui to None, run_after=None
[2026-08-10T23:09:50.658+0000] {processor.py:183} INFO - Processing /home/airflow/.local/lib/python3.8/site-packages/airflow/example_dags/example_params_trigger_ui.py took 0.409 seconds
[2026-08-10T23:10:20.816+0000] {processor.py:161} INFO - Started process (PID=1394) to work on /home/airflow/.local/lib/python3.8/site-packages/airflow/example_dags/example_params_trigger_ui.py
[2026-08-10T23:10:20.817+0000] {processor.py:830} INFO - Processing file /home/airflow/.local/lib/python3.8/site-packages/airflow/example_dags/example_params_trigger_ui.py for tasks to queue
[2026-08-10T23:10:20.821+0000] {logging_mixin.py:188} INFO - [2026-08-10T23:10:20.820+0000] {dagbag.py:538} INFO - Filling up the DagBag from /home/airflow/.local/lib/python3.8/site-packages/airflow/example_dags/example_params_trigger_ui.py
[2026-08-10T23:10:20.841+0000] {processor.py:840} INFO - DAG(s) 'example_params_trigger_ui' retrieved from /home/airflow/.local/lib/python3.8/site-packages/airflow/example_dags/example_params_trigger_ui.py
[2026-08-10T23:10:20.921+0000] {logging_mixin.py:188} INFO - [2026-08-10T23:10:20.921+0000] {dag.py:3036} INFO - Sync 1 DAGs
[2026-08-10T23:10:20.946+0000] {logging_mixin.py:188} INFO - [2026-08-10T23:10:20.945+0000] {dag.py:3823} INFO - Setting next_dagrun for example_params_trigger_ui to None, run_after=None
[2026-08-10T23:10:21.030+0000] {processor.py:183} INFO - Processing /home/airflow/.local/lib/python3.8/site-packages/airflow/example_dags/example_params_trigger_ui.py took 0.219 seconds
[2026-08-10T23:10:51.113+0000] {processor.py:161} INFO - Started process (PID=1466) to work on /home/airflow/.local/lib/python3.8/site-packages/airflow/example_dags/example_params_trigger_ui.py
[2026-08-10T23:10:51.114+0000] {processor.py:830} INFO - Processing file /home/airflow/.local/lib/python3.8/site-packages/airflow/example_dags/example_params_trigger_ui.py for tasks to queue
[2026-08-10T23:10:51.118+0000] {logging_mixin.py:188} INFO - [2026-08-10T23:10:51.118+0000] {dagbag.py:538} INFO - Filling up the DagBag from /home/airflow/.local/lib/python3.8/site-packages/airflow/example_dags/example_params_trigger_ui.py
[2026-08-10T23:10:51.136+0000] {processor.py:840} INFO - DAG(s) 'example_params_trigger_ui' retrieved from /home/airflow/.local/lib/python3.8/site-packages/airflow/example_dags/example_params_trigger_ui.py
[2026-08-10T23:10:51.190+0000] {logging_mixin.py:188} INFO - [2026-08-10T23:10:51.190+0000] {dag.py:3036} INFO - Sync 1 DAGs
[2026-08-10T23:10:51.209+0000] {logging_mixin.py:188} INFO - [2026-08-10T23:10:51.209+0000] {dag.py:3823} INFO - Setting next_dagrun for example_params_trigger_ui to None, run_after=None
[2026-08-10T23:10:51.231+0000] {processor.py:183} INFO - Processing /home/airflow/.local/lib/python3.8/site-packages/airflow/example_dags/example_params_trigger_ui.py took 0.123 seconds
[2026-08-10T23:11:21.670+0000] {processor.py:161} INFO - Started process (PID=1535) to work on /home/airflow/.local/lib/python3.8/site-packages/airflow/example_dags/example_params_trigger_ui.py
[2026-08-10T23:11:21.672+0000] {processor.py:830} INFO - Processing file /home/airflow/.local/lib/python3.8/site-packages/airflow/example_dags/example_params_trigger_ui.py for tasks to queue
[2026-08-10T23:11:21.674+0000] {logging_mixin.py:188} INFO - [2026-08-10T23:11:21.674+0000] {dagbag.py:538} INFO - Filling up the DagBag from /home/airflow/.local/lib/python3.8/site-packages/airflow/example_dags/example_params_trigger_ui.py
[2026-08-10T23:11:21.693+0000] {processor.py:840} INFO - DAG(s) 'example_params_trigger_ui' retrieved from /home/airflow/.local/lib/python3.8/site-packages/airflow/example_dags/example_params_trigger_ui.py
[2026-08-10T23:11:21.757+0000] {logging_mixin.py:188} INFO - [2026-08-10T23:11:21.756+0000] {dag.py:3036} INFO - Sync 1 DAGs
[2026-08-10T23:11:21.777+0000] {logging_mixin.py:188} INFO - [2026-08-10T23:11:21.776+0000] {dag.py:3823} INFO - Setting next_dagrun for example_params_trigger_ui to None, run_after=None
[2026-08-10T23:11:21.839+0000] {processor.py:183} INFO - Processing /home/airflow/.local/lib/python3.8/site-packages/airflow/example_dags/example_params_trigger_ui.py took 0.174 seconds
[2026-08-10T23:11:52.189+0000] {processor.py:161} INFO - Started process (PID=1606) to work on /home/airflow/.local/lib/python3.8/site-packages/airflow/example_dags/example_params_trigger_ui.py
[2026-08-10T23:11:52.190+0000] {processor.py:830} INFO - Processing file /home/airflow/.local/lib/python3.8/site-packages/airflow/example_dags/example_params_trigger_ui.py for tasks to queue
[2026-08-10T23:11:52.191+0000] {logging_mixin.py:188} INFO - [2026-08-10T23:11:52.191+0000] {dagbag.py:538} INFO - Filling up the DagBag from /home/airflow/.local/lib/python3.8/site-packages/airflow/example_dags/example_params_trigger_ui.py
[2026-08-10T23:11:52.207+0000] {processor.py:840} INFO - DAG(s) 'example_params_trigger_ui' retrieved from /home/airflow/.local/lib/python3.8/site-packages/airflow/example_dags/example_params_trigger_ui.py
[2026-08-10T23:11:52.258+0000] {logging_mixin.py:188} INFO - [2026-08-10T23:11:52.258+0000] {dag.py:3036} INFO - Sync 1 DAGs
[2026-08-10T23:11:52.272+0000] {logging_mixin.py:188} INFO - [2026-08-10T23:11:52.271+0000] {dag.py:3823} INFO - Setting next_dagrun for example_params_trigger_ui to None, run_after=None
[2026-08-10T23:11:52.331+0000] {processor.py:183} INFO - Processing /home/airflow/.local/lib/python3.8/site-packages/airflow/example_dags/example_params_trigger_ui.py took 0.146 seconds
[2026-08-10T23:12:22.778+0000] {processor.py:161} INFO - Started process (PID=1679) to work on /home/airflow/.local/lib/python3.8/site-packages/airflow/example_dags/example_params_trigger_ui.py
[2026-08-10T23:12:22.781+0000] {processor.py:830} INFO - Processing file /home/airflow/.local/lib/python3.8/site-packages/airflow/example_dags/example_params_trigger_ui.py for tasks to queue
[2026-08-10T23:12:22.785+0000] {logging_mixin.py:188} INFO - [2026-08-10T23:12:22.783+0000] {dagbag.py:538} INFO - Filling up the DagBag from /home/airflow/.local/lib/python3.8/site-packages/airflow/example_dags/example_params_trigger_ui.py
[2026-08-10T23:12:22.824+0000] {processor.py:840} INFO - DAG(s) 'example_params_trigger_ui' retrieved from /home/airflow/.local/lib/python3.8/site-packages/airflow/example_dags/example_params_trigger_ui.py
[2026-08-10T23:12:22.933+0000] {logging_mixin.py:188} INFO - [2026-08-10T23:12:22.933+0000] {dag.py:3036} INFO - Sync 1 DAGs
[2026-08-10T23:12:22.961+0000] {logging_mixin.py:188} INFO - [2026-08-10T23:12:22.961+0000] {dag.py:3823} INFO - Setting next_dagrun for example_params_trigger_ui to None, run_after=None
[2026-08-10T23:12:23.004+0000] {processor.py:183} INFO - Processing /home/airflow/.local/lib/python3.8/site-packages/airflow/example_dags/example_params_trigger_ui.py took 0.234 seconds
[2026-08-10T23:12:54.040+0000] {processor.py:161} INFO - Started process (PID=1750) to work on /home/airflow/.local/lib/python3.8/site-packages/airflow/example_dags/example_params_trigger_ui.py
[2026-08-10T23:12:54.045+0000] {processor.py:830} INFO - Processing file /home/airflow/.local/lib/python3.8/site-packages/airflow/example_dags/example_params_trigger_ui.py for tasks to queue
[2026-08-10T23:12:54.047+0000] {logging_mixin.py:188} INFO - [2026-08-10T23:12:54.046+0000] {dagbag.py:538} INFO - Filling up the DagBag from /home/airflow/.local/lib/python3.8/site-packages/airflow/example_dags/example_params_trigger_ui.py
[2026-08-10T23:12:54.083+0000] {processor.py:840} INFO - DAG(s) 'example_params_trigger_ui' retrieved from /home/airflow/.local/lib/python3.8/site-packages/airflow/example_dags/example_params_trigger_ui.py
[2026-08-10T23:12:54.175+0000] {logging_mixin.py:188} INFO - [2026-08-10T23:12:54.174+0000] {dag.py:3036} INFO - Sync 1 DAGs
[2026-08-10T23:12:54.197+0000] {logging_mixin.py:188} INFO - [2026-08-10T23:12:54.196+0000] {dag.py:3823} INFO - Setting next_dagrun for example_params_trigger_ui to None, run_after=None
[2026-08-10T23:12:54.244+0000] {processor.py:183} INFO - Processing /home/airflow/.local/lib/python3.8/site-packages/airflow/example_dags/example_params_trigger_ui.py took 0.212 seconds
[2026-08-10T23:13:24.963+0000] {processor.py:161} INFO - Started process (PID=1840) to work on /home/airflow/.local/lib/python3.8/site-packages/airflow/example_dags/example_params_trigger_ui.py
[2026-08-10T23:13:24.971+0000] {processor.py:830} INFO - Processing file /home/airflow/.local/lib/python3.8/site-packages/airflow/example_dags/example_params_trigger_ui.py for tasks to queue
[2026-08-10T23:13:24.981+0000] {logging_mixin.py:188} INFO - [2026-08-10T23:13:24.980+0000] {dagbag.py:538} INFO - Filling up the DagBag from /home/airflow/.local/lib/python3.8/site-packages/airflow/example_dags/example_params_trigger_ui.py
[2026-08-10T23:13:25.050+0000] {processor.py:840} INFO - DAG(s) 'example_params_trigger_ui' retrieved from /home/airflow/.local/lib/python3.8/site-packages/airflow/example_dags/example_params_trigger_ui.py
[2026-08-10T23:13:25.272+0000] {logging_mixin.py:188} INFO - [2026-08-10T23:13:25.272+0000] {dag.py:3036} INFO - Sync 1 DAGs
[2026-08-10T23:13:25.311+0000] {logging_mixin.py:188} INFO - [2026-08-10T23:13:25.309+0000] {dag.py:3823} INFO - Setting next_dagrun for example_params_trigger_ui to None, run_after=None
[2026-08-10T23:13:25.365+0000] {processor.py:183} INFO - Processing /home/airflow/.local/lib/python3.8/site-packages/airflow/example_dags/example_params_trigger_ui.py took 0.428 seconds
[2026-08-10T23:13:55.656+0000] {processor.py:161} INFO - Started process (PID=1911) to work on /home/airflow/.local/lib/python3.8/site-packages/airflow/example_dags/example_params_trigger_ui.py
[2026-08-10T23:13:55.657+0000] {processor.py:830} INFO - Processing file /home/airflow/.local/lib/python3.8/site-packages/airflow/example_dags/example_params_trigger_ui.py for tasks to queue
[2026-08-10T23:13:55.658+0000] {logging_mixin.py:188} INFO - [2026-08-10T23:13:55.658+0000] {dagbag.py:538} INFO - Filling up the DagBag from /home/airflow/.local/lib/python3.8/site-packages/airflow/example_dags/example_params_trigger_ui.py
[2026-08-10T23:13:55.678+0000] {processor.py:840} INFO - DAG(s) 'example_params_trigger_ui' retrieved from /home/airflow/.local/lib/python3.8/site-packages/airflow/example_dags/example_params_trigger_ui.py
[2026-08-10T23:13:55.754+0000] {logging_mixin.py:188} INFO - [2026-08-10T23:13:55.754+0000] {dag.py:3036} INFO - Sync 1 DAGs
[2026-08-10T23:13:55.770+0000] {logging_mixin.py:188} INFO - [2026-08-10T23:13:55.769+0000] {dag.py:3823} INFO - Setting next_dagrun for example_params_trigger_ui to None, run_after=None
[2026-08-10T23:13:55.793+0000] {processor.py:183} INFO - Processing /home/airflow/.local/lib/python3.8/site-packages/airflow/example_dags/example_params_trigger_ui.py took 0.142 seconds
[2026-08-10T23:14:26.140+0000] {processor.py:161} INFO - Started process (PID=1982) to work on /home/airflow/.local/lib/python3.8/site-packages/airflow/example_dags/example_params_trigger_ui.py
[2026-08-10T23:14:26.141+0000] {processor.py:830} INFO - Processing file /home/airflow/.local/lib/python3.8/site-packages/airflow/example_dags/example_params_trigger_ui.py for tasks to queue
[2026-08-10T23:14:26.142+0000] {logging_mixin.py:188} INFO - [2026-08-10T23:14:26.142+0000] {dagbag.py:538} INFO - Filling up the DagBag from /home/airflow/.local/lib/python3.8/site-packages/airflow/example_dags/example_params_trigger_ui.py
[2026-08-10T23:14:26.155+0000] {processor.py:840} INFO - DAG(s) 'example_params_trigger_ui' retrieved from /home/airflow/.local/lib/python3.8/site-packages/airflow/example_dags/example_params_trigger_ui.py
[2026-08-10T23:14:26.201+0000] {logging_mixin.py:188} INFO - [2026-08-10T23:14:26.201+0000] {dag.py:3036} INFO - Sync 1 DAGs
[2026-08-10T23:14:26.214+0000] {logging_mixin.py:188} INFO - [2026-08-10T23:14:26.214+0000] {dag.py:3823} INFO - Setting next_dagrun for example_params_trigger_ui to None, run_after=None
[2026-08-10T23:14:26.236+0000] {processor.py:183} INFO - Processing /home/airflow/.local/lib/python3.8/site-packages/airflow/example_dags/example_params_trigger_ui.py took 0.099 seconds
[2026-08-10T23:14:56.307+0000] {processor.py:161} INFO - Started process (PID=2053) to work on /home/airflow/.local/lib/python3.8/site-packages/airflow/example_dags/example_params_trigger_ui.py
[2026-08-10T23:14:56.308+0000] {processor.py:830} INFO - Processing file /home/airflow/.local/lib/python3.8/site-packages/airflow/example_dags/example_params_trigger_ui.py for tasks to queue
[2026-08-10T23:14:56.309+0000] {logging_mixin.py:188} INFO - [2026-08-10T23:14:56.309+0000] {dagbag.py:538} INFO - Filling up the DagBag from /home/airflow/.local/lib/python3.8/site-packages/airflow/example_dags/example_params_trigger_ui.py
[2026-08-10T23:14:56.324+0000] {processor.py:840} INFO - DAG(s) 'example_params_trigger_ui' retrieved from /home/airflow/.local/lib/python3.8/site-packages/airflow/example_dags/example_params_trigger_ui.py
[2026-08-10T23:14:56.373+0000] {logging_mixin.py:188} INFO - [2026-08-10T23:14:56.372+0000] {dag.py:3036} INFO - Sync 1 DAGs
[2026-08-10T23:14:56.388+0000] {logging_mixin.py:188} INFO - [2026-08-10T23:14:56.387+0000] {dag.py:3823} INFO - Setting next_dagrun for example_params_trigger_ui to None, run_after=None
[2026-08-10T23:14:56.408+0000] {processor.py:183} INFO - Processing /home/airflow/.local/lib/python3.8/site-packages/airflow/example_dags/example_params_trigger_ui.py took 0.104 seconds
[2026-08-10T23:15:26.836+0000] {processor.py:161} INFO - Started process (PID=2133) to work on /home/airflow/.local/lib/python3.8/site-packages/airflow/example_dags/example_params_trigger_ui.py
[2026-08-10T23:15:26.837+0000] {processor.py:830} INFO - Processing file /home/airflow/.local/lib/python3.8/site-packages/airflow/example_dags/example_params_trigger_ui.py for tasks to queue
[2026-08-10T23:15:26.837+0000] {logging_mixin.py:188} INFO - [2026-08-10T23:15:26.837+0000] {dagbag.py:538} INFO - Filling up the DagBag from /home/airflow/.local/lib/python3.8/site-packages/airflow/example_dags/example_params_trigger_ui.py
[2026-08-10T23:15:26.851+0000] {processor.py:840} INFO - DAG(s) 'example_params_trigger_ui' retrieved from /home/airflow/.local/lib/python3.8/site-packages/airflow/example_dags/example_params_trigger_ui.py
[2026-08-10T23:15:26.897+0000] {logging_mixin.py:188} INFO - [2026-08-10T23:15:26.897+0000] {dag.py:3036} INFO - Sync 1 DAGs
[2026-08-10T23:15:26.910+0000] {logging_mixin.py:188} INFO - [2026-08-10T23:15:26.910+0000] {dag.py:3823} INFO - Setting next_dagrun for example_params_trigger_ui to None, run_after=None
[2026-08-10T23:15:26.930+0000] {processor.py:183} INFO - Processing /home/airflow/.local/lib/python3.8/site-packages/airflow/example_dags/example_params_trigger_ui.py took 0.098 seconds
[2026-08-10T23:15:57.405+0000] {processor.py:161} INFO - Started process (PID=2204) to work on /home/airflow/.local/lib/python3.8/site-packages/airflow/example_dags/example_params_trigger_ui.py
[2026-08-10T23:15:57.407+0000] {processor.py:830} INFO - Processing file /home/airflow/.local/lib/python3.8/site-packages/airflow/example_dags/example_params_trigger_ui.py for tasks to queue
[2026-08-10T23:15:57.409+0000] {logging_mixin.py:188} INFO - [2026-08-10T23:15:57.408+0000] {dagbag.py:538} INFO - Filling up the DagBag from /home/airflow/.local/lib/python3.8/site-packages/airflow/example_dags/example_params_trigger_ui.py
[2026-08-10T23:15:57.433+0000] {processor.py:840} INFO - DAG(s) 'example_params_trigger_ui' retrieved from /home/airflow/.local/lib/python3.8/site-packages/airflow/example_dags/example_params_trigger_ui.py
[2026-08-10T23:15:57.448+0000] {logging_mixin.py:188} INFO - [2026-08-10T23:15:57.448+0000] {dag.py:3036} INFO - Sync 1 DAGs
[2026-08-10T23:15:57.464+0000] {logging_mixin.py:188} INFO - [2026-08-10T23:15:57.464+0000] {dag.py:3823} INFO - Setting next_dagrun for example_params_trigger_ui to None, run_after=None
[2026-08-10T23:15:57.495+0000] {processor.py:183} INFO - Processing /home/airflow/.local/lib/python3.8/site-packages/airflow/example_dags/example_params_trigger_ui.py took 0.096 seconds
[2026-08-10T23:16:33.419+0000] {processor.py:161} INFO - Started process (PID=2285) to work on /home/airflow/.local/lib/python3.8/site-packages/airflow/example_dags/example_params_trigger_ui.py
[2026-08-10T23:16:33.420+0000] {processor.py:830} INFO - Processing file /home/airflow/.local/lib/python3.8/site-packages/airflow/example_dags/example_params_trigger_ui.py for tasks to queue
[2026-08-10T23:16:33.421+0000] {logging_mixin.py:188} INFO - [2026-08-10T23:16:33.421+0000] {dagbag.py:538} INFO - Filling up the DagBag from /home/airflow/.local/lib/python3.8/site-packages/airflow/example_dags/example_params_trigger_ui.py
[2026-08-10T23:16:33.436+0000] {processor.py:840} INFO - DAG(s) 'example_params_trigger_ui' retrieved from /home/airflow/.local/lib/python3.8/site-packages/airflow/example_dags/example_params_trigger_ui.py
[2026-08-10T23:16:33.722+0000] {logging_mixin.py:188} INFO - [2026-08-10T23:16:33.722+0000] {dag.py:3036} INFO - Sync 1 DAGs
[2026-08-10T23:16:33.737+0000] {logging_mixin.py:188} INFO - [2026-08-10T23:16:33.737+0000] {dag.py:3823} INFO - Setting next_dagrun for example_params_trigger_ui to None, run_after=None
[2026-08-10T23:16:33.759+0000] {processor.py:183} INFO - Processing /home/airflow/.local/lib/python3.8/site-packages/airflow/example_dags/example_params_trigger_ui.py took 0.344 seconds
[2026-08-10T23:17:04.148+0000] {processor.py:161} INFO - Started process (PID=2359) to work on /home/airflow/.local/lib/python3.8/site-packages/airflow/example_dags/example_params_trigger_ui.py
[2026-08-10T23:17:04.150+0000] {processor.py:830} INFO - Processing file /home/airflow/.local/lib/python3.8/site-packages/airflow/example_dags/example_params_trigger_ui.py for tasks to queue
[2026-08-10T23:17:04.151+0000] {logging_mixin.py:188} INFO - [2026-08-10T23:17:04.151+0000] {dagbag.py:538} INFO - Filling up the DagBag from /home/airflow/.local/lib/python3.8/site-packages/airflow/example_dags/example_params_trigger_ui.py
[2026-08-10T23:17:04.172+0000] {processor.py:840} INFO - DAG(s) 'example_params_trigger_ui' retrieved from /home/airflow/.local/lib/python3.8/site-packages/airflow/example_dags/example_params_trigger_ui.py
[2026-08-10T23:17:04.230+0000] {logging_mixin.py:188} INFO - [2026-08-10T23:17:04.229+0000] {dag.py:3036} INFO - Sync 1 DAGs
[2026-08-10T23:17:04.246+0000] {logging_mixin.py:188} INFO - [2026-08-10T23:17:04.246+0000] {dag.py:3823} INFO - Setting next_dagrun for example_params_trigger_ui to None, run_after=None
[2026-08-10T23:17:04.274+0000] {processor.py:183} INFO - Processing /home/airflow/.local/lib/python3.8/site-packages/airflow/example_dags/example_params_trigger_ui.py took 0.130 seconds
[2026-08-10T23:17:34.528+0000] {processor.py:161} INFO - Started process (PID=2432) to work on /home/airflow/.local/lib/python3.8/site-packages/airflow/example_dags/example_params_trigger_ui.py
[2026-08-10T23:17:34.530+0000] {processor.py:830} INFO - Processing file /home/airflow/.local/lib/python3.8/site-packages/airflow/example_dags/example_params_trigger_ui.py for tasks to queue
[2026-08-10T23:17:34.531+0000] {logging_mixin.py:188} INFO - [2026-08-10T23:17:34.531+0000] {dagbag.py:538} INFO - Filling up the DagBag from /home/airflow/.local/lib/python3.8/site-packages/airflow/example_dags/example_params_trigger_ui.py
[2026-08-10T23:17:34.546+0000] {processor.py:840} INFO - DAG(s) 'example_params_trigger_ui' retrieved from /home/airflow/.local/lib/python3.8/site-packages/airflow/example_dags/example_params_trigger_ui.py
[2026-08-10T23:17:34.591+0000] {logging_mixin.py:188} INFO - [2026-08-10T23:17:34.591+0000] {dag.py:3036} INFO - Sync 1 DAGs
[2026-08-10T23:17:34.602+0000] {logging_mixin.py:188} INFO - [2026-08-10T23:17:34.602+0000] {dag.py:3823} INFO - Setting next_dagrun for example_params_trigger_ui to None, run_after=None
[2026-08-10T23:17:34.621+0000] {processor.py:183} INFO - Processing /home/airflow/.local/lib/python3.8/site-packages/airflow/example_dags/example_params_trigger_ui.py took 0.097 seconds
[2026-08-10T23:18:04.940+0000] {processor.py:161} INFO - Started process (PID=2504) to work on /home/airflow/.local/lib/python3.8/site-packages/airflow/example_dags/example_params_trigger_ui.py
[2026-08-10T23:18:04.941+0000] {processor.py:830} INFO - Processing file /home/airflow/.local/lib/python3.8/site-packages/airflow/example_dags/example_params_trigger_ui.py for tasks to queue
[2026-08-10T23:18:04.942+0000] {logging_mixin.py:188} INFO - [2026-08-10T23:18:04.942+0000] {dagbag.py:538} INFO - Filling up the DagBag from /home/airflow/.local/lib/python3.8/site-packages/airflow/example_dags/example_params_trigger_ui.py
[2026-08-10T23:18:04.960+0000] {processor.py:840} INFO - DAG(s) 'example_params_trigger_ui' retrieved from /home/airflow/.local/lib/python3.8/site-packages/airflow/example_dags/example_params_trigger_ui.py
[2026-08-10T23:18:05.012+0000] {logging_mixin.py:188} INFO - [2026-08-10T23:18:05.011+0000] {dag.py:3036} INFO - Sync 1 DAGs
[2026-08-10T23:18:05.027+0000] {logging_mixin.py:188} INFO - [2026-08-10T23:18:05.026+0000] {dag.py:3823} INFO - Setting next_dagrun for example_params_trigger_ui to None, run_after=None
[2026-08-10T23:18:05.049+0000] {processor.py:183} INFO - Processing /home/airflow/.local/lib/python3.8/site-packages/airflow/example_dags/example_params_trigger_ui.py took 0.113 seconds
[2026-08-10T23:18:35.412+0000] {processor.py:161} INFO - Started process (PID=2576) to work on /home/airflow/.local/lib/python3.8/site-packages/airflow/example_dags/example_params_trigger_ui.py
[2026-08-10T23:18:35.414+0000] {processor.py:830} INFO - Processing file /home/airflow/.local/lib/python3.8/site-packages/airflow/example_dags/example_params_trigger_ui.py for tasks to queue
[2026-08-10T23:18:35.415+0000] {logging_mixin.py:188} INFO - [2026-08-10T23:18:35.414+0000] {dagbag.py:538} INFO - Filling up the DagBag from /home/airflow/.local/lib/python3.8/site-packages/airflow/example_dags/example_params_trigger_ui.py
[2026-08-10T23:18:35.431+0000] {processor.py:840} INFO - DAG(s) 'example_params_trigger_ui' retrieved from /home/airflow/.local/lib/python3.8/site-packages/airflow/example_dags/example_params_trigger_ui.py
[2026-08-10T23:18:35.477+0000] {logging_mixin.py:188} INFO - [2026-08-10T23:18:35.477+0000] {dag.py:3036} INFO - Sync 1 DAGs
[2026-08-10T23:18:35.489+0000] {logging_mixin.py:188} INFO - [2026-08-10T23:18:35.489+0000] {dag.py:3823} INFO - Setting next_dagrun for example_params_trigger_ui to None, run_after=None
[2026-08-10T23:18:35.633+0000] {processor.py:183} INFO - Processing /home/airflow/.local/lib/python3.8/site-packages/airflow/example_dags/example_params_trigger_ui.py took 0.225 seconds
[2026-08-10T23:19:06.646+0000] {processor.py:161} INFO - Started process (PID=2649) to work on /home/airflow/.local/lib/python3.8/site-packages/airflow/example_dags/example_params_trigger_ui.py
[2026-08-10T23:19:06.647+0000] {processor.py:830} INFO - Processing file /home/airflow/.local/lib/python3.8/site-packages/airflow/example_dags/example_params_trigger_ui.py for tasks to queue
[2026-08-10T23:19:06.649+0000] {logging_mixin.py:188} INFO - [2026-08-10T23:19:06.648+0000] {dagbag.py:538} INFO - Filling up the DagBag from /home/airflow/.local/lib/python3.8/site-packages/airflow/example_dags/example_params_trigger_ui.py
[2026-08-10T23:19:06.663+0000] {processor.py:840} INFO - DAG(s) 'example_params_trigger_ui' retrieved from /home/airflow/.local/lib/python3.8/site-packages/airflow/example_dags/example_params_trigger_ui.py
[2026-08-10T23:19:06.712+0000] {logging_mixin.py:188} INFO - [2026-08-10T23:19:06.711+0000] {dag.py:3036} INFO - Sync 1 DAGs
[2026-08-10T23:19:06.725+0000] {logging_mixin.py:188} INFO - [2026-08-10T23:19:06.724+0000] {dag.py:3823} INFO - Setting next_dagrun for example_params_trigger_ui to None, run_after=None
[2026-08-10T23:19:06.745+0000] {processor.py:183} INFO - Processing /home/airflow/.local/lib/python3.8/site-packages/airflow/example_dags/example_params_trigger_ui.py took 0.103 seconds
[2026-08-10T23:19:37.723+0000] {processor.py:161} INFO - Started process (PID=2722) to work on /home/airflow/.local/lib/python3.8/site-packages/airflow/example_dags/example_params_trigger_ui.py
[2026-08-10T23:19:37.724+0000] {processor.py:830} INFO - Processing file /home/airflow/.local/lib/python3.8/site-packages/airflow/example_dags/example_params_trigger_ui.py for tasks to queue
[2026-08-10T23:19:37.725+0000] {logging_mixin.py:188} INFO - [2026-08-10T23:19:37.725+0000] {dagbag.py:538} INFO - Filling up the DagBag from /home/airflow/.local/lib/python3.8/site-packages/airflow/example_dags/example_params_trigger_ui.py
[2026-08-10T23:19:37.739+0000] {processor.py:840} INFO - DAG(s) 'example_params_trigger_ui' retrieved from /home/airflow/.local/lib/python3.8/site-packages/airflow/example_dags/example_params_trigger_ui.py
[2026-08-10T23:19:37.792+0000] {logging_mixin.py:188} INFO - [2026-08-10T23:19:37.792+0000] {dag.py:3036} INFO - Sync 1 DAGs
[2026-08-10T23:19:37.804+0000] {logging_mixin.py:188} INFO - [2026-08-10T23:19:37.804+0000] {dag.py:3823} INFO - Setting next_dagrun for example_params_trigger_ui to None, run_after=None
[2026-08-10T23:19:37.823+0000] {processor.py:183} INFO - Processing /home/airflow/.local/lib/python3.8/site-packages/airflow/example_dags/example_params_trigger_ui.py took 0.104 seconds
[2026-08-10T23:20:08.078+0000] {processor.py:161} INFO - Started process (PID=2795) to work on /home/airflow/.local/lib/python3.8/site-packages/airflow/example_dags/example_params_trigger_ui.py
[2026-08-10T23:20:08.080+0000] {processor.py:830} INFO - Processing file /home/airflow/.local/lib/python3.8/site-packages/airflow/example_dags/example_params_trigger_ui.py for tasks to queue
[2026-08-10T23:20:08.081+0000] {logging_mixin.py:188} INFO - [2026-08-10T23:20:08.080+0000] {dagbag.py:538} INFO - Filling up the DagBag from /home/airflow/.local/lib/python3.8/site-packages/airflow/example_dags/example_params_trigger_ui.py
[2026-08-10T23:20:08.094+0000] {processor.py:840} INFO - DAG(s) 'example_params_trigger_ui' retrieved from /home/airflow/.local/lib/python3.8/site-packages/airflow/example_dags/example_params_trigger_ui.py
[2026-08-10T23:20:08.142+0000] {logging_mixin.py:188} INFO - [2026-08-10T23:20:08.141+0000] {dag.py:3036} INFO - Sync 1 DAGs
[2026-08-10T23:20:08.153+0000] {logging_mixin.py:188} INFO - [2026-08-10T23:20:08.153+0000] {dag.py:3823} INFO - Setting next_dagrun for example_params_trigger_ui to None, run_after=None
[2026-08-10T23:20:08.172+0000] {processor.py:183} INFO - Processing /home/airflow/.local/lib/python3.8/site-packages/airflow/example_dags/example_params_trigger_ui.py took 0.097 seconds
[2026-08-10T23:20:38.854+0000] {processor.py:161} INFO - Started process (PID=2884) to work on /home/airflow/.local/lib/python3.8/site-packages/airflow/example_dags/example_params_trigger_ui.py
[2026-08-10T23:20:38.856+0000] {processor.py:830} INFO - Processing file /home/airflow/.local/lib/python3.8/site-packages/airflow/example_dags/example_params_trigger_ui.py for tasks to queue
[2026-08-10T23:20:38.858+0000] {logging_mixin.py:188} INFO - [2026-08-10T23:20:38.857+0000] {dagbag.py:538} INFO - Filling up the DagBag from /home/airflow/.local/lib/python3.8/site-packages/airflow/example_dags/example_params_trigger_ui.py
[2026-08-10T23:20:38.880+0000] {processor.py:840} INFO - DAG(s) 'example_params_trigger_ui' retrieved from /home/airflow/.local/lib/python3.8/site-packages/airflow/example_dags/example_params_trigger_ui.py
[2026-08-10T23:20:38.938+0000] {logging_mixin.py:188} INFO - [2026-08-10T23:20:38.938+0000] {dag.py:3036} INFO - Sync 1 DAGs
[2026-08-10T23:20:38.951+0000] {logging_mixin.py:188} INFO - [2026-08-10T23:20:38.951+0000] {dag.py:3823} INFO - Setting next_dagrun for example_params_trigger_ui to None, run_after=None
[2026-08-10T23:20:38.971+0000] {processor.py:183} INFO - Processing /home/airflow/.local/lib/python3.8/site-packages/airflow/example_dags/example_params_trigger_ui.py took 0.123 seconds
[2026-08-10T23:21:09.351+0000] {processor.py:161} INFO - Started process (PID=2957) to work on /home/airflow/.local/lib/python3.8/site-packages/airflow/example_dags/example_params_trigger_ui.py
[2026-08-10T23:21:09.352+0000] {processor.py:830} INFO - Processing file /home/airflow/.local/lib/python3.8/site-packages/airflow/example_dags/example_params_trigger_ui.py for tasks to queue
[2026-08-10T23:21:09.353+0000] {logging_mixin.py:188} INFO - [2026-08-10T23:21:09.353+0000] {dagbag.py:538} INFO - Filling up the DagBag from /home/airflow/.local/lib/python3.8/site-packages/airflow/example_dags/example_params_trigger_ui.py
[2026-08-10T23:21:09.368+0000] {processor.py:840} INFO - DAG(s) 'example_params_trigger_ui' retrieved from /home/airflow/.local/lib/python3.8/site-packages/airflow/example_dags/example_params_trigger_ui.py
[2026-08-10T23:21:09.417+0000] {logging_mixin.py:188} INFO - [2026-08-10T23:21:09.416+0000] {dag.py:3036} INFO - Sync 1 DAGs
[2026-08-10T23:21:09.432+0000] {logging_mixin.py:188} INFO - [2026-08-10T23:21:09.432+0000] {dag.py:3823} INFO - Setting next_dagrun for example_params_trigger_ui to None, run_after=None
[2026-08-10T23:21:09.455+0000] {processor.py:183} INFO - Processing /home/airflow/.local/lib/python3.8/site-packages/airflow/example_dags/example_params_trigger_ui.py took 0.108 seconds
[2026-08-10T23:21:39.999+0000] {processor.py:161} INFO - Started process (PID=3030) to work on /home/airflow/.local/lib/python3.8/site-packages/airflow/example_dags/example_params_trigger_ui.py
[2026-08-10T23:21:40.000+0000] {processor.py:830} INFO - Processing file /home/airflow/.local/lib/python3.8/site-packages/airflow/example_dags/example_params_trigger_ui.py for tasks to queue
[2026-08-10T23:21:40.002+0000] {logging_mixin.py:188} INFO - [2026-08-10T23:21:40.001+0000] {dagbag.py:538} INFO - Filling up the DagBag from /home/airflow/.local/lib/python3.8/site-packages/airflow/example_dags/example_params_trigger_ui.py
[2026-08-10T23:21:40.020+0000] {processor.py:840} INFO - DAG(s) 'example_params_trigger_ui' retrieved from /home/airflow/.local/lib/python3.8/site-packages/airflow/example_dags/example_params_trigger_ui.py
[2026-08-10T23:21:40.098+0000] {logging_mixin.py:188} INFO - [2026-08-10T23:21:40.098+0000] {dag.py:3036} INFO - Sync 1 DAGs
[2026-08-10T23:21:40.119+0000] {logging_mixin.py:188} INFO - [2026-08-10T23:21:40.118+0000] {dag.py:3823} INFO - Setting next_dagrun for example_params_trigger_ui to None, run_after=None
[2026-08-10T23:21:40.149+0000] {processor.py:183} INFO - Processing /home/airflow/.local/lib/python3.8/site-packages/airflow/example_dags/example_params_trigger_ui.py took 0.157 seconds
[2026-08-10T23:22:10.337+0000] {processor.py:161} INFO - Started process (PID=3103) to work on /home/airflow/.local/lib/python3.8/site-packages/airflow/example_dags/example_params_trigger_ui.py
[2026-08-10T23:22:10.339+0000] {processor.py:830} INFO - Processing file /home/airflow/.local/lib/python3.8/site-packages/airflow/example_dags/example_params_trigger_ui.py for tasks to queue
[2026-08-10T23:22:10.340+0000] {logging_mixin.py:188} INFO - [2026-08-10T23:22:10.340+0000] {dagbag.py:538} INFO - Filling up the DagBag from /home/airflow/.local/lib/python3.8/site-packages/airflow/example_dags/example_params_trigger_ui.py
[2026-08-10T23:22:10.356+0000] {processor.py:840} INFO - DAG(s) 'example_params_trigger_ui' retrieved from /home/airflow/.local/lib/python3.8/site-packages/airflow/example_dags/example_params_trigger_ui.py
[2026-08-10T23:22:10.423+0000] {logging_mixin.py:188} INFO - [2026-08-10T23:22:10.423+0000] {dag.py:3036} INFO - Sync 1 DAGs
[2026-08-10T23:22:10.439+0000] {logging_mixin.py:188} INFO - [2026-08-10T23:22:10.438+0000] {dag.py:3823} INFO - Setting next_dagrun for example_params_trigger_ui to None, run_after=None
[2026-08-10T23:22:10.466+0000] {processor.py:183} INFO - Processing /home/airflow/.local/lib/python3.8/site-packages/airflow/example_dags/example_params_trigger_ui.py took 0.135 seconds
[2026-08-10T23:22:40.657+0000] {processor.py:161} INFO - Started process (PID=3176) to work on /home/airflow/.local/lib/python3.8/site-packages/airflow/example_dags/example_params_trigger_ui.py
[2026-08-10T23:22:40.659+0000] {processor.py:830} INFO - Processing file /home/airflow/.local/lib/python3.8/site-packages/airflow/example_dags/example_params_trigger_ui.py for tasks to queue
[2026-08-10T23:22:40.660+0000] {logging_mixin.py:188} INFO - [2026-08-10T23:22:40.659+0000] {dagbag.py:538} INFO - Filling up the DagBag from /home/airflow/.local/lib/python3.8/site-packages/airflow/example_dags/example_params_trigger_ui.py
[2026-08-10T23:22:40.674+0000] {processor.py:840} INFO - DAG(s) 'example_params_trigger_ui' retrieved from /home/airflow/.local/lib/python3.8/site-packages/airflow/example_dags/example_params_trigger_ui.py
[2026-08-10T23:22:40.728+0000] {logging_mixin.py:188} INFO - [2026-08-10T23:22:40.727+0000] {dag.py:3036} INFO - Sync 1 DAGs
[2026-08-10T23:22:40.743+0000] {logging_mixin.py:188} INFO - [2026-08-10T23:22:40.743+0000] {dag.py:3823} INFO - Setting next_dagrun for example_params_trigger_ui to None, run_after=None
[2026-08-10T23:22:40.764+0000] {processor.py:183} INFO - Processing /home/airflow/.local/lib/python3.8/site-packages/airflow/example_dags/example_params_trigger_ui.py took 0.110 seconds
[2026-08-10T23:23:11.373+0000] {processor.py:161} INFO - Started process (PID=3249) to work on /home/airflow/.local/lib/python3.8/site-packages/airflow/example_dags/example_params_trigger_ui.py
[2026-08-10T23:23:11.375+0000] {processor.py:830} INFO - Processing file /home/airflow/.local/lib/python3.8/site-packages/airflow/example_dags/example_params_trigger_ui.py for tasks to queue
[2026-08-10T23:23:11.376+0000] {logging_mixin.py:188} INFO - [2026-08-10T23:23:11.375+0000] {dagbag.py:538} INFO - Filling up the DagBag from /home/airflow/.local/lib/python3.8/site-packages/airflow/example_dags/example_params_trigger_ui.py
[2026-08-10T23:23:11.391+0000] {processor.py:840} INFO - DAG(s) 'example_params_trigger_ui' retrieved from /home/airflow/.local/lib/python3.8/site-packages/airflow/example_dags/example_params_trigger_ui.py
[2026-08-10T23:23:11.439+0000] {logging_mixin.py:188} INFO - [2026-08-10T23:23:11.439+0000] {dag.py:3036} INFO - Sync 1 DAGs
[2026-08-10T23:23:11.451+0000] {logging_mixin.py:188} INFO - [2026-08-10T23:23:11.451+0000] {dag.py:3823} INFO - Setting next_dagrun for example_params_trigger_ui to None, run_after=None
[2026-08-10T23:23:11.473+0000] {processor.py:183} INFO - Processing /home/airflow/.local/lib/python3.8/site-packages/airflow/example_dags/example_params_trigger_ui.py took 0.103 seconds
[2026-08-10T23:23:42.046+0000] {processor.py:161} INFO - Started process (PID=3322) to work on /home/airflow/.local/lib/python3.8/site-packages/airflow/example_dags/example_params_trigger_ui.py
[2026-08-10T23:23:42.048+0000] {processor.py:830} INFO - Processing file /home/airflow/.local/lib/python3.8/site-packages/airflow/example_dags/example_params_trigger_ui.py for tasks to queue
[2026-08-10T23:23:42.049+0000] {logging_mixin.py:188} INFO - [2026-08-10T23:23:42.049+0000] {dagbag.py:538} INFO - Filling up the DagBag from /home/airflow/.local/lib/python3.8/site-packages/airflow/example_dags/example_params_trigger_ui.py
[2026-08-10T23:23:42.064+0000] {processor.py:840} INFO - DAG(s) 'example_params_trigger_ui' retrieved from /home/airflow/.local/lib/python3.8/site-packages/airflow/example_dags/example_params_trigger_ui.py
[2026-08-10T23:23:42.111+0000] {logging_mixin.py:188} INFO - [2026-08-10T23:23:42.111+0000] {dag.py:3036} INFO - Sync 1 DAGs
[2026-08-10T23:23:42.125+0000] {logging_mixin.py:188} INFO - [2026-08-10T23:23:42.124+0000] {dag.py:3823} INFO - Setting next_dagrun for example_params_trigger_ui to None, run_after=None
[2026-08-10T23:23:42.145+0000] {processor.py:183} INFO - Processing /home/airflow/.local/lib/python3.8/site-packages/airflow/example_dags/example_params_trigger_ui.py took 0.103 seconds
[2026-08-10T23:24:12.953+0000] {processor.py:161} INFO - Started process (PID=3395) to work on /home/airflow/.local/lib/python3.8/site-packages/airflow/example_dags/example_params_trigger_ui.py
[2026-08-10T23:24:12.955+0000] {processor.py:830} INFO - Processing file /home/airflow/.local/lib/python3.8/site-packages/airflow/example_dags/example_params_trigger_ui.py for tasks to queue
[2026-08-10T23:24:12.956+0000] {logging_mixin.py:188} INFO - [2026-08-10T23:24:12.956+0000] {dagbag.py:538} INFO - Filling up the DagBag from /home/airflow/.local/lib/python3.8/site-packages/airflow/example_dags/example_params_trigger_ui.py
[2026-08-10T23:24:12.977+0000] {processor.py:840} INFO - DAG(s) 'example_params_trigger_ui' retrieved from /home/airflow/.local/lib/python3.8/site-packages/airflow/example_dags/example_params_trigger_ui.py
[2026-08-10T23:24:13.047+0000] {logging_mixin.py:188} INFO - [2026-08-10T23:24:13.047+0000] {dag.py:3036} INFO - Sync 1 DAGs
[2026-08-10T23:24:13.067+0000] {logging_mixin.py:188} INFO - [2026-08-10T23:24:13.067+0000] {dag.py:3823} INFO - Setting next_dagrun for example_params_trigger_ui to None, run_after=None
[2026-08-10T23:24:13.089+0000] {processor.py:183} INFO - Processing /home/airflow/.local/lib/python3.8/site-packages/airflow/example_dags/example_params_trigger_ui.py took 0.141 seconds
[2026-08-10T23:24:43.234+0000] {processor.py:161} INFO - Started process (PID=3468) to work on /home/airflow/.local/lib/python3.8/site-packages/airflow/example_dags/example_params_trigger_ui.py
[2026-08-10T23:24:43.236+0000] {processor.py:830} INFO - Processing file /home/airflow/.local/lib/python3.8/site-packages/airflow/example_dags/example_params_trigger_ui.py for tasks to queue
[2026-08-10T23:24:43.237+0000] {logging_mixin.py:188} INFO - [2026-08-10T23:24:43.237+0000] {dagbag.py:538} INFO - Filling up the DagBag from /home/airflow/.local/lib/python3.8/site-packages/airflow/example_dags/example_params_trigger_ui.py
[2026-08-10T23:24:43.257+0000] {processor.py:840} INFO - DAG(s) 'example_params_trigger_ui' retrieved from /home/airflow/.local/lib/python3.8/site-packages/airflow/example_dags/example_params_trigger_ui.py
[2026-08-10T23:24:43.316+0000] {logging_mixin.py:188} INFO - [2026-08-10T23:24:43.316+0000] {dag.py:3036} INFO - Sync 1 DAGs
[2026-08-10T23:24:43.328+0000] {logging_mixin.py:188} INFO - [2026-08-10T23:24:43.328+0000] {dag.py:3823} INFO - Setting next_dagrun for example_params_trigger_ui to None, run_after=None
[2026-08-10T23:24:43.350+0000] {processor.py:183} INFO - Processing /home/airflow/.local/lib/python3.8/site-packages/airflow/example_dags/example_params_trigger_ui.py took 0.120 seconds
