[2026-08-10T23:01:32.248+0000] {processor.py:161} INFO - Started process (PID=137) to work on /home/airflow/.local/lib/python3.8/site-packages/airflow/example_dags/example_sla_dag.py
[2026-08-10T23:01:32.251+0000] {processor.py:830} INFO - Processing file /home/airflow/.local/lib/python3.8/site-packages/airflow/example_dags/example_sla_dag.py for tasks to queue
[2026-08-10T23:01:32.263+0000] {logging_mixin.py:188} INFO - [2026-08-10T23:01:32.262+0000] {dagbag.py:538} INFO - Filling up the DagBag from /home/airflow/.local/lib/python3.8/site-packages/airflow/example_dags/example_sla_dag.py
[2026-08-10T23:01:32.298+0000] {processor.py:840} INFO - DAG(s) 'example_sla_dag' retrieved from /home/airflow/.local/lib/python3.8/site-packages/airflow/example_dags/example_sla_dag.py
[2026-08-10T23:01:32.728+0000] {logging_mixin.py:188} INFO - [2026-08-10T23:01:32.727+0000] {dag.py:3036} INFO - Sync 1 DAGs
[2026-08-10T23:01:32.888+0000] {logging_mixin.py:188} INFO - [2026-08-10T23:01:32.887+0000] {dag.py:3823} INFO - Setting next_dagrun for example_sla_dag to 2026-08-10 22:58:00+00:00, run_after=2026-08-10 23:00:00+00:00
[2026-08-10T23:01:32.989+0000] {processor.py:183} INFO - Processing /home/airflow/.local/lib/python3.8/site-packages/airflow/example_dags/example_sla_dag.py took 0.756 seconds
[2026-08-10T23:02:03.096+0000] {processor.py:161} INFO - Started process (PID=213) to work on /home/airflow/.local/lib/python3.8/site-packages/airflow/example_dags/example_sla_dag.py
[2026-08-10T23:02:03.098+0000] {processor.py:830} INFO - Processing file /home/airflow/.local/lib/python3.8/site-packages/airflow/example_dags/example_sla_dag.py for tasks to queue
[2026-08-10T23:02:03.102+0000] {logging_mixin.py:188} INFO - [2026-08-10T23:02:03.101+0000] {dagbag.py:538} INFO - Filling up the DagBag from /home/airflow/.local/lib/python3.8/site-packages/airflow/example_dags/example_sla_dag.py
[2026-08-10T23:02:03.125+0000] {processor.py:840} INFO - DAG(s) 'example_sla_dag' retrieved from /home/airflow/.local/lib/python3.8/site-packages/airflow/example_dags/example_sla_dag.py
[2026-08-10T23:02:03.143+0000] {logging_mixin.py:188} INFO - [2026-08-10T23:02:03.142+0000] {dag.py:3036} INFO - Sync 1 DAGs
[2026-08-10T23:02:03.175+0000] {logging_mixin.py:188} INFO - [2026-08-10T23:02:03.175+0000] {dag.py:3823} INFO - Setting next_dagrun for example_sla_dag to 2026-08-10 23:00:00+00:00, run_after=2026-08-10 23:02:00+00:00
[2026-08-10T23:02:03.197+0000] {processor.py:183} INFO - Processing /home/airflow/.local/lib/python3.8/site-packages/airflow/example_dags/example_sla_dag.py took 0.105 seconds
[2026-08-10T23:02:33.585+0000] {processor.py:161} INFO - Started process (PID=285) to work on /home/airflow/.local/lib/python3.8/site-packages/airflow/example_dags/example_sla_dag.py
[2026-08-10T23:02:33.586+0000] {processor.py:830} INFO - Processing file /home/airflow/.local/lib/python3.8/site-packages/airflow/example_dags/example_sla_dag.py for tasks to queue
[2026-08-10T23:02:33.588+0000] {logging_mixin.py:188} INFO - [2026-08-10T23:02:33.588+0000] {dagbag.py:538} INFO - Filling up the DagBag from /home/airflow/.local/lib/python3.8/site-packages/airflow/example_dags/example_sla_dag.py
[2026-08-10T23:02:33.597+0000] {processor.py:840} INFO - DAG(s) 'example_sla_dag' retrieved from /home/airflow/.local/lib/python3.8/site-packages/airflow/example_dags/example_sla_dag.py
[2026-08-10T23:02:33.609+0000] {logging_mixin.py:188} INFO - [2026-08-10T23:02:33.609+0000] {dag.py:3036} INFO - Sync 1 DAGs
[2026-08-10T23:02:33.634+0000] {logging_mixin.py:188} INFO - [2026-08-10T23:02:33.634+0000] {dag.py:3823} INFO - Setting next_dagrun for example_sla_dag to 2026-08-10 23:00:00+00:00, run_after=2026-08-10 23:02:00+00:00
[2026-08-10T23:02:33.653+0000] {processor.py:183} INFO - Processing /home/airflow/.local/lib/python3.8/site-packages/airflow/example_dags/example_sla_dag.py took 0.072 seconds
[2026-08-10T23:03:04.504+0000] {processor.py:161} INFO - Started process (PID=357) to work on /home/airflow/.local/lib/python3.8/site-packages/airflow/example_dags/example_sla_dag.py
[2026-08-10T23:03:04.505+0000] {processor.py:830} INFO - Processing file /home/airflow/.local/lib/python3.8/site-packages/airflow/example_dags/example_sla_dag.py for tasks to queue
[2026-08-10T23:03:04.508+0000] {logging_mixin.py:188} INFO - [2026-08-10T23:03:04.508+0000] {dagbag.py:538} INFO - Filling up the DagBag from /home/airflow/.local/lib/python3.8/site-packages/airflow/example_dags/example_sla_dag.py
[2026-08-10T23:03:04.517+0000] {processor.py:840} INFO - DAG(s) 'example_sla_dag' retrieved from /home/airflow/.local/lib/python3.8/site-packages/airflow/example_dags/example_sla_dag.py
[2026-08-10T23:03:04.612+0000] {logging_mixin.py:188} INFO - [2026-08-10T23:03:04.612+0000] {dag.py:3036} INFO - Sync 1 DAGs
[2026-08-10T23:03:04.634+0000] {logging_mixin.py:188} INFO - [2026-08-10T23:03:04.634+0000] {dag.py:3823} INFO - Setting next_dagrun for example_sla_dag to 2026-08-10 23:00:00+00:00, run_after=2026-08-10 23:02:00+00:00
[2026-08-10T23:03:04.652+0000] {processor.py:183} INFO - Processing /home/airflow/.local/lib/python3.8/site-packages/airflow/example_dags/example_sla_dag.py took 0.151 seconds
[2026-08-10T23:03:34.948+0000] {processor.py:161} INFO - Started process (PID=433) to work on /home/airflow/.local/lib/python3.8/site-packages/airflow/example_dags/example_sla_dag.py
[2026-08-10T23:03:34.951+0000] {processor.py:830} INFO - Processing file /home/airflow/.local/lib/python3.8/site-packages/airflow/example_dags/example_sla_dag.py for tasks to queue
[2026-08-10T23:03:34.955+0000] {logging_mixin.py:188} INFO - [2026-08-10T23:03:34.954+0000] {dagbag.py:538} INFO - Filling up the DagBag from /home/airflow/.local/lib/python3.8/site-packages/airflow/example_dags/example_sla_dag.py
[2026-08-10T23:03:34.965+0000] {processor.py:840} INFO - DAG(s) 'example_sla_dag' retrieved from /home/airflow/.local/lib/python3.8/site-packages/airflow/example_dags/example_sla_dag.py
[2026-08-10T23:03:34.988+0000] {logging_mixin.py:188} INFO - [2026-08-10T23:03:34.987+0000] {dag.py:3036} INFO - Sync 1 DAGs
[2026-08-10T23:03:35.015+0000] {logging_mixin.py:188} INFO - [2026-08-10T23:03:35.015+0000] {dag.py:3823} INFO - Setting next_dagrun for example_sla_dag to 2026-08-10 23:00:00+00:00, run_after=2026-08-10 23:02:00+00:00
[2026-08-10T23:03:35.038+0000] {processor.py:183} INFO - Processing /home/airflow/.local/lib/python3.8/site-packages/airflow/example_dags/example_sla_dag.py took 0.095 seconds
[2026-08-10T23:04:05.358+0000] {processor.py:161} INFO - Started process (PID=510) to work on /home/airflow/.local/lib/python3.8/site-packages/airflow/example_dags/example_sla_dag.py
[2026-08-10T23:04:05.359+0000] {processor.py:830} INFO - Processing file /home/airflow/.local/lib/python3.8/site-packages/airflow/example_dags/example_sla_dag.py for tasks to queue
[2026-08-10T23:04:05.361+0000] {logging_mixin.py:188} INFO - [2026-08-10T23:04:05.360+0000] {dagbag.py:538} INFO - Filling up the DagBag from /home/airflow/.local/lib/python3.8/site-packages/airflow/example_dags/example_sla_dag.py
[2026-08-10T23:04:05.369+0000] {processor.py:840} INFO - DAG(s) 'example_sla_dag' retrieved from /home/airflow/.local/lib/python3.8/site-packages/airflow/example_dags/example_sla_dag.py
[2026-08-10T23:04:05.387+0000] {logging_mixin.py:188} INFO - [2026-08-10T23:04:05.387+0000] {dag.py:3036} INFO - Sync 1 DAGs
[2026-08-10T23:04:05.408+0000] {logging_mixin.py:188} INFO - [2026-08-10T23:04:05.408+0000] {dag.py:3823} INFO - Setting next_dagrun for example_sla_dag to 2026-08-10 23:02:00+00:00, run_after=2026-08-10 23:04:00+00:00
[2026-08-10T23:04:05.426+0000] {processor.py:183} INFO - Processing /home/airflow/.local/lib/python3.8/site-packages/airflow/example_dags/example_sla_dag.py took 0.071 seconds
[2026-08-10T23:04:36.416+0000] {processor.py:161} INFO - Started process (PID=582) to work on /home/airflow/.local/lib/python3.8/site-packages/airflow/example_dags/example_sla_dag.py
[2026-08-10T23:04:36.418+0000] {processor.py:830} INFO - Processing file /home/airflow/.local/lib/python3.8/site-packages/airflow/example_dags/example_sla_dag.py for tasks to queue
[2026-08-10T23:04:36.420+0000] {logging_mixin.py:188} INFO - [2026-08-10T23:04:36.420+0000] {dagbag.py:538} INFO - Filling up the DagBag from /home/airflow/.local/lib/python3.8/site-packages/airflow/example_dags/example_sla_dag.py
[2026-08-10T23:04:36.428+0000] {processor.py:840} INFO - DAG(s) 'example_sla_dag' retrieved from /home/airflow/.local/lib/python3.8/site-packages/airflow/example_dags/example_sla_dag.py
[2026-08-10T23:04:36.450+0000] {logging_mixin.py:188} INFO - [2026-08-10T23:04:36.450+0000] {dag.py:3036} INFO - Sync 1 DAGs
[2026-08-10T23:04:36.474+0000] {logging_mixin.py:188} INFO - [2026-08-10T23:04:36.474+0000] {dag.py:3823} INFO - Setting next_dagrun for example_sla_dag to 2026-08-10 23:02:00+00:00, run_after=2026-08-10 23:04:00+00:00
[2026-08-10T23:04:36.491+0000] {processor.py:183} INFO - Processing /home/airflow/.local/lib/python3.8/site-packages/airflow/example_dags/example_sla_dag.py took 0.079 seconds
[2026-08-10T23:05:06.559+0000] {processor.py:161} INFO - Started process (PID=654) to work on /home/airflow/.local/lib/python3.8/site-packages/airflow/example_dags/example_sla_dag.py
[2026-08-10T23:05:06.561+0000] {processor.py:830} INFO - Processing file /home/airflow/.local/lib/python3.8/site-packages/airflow/example_dags/example_sla_dag.py for tasks to queue
[2026-08-10T23:05:06.563+0000] {logging_mixin.py:188} INFO - [2026-08-10T23:05:06.563+0000] {dagbag.py:538} INFO - Filling up the DagBag from /home/airflow/.local/lib/python3.8/site-packages/airflow/example_dags/example_sla_dag.py
[2026-08-10T23:05:06.573+0000] {processor.py:840} INFO - DAG(s) 'example_sla_dag' retrieved from /home/airflow/.local/lib/python3.8/site-packages/airflow/example_dags/example_sla_dag.py
[2026-08-10T23:05:06.595+0000] {logging_mixin.py:188} INFO - [2026-08-10T23:05:06.595+0000] {dag.py:3036} INFO - Sync 1 DAGs
[2026-08-10T23:05:06.618+0000] {logging_mixin.py:188} INFO - [2026-08-10T23:05:06.617+0000] {dag.py:3823} INFO - Setting next_dagrun for example_sla_dag to 2026-08-10 23:02:00+00:00, run_after=2026-08-10 23:04:00+00:00
[2026-08-10T23:05:06.636+0000] {processor.py:183} INFO - Processing /home/airflow/.local/lib/python3.8/site-packages/airflow/example_dags/example_sla_dag.py took 0.080 seconds
[2026-08-10T23:05:37.039+0000] {processor.py:161} INFO - Started process (PID=726) to work on /home/airflow/.local/lib/python3.8/site-packages/airflow/example_dags/example_sla_dag.py
[2026-08-10T23:05:37.040+0000] {processor.py:830} INFO - Processing file /home/airflow/.local/lib/python3.8/site-packages/airflow/example_dags/example_sla_dag.py for tasks to queue
[2026-08-10T23:05:37.043+0000] {logging_mixin.py:188} INFO - [2026-08-10T23:05:37.042+0000] {dagbag.py:538} INFO - Filling up the DagBag from /home/airflow/.local/lib/python3.8/site-packages/airflow/example_dags/example_sla_dag.py
[2026-08-10T23:05:37.056+0000] {processor.py:840} INFO - DAG(s) 'example_sla_dag' retrieved from /home/airflow/.local/lib/python3.8/site-packages/airflow/example_dags/example_sla_dag.py
[2026-08-10T23:05:37.081+0000] {logging_mixin.py:188} INFO - [2026-08-10T23:05:37.080+0000] {dag.py:3036} INFO - Sync 1 DAGs
[2026-08-10T23:05:37.114+0000] {logging_mixin.py:188} INFO - [2026-08-10T23:05:37.113+0000] {dag.py:3823} INFO - Setting next_dagrun for example_sla_dag to 2026-08-10 23:02:00+00:00, run_after=2026-08-10 23:04:00+00:00
[2026-08-10T23:05:37.140+0000] {processor.py:183} INFO - Processing /home/airflow/.local/lib/python3.8/site-packages/airflow/example_dags/example_sla_dag.py took 0.106 seconds
[2026-08-10T23:06:07.389+0000] {processor.py:161} INFO - Started process (PID=798) to work on /home/airflow/.local/lib/python3.8/site-packages/airflow/example_dags/example_sla_dag.py
[2026-08-10T23:06:07.391+0000] {processor.py:830} INFO - Processing file /home/airflow/.local/lib/python3.8/site-packages/airflow/example_dags/example_sla_dag.py for tasks to queue
[2026-08-10T23:06:07.396+0000] {logging_mixin.py:188} INFO - [2026-08-10T23:06:07.395+0000] {dagbag.py:538} INFO - Filling up the DagBag from /home/airflow/.local/lib/python3.8/site-packages/airflow/example_dags/example_sla_dag.py
[2026-08-10T23:06:07.406+0000] {processor.py:840} INFO - DAG(s) 'example_sla_dag' retrieved from /home/airflow/.local/lib/python3.8/site-packages/airflow/example_dags/example_sla_dag.py
[2026-08-10T23:06:07.437+0000] {logging_mixin.py:188} INFO - [2026-08-10T23:06:07.437+0000] {dag.py:3036} INFO - Sync 1 DAGs
[2026-08-10T23:06:07.471+0000] {logging_mixin.py:188} INFO - [2026-08-10T23:06:07.470+0000] {dag.py:3823} INFO - Setting next_dagrun for example_sla_dag to 2026-08-10 23:04:00+00:00, run_after=2026-08-10 23:06:00+00:00
[2026-08-10T23:06:07.499+0000] {processor.py:183} INFO - Processing /home/airflow/.local/lib/python3.8/site-packages/airflow/example_dags/example_sla_dag.py took 0.114 seconds
[2026-08-10T23:06:38.075+0000] {processor.py:161} INFO - Started process (PID=870) to work on /home/airflow/.local/lib/python3.8/site-packages/airflow/example_dags/example_sla_dag.py
[2026-08-10T23:06:38.079+0000] {processor.py:830} INFO - Processing file /home/airflow/.local/lib/python3.8/site-packages/airflow/example_dags/example_sla_dag.py for tasks to queue
[2026-08-10T23:06:38.087+0000] {logging_mixin.py:188} INFO - [2026-08-10T23:06:38.086+0000] {dagbag.py:538} INFO - Filling up the DagBag from /home/airflow/.local/lib/python3.8/site-packages/airflow/example_dags/example_sla_dag.py
[2026-08-10T23:06:38.122+0000] {processor.py:840} INFO - DAG(s) 'example_sla_dag' retrieved from /home/airflow/.local/lib/python3.8/site-packages/airflow/example_dags/example_sla_dag.py
[2026-08-10T23:06:38.174+0000] {logging_mixin.py:188} INFO - [2026-08-10T23:06:38.173+0000] {dag.py:3036} INFO - Sync 1 DAGs
[2026-08-10T23:06:38.226+0000] {logging_mixin.py:188} INFO - [2026-08-10T23:06:38.226+0000] {dag.py:3823} INFO - Setting next_dagrun for example_sla_dag to 2026-08-10 23:04:00+00:00, run_after=2026-08-10 23:06:00+00:00
[2026-08-10T23:06:38.267+0000] {processor.py:183} INFO - Processing /home/airflow/.local/lib/python3.8/site-packages/airflow/example_dags/example_sla_dag.py took 0.199 seconds
[2026-08-10T23:07:08.491+0000] {processor.py:161} INFO - Started process (PID=942) to work on /home/airflow/.local/lib/python3.8/site-packages/airflow/example_dags/example_sla_dag.py
[2026-08-10T23:07:08.492+0000] {processor.py:830} INFO - Processing file /home/airflow/.local/lib/python3.8/site-packages/airflow/example_dags/example_sla_dag.py for tasks to queue
[2026-08-10T23:07:08.496+0000] {logging_mixin.py:188} INFO - [2026-08-10T23:07:08.495+0000] {dagbag.py:538} INFO - Filling up the DagBag from /home/airflow/.local/lib/python3.8/site-packages/airflow/example_dags/example_sla_dag.py
[2026-08-10T23:07:08.511+0000] {processor.py:840} INFO - DAG(s) 'example_sla_dag' retrieved from /home/airflow/.local/lib/python3.8/site-packages/airflow/example_dags/example_sla_dag.py
[2026-08-10T23:07:08.544+0000] {logging_mixin.py:188} INFO - [2026-08-10T23:07:08.544+0000] {dag.py:3036} INFO - Sync 1 DAGs
[2026-08-10T23:07:08.581+0000] {logging_mixin.py:188} INFO - [2026-08-10T23:07:08.581+0000] {dag.py:3823} INFO - Setting next_dagrun for example_sla_dag to 2026-08-10 23:04:00+00:00, run_after=2026-08-10 23:06:00+00:00
[2026-08-10T23:07:08.618+0000] {processor.py:183} INFO - Processing /home/airflow/.local/lib/python3.8/site-packages/airflow/example_dags/example_sla_dag.py took 0.133 seconds
[2026-08-10T23:07:40.090+0000] {processor.py:161} INFO - Started process (PID=1014) to work on /home/airflow/.local/lib/python3.8/site-packages/airflow/example_dags/example_sla_dag.py
[2026-08-10T23:07:40.099+0000] {processor.py:830} INFO - Processing file /home/airflow/.local/lib/python3.8/site-packages/airflow/example_dags/example_sla_dag.py for tasks to queue
[2026-08-10T23:07:40.111+0000] {logging_mixin.py:188} INFO - [2026-08-10T23:07:40.110+0000] {dagbag.py:538} INFO - Filling up the DagBag from /home/airflow/.local/lib/python3.8/site-packages/airflow/example_dags/example_sla_dag.py
[2026-08-10T23:07:40.157+0000] {processor.py:840} INFO - DAG(s) 'example_sla_dag' retrieved from /home/airflow/.local/lib/python3.8/site-packages/airflow/example_dags/example_sla_dag.py
[2026-08-10T23:07:40.256+0000] {logging_mixin.py:188} INFO - [2026-08-10T23:07:40.256+0000] {dag.py:3036} INFO - Sync 1 DAGs
[2026-08-10T23:07:40.397+0000] {logging_mixin.py:188} INFO - [2026-08-10T23:07:40.396+0000] {dag.py:3823} INFO - Setting next_dagrun for example_sla_dag to 2026-08-10 23:04:00+00:00, run_after=2026-08-10 23:06:00+00:00
[2026-08-10T23:07:40.540+0000] {processor.py:183} INFO - Processing /home/airflow/.local/lib/python3.8/site-packages/airflow/example_dags/example_sla_dag.py took 0.466 seconds
[2026-08-10T23:08:10.674+0000] {processor.py:161} INFO - Started process (PID=1086) to work on /home/airflow/.local/lib/python3.8/site-packages/airflow/example_dags/example_sla_dag.py
[2026-08-10T23:08:10.676+0000] {processor.py:830} INFO - Processing file /home/airflow/.local/lib/python3.8/site-packages/airflow/example_dags/example_sla_dag.py for tasks to queue
[2026-08-10T23:08:10.679+0000] {logging_mixin.py:188} INFO - [2026-08-10T23:08:10.678+0000] {dagbag.py:538} INFO - Filling up the DagBag from /home/airflow/.local/lib/python3.8/site-packages/airflow/example_dags/example_sla_dag.py
[2026-08-10T23:08:10.693+0000] {processor.py:840} INFO - DAG(s) 'example_sla_dag' retrieved from /home/airflow/.local/lib/python3.8/site-packages/airflow/example_dags/example_sla_dag.py
[2026-08-10T23:08:10.726+0000] {logging_mixin.py:188} INFO - [2026-08-10T23:08:10.725+0000] {dag.py:3036} INFO - Sync 1 DAGs
[2026-08-10T23:08:10.763+0000] {logging_mixin.py:188} INFO - [2026-08-10T23:08:10.763+0000] {dag.py:3823} INFO - Setting next_dagrun for example_sla_dag to 2026-08-10 23:06:00+00:00, run_after=2026-08-10 23:08:00+00:00
[2026-08-10T23:08:10.915+0000] {processor.py:183} INFO - Processing /home/airflow/.local/lib/python3.8/site-packages/airflow/example_dags/example_sla_dag.py took 0.245 seconds
[2026-08-10T23:08:41.891+0000] {processor.py:161} INFO - Started process (PID=1158) to work on /home/airflow/.local/lib/python3.8/site-packages/airflow/example_dags/example_sla_dag.py
[2026-08-10T23:08:41.893+0000] {processor.py:830} INFO - Processing file /home/airflow/.local/lib/python3.8/site-packages/airflow/example_dags/example_sla_dag.py for tasks to queue
[2026-08-10T23:08:41.895+0000] {logging_mixin.py:188} INFO - [2026-08-10T23:08:41.895+0000] {dagbag.py:538} INFO - Filling up the DagBag from /home/airflow/.local/lib/python3.8/site-packages/airflow/example_dags/example_sla_dag.py
[2026-08-10T23:08:41.909+0000] {processor.py:840} INFO - DAG(s) 'example_sla_dag' retrieved from /home/airflow/.local/lib/python3.8/site-packages/airflow/example_dags/example_sla_dag.py
[2026-08-10T23:08:41.936+0000] {logging_mixin.py:188} INFO - [2026-08-10T23:08:41.936+0000] {dag.py:3036} INFO - Sync 1 DAGs
[2026-08-10T23:08:41.971+0000] {logging_mixin.py:188} INFO - [2026-08-10T23:08:41.971+0000] {dag.py:3823} INFO - Setting next_dagrun for example_sla_dag to 2026-08-10 23:06:00+00:00, run_after=2026-08-10 23:08:00+00:00
[2026-08-10T23:08:42.033+0000] {processor.py:183} INFO - Processing /home/airflow/.local/lib/python3.8/site-packages/airflow/example_dags/example_sla_dag.py took 0.147 seconds
[2026-08-10T23:09:12.230+0000] {processor.py:161} INFO - Started process (PID=1230) to work on /home/airflow/.local/lib/python3.8/site-packages/airflow/example_dags/example_sla_dag.py
[2026-08-10T23:09:12.231+0000] {processor.py:830} INFO - Processing file /home/airflow/.local/lib/python3.8/site-packages/airflow/example_dags/example_sla_dag.py for tasks to queue
[2026-08-10T23:09:12.233+0000] {logging_mixin.py:188} INFO - [2026-08-10T23:09:12.233+0000] {dagbag.py:538} INFO - Filling up the DagBag from /home/airflow/.local/lib/python3.8/site-packages/airflow/example_dags/example_sla_dag.py
[2026-08-10T23:09:12.244+0000] {processor.py:840} INFO - DAG(s) 'example_sla_dag' retrieved from /home/airflow/.local/lib/python3.8/site-packages/airflow/example_dags/example_sla_dag.py
[2026-08-10T23:09:12.267+0000] {logging_mixin.py:188} INFO - [2026-08-10T23:09:12.267+0000] {dag.py:3036} INFO - Sync 1 DAGs
[2026-08-10T23:09:12.291+0000] {logging_mixin.py:188} INFO - [2026-08-10T23:09:12.291+0000] {dag.py:3823} INFO - Setting next_dagrun for example_sla_dag to 2026-08-10 23:06:00+00:00, run_after=2026-08-10 23:08:00+00:00
[2026-08-10T23:09:12.348+0000] {processor.py:183} INFO - Processing /home/airflow/.local/lib/python3.8/site-packages/airflow/example_dags/example_sla_dag.py took 0.122 seconds
[2026-08-10T23:09:45.322+0000] {processor.py:161} INFO - Started process (PID=1301) to work on /home/airflow/.local/lib/python3.8/site-packages/airflow/example_dags/example_sla_dag.py
[2026-08-10T23:09:45.324+0000] {processor.py:830} INFO - Processing file /home/airflow/.local/lib/python3.8/site-packages/airflow/example_dags/example_sla_dag.py for tasks to queue
[2026-08-10T23:09:45.328+0000] {logging_mixin.py:188} INFO - [2026-08-10T23:09:45.327+0000] {dagbag.py:538} INFO - Filling up the DagBag from /home/airflow/.local/lib/python3.8/site-packages/airflow/example_dags/example_sla_dag.py
[2026-08-10T23:09:45.341+0000] {processor.py:840} INFO - DAG(s) 'example_sla_dag' retrieved from /home/airflow/.local/lib/python3.8/site-packages/airflow/example_dags/example_sla_dag.py
[2026-08-10T23:09:45.369+0000] {logging_mixin.py:188} INFO - [2026-08-10T23:09:45.368+0000] {dag.py:3036} INFO - Sync 1 DAGs
[2026-08-10T23:09:45.403+0000] {logging_mixin.py:188} INFO - [2026-08-10T23:09:45.402+0000] {dag.py:3823} INFO - Setting next_dagrun for example_sla_dag to 2026-08-10 23:06:00+00:00, run_after=2026-08-10 23:08:00+00:00
[2026-08-10T23:09:45.436+0000] {processor.py:183} INFO - Processing /home/airflow/.local/lib/python3.8/site-packages/airflow/example_dags/example_sla_dag.py took 0.119 seconds
[2026-08-10T23:10:16.367+0000] {processor.py:161} INFO - Started process (PID=1374) to work on /home/airflow/.local/lib/python3.8/site-packages/airflow/example_dags/example_sla_dag.py
[2026-08-10T23:10:16.368+0000] {processor.py:830} INFO - Processing file /home/airflow/.local/lib/python3.8/site-packages/airflow/example_dags/example_sla_dag.py for tasks to queue
[2026-08-10T23:10:16.372+0000] {logging_mixin.py:188} INFO - [2026-08-10T23:10:16.371+0000] {dagbag.py:538} INFO - Filling up the DagBag from /home/airflow/.local/lib/python3.8/site-packages/airflow/example_dags/example_sla_dag.py
[2026-08-10T23:10:16.384+0000] {processor.py:840} INFO - DAG(s) 'example_sla_dag' retrieved from /home/airflow/.local/lib/python3.8/site-packages/airflow/example_dags/example_sla_dag.py
[2026-08-10T23:10:16.416+0000] {logging_mixin.py:188} INFO - [2026-08-10T23:10:16.415+0000] {dag.py:3036} INFO - Sync 1 DAGs
[2026-08-10T23:10:16.452+0000] {logging_mixin.py:188} INFO - [2026-08-10T23:10:16.452+0000] {dag.py:3823} INFO - Setting next_dagrun for example_sla_dag to 2026-08-10 23:08:00+00:00, run_after=2026-08-10 23:10:00+00:00
[2026-08-10T23:10:16.515+0000] {processor.py:183} INFO - Processing /home/airflow/.local/lib/python3.8/site-packages/airflow/example_dags/example_sla_dag.py took 0.153 seconds
[2026-08-10T23:10:47.247+0000] {processor.py:161} INFO - Started process (PID=1446) to work on /home/airflow/.local/lib/python3.8/site-packages/airflow/example_dags/example_sla_dag.py
[2026-08-10T23:10:47.248+0000] {processor.py:830} INFO - Processing file /home/airflow/.local/lib/python3.8/site-packages/airflow/example_dags/example_sla_dag.py for tasks to queue
[2026-08-10T23:10:47.251+0000] {logging_mixin.py:188} INFO - [2026-08-10T23:10:47.250+0000] {dagbag.py:538} INFO - Filling up the DagBag from /home/airflow/.local/lib/python3.8/site-packages/airflow/example_dags/example_sla_dag.py
[2026-08-10T23:10:47.260+0000] {processor.py:840} INFO - DAG(s) 'example_sla_dag' retrieved from /home/airflow/.local/lib/python3.8/site-packages/airflow/example_dags/example_sla_dag.py
[2026-08-10T23:10:47.285+0000] {logging_mixin.py:188} INFO - [2026-08-10T23:10:47.285+0000] {dag.py:3036} INFO - Sync 1 DAGs
[2026-08-10T23:10:47.316+0000] {logging_mixin.py:188} INFO - [2026-08-10T23:10:47.316+0000] {dag.py:3823} INFO - Setting next_dagrun for example_sla_dag to 2026-08-10 23:08:00+00:00, run_after=2026-08-10 23:10:00+00:00
[2026-08-10T23:10:47.371+0000] {processor.py:183} INFO - Processing /home/airflow/.local/lib/python3.8/site-packages/airflow/example_dags/example_sla_dag.py took 0.128 seconds
[2026-08-10T23:11:18.054+0000] {processor.py:161} INFO - Started process (PID=1518) to work on /home/airflow/.local/lib/python3.8/site-packages/airflow/example_dags/example_sla_dag.py
[2026-08-10T23:11:18.057+0000] {processor.py:830} INFO - Processing file /home/airflow/.local/lib/python3.8/site-packages/airflow/example_dags/example_sla_dag.py for tasks to queue
[2026-08-10T23:11:18.062+0000] {logging_mixin.py:188} INFO - [2026-08-10T23:11:18.061+0000] {dagbag.py:538} INFO - Filling up the DagBag from /home/airflow/.local/lib/python3.8/site-packages/airflow/example_dags/example_sla_dag.py
[2026-08-10T23:11:18.075+0000] {processor.py:840} INFO - DAG(s) 'example_sla_dag' retrieved from /home/airflow/.local/lib/python3.8/site-packages/airflow/example_dags/example_sla_dag.py
[2026-08-10T23:11:18.114+0000] {logging_mixin.py:188} INFO - [2026-08-10T23:11:18.114+0000] {dag.py:3036} INFO - Sync 1 DAGs
[2026-08-10T23:11:18.219+0000] {logging_mixin.py:188} INFO - [2026-08-10T23:11:18.217+0000] {dag.py:3823} INFO - Setting next_dagrun for example_sla_dag to 2026-08-10 23:08:00+00:00, run_after=2026-08-10 23:10:00+00:00
[2026-08-10T23:11:18.334+0000] {processor.py:183} INFO - Processing /home/airflow/.local/lib/python3.8/site-packages/airflow/example_dags/example_sla_dag.py took 0.287 seconds
[2026-08-10T23:11:48.551+0000] {processor.py:161} INFO - Started process (PID=1590) to work on /home/airflow/.local/lib/python3.8/site-packages/airflow/example_dags/example_sla_dag.py
[2026-08-10T23:11:48.553+0000] {processor.py:830} INFO - Processing file /home/airflow/.local/lib/python3.8/site-packages/airflow/example_dags/example_sla_dag.py for tasks to queue
[2026-08-10T23:11:48.554+0000] {logging_mixin.py:188} INFO - [2026-08-10T23:11:48.553+0000] {dagbag.py:538} INFO - Filling up the DagBag from /home/airflow/.local/lib/python3.8/site-packages/airflow/example_dags/example_sla_dag.py
[2026-08-10T23:11:48.563+0000] {processor.py:840} INFO - DAG(s) 'example_sla_dag' retrieved from /home/airflow/.local/lib/python3.8/site-packages/airflow/example_dags/example_sla_dag.py
[2026-08-10T23:11:48.583+0000] {logging_mixin.py:188} INFO - [2026-08-10T23:11:48.583+0000] {dag.py:3036} INFO - Sync 1 DAGs
[2026-08-10T23:11:48.606+0000] {logging_mixin.py:188} INFO - [2026-08-10T23:11:48.606+0000] {dag.py:3823} INFO - Setting next_dagrun for example_sla_dag to 2026-08-10 23:08:00+00:00, run_after=2026-08-10 23:10:00+00:00
[2026-08-10T23:11:48.623+0000] {processor.py:183} INFO - Processing /home/airflow/.local/lib/python3.8/site-packages/airflow/example_dags/example_sla_dag.py took 0.076 seconds
[2026-08-10T23:12:19.118+0000] {processor.py:161} INFO - Started process (PID=1661) to work on /home/airflow/.local/lib/python3.8/site-packages/airflow/example_dags/example_sla_dag.py
[2026-08-10T23:12:19.119+0000] {processor.py:830} INFO - Processing file /home/airflow/.local/lib/python3.8/site-packages/airflow/example_dags/example_sla_dag.py for tasks to queue
[2026-08-10T23:12:19.120+0000] {logging_mixin.py:188} INFO - [2026-08-10T23:12:19.120+0000] {dagbag.py:538} INFO - Filling up the DagBag from /home/airflow/.local/lib/python3.8/site-packages/airflow/example_dags/example_sla_dag.py
[2026-08-10T23:12:19.130+0000] {processor.py:840} INFO - DAG(s) 'example_sla_dag' retrieved from /home/airflow/.local/lib/python3.8/site-packages/airflow/example_dags/example_sla_dag.py
[2026-08-10T23:12:19.153+0000] {logging_mixin.py:188} INFO - [2026-08-10T23:12:19.153+0000] {dag.py:3036} INFO - Sync 1 DAGs
[2026-08-10T23:12:19.186+0000] {logging_mixin.py:188} INFO - [2026-08-10T23:12:19.186+0000] {dag.py:3823} INFO - Setting next_dagrun for example_sla_dag to 2026-08-10 23:10:00+00:00, run_after=2026-08-10 23:12:00+00:00
[2026-08-10T23:12:19.208+0000] {processor.py:183} INFO - Processing /home/airflow/.local/lib/python3.8/site-packages/airflow/example_dags/example_sla_dag.py took 0.093 seconds
[2026-08-10T23:12:50.187+0000] {processor.py:161} INFO - Started process (PID=1732) to work on /home/airflow/.local/lib/python3.8/site-packages/airflow/example_dags/example_sla_dag.py
[2026-08-10T23:12:50.189+0000] {processor.py:830} INFO - Processing file /home/airflow/.local/lib/python3.8/site-packages/airflow/example_dags/example_sla_dag.py for tasks to queue
[2026-08-10T23:12:50.191+0000] {logging_mixin.py:188} INFO - [2026-08-10T23:12:50.191+0000] {dagbag.py:538} INFO - Filling up the DagBag from /home/airflow/.local/lib/python3.8/site-packages/airflow/example_dags/example_sla_dag.py
[2026-08-10T23:12:50.203+0000] {processor.py:840} INFO - DAG(s) 'example_sla_dag' retrieved from /home/airflow/.local/lib/python3.8/site-packages/airflow/example_dags/example_sla_dag.py
[2026-08-10T23:12:50.232+0000] {logging_mixin.py:188} INFO - [2026-08-10T23:12:50.232+0000] {dag.py:3036} INFO - Sync 1 DAGs
[2026-08-10T23:12:50.262+0000] {logging_mixin.py:188} INFO - [2026-08-10T23:12:50.262+0000] {dag.py:3823} INFO - Setting next_dagrun for example_sla_dag to 2026-08-10 23:10:00+00:00, run_after=2026-08-10 23:12:00+00:00
[2026-08-10T23:12:50.289+0000] {processor.py:183} INFO - Processing /home/airflow/.local/lib/python3.8/site-packages/airflow/example_dags/example_sla_dag.py took 0.106 seconds
[2026-08-10T23:13:22.977+0000] {processor.py:161} INFO - Started process (PID=1825) to work on /home/airflow/.local/lib/python3.8/site-packages/airflow/example_dags/example_sla_dag.py
[2026-08-10T23:13:22.984+0000] {processor.py:830} INFO - Processing file /home/airflow/.local/lib/python3.8/site-packages/airflow/example_dags/example_sla_dag.py for tasks to queue
[2026-08-10T23:13:22.986+0000] {logging_mixin.py:188} INFO - [2026-08-10T23:13:22.985+0000] {dagbag.py:538} INFO - Filling up the DagBag from /home/airflow/.local/lib/python3.8/site-packages/airflow/example_dags/example_sla_dag.py
[2026-08-10T23:13:22.999+0000] {processor.py:840} INFO - DAG(s) 'example_sla_dag' retrieved from /home/airflow/.local/lib/python3.8/site-packages/airflow/example_dags/example_sla_dag.py
[2026-08-10T23:13:23.031+0000] {logging_mixin.py:188} INFO - [2026-08-10T23:13:23.031+0000] {dag.py:3036} INFO - Sync 1 DAGs
[2026-08-10T23:13:23.067+0000] {logging_mixin.py:188} INFO - [2026-08-10T23:13:23.067+0000] {dag.py:3823} INFO - Setting next_dagrun for example_sla_dag to 2026-08-10 23:10:00+00:00, run_after=2026-08-10 23:12:00+00:00
[2026-08-10T23:13:23.090+0000] {processor.py:183} INFO - Processing /home/airflow/.local/lib/python3.8/site-packages/airflow/example_dags/example_sla_dag.py took 0.119 seconds
[2026-08-10T23:13:53.640+0000] {processor.py:161} INFO - Started process (PID=1896) to work on /home/airflow/.local/lib/python3.8/site-packages/airflow/example_dags/example_sla_dag.py
[2026-08-10T23:13:53.641+0000] {processor.py:830} INFO - Processing file /home/airflow/.local/lib/python3.8/site-packages/airflow/example_dags/example_sla_dag.py for tasks to queue
[2026-08-10T23:13:53.642+0000] {logging_mixin.py:188} INFO - [2026-08-10T23:13:53.642+0000] {dagbag.py:538} INFO - Filling up the DagBag from /home/airflow/.local/lib/python3.8/site-packages/airflow/example_dags/example_sla_dag.py
[2026-08-10T23:13:53.651+0000] {processor.py:840} INFO - DAG(s) 'example_sla_dag' retrieved from /home/airflow/.local/lib/python3.8/site-packages/airflow/example_dags/example_sla_dag.py
[2026-08-10T23:13:53.672+0000] {logging_mixin.py:188} INFO - [2026-08-10T23:13:53.671+0000] {dag.py:3036} INFO - Sync 1 DAGs
[2026-08-10T23:13:53.699+0000] {logging_mixin.py:188} INFO - [2026-08-10T23:13:53.699+0000] {dag.py:3823} INFO - Setting next_dagrun for example_sla_dag to 2026-08-10 23:10:00+00:00, run_after=2026-08-10 23:12:00+00:00
[2026-08-10T23:13:53.720+0000] {processor.py:183} INFO - Processing /home/airflow/.local/lib/python3.8/site-packages/airflow/example_dags/example_sla_dag.py took 0.083 seconds
[2026-08-10T23:14:24.151+0000] {processor.py:161} INFO - Started process (PID=1967) to work on /home/airflow/.local/lib/python3.8/site-packages/airflow/example_dags/example_sla_dag.py
[2026-08-10T23:14:24.153+0000] {processor.py:830} INFO - Processing file /home/airflow/.local/lib/python3.8/site-packages/airflow/example_dags/example_sla_dag.py for tasks to queue
[2026-08-10T23:14:24.154+0000] {logging_mixin.py:188} INFO - [2026-08-10T23:14:24.153+0000] {dagbag.py:538} INFO - Filling up the DagBag from /home/airflow/.local/lib/python3.8/site-packages/airflow/example_dags/example_sla_dag.py
[2026-08-10T23:14:24.165+0000] {processor.py:840} INFO - DAG(s) 'example_sla_dag' retrieved from /home/airflow/.local/lib/python3.8/site-packages/airflow/example_dags/example_sla_dag.py
[2026-08-10T23:14:24.186+0000] {logging_mixin.py:188} INFO - [2026-08-10T23:14:24.186+0000] {dag.py:3036} INFO - Sync 1 DAGs
[2026-08-10T23:14:24.212+0000] {logging_mixin.py:188} INFO - [2026-08-10T23:14:24.212+0000] {dag.py:3823} INFO - Setting next_dagrun for example_sla_dag to 2026-08-10 23:12:00+00:00, run_after=2026-08-10 23:14:00+00:00
[2026-08-10T23:14:24.235+0000] {processor.py:183} INFO - Processing /home/airflow/.local/lib/python3.8/site-packages/airflow/example_dags/example_sla_dag.py took 0.088 seconds
[2026-08-10T23:14:54.353+0000] {processor.py:161} INFO - Started process (PID=2038) to work on /home/airflow/.local/lib/python3.8/site-packages/airflow/example_dags/example_sla_dag.py
[2026-08-10T23:14:54.355+0000] {processor.py:830} INFO - Processing file /home/airflow/.local/lib/python3.8/site-packages/airflow/example_dags/example_sla_dag.py for tasks to queue
[2026-08-10T23:14:54.356+0000] {logging_mixin.py:188} INFO - [2026-08-10T23:14:54.355+0000] {dagbag.py:538} INFO - Filling up the DagBag from /home/airflow/.local/lib/python3.8/site-packages/airflow/example_dags/example_sla_dag.py
[2026-08-10T23:14:54.365+0000] {processor.py:840} INFO - DAG(s) 'example_sla_dag' retrieved from /home/airflow/.local/lib/python3.8/site-packages/airflow/example_dags/example_sla_dag.py
[2026-08-10T23:14:54.388+0000] {logging_mixin.py:188} INFO - [2026-08-10T23:14:54.388+0000] {dag.py:3036} INFO - Sync 1 DAGs
[2026-08-10T23:14:54.415+0000] {logging_mixin.py:188} INFO - [2026-08-10T23:14:54.415+0000] {dag.py:3823} INFO - Setting next_dagrun for example_sla_dag to 2026-08-10 23:12:00+00:00, run_after=2026-08-10 23:14:00+00:00
[2026-08-10T23:14:54.436+0000] {processor.py:183} INFO - Processing /home/airflow/.local/lib/python3.8/site-packages/airflow/example_dags/example_sla_dag.py took 0.087 seconds
[2026-08-10T23:15:24.871+0000] {processor.py:161} INFO - Started process (PID=2118) to work on /home/airflow/.local/lib/python3.8/site-packages/airflow/example_dags/example_sla_dag.py
[2026-08-10T23:15:24.873+0000] {processor.py:830} INFO - Processing file /home/airflow/.local/lib/python3.8/site-packages/airflow/example_dags/example_sla_dag.py for tasks to queue
[2026-08-10T23:15:24.874+0000] {logging_mixin.py:188} INFO - [2026-08-10T23:15:24.874+0000] {dagbag.py:538} INFO - Filling up the DagBag from /home/airflow/.local/lib/python3.8/site-packages/airflow/example_dags/example_sla_dag.py
[2026-08-10T23:15:24.884+0000] {processor.py:840} INFO - DAG(s) 'example_sla_dag' retrieved from /home/airflow/.local/lib/python3.8/site-packages/airflow/example_dags/example_sla_dag.py
[2026-08-10T23:15:24.915+0000] {logging_mixin.py:188} INFO - [2026-08-10T23:15:24.915+0000] {dag.py:3036} INFO - Sync 1 DAGs
[2026-08-10T23:15:24.948+0000] {logging_mixin.py:188} INFO - [2026-08-10T23:15:24.948+0000] {dag.py:3823} INFO - Setting next_dagrun for example_sla_dag to 2026-08-10 23:12:00+00:00, run_after=2026-08-10 23:14:00+00:00
[2026-08-10T23:15:24.969+0000] {processor.py:183} INFO - Processing /home/airflow/.local/lib/python3.8/site-packages/airflow/example_dags/example_sla_dag.py took 0.102 seconds
[2026-08-10T23:15:56.379+0000] {processor.py:161} INFO - Started process (PID=2189) to work on /home/airflow/.local/lib/python3.8/site-packages/airflow/example_dags/example_sla_dag.py
[2026-08-10T23:15:56.381+0000] {processor.py:830} INFO - Processing file /home/airflow/.local/lib/python3.8/site-packages/airflow/example_dags/example_sla_dag.py for tasks to queue
[2026-08-10T23:15:56.382+0000] {logging_mixin.py:188} INFO - [2026-08-10T23:15:56.381+0000] {dagbag.py:538} INFO - Filling up the DagBag from /home/airflow/.local/lib/python3.8/site-packages/airflow/example_dags/example_sla_dag.py
[2026-08-10T23:15:56.391+0000] {processor.py:840} INFO - DAG(s) 'example_sla_dag' retrieved from /home/airflow/.local/lib/python3.8/site-packages/airflow/example_dags/example_sla_dag.py
[2026-08-10T23:15:56.407+0000] {logging_mixin.py:188} INFO - [2026-08-10T23:15:56.407+0000] {dag.py:3036} INFO - Sync 1 DAGs
[2026-08-10T23:15:56.437+0000] {logging_mixin.py:188} INFO - [2026-08-10T23:15:56.436+0000] {dag.py:3823} INFO - Setting next_dagrun for example_sla_dag to 2026-08-10 23:12:00+00:00, run_after=2026-08-10 23:14:00+00:00
[2026-08-10T23:15:56.458+0000] {processor.py:183} INFO - Processing /home/airflow/.local/lib/python3.8/site-packages/airflow/example_dags/example_sla_dag.py took 0.084 seconds
[2026-08-10T23:16:29.583+0000] {processor.py:161} INFO - Started process (PID=2260) to work on /home/airflow/.local/lib/python3.8/site-packages/airflow/example_dags/example_sla_dag.py
[2026-08-10T23:16:29.584+0000] {processor.py:830} INFO - Processing file /home/airflow/.local/lib/python3.8/site-packages/airflow/example_dags/example_sla_dag.py for tasks to queue
[2026-08-10T23:16:29.585+0000] {logging_mixin.py:188} INFO - [2026-08-10T23:16:29.585+0000] {dagbag.py:538} INFO - Filling up the DagBag from /home/airflow/.local/lib/python3.8/site-packages/airflow/example_dags/example_sla_dag.py
[2026-08-10T23:16:29.594+0000] {processor.py:840} INFO - DAG(s) 'example_sla_dag' retrieved from /home/airflow/.local/lib/python3.8/site-packages/airflow/example_dags/example_sla_dag.py
[2026-08-10T23:16:29.859+0000] {logging_mixin.py:188} INFO - [2026-08-10T23:16:29.858+0000] {dag.py:3036} INFO - Sync 1 DAGs
[2026-08-10T23:16:29.879+0000] {logging_mixin.py:188} INFO - [2026-08-10T23:16:29.878+0000] {dag.py:3823} INFO - Setting next_dagrun for example_sla_dag to 2026-08-10 23:14:00+00:00, run_after=2026-08-10 23:16:00+00:00
[2026-08-10T23:16:29.903+0000] {processor.py:183} INFO - Processing /home/airflow/.local/lib/python3.8/site-packages/airflow/example_dags/example_sla_dag.py took 0.324 seconds
[2026-08-10T23:17:00.311+0000] {processor.py:161} INFO - Started process (PID=2334) to work on /home/airflow/.local/lib/python3.8/site-packages/airflow/example_dags/example_sla_dag.py
[2026-08-10T23:17:00.312+0000] {processor.py:830} INFO - Processing file /home/airflow/.local/lib/python3.8/site-packages/airflow/example_dags/example_sla_dag.py for tasks to queue
[2026-08-10T23:17:00.313+0000] {logging_mixin.py:188} INFO - [2026-08-10T23:17:00.313+0000] {dagbag.py:538} INFO - Filling up the DagBag from /home/airflow/.local/lib/python3.8/site-packages/airflow/example_dags/example_sla_dag.py
[2026-08-10T23:17:00.322+0000] {processor.py:840} INFO - DAG(s) 'example_sla_dag' retrieved from /home/airflow/.local/lib/python3.8/site-packages/airflow/example_dags/example_sla_dag.py
[2026-08-10T23:17:00.345+0000] {logging_mixin.py:188} INFO - [2026-08-10T23:17:00.344+0000] {dag.py:3036} INFO - Sync 1 DAGs
[2026-08-10T23:17:00.372+0000] {logging_mixin.py:188} INFO - [2026-08-10T23:17:00.372+0000] {dag.py:3823} INFO - Setting next_dagrun for example_sla_dag to 2026-08-10 23:14:00+00:00, run_after=2026-08-10 23:16:00+00:00
[2026-08-10T23:17:00.394+0000] {processor.py:183} INFO - Processing /home/airflow/.local/lib/python3.8/site-packages/airflow/example_dags/example_sla_dag.py took 0.087 seconds
[2026-08-10T23:17:31.187+0000] {processor.py:161} INFO - Started process (PID=2407) to work on /home/airflow/.local/lib/python3.8/site-packages/airflow/example_dags/example_sla_dag.py
[2026-08-10T23:17:31.189+0000] {processor.py:830} INFO - Processing file /home/airflow/.local/lib/python3.8/site-packages/airflow/example_dags/example_sla_dag.py for tasks to queue
[2026-08-10T23:17:31.190+0000] {logging_mixin.py:188} INFO - [2026-08-10T23:17:31.189+0000] {dagbag.py:538} INFO - Filling up the DagBag from /home/airflow/.local/lib/python3.8/site-packages/airflow/example_dags/example_sla_dag.py
[2026-08-10T23:17:31.198+0000] {processor.py:840} INFO - DAG(s) 'example_sla_dag' retrieved from /home/airflow/.local/lib/python3.8/site-packages/airflow/example_dags/example_sla_dag.py
[2026-08-10T23:17:31.220+0000] {logging_mixin.py:188} INFO - [2026-08-10T23:17:31.220+0000] {dag.py:3036} INFO - Sync 1 DAGs
[2026-08-10T23:17:31.243+0000] {logging_mixin.py:188} INFO - [2026-08-10T23:17:31.243+0000] {dag.py:3823} INFO - Setting next_dagrun for example_sla_dag to 2026-08-10 23:14:00+00:00, run_after=2026-08-10 23:16:00+00:00
[2026-08-10T23:17:31.263+0000] {processor.py:183} INFO - Processing /home/airflow/.local/lib/python3.8/site-packages/airflow/example_dags/example_sla_dag.py took 0.079 seconds
[2026-08-10T23:18:01.571+0000] {processor.py:161} INFO - Started process (PID=2480) to work on /home/airflow/.local/lib/python3.8/site-packages/airflow/example_dags/example_sla_dag.py
[2026-08-10T23:18:01.572+0000] {processor.py:830} INFO - Processing file /home/airflow/.local/lib/python3.8/site-packages/airflow/example_dags/example_sla_dag.py for tasks to queue
[2026-08-10T23:18:01.573+0000] {logging_mixin.py:188} INFO - [2026-08-10T23:18:01.573+0000] {dagbag.py:538} INFO - Filling up the DagBag from /home/airflow/.local/lib/python3.8/site-packages/airflow/example_dags/example_sla_dag.py
[2026-08-10T23:18:01.582+0000] {processor.py:840} INFO - DAG(s) 'example_sla_dag' retrieved from /home/airflow/.local/lib/python3.8/site-packages/airflow/example_dags/example_sla_dag.py
[2026-08-10T23:18:01.605+0000] {logging_mixin.py:188} INFO - [2026-08-10T23:18:01.605+0000] {dag.py:3036} INFO - Sync 1 DAGs
[2026-08-10T23:18:01.632+0000] {logging_mixin.py:188} INFO - [2026-08-10T23:18:01.632+0000] {dag.py:3823} INFO - Setting next_dagrun for example_sla_dag to 2026-08-10 23:16:00+00:00, run_after=2026-08-10 23:18:00+00:00
[2026-08-10T23:18:01.653+0000] {processor.py:183} INFO - Processing /home/airflow/.local/lib/python3.8/site-packages/airflow/example_dags/example_sla_dag.py took 0.086 seconds
[2026-08-10T23:18:32.047+0000] {processor.py:161} INFO - Started process (PID=2553) to work on /home/airflow/.local/lib/python3.8/site-packages/airflow/example_dags/example_sla_dag.py
[2026-08-10T23:18:32.049+0000] {processor.py:830} INFO - Processing file /home/airflow/.local/lib/python3.8/site-packages/airflow/example_dags/example_sla_dag.py for tasks to queue
[2026-08-10T23:18:32.050+0000] {logging_mixin.py:188} INFO - [2026-08-10T23:18:32.050+0000] {dagbag.py:538} INFO - Filling up the DagBag from /home/airflow/.local/lib/python3.8/site-packages/airflow/example_dags/example_sla_dag.py
[2026-08-10T23:18:32.064+0000] {processor.py:840} INFO - DAG(s) 'example_sla_dag' retrieved from /home/airflow/.local/lib/python3.8/site-packages/airflow/example_dags/example_sla_dag.py
[2026-08-10T23:18:32.091+0000] {logging_mixin.py:188} INFO - [2026-08-10T23:18:32.089+0000] {dag.py:3036} INFO - Sync 1 DAGs
[2026-08-10T23:18:32.125+0000] {logging_mixin.py:188} INFO - [2026-08-10T23:18:32.125+0000] {dag.py:3823} INFO - Setting next_dagrun for example_sla_dag to 2026-08-10 23:16:00+00:00, run_after=2026-08-10 23:18:00+00:00
[2026-08-10T23:18:32.153+0000] {processor.py:183} INFO - Processing /home/airflow/.local/lib/python3.8/site-packages/airflow/example_dags/example_sla_dag.py took 0.113 seconds
[2026-08-10T23:19:02.390+0000] {processor.py:161} INFO - Started process (PID=2626) to work on /home/airflow/.local/lib/python3.8/site-packages/airflow/example_dags/example_sla_dag.py
[2026-08-10T23:19:02.392+0000] {processor.py:830} INFO - Processing file /home/airflow/.local/lib/python3.8/site-packages/airflow/example_dags/example_sla_dag.py for tasks to queue
[2026-08-10T23:19:02.394+0000] {logging_mixin.py:188} INFO - [2026-08-10T23:19:02.393+0000] {dagbag.py:538} INFO - Filling up the DagBag from /home/airflow/.local/lib/python3.8/site-packages/airflow/example_dags/example_sla_dag.py
[2026-08-10T23:19:02.408+0000] {processor.py:840} INFO - DAG(s) 'example_sla_dag' retrieved from /home/airflow/.local/lib/python3.8/site-packages/airflow/example_dags/example_sla_dag.py
[2026-08-10T23:19:02.437+0000] {logging_mixin.py:188} INFO - [2026-08-10T23:19:02.437+0000] {dag.py:3036} INFO - Sync 1 DAGs
[2026-08-10T23:19:02.466+0000] {logging_mixin.py:188} INFO - [2026-08-10T23:19:02.466+0000] {dag.py:3823} INFO - Setting next_dagrun for example_sla_dag to 2026-08-10 23:16:00+00:00, run_after=2026-08-10 23:18:00+00:00
[2026-08-10T23:19:02.490+0000] {processor.py:183} INFO - Processing /home/airflow/.local/lib/python3.8/site-packages/airflow/example_dags/example_sla_dag.py took 0.106 seconds
[2026-08-10T23:19:32.650+0000] {processor.py:161} INFO - Started process (PID=2699) to work on /home/airflow/.local/lib/python3.8/site-packages/airflow/example_dags/example_sla_dag.py
[2026-08-10T23:19:32.653+0000] {processor.py:830} INFO - Processing file /home/airflow/.local/lib/python3.8/site-packages/airflow/example_dags/example_sla_dag.py for tasks to queue
[2026-08-10T23:19:32.655+0000] {logging_mixin.py:188} INFO - [2026-08-10T23:19:32.655+0000] {dagbag.py:538} INFO - Filling up the DagBag from /home/airflow/.local/lib/python3.8/site-packages/airflow/example_dags/example_sla_dag.py
[2026-08-10T23:19:32.671+0000] {processor.py:840} INFO - DAG(s) 'example_sla_dag' retrieved from /home/airflow/.local/lib/python3.8/site-packages/airflow/example_dags/example_sla_dag.py
[2026-08-10T23:19:32.691+0000] {logging_mixin.py:188} INFO - [2026-08-10T23:19:32.691+0000] {dag.py:3036} INFO - Sync 1 DAGs
[2026-08-10T23:19:32.720+0000] {logging_mixin.py:188} INFO - [2026-08-10T23:19:32.719+0000] {dag.py:3823} INFO - Setting next_dagrun for example_sla_dag to 2026-08-10 23:16:00+00:00, run_after=2026-08-10 23:18:00+00:00
[2026-08-10T23:19:32.742+0000] {processor.py:183} INFO - Processing /home/airflow/.local/lib/python3.8/site-packages/airflow/example_dags/example_sla_dag.py took 0.096 seconds
[2026-08-10T23:20:03.064+0000] {processor.py:161} INFO - Started process (PID=2772) to work on /home/airflow/.local/lib/python3.8/site-packages/airflow/example_dags/example_sla_dag.py
[2026-08-10T23:20:03.066+0000] {processor.py:830} INFO - Processing file /home/airflow/.local/lib/python3.8/site-packages/airflow/example_dags/example_sla_dag.py for tasks to queue
[2026-08-10T23:20:03.067+0000] {logging_mixin.py:188} INFO - [2026-08-10T23:20:03.067+0000] {dagbag.py:538} INFO - Filling up the DagBag from /home/airflow/.local/lib/python3.8/site-packages/airflow/example_dags/example_sla_dag.py
[2026-08-10T23:20:03.078+0000] {processor.py:840} INFO - DAG(s) 'example_sla_dag' retrieved from /home/airflow/.local/lib/python3.8/site-packages/airflow/example_dags/example_sla_dag.py
[2026-08-10T23:20:03.104+0000] {logging_mixin.py:188} INFO - [2026-08-10T23:20:03.104+0000] {dag.py:3036} INFO - Sync 1 DAGs
[2026-08-10T23:20:03.135+0000] {logging_mixin.py:188} INFO - [2026-08-10T23:20:03.135+0000] {dag.py:3823} INFO - Setting next_dagrun for example_sla_dag to 2026-08-10 23:18:00+00:00, run_after=2026-08-10 23:20:00+00:00
[2026-08-10T23:20:03.162+0000] {processor.py:183} INFO - Processing /home/airflow/.local/lib/python3.8/site-packages/airflow/example_dags/example_sla_dag.py took 0.102 seconds
[2026-08-10T23:20:34.544+0000] {processor.py:161} INFO - Started process (PID=2863) to work on /home/airflow/.local/lib/python3.8/site-packages/airflow/example_dags/example_sla_dag.py
[2026-08-10T23:20:34.545+0000] {processor.py:830} INFO - Processing file /home/airflow/.local/lib/python3.8/site-packages/airflow/example_dags/example_sla_dag.py for tasks to queue
[2026-08-10T23:20:34.547+0000] {logging_mixin.py:188} INFO - [2026-08-10T23:20:34.546+0000] {dagbag.py:538} INFO - Filling up the DagBag from /home/airflow/.local/lib/python3.8/site-packages/airflow/example_dags/example_sla_dag.py
[2026-08-10T23:20:34.564+0000] {processor.py:840} INFO - DAG(s) 'example_sla_dag' retrieved from /home/airflow/.local/lib/python3.8/site-packages/airflow/example_dags/example_sla_dag.py
[2026-08-10T23:20:34.592+0000] {logging_mixin.py:188} INFO - [2026-08-10T23:20:34.591+0000] {dag.py:3036} INFO - Sync 1 DAGs
[2026-08-10T23:20:34.627+0000] {logging_mixin.py:188} INFO - [2026-08-10T23:20:34.626+0000] {dag.py:3823} INFO - Setting next_dagrun for example_sla_dag to 2026-08-10 23:18:00+00:00, run_after=2026-08-10 23:20:00+00:00
[2026-08-10T23:20:34.653+0000] {processor.py:183} INFO - Processing /home/airflow/.local/lib/python3.8/site-packages/airflow/example_dags/example_sla_dag.py took 0.114 seconds
[2026-08-10T23:21:05.262+0000] {processor.py:161} INFO - Started process (PID=2940) to work on /home/airflow/.local/lib/python3.8/site-packages/airflow/example_dags/example_sla_dag.py
[2026-08-10T23:21:05.264+0000] {processor.py:830} INFO - Processing file /home/airflow/.local/lib/python3.8/site-packages/airflow/example_dags/example_sla_dag.py for tasks to queue
[2026-08-10T23:21:05.266+0000] {logging_mixin.py:188} INFO - [2026-08-10T23:21:05.266+0000] {dagbag.py:538} INFO - Filling up the DagBag from /home/airflow/.local/lib/python3.8/site-packages/airflow/example_dags/example_sla_dag.py
[2026-08-10T23:21:05.278+0000] {processor.py:840} INFO - DAG(s) 'example_sla_dag' retrieved from /home/airflow/.local/lib/python3.8/site-packages/airflow/example_dags/example_sla_dag.py
[2026-08-10T23:21:05.300+0000] {logging_mixin.py:188} INFO - [2026-08-10T23:21:05.300+0000] {dag.py:3036} INFO - Sync 1 DAGs
[2026-08-10T23:21:05.326+0000] {logging_mixin.py:188} INFO - [2026-08-10T23:21:05.326+0000] {dag.py:3823} INFO - Setting next_dagrun for example_sla_dag to 2026-08-10 23:18:00+00:00, run_after=2026-08-10 23:20:00+00:00
[2026-08-10T23:21:05.347+0000] {processor.py:183} INFO - Processing /home/airflow/.local/lib/python3.8/site-packages/airflow/example_dags/example_sla_dag.py took 0.088 seconds
[2026-08-10T23:21:35.789+0000] {processor.py:161} INFO - Started process (PID=3013) to work on /home/airflow/.local/lib/python3.8/site-packages/airflow/example_dags/example_sla_dag.py
[2026-08-10T23:21:35.791+0000] {processor.py:830} INFO - Processing file /home/airflow/.local/lib/python3.8/site-packages/airflow/example_dags/example_sla_dag.py for tasks to queue
[2026-08-10T23:21:35.792+0000] {logging_mixin.py:188} INFO - [2026-08-10T23:21:35.791+0000] {dagbag.py:538} INFO - Filling up the DagBag from /home/airflow/.local/lib/python3.8/site-packages/airflow/example_dags/example_sla_dag.py
[2026-08-10T23:21:35.802+0000] {processor.py:840} INFO - DAG(s) 'example_sla_dag' retrieved from /home/airflow/.local/lib/python3.8/site-packages/airflow/example_dags/example_sla_dag.py
[2026-08-10T23:21:35.825+0000] {logging_mixin.py:188} INFO - [2026-08-10T23:21:35.825+0000] {dag.py:3036} INFO - Sync 1 DAGs
[2026-08-10T23:21:35.851+0000] {logging_mixin.py:188} INFO - [2026-08-10T23:21:35.851+0000] {dag.py:3823} INFO - Setting next_dagrun for example_sla_dag to 2026-08-10 23:18:00+00:00, run_after=2026-08-10 23:20:00+00:00
[2026-08-10T23:21:35.871+0000] {processor.py:183} INFO - Processing /home/airflow/.local/lib/python3.8/site-packages/airflow/example_dags/example_sla_dag.py took 0.086 seconds
[2026-08-10T23:22:07.084+0000] {processor.py:161} INFO - Started process (PID=3086) to work on /home/airflow/.local/lib/python3.8/site-packages/airflow/example_dags/example_sla_dag.py
[2026-08-10T23:22:07.085+0000] {processor.py:830} INFO - Processing file /home/airflow/.local/lib/python3.8/site-packages/airflow/example_dags/example_sla_dag.py for tasks to queue
[2026-08-10T23:22:07.087+0000] {logging_mixin.py:188} INFO - [2026-08-10T23:22:07.086+0000] {dagbag.py:538} INFO - Filling up the DagBag from /home/airflow/.local/lib/python3.8/site-packages/airflow/example_dags/example_sla_dag.py
[2026-08-10T23:22:07.096+0000] {processor.py:840} INFO - DAG(s) 'example_sla_dag' retrieved from /home/airflow/.local/lib/python3.8/site-packages/airflow/example_dags/example_sla_dag.py
[2026-08-10T23:22:07.117+0000] {logging_mixin.py:188} INFO - [2026-08-10T23:22:07.117+0000] {dag.py:3036} INFO - Sync 1 DAGs
[2026-08-10T23:22:07.141+0000] {logging_mixin.py:188} INFO - [2026-08-10T23:22:07.141+0000] {dag.py:3823} INFO - Setting next_dagrun for example_sla_dag to 2026-08-10 23:20:00+00:00, run_after=2026-08-10 23:22:00+00:00
[2026-08-10T23:22:07.162+0000] {processor.py:183} INFO - Processing /home/airflow/.local/lib/python3.8/site-packages/airflow/example_dags/example_sla_dag.py took 0.081 seconds
[2026-08-10T23:22:37.634+0000] {processor.py:161} INFO - Started process (PID=3159) to work on /home/airflow/.local/lib/python3.8/site-packages/airflow/example_dags/example_sla_dag.py
[2026-08-10T23:22:37.635+0000] {processor.py:830} INFO - Processing file /home/airflow/.local/lib/python3.8/site-packages/airflow/example_dags/example_sla_dag.py for tasks to queue
[2026-08-10T23:22:37.636+0000] {logging_mixin.py:188} INFO - [2026-08-10T23:22:37.636+0000] {dagbag.py:538} INFO - Filling up the DagBag from /home/airflow/.local/lib/python3.8/site-packages/airflow/example_dags/example_sla_dag.py
[2026-08-10T23:22:37.646+0000] {processor.py:840} INFO - DAG(s) 'example_sla_dag' retrieved from /home/airflow/.local/lib/python3.8/site-packages/airflow/example_dags/example_sla_dag.py
[2026-08-10T23:22:37.668+0000] {logging_mixin.py:188} INFO - [2026-08-10T23:22:37.667+0000] {dag.py:3036} INFO - Sync 1 DAGs
[2026-08-10T23:22:37.693+0000] {logging_mixin.py:188} INFO - [2026-08-10T23:22:37.692+0000] {dag.py:3823} INFO - Setting next_dagrun for example_sla_dag to 2026-08-10 23:20:00+00:00, run_after=2026-08-10 23:22:00+00:00
[2026-08-10T23:22:37.714+0000] {processor.py:183} INFO - Processing /home/airflow/.local/lib/python3.8/site-packages/airflow/example_dags/example_sla_dag.py took 0.083 seconds
[2026-08-10T23:23:08.190+0000] {processor.py:161} INFO - Started process (PID=3232) to work on /home/airflow/.local/lib/python3.8/site-packages/airflow/example_dags/example_sla_dag.py
[2026-08-10T23:23:08.191+0000] {processor.py:830} INFO - Processing file /home/airflow/.local/lib/python3.8/site-packages/airflow/example_dags/example_sla_dag.py for tasks to queue
[2026-08-10T23:23:08.192+0000] {logging_mixin.py:188} INFO - [2026-08-10T23:23:08.192+0000] {dagbag.py:538} INFO - Filling up the DagBag from /home/airflow/.local/lib/python3.8/site-packages/airflow/example_dags/example_sla_dag.py
[2026-08-10T23:23:08.202+0000] {processor.py:840} INFO - DAG(s) 'example_sla_dag' retrieved from /home/airflow/.local/lib/python3.8/site-packages/airflow/example_dags/example_sla_dag.py
[2026-08-10T23:23:08.225+0000] {logging_mixin.py:188} INFO - [2026-08-10T23:23:08.225+0000] {dag.py:3036} INFO - Sync 1 DAGs
[2026-08-10T23:23:08.253+0000] {logging_mixin.py:188} INFO - [2026-08-10T23:23:08.252+0000] {dag.py:3823} INFO - Setting next_dagrun for example_sla_dag to 2026-08-10 23:20:00+00:00, run_after=2026-08-10 23:22:00+00:00
[2026-08-10T23:23:08.276+0000] {processor.py:183} INFO - Processing /home/airflow/.local/lib/python3.8/site-packages/airflow/example_dags/example_sla_dag.py took 0.090 seconds
[2026-08-10T23:23:38.764+0000] {processor.py:161} INFO - Started process (PID=3305) to work on /home/airflow/.local/lib/python3.8/site-packages/airflow/example_dags/example_sla_dag.py
[2026-08-10T23:23:38.766+0000] {processor.py:830} INFO - Processing file /home/airflow/.local/lib/python3.8/site-packages/airflow/example_dags/example_sla_dag.py for tasks to queue
[2026-08-10T23:23:38.769+0000] {logging_mixin.py:188} INFO - [2026-08-10T23:23:38.768+0000] {dagbag.py:538} INFO - Filling up the DagBag from /home/airflow/.local/lib/python3.8/site-packages/airflow/example_dags/example_sla_dag.py
[2026-08-10T23:23:38.790+0000] {processor.py:840} INFO - DAG(s) 'example_sla_dag' retrieved from /home/airflow/.local/lib/python3.8/site-packages/airflow/example_dags/example_sla_dag.py
[2026-08-10T23:23:38.836+0000] {logging_mixin.py:188} INFO - [2026-08-10T23:23:38.835+0000] {dag.py:3036} INFO - Sync 1 DAGs
[2026-08-10T23:23:38.895+0000] {logging_mixin.py:188} INFO - [2026-08-10T23:23:38.894+0000] {dag.py:3823} INFO - Setting next_dagrun for example_sla_dag to 2026-08-10 23:20:00+00:00, run_after=2026-08-10 23:22:00+00:00
[2026-08-10T23:23:38.934+0000] {processor.py:183} INFO - Processing /home/airflow/.local/lib/python3.8/site-packages/airflow/example_dags/example_sla_dag.py took 0.176 seconds
[2026-08-10T23:24:09.633+0000] {processor.py:161} INFO - Started process (PID=3378) to work on /home/airflow/.local/lib/python3.8/site-packages/airflow/example_dags/example_sla_dag.py
[2026-08-10T23:24:09.634+0000] {processor.py:830} INFO - Processing file /home/airflow/.local/lib/python3.8/site-packages/airflow/example_dags/example_sla_dag.py for tasks to queue
[2026-08-10T23:24:09.635+0000] {logging_mixin.py:188} INFO - [2026-08-10T23:24:09.634+0000] {dagbag.py:538} INFO - Filling up the DagBag from /home/airflow/.local/lib/python3.8/site-packages/airflow/example_dags/example_sla_dag.py
[2026-08-10T23:24:09.643+0000] {processor.py:840} INFO - DAG(s) 'example_sla_dag' retrieved from /home/airflow/.local/lib/python3.8/site-packages/airflow/example_dags/example_sla_dag.py
[2026-08-10T23:24:09.665+0000] {logging_mixin.py:188} INFO - [2026-08-10T23:24:09.664+0000] {dag.py:3036} INFO - Sync 1 DAGs
[2026-08-10T23:24:09.688+0000] {logging_mixin.py:188} INFO - [2026-08-10T23:24:09.688+0000] {dag.py:3823} INFO - Setting next_dagrun for example_sla_dag to 2026-08-10 23:22:00+00:00, run_after=2026-08-10 23:24:00+00:00
[2026-08-10T23:24:09.706+0000] {processor.py:183} INFO - Processing /home/airflow/.local/lib/python3.8/site-packages/airflow/example_dags/example_sla_dag.py took 0.077 seconds
[2026-08-10T23:24:40.982+0000] {processor.py:161} INFO - Started process (PID=3451) to work on /home/airflow/.local/lib/python3.8/site-packages/airflow/example_dags/example_sla_dag.py
[2026-08-10T23:24:40.984+0000] {processor.py:830} INFO - Processing file /home/airflow/.local/lib/python3.8/site-packages/airflow/example_dags/example_sla_dag.py for tasks to queue
[2026-08-10T23:24:40.985+0000] {logging_mixin.py:188} INFO - [2026-08-10T23:24:40.985+0000] {dagbag.py:538} INFO - Filling up the DagBag from /home/airflow/.local/lib/python3.8/site-packages/airflow/example_dags/example_sla_dag.py
[2026-08-10T23:24:41.002+0000] {processor.py:840} INFO - DAG(s) 'example_sla_dag' retrieved from /home/airflow/.local/lib/python3.8/site-packages/airflow/example_dags/example_sla_dag.py
[2026-08-10T23:24:41.036+0000] {logging_mixin.py:188} INFO - [2026-08-10T23:24:41.036+0000] {dag.py:3036} INFO - Sync 1 DAGs
[2026-08-10T23:24:41.070+0000] {logging_mixin.py:188} INFO - [2026-08-10T23:24:41.070+0000] {dag.py:3823} INFO - Setting next_dagrun for example_sla_dag to 2026-08-10 23:22:00+00:00, run_after=2026-08-10 23:24:00+00:00
[2026-08-10T23:24:41.091+0000] {processor.py:183} INFO - Processing /home/airflow/.local/lib/python3.8/site-packages/airflow/example_dags/example_sla_dag.py took 0.113 seconds
