[2026-08-10T23:01:37.307+0000] {processor.py:161} INFO - Started process (PID=149) to work on /home/airflow/.local/lib/python3.8/site-packages/airflow/example_dags/example_branch_labels.py
[2026-08-10T23:01:37.309+0000] {processor.py:830} INFO - Processing file /home/airflow/.local/lib/python3.8/site-packages/airflow/example_dags/example_branch_labels.py for tasks to queue
[2026-08-10T23:01:37.313+0000] {logging_mixin.py:188} INFO - [2026-08-10T23:01:37.313+0000] {dagbag.py:538} INFO - Filling up the DagBag from /home/airflow/.local/lib/python3.8/site-packages/airflow/example_dags/example_branch_labels.py
[2026-08-10T23:01:37.333+0000] {processor.py:840} INFO - DAG(s) 'example_branch_labels' retrieved from /home/airflow/.local/lib/python3.8/site-packages/airflow/example_dags/example_branch_labels.py
[2026-08-10T23:01:37.723+0000] {logging_mixin.py:188} INFO - [2026-08-10T23:01:37.721+0000] {dag.py:3036} INFO - Sync 1 DAGs
[2026-08-10T23:01:37.825+0000] {logging_mixin.py:188} INFO - [2026-08-10T23:01:37.825+0000] {dag.py:3823} INFO - Setting next_dagrun for example_branch_labels to 2026-08-09 00:00:00+00:00, run_after=2026-08-10 00:00:00+00:00
[2026-08-10T23:01:38.024+0000] {processor.py:183} INFO - Processing /home/airflow/.local/lib/python3.8/site-packages/airflow/example_dags/example_branch_labels.py took 0.725 seconds
[2026-08-10T23:02:08.471+0000] {processor.py:161} INFO - Started process (PID=225) to work on /home/airflow/.local/lib/python3.8/site-packages/airflow/example_dags/example_branch_labels.py
[2026-08-10T23:02:08.473+0000] {processor.py:830} INFO - Processing file /home/airflow/.local/lib/python3.8/site-packages/airflow/example_dags/example_branch_labels.py for tasks to queue
[2026-08-10T23:02:08.477+0000] {logging_mixin.py:188} INFO - [2026-08-10T23:02:08.476+0000] {dagbag.py:538} INFO - Filling up the DagBag from /home/airflow/.local/lib/python3.8/site-packages/airflow/example_dags/example_branch_labels.py
[2026-08-10T23:02:08.500+0000] {processor.py:840} INFO - DAG(s) 'example_branch_labels' retrieved from /home/airflow/.local/lib/python3.8/site-packages/airflow/example_dags/example_branch_labels.py
[2026-08-10T23:02:08.530+0000] {logging_mixin.py:188} INFO - [2026-08-10T23:02:08.530+0000] {dag.py:3036} INFO - Sync 1 DAGs
[2026-08-10T23:02:08.587+0000] {logging_mixin.py:188} INFO - [2026-08-10T23:02:08.585+0000] {dag.py:3823} INFO - Setting next_dagrun for example_branch_labels to 2026-08-09 00:00:00+00:00, run_after=2026-08-10 00:00:00+00:00
[2026-08-10T23:02:08.635+0000] {processor.py:183} INFO - Processing /home/airflow/.local/lib/python3.8/site-packages/airflow/example_dags/example_branch_labels.py took 0.176 seconds
[2026-08-10T23:02:39.038+0000] {processor.py:161} INFO - Started process (PID=297) to work on /home/airflow/.local/lib/python3.8/site-packages/airflow/example_dags/example_branch_labels.py
[2026-08-10T23:02:39.040+0000] {processor.py:830} INFO - Processing file /home/airflow/.local/lib/python3.8/site-packages/airflow/example_dags/example_branch_labels.py for tasks to queue
[2026-08-10T23:02:39.043+0000] {logging_mixin.py:188} INFO - [2026-08-10T23:02:39.043+0000] {dagbag.py:538} INFO - Filling up the DagBag from /home/airflow/.local/lib/python3.8/site-packages/airflow/example_dags/example_branch_labels.py
[2026-08-10T23:02:39.062+0000] {processor.py:840} INFO - DAG(s) 'example_branch_labels' retrieved from /home/airflow/.local/lib/python3.8/site-packages/airflow/example_dags/example_branch_labels.py
[2026-08-10T23:02:39.086+0000] {logging_mixin.py:188} INFO - [2026-08-10T23:02:39.086+0000] {dag.py:3036} INFO - Sync 1 DAGs
[2026-08-10T23:02:39.133+0000] {logging_mixin.py:188} INFO - [2026-08-10T23:02:39.133+0000] {dag.py:3823} INFO - Setting next_dagrun for example_branch_labels to 2026-08-09 00:00:00+00:00, run_after=2026-08-10 00:00:00+00:00
[2026-08-10T23:02:39.180+0000] {processor.py:183} INFO - Processing /home/airflow/.local/lib/python3.8/site-packages/airflow/example_dags/example_branch_labels.py took 0.146 seconds
[2026-08-10T23:03:09.795+0000] {processor.py:161} INFO - Started process (PID=369) to work on /home/airflow/.local/lib/python3.8/site-packages/airflow/example_dags/example_branch_labels.py
[2026-08-10T23:03:09.796+0000] {processor.py:830} INFO - Processing file /home/airflow/.local/lib/python3.8/site-packages/airflow/example_dags/example_branch_labels.py for tasks to queue
[2026-08-10T23:03:09.798+0000] {logging_mixin.py:188} INFO - [2026-08-10T23:03:09.798+0000] {dagbag.py:538} INFO - Filling up the DagBag from /home/airflow/.local/lib/python3.8/site-packages/airflow/example_dags/example_branch_labels.py
[2026-08-10T23:03:09.806+0000] {processor.py:840} INFO - DAG(s) 'example_branch_labels' retrieved from /home/airflow/.local/lib/python3.8/site-packages/airflow/example_dags/example_branch_labels.py
[2026-08-10T23:03:09.938+0000] {logging_mixin.py:188} INFO - [2026-08-10T23:03:09.937+0000] {dag.py:3036} INFO - Sync 1 DAGs
[2026-08-10T23:03:09.962+0000] {logging_mixin.py:188} INFO - [2026-08-10T23:03:09.962+0000] {dag.py:3823} INFO - Setting next_dagrun for example_branch_labels to 2026-08-09 00:00:00+00:00, run_after=2026-08-10 00:00:00+00:00
[2026-08-10T23:03:09.984+0000] {processor.py:183} INFO - Processing /home/airflow/.local/lib/python3.8/site-packages/airflow/example_dags/example_branch_labels.py took 0.193 seconds
[2026-08-10T23:03:40.868+0000] {processor.py:161} INFO - Started process (PID=449) to work on /home/airflow/.local/lib/python3.8/site-packages/airflow/example_dags/example_branch_labels.py
[2026-08-10T23:03:40.869+0000] {processor.py:830} INFO - Processing file /home/airflow/.local/lib/python3.8/site-packages/airflow/example_dags/example_branch_labels.py for tasks to queue
[2026-08-10T23:03:40.872+0000] {logging_mixin.py:188} INFO - [2026-08-10T23:03:40.871+0000] {dagbag.py:538} INFO - Filling up the DagBag from /home/airflow/.local/lib/python3.8/site-packages/airflow/example_dags/example_branch_labels.py
[2026-08-10T23:03:40.879+0000] {processor.py:840} INFO - DAG(s) 'example_branch_labels' retrieved from /home/airflow/.local/lib/python3.8/site-packages/airflow/example_dags/example_branch_labels.py
[2026-08-10T23:03:40.902+0000] {logging_mixin.py:188} INFO - [2026-08-10T23:03:40.901+0000] {dag.py:3036} INFO - Sync 1 DAGs
[2026-08-10T23:03:40.926+0000] {logging_mixin.py:188} INFO - [2026-08-10T23:03:40.925+0000] {dag.py:3823} INFO - Setting next_dagrun for example_branch_labels to 2026-08-09 00:00:00+00:00, run_after=2026-08-10 00:00:00+00:00
[2026-08-10T23:03:40.952+0000] {processor.py:183} INFO - Processing /home/airflow/.local/lib/python3.8/site-packages/airflow/example_dags/example_branch_labels.py took 0.088 seconds
[2026-08-10T23:04:11.283+0000] {processor.py:161} INFO - Started process (PID=522) to work on /home/airflow/.local/lib/python3.8/site-packages/airflow/example_dags/example_branch_labels.py
[2026-08-10T23:04:11.284+0000] {processor.py:830} INFO - Processing file /home/airflow/.local/lib/python3.8/site-packages/airflow/example_dags/example_branch_labels.py for tasks to queue
[2026-08-10T23:04:11.286+0000] {logging_mixin.py:188} INFO - [2026-08-10T23:04:11.286+0000] {dagbag.py:538} INFO - Filling up the DagBag from /home/airflow/.local/lib/python3.8/site-packages/airflow/example_dags/example_branch_labels.py
[2026-08-10T23:04:11.294+0000] {processor.py:840} INFO - DAG(s) 'example_branch_labels' retrieved from /home/airflow/.local/lib/python3.8/site-packages/airflow/example_dags/example_branch_labels.py
[2026-08-10T23:04:11.316+0000] {logging_mixin.py:188} INFO - [2026-08-10T23:04:11.316+0000] {dag.py:3036} INFO - Sync 1 DAGs
[2026-08-10T23:04:11.338+0000] {logging_mixin.py:188} INFO - [2026-08-10T23:04:11.337+0000] {dag.py:3823} INFO - Setting next_dagrun for example_branch_labels to 2026-08-09 00:00:00+00:00, run_after=2026-08-10 00:00:00+00:00
[2026-08-10T23:04:11.356+0000] {processor.py:183} INFO - Processing /home/airflow/.local/lib/python3.8/site-packages/airflow/example_dags/example_branch_labels.py took 0.077 seconds
[2026-08-10T23:04:42.346+0000] {processor.py:161} INFO - Started process (PID=594) to work on /home/airflow/.local/lib/python3.8/site-packages/airflow/example_dags/example_branch_labels.py
[2026-08-10T23:04:42.349+0000] {processor.py:830} INFO - Processing file /home/airflow/.local/lib/python3.8/site-packages/airflow/example_dags/example_branch_labels.py for tasks to queue
[2026-08-10T23:04:42.353+0000] {logging_mixin.py:188} INFO - [2026-08-10T23:04:42.352+0000] {dagbag.py:538} INFO - Filling up the DagBag from /home/airflow/.local/lib/python3.8/site-packages/airflow/example_dags/example_branch_labels.py
[2026-08-10T23:04:42.363+0000] {processor.py:840} INFO - DAG(s) 'example_branch_labels' retrieved from /home/airflow/.local/lib/python3.8/site-packages/airflow/example_dags/example_branch_labels.py
[2026-08-10T23:04:42.387+0000] {logging_mixin.py:188} INFO - [2026-08-10T23:04:42.387+0000] {dag.py:3036} INFO - Sync 1 DAGs
[2026-08-10T23:04:42.413+0000] {logging_mixin.py:188} INFO - [2026-08-10T23:04:42.413+0000] {dag.py:3823} INFO - Setting next_dagrun for example_branch_labels to 2026-08-09 00:00:00+00:00, run_after=2026-08-10 00:00:00+00:00
[2026-08-10T23:04:42.434+0000] {processor.py:183} INFO - Processing /home/airflow/.local/lib/python3.8/site-packages/airflow/example_dags/example_branch_labels.py took 0.092 seconds
[2026-08-10T23:05:12.706+0000] {processor.py:161} INFO - Started process (PID=666) to work on /home/airflow/.local/lib/python3.8/site-packages/airflow/example_dags/example_branch_labels.py
[2026-08-10T23:05:12.707+0000] {processor.py:830} INFO - Processing file /home/airflow/.local/lib/python3.8/site-packages/airflow/example_dags/example_branch_labels.py for tasks to queue
[2026-08-10T23:05:12.710+0000] {logging_mixin.py:188} INFO - [2026-08-10T23:05:12.710+0000] {dagbag.py:538} INFO - Filling up the DagBag from /home/airflow/.local/lib/python3.8/site-packages/airflow/example_dags/example_branch_labels.py
[2026-08-10T23:05:12.729+0000] {processor.py:840} INFO - DAG(s) 'example_branch_labels' retrieved from /home/airflow/.local/lib/python3.8/site-packages/airflow/example_dags/example_branch_labels.py
[2026-08-10T23:05:12.764+0000] {logging_mixin.py:188} INFO - [2026-08-10T23:05:12.763+0000] {dag.py:3036} INFO - Sync 1 DAGs
[2026-08-10T23:05:12.797+0000] {logging_mixin.py:188} INFO - [2026-08-10T23:05:12.796+0000] {dag.py:3823} INFO - Setting next_dagrun for example_branch_labels to 2026-08-09 00:00:00+00:00, run_after=2026-08-10 00:00:00+00:00
[2026-08-10T23:05:12.819+0000] {processor.py:183} INFO - Processing /home/airflow/.local/lib/python3.8/site-packages/airflow/example_dags/example_branch_labels.py took 0.118 seconds
[2026-08-10T23:05:43.080+0000] {processor.py:161} INFO - Started process (PID=738) to work on /home/airflow/.local/lib/python3.8/site-packages/airflow/example_dags/example_branch_labels.py
[2026-08-10T23:05:43.082+0000] {processor.py:830} INFO - Processing file /home/airflow/.local/lib/python3.8/site-packages/airflow/example_dags/example_branch_labels.py for tasks to queue
[2026-08-10T23:05:43.084+0000] {logging_mixin.py:188} INFO - [2026-08-10T23:05:43.084+0000] {dagbag.py:538} INFO - Filling up the DagBag from /home/airflow/.local/lib/python3.8/site-packages/airflow/example_dags/example_branch_labels.py
[2026-08-10T23:05:43.094+0000] {processor.py:840} INFO - DAG(s) 'example_branch_labels' retrieved from /home/airflow/.local/lib/python3.8/site-packages/airflow/example_dags/example_branch_labels.py
[2026-08-10T23:05:43.124+0000] {logging_mixin.py:188} INFO - [2026-08-10T23:05:43.123+0000] {dag.py:3036} INFO - Sync 1 DAGs
[2026-08-10T23:05:43.152+0000] {logging_mixin.py:188} INFO - [2026-08-10T23:05:43.152+0000] {dag.py:3823} INFO - Setting next_dagrun for example_branch_labels to 2026-08-09 00:00:00+00:00, run_after=2026-08-10 00:00:00+00:00
[2026-08-10T23:05:43.177+0000] {processor.py:183} INFO - Processing /home/airflow/.local/lib/python3.8/site-packages/airflow/example_dags/example_branch_labels.py took 0.102 seconds
[2026-08-10T23:06:13.357+0000] {processor.py:161} INFO - Started process (PID=810) to work on /home/airflow/.local/lib/python3.8/site-packages/airflow/example_dags/example_branch_labels.py
[2026-08-10T23:06:13.358+0000] {processor.py:830} INFO - Processing file /home/airflow/.local/lib/python3.8/site-packages/airflow/example_dags/example_branch_labels.py for tasks to queue
[2026-08-10T23:06:13.361+0000] {logging_mixin.py:188} INFO - [2026-08-10T23:06:13.360+0000] {dagbag.py:538} INFO - Filling up the DagBag from /home/airflow/.local/lib/python3.8/site-packages/airflow/example_dags/example_branch_labels.py
[2026-08-10T23:06:13.372+0000] {processor.py:840} INFO - DAG(s) 'example_branch_labels' retrieved from /home/airflow/.local/lib/python3.8/site-packages/airflow/example_dags/example_branch_labels.py
[2026-08-10T23:06:13.398+0000] {logging_mixin.py:188} INFO - [2026-08-10T23:06:13.398+0000] {dag.py:3036} INFO - Sync 1 DAGs
[2026-08-10T23:06:13.426+0000] {logging_mixin.py:188} INFO - [2026-08-10T23:06:13.425+0000] {dag.py:3823} INFO - Setting next_dagrun for example_branch_labels to 2026-08-09 00:00:00+00:00, run_after=2026-08-10 00:00:00+00:00
[2026-08-10T23:06:13.453+0000] {processor.py:183} INFO - Processing /home/airflow/.local/lib/python3.8/site-packages/airflow/example_dags/example_branch_labels.py took 0.100 seconds
[2026-08-10T23:06:44.301+0000] {processor.py:161} INFO - Started process (PID=882) to work on /home/airflow/.local/lib/python3.8/site-packages/airflow/example_dags/example_branch_labels.py
[2026-08-10T23:06:44.302+0000] {processor.py:830} INFO - Processing file /home/airflow/.local/lib/python3.8/site-packages/airflow/example_dags/example_branch_labels.py for tasks to queue
[2026-08-10T23:06:44.305+0000] {logging_mixin.py:188} INFO - [2026-08-10T23:06:44.304+0000] {dagbag.py:538} INFO - Filling up the DagBag from /home/airflow/.local/lib/python3.8/site-packages/airflow/example_dags/example_branch_labels.py
[2026-08-10T23:06:44.315+0000] {processor.py:840} INFO - DAG(s) 'example_branch_labels' retrieved from /home/airflow/.local/lib/python3.8/site-packages/airflow/example_dags/example_branch_labels.py
[2026-08-10T23:06:44.338+0000] {logging_mixin.py:188} INFO - [2026-08-10T23:06:44.337+0000] {dag.py:3036} INFO - Sync 1 DAGs
[2026-08-10T23:06:44.365+0000] {logging_mixin.py:188} INFO - [2026-08-10T23:06:44.364+0000] {dag.py:3823} INFO - Setting next_dagrun for example_branch_labels to 2026-08-09 00:00:00+00:00, run_after=2026-08-10 00:00:00+00:00
[2026-08-10T23:06:44.390+0000] {processor.py:183} INFO - Processing /home/airflow/.local/lib/python3.8/site-packages/airflow/example_dags/example_branch_labels.py took 0.093 seconds
[2026-08-10T23:07:14.550+0000] {processor.py:161} INFO - Started process (PID=954) to work on /home/airflow/.local/lib/python3.8/site-packages/airflow/example_dags/example_branch_labels.py
[2026-08-10T23:07:14.553+0000] {processor.py:830} INFO - Processing file /home/airflow/.local/lib/python3.8/site-packages/airflow/example_dags/example_branch_labels.py for tasks to queue
[2026-08-10T23:07:14.559+0000] {logging_mixin.py:188} INFO - [2026-08-10T23:07:14.559+0000] {dagbag.py:538} INFO - Filling up the DagBag from /home/airflow/.local/lib/python3.8/site-packages/airflow/example_dags/example_branch_labels.py
[2026-08-10T23:07:14.582+0000] {processor.py:840} INFO - DAG(s) 'example_branch_labels' retrieved from /home/airflow/.local/lib/python3.8/site-packages/airflow/example_dags/example_branch_labels.py
[2026-08-10T23:07:14.646+0000] {logging_mixin.py:188} INFO - [2026-08-10T23:07:14.645+0000] {dag.py:3036} INFO - Sync 1 DAGs
[2026-08-10T23:07:14.723+0000] {logging_mixin.py:188} INFO - [2026-08-10T23:07:14.722+0000] {dag.py:3823} INFO - Setting next_dagrun for example_branch_labels to 2026-08-09 00:00:00+00:00, run_after=2026-08-10 00:00:00+00:00
[2026-08-10T23:07:14.787+0000] {processor.py:183} INFO - Processing /home/airflow/.local/lib/python3.8/site-packages/airflow/example_dags/example_branch_labels.py took 0.243 seconds
[2026-08-10T23:07:44.972+0000] {processor.py:161} INFO - Started process (PID=1026) to work on /home/airflow/.local/lib/python3.8/site-packages/airflow/example_dags/example_branch_labels.py
[2026-08-10T23:07:44.981+0000] {processor.py:830} INFO - Processing file /home/airflow/.local/lib/python3.8/site-packages/airflow/example_dags/example_branch_labels.py for tasks to queue
[2026-08-10T23:07:44.988+0000] {logging_mixin.py:188} INFO - [2026-08-10T23:07:44.987+0000] {dagbag.py:538} INFO - Filling up the DagBag from /home/airflow/.local/lib/python3.8/site-packages/airflow/example_dags/example_branch_labels.py
[2026-08-10T23:07:45.020+0000] {processor.py:840} INFO - DAG(s) 'example_branch_labels' retrieved from /home/airflow/.local/lib/python3.8/site-packages/airflow/example_dags/example_branch_labels.py
[2026-08-10T23:07:45.136+0000] {logging_mixin.py:188} INFO - [2026-08-10T23:07:45.135+0000] {dag.py:3036} INFO - Sync 1 DAGs
[2026-08-10T23:07:45.235+0000] {logging_mixin.py:188} INFO - [2026-08-10T23:07:45.232+0000] {dag.py:3823} INFO - Setting next_dagrun for example_branch_labels to 2026-08-09 00:00:00+00:00, run_after=2026-08-10 00:00:00+00:00
[2026-08-10T23:07:45.313+0000] {processor.py:183} INFO - Processing /home/airflow/.local/lib/python3.8/site-packages/airflow/example_dags/example_branch_labels.py took 0.349 seconds
[2026-08-10T23:08:15.719+0000] {processor.py:161} INFO - Started process (PID=1098) to work on /home/airflow/.local/lib/python3.8/site-packages/airflow/example_dags/example_branch_labels.py
[2026-08-10T23:08:15.720+0000] {processor.py:830} INFO - Processing file /home/airflow/.local/lib/python3.8/site-packages/airflow/example_dags/example_branch_labels.py for tasks to queue
[2026-08-10T23:08:15.722+0000] {logging_mixin.py:188} INFO - [2026-08-10T23:08:15.722+0000] {dagbag.py:538} INFO - Filling up the DagBag from /home/airflow/.local/lib/python3.8/site-packages/airflow/example_dags/example_branch_labels.py
[2026-08-10T23:08:15.736+0000] {processor.py:840} INFO - DAG(s) 'example_branch_labels' retrieved from /home/airflow/.local/lib/python3.8/site-packages/airflow/example_dags/example_branch_labels.py
[2026-08-10T23:08:15.771+0000] {logging_mixin.py:188} INFO - [2026-08-10T23:08:15.771+0000] {dag.py:3036} INFO - Sync 1 DAGs
[2026-08-10T23:08:15.809+0000] {logging_mixin.py:188} INFO - [2026-08-10T23:08:15.809+0000] {dag.py:3823} INFO - Setting next_dagrun for example_branch_labels to 2026-08-09 00:00:00+00:00, run_after=2026-08-10 00:00:00+00:00
[2026-08-10T23:08:15.919+0000] {processor.py:183} INFO - Processing /home/airflow/.local/lib/python3.8/site-packages/airflow/example_dags/example_branch_labels.py took 0.206 seconds
[2026-08-10T23:08:46.770+0000] {processor.py:161} INFO - Started process (PID=1170) to work on /home/airflow/.local/lib/python3.8/site-packages/airflow/example_dags/example_branch_labels.py
[2026-08-10T23:08:46.772+0000] {processor.py:830} INFO - Processing file /home/airflow/.local/lib/python3.8/site-packages/airflow/example_dags/example_branch_labels.py for tasks to queue
[2026-08-10T23:08:46.774+0000] {logging_mixin.py:188} INFO - [2026-08-10T23:08:46.774+0000] {dagbag.py:538} INFO - Filling up the DagBag from /home/airflow/.local/lib/python3.8/site-packages/airflow/example_dags/example_branch_labels.py
[2026-08-10T23:08:46.783+0000] {processor.py:840} INFO - DAG(s) 'example_branch_labels' retrieved from /home/airflow/.local/lib/python3.8/site-packages/airflow/example_dags/example_branch_labels.py
[2026-08-10T23:08:46.809+0000] {logging_mixin.py:188} INFO - [2026-08-10T23:08:46.809+0000] {dag.py:3036} INFO - Sync 1 DAGs
[2026-08-10T23:08:46.831+0000] {logging_mixin.py:188} INFO - [2026-08-10T23:08:46.831+0000] {dag.py:3823} INFO - Setting next_dagrun for example_branch_labels to 2026-08-09 00:00:00+00:00, run_after=2026-08-10 00:00:00+00:00
[2026-08-10T23:08:46.852+0000] {processor.py:183} INFO - Processing /home/airflow/.local/lib/python3.8/site-packages/airflow/example_dags/example_branch_labels.py took 0.086 seconds
[2026-08-10T23:09:17.321+0000] {processor.py:161} INFO - Started process (PID=1242) to work on /home/airflow/.local/lib/python3.8/site-packages/airflow/example_dags/example_branch_labels.py
[2026-08-10T23:09:17.323+0000] {processor.py:830} INFO - Processing file /home/airflow/.local/lib/python3.8/site-packages/airflow/example_dags/example_branch_labels.py for tasks to queue
[2026-08-10T23:09:17.326+0000] {logging_mixin.py:188} INFO - [2026-08-10T23:09:17.326+0000] {dagbag.py:538} INFO - Filling up the DagBag from /home/airflow/.local/lib/python3.8/site-packages/airflow/example_dags/example_branch_labels.py
[2026-08-10T23:09:17.337+0000] {processor.py:840} INFO - DAG(s) 'example_branch_labels' retrieved from /home/airflow/.local/lib/python3.8/site-packages/airflow/example_dags/example_branch_labels.py
[2026-08-10T23:09:17.373+0000] {logging_mixin.py:188} INFO - [2026-08-10T23:09:17.373+0000] {dag.py:3036} INFO - Sync 1 DAGs
[2026-08-10T23:09:17.415+0000] {logging_mixin.py:188} INFO - [2026-08-10T23:09:17.415+0000] {dag.py:3823} INFO - Setting next_dagrun for example_branch_labels to 2026-08-09 00:00:00+00:00, run_after=2026-08-10 00:00:00+00:00
[2026-08-10T23:09:17.448+0000] {processor.py:183} INFO - Processing /home/airflow/.local/lib/python3.8/site-packages/airflow/example_dags/example_branch_labels.py took 0.131 seconds
[2026-08-10T23:09:48.392+0000] {processor.py:161} INFO - Started process (PID=1313) to work on /home/airflow/.local/lib/python3.8/site-packages/airflow/example_dags/example_branch_labels.py
[2026-08-10T23:09:48.395+0000] {processor.py:830} INFO - Processing file /home/airflow/.local/lib/python3.8/site-packages/airflow/example_dags/example_branch_labels.py for tasks to queue
[2026-08-10T23:09:48.400+0000] {logging_mixin.py:188} INFO - [2026-08-10T23:09:48.399+0000] {dagbag.py:538} INFO - Filling up the DagBag from /home/airflow/.local/lib/python3.8/site-packages/airflow/example_dags/example_branch_labels.py
[2026-08-10T23:09:48.428+0000] {processor.py:840} INFO - DAG(s) 'example_branch_labels' retrieved from /home/airflow/.local/lib/python3.8/site-packages/airflow/example_dags/example_branch_labels.py
[2026-08-10T23:09:48.499+0000] {logging_mixin.py:188} INFO - [2026-08-10T23:09:48.498+0000] {dag.py:3036} INFO - Sync 1 DAGs
[2026-08-10T23:09:48.565+0000] {logging_mixin.py:188} INFO - [2026-08-10T23:09:48.565+0000] {dag.py:3823} INFO - Setting next_dagrun for example_branch_labels to 2026-08-09 00:00:00+00:00, run_after=2026-08-10 00:00:00+00:00
[2026-08-10T23:09:48.633+0000] {processor.py:183} INFO - Processing /home/airflow/.local/lib/python3.8/site-packages/airflow/example_dags/example_branch_labels.py took 0.254 seconds
[2026-08-10T23:10:18.867+0000] {processor.py:161} INFO - Started process (PID=1385) to work on /home/airflow/.local/lib/python3.8/site-packages/airflow/example_dags/example_branch_labels.py
[2026-08-10T23:10:18.869+0000] {processor.py:830} INFO - Processing file /home/airflow/.local/lib/python3.8/site-packages/airflow/example_dags/example_branch_labels.py for tasks to queue
[2026-08-10T23:10:18.874+0000] {logging_mixin.py:188} INFO - [2026-08-10T23:10:18.873+0000] {dagbag.py:538} INFO - Filling up the DagBag from /home/airflow/.local/lib/python3.8/site-packages/airflow/example_dags/example_branch_labels.py
[2026-08-10T23:10:18.896+0000] {processor.py:840} INFO - DAG(s) 'example_branch_labels' retrieved from /home/airflow/.local/lib/python3.8/site-packages/airflow/example_dags/example_branch_labels.py
[2026-08-10T23:10:18.949+0000] {logging_mixin.py:188} INFO - [2026-08-10T23:10:18.948+0000] {dag.py:3036} INFO - Sync 1 DAGs
[2026-08-10T23:10:19.008+0000] {logging_mixin.py:188} INFO - [2026-08-10T23:10:19.007+0000] {dag.py:3823} INFO - Setting next_dagrun for example_branch_labels to 2026-08-09 00:00:00+00:00, run_after=2026-08-10 00:00:00+00:00
[2026-08-10T23:10:19.072+0000] {processor.py:183} INFO - Processing /home/airflow/.local/lib/python3.8/site-packages/airflow/example_dags/example_branch_labels.py took 0.210 seconds
[2026-08-10T23:10:49.264+0000] {processor.py:161} INFO - Started process (PID=1457) to work on /home/airflow/.local/lib/python3.8/site-packages/airflow/example_dags/example_branch_labels.py
[2026-08-10T23:10:49.266+0000] {processor.py:830} INFO - Processing file /home/airflow/.local/lib/python3.8/site-packages/airflow/example_dags/example_branch_labels.py for tasks to queue
[2026-08-10T23:10:49.268+0000] {logging_mixin.py:188} INFO - [2026-08-10T23:10:49.268+0000] {dagbag.py:538} INFO - Filling up the DagBag from /home/airflow/.local/lib/python3.8/site-packages/airflow/example_dags/example_branch_labels.py
[2026-08-10T23:10:49.277+0000] {processor.py:840} INFO - DAG(s) 'example_branch_labels' retrieved from /home/airflow/.local/lib/python3.8/site-packages/airflow/example_dags/example_branch_labels.py
[2026-08-10T23:10:49.300+0000] {logging_mixin.py:188} INFO - [2026-08-10T23:10:49.300+0000] {dag.py:3036} INFO - Sync 1 DAGs
[2026-08-10T23:10:49.323+0000] {logging_mixin.py:188} INFO - [2026-08-10T23:10:49.322+0000] {dag.py:3823} INFO - Setting next_dagrun for example_branch_labels to 2026-08-09 00:00:00+00:00, run_after=2026-08-10 00:00:00+00:00
[2026-08-10T23:10:49.345+0000] {processor.py:183} INFO - Processing /home/airflow/.local/lib/python3.8/site-packages/airflow/example_dags/example_branch_labels.py took 0.084 seconds
[2026-08-10T23:11:19.529+0000] {processor.py:161} INFO - Started process (PID=1529) to work on /home/airflow/.local/lib/python3.8/site-packages/airflow/example_dags/example_branch_labels.py
[2026-08-10T23:11:19.531+0000] {processor.py:830} INFO - Processing file /home/airflow/.local/lib/python3.8/site-packages/airflow/example_dags/example_branch_labels.py for tasks to queue
[2026-08-10T23:11:19.538+0000] {logging_mixin.py:188} INFO - [2026-08-10T23:11:19.537+0000] {dagbag.py:538} INFO - Filling up the DagBag from /home/airflow/.local/lib/python3.8/site-packages/airflow/example_dags/example_branch_labels.py
[2026-08-10T23:11:19.557+0000] {processor.py:840} INFO - DAG(s) 'example_branch_labels' retrieved from /home/airflow/.local/lib/python3.8/site-packages/airflow/example_dags/example_branch_labels.py
[2026-08-10T23:11:19.610+0000] {logging_mixin.py:188} INFO - [2026-08-10T23:11:19.609+0000] {dag.py:3036} INFO - Sync 1 DAGs
[2026-08-10T23:11:19.663+0000] {logging_mixin.py:188} INFO - [2026-08-10T23:11:19.662+0000] {dag.py:3823} INFO - Setting next_dagrun for example_branch_labels to 2026-08-09 00:00:00+00:00, run_after=2026-08-10 00:00:00+00:00
[2026-08-10T23:11:19.752+0000] {processor.py:183} INFO - Processing /home/airflow/.local/lib/python3.8/site-packages/airflow/example_dags/example_branch_labels.py took 0.232 seconds
[2026-08-10T23:11:50.567+0000] {processor.py:161} INFO - Started process (PID=1601) to work on /home/airflow/.local/lib/python3.8/site-packages/airflow/example_dags/example_branch_labels.py
[2026-08-10T23:11:50.569+0000] {processor.py:830} INFO - Processing file /home/airflow/.local/lib/python3.8/site-packages/airflow/example_dags/example_branch_labels.py for tasks to queue
[2026-08-10T23:11:50.570+0000] {logging_mixin.py:188} INFO - [2026-08-10T23:11:50.570+0000] {dagbag.py:538} INFO - Filling up the DagBag from /home/airflow/.local/lib/python3.8/site-packages/airflow/example_dags/example_branch_labels.py
[2026-08-10T23:11:50.582+0000] {processor.py:840} INFO - DAG(s) 'example_branch_labels' retrieved from /home/airflow/.local/lib/python3.8/site-packages/airflow/example_dags/example_branch_labels.py
[2026-08-10T23:11:50.606+0000] {logging_mixin.py:188} INFO - [2026-08-10T23:11:50.605+0000] {dag.py:3036} INFO - Sync 1 DAGs
[2026-08-10T23:11:50.641+0000] {logging_mixin.py:188} INFO - [2026-08-10T23:11:50.641+0000] {dag.py:3823} INFO - Setting next_dagrun for example_branch_labels to 2026-08-09 00:00:00+00:00, run_after=2026-08-10 00:00:00+00:00
[2026-08-10T23:11:50.737+0000] {processor.py:183} INFO - Processing /home/airflow/.local/lib/python3.8/site-packages/airflow/example_dags/example_branch_labels.py took 0.174 seconds
[2026-08-10T23:12:20.852+0000] {processor.py:161} INFO - Started process (PID=1672) to work on /home/airflow/.local/lib/python3.8/site-packages/airflow/example_dags/example_branch_labels.py
[2026-08-10T23:12:20.854+0000] {processor.py:830} INFO - Processing file /home/airflow/.local/lib/python3.8/site-packages/airflow/example_dags/example_branch_labels.py for tasks to queue
[2026-08-10T23:12:20.855+0000] {logging_mixin.py:188} INFO - [2026-08-10T23:12:20.855+0000] {dagbag.py:538} INFO - Filling up the DagBag from /home/airflow/.local/lib/python3.8/site-packages/airflow/example_dags/example_branch_labels.py
[2026-08-10T23:12:20.863+0000] {processor.py:840} INFO - DAG(s) 'example_branch_labels' retrieved from /home/airflow/.local/lib/python3.8/site-packages/airflow/example_dags/example_branch_labels.py
[2026-08-10T23:12:20.888+0000] {logging_mixin.py:188} INFO - [2026-08-10T23:12:20.888+0000] {dag.py:3036} INFO - Sync 1 DAGs
[2026-08-10T23:12:20.912+0000] {logging_mixin.py:188} INFO - [2026-08-10T23:12:20.912+0000] {dag.py:3823} INFO - Setting next_dagrun for example_branch_labels to 2026-08-09 00:00:00+00:00, run_after=2026-08-10 00:00:00+00:00
[2026-08-10T23:12:20.932+0000] {processor.py:183} INFO - Processing /home/airflow/.local/lib/python3.8/site-packages/airflow/example_dags/example_branch_labels.py took 0.084 seconds
[2026-08-10T23:12:51.272+0000] {processor.py:161} INFO - Started process (PID=1743) to work on /home/airflow/.local/lib/python3.8/site-packages/airflow/example_dags/example_branch_labels.py
[2026-08-10T23:12:51.275+0000] {processor.py:830} INFO - Processing file /home/airflow/.local/lib/python3.8/site-packages/airflow/example_dags/example_branch_labels.py for tasks to queue
[2026-08-10T23:12:51.278+0000] {logging_mixin.py:188} INFO - [2026-08-10T23:12:51.277+0000] {dagbag.py:538} INFO - Filling up the DagBag from /home/airflow/.local/lib/python3.8/site-packages/airflow/example_dags/example_branch_labels.py
[2026-08-10T23:12:51.292+0000] {processor.py:840} INFO - DAG(s) 'example_branch_labels' retrieved from /home/airflow/.local/lib/python3.8/site-packages/airflow/example_dags/example_branch_labels.py
[2026-08-10T23:12:51.322+0000] {logging_mixin.py:188} INFO - [2026-08-10T23:12:51.321+0000] {dag.py:3036} INFO - Sync 1 DAGs
[2026-08-10T23:12:51.356+0000] {logging_mixin.py:188} INFO - [2026-08-10T23:12:51.355+0000] {dag.py:3823} INFO - Setting next_dagrun for example_branch_labels to 2026-08-09 00:00:00+00:00, run_after=2026-08-10 00:00:00+00:00
[2026-08-10T23:12:51.379+0000] {processor.py:183} INFO - Processing /home/airflow/.local/lib/python3.8/site-packages/airflow/example_dags/example_branch_labels.py took 0.121 seconds
[2026-08-10T23:13:24.248+0000] {processor.py:161} INFO - Started process (PID=1836) to work on /home/airflow/.local/lib/python3.8/site-packages/airflow/example_dags/example_branch_labels.py
[2026-08-10T23:13:24.250+0000] {processor.py:830} INFO - Processing file /home/airflow/.local/lib/python3.8/site-packages/airflow/example_dags/example_branch_labels.py for tasks to queue
[2026-08-10T23:13:24.251+0000] {logging_mixin.py:188} INFO - [2026-08-10T23:13:24.251+0000] {dagbag.py:538} INFO - Filling up the DagBag from /home/airflow/.local/lib/python3.8/site-packages/airflow/example_dags/example_branch_labels.py
[2026-08-10T23:13:24.261+0000] {processor.py:840} INFO - DAG(s) 'example_branch_labels' retrieved from /home/airflow/.local/lib/python3.8/site-packages/airflow/example_dags/example_branch_labels.py
[2026-08-10T23:13:24.288+0000] {logging_mixin.py:188} INFO - [2026-08-10T23:13:24.288+0000] {dag.py:3036} INFO - Sync 1 DAGs
[2026-08-10T23:13:24.312+0000] {logging_mixin.py:188} INFO - [2026-08-10T23:13:24.312+0000] {dag.py:3823} INFO - Setting next_dagrun for example_branch_labels to 2026-08-09 00:00:00+00:00, run_after=2026-08-10 00:00:00+00:00
[2026-08-10T23:13:24.335+0000] {processor.py:183} INFO - Processing /home/airflow/.local/lib/python3.8/site-packages/airflow/example_dags/example_branch_labels.py took 0.090 seconds
[2026-08-10T23:13:54.483+0000] {processor.py:161} INFO - Started process (PID=1907) to work on /home/airflow/.local/lib/python3.8/site-packages/airflow/example_dags/example_branch_labels.py
[2026-08-10T23:13:54.485+0000] {processor.py:830} INFO - Processing file /home/airflow/.local/lib/python3.8/site-packages/airflow/example_dags/example_branch_labels.py for tasks to queue
[2026-08-10T23:13:54.486+0000] {logging_mixin.py:188} INFO - [2026-08-10T23:13:54.486+0000] {dagbag.py:538} INFO - Filling up the DagBag from /home/airflow/.local/lib/python3.8/site-packages/airflow/example_dags/example_branch_labels.py
[2026-08-10T23:13:54.495+0000] {processor.py:840} INFO - DAG(s) 'example_branch_labels' retrieved from /home/airflow/.local/lib/python3.8/site-packages/airflow/example_dags/example_branch_labels.py
[2026-08-10T23:13:54.522+0000] {logging_mixin.py:188} INFO - [2026-08-10T23:13:54.522+0000] {dag.py:3036} INFO - Sync 1 DAGs
[2026-08-10T23:13:54.546+0000] {logging_mixin.py:188} INFO - [2026-08-10T23:13:54.546+0000] {dag.py:3823} INFO - Setting next_dagrun for example_branch_labels to 2026-08-09 00:00:00+00:00, run_after=2026-08-10 00:00:00+00:00
[2026-08-10T23:13:54.566+0000] {processor.py:183} INFO - Processing /home/airflow/.local/lib/python3.8/site-packages/airflow/example_dags/example_branch_labels.py took 0.087 seconds
[2026-08-10T23:14:24.892+0000] {processor.py:161} INFO - Started process (PID=1978) to work on /home/airflow/.local/lib/python3.8/site-packages/airflow/example_dags/example_branch_labels.py
[2026-08-10T23:14:24.893+0000] {processor.py:830} INFO - Processing file /home/airflow/.local/lib/python3.8/site-packages/airflow/example_dags/example_branch_labels.py for tasks to queue
[2026-08-10T23:14:24.894+0000] {logging_mixin.py:188} INFO - [2026-08-10T23:14:24.894+0000] {dagbag.py:538} INFO - Filling up the DagBag from /home/airflow/.local/lib/python3.8/site-packages/airflow/example_dags/example_branch_labels.py
[2026-08-10T23:14:24.902+0000] {processor.py:840} INFO - DAG(s) 'example_branch_labels' retrieved from /home/airflow/.local/lib/python3.8/site-packages/airflow/example_dags/example_branch_labels.py
[2026-08-10T23:14:24.923+0000] {logging_mixin.py:188} INFO - [2026-08-10T23:14:24.923+0000] {dag.py:3036} INFO - Sync 1 DAGs
[2026-08-10T23:14:24.944+0000] {logging_mixin.py:188} INFO - [2026-08-10T23:14:24.944+0000] {dag.py:3823} INFO - Setting next_dagrun for example_branch_labels to 2026-08-09 00:00:00+00:00, run_after=2026-08-10 00:00:00+00:00
[2026-08-10T23:14:24.960+0000] {processor.py:183} INFO - Processing /home/airflow/.local/lib/python3.8/site-packages/airflow/example_dags/example_branch_labels.py took 0.072 seconds
[2026-08-10T23:14:55.167+0000] {processor.py:161} INFO - Started process (PID=2049) to work on /home/airflow/.local/lib/python3.8/site-packages/airflow/example_dags/example_branch_labels.py
[2026-08-10T23:14:55.168+0000] {processor.py:830} INFO - Processing file /home/airflow/.local/lib/python3.8/site-packages/airflow/example_dags/example_branch_labels.py for tasks to queue
[2026-08-10T23:14:55.169+0000] {logging_mixin.py:188} INFO - [2026-08-10T23:14:55.169+0000] {dagbag.py:538} INFO - Filling up the DagBag from /home/airflow/.local/lib/python3.8/site-packages/airflow/example_dags/example_branch_labels.py
[2026-08-10T23:14:55.178+0000] {processor.py:840} INFO - DAG(s) 'example_branch_labels' retrieved from /home/airflow/.local/lib/python3.8/site-packages/airflow/example_dags/example_branch_labels.py
[2026-08-10T23:14:55.201+0000] {logging_mixin.py:188} INFO - [2026-08-10T23:14:55.201+0000] {dag.py:3036} INFO - Sync 1 DAGs
[2026-08-10T23:14:55.222+0000] {logging_mixin.py:188} INFO - [2026-08-10T23:14:55.221+0000] {dag.py:3823} INFO - Setting next_dagrun for example_branch_labels to 2026-08-09 00:00:00+00:00, run_after=2026-08-10 00:00:00+00:00
[2026-08-10T23:14:55.239+0000] {processor.py:183} INFO - Processing /home/airflow/.local/lib/python3.8/site-packages/airflow/example_dags/example_branch_labels.py took 0.076 seconds
[2026-08-10T23:15:25.567+0000] {processor.py:161} INFO - Started process (PID=2129) to work on /home/airflow/.local/lib/python3.8/site-packages/airflow/example_dags/example_branch_labels.py
[2026-08-10T23:15:25.569+0000] {processor.py:830} INFO - Processing file /home/airflow/.local/lib/python3.8/site-packages/airflow/example_dags/example_branch_labels.py for tasks to queue
[2026-08-10T23:15:25.571+0000] {logging_mixin.py:188} INFO - [2026-08-10T23:15:25.570+0000] {dagbag.py:538} INFO - Filling up the DagBag from /home/airflow/.local/lib/python3.8/site-packages/airflow/example_dags/example_branch_labels.py
[2026-08-10T23:15:25.582+0000] {processor.py:840} INFO - DAG(s) 'example_branch_labels' retrieved from /home/airflow/.local/lib/python3.8/site-packages/airflow/example_dags/example_branch_labels.py
[2026-08-10T23:15:25.608+0000] {logging_mixin.py:188} INFO - [2026-08-10T23:15:25.608+0000] {dag.py:3036} INFO - Sync 1 DAGs
[2026-08-10T23:15:25.632+0000] {logging_mixin.py:188} INFO - [2026-08-10T23:15:25.632+0000] {dag.py:3823} INFO - Setting next_dagrun for example_branch_labels to 2026-08-09 00:00:00+00:00, run_after=2026-08-10 00:00:00+00:00
[2026-08-10T23:15:25.660+0000] {processor.py:183} INFO - Processing /home/airflow/.local/lib/python3.8/site-packages/airflow/example_dags/example_branch_labels.py took 0.100 seconds
[2026-08-10T23:15:57.079+0000] {processor.py:161} INFO - Started process (PID=2200) to work on /home/airflow/.local/lib/python3.8/site-packages/airflow/example_dags/example_branch_labels.py
[2026-08-10T23:15:57.081+0000] {processor.py:830} INFO - Processing file /home/airflow/.local/lib/python3.8/site-packages/airflow/example_dags/example_branch_labels.py for tasks to queue
[2026-08-10T23:15:57.083+0000] {logging_mixin.py:188} INFO - [2026-08-10T23:15:57.083+0000] {dagbag.py:538} INFO - Filling up the DagBag from /home/airflow/.local/lib/python3.8/site-packages/airflow/example_dags/example_branch_labels.py
[2026-08-10T23:15:57.097+0000] {processor.py:840} INFO - DAG(s) 'example_branch_labels' retrieved from /home/airflow/.local/lib/python3.8/site-packages/airflow/example_dags/example_branch_labels.py
[2026-08-10T23:15:57.116+0000] {logging_mixin.py:188} INFO - [2026-08-10T23:15:57.116+0000] {dag.py:3036} INFO - Sync 1 DAGs
[2026-08-10T23:15:57.158+0000] {logging_mixin.py:188} INFO - [2026-08-10T23:15:57.158+0000] {dag.py:3823} INFO - Setting next_dagrun for example_branch_labels to 2026-08-09 00:00:00+00:00, run_after=2026-08-10 00:00:00+00:00
[2026-08-10T23:15:57.197+0000] {processor.py:183} INFO - Processing /home/airflow/.local/lib/python3.8/site-packages/airflow/example_dags/example_branch_labels.py took 0.124 seconds
[2026-08-10T23:16:32.654+0000] {processor.py:161} INFO - Started process (PID=2274) to work on /home/airflow/.local/lib/python3.8/site-packages/airflow/example_dags/example_branch_labels.py
[2026-08-10T23:16:32.656+0000] {processor.py:830} INFO - Processing file /home/airflow/.local/lib/python3.8/site-packages/airflow/example_dags/example_branch_labels.py for tasks to queue
[2026-08-10T23:16:32.657+0000] {logging_mixin.py:188} INFO - [2026-08-10T23:16:32.657+0000] {dagbag.py:538} INFO - Filling up the DagBag from /home/airflow/.local/lib/python3.8/site-packages/airflow/example_dags/example_branch_labels.py
[2026-08-10T23:16:32.665+0000] {processor.py:840} INFO - DAG(s) 'example_branch_labels' retrieved from /home/airflow/.local/lib/python3.8/site-packages/airflow/example_dags/example_branch_labels.py
[2026-08-10T23:16:32.938+0000] {logging_mixin.py:188} INFO - [2026-08-10T23:16:32.938+0000] {dag.py:3036} INFO - Sync 1 DAGs
[2026-08-10T23:16:32.960+0000] {logging_mixin.py:188} INFO - [2026-08-10T23:16:32.960+0000] {dag.py:3823} INFO - Setting next_dagrun for example_branch_labels to 2026-08-09 00:00:00+00:00, run_after=2026-08-10 00:00:00+00:00
[2026-08-10T23:16:32.982+0000] {processor.py:183} INFO - Processing /home/airflow/.local/lib/python3.8/site-packages/airflow/example_dags/example_branch_labels.py took 0.334 seconds
[2026-08-10T23:17:03.575+0000] {processor.py:161} INFO - Started process (PID=2353) to work on /home/airflow/.local/lib/python3.8/site-packages/airflow/example_dags/example_branch_labels.py
[2026-08-10T23:17:03.577+0000] {processor.py:830} INFO - Processing file /home/airflow/.local/lib/python3.8/site-packages/airflow/example_dags/example_branch_labels.py for tasks to queue
[2026-08-10T23:17:03.578+0000] {logging_mixin.py:188} INFO - [2026-08-10T23:17:03.577+0000] {dagbag.py:538} INFO - Filling up the DagBag from /home/airflow/.local/lib/python3.8/site-packages/airflow/example_dags/example_branch_labels.py
[2026-08-10T23:17:03.587+0000] {processor.py:840} INFO - DAG(s) 'example_branch_labels' retrieved from /home/airflow/.local/lib/python3.8/site-packages/airflow/example_dags/example_branch_labels.py
[2026-08-10T23:17:03.618+0000] {logging_mixin.py:188} INFO - [2026-08-10T23:17:03.618+0000] {dag.py:3036} INFO - Sync 1 DAGs
[2026-08-10T23:17:03.823+0000] {logging_mixin.py:188} INFO - [2026-08-10T23:17:03.823+0000] {dag.py:3823} INFO - Setting next_dagrun for example_branch_labels to 2026-08-09 00:00:00+00:00, run_after=2026-08-10 00:00:00+00:00
[2026-08-10T23:17:03.844+0000] {processor.py:183} INFO - Processing /home/airflow/.local/lib/python3.8/site-packages/airflow/example_dags/example_branch_labels.py took 0.275 seconds
[2026-08-10T23:17:33.892+0000] {processor.py:161} INFO - Started process (PID=2425) to work on /home/airflow/.local/lib/python3.8/site-packages/airflow/example_dags/example_branch_labels.py
[2026-08-10T23:17:33.894+0000] {processor.py:830} INFO - Processing file /home/airflow/.local/lib/python3.8/site-packages/airflow/example_dags/example_branch_labels.py for tasks to queue
[2026-08-10T23:17:33.895+0000] {logging_mixin.py:188} INFO - [2026-08-10T23:17:33.894+0000] {dagbag.py:538} INFO - Filling up the DagBag from /home/airflow/.local/lib/python3.8/site-packages/airflow/example_dags/example_branch_labels.py
[2026-08-10T23:17:33.902+0000] {processor.py:840} INFO - DAG(s) 'example_branch_labels' retrieved from /home/airflow/.local/lib/python3.8/site-packages/airflow/example_dags/example_branch_labels.py
[2026-08-10T23:17:33.925+0000] {logging_mixin.py:188} INFO - [2026-08-10T23:17:33.925+0000] {dag.py:3036} INFO - Sync 1 DAGs
[2026-08-10T23:17:33.947+0000] {logging_mixin.py:188} INFO - [2026-08-10T23:17:33.947+0000] {dag.py:3823} INFO - Setting next_dagrun for example_branch_labels to 2026-08-09 00:00:00+00:00, run_after=2026-08-10 00:00:00+00:00
[2026-08-10T23:17:33.967+0000] {processor.py:183} INFO - Processing /home/airflow/.local/lib/python3.8/site-packages/airflow/example_dags/example_branch_labels.py took 0.079 seconds
[2026-08-10T23:18:04.172+0000] {processor.py:161} INFO - Started process (PID=2497) to work on /home/airflow/.local/lib/python3.8/site-packages/airflow/example_dags/example_branch_labels.py
[2026-08-10T23:18:04.173+0000] {processor.py:830} INFO - Processing file /home/airflow/.local/lib/python3.8/site-packages/airflow/example_dags/example_branch_labels.py for tasks to queue
[2026-08-10T23:18:04.174+0000] {logging_mixin.py:188} INFO - [2026-08-10T23:18:04.173+0000] {dagbag.py:538} INFO - Filling up the DagBag from /home/airflow/.local/lib/python3.8/site-packages/airflow/example_dags/example_branch_labels.py
[2026-08-10T23:18:04.181+0000] {processor.py:840} INFO - DAG(s) 'example_branch_labels' retrieved from /home/airflow/.local/lib/python3.8/site-packages/airflow/example_dags/example_branch_labels.py
[2026-08-10T23:18:04.203+0000] {logging_mixin.py:188} INFO - [2026-08-10T23:18:04.203+0000] {dag.py:3036} INFO - Sync 1 DAGs
[2026-08-10T23:18:04.224+0000] {logging_mixin.py:188} INFO - [2026-08-10T23:18:04.224+0000] {dag.py:3823} INFO - Setting next_dagrun for example_branch_labels to 2026-08-09 00:00:00+00:00, run_after=2026-08-10 00:00:00+00:00
[2026-08-10T23:18:04.245+0000] {processor.py:183} INFO - Processing /home/airflow/.local/lib/python3.8/site-packages/airflow/example_dags/example_branch_labels.py took 0.077 seconds
[2026-08-10T23:18:34.815+0000] {processor.py:161} INFO - Started process (PID=2571) to work on /home/airflow/.local/lib/python3.8/site-packages/airflow/example_dags/example_branch_labels.py
[2026-08-10T23:18:34.817+0000] {processor.py:830} INFO - Processing file /home/airflow/.local/lib/python3.8/site-packages/airflow/example_dags/example_branch_labels.py for tasks to queue
[2026-08-10T23:18:34.818+0000] {logging_mixin.py:188} INFO - [2026-08-10T23:18:34.817+0000] {dagbag.py:538} INFO - Filling up the DagBag from /home/airflow/.local/lib/python3.8/site-packages/airflow/example_dags/example_branch_labels.py
[2026-08-10T23:18:34.826+0000] {processor.py:840} INFO - DAG(s) 'example_branch_labels' retrieved from /home/airflow/.local/lib/python3.8/site-packages/airflow/example_dags/example_branch_labels.py
[2026-08-10T23:18:34.852+0000] {logging_mixin.py:188} INFO - [2026-08-10T23:18:34.852+0000] {dag.py:3036} INFO - Sync 1 DAGs
[2026-08-10T23:18:34.879+0000] {logging_mixin.py:188} INFO - [2026-08-10T23:18:34.879+0000] {dag.py:3823} INFO - Setting next_dagrun for example_branch_labels to 2026-08-09 00:00:00+00:00, run_after=2026-08-10 00:00:00+00:00
[2026-08-10T23:18:34.901+0000] {processor.py:183} INFO - Processing /home/airflow/.local/lib/python3.8/site-packages/airflow/example_dags/example_branch_labels.py took 0.089 seconds
[2026-08-10T23:19:05.040+0000] {processor.py:161} INFO - Started process (PID=2643) to work on /home/airflow/.local/lib/python3.8/site-packages/airflow/example_dags/example_branch_labels.py
[2026-08-10T23:19:05.041+0000] {processor.py:830} INFO - Processing file /home/airflow/.local/lib/python3.8/site-packages/airflow/example_dags/example_branch_labels.py for tasks to queue
[2026-08-10T23:19:05.042+0000] {logging_mixin.py:188} INFO - [2026-08-10T23:19:05.042+0000] {dagbag.py:538} INFO - Filling up the DagBag from /home/airflow/.local/lib/python3.8/site-packages/airflow/example_dags/example_branch_labels.py
[2026-08-10T23:19:05.051+0000] {processor.py:840} INFO - DAG(s) 'example_branch_labels' retrieved from /home/airflow/.local/lib/python3.8/site-packages/airflow/example_dags/example_branch_labels.py
[2026-08-10T23:19:05.074+0000] {logging_mixin.py:188} INFO - [2026-08-10T23:19:05.074+0000] {dag.py:3036} INFO - Sync 1 DAGs
[2026-08-10T23:19:05.098+0000] {logging_mixin.py:188} INFO - [2026-08-10T23:19:05.098+0000] {dag.py:3823} INFO - Setting next_dagrun for example_branch_labels to 2026-08-09 00:00:00+00:00, run_after=2026-08-10 00:00:00+00:00
[2026-08-10T23:19:05.120+0000] {processor.py:183} INFO - Processing /home/airflow/.local/lib/python3.8/site-packages/airflow/example_dags/example_branch_labels.py took 0.084 seconds
[2026-08-10T23:19:35.269+0000] {processor.py:161} INFO - Started process (PID=2716) to work on /home/airflow/.local/lib/python3.8/site-packages/airflow/example_dags/example_branch_labels.py
[2026-08-10T23:19:35.270+0000] {processor.py:830} INFO - Processing file /home/airflow/.local/lib/python3.8/site-packages/airflow/example_dags/example_branch_labels.py for tasks to queue
[2026-08-10T23:19:35.271+0000] {logging_mixin.py:188} INFO - [2026-08-10T23:19:35.271+0000] {dagbag.py:538} INFO - Filling up the DagBag from /home/airflow/.local/lib/python3.8/site-packages/airflow/example_dags/example_branch_labels.py
[2026-08-10T23:19:35.279+0000] {processor.py:840} INFO - DAG(s) 'example_branch_labels' retrieved from /home/airflow/.local/lib/python3.8/site-packages/airflow/example_dags/example_branch_labels.py
[2026-08-10T23:19:35.303+0000] {logging_mixin.py:188} INFO - [2026-08-10T23:19:35.303+0000] {dag.py:3036} INFO - Sync 1 DAGs
[2026-08-10T23:19:35.324+0000] {logging_mixin.py:188} INFO - [2026-08-10T23:19:35.324+0000] {dag.py:3823} INFO - Setting next_dagrun for example_branch_labels to 2026-08-09 00:00:00+00:00, run_after=2026-08-10 00:00:00+00:00
[2026-08-10T23:19:35.345+0000] {processor.py:183} INFO - Processing /home/airflow/.local/lib/python3.8/site-packages/airflow/example_dags/example_branch_labels.py took 0.080 seconds
[2026-08-10T23:20:05.718+0000] {processor.py:161} INFO - Started process (PID=2789) to work on /home/airflow/.local/lib/python3.8/site-packages/airflow/example_dags/example_branch_labels.py
[2026-08-10T23:20:05.719+0000] {processor.py:830} INFO - Processing file /home/airflow/.local/lib/python3.8/site-packages/airflow/example_dags/example_branch_labels.py for tasks to queue
[2026-08-10T23:20:05.720+0000] {logging_mixin.py:188} INFO - [2026-08-10T23:20:05.720+0000] {dagbag.py:538} INFO - Filling up the DagBag from /home/airflow/.local/lib/python3.8/site-packages/airflow/example_dags/example_branch_labels.py
[2026-08-10T23:20:05.728+0000] {processor.py:840} INFO - DAG(s) 'example_branch_labels' retrieved from /home/airflow/.local/lib/python3.8/site-packages/airflow/example_dags/example_branch_labels.py
[2026-08-10T23:20:05.750+0000] {logging_mixin.py:188} INFO - [2026-08-10T23:20:05.750+0000] {dag.py:3036} INFO - Sync 1 DAGs
[2026-08-10T23:20:05.772+0000] {logging_mixin.py:188} INFO - [2026-08-10T23:20:05.772+0000] {dag.py:3823} INFO - Setting next_dagrun for example_branch_labels to 2026-08-09 00:00:00+00:00, run_after=2026-08-10 00:00:00+00:00
[2026-08-10T23:20:05.791+0000] {processor.py:183} INFO - Processing /home/airflow/.local/lib/python3.8/site-packages/airflow/example_dags/example_branch_labels.py took 0.077 seconds
[2026-08-10T23:20:36.369+0000] {processor.py:161} INFO - Started process (PID=2874) to work on /home/airflow/.local/lib/python3.8/site-packages/airflow/example_dags/example_branch_labels.py
[2026-08-10T23:20:36.370+0000] {processor.py:830} INFO - Processing file /home/airflow/.local/lib/python3.8/site-packages/airflow/example_dags/example_branch_labels.py for tasks to queue
[2026-08-10T23:20:36.371+0000] {logging_mixin.py:188} INFO - [2026-08-10T23:20:36.371+0000] {dagbag.py:538} INFO - Filling up the DagBag from /home/airflow/.local/lib/python3.8/site-packages/airflow/example_dags/example_branch_labels.py
[2026-08-10T23:20:36.379+0000] {processor.py:840} INFO - DAG(s) 'example_branch_labels' retrieved from /home/airflow/.local/lib/python3.8/site-packages/airflow/example_dags/example_branch_labels.py
[2026-08-10T23:20:36.402+0000] {logging_mixin.py:188} INFO - [2026-08-10T23:20:36.402+0000] {dag.py:3036} INFO - Sync 1 DAGs
[2026-08-10T23:20:36.428+0000] {logging_mixin.py:188} INFO - [2026-08-10T23:20:36.427+0000] {dag.py:3823} INFO - Setting next_dagrun for example_branch_labels to 2026-08-09 00:00:00+00:00, run_after=2026-08-10 00:00:00+00:00
[2026-08-10T23:20:36.459+0000] {processor.py:183} INFO - Processing /home/airflow/.local/lib/python3.8/site-packages/airflow/example_dags/example_branch_labels.py took 0.093 seconds
[2026-08-10T23:21:06.966+0000] {processor.py:161} INFO - Started process (PID=2951) to work on /home/airflow/.local/lib/python3.8/site-packages/airflow/example_dags/example_branch_labels.py
[2026-08-10T23:21:06.968+0000] {processor.py:830} INFO - Processing file /home/airflow/.local/lib/python3.8/site-packages/airflow/example_dags/example_branch_labels.py for tasks to queue
[2026-08-10T23:21:06.969+0000] {logging_mixin.py:188} INFO - [2026-08-10T23:21:06.968+0000] {dagbag.py:538} INFO - Filling up the DagBag from /home/airflow/.local/lib/python3.8/site-packages/airflow/example_dags/example_branch_labels.py
[2026-08-10T23:21:06.979+0000] {processor.py:840} INFO - DAG(s) 'example_branch_labels' retrieved from /home/airflow/.local/lib/python3.8/site-packages/airflow/example_dags/example_branch_labels.py
[2026-08-10T23:21:07.003+0000] {logging_mixin.py:188} INFO - [2026-08-10T23:21:07.003+0000] {dag.py:3036} INFO - Sync 1 DAGs
[2026-08-10T23:21:07.027+0000] {logging_mixin.py:188} INFO - [2026-08-10T23:21:07.027+0000] {dag.py:3823} INFO - Setting next_dagrun for example_branch_labels to 2026-08-09 00:00:00+00:00, run_after=2026-08-10 00:00:00+00:00
[2026-08-10T23:21:07.048+0000] {processor.py:183} INFO - Processing /home/airflow/.local/lib/python3.8/site-packages/airflow/example_dags/example_branch_labels.py took 0.085 seconds
[2026-08-10T23:21:37.402+0000] {processor.py:161} INFO - Started process (PID=3024) to work on /home/airflow/.local/lib/python3.8/site-packages/airflow/example_dags/example_branch_labels.py
[2026-08-10T23:21:37.404+0000] {processor.py:830} INFO - Processing file /home/airflow/.local/lib/python3.8/site-packages/airflow/example_dags/example_branch_labels.py for tasks to queue
[2026-08-10T23:21:37.405+0000] {logging_mixin.py:188} INFO - [2026-08-10T23:21:37.404+0000] {dagbag.py:538} INFO - Filling up the DagBag from /home/airflow/.local/lib/python3.8/site-packages/airflow/example_dags/example_branch_labels.py
[2026-08-10T23:21:37.414+0000] {processor.py:840} INFO - DAG(s) 'example_branch_labels' retrieved from /home/airflow/.local/lib/python3.8/site-packages/airflow/example_dags/example_branch_labels.py
[2026-08-10T23:21:37.455+0000] {logging_mixin.py:188} INFO - [2026-08-10T23:21:37.455+0000] {dag.py:3036} INFO - Sync 1 DAGs
[2026-08-10T23:21:37.483+0000] {logging_mixin.py:188} INFO - [2026-08-10T23:21:37.483+0000] {dag.py:3823} INFO - Setting next_dagrun for example_branch_labels to 2026-08-09 00:00:00+00:00, run_after=2026-08-10 00:00:00+00:00
[2026-08-10T23:21:37.505+0000] {processor.py:183} INFO - Processing /home/airflow/.local/lib/python3.8/site-packages/airflow/example_dags/example_branch_labels.py took 0.106 seconds
[2026-08-10T23:22:07.902+0000] {processor.py:161} INFO - Started process (PID=3097) to work on /home/airflow/.local/lib/python3.8/site-packages/airflow/example_dags/example_branch_labels.py
[2026-08-10T23:22:07.904+0000] {processor.py:830} INFO - Processing file /home/airflow/.local/lib/python3.8/site-packages/airflow/example_dags/example_branch_labels.py for tasks to queue
[2026-08-10T23:22:07.905+0000] {logging_mixin.py:188} INFO - [2026-08-10T23:22:07.905+0000] {dagbag.py:538} INFO - Filling up the DagBag from /home/airflow/.local/lib/python3.8/site-packages/airflow/example_dags/example_branch_labels.py
[2026-08-10T23:22:07.914+0000] {processor.py:840} INFO - DAG(s) 'example_branch_labels' retrieved from /home/airflow/.local/lib/python3.8/site-packages/airflow/example_dags/example_branch_labels.py
[2026-08-10T23:22:07.943+0000] {logging_mixin.py:188} INFO - [2026-08-10T23:22:07.943+0000] {dag.py:3036} INFO - Sync 1 DAGs
[2026-08-10T23:22:07.974+0000] {logging_mixin.py:188} INFO - [2026-08-10T23:22:07.974+0000] {dag.py:3823} INFO - Setting next_dagrun for example_branch_labels to 2026-08-09 00:00:00+00:00, run_after=2026-08-10 00:00:00+00:00
[2026-08-10T23:22:08.000+0000] {processor.py:183} INFO - Processing /home/airflow/.local/lib/python3.8/site-packages/airflow/example_dags/example_branch_labels.py took 0.104 seconds
[2026-08-10T23:22:38.274+0000] {processor.py:161} INFO - Started process (PID=3170) to work on /home/airflow/.local/lib/python3.8/site-packages/airflow/example_dags/example_branch_labels.py
[2026-08-10T23:22:38.275+0000] {processor.py:830} INFO - Processing file /home/airflow/.local/lib/python3.8/site-packages/airflow/example_dags/example_branch_labels.py for tasks to queue
[2026-08-10T23:22:38.276+0000] {logging_mixin.py:188} INFO - [2026-08-10T23:22:38.276+0000] {dagbag.py:538} INFO - Filling up the DagBag from /home/airflow/.local/lib/python3.8/site-packages/airflow/example_dags/example_branch_labels.py
[2026-08-10T23:22:38.284+0000] {processor.py:840} INFO - DAG(s) 'example_branch_labels' retrieved from /home/airflow/.local/lib/python3.8/site-packages/airflow/example_dags/example_branch_labels.py
[2026-08-10T23:22:38.307+0000] {logging_mixin.py:188} INFO - [2026-08-10T23:22:38.306+0000] {dag.py:3036} INFO - Sync 1 DAGs
[2026-08-10T23:22:38.327+0000] {logging_mixin.py:188} INFO - [2026-08-10T23:22:38.327+0000] {dag.py:3823} INFO - Setting next_dagrun for example_branch_labels to 2026-08-09 00:00:00+00:00, run_after=2026-08-10 00:00:00+00:00
[2026-08-10T23:22:38.344+0000] {processor.py:183} INFO - Processing /home/airflow/.local/lib/python3.8/site-packages/airflow/example_dags/example_branch_labels.py took 0.075 seconds
[2026-08-10T23:23:09.046+0000] {processor.py:161} INFO - Started process (PID=3243) to work on /home/airflow/.local/lib/python3.8/site-packages/airflow/example_dags/example_branch_labels.py
[2026-08-10T23:23:09.048+0000] {processor.py:830} INFO - Processing file /home/airflow/.local/lib/python3.8/site-packages/airflow/example_dags/example_branch_labels.py for tasks to queue
[2026-08-10T23:23:09.049+0000] {logging_mixin.py:188} INFO - [2026-08-10T23:23:09.049+0000] {dagbag.py:538} INFO - Filling up the DagBag from /home/airflow/.local/lib/python3.8/site-packages/airflow/example_dags/example_branch_labels.py
[2026-08-10T23:23:09.062+0000] {processor.py:840} INFO - DAG(s) 'example_branch_labels' retrieved from /home/airflow/.local/lib/python3.8/site-packages/airflow/example_dags/example_branch_labels.py
[2026-08-10T23:23:09.098+0000] {logging_mixin.py:188} INFO - [2026-08-10T23:23:09.098+0000] {dag.py:3036} INFO - Sync 1 DAGs
[2026-08-10T23:23:09.125+0000] {logging_mixin.py:188} INFO - [2026-08-10T23:23:09.124+0000] {dag.py:3823} INFO - Setting next_dagrun for example_branch_labels to 2026-08-09 00:00:00+00:00, run_after=2026-08-10 00:00:00+00:00
[2026-08-10T23:23:09.148+0000] {processor.py:183} INFO - Processing /home/airflow/.local/lib/python3.8/site-packages/airflow/example_dags/example_branch_labels.py took 0.107 seconds
[2026-08-10T23:23:39.533+0000] {processor.py:161} INFO - Started process (PID=3316) to work on /home/airflow/.local/lib/python3.8/site-packages/airflow/example_dags/example_branch_labels.py
[2026-08-10T23:23:39.534+0000] {processor.py:830} INFO - Processing file /home/airflow/.local/lib/python3.8/site-packages/airflow/example_dags/example_branch_labels.py for tasks to queue
[2026-08-10T23:23:39.535+0000] {logging_mixin.py:188} INFO - [2026-08-10T23:23:39.535+0000] {dagbag.py:538} INFO - Filling up the DagBag from /home/airflow/.local/lib/python3.8/site-packages/airflow/example_dags/example_branch_labels.py
[2026-08-10T23:23:39.545+0000] {processor.py:840} INFO - DAG(s) 'example_branch_labels' retrieved from /home/airflow/.local/lib/python3.8/site-packages/airflow/example_dags/example_branch_labels.py
[2026-08-10T23:23:39.570+0000] {logging_mixin.py:188} INFO - [2026-08-10T23:23:39.569+0000] {dag.py:3036} INFO - Sync 1 DAGs
[2026-08-10T23:23:39.594+0000] {logging_mixin.py:188} INFO - [2026-08-10T23:23:39.594+0000] {dag.py:3823} INFO - Setting next_dagrun for example_branch_labels to 2026-08-09 00:00:00+00:00, run_after=2026-08-10 00:00:00+00:00
[2026-08-10T23:23:39.615+0000] {processor.py:183} INFO - Processing /home/airflow/.local/lib/python3.8/site-packages/airflow/example_dags/example_branch_labels.py took 0.087 seconds
[2026-08-10T23:24:10.537+0000] {processor.py:161} INFO - Started process (PID=3389) to work on /home/airflow/.local/lib/python3.8/site-packages/airflow/example_dags/example_branch_labels.py
[2026-08-10T23:24:10.538+0000] {processor.py:830} INFO - Processing file /home/airflow/.local/lib/python3.8/site-packages/airflow/example_dags/example_branch_labels.py for tasks to queue
[2026-08-10T23:24:10.539+0000] {logging_mixin.py:188} INFO - [2026-08-10T23:24:10.539+0000] {dagbag.py:538} INFO - Filling up the DagBag from /home/airflow/.local/lib/python3.8/site-packages/airflow/example_dags/example_branch_labels.py
[2026-08-10T23:24:10.546+0000] {processor.py:840} INFO - DAG(s) 'example_branch_labels' retrieved from /home/airflow/.local/lib/python3.8/site-packages/airflow/example_dags/example_branch_labels.py
[2026-08-10T23:24:10.570+0000] {logging_mixin.py:188} INFO - [2026-08-10T23:24:10.570+0000] {dag.py:3036} INFO - Sync 1 DAGs
[2026-08-10T23:24:10.592+0000] {logging_mixin.py:188} INFO - [2026-08-10T23:24:10.591+0000] {dag.py:3823} INFO - Setting next_dagrun for example_branch_labels to 2026-08-09 00:00:00+00:00, run_after=2026-08-10 00:00:00+00:00
[2026-08-10T23:24:10.610+0000] {processor.py:183} INFO - Processing /home/airflow/.local/lib/python3.8/site-packages/airflow/example_dags/example_branch_labels.py took 0.076 seconds
[2026-08-10T23:24:41.737+0000] {processor.py:161} INFO - Started process (PID=3462) to work on /home/airflow/.local/lib/python3.8/site-packages/airflow/example_dags/example_branch_labels.py
[2026-08-10T23:24:41.738+0000] {processor.py:830} INFO - Processing file /home/airflow/.local/lib/python3.8/site-packages/airflow/example_dags/example_branch_labels.py for tasks to queue
[2026-08-10T23:24:41.739+0000] {logging_mixin.py:188} INFO - [2026-08-10T23:24:41.739+0000] {dagbag.py:538} INFO - Filling up the DagBag from /home/airflow/.local/lib/python3.8/site-packages/airflow/example_dags/example_branch_labels.py
[2026-08-10T23:24:41.747+0000] {processor.py:840} INFO - DAG(s) 'example_branch_labels' retrieved from /home/airflow/.local/lib/python3.8/site-packages/airflow/example_dags/example_branch_labels.py
[2026-08-10T23:24:41.770+0000] {logging_mixin.py:188} INFO - [2026-08-10T23:24:41.769+0000] {dag.py:3036} INFO - Sync 1 DAGs
[2026-08-10T23:24:41.790+0000] {logging_mixin.py:188} INFO - [2026-08-10T23:24:41.790+0000] {dag.py:3823} INFO - Setting next_dagrun for example_branch_labels to 2026-08-09 00:00:00+00:00, run_after=2026-08-10 00:00:00+00:00
[2026-08-10T23:24:41.808+0000] {processor.py:183} INFO - Processing /home/airflow/.local/lib/python3.8/site-packages/airflow/example_dags/example_branch_labels.py took 0.074 seconds
