[2026-08-19T12:22:05.490+0000] {processor.py:161} INFO - Started process (PID=143) to work on /home/airflow/.local/lib/python3.8/site-packages/airflow/example_dags/example_sensors.py
[2026-08-19T12:22:05.497+0000] {processor.py:830} INFO - Processing file /home/airflow/.local/lib/python3.8/site-packages/airflow/example_dags/example_sensors.py for tasks to queue
[2026-08-19T12:22:05.507+0000] {logging_mixin.py:188} INFO - [2026-08-19T12:22:05.502+0000] {dagbag.py:538} INFO - Filling up the DagBag from /home/airflow/.local/lib/python3.8/site-packages/airflow/example_dags/example_sensors.py
[2026-08-19T12:22:05.636+0000] {processor.py:840} INFO - DAG(s) 'example_sensors' retrieved from /home/airflow/.local/lib/python3.8/site-packages/airflow/example_dags/example_sensors.py
[2026-08-19T12:22:06.544+0000] {logging_mixin.py:188} INFO - [2026-08-19T12:22:06.543+0000] {dag.py:3036} INFO - Sync 1 DAGs
[2026-08-19T12:22:06.615+0000] {logging_mixin.py:188} INFO - [2026-08-19T12:22:06.615+0000] {dag.py:3823} INFO - Setting next_dagrun for example_sensors to None, run_after=None
[2026-08-19T12:22:06.756+0000] {processor.py:183} INFO - Processing /home/airflow/.local/lib/python3.8/site-packages/airflow/example_dags/example_sensors.py took 1.280 seconds
[2026-08-19T12:22:49.573+0000] {processor.py:161} INFO - Started process (PID=255) to work on /home/airflow/.local/lib/python3.8/site-packages/airflow/example_dags/example_sensors.py
[2026-08-19T12:22:49.580+0000] {processor.py:830} INFO - Processing file /home/airflow/.local/lib/python3.8/site-packages/airflow/example_dags/example_sensors.py for tasks to queue
[2026-08-19T12:22:49.585+0000] {logging_mixin.py:188} INFO - [2026-08-19T12:22:49.584+0000] {dagbag.py:538} INFO - Filling up the DagBag from /home/airflow/.local/lib/python3.8/site-packages/airflow/example_dags/example_sensors.py
[2026-08-19T12:22:49.622+0000] {processor.py:840} INFO - DAG(s) 'example_sensors' retrieved from /home/airflow/.local/lib/python3.8/site-packages/airflow/example_dags/example_sensors.py
[2026-08-19T12:22:49.697+0000] {logging_mixin.py:188} INFO - [2026-08-19T12:22:49.697+0000] {dag.py:3036} INFO - Sync 1 DAGs
[2026-08-19T12:22:49.751+0000] {logging_mixin.py:188} INFO - [2026-08-19T12:22:49.750+0000] {dag.py:3823} INFO - Setting next_dagrun for example_sensors to None, run_after=None
[2026-08-19T12:22:49.854+0000] {processor.py:183} INFO - Processing /home/airflow/.local/lib/python3.8/site-packages/airflow/example_dags/example_sensors.py took 0.291 seconds
[2026-08-19T12:23:20.404+0000] {processor.py:161} INFO - Started process (PID=338) to work on /home/airflow/.local/lib/python3.8/site-packages/airflow/example_dags/example_sensors.py
[2026-08-19T12:23:20.406+0000] {processor.py:830} INFO - Processing file /home/airflow/.local/lib/python3.8/site-packages/airflow/example_dags/example_sensors.py for tasks to queue
[2026-08-19T12:23:20.408+0000] {logging_mixin.py:188} INFO - [2026-08-19T12:23:20.408+0000] {dagbag.py:538} INFO - Filling up the DagBag from /home/airflow/.local/lib/python3.8/site-packages/airflow/example_dags/example_sensors.py
[2026-08-19T12:23:20.419+0000] {processor.py:840} INFO - DAG(s) 'example_sensors' retrieved from /home/airflow/.local/lib/python3.8/site-packages/airflow/example_dags/example_sensors.py
[2026-08-19T12:23:20.433+0000] {logging_mixin.py:188} INFO - [2026-08-19T12:23:20.432+0000] {dag.py:3036} INFO - Sync 1 DAGs
[2026-08-19T12:23:20.447+0000] {logging_mixin.py:188} INFO - [2026-08-19T12:23:20.447+0000] {dag.py:3823} INFO - Setting next_dagrun for example_sensors to None, run_after=None
[2026-08-19T12:23:20.471+0000] {processor.py:183} INFO - Processing /home/airflow/.local/lib/python3.8/site-packages/airflow/example_dags/example_sensors.py took 0.071 seconds
[2026-08-19T12:23:51.602+0000] {processor.py:161} INFO - Started process (PID=421) to work on /home/airflow/.local/lib/python3.8/site-packages/airflow/example_dags/example_sensors.py
[2026-08-19T12:23:51.604+0000] {processor.py:830} INFO - Processing file /home/airflow/.local/lib/python3.8/site-packages/airflow/example_dags/example_sensors.py for tasks to queue
[2026-08-19T12:23:51.607+0000] {logging_mixin.py:188} INFO - [2026-08-19T12:23:51.606+0000] {dagbag.py:538} INFO - Filling up the DagBag from /home/airflow/.local/lib/python3.8/site-packages/airflow/example_dags/example_sensors.py
[2026-08-19T12:23:51.618+0000] {processor.py:840} INFO - DAG(s) 'example_sensors' retrieved from /home/airflow/.local/lib/python3.8/site-packages/airflow/example_dags/example_sensors.py
[2026-08-19T12:23:51.736+0000] {logging_mixin.py:188} INFO - [2026-08-19T12:23:51.735+0000] {dag.py:3036} INFO - Sync 1 DAGs
[2026-08-19T12:23:51.748+0000] {logging_mixin.py:188} INFO - [2026-08-19T12:23:51.748+0000] {dag.py:3823} INFO - Setting next_dagrun for example_sensors to None, run_after=None
[2026-08-19T12:23:51.795+0000] {processor.py:183} INFO - Processing /home/airflow/.local/lib/python3.8/site-packages/airflow/example_dags/example_sensors.py took 0.197 seconds
[2026-08-19T12:24:22.386+0000] {processor.py:161} INFO - Started process (PID=508) to work on /home/airflow/.local/lib/python3.8/site-packages/airflow/example_dags/example_sensors.py
[2026-08-19T12:24:22.387+0000] {processor.py:830} INFO - Processing file /home/airflow/.local/lib/python3.8/site-packages/airflow/example_dags/example_sensors.py for tasks to queue
[2026-08-19T12:24:22.389+0000] {logging_mixin.py:188} INFO - [2026-08-19T12:24:22.389+0000] {dagbag.py:538} INFO - Filling up the DagBag from /home/airflow/.local/lib/python3.8/site-packages/airflow/example_dags/example_sensors.py
[2026-08-19T12:24:22.400+0000] {processor.py:840} INFO - DAG(s) 'example_sensors' retrieved from /home/airflow/.local/lib/python3.8/site-packages/airflow/example_dags/example_sensors.py
[2026-08-19T12:24:22.428+0000] {logging_mixin.py:188} INFO - [2026-08-19T12:24:22.427+0000] {dag.py:3036} INFO - Sync 1 DAGs
[2026-08-19T12:24:22.441+0000] {logging_mixin.py:188} INFO - [2026-08-19T12:24:22.441+0000] {dag.py:3823} INFO - Setting next_dagrun for example_sensors to None, run_after=None
[2026-08-19T12:24:22.499+0000] {processor.py:183} INFO - Processing /home/airflow/.local/lib/python3.8/site-packages/airflow/example_dags/example_sensors.py took 0.117 seconds
[2026-08-19T12:24:53.199+0000] {processor.py:161} INFO - Started process (PID=591) to work on /home/airflow/.local/lib/python3.8/site-packages/airflow/example_dags/example_sensors.py
[2026-08-19T12:24:53.201+0000] {processor.py:830} INFO - Processing file /home/airflow/.local/lib/python3.8/site-packages/airflow/example_dags/example_sensors.py for tasks to queue
[2026-08-19T12:24:53.205+0000] {logging_mixin.py:188} INFO - [2026-08-19T12:24:53.204+0000] {dagbag.py:538} INFO - Filling up the DagBag from /home/airflow/.local/lib/python3.8/site-packages/airflow/example_dags/example_sensors.py
[2026-08-19T12:24:53.219+0000] {processor.py:840} INFO - DAG(s) 'example_sensors' retrieved from /home/airflow/.local/lib/python3.8/site-packages/airflow/example_dags/example_sensors.py
[2026-08-19T12:24:53.248+0000] {logging_mixin.py:188} INFO - [2026-08-19T12:24:53.248+0000] {dag.py:3036} INFO - Sync 1 DAGs
[2026-08-19T12:24:53.268+0000] {logging_mixin.py:188} INFO - [2026-08-19T12:24:53.268+0000] {dag.py:3823} INFO - Setting next_dagrun for example_sensors to None, run_after=None
[2026-08-19T12:24:53.298+0000] {processor.py:183} INFO - Processing /home/airflow/.local/lib/python3.8/site-packages/airflow/example_dags/example_sensors.py took 0.106 seconds
[2026-08-19T12:25:23.876+0000] {processor.py:161} INFO - Started process (PID=672) to work on /home/airflow/.local/lib/python3.8/site-packages/airflow/example_dags/example_sensors.py
[2026-08-19T12:25:23.877+0000] {processor.py:830} INFO - Processing file /home/airflow/.local/lib/python3.8/site-packages/airflow/example_dags/example_sensors.py for tasks to queue
[2026-08-19T12:25:23.880+0000] {logging_mixin.py:188} INFO - [2026-08-19T12:25:23.879+0000] {dagbag.py:538} INFO - Filling up the DagBag from /home/airflow/.local/lib/python3.8/site-packages/airflow/example_dags/example_sensors.py
[2026-08-19T12:25:23.889+0000] {processor.py:840} INFO - DAG(s) 'example_sensors' retrieved from /home/airflow/.local/lib/python3.8/site-packages/airflow/example_dags/example_sensors.py
[2026-08-19T12:25:23.915+0000] {logging_mixin.py:188} INFO - [2026-08-19T12:25:23.915+0000] {dag.py:3036} INFO - Sync 1 DAGs
[2026-08-19T12:25:23.928+0000] {logging_mixin.py:188} INFO - [2026-08-19T12:25:23.927+0000] {dag.py:3823} INFO - Setting next_dagrun for example_sensors to None, run_after=None
[2026-08-19T12:25:23.982+0000] {processor.py:183} INFO - Processing /home/airflow/.local/lib/python3.8/site-packages/airflow/example_dags/example_sensors.py took 0.109 seconds
[2026-08-19T12:25:54.128+0000] {processor.py:161} INFO - Started process (PID=753) to work on /home/airflow/.local/lib/python3.8/site-packages/airflow/example_dags/example_sensors.py
[2026-08-19T12:25:54.130+0000] {processor.py:830} INFO - Processing file /home/airflow/.local/lib/python3.8/site-packages/airflow/example_dags/example_sensors.py for tasks to queue
[2026-08-19T12:25:54.132+0000] {logging_mixin.py:188} INFO - [2026-08-19T12:25:54.132+0000] {dagbag.py:538} INFO - Filling up the DagBag from /home/airflow/.local/lib/python3.8/site-packages/airflow/example_dags/example_sensors.py
[2026-08-19T12:25:54.142+0000] {processor.py:840} INFO - DAG(s) 'example_sensors' retrieved from /home/airflow/.local/lib/python3.8/site-packages/airflow/example_dags/example_sensors.py
[2026-08-19T12:25:54.169+0000] {logging_mixin.py:188} INFO - [2026-08-19T12:25:54.169+0000] {dag.py:3036} INFO - Sync 1 DAGs
[2026-08-19T12:25:54.182+0000] {logging_mixin.py:188} INFO - [2026-08-19T12:25:54.182+0000] {dag.py:3823} INFO - Setting next_dagrun for example_sensors to None, run_after=None
[2026-08-19T12:25:54.247+0000] {processor.py:183} INFO - Processing /home/airflow/.local/lib/python3.8/site-packages/airflow/example_dags/example_sensors.py took 0.123 seconds
[2026-08-19T12:26:25.041+0000] {processor.py:161} INFO - Started process (PID=837) to work on /home/airflow/.local/lib/python3.8/site-packages/airflow/example_dags/example_sensors.py
[2026-08-19T12:26:25.043+0000] {processor.py:830} INFO - Processing file /home/airflow/.local/lib/python3.8/site-packages/airflow/example_dags/example_sensors.py for tasks to queue
[2026-08-19T12:26:25.045+0000] {logging_mixin.py:188} INFO - [2026-08-19T12:26:25.045+0000] {dagbag.py:538} INFO - Filling up the DagBag from /home/airflow/.local/lib/python3.8/site-packages/airflow/example_dags/example_sensors.py
[2026-08-19T12:26:25.055+0000] {processor.py:840} INFO - DAG(s) 'example_sensors' retrieved from /home/airflow/.local/lib/python3.8/site-packages/airflow/example_dags/example_sensors.py
[2026-08-19T12:26:25.080+0000] {logging_mixin.py:188} INFO - [2026-08-19T12:26:25.079+0000] {dag.py:3036} INFO - Sync 1 DAGs
[2026-08-19T12:26:25.093+0000] {logging_mixin.py:188} INFO - [2026-08-19T12:26:25.093+0000] {dag.py:3823} INFO - Setting next_dagrun for example_sensors to None, run_after=None
[2026-08-19T12:26:25.313+0000] {processor.py:183} INFO - Processing /home/airflow/.local/lib/python3.8/site-packages/airflow/example_dags/example_sensors.py took 0.275 seconds
[2026-08-19T12:26:55.584+0000] {processor.py:161} INFO - Started process (PID=920) to work on /home/airflow/.local/lib/python3.8/site-packages/airflow/example_dags/example_sensors.py
[2026-08-19T12:26:55.585+0000] {processor.py:830} INFO - Processing file /home/airflow/.local/lib/python3.8/site-packages/airflow/example_dags/example_sensors.py for tasks to queue
[2026-08-19T12:26:55.587+0000] {logging_mixin.py:188} INFO - [2026-08-19T12:26:55.587+0000] {dagbag.py:538} INFO - Filling up the DagBag from /home/airflow/.local/lib/python3.8/site-packages/airflow/example_dags/example_sensors.py
[2026-08-19T12:26:55.597+0000] {processor.py:840} INFO - DAG(s) 'example_sensors' retrieved from /home/airflow/.local/lib/python3.8/site-packages/airflow/example_dags/example_sensors.py
[2026-08-19T12:26:55.621+0000] {logging_mixin.py:188} INFO - [2026-08-19T12:26:55.621+0000] {dag.py:3036} INFO - Sync 1 DAGs
[2026-08-19T12:26:55.634+0000] {logging_mixin.py:188} INFO - [2026-08-19T12:26:55.634+0000] {dag.py:3823} INFO - Setting next_dagrun for example_sensors to None, run_after=None
[2026-08-19T12:26:56.186+0000] {processor.py:183} INFO - Processing /home/airflow/.local/lib/python3.8/site-packages/airflow/example_dags/example_sensors.py took 0.606 seconds
[2026-08-19T12:27:26.861+0000] {processor.py:161} INFO - Started process (PID=1003) to work on /home/airflow/.local/lib/python3.8/site-packages/airflow/example_dags/example_sensors.py
[2026-08-19T12:27:26.862+0000] {processor.py:830} INFO - Processing file /home/airflow/.local/lib/python3.8/site-packages/airflow/example_dags/example_sensors.py for tasks to queue
[2026-08-19T12:27:26.865+0000] {logging_mixin.py:188} INFO - [2026-08-19T12:27:26.864+0000] {dagbag.py:538} INFO - Filling up the DagBag from /home/airflow/.local/lib/python3.8/site-packages/airflow/example_dags/example_sensors.py
[2026-08-19T12:27:26.874+0000] {processor.py:840} INFO - DAG(s) 'example_sensors' retrieved from /home/airflow/.local/lib/python3.8/site-packages/airflow/example_dags/example_sensors.py
[2026-08-19T12:27:26.904+0000] {logging_mixin.py:188} INFO - [2026-08-19T12:27:26.904+0000] {dag.py:3036} INFO - Sync 1 DAGs
[2026-08-19T12:27:26.916+0000] {logging_mixin.py:188} INFO - [2026-08-19T12:27:26.916+0000] {dag.py:3823} INFO - Setting next_dagrun for example_sensors to None, run_after=None
[2026-08-19T12:27:27.124+0000] {processor.py:183} INFO - Processing /home/airflow/.local/lib/python3.8/site-packages/airflow/example_dags/example_sensors.py took 0.267 seconds
[2026-08-19T12:27:57.753+0000] {processor.py:161} INFO - Started process (PID=1086) to work on /home/airflow/.local/lib/python3.8/site-packages/airflow/example_dags/example_sensors.py
[2026-08-19T12:27:57.754+0000] {processor.py:830} INFO - Processing file /home/airflow/.local/lib/python3.8/site-packages/airflow/example_dags/example_sensors.py for tasks to queue
[2026-08-19T12:27:57.756+0000] {logging_mixin.py:188} INFO - [2026-08-19T12:27:57.756+0000] {dagbag.py:538} INFO - Filling up the DagBag from /home/airflow/.local/lib/python3.8/site-packages/airflow/example_dags/example_sensors.py
[2026-08-19T12:27:57.771+0000] {processor.py:840} INFO - DAG(s) 'example_sensors' retrieved from /home/airflow/.local/lib/python3.8/site-packages/airflow/example_dags/example_sensors.py
[2026-08-19T12:27:57.799+0000] {logging_mixin.py:188} INFO - [2026-08-19T12:27:57.798+0000] {dag.py:3036} INFO - Sync 1 DAGs
[2026-08-19T12:27:57.812+0000] {logging_mixin.py:188} INFO - [2026-08-19T12:27:57.812+0000] {dag.py:3823} INFO - Setting next_dagrun for example_sensors to None, run_after=None
[2026-08-19T12:27:57.836+0000] {processor.py:183} INFO - Processing /home/airflow/.local/lib/python3.8/site-packages/airflow/example_dags/example_sensors.py took 0.087 seconds
[2026-08-19T12:28:28.571+0000] {processor.py:161} INFO - Started process (PID=1169) to work on /home/airflow/.local/lib/python3.8/site-packages/airflow/example_dags/example_sensors.py
[2026-08-19T12:28:28.573+0000] {processor.py:830} INFO - Processing file /home/airflow/.local/lib/python3.8/site-packages/airflow/example_dags/example_sensors.py for tasks to queue
[2026-08-19T12:28:28.576+0000] {logging_mixin.py:188} INFO - [2026-08-19T12:28:28.576+0000] {dagbag.py:538} INFO - Filling up the DagBag from /home/airflow/.local/lib/python3.8/site-packages/airflow/example_dags/example_sensors.py
[2026-08-19T12:28:28.592+0000] {processor.py:840} INFO - DAG(s) 'example_sensors' retrieved from /home/airflow/.local/lib/python3.8/site-packages/airflow/example_dags/example_sensors.py
[2026-08-19T12:28:28.634+0000] {logging_mixin.py:188} INFO - [2026-08-19T12:28:28.633+0000] {dag.py:3036} INFO - Sync 1 DAGs
[2026-08-19T12:28:28.656+0000] {logging_mixin.py:188} INFO - [2026-08-19T12:28:28.655+0000] {dag.py:3823} INFO - Setting next_dagrun for example_sensors to None, run_after=None
[2026-08-19T12:28:28.703+0000] {processor.py:183} INFO - Processing /home/airflow/.local/lib/python3.8/site-packages/airflow/example_dags/example_sensors.py took 0.137 seconds
[2026-08-19T12:28:59.489+0000] {processor.py:161} INFO - Started process (PID=1252) to work on /home/airflow/.local/lib/python3.8/site-packages/airflow/example_dags/example_sensors.py
[2026-08-19T12:28:59.491+0000] {processor.py:830} INFO - Processing file /home/airflow/.local/lib/python3.8/site-packages/airflow/example_dags/example_sensors.py for tasks to queue
[2026-08-19T12:28:59.495+0000] {logging_mixin.py:188} INFO - [2026-08-19T12:28:59.494+0000] {dagbag.py:538} INFO - Filling up the DagBag from /home/airflow/.local/lib/python3.8/site-packages/airflow/example_dags/example_sensors.py
[2026-08-19T12:28:59.511+0000] {processor.py:840} INFO - DAG(s) 'example_sensors' retrieved from /home/airflow/.local/lib/python3.8/site-packages/airflow/example_dags/example_sensors.py
[2026-08-19T12:28:59.548+0000] {logging_mixin.py:188} INFO - [2026-08-19T12:28:59.548+0000] {dag.py:3036} INFO - Sync 1 DAGs
[2026-08-19T12:28:59.564+0000] {logging_mixin.py:188} INFO - [2026-08-19T12:28:59.563+0000] {dag.py:3823} INFO - Setting next_dagrun for example_sensors to None, run_after=None
[2026-08-19T12:28:59.596+0000] {processor.py:183} INFO - Processing /home/airflow/.local/lib/python3.8/site-packages/airflow/example_dags/example_sensors.py took 0.114 seconds
[2026-08-19T12:29:30.825+0000] {processor.py:161} INFO - Started process (PID=1351) to work on /home/airflow/.local/lib/python3.8/site-packages/airflow/example_dags/example_sensors.py
[2026-08-19T12:29:30.827+0000] {processor.py:830} INFO - Processing file /home/airflow/.local/lib/python3.8/site-packages/airflow/example_dags/example_sensors.py for tasks to queue
[2026-08-19T12:29:30.829+0000] {logging_mixin.py:188} INFO - [2026-08-19T12:29:30.829+0000] {dagbag.py:538} INFO - Filling up the DagBag from /home/airflow/.local/lib/python3.8/site-packages/airflow/example_dags/example_sensors.py
[2026-08-19T12:29:30.839+0000] {processor.py:840} INFO - DAG(s) 'example_sensors' retrieved from /home/airflow/.local/lib/python3.8/site-packages/airflow/example_dags/example_sensors.py
[2026-08-19T12:29:30.864+0000] {logging_mixin.py:188} INFO - [2026-08-19T12:29:30.863+0000] {dag.py:3036} INFO - Sync 1 DAGs
[2026-08-19T12:29:30.876+0000] {logging_mixin.py:188} INFO - [2026-08-19T12:29:30.876+0000] {dag.py:3823} INFO - Setting next_dagrun for example_sensors to None, run_after=None
[2026-08-19T12:29:30.896+0000] {processor.py:183} INFO - Processing /home/airflow/.local/lib/python3.8/site-packages/airflow/example_dags/example_sensors.py took 0.075 seconds
[2026-08-19T12:30:01.455+0000] {processor.py:161} INFO - Started process (PID=1435) to work on /home/airflow/.local/lib/python3.8/site-packages/airflow/example_dags/example_sensors.py
[2026-08-19T12:30:01.457+0000] {processor.py:830} INFO - Processing file /home/airflow/.local/lib/python3.8/site-packages/airflow/example_dags/example_sensors.py for tasks to queue
[2026-08-19T12:30:01.459+0000] {logging_mixin.py:188} INFO - [2026-08-19T12:30:01.458+0000] {dagbag.py:538} INFO - Filling up the DagBag from /home/airflow/.local/lib/python3.8/site-packages/airflow/example_dags/example_sensors.py
[2026-08-19T12:30:01.467+0000] {processor.py:840} INFO - DAG(s) 'example_sensors' retrieved from /home/airflow/.local/lib/python3.8/site-packages/airflow/example_dags/example_sensors.py
[2026-08-19T12:30:01.491+0000] {logging_mixin.py:188} INFO - [2026-08-19T12:30:01.491+0000] {dag.py:3036} INFO - Sync 1 DAGs
[2026-08-19T12:30:01.503+0000] {logging_mixin.py:188} INFO - [2026-08-19T12:30:01.502+0000] {dag.py:3823} INFO - Setting next_dagrun for example_sensors to None, run_after=None
[2026-08-19T12:30:01.522+0000] {processor.py:183} INFO - Processing /home/airflow/.local/lib/python3.8/site-packages/airflow/example_dags/example_sensors.py took 0.070 seconds
[2026-08-19T12:30:32.421+0000] {processor.py:161} INFO - Started process (PID=1519) to work on /home/airflow/.local/lib/python3.8/site-packages/airflow/example_dags/example_sensors.py
[2026-08-19T12:30:32.422+0000] {processor.py:830} INFO - Processing file /home/airflow/.local/lib/python3.8/site-packages/airflow/example_dags/example_sensors.py for tasks to queue
[2026-08-19T12:30:32.424+0000] {logging_mixin.py:188} INFO - [2026-08-19T12:30:32.424+0000] {dagbag.py:538} INFO - Filling up the DagBag from /home/airflow/.local/lib/python3.8/site-packages/airflow/example_dags/example_sensors.py
[2026-08-19T12:30:32.432+0000] {processor.py:840} INFO - DAG(s) 'example_sensors' retrieved from /home/airflow/.local/lib/python3.8/site-packages/airflow/example_dags/example_sensors.py
[2026-08-19T12:30:32.459+0000] {logging_mixin.py:188} INFO - [2026-08-19T12:30:32.458+0000] {dag.py:3036} INFO - Sync 1 DAGs
[2026-08-19T12:30:32.470+0000] {logging_mixin.py:188} INFO - [2026-08-19T12:30:32.470+0000] {dag.py:3823} INFO - Setting next_dagrun for example_sensors to None, run_after=None
[2026-08-19T12:30:32.490+0000] {processor.py:183} INFO - Processing /home/airflow/.local/lib/python3.8/site-packages/airflow/example_dags/example_sensors.py took 0.072 seconds
[2026-08-19T12:31:02.930+0000] {processor.py:161} INFO - Started process (PID=1602) to work on /home/airflow/.local/lib/python3.8/site-packages/airflow/example_dags/example_sensors.py
[2026-08-19T12:31:02.932+0000] {processor.py:830} INFO - Processing file /home/airflow/.local/lib/python3.8/site-packages/airflow/example_dags/example_sensors.py for tasks to queue
[2026-08-19T12:31:02.934+0000] {logging_mixin.py:188} INFO - [2026-08-19T12:31:02.934+0000] {dagbag.py:538} INFO - Filling up the DagBag from /home/airflow/.local/lib/python3.8/site-packages/airflow/example_dags/example_sensors.py
[2026-08-19T12:31:02.943+0000] {processor.py:840} INFO - DAG(s) 'example_sensors' retrieved from /home/airflow/.local/lib/python3.8/site-packages/airflow/example_dags/example_sensors.py
[2026-08-19T12:31:02.968+0000] {logging_mixin.py:188} INFO - [2026-08-19T12:31:02.968+0000] {dag.py:3036} INFO - Sync 1 DAGs
[2026-08-19T12:31:02.979+0000] {logging_mixin.py:188} INFO - [2026-08-19T12:31:02.979+0000] {dag.py:3823} INFO - Setting next_dagrun for example_sensors to None, run_after=None
[2026-08-19T12:31:03.000+0000] {processor.py:183} INFO - Processing /home/airflow/.local/lib/python3.8/site-packages/airflow/example_dags/example_sensors.py took 0.074 seconds
[2026-08-19T12:31:34.517+0000] {processor.py:161} INFO - Started process (PID=1691) to work on /home/airflow/.local/lib/python3.8/site-packages/airflow/example_dags/example_sensors.py
[2026-08-19T12:31:34.519+0000] {processor.py:830} INFO - Processing file /home/airflow/.local/lib/python3.8/site-packages/airflow/example_dags/example_sensors.py for tasks to queue
[2026-08-19T12:31:34.521+0000] {logging_mixin.py:188} INFO - [2026-08-19T12:31:34.520+0000] {dagbag.py:538} INFO - Filling up the DagBag from /home/airflow/.local/lib/python3.8/site-packages/airflow/example_dags/example_sensors.py
[2026-08-19T12:31:34.529+0000] {processor.py:840} INFO - DAG(s) 'example_sensors' retrieved from /home/airflow/.local/lib/python3.8/site-packages/airflow/example_dags/example_sensors.py
[2026-08-19T12:31:34.554+0000] {logging_mixin.py:188} INFO - [2026-08-19T12:31:34.554+0000] {dag.py:3036} INFO - Sync 1 DAGs
[2026-08-19T12:31:34.567+0000] {logging_mixin.py:188} INFO - [2026-08-19T12:31:34.566+0000] {dag.py:3823} INFO - Setting next_dagrun for example_sensors to None, run_after=None
[2026-08-19T12:31:34.587+0000] {processor.py:183} INFO - Processing /home/airflow/.local/lib/python3.8/site-packages/airflow/example_dags/example_sensors.py took 0.073 seconds
[2026-08-19T12:32:05.410+0000] {processor.py:161} INFO - Started process (PID=1774) to work on /home/airflow/.local/lib/python3.8/site-packages/airflow/example_dags/example_sensors.py
[2026-08-19T12:32:05.412+0000] {processor.py:830} INFO - Processing file /home/airflow/.local/lib/python3.8/site-packages/airflow/example_dags/example_sensors.py for tasks to queue
[2026-08-19T12:32:05.414+0000] {logging_mixin.py:188} INFO - [2026-08-19T12:32:05.413+0000] {dagbag.py:538} INFO - Filling up the DagBag from /home/airflow/.local/lib/python3.8/site-packages/airflow/example_dags/example_sensors.py
[2026-08-19T12:32:05.429+0000] {processor.py:840} INFO - DAG(s) 'example_sensors' retrieved from /home/airflow/.local/lib/python3.8/site-packages/airflow/example_dags/example_sensors.py
[2026-08-19T12:32:05.453+0000] {logging_mixin.py:188} INFO - [2026-08-19T12:32:05.453+0000] {dag.py:3036} INFO - Sync 1 DAGs
[2026-08-19T12:32:05.465+0000] {logging_mixin.py:188} INFO - [2026-08-19T12:32:05.464+0000] {dag.py:3823} INFO - Setting next_dagrun for example_sensors to None, run_after=None
[2026-08-19T12:32:05.484+0000] {processor.py:183} INFO - Processing /home/airflow/.local/lib/python3.8/site-packages/airflow/example_dags/example_sensors.py took 0.077 seconds
[2026-08-19T12:32:36.456+0000] {processor.py:161} INFO - Started process (PID=1861) to work on /home/airflow/.local/lib/python3.8/site-packages/airflow/example_dags/example_sensors.py
[2026-08-19T12:32:36.457+0000] {processor.py:830} INFO - Processing file /home/airflow/.local/lib/python3.8/site-packages/airflow/example_dags/example_sensors.py for tasks to queue
[2026-08-19T12:32:36.459+0000] {logging_mixin.py:188} INFO - [2026-08-19T12:32:36.459+0000] {dagbag.py:538} INFO - Filling up the DagBag from /home/airflow/.local/lib/python3.8/site-packages/airflow/example_dags/example_sensors.py
[2026-08-19T12:32:36.468+0000] {processor.py:840} INFO - DAG(s) 'example_sensors' retrieved from /home/airflow/.local/lib/python3.8/site-packages/airflow/example_dags/example_sensors.py
[2026-08-19T12:32:36.491+0000] {logging_mixin.py:188} INFO - [2026-08-19T12:32:36.491+0000] {dag.py:3036} INFO - Sync 1 DAGs
[2026-08-19T12:32:36.504+0000] {logging_mixin.py:188} INFO - [2026-08-19T12:32:36.503+0000] {dag.py:3823} INFO - Setting next_dagrun for example_sensors to None, run_after=None
[2026-08-19T12:32:36.529+0000] {processor.py:183} INFO - Processing /home/airflow/.local/lib/python3.8/site-packages/airflow/example_dags/example_sensors.py took 0.076 seconds
[2026-08-19T12:33:07.605+0000] {processor.py:161} INFO - Started process (PID=1944) to work on /home/airflow/.local/lib/python3.8/site-packages/airflow/example_dags/example_sensors.py
[2026-08-19T12:33:07.607+0000] {processor.py:830} INFO - Processing file /home/airflow/.local/lib/python3.8/site-packages/airflow/example_dags/example_sensors.py for tasks to queue
[2026-08-19T12:33:07.609+0000] {logging_mixin.py:188} INFO - [2026-08-19T12:33:07.609+0000] {dagbag.py:538} INFO - Filling up the DagBag from /home/airflow/.local/lib/python3.8/site-packages/airflow/example_dags/example_sensors.py
[2026-08-19T12:33:07.619+0000] {processor.py:840} INFO - DAG(s) 'example_sensors' retrieved from /home/airflow/.local/lib/python3.8/site-packages/airflow/example_dags/example_sensors.py
[2026-08-19T12:33:07.649+0000] {logging_mixin.py:188} INFO - [2026-08-19T12:33:07.649+0000] {dag.py:3036} INFO - Sync 1 DAGs
[2026-08-19T12:33:07.663+0000] {logging_mixin.py:188} INFO - [2026-08-19T12:33:07.663+0000] {dag.py:3823} INFO - Setting next_dagrun for example_sensors to None, run_after=None
[2026-08-19T12:33:07.691+0000] {processor.py:183} INFO - Processing /home/airflow/.local/lib/python3.8/site-packages/airflow/example_dags/example_sensors.py took 0.090 seconds
[2026-08-19T12:33:38.529+0000] {processor.py:161} INFO - Started process (PID=2027) to work on /home/airflow/.local/lib/python3.8/site-packages/airflow/example_dags/example_sensors.py
[2026-08-19T12:33:38.530+0000] {processor.py:830} INFO - Processing file /home/airflow/.local/lib/python3.8/site-packages/airflow/example_dags/example_sensors.py for tasks to queue
[2026-08-19T12:33:38.533+0000] {logging_mixin.py:188} INFO - [2026-08-19T12:33:38.532+0000] {dagbag.py:538} INFO - Filling up the DagBag from /home/airflow/.local/lib/python3.8/site-packages/airflow/example_dags/example_sensors.py
[2026-08-19T12:33:38.541+0000] {processor.py:840} INFO - DAG(s) 'example_sensors' retrieved from /home/airflow/.local/lib/python3.8/site-packages/airflow/example_dags/example_sensors.py
[2026-08-19T12:33:38.566+0000] {logging_mixin.py:188} INFO - [2026-08-19T12:33:38.566+0000] {dag.py:3036} INFO - Sync 1 DAGs
[2026-08-19T12:33:38.577+0000] {logging_mixin.py:188} INFO - [2026-08-19T12:33:38.577+0000] {dag.py:3823} INFO - Setting next_dagrun for example_sensors to None, run_after=None
[2026-08-19T12:33:38.598+0000] {processor.py:183} INFO - Processing /home/airflow/.local/lib/python3.8/site-packages/airflow/example_dags/example_sensors.py took 0.072 seconds
[2026-08-19T12:34:09.244+0000] {processor.py:161} INFO - Started process (PID=2110) to work on /home/airflow/.local/lib/python3.8/site-packages/airflow/example_dags/example_sensors.py
[2026-08-19T12:34:09.245+0000] {processor.py:830} INFO - Processing file /home/airflow/.local/lib/python3.8/site-packages/airflow/example_dags/example_sensors.py for tasks to queue
[2026-08-19T12:34:09.248+0000] {logging_mixin.py:188} INFO - [2026-08-19T12:34:09.248+0000] {dagbag.py:538} INFO - Filling up the DagBag from /home/airflow/.local/lib/python3.8/site-packages/airflow/example_dags/example_sensors.py
[2026-08-19T12:34:09.257+0000] {processor.py:840} INFO - DAG(s) 'example_sensors' retrieved from /home/airflow/.local/lib/python3.8/site-packages/airflow/example_dags/example_sensors.py
[2026-08-19T12:34:09.284+0000] {logging_mixin.py:188} INFO - [2026-08-19T12:34:09.284+0000] {dag.py:3036} INFO - Sync 1 DAGs
[2026-08-19T12:34:09.298+0000] {logging_mixin.py:188} INFO - [2026-08-19T12:34:09.297+0000] {dag.py:3823} INFO - Setting next_dagrun for example_sensors to None, run_after=None
[2026-08-19T12:34:09.322+0000] {processor.py:183} INFO - Processing /home/airflow/.local/lib/python3.8/site-packages/airflow/example_dags/example_sensors.py took 0.082 seconds
[2026-08-19T12:34:39.522+0000] {processor.py:161} INFO - Started process (PID=2195) to work on /home/airflow/.local/lib/python3.8/site-packages/airflow/example_dags/example_sensors.py
[2026-08-19T12:34:39.524+0000] {processor.py:830} INFO - Processing file /home/airflow/.local/lib/python3.8/site-packages/airflow/example_dags/example_sensors.py for tasks to queue
[2026-08-19T12:34:39.526+0000] {logging_mixin.py:188} INFO - [2026-08-19T12:34:39.525+0000] {dagbag.py:538} INFO - Filling up the DagBag from /home/airflow/.local/lib/python3.8/site-packages/airflow/example_dags/example_sensors.py
[2026-08-19T12:34:39.535+0000] {processor.py:840} INFO - DAG(s) 'example_sensors' retrieved from /home/airflow/.local/lib/python3.8/site-packages/airflow/example_dags/example_sensors.py
[2026-08-19T12:34:39.559+0000] {logging_mixin.py:188} INFO - [2026-08-19T12:34:39.559+0000] {dag.py:3036} INFO - Sync 1 DAGs
[2026-08-19T12:34:39.571+0000] {logging_mixin.py:188} INFO - [2026-08-19T12:34:39.571+0000] {dag.py:3823} INFO - Setting next_dagrun for example_sensors to None, run_after=None
[2026-08-19T12:34:39.591+0000] {processor.py:183} INFO - Processing /home/airflow/.local/lib/python3.8/site-packages/airflow/example_dags/example_sensors.py took 0.072 seconds
[2026-08-19T12:35:10.226+0000] {processor.py:161} INFO - Started process (PID=2280) to work on /home/airflow/.local/lib/python3.8/site-packages/airflow/example_dags/example_sensors.py
[2026-08-19T12:35:10.227+0000] {processor.py:830} INFO - Processing file /home/airflow/.local/lib/python3.8/site-packages/airflow/example_dags/example_sensors.py for tasks to queue
[2026-08-19T12:35:10.229+0000] {logging_mixin.py:188} INFO - [2026-08-19T12:35:10.229+0000] {dagbag.py:538} INFO - Filling up the DagBag from /home/airflow/.local/lib/python3.8/site-packages/airflow/example_dags/example_sensors.py
[2026-08-19T12:35:10.237+0000] {processor.py:840} INFO - DAG(s) 'example_sensors' retrieved from /home/airflow/.local/lib/python3.8/site-packages/airflow/example_dags/example_sensors.py
[2026-08-19T12:35:10.264+0000] {logging_mixin.py:188} INFO - [2026-08-19T12:35:10.263+0000] {dag.py:3036} INFO - Sync 1 DAGs
[2026-08-19T12:35:10.276+0000] {logging_mixin.py:188} INFO - [2026-08-19T12:35:10.276+0000] {dag.py:3823} INFO - Setting next_dagrun for example_sensors to None, run_after=None
[2026-08-19T12:35:10.297+0000] {processor.py:183} INFO - Processing /home/airflow/.local/lib/python3.8/site-packages/airflow/example_dags/example_sensors.py took 0.075 seconds
[2026-08-19T12:35:41.092+0000] {processor.py:161} INFO - Started process (PID=2369) to work on /home/airflow/.local/lib/python3.8/site-packages/airflow/example_dags/example_sensors.py
[2026-08-19T12:35:41.093+0000] {processor.py:830} INFO - Processing file /home/airflow/.local/lib/python3.8/site-packages/airflow/example_dags/example_sensors.py for tasks to queue
[2026-08-19T12:35:41.095+0000] {logging_mixin.py:188} INFO - [2026-08-19T12:35:41.095+0000] {dagbag.py:538} INFO - Filling up the DagBag from /home/airflow/.local/lib/python3.8/site-packages/airflow/example_dags/example_sensors.py
[2026-08-19T12:35:41.104+0000] {processor.py:840} INFO - DAG(s) 'example_sensors' retrieved from /home/airflow/.local/lib/python3.8/site-packages/airflow/example_dags/example_sensors.py
[2026-08-19T12:35:41.127+0000] {logging_mixin.py:188} INFO - [2026-08-19T12:35:41.127+0000] {dag.py:3036} INFO - Sync 1 DAGs
[2026-08-19T12:35:41.138+0000] {logging_mixin.py:188} INFO - [2026-08-19T12:35:41.138+0000] {dag.py:3823} INFO - Setting next_dagrun for example_sensors to None, run_after=None
[2026-08-19T12:35:41.157+0000] {processor.py:183} INFO - Processing /home/airflow/.local/lib/python3.8/site-packages/airflow/example_dags/example_sensors.py took 0.069 seconds
[2026-08-19T12:36:12.363+0000] {processor.py:161} INFO - Started process (PID=2452) to work on /home/airflow/.local/lib/python3.8/site-packages/airflow/example_dags/example_sensors.py
[2026-08-19T12:36:12.365+0000] {processor.py:830} INFO - Processing file /home/airflow/.local/lib/python3.8/site-packages/airflow/example_dags/example_sensors.py for tasks to queue
[2026-08-19T12:36:12.367+0000] {logging_mixin.py:188} INFO - [2026-08-19T12:36:12.366+0000] {dagbag.py:538} INFO - Filling up the DagBag from /home/airflow/.local/lib/python3.8/site-packages/airflow/example_dags/example_sensors.py
[2026-08-19T12:36:12.376+0000] {processor.py:840} INFO - DAG(s) 'example_sensors' retrieved from /home/airflow/.local/lib/python3.8/site-packages/airflow/example_dags/example_sensors.py
[2026-08-19T12:36:12.403+0000] {logging_mixin.py:188} INFO - [2026-08-19T12:36:12.403+0000] {dag.py:3036} INFO - Sync 1 DAGs
[2026-08-19T12:36:12.416+0000] {logging_mixin.py:188} INFO - [2026-08-19T12:36:12.416+0000] {dag.py:3823} INFO - Setting next_dagrun for example_sensors to None, run_after=None
[2026-08-19T12:36:12.439+0000] {processor.py:183} INFO - Processing /home/airflow/.local/lib/python3.8/site-packages/airflow/example_dags/example_sensors.py took 0.079 seconds
[2026-08-19T12:36:43.037+0000] {processor.py:161} INFO - Started process (PID=2539) to work on /home/airflow/.local/lib/python3.8/site-packages/airflow/example_dags/example_sensors.py
[2026-08-19T12:36:43.039+0000] {processor.py:830} INFO - Processing file /home/airflow/.local/lib/python3.8/site-packages/airflow/example_dags/example_sensors.py for tasks to queue
[2026-08-19T12:36:43.041+0000] {logging_mixin.py:188} INFO - [2026-08-19T12:36:43.040+0000] {dagbag.py:538} INFO - Filling up the DagBag from /home/airflow/.local/lib/python3.8/site-packages/airflow/example_dags/example_sensors.py
[2026-08-19T12:36:43.051+0000] {processor.py:840} INFO - DAG(s) 'example_sensors' retrieved from /home/airflow/.local/lib/python3.8/site-packages/airflow/example_dags/example_sensors.py
[2026-08-19T12:36:43.078+0000] {logging_mixin.py:188} INFO - [2026-08-19T12:36:43.077+0000] {dag.py:3036} INFO - Sync 1 DAGs
[2026-08-19T12:36:43.091+0000] {logging_mixin.py:188} INFO - [2026-08-19T12:36:43.091+0000] {dag.py:3823} INFO - Setting next_dagrun for example_sensors to None, run_after=None
[2026-08-19T12:36:43.114+0000] {processor.py:183} INFO - Processing /home/airflow/.local/lib/python3.8/site-packages/airflow/example_dags/example_sensors.py took 0.081 seconds
[2026-08-19T12:37:13.945+0000] {processor.py:161} INFO - Started process (PID=2626) to work on /home/airflow/.local/lib/python3.8/site-packages/airflow/example_dags/example_sensors.py
[2026-08-19T12:37:13.946+0000] {processor.py:830} INFO - Processing file /home/airflow/.local/lib/python3.8/site-packages/airflow/example_dags/example_sensors.py for tasks to queue
[2026-08-19T12:37:13.949+0000] {logging_mixin.py:188} INFO - [2026-08-19T12:37:13.948+0000] {dagbag.py:538} INFO - Filling up the DagBag from /home/airflow/.local/lib/python3.8/site-packages/airflow/example_dags/example_sensors.py
[2026-08-19T12:37:13.957+0000] {processor.py:840} INFO - DAG(s) 'example_sensors' retrieved from /home/airflow/.local/lib/python3.8/site-packages/airflow/example_dags/example_sensors.py
[2026-08-19T12:37:13.983+0000] {logging_mixin.py:188} INFO - [2026-08-19T12:37:13.982+0000] {dag.py:3036} INFO - Sync 1 DAGs
[2026-08-19T12:37:13.996+0000] {logging_mixin.py:188} INFO - [2026-08-19T12:37:13.996+0000] {dag.py:3823} INFO - Setting next_dagrun for example_sensors to None, run_after=None
[2026-08-19T12:37:14.022+0000] {processor.py:183} INFO - Processing /home/airflow/.local/lib/python3.8/site-packages/airflow/example_dags/example_sensors.py took 0.081 seconds
[2026-08-19T12:37:45.382+0000] {processor.py:161} INFO - Started process (PID=2709) to work on /home/airflow/.local/lib/python3.8/site-packages/airflow/example_dags/example_sensors.py
[2026-08-19T12:37:45.383+0000] {processor.py:830} INFO - Processing file /home/airflow/.local/lib/python3.8/site-packages/airflow/example_dags/example_sensors.py for tasks to queue
[2026-08-19T12:37:45.385+0000] {logging_mixin.py:188} INFO - [2026-08-19T12:37:45.385+0000] {dagbag.py:538} INFO - Filling up the DagBag from /home/airflow/.local/lib/python3.8/site-packages/airflow/example_dags/example_sensors.py
[2026-08-19T12:37:45.396+0000] {processor.py:840} INFO - DAG(s) 'example_sensors' retrieved from /home/airflow/.local/lib/python3.8/site-packages/airflow/example_dags/example_sensors.py
[2026-08-19T12:37:45.424+0000] {logging_mixin.py:188} INFO - [2026-08-19T12:37:45.423+0000] {dag.py:3036} INFO - Sync 1 DAGs
[2026-08-19T12:37:45.436+0000] {logging_mixin.py:188} INFO - [2026-08-19T12:37:45.435+0000] {dag.py:3823} INFO - Setting next_dagrun for example_sensors to None, run_after=None
[2026-08-19T12:37:45.458+0000] {processor.py:183} INFO - Processing /home/airflow/.local/lib/python3.8/site-packages/airflow/example_dags/example_sensors.py took 0.081 seconds
[2026-08-19T12:38:16.635+0000] {processor.py:161} INFO - Started process (PID=2794) to work on /home/airflow/.local/lib/python3.8/site-packages/airflow/example_dags/example_sensors.py
[2026-08-19T12:38:16.636+0000] {processor.py:830} INFO - Processing file /home/airflow/.local/lib/python3.8/site-packages/airflow/example_dags/example_sensors.py for tasks to queue
[2026-08-19T12:38:16.638+0000] {logging_mixin.py:188} INFO - [2026-08-19T12:38:16.638+0000] {dagbag.py:538} INFO - Filling up the DagBag from /home/airflow/.local/lib/python3.8/site-packages/airflow/example_dags/example_sensors.py
[2026-08-19T12:38:16.648+0000] {processor.py:840} INFO - DAG(s) 'example_sensors' retrieved from /home/airflow/.local/lib/python3.8/site-packages/airflow/example_dags/example_sensors.py
[2026-08-19T12:38:16.675+0000] {logging_mixin.py:188} INFO - [2026-08-19T12:38:16.675+0000] {dag.py:3036} INFO - Sync 1 DAGs
[2026-08-19T12:38:16.688+0000] {logging_mixin.py:188} INFO - [2026-08-19T12:38:16.688+0000] {dag.py:3823} INFO - Setting next_dagrun for example_sensors to None, run_after=None
[2026-08-19T12:38:16.709+0000] {processor.py:183} INFO - Processing /home/airflow/.local/lib/python3.8/site-packages/airflow/example_dags/example_sensors.py took 0.078 seconds
[2026-08-19T12:38:47.811+0000] {processor.py:161} INFO - Started process (PID=2877) to work on /home/airflow/.local/lib/python3.8/site-packages/airflow/example_dags/example_sensors.py
[2026-08-19T12:38:47.812+0000] {processor.py:830} INFO - Processing file /home/airflow/.local/lib/python3.8/site-packages/airflow/example_dags/example_sensors.py for tasks to queue
[2026-08-19T12:38:47.815+0000] {logging_mixin.py:188} INFO - [2026-08-19T12:38:47.814+0000] {dagbag.py:538} INFO - Filling up the DagBag from /home/airflow/.local/lib/python3.8/site-packages/airflow/example_dags/example_sensors.py
[2026-08-19T12:38:47.826+0000] {processor.py:840} INFO - DAG(s) 'example_sensors' retrieved from /home/airflow/.local/lib/python3.8/site-packages/airflow/example_dags/example_sensors.py
[2026-08-19T12:38:47.859+0000] {logging_mixin.py:188} INFO - [2026-08-19T12:38:47.858+0000] {dag.py:3036} INFO - Sync 1 DAGs
[2026-08-19T12:38:47.872+0000] {logging_mixin.py:188} INFO - [2026-08-19T12:38:47.872+0000] {dag.py:3823} INFO - Setting next_dagrun for example_sensors to None, run_after=None
[2026-08-19T12:38:47.896+0000] {processor.py:183} INFO - Processing /home/airflow/.local/lib/python3.8/site-packages/airflow/example_dags/example_sensors.py took 0.091 seconds
[2026-08-19T12:39:18.948+0000] {processor.py:161} INFO - Started process (PID=2960) to work on /home/airflow/.local/lib/python3.8/site-packages/airflow/example_dags/example_sensors.py
[2026-08-19T12:39:18.949+0000] {processor.py:830} INFO - Processing file /home/airflow/.local/lib/python3.8/site-packages/airflow/example_dags/example_sensors.py for tasks to queue
[2026-08-19T12:39:18.951+0000] {logging_mixin.py:188} INFO - [2026-08-19T12:39:18.951+0000] {dagbag.py:538} INFO - Filling up the DagBag from /home/airflow/.local/lib/python3.8/site-packages/airflow/example_dags/example_sensors.py
[2026-08-19T12:39:18.961+0000] {processor.py:840} INFO - DAG(s) 'example_sensors' retrieved from /home/airflow/.local/lib/python3.8/site-packages/airflow/example_dags/example_sensors.py
[2026-08-19T12:39:18.986+0000] {logging_mixin.py:188} INFO - [2026-08-19T12:39:18.986+0000] {dag.py:3036} INFO - Sync 1 DAGs
[2026-08-19T12:39:18.998+0000] {logging_mixin.py:188} INFO - [2026-08-19T12:39:18.998+0000] {dag.py:3823} INFO - Setting next_dagrun for example_sensors to None, run_after=None
[2026-08-19T12:39:19.018+0000] {processor.py:183} INFO - Processing /home/airflow/.local/lib/python3.8/site-packages/airflow/example_dags/example_sensors.py took 0.074 seconds
[2026-08-19T12:39:50.699+0000] {processor.py:161} INFO - Started process (PID=3041) to work on /home/airflow/.local/lib/python3.8/site-packages/airflow/example_dags/example_sensors.py
[2026-08-19T12:39:50.700+0000] {processor.py:830} INFO - Processing file /home/airflow/.local/lib/python3.8/site-packages/airflow/example_dags/example_sensors.py for tasks to queue
[2026-08-19T12:39:50.702+0000] {logging_mixin.py:188} INFO - [2026-08-19T12:39:50.702+0000] {dagbag.py:538} INFO - Filling up the DagBag from /home/airflow/.local/lib/python3.8/site-packages/airflow/example_dags/example_sensors.py
[2026-08-19T12:39:50.711+0000] {processor.py:840} INFO - DAG(s) 'example_sensors' retrieved from /home/airflow/.local/lib/python3.8/site-packages/airflow/example_dags/example_sensors.py
[2026-08-19T12:39:50.737+0000] {logging_mixin.py:188} INFO - [2026-08-19T12:39:50.737+0000] {dag.py:3036} INFO - Sync 1 DAGs
[2026-08-19T12:39:50.750+0000] {logging_mixin.py:188} INFO - [2026-08-19T12:39:50.749+0000] {dag.py:3823} INFO - Setting next_dagrun for example_sensors to None, run_after=None
[2026-08-19T12:39:50.774+0000] {processor.py:183} INFO - Processing /home/airflow/.local/lib/python3.8/site-packages/airflow/example_dags/example_sensors.py took 0.078 seconds
[2026-08-19T12:40:21.311+0000] {processor.py:161} INFO - Started process (PID=3124) to work on /home/airflow/.local/lib/python3.8/site-packages/airflow/example_dags/example_sensors.py
[2026-08-19T12:40:21.313+0000] {processor.py:830} INFO - Processing file /home/airflow/.local/lib/python3.8/site-packages/airflow/example_dags/example_sensors.py for tasks to queue
[2026-08-19T12:40:21.315+0000] {logging_mixin.py:188} INFO - [2026-08-19T12:40:21.315+0000] {dagbag.py:538} INFO - Filling up the DagBag from /home/airflow/.local/lib/python3.8/site-packages/airflow/example_dags/example_sensors.py
[2026-08-19T12:40:21.325+0000] {processor.py:840} INFO - DAG(s) 'example_sensors' retrieved from /home/airflow/.local/lib/python3.8/site-packages/airflow/example_dags/example_sensors.py
[2026-08-19T12:40:21.350+0000] {logging_mixin.py:188} INFO - [2026-08-19T12:40:21.350+0000] {dag.py:3036} INFO - Sync 1 DAGs
[2026-08-19T12:40:21.363+0000] {logging_mixin.py:188} INFO - [2026-08-19T12:40:21.363+0000] {dag.py:3823} INFO - Setting next_dagrun for example_sensors to None, run_after=None
[2026-08-19T12:40:21.384+0000] {processor.py:183} INFO - Processing /home/airflow/.local/lib/python3.8/site-packages/airflow/example_dags/example_sensors.py took 0.076 seconds
[2026-08-19T12:40:52.636+0000] {processor.py:161} INFO - Started process (PID=3209) to work on /home/airflow/.local/lib/python3.8/site-packages/airflow/example_dags/example_sensors.py
[2026-08-19T12:40:52.638+0000] {processor.py:830} INFO - Processing file /home/airflow/.local/lib/python3.8/site-packages/airflow/example_dags/example_sensors.py for tasks to queue
[2026-08-19T12:40:52.640+0000] {logging_mixin.py:188} INFO - [2026-08-19T12:40:52.640+0000] {dagbag.py:538} INFO - Filling up the DagBag from /home/airflow/.local/lib/python3.8/site-packages/airflow/example_dags/example_sensors.py
[2026-08-19T12:40:52.653+0000] {processor.py:840} INFO - DAG(s) 'example_sensors' retrieved from /home/airflow/.local/lib/python3.8/site-packages/airflow/example_dags/example_sensors.py
[2026-08-19T12:40:52.682+0000] {logging_mixin.py:188} INFO - [2026-08-19T12:40:52.682+0000] {dag.py:3036} INFO - Sync 1 DAGs
[2026-08-19T12:40:52.695+0000] {logging_mixin.py:188} INFO - [2026-08-19T12:40:52.695+0000] {dag.py:3823} INFO - Setting next_dagrun for example_sensors to None, run_after=None
[2026-08-19T12:40:52.718+0000] {processor.py:183} INFO - Processing /home/airflow/.local/lib/python3.8/site-packages/airflow/example_dags/example_sensors.py took 0.085 seconds
[2026-08-19T12:41:23.915+0000] {processor.py:161} INFO - Started process (PID=3294) to work on /home/airflow/.local/lib/python3.8/site-packages/airflow/example_dags/example_sensors.py
[2026-08-19T12:41:23.917+0000] {processor.py:830} INFO - Processing file /home/airflow/.local/lib/python3.8/site-packages/airflow/example_dags/example_sensors.py for tasks to queue
[2026-08-19T12:41:23.920+0000] {logging_mixin.py:188} INFO - [2026-08-19T12:41:23.919+0000] {dagbag.py:538} INFO - Filling up the DagBag from /home/airflow/.local/lib/python3.8/site-packages/airflow/example_dags/example_sensors.py
[2026-08-19T12:41:23.928+0000] {processor.py:840} INFO - DAG(s) 'example_sensors' retrieved from /home/airflow/.local/lib/python3.8/site-packages/airflow/example_dags/example_sensors.py
[2026-08-19T12:41:23.951+0000] {logging_mixin.py:188} INFO - [2026-08-19T12:41:23.951+0000] {dag.py:3036} INFO - Sync 1 DAGs
[2026-08-19T12:41:23.962+0000] {logging_mixin.py:188} INFO - [2026-08-19T12:41:23.962+0000] {dag.py:3823} INFO - Setting next_dagrun for example_sensors to None, run_after=None
[2026-08-19T12:41:23.981+0000] {processor.py:183} INFO - Processing /home/airflow/.local/lib/python3.8/site-packages/airflow/example_dags/example_sensors.py took 0.071 seconds
[2026-08-19T12:41:54.422+0000] {processor.py:161} INFO - Started process (PID=3377) to work on /home/airflow/.local/lib/python3.8/site-packages/airflow/example_dags/example_sensors.py
[2026-08-19T12:41:54.423+0000] {processor.py:830} INFO - Processing file /home/airflow/.local/lib/python3.8/site-packages/airflow/example_dags/example_sensors.py for tasks to queue
[2026-08-19T12:41:54.427+0000] {logging_mixin.py:188} INFO - [2026-08-19T12:41:54.426+0000] {dagbag.py:538} INFO - Filling up the DagBag from /home/airflow/.local/lib/python3.8/site-packages/airflow/example_dags/example_sensors.py
[2026-08-19T12:41:54.435+0000] {processor.py:840} INFO - DAG(s) 'example_sensors' retrieved from /home/airflow/.local/lib/python3.8/site-packages/airflow/example_dags/example_sensors.py
[2026-08-19T12:41:54.459+0000] {logging_mixin.py:188} INFO - [2026-08-19T12:41:54.459+0000] {dag.py:3036} INFO - Sync 1 DAGs
[2026-08-19T12:41:54.472+0000] {logging_mixin.py:188} INFO - [2026-08-19T12:41:54.472+0000] {dag.py:3823} INFO - Setting next_dagrun for example_sensors to None, run_after=None
[2026-08-19T12:41:54.491+0000] {processor.py:183} INFO - Processing /home/airflow/.local/lib/python3.8/site-packages/airflow/example_dags/example_sensors.py took 0.073 seconds
[2026-08-19T12:42:25.118+0000] {processor.py:161} INFO - Started process (PID=3460) to work on /home/airflow/.local/lib/python3.8/site-packages/airflow/example_dags/example_sensors.py
[2026-08-19T12:42:25.120+0000] {processor.py:830} INFO - Processing file /home/airflow/.local/lib/python3.8/site-packages/airflow/example_dags/example_sensors.py for tasks to queue
[2026-08-19T12:42:25.122+0000] {logging_mixin.py:188} INFO - [2026-08-19T12:42:25.121+0000] {dagbag.py:538} INFO - Filling up the DagBag from /home/airflow/.local/lib/python3.8/site-packages/airflow/example_dags/example_sensors.py
[2026-08-19T12:42:25.130+0000] {processor.py:840} INFO - DAG(s) 'example_sensors' retrieved from /home/airflow/.local/lib/python3.8/site-packages/airflow/example_dags/example_sensors.py
[2026-08-19T12:42:25.155+0000] {logging_mixin.py:188} INFO - [2026-08-19T12:42:25.154+0000] {dag.py:3036} INFO - Sync 1 DAGs
[2026-08-19T12:42:25.167+0000] {logging_mixin.py:188} INFO - [2026-08-19T12:42:25.166+0000] {dag.py:3823} INFO - Setting next_dagrun for example_sensors to None, run_after=None
[2026-08-19T12:42:25.193+0000] {processor.py:183} INFO - Processing /home/airflow/.local/lib/python3.8/site-packages/airflow/example_dags/example_sensors.py took 0.079 seconds
[2026-08-19T12:42:56.297+0000] {processor.py:161} INFO - Started process (PID=3543) to work on /home/airflow/.local/lib/python3.8/site-packages/airflow/example_dags/example_sensors.py
[2026-08-19T12:42:56.299+0000] {processor.py:830} INFO - Processing file /home/airflow/.local/lib/python3.8/site-packages/airflow/example_dags/example_sensors.py for tasks to queue
[2026-08-19T12:42:56.302+0000] {logging_mixin.py:188} INFO - [2026-08-19T12:42:56.301+0000] {dagbag.py:538} INFO - Filling up the DagBag from /home/airflow/.local/lib/python3.8/site-packages/airflow/example_dags/example_sensors.py
[2026-08-19T12:42:56.311+0000] {processor.py:840} INFO - DAG(s) 'example_sensors' retrieved from /home/airflow/.local/lib/python3.8/site-packages/airflow/example_dags/example_sensors.py
[2026-08-19T12:42:56.339+0000] {logging_mixin.py:188} INFO - [2026-08-19T12:42:56.338+0000] {dag.py:3036} INFO - Sync 1 DAGs
[2026-08-19T12:42:56.355+0000] {logging_mixin.py:188} INFO - [2026-08-19T12:42:56.355+0000] {dag.py:3823} INFO - Setting next_dagrun for example_sensors to None, run_after=None
[2026-08-19T12:42:56.378+0000] {processor.py:183} INFO - Processing /home/airflow/.local/lib/python3.8/site-packages/airflow/example_dags/example_sensors.py took 0.085 seconds
[2026-08-19T12:43:28.057+0000] {processor.py:161} INFO - Started process (PID=3628) to work on /home/airflow/.local/lib/python3.8/site-packages/airflow/example_dags/example_sensors.py
[2026-08-19T12:43:28.059+0000] {processor.py:830} INFO - Processing file /home/airflow/.local/lib/python3.8/site-packages/airflow/example_dags/example_sensors.py for tasks to queue
[2026-08-19T12:43:28.066+0000] {logging_mixin.py:188} INFO - [2026-08-19T12:43:28.066+0000] {dagbag.py:538} INFO - Filling up the DagBag from /home/airflow/.local/lib/python3.8/site-packages/airflow/example_dags/example_sensors.py
[2026-08-19T12:43:28.082+0000] {processor.py:840} INFO - DAG(s) 'example_sensors' retrieved from /home/airflow/.local/lib/python3.8/site-packages/airflow/example_dags/example_sensors.py
[2026-08-19T12:43:28.110+0000] {logging_mixin.py:188} INFO - [2026-08-19T12:43:28.110+0000] {dag.py:3036} INFO - Sync 1 DAGs
[2026-08-19T12:43:28.124+0000] {logging_mixin.py:188} INFO - [2026-08-19T12:43:28.124+0000] {dag.py:3823} INFO - Setting next_dagrun for example_sensors to None, run_after=None
[2026-08-19T12:43:28.150+0000] {processor.py:183} INFO - Processing /home/airflow/.local/lib/python3.8/site-packages/airflow/example_dags/example_sensors.py took 0.098 seconds
[2026-08-19T12:44:03.049+0000] {processor.py:161} INFO - Started process (PID=3711) to work on /home/airflow/.local/lib/python3.8/site-packages/airflow/example_dags/example_sensors.py
[2026-08-19T12:44:03.061+0000] {processor.py:830} INFO - Processing file /home/airflow/.local/lib/python3.8/site-packages/airflow/example_dags/example_sensors.py for tasks to queue
[2026-08-19T12:44:03.077+0000] {logging_mixin.py:188} INFO - [2026-08-19T12:44:03.074+0000] {dagbag.py:538} INFO - Filling up the DagBag from /home/airflow/.local/lib/python3.8/site-packages/airflow/example_dags/example_sensors.py
[2026-08-19T12:44:03.120+0000] {processor.py:840} INFO - DAG(s) 'example_sensors' retrieved from /home/airflow/.local/lib/python3.8/site-packages/airflow/example_dags/example_sensors.py
[2026-08-19T12:44:03.189+0000] {logging_mixin.py:188} INFO - [2026-08-19T12:44:03.188+0000] {dag.py:3036} INFO - Sync 1 DAGs
[2026-08-19T12:44:03.224+0000] {logging_mixin.py:188} INFO - [2026-08-19T12:44:03.224+0000] {dag.py:3823} INFO - Setting next_dagrun for example_sensors to None, run_after=None
[2026-08-19T12:44:03.509+0000] {processor.py:183} INFO - Processing /home/airflow/.local/lib/python3.8/site-packages/airflow/example_dags/example_sensors.py took 0.466 seconds
[2026-08-19T12:44:33.813+0000] {processor.py:161} INFO - Started process (PID=3796) to work on /home/airflow/.local/lib/python3.8/site-packages/airflow/example_dags/example_sensors.py
[2026-08-19T12:44:33.815+0000] {processor.py:830} INFO - Processing file /home/airflow/.local/lib/python3.8/site-packages/airflow/example_dags/example_sensors.py for tasks to queue
[2026-08-19T12:44:33.822+0000] {logging_mixin.py:188} INFO - [2026-08-19T12:44:33.821+0000] {dagbag.py:538} INFO - Filling up the DagBag from /home/airflow/.local/lib/python3.8/site-packages/airflow/example_dags/example_sensors.py
[2026-08-19T12:44:33.835+0000] {processor.py:840} INFO - DAG(s) 'example_sensors' retrieved from /home/airflow/.local/lib/python3.8/site-packages/airflow/example_dags/example_sensors.py
[2026-08-19T12:44:33.884+0000] {logging_mixin.py:188} INFO - [2026-08-19T12:44:33.883+0000] {dag.py:3036} INFO - Sync 1 DAGs
[2026-08-19T12:44:33.911+0000] {logging_mixin.py:188} INFO - [2026-08-19T12:44:33.910+0000] {dag.py:3823} INFO - Setting next_dagrun for example_sensors to None, run_after=None
[2026-08-19T12:44:33.949+0000] {processor.py:183} INFO - Processing /home/airflow/.local/lib/python3.8/site-packages/airflow/example_dags/example_sensors.py took 0.144 seconds
[2026-08-19T12:45:04.507+0000] {processor.py:161} INFO - Started process (PID=3878) to work on /home/airflow/.local/lib/python3.8/site-packages/airflow/example_dags/example_sensors.py
[2026-08-19T12:45:04.509+0000] {processor.py:830} INFO - Processing file /home/airflow/.local/lib/python3.8/site-packages/airflow/example_dags/example_sensors.py for tasks to queue
[2026-08-19T12:45:04.511+0000] {logging_mixin.py:188} INFO - [2026-08-19T12:45:04.511+0000] {dagbag.py:538} INFO - Filling up the DagBag from /home/airflow/.local/lib/python3.8/site-packages/airflow/example_dags/example_sensors.py
[2026-08-19T12:45:04.521+0000] {processor.py:840} INFO - DAG(s) 'example_sensors' retrieved from /home/airflow/.local/lib/python3.8/site-packages/airflow/example_dags/example_sensors.py
[2026-08-19T12:45:04.548+0000] {logging_mixin.py:188} INFO - [2026-08-19T12:45:04.547+0000] {dag.py:3036} INFO - Sync 1 DAGs
[2026-08-19T12:45:04.560+0000] {logging_mixin.py:188} INFO - [2026-08-19T12:45:04.560+0000] {dag.py:3823} INFO - Setting next_dagrun for example_sensors to None, run_after=None
[2026-08-19T12:45:04.583+0000] {processor.py:183} INFO - Processing /home/airflow/.local/lib/python3.8/site-packages/airflow/example_dags/example_sensors.py took 0.080 seconds
[2026-08-19T12:45:35.141+0000] {processor.py:161} INFO - Started process (PID=3965) to work on /home/airflow/.local/lib/python3.8/site-packages/airflow/example_dags/example_sensors.py
[2026-08-19T12:45:35.142+0000] {processor.py:830} INFO - Processing file /home/airflow/.local/lib/python3.8/site-packages/airflow/example_dags/example_sensors.py for tasks to queue
[2026-08-19T12:45:35.144+0000] {logging_mixin.py:188} INFO - [2026-08-19T12:45:35.144+0000] {dagbag.py:538} INFO - Filling up the DagBag from /home/airflow/.local/lib/python3.8/site-packages/airflow/example_dags/example_sensors.py
[2026-08-19T12:45:35.153+0000] {processor.py:840} INFO - DAG(s) 'example_sensors' retrieved from /home/airflow/.local/lib/python3.8/site-packages/airflow/example_dags/example_sensors.py
[2026-08-19T12:45:35.181+0000] {logging_mixin.py:188} INFO - [2026-08-19T12:45:35.180+0000] {dag.py:3036} INFO - Sync 1 DAGs
[2026-08-19T12:45:35.194+0000] {logging_mixin.py:188} INFO - [2026-08-19T12:45:35.194+0000] {dag.py:3823} INFO - Setting next_dagrun for example_sensors to None, run_after=None
[2026-08-19T12:45:35.216+0000] {processor.py:183} INFO - Processing /home/airflow/.local/lib/python3.8/site-packages/airflow/example_dags/example_sensors.py took 0.078 seconds
[2026-08-19T12:46:05.617+0000] {processor.py:161} INFO - Started process (PID=4048) to work on /home/airflow/.local/lib/python3.8/site-packages/airflow/example_dags/example_sensors.py
[2026-08-19T12:46:05.618+0000] {processor.py:830} INFO - Processing file /home/airflow/.local/lib/python3.8/site-packages/airflow/example_dags/example_sensors.py for tasks to queue
[2026-08-19T12:46:05.621+0000] {logging_mixin.py:188} INFO - [2026-08-19T12:46:05.620+0000] {dagbag.py:538} INFO - Filling up the DagBag from /home/airflow/.local/lib/python3.8/site-packages/airflow/example_dags/example_sensors.py
[2026-08-19T12:46:05.633+0000] {processor.py:840} INFO - DAG(s) 'example_sensors' retrieved from /home/airflow/.local/lib/python3.8/site-packages/airflow/example_dags/example_sensors.py
[2026-08-19T12:46:05.668+0000] {logging_mixin.py:188} INFO - [2026-08-19T12:46:05.668+0000] {dag.py:3036} INFO - Sync 1 DAGs
[2026-08-19T12:46:05.690+0000] {logging_mixin.py:188} INFO - [2026-08-19T12:46:05.689+0000] {dag.py:3823} INFO - Setting next_dagrun for example_sensors to None, run_after=None
[2026-08-19T12:46:05.720+0000] {processor.py:183} INFO - Processing /home/airflow/.local/lib/python3.8/site-packages/airflow/example_dags/example_sensors.py took 0.107 seconds
[2026-08-19T12:46:36.138+0000] {processor.py:161} INFO - Started process (PID=4130) to work on /home/airflow/.local/lib/python3.8/site-packages/airflow/example_dags/example_sensors.py
[2026-08-19T12:46:36.139+0000] {processor.py:830} INFO - Processing file /home/airflow/.local/lib/python3.8/site-packages/airflow/example_dags/example_sensors.py for tasks to queue
[2026-08-19T12:46:36.141+0000] {logging_mixin.py:188} INFO - [2026-08-19T12:46:36.141+0000] {dagbag.py:538} INFO - Filling up the DagBag from /home/airflow/.local/lib/python3.8/site-packages/airflow/example_dags/example_sensors.py
[2026-08-19T12:46:36.151+0000] {processor.py:840} INFO - DAG(s) 'example_sensors' retrieved from /home/airflow/.local/lib/python3.8/site-packages/airflow/example_dags/example_sensors.py
[2026-08-19T12:46:36.181+0000] {logging_mixin.py:188} INFO - [2026-08-19T12:46:36.181+0000] {dag.py:3036} INFO - Sync 1 DAGs
[2026-08-19T12:46:36.194+0000] {logging_mixin.py:188} INFO - [2026-08-19T12:46:36.194+0000] {dag.py:3823} INFO - Setting next_dagrun for example_sensors to None, run_after=None
[2026-08-19T12:46:36.216+0000] {processor.py:183} INFO - Processing /home/airflow/.local/lib/python3.8/site-packages/airflow/example_dags/example_sensors.py took 0.081 seconds
[2026-08-19T12:47:07.459+0000] {processor.py:161} INFO - Started process (PID=4215) to work on /home/airflow/.local/lib/python3.8/site-packages/airflow/example_dags/example_sensors.py
[2026-08-19T12:47:07.461+0000] {processor.py:830} INFO - Processing file /home/airflow/.local/lib/python3.8/site-packages/airflow/example_dags/example_sensors.py for tasks to queue
[2026-08-19T12:47:07.463+0000] {logging_mixin.py:188} INFO - [2026-08-19T12:47:07.462+0000] {dagbag.py:538} INFO - Filling up the DagBag from /home/airflow/.local/lib/python3.8/site-packages/airflow/example_dags/example_sensors.py
[2026-08-19T12:47:07.471+0000] {processor.py:840} INFO - DAG(s) 'example_sensors' retrieved from /home/airflow/.local/lib/python3.8/site-packages/airflow/example_dags/example_sensors.py
[2026-08-19T12:47:07.497+0000] {logging_mixin.py:188} INFO - [2026-08-19T12:47:07.497+0000] {dag.py:3036} INFO - Sync 1 DAGs
[2026-08-19T12:47:07.509+0000] {logging_mixin.py:188} INFO - [2026-08-19T12:47:07.508+0000] {dag.py:3823} INFO - Setting next_dagrun for example_sensors to None, run_after=None
[2026-08-19T12:47:07.538+0000] {processor.py:183} INFO - Processing /home/airflow/.local/lib/python3.8/site-packages/airflow/example_dags/example_sensors.py took 0.082 seconds
[2026-08-19T12:47:38.256+0000] {processor.py:161} INFO - Started process (PID=4300) to work on /home/airflow/.local/lib/python3.8/site-packages/airflow/example_dags/example_sensors.py
[2026-08-19T12:47:38.257+0000] {processor.py:830} INFO - Processing file /home/airflow/.local/lib/python3.8/site-packages/airflow/example_dags/example_sensors.py for tasks to queue
[2026-08-19T12:47:38.259+0000] {logging_mixin.py:188} INFO - [2026-08-19T12:47:38.259+0000] {dagbag.py:538} INFO - Filling up the DagBag from /home/airflow/.local/lib/python3.8/site-packages/airflow/example_dags/example_sensors.py
[2026-08-19T12:47:38.267+0000] {processor.py:840} INFO - DAG(s) 'example_sensors' retrieved from /home/airflow/.local/lib/python3.8/site-packages/airflow/example_dags/example_sensors.py
[2026-08-19T12:47:38.294+0000] {logging_mixin.py:188} INFO - [2026-08-19T12:47:38.294+0000] {dag.py:3036} INFO - Sync 1 DAGs
[2026-08-19T12:47:38.308+0000] {logging_mixin.py:188} INFO - [2026-08-19T12:47:38.307+0000] {dag.py:3823} INFO - Setting next_dagrun for example_sensors to None, run_after=None
[2026-08-19T12:47:38.328+0000] {processor.py:183} INFO - Processing /home/airflow/.local/lib/python3.8/site-packages/airflow/example_dags/example_sensors.py took 0.076 seconds
[2026-08-19T12:48:08.505+0000] {processor.py:161} INFO - Started process (PID=4383) to work on /home/airflow/.local/lib/python3.8/site-packages/airflow/example_dags/example_sensors.py
[2026-08-19T12:48:08.507+0000] {processor.py:830} INFO - Processing file /home/airflow/.local/lib/python3.8/site-packages/airflow/example_dags/example_sensors.py for tasks to queue
[2026-08-19T12:48:08.511+0000] {logging_mixin.py:188} INFO - [2026-08-19T12:48:08.510+0000] {dagbag.py:538} INFO - Filling up the DagBag from /home/airflow/.local/lib/python3.8/site-packages/airflow/example_dags/example_sensors.py
[2026-08-19T12:48:08.522+0000] {processor.py:840} INFO - DAG(s) 'example_sensors' retrieved from /home/airflow/.local/lib/python3.8/site-packages/airflow/example_dags/example_sensors.py
[2026-08-19T12:48:08.548+0000] {logging_mixin.py:188} INFO - [2026-08-19T12:48:08.548+0000] {dag.py:3036} INFO - Sync 1 DAGs
[2026-08-19T12:48:08.560+0000] {logging_mixin.py:188} INFO - [2026-08-19T12:48:08.560+0000] {dag.py:3823} INFO - Setting next_dagrun for example_sensors to None, run_after=None
[2026-08-19T12:48:08.580+0000] {processor.py:183} INFO - Processing /home/airflow/.local/lib/python3.8/site-packages/airflow/example_dags/example_sensors.py took 0.080 seconds
[2026-08-19T12:48:39.412+0000] {processor.py:161} INFO - Started process (PID=4466) to work on /home/airflow/.local/lib/python3.8/site-packages/airflow/example_dags/example_sensors.py
[2026-08-19T12:48:39.413+0000] {processor.py:830} INFO - Processing file /home/airflow/.local/lib/python3.8/site-packages/airflow/example_dags/example_sensors.py for tasks to queue
[2026-08-19T12:48:39.418+0000] {logging_mixin.py:188} INFO - [2026-08-19T12:48:39.416+0000] {dagbag.py:538} INFO - Filling up the DagBag from /home/airflow/.local/lib/python3.8/site-packages/airflow/example_dags/example_sensors.py
[2026-08-19T12:48:39.429+0000] {processor.py:840} INFO - DAG(s) 'example_sensors' retrieved from /home/airflow/.local/lib/python3.8/site-packages/airflow/example_dags/example_sensors.py
[2026-08-19T12:48:39.462+0000] {logging_mixin.py:188} INFO - [2026-08-19T12:48:39.462+0000] {dag.py:3036} INFO - Sync 1 DAGs
[2026-08-19T12:48:39.479+0000] {logging_mixin.py:188} INFO - [2026-08-19T12:48:39.478+0000] {dag.py:3823} INFO - Setting next_dagrun for example_sensors to None, run_after=None
[2026-08-19T12:48:39.515+0000] {processor.py:183} INFO - Processing /home/airflow/.local/lib/python3.8/site-packages/airflow/example_dags/example_sensors.py took 0.106 seconds
[2026-08-19T12:49:09.979+0000] {processor.py:161} INFO - Started process (PID=4549) to work on /home/airflow/.local/lib/python3.8/site-packages/airflow/example_dags/example_sensors.py
[2026-08-19T12:49:09.981+0000] {processor.py:830} INFO - Processing file /home/airflow/.local/lib/python3.8/site-packages/airflow/example_dags/example_sensors.py for tasks to queue
[2026-08-19T12:49:09.983+0000] {logging_mixin.py:188} INFO - [2026-08-19T12:49:09.983+0000] {dagbag.py:538} INFO - Filling up the DagBag from /home/airflow/.local/lib/python3.8/site-packages/airflow/example_dags/example_sensors.py
[2026-08-19T12:49:09.991+0000] {processor.py:840} INFO - DAG(s) 'example_sensors' retrieved from /home/airflow/.local/lib/python3.8/site-packages/airflow/example_dags/example_sensors.py
[2026-08-19T12:49:10.016+0000] {logging_mixin.py:188} INFO - [2026-08-19T12:49:10.016+0000] {dag.py:3036} INFO - Sync 1 DAGs
[2026-08-19T12:49:10.029+0000] {logging_mixin.py:188} INFO - [2026-08-19T12:49:10.029+0000] {dag.py:3823} INFO - Setting next_dagrun for example_sensors to None, run_after=None
[2026-08-19T12:49:10.048+0000] {processor.py:183} INFO - Processing /home/airflow/.local/lib/python3.8/site-packages/airflow/example_dags/example_sensors.py took 0.072 seconds
[2026-08-19T12:49:40.572+0000] {processor.py:161} INFO - Started process (PID=4632) to work on /home/airflow/.local/lib/python3.8/site-packages/airflow/example_dags/example_sensors.py
[2026-08-19T12:49:40.573+0000] {processor.py:830} INFO - Processing file /home/airflow/.local/lib/python3.8/site-packages/airflow/example_dags/example_sensors.py for tasks to queue
[2026-08-19T12:49:40.576+0000] {logging_mixin.py:188} INFO - [2026-08-19T12:49:40.576+0000] {dagbag.py:538} INFO - Filling up the DagBag from /home/airflow/.local/lib/python3.8/site-packages/airflow/example_dags/example_sensors.py
[2026-08-19T12:49:40.587+0000] {processor.py:840} INFO - DAG(s) 'example_sensors' retrieved from /home/airflow/.local/lib/python3.8/site-packages/airflow/example_dags/example_sensors.py
[2026-08-19T12:49:40.616+0000] {logging_mixin.py:188} INFO - [2026-08-19T12:49:40.616+0000] {dag.py:3036} INFO - Sync 1 DAGs
[2026-08-19T12:49:40.628+0000] {logging_mixin.py:188} INFO - [2026-08-19T12:49:40.628+0000] {dag.py:3823} INFO - Setting next_dagrun for example_sensors to None, run_after=None
[2026-08-19T12:49:40.652+0000] {processor.py:183} INFO - Processing /home/airflow/.local/lib/python3.8/site-packages/airflow/example_dags/example_sensors.py took 0.084 seconds
[2026-08-19T12:50:11.847+0000] {processor.py:161} INFO - Started process (PID=4716) to work on /home/airflow/.local/lib/python3.8/site-packages/airflow/example_dags/example_sensors.py
[2026-08-19T12:50:11.849+0000] {processor.py:830} INFO - Processing file /home/airflow/.local/lib/python3.8/site-packages/airflow/example_dags/example_sensors.py for tasks to queue
[2026-08-19T12:50:11.853+0000] {logging_mixin.py:188} INFO - [2026-08-19T12:50:11.852+0000] {dagbag.py:538} INFO - Filling up the DagBag from /home/airflow/.local/lib/python3.8/site-packages/airflow/example_dags/example_sensors.py
[2026-08-19T12:50:11.869+0000] {processor.py:840} INFO - DAG(s) 'example_sensors' retrieved from /home/airflow/.local/lib/python3.8/site-packages/airflow/example_dags/example_sensors.py
[2026-08-19T12:50:11.934+0000] {logging_mixin.py:188} INFO - [2026-08-19T12:50:11.934+0000] {dag.py:3036} INFO - Sync 1 DAGs
[2026-08-19T12:50:11.959+0000] {logging_mixin.py:188} INFO - [2026-08-19T12:50:11.958+0000] {dag.py:3823} INFO - Setting next_dagrun for example_sensors to None, run_after=None
[2026-08-19T12:50:11.995+0000] {processor.py:183} INFO - Processing /home/airflow/.local/lib/python3.8/site-packages/airflow/example_dags/example_sensors.py took 0.154 seconds
[2026-08-19T12:50:42.766+0000] {processor.py:161} INFO - Started process (PID=4805) to work on /home/airflow/.local/lib/python3.8/site-packages/airflow/example_dags/example_sensors.py
[2026-08-19T12:50:42.767+0000] {processor.py:830} INFO - Processing file /home/airflow/.local/lib/python3.8/site-packages/airflow/example_dags/example_sensors.py for tasks to queue
[2026-08-19T12:50:42.769+0000] {logging_mixin.py:188} INFO - [2026-08-19T12:50:42.769+0000] {dagbag.py:538} INFO - Filling up the DagBag from /home/airflow/.local/lib/python3.8/site-packages/airflow/example_dags/example_sensors.py
[2026-08-19T12:50:42.778+0000] {processor.py:840} INFO - DAG(s) 'example_sensors' retrieved from /home/airflow/.local/lib/python3.8/site-packages/airflow/example_dags/example_sensors.py
[2026-08-19T12:50:42.802+0000] {logging_mixin.py:188} INFO - [2026-08-19T12:50:42.801+0000] {dag.py:3036} INFO - Sync 1 DAGs
[2026-08-19T12:50:42.813+0000] {logging_mixin.py:188} INFO - [2026-08-19T12:50:42.813+0000] {dag.py:3823} INFO - Setting next_dagrun for example_sensors to None, run_after=None
[2026-08-19T12:50:42.832+0000] {processor.py:183} INFO - Processing /home/airflow/.local/lib/python3.8/site-packages/airflow/example_dags/example_sensors.py took 0.070 seconds
[2026-08-19T12:51:13.521+0000] {processor.py:161} INFO - Started process (PID=4894) to work on /home/airflow/.local/lib/python3.8/site-packages/airflow/example_dags/example_sensors.py
[2026-08-19T12:51:13.522+0000] {processor.py:830} INFO - Processing file /home/airflow/.local/lib/python3.8/site-packages/airflow/example_dags/example_sensors.py for tasks to queue
[2026-08-19T12:51:13.524+0000] {logging_mixin.py:188} INFO - [2026-08-19T12:51:13.524+0000] {dagbag.py:538} INFO - Filling up the DagBag from /home/airflow/.local/lib/python3.8/site-packages/airflow/example_dags/example_sensors.py
[2026-08-19T12:51:13.533+0000] {processor.py:840} INFO - DAG(s) 'example_sensors' retrieved from /home/airflow/.local/lib/python3.8/site-packages/airflow/example_dags/example_sensors.py
[2026-08-19T12:51:13.559+0000] {logging_mixin.py:188} INFO - [2026-08-19T12:51:13.559+0000] {dag.py:3036} INFO - Sync 1 DAGs
[2026-08-19T12:51:13.572+0000] {logging_mixin.py:188} INFO - [2026-08-19T12:51:13.572+0000] {dag.py:3823} INFO - Setting next_dagrun for example_sensors to None, run_after=None
[2026-08-19T12:51:13.593+0000] {processor.py:183} INFO - Processing /home/airflow/.local/lib/python3.8/site-packages/airflow/example_dags/example_sensors.py took 0.075 seconds
[2026-08-19T12:51:44.548+0000] {processor.py:161} INFO - Started process (PID=4977) to work on /home/airflow/.local/lib/python3.8/site-packages/airflow/example_dags/example_sensors.py
[2026-08-19T12:51:44.549+0000] {processor.py:830} INFO - Processing file /home/airflow/.local/lib/python3.8/site-packages/airflow/example_dags/example_sensors.py for tasks to queue
[2026-08-19T12:51:44.551+0000] {logging_mixin.py:188} INFO - [2026-08-19T12:51:44.551+0000] {dagbag.py:538} INFO - Filling up the DagBag from /home/airflow/.local/lib/python3.8/site-packages/airflow/example_dags/example_sensors.py
[2026-08-19T12:51:44.561+0000] {processor.py:840} INFO - DAG(s) 'example_sensors' retrieved from /home/airflow/.local/lib/python3.8/site-packages/airflow/example_dags/example_sensors.py
[2026-08-19T12:51:44.587+0000] {logging_mixin.py:188} INFO - [2026-08-19T12:51:44.587+0000] {dag.py:3036} INFO - Sync 1 DAGs
[2026-08-19T12:51:44.603+0000] {logging_mixin.py:188} INFO - [2026-08-19T12:51:44.603+0000] {dag.py:3823} INFO - Setting next_dagrun for example_sensors to None, run_after=None
[2026-08-19T12:51:44.626+0000] {processor.py:183} INFO - Processing /home/airflow/.local/lib/python3.8/site-packages/airflow/example_dags/example_sensors.py took 0.082 seconds
[2026-08-19T12:52:15.540+0000] {processor.py:161} INFO - Started process (PID=5060) to work on /home/airflow/.local/lib/python3.8/site-packages/airflow/example_dags/example_sensors.py
[2026-08-19T12:52:15.541+0000] {processor.py:830} INFO - Processing file /home/airflow/.local/lib/python3.8/site-packages/airflow/example_dags/example_sensors.py for tasks to queue
[2026-08-19T12:52:15.544+0000] {logging_mixin.py:188} INFO - [2026-08-19T12:52:15.543+0000] {dagbag.py:538} INFO - Filling up the DagBag from /home/airflow/.local/lib/python3.8/site-packages/airflow/example_dags/example_sensors.py
[2026-08-19T12:52:15.553+0000] {processor.py:840} INFO - DAG(s) 'example_sensors' retrieved from /home/airflow/.local/lib/python3.8/site-packages/airflow/example_dags/example_sensors.py
[2026-08-19T12:52:15.582+0000] {logging_mixin.py:188} INFO - [2026-08-19T12:52:15.581+0000] {dag.py:3036} INFO - Sync 1 DAGs
[2026-08-19T12:52:15.600+0000] {logging_mixin.py:188} INFO - [2026-08-19T12:52:15.600+0000] {dag.py:3823} INFO - Setting next_dagrun for example_sensors to None, run_after=None
[2026-08-19T12:52:15.627+0000] {processor.py:183} INFO - Processing /home/airflow/.local/lib/python3.8/site-packages/airflow/example_dags/example_sensors.py took 0.091 seconds
[2026-08-19T12:52:46.516+0000] {processor.py:161} INFO - Started process (PID=5143) to work on /home/airflow/.local/lib/python3.8/site-packages/airflow/example_dags/example_sensors.py
[2026-08-19T12:52:46.518+0000] {processor.py:830} INFO - Processing file /home/airflow/.local/lib/python3.8/site-packages/airflow/example_dags/example_sensors.py for tasks to queue
[2026-08-19T12:52:46.523+0000] {logging_mixin.py:188} INFO - [2026-08-19T12:52:46.522+0000] {dagbag.py:538} INFO - Filling up the DagBag from /home/airflow/.local/lib/python3.8/site-packages/airflow/example_dags/example_sensors.py
[2026-08-19T12:52:46.539+0000] {processor.py:840} INFO - DAG(s) 'example_sensors' retrieved from /home/airflow/.local/lib/python3.8/site-packages/airflow/example_dags/example_sensors.py
[2026-08-19T12:52:46.583+0000] {logging_mixin.py:188} INFO - [2026-08-19T12:52:46.582+0000] {dag.py:3036} INFO - Sync 1 DAGs
[2026-08-19T12:52:46.652+0000] {logging_mixin.py:188} INFO - [2026-08-19T12:52:46.643+0000] {dag.py:3823} INFO - Setting next_dagrun for example_sensors to None, run_after=None
[2026-08-19T12:52:46.745+0000] {processor.py:183} INFO - Processing /home/airflow/.local/lib/python3.8/site-packages/airflow/example_dags/example_sensors.py took 0.236 seconds
[2026-08-19T12:53:17.354+0000] {processor.py:161} INFO - Started process (PID=5225) to work on /home/airflow/.local/lib/python3.8/site-packages/airflow/example_dags/example_sensors.py
[2026-08-19T12:53:17.356+0000] {processor.py:830} INFO - Processing file /home/airflow/.local/lib/python3.8/site-packages/airflow/example_dags/example_sensors.py for tasks to queue
[2026-08-19T12:53:17.358+0000] {logging_mixin.py:188} INFO - [2026-08-19T12:53:17.357+0000] {dagbag.py:538} INFO - Filling up the DagBag from /home/airflow/.local/lib/python3.8/site-packages/airflow/example_dags/example_sensors.py
[2026-08-19T12:53:17.366+0000] {processor.py:840} INFO - DAG(s) 'example_sensors' retrieved from /home/airflow/.local/lib/python3.8/site-packages/airflow/example_dags/example_sensors.py
[2026-08-19T12:53:17.390+0000] {logging_mixin.py:188} INFO - [2026-08-19T12:53:17.390+0000] {dag.py:3036} INFO - Sync 1 DAGs
[2026-08-19T12:53:17.402+0000] {logging_mixin.py:188} INFO - [2026-08-19T12:53:17.402+0000] {dag.py:3823} INFO - Setting next_dagrun for example_sensors to None, run_after=None
[2026-08-19T12:53:17.549+0000] {processor.py:183} INFO - Processing /home/airflow/.local/lib/python3.8/site-packages/airflow/example_dags/example_sensors.py took 0.198 seconds
[2026-08-19T12:53:48.126+0000] {processor.py:161} INFO - Started process (PID=5312) to work on /home/airflow/.local/lib/python3.8/site-packages/airflow/example_dags/example_sensors.py
[2026-08-19T12:53:48.135+0000] {processor.py:830} INFO - Processing file /home/airflow/.local/lib/python3.8/site-packages/airflow/example_dags/example_sensors.py for tasks to queue
[2026-08-19T12:53:48.141+0000] {logging_mixin.py:188} INFO - [2026-08-19T12:53:48.140+0000] {dagbag.py:538} INFO - Filling up the DagBag from /home/airflow/.local/lib/python3.8/site-packages/airflow/example_dags/example_sensors.py
[2026-08-19T12:53:48.164+0000] {processor.py:840} INFO - DAG(s) 'example_sensors' retrieved from /home/airflow/.local/lib/python3.8/site-packages/airflow/example_dags/example_sensors.py
[2026-08-19T12:53:48.219+0000] {logging_mixin.py:188} INFO - [2026-08-19T12:53:48.219+0000] {dag.py:3036} INFO - Sync 1 DAGs
[2026-08-19T12:53:48.243+0000] {logging_mixin.py:188} INFO - [2026-08-19T12:53:48.243+0000] {dag.py:3823} INFO - Setting next_dagrun for example_sensors to None, run_after=None
[2026-08-19T12:53:48.274+0000] {processor.py:183} INFO - Processing /home/airflow/.local/lib/python3.8/site-packages/airflow/example_dags/example_sensors.py took 0.155 seconds
[2026-08-19T12:54:19.158+0000] {processor.py:161} INFO - Started process (PID=5395) to work on /home/airflow/.local/lib/python3.8/site-packages/airflow/example_dags/example_sensors.py
[2026-08-19T12:54:19.160+0000] {processor.py:830} INFO - Processing file /home/airflow/.local/lib/python3.8/site-packages/airflow/example_dags/example_sensors.py for tasks to queue
[2026-08-19T12:54:19.162+0000] {logging_mixin.py:188} INFO - [2026-08-19T12:54:19.162+0000] {dagbag.py:538} INFO - Filling up the DagBag from /home/airflow/.local/lib/python3.8/site-packages/airflow/example_dags/example_sensors.py
[2026-08-19T12:54:19.171+0000] {processor.py:840} INFO - DAG(s) 'example_sensors' retrieved from /home/airflow/.local/lib/python3.8/site-packages/airflow/example_dags/example_sensors.py
[2026-08-19T12:54:19.196+0000] {logging_mixin.py:188} INFO - [2026-08-19T12:54:19.196+0000] {dag.py:3036} INFO - Sync 1 DAGs
[2026-08-19T12:54:19.211+0000] {logging_mixin.py:188} INFO - [2026-08-19T12:54:19.211+0000] {dag.py:3823} INFO - Setting next_dagrun for example_sensors to None, run_after=None
[2026-08-19T12:54:19.431+0000] {processor.py:183} INFO - Processing /home/airflow/.local/lib/python3.8/site-packages/airflow/example_dags/example_sensors.py took 0.276 seconds
[2026-08-19T12:54:50.248+0000] {processor.py:161} INFO - Started process (PID=5478) to work on /home/airflow/.local/lib/python3.8/site-packages/airflow/example_dags/example_sensors.py
[2026-08-19T12:54:50.249+0000] {processor.py:830} INFO - Processing file /home/airflow/.local/lib/python3.8/site-packages/airflow/example_dags/example_sensors.py for tasks to queue
[2026-08-19T12:54:50.251+0000] {logging_mixin.py:188} INFO - [2026-08-19T12:54:50.251+0000] {dagbag.py:538} INFO - Filling up the DagBag from /home/airflow/.local/lib/python3.8/site-packages/airflow/example_dags/example_sensors.py
[2026-08-19T12:54:50.260+0000] {processor.py:840} INFO - DAG(s) 'example_sensors' retrieved from /home/airflow/.local/lib/python3.8/site-packages/airflow/example_dags/example_sensors.py
[2026-08-19T12:54:50.287+0000] {logging_mixin.py:188} INFO - [2026-08-19T12:54:50.287+0000] {dag.py:3036} INFO - Sync 1 DAGs
[2026-08-19T12:54:50.300+0000] {logging_mixin.py:188} INFO - [2026-08-19T12:54:50.300+0000] {dag.py:3823} INFO - Setting next_dagrun for example_sensors to None, run_after=None
[2026-08-19T12:54:50.320+0000] {processor.py:183} INFO - Processing /home/airflow/.local/lib/python3.8/site-packages/airflow/example_dags/example_sensors.py took 0.076 seconds
[2026-08-19T12:55:20.903+0000] {processor.py:161} INFO - Started process (PID=5561) to work on /home/airflow/.local/lib/python3.8/site-packages/airflow/example_dags/example_sensors.py
[2026-08-19T12:55:20.904+0000] {processor.py:830} INFO - Processing file /home/airflow/.local/lib/python3.8/site-packages/airflow/example_dags/example_sensors.py for tasks to queue
[2026-08-19T12:55:20.906+0000] {logging_mixin.py:188} INFO - [2026-08-19T12:55:20.906+0000] {dagbag.py:538} INFO - Filling up the DagBag from /home/airflow/.local/lib/python3.8/site-packages/airflow/example_dags/example_sensors.py
[2026-08-19T12:55:20.915+0000] {processor.py:840} INFO - DAG(s) 'example_sensors' retrieved from /home/airflow/.local/lib/python3.8/site-packages/airflow/example_dags/example_sensors.py
[2026-08-19T12:55:20.941+0000] {logging_mixin.py:188} INFO - [2026-08-19T12:55:20.940+0000] {dag.py:3036} INFO - Sync 1 DAGs
[2026-08-19T12:55:20.954+0000] {logging_mixin.py:188} INFO - [2026-08-19T12:55:20.954+0000] {dag.py:3823} INFO - Setting next_dagrun for example_sensors to None, run_after=None
[2026-08-19T12:55:21.017+0000] {processor.py:183} INFO - Processing /home/airflow/.local/lib/python3.8/site-packages/airflow/example_dags/example_sensors.py took 0.118 seconds
[2026-08-19T12:55:52.031+0000] {processor.py:161} INFO - Started process (PID=5644) to work on /home/airflow/.local/lib/python3.8/site-packages/airflow/example_dags/example_sensors.py
[2026-08-19T12:55:52.033+0000] {processor.py:830} INFO - Processing file /home/airflow/.local/lib/python3.8/site-packages/airflow/example_dags/example_sensors.py for tasks to queue
[2026-08-19T12:55:52.036+0000] {logging_mixin.py:188} INFO - [2026-08-19T12:55:52.035+0000] {dagbag.py:538} INFO - Filling up the DagBag from /home/airflow/.local/lib/python3.8/site-packages/airflow/example_dags/example_sensors.py
[2026-08-19T12:55:52.046+0000] {processor.py:840} INFO - DAG(s) 'example_sensors' retrieved from /home/airflow/.local/lib/python3.8/site-packages/airflow/example_dags/example_sensors.py
[2026-08-19T12:55:52.077+0000] {logging_mixin.py:188} INFO - [2026-08-19T12:55:52.076+0000] {dag.py:3036} INFO - Sync 1 DAGs
[2026-08-19T12:55:52.091+0000] {logging_mixin.py:188} INFO - [2026-08-19T12:55:52.091+0000] {dag.py:3823} INFO - Setting next_dagrun for example_sensors to None, run_after=None
[2026-08-19T12:55:52.218+0000] {processor.py:183} INFO - Processing /home/airflow/.local/lib/python3.8/site-packages/airflow/example_dags/example_sensors.py took 0.191 seconds
[2026-08-19T12:56:22.774+0000] {processor.py:161} INFO - Started process (PID=5727) to work on /home/airflow/.local/lib/python3.8/site-packages/airflow/example_dags/example_sensors.py
[2026-08-19T12:56:22.776+0000] {processor.py:830} INFO - Processing file /home/airflow/.local/lib/python3.8/site-packages/airflow/example_dags/example_sensors.py for tasks to queue
[2026-08-19T12:56:22.779+0000] {logging_mixin.py:188} INFO - [2026-08-19T12:56:22.778+0000] {dagbag.py:538} INFO - Filling up the DagBag from /home/airflow/.local/lib/python3.8/site-packages/airflow/example_dags/example_sensors.py
[2026-08-19T12:56:22.789+0000] {processor.py:840} INFO - DAG(s) 'example_sensors' retrieved from /home/airflow/.local/lib/python3.8/site-packages/airflow/example_dags/example_sensors.py
[2026-08-19T12:56:22.815+0000] {logging_mixin.py:188} INFO - [2026-08-19T12:56:22.815+0000] {dag.py:3036} INFO - Sync 1 DAGs
[2026-08-19T12:56:22.827+0000] {logging_mixin.py:188} INFO - [2026-08-19T12:56:22.827+0000] {dag.py:3823} INFO - Setting next_dagrun for example_sensors to None, run_after=None
[2026-08-19T12:56:22.876+0000] {processor.py:183} INFO - Processing /home/airflow/.local/lib/python3.8/site-packages/airflow/example_dags/example_sensors.py took 0.106 seconds
[2026-08-19T12:56:53.469+0000] {processor.py:161} INFO - Started process (PID=5810) to work on /home/airflow/.local/lib/python3.8/site-packages/airflow/example_dags/example_sensors.py
[2026-08-19T12:56:53.471+0000] {processor.py:830} INFO - Processing file /home/airflow/.local/lib/python3.8/site-packages/airflow/example_dags/example_sensors.py for tasks to queue
[2026-08-19T12:56:53.473+0000] {logging_mixin.py:188} INFO - [2026-08-19T12:56:53.472+0000] {dagbag.py:538} INFO - Filling up the DagBag from /home/airflow/.local/lib/python3.8/site-packages/airflow/example_dags/example_sensors.py
[2026-08-19T12:56:53.482+0000] {processor.py:840} INFO - DAG(s) 'example_sensors' retrieved from /home/airflow/.local/lib/python3.8/site-packages/airflow/example_dags/example_sensors.py
[2026-08-19T12:56:53.508+0000] {logging_mixin.py:188} INFO - [2026-08-19T12:56:53.508+0000] {dag.py:3036} INFO - Sync 1 DAGs
[2026-08-19T12:56:53.522+0000] {logging_mixin.py:188} INFO - [2026-08-19T12:56:53.522+0000] {dag.py:3823} INFO - Setting next_dagrun for example_sensors to None, run_after=None
[2026-08-19T12:56:53.549+0000] {processor.py:183} INFO - Processing /home/airflow/.local/lib/python3.8/site-packages/airflow/example_dags/example_sensors.py took 0.083 seconds
