[2026-08-19T12:22:19.309+0000] {processor.py:161} INFO - Started process (PID=181) to work on /home/airflow/.local/lib/python3.8/site-packages/airflow/example_dags/example_short_circuit_operator.py
[2026-08-19T12:22:19.319+0000] {processor.py:830} INFO - Processing file /home/airflow/.local/lib/python3.8/site-packages/airflow/example_dags/example_short_circuit_operator.py for tasks to queue
[2026-08-19T12:22:19.329+0000] {logging_mixin.py:188} INFO - [2026-08-19T12:22:19.328+0000] {dagbag.py:538} INFO - Filling up the DagBag from /home/airflow/.local/lib/python3.8/site-packages/airflow/example_dags/example_short_circuit_operator.py
[2026-08-19T12:22:19.375+0000] {processor.py:840} INFO - DAG(s) 'example_short_circuit_operator' retrieved from /home/airflow/.local/lib/python3.8/site-packages/airflow/example_dags/example_short_circuit_operator.py
[2026-08-19T12:22:19.739+0000] {logging_mixin.py:188} INFO - [2026-08-19T12:22:19.738+0000] {dag.py:3036} INFO - Sync 1 DAGs
[2026-08-19T12:22:19.890+0000] {logging_mixin.py:188} INFO - [2026-08-19T12:22:19.890+0000] {dag.py:3823} INFO - Setting next_dagrun for example_short_circuit_operator to 2026-08-18 00:00:00+00:00, run_after=2026-08-19 00:00:00+00:00
[2026-08-19T12:22:19.997+0000] {processor.py:183} INFO - Processing /home/airflow/.local/lib/python3.8/site-packages/airflow/example_dags/example_short_circuit_operator.py took 0.712 seconds
[2026-08-19T12:22:54.469+0000] {processor.py:161} INFO - Started process (PID=278) to work on /home/airflow/.local/lib/python3.8/site-packages/airflow/example_dags/example_short_circuit_operator.py
[2026-08-19T12:22:54.472+0000] {processor.py:830} INFO - Processing file /home/airflow/.local/lib/python3.8/site-packages/airflow/example_dags/example_short_circuit_operator.py for tasks to queue
[2026-08-19T12:22:54.477+0000] {logging_mixin.py:188} INFO - [2026-08-19T12:22:54.477+0000] {dagbag.py:538} INFO - Filling up the DagBag from /home/airflow/.local/lib/python3.8/site-packages/airflow/example_dags/example_short_circuit_operator.py
[2026-08-19T12:22:54.505+0000] {processor.py:840} INFO - DAG(s) 'example_short_circuit_operator' retrieved from /home/airflow/.local/lib/python3.8/site-packages/airflow/example_dags/example_short_circuit_operator.py
[2026-08-19T12:22:54.578+0000] {logging_mixin.py:188} INFO - [2026-08-19T12:22:54.577+0000] {dag.py:3036} INFO - Sync 1 DAGs
[2026-08-19T12:22:54.619+0000] {logging_mixin.py:188} INFO - [2026-08-19T12:22:54.618+0000] {dag.py:3823} INFO - Setting next_dagrun for example_short_circuit_operator to 2026-08-18 00:00:00+00:00, run_after=2026-08-19 00:00:00+00:00
[2026-08-19T12:22:54.660+0000] {processor.py:183} INFO - Processing /home/airflow/.local/lib/python3.8/site-packages/airflow/example_dags/example_short_circuit_operator.py took 0.205 seconds
[2026-08-19T12:23:25.460+0000] {processor.py:161} INFO - Started process (PID=361) to work on /home/airflow/.local/lib/python3.8/site-packages/airflow/example_dags/example_short_circuit_operator.py
[2026-08-19T12:23:25.462+0000] {processor.py:830} INFO - Processing file /home/airflow/.local/lib/python3.8/site-packages/airflow/example_dags/example_short_circuit_operator.py for tasks to queue
[2026-08-19T12:23:25.465+0000] {logging_mixin.py:188} INFO - [2026-08-19T12:23:25.465+0000] {dagbag.py:538} INFO - Filling up the DagBag from /home/airflow/.local/lib/python3.8/site-packages/airflow/example_dags/example_short_circuit_operator.py
[2026-08-19T12:23:25.479+0000] {processor.py:840} INFO - DAG(s) 'example_short_circuit_operator' retrieved from /home/airflow/.local/lib/python3.8/site-packages/airflow/example_dags/example_short_circuit_operator.py
[2026-08-19T12:23:25.723+0000] {logging_mixin.py:188} INFO - [2026-08-19T12:23:25.723+0000] {dag.py:3036} INFO - Sync 1 DAGs
[2026-08-19T12:23:25.756+0000] {logging_mixin.py:188} INFO - [2026-08-19T12:23:25.756+0000] {dag.py:3823} INFO - Setting next_dagrun for example_short_circuit_operator to 2026-08-18 00:00:00+00:00, run_after=2026-08-19 00:00:00+00:00
[2026-08-19T12:23:25.807+0000] {processor.py:183} INFO - Processing /home/airflow/.local/lib/python3.8/site-packages/airflow/example_dags/example_short_circuit_operator.py took 0.353 seconds
[2026-08-19T12:23:59.561+0000] {processor.py:161} INFO - Started process (PID=444) to work on /home/airflow/.local/lib/python3.8/site-packages/airflow/example_dags/example_short_circuit_operator.py
[2026-08-19T12:23:59.570+0000] {processor.py:830} INFO - Processing file /home/airflow/.local/lib/python3.8/site-packages/airflow/example_dags/example_short_circuit_operator.py for tasks to queue
[2026-08-19T12:23:59.581+0000] {logging_mixin.py:188} INFO - [2026-08-19T12:23:59.580+0000] {dagbag.py:538} INFO - Filling up the DagBag from /home/airflow/.local/lib/python3.8/site-packages/airflow/example_dags/example_short_circuit_operator.py
[2026-08-19T12:23:59.599+0000] {processor.py:840} INFO - DAG(s) 'example_short_circuit_operator' retrieved from /home/airflow/.local/lib/python3.8/site-packages/airflow/example_dags/example_short_circuit_operator.py
[2026-08-19T12:23:59.644+0000] {logging_mixin.py:188} INFO - [2026-08-19T12:23:59.644+0000] {dag.py:3036} INFO - Sync 1 DAGs
[2026-08-19T12:23:59.678+0000] {logging_mixin.py:188} INFO - [2026-08-19T12:23:59.678+0000] {dag.py:3823} INFO - Setting next_dagrun for example_short_circuit_operator to 2026-08-18 00:00:00+00:00, run_after=2026-08-19 00:00:00+00:00
[2026-08-19T12:23:59.709+0000] {processor.py:183} INFO - Processing /home/airflow/.local/lib/python3.8/site-packages/airflow/example_dags/example_short_circuit_operator.py took 0.159 seconds
[2026-08-19T12:24:30.110+0000] {processor.py:161} INFO - Started process (PID=531) to work on /home/airflow/.local/lib/python3.8/site-packages/airflow/example_dags/example_short_circuit_operator.py
[2026-08-19T12:24:30.111+0000] {processor.py:830} INFO - Processing file /home/airflow/.local/lib/python3.8/site-packages/airflow/example_dags/example_short_circuit_operator.py for tasks to queue
[2026-08-19T12:24:30.114+0000] {logging_mixin.py:188} INFO - [2026-08-19T12:24:30.113+0000] {dagbag.py:538} INFO - Filling up the DagBag from /home/airflow/.local/lib/python3.8/site-packages/airflow/example_dags/example_short_circuit_operator.py
[2026-08-19T12:24:30.123+0000] {processor.py:840} INFO - DAG(s) 'example_short_circuit_operator' retrieved from /home/airflow/.local/lib/python3.8/site-packages/airflow/example_dags/example_short_circuit_operator.py
[2026-08-19T12:24:30.152+0000] {logging_mixin.py:188} INFO - [2026-08-19T12:24:30.152+0000] {dag.py:3036} INFO - Sync 1 DAGs
[2026-08-19T12:24:30.175+0000] {logging_mixin.py:188} INFO - [2026-08-19T12:24:30.175+0000] {dag.py:3823} INFO - Setting next_dagrun for example_short_circuit_operator to 2026-08-18 00:00:00+00:00, run_after=2026-08-19 00:00:00+00:00
[2026-08-19T12:24:30.291+0000] {processor.py:183} INFO - Processing /home/airflow/.local/lib/python3.8/site-packages/airflow/example_dags/example_short_circuit_operator.py took 0.186 seconds
[2026-08-19T12:25:00.918+0000] {processor.py:161} INFO - Started process (PID=614) to work on /home/airflow/.local/lib/python3.8/site-packages/airflow/example_dags/example_short_circuit_operator.py
[2026-08-19T12:25:00.919+0000] {processor.py:830} INFO - Processing file /home/airflow/.local/lib/python3.8/site-packages/airflow/example_dags/example_short_circuit_operator.py for tasks to queue
[2026-08-19T12:25:00.921+0000] {logging_mixin.py:188} INFO - [2026-08-19T12:25:00.921+0000] {dagbag.py:538} INFO - Filling up the DagBag from /home/airflow/.local/lib/python3.8/site-packages/airflow/example_dags/example_short_circuit_operator.py
[2026-08-19T12:25:00.930+0000] {processor.py:840} INFO - DAG(s) 'example_short_circuit_operator' retrieved from /home/airflow/.local/lib/python3.8/site-packages/airflow/example_dags/example_short_circuit_operator.py
[2026-08-19T12:25:00.958+0000] {logging_mixin.py:188} INFO - [2026-08-19T12:25:00.957+0000] {dag.py:3036} INFO - Sync 1 DAGs
[2026-08-19T12:25:00.980+0000] {logging_mixin.py:188} INFO - [2026-08-19T12:25:00.980+0000] {dag.py:3823} INFO - Setting next_dagrun for example_short_circuit_operator to 2026-08-18 00:00:00+00:00, run_after=2026-08-19 00:00:00+00:00
[2026-08-19T12:25:01.033+0000] {processor.py:183} INFO - Processing /home/airflow/.local/lib/python3.8/site-packages/airflow/example_dags/example_short_circuit_operator.py took 0.122 seconds
[2026-08-19T12:25:31.190+0000] {processor.py:161} INFO - Started process (PID=697) to work on /home/airflow/.local/lib/python3.8/site-packages/airflow/example_dags/example_short_circuit_operator.py
[2026-08-19T12:25:31.351+0000] {processor.py:830} INFO - Processing file /home/airflow/.local/lib/python3.8/site-packages/airflow/example_dags/example_short_circuit_operator.py for tasks to queue
[2026-08-19T12:25:31.356+0000] {logging_mixin.py:188} INFO - [2026-08-19T12:25:31.355+0000] {dagbag.py:538} INFO - Filling up the DagBag from /home/airflow/.local/lib/python3.8/site-packages/airflow/example_dags/example_short_circuit_operator.py
[2026-08-19T12:25:31.364+0000] {processor.py:840} INFO - DAG(s) 'example_short_circuit_operator' retrieved from /home/airflow/.local/lib/python3.8/site-packages/airflow/example_dags/example_short_circuit_operator.py
[2026-08-19T12:25:31.388+0000] {logging_mixin.py:188} INFO - [2026-08-19T12:25:31.388+0000] {dag.py:3036} INFO - Sync 1 DAGs
[2026-08-19T12:25:31.468+0000] {logging_mixin.py:188} INFO - [2026-08-19T12:25:31.468+0000] {dag.py:3823} INFO - Setting next_dagrun for example_short_circuit_operator to 2026-08-18 00:00:00+00:00, run_after=2026-08-19 00:00:00+00:00
[2026-08-19T12:25:31.677+0000] {processor.py:183} INFO - Processing /home/airflow/.local/lib/python3.8/site-packages/airflow/example_dags/example_short_circuit_operator.py took 0.492 seconds
[2026-08-19T12:26:02.301+0000] {processor.py:161} INFO - Started process (PID=780) to work on /home/airflow/.local/lib/python3.8/site-packages/airflow/example_dags/example_short_circuit_operator.py
[2026-08-19T12:26:02.303+0000] {processor.py:830} INFO - Processing file /home/airflow/.local/lib/python3.8/site-packages/airflow/example_dags/example_short_circuit_operator.py for tasks to queue
[2026-08-19T12:26:02.306+0000] {logging_mixin.py:188} INFO - [2026-08-19T12:26:02.306+0000] {dagbag.py:538} INFO - Filling up the DagBag from /home/airflow/.local/lib/python3.8/site-packages/airflow/example_dags/example_short_circuit_operator.py
[2026-08-19T12:26:02.317+0000] {processor.py:840} INFO - DAG(s) 'example_short_circuit_operator' retrieved from /home/airflow/.local/lib/python3.8/site-packages/airflow/example_dags/example_short_circuit_operator.py
[2026-08-19T12:26:02.344+0000] {logging_mixin.py:188} INFO - [2026-08-19T12:26:02.343+0000] {dag.py:3036} INFO - Sync 1 DAGs
[2026-08-19T12:26:02.376+0000] {logging_mixin.py:188} INFO - [2026-08-19T12:26:02.375+0000] {dag.py:3823} INFO - Setting next_dagrun for example_short_circuit_operator to 2026-08-18 00:00:00+00:00, run_after=2026-08-19 00:00:00+00:00
[2026-08-19T12:26:02.615+0000] {processor.py:183} INFO - Processing /home/airflow/.local/lib/python3.8/site-packages/airflow/example_dags/example_short_circuit_operator.py took 0.319 seconds
[2026-08-19T12:26:33.139+0000] {processor.py:161} INFO - Started process (PID=864) to work on /home/airflow/.local/lib/python3.8/site-packages/airflow/example_dags/example_short_circuit_operator.py
[2026-08-19T12:26:33.141+0000] {processor.py:830} INFO - Processing file /home/airflow/.local/lib/python3.8/site-packages/airflow/example_dags/example_short_circuit_operator.py for tasks to queue
[2026-08-19T12:26:33.144+0000] {logging_mixin.py:188} INFO - [2026-08-19T12:26:33.144+0000] {dagbag.py:538} INFO - Filling up the DagBag from /home/airflow/.local/lib/python3.8/site-packages/airflow/example_dags/example_short_circuit_operator.py
[2026-08-19T12:26:33.157+0000] {processor.py:840} INFO - DAG(s) 'example_short_circuit_operator' retrieved from /home/airflow/.local/lib/python3.8/site-packages/airflow/example_dags/example_short_circuit_operator.py
[2026-08-19T12:26:33.193+0000] {logging_mixin.py:188} INFO - [2026-08-19T12:26:33.193+0000] {dag.py:3036} INFO - Sync 1 DAGs
[2026-08-19T12:26:33.234+0000] {logging_mixin.py:188} INFO - [2026-08-19T12:26:33.234+0000] {dag.py:3823} INFO - Setting next_dagrun for example_short_circuit_operator to 2026-08-18 00:00:00+00:00, run_after=2026-08-19 00:00:00+00:00
[2026-08-19T12:26:33.261+0000] {processor.py:183} INFO - Processing /home/airflow/.local/lib/python3.8/site-packages/airflow/example_dags/example_short_circuit_operator.py took 0.128 seconds
[2026-08-19T12:27:03.514+0000] {processor.py:161} INFO - Started process (PID=949) to work on /home/airflow/.local/lib/python3.8/site-packages/airflow/example_dags/example_short_circuit_operator.py
[2026-08-19T12:27:03.516+0000] {processor.py:830} INFO - Processing file /home/airflow/.local/lib/python3.8/site-packages/airflow/example_dags/example_short_circuit_operator.py for tasks to queue
[2026-08-19T12:27:03.518+0000] {logging_mixin.py:188} INFO - [2026-08-19T12:27:03.518+0000] {dagbag.py:538} INFO - Filling up the DagBag from /home/airflow/.local/lib/python3.8/site-packages/airflow/example_dags/example_short_circuit_operator.py
[2026-08-19T12:27:03.529+0000] {processor.py:840} INFO - DAG(s) 'example_short_circuit_operator' retrieved from /home/airflow/.local/lib/python3.8/site-packages/airflow/example_dags/example_short_circuit_operator.py
[2026-08-19T12:27:03.562+0000] {logging_mixin.py:188} INFO - [2026-08-19T12:27:03.561+0000] {dag.py:3036} INFO - Sync 1 DAGs
[2026-08-19T12:27:03.593+0000] {logging_mixin.py:188} INFO - [2026-08-19T12:27:03.592+0000] {dag.py:3823} INFO - Setting next_dagrun for example_short_circuit_operator to 2026-08-18 00:00:00+00:00, run_after=2026-08-19 00:00:00+00:00
[2026-08-19T12:27:04.006+0000] {processor.py:183} INFO - Processing /home/airflow/.local/lib/python3.8/site-packages/airflow/example_dags/example_short_circuit_operator.py took 0.497 seconds
[2026-08-19T12:27:35.197+0000] {processor.py:161} INFO - Started process (PID=1032) to work on /home/airflow/.local/lib/python3.8/site-packages/airflow/example_dags/example_short_circuit_operator.py
[2026-08-19T12:27:35.199+0000] {processor.py:830} INFO - Processing file /home/airflow/.local/lib/python3.8/site-packages/airflow/example_dags/example_short_circuit_operator.py for tasks to queue
[2026-08-19T12:27:35.203+0000] {logging_mixin.py:188} INFO - [2026-08-19T12:27:35.202+0000] {dagbag.py:538} INFO - Filling up the DagBag from /home/airflow/.local/lib/python3.8/site-packages/airflow/example_dags/example_short_circuit_operator.py
[2026-08-19T12:27:35.228+0000] {processor.py:840} INFO - DAG(s) 'example_short_circuit_operator' retrieved from /home/airflow/.local/lib/python3.8/site-packages/airflow/example_dags/example_short_circuit_operator.py
[2026-08-19T12:27:35.282+0000] {logging_mixin.py:188} INFO - [2026-08-19T12:27:35.281+0000] {dag.py:3036} INFO - Sync 1 DAGs
[2026-08-19T12:27:35.334+0000] {logging_mixin.py:188} INFO - [2026-08-19T12:27:35.333+0000] {dag.py:3823} INFO - Setting next_dagrun for example_short_circuit_operator to 2026-08-18 00:00:00+00:00, run_after=2026-08-19 00:00:00+00:00
[2026-08-19T12:27:35.382+0000] {processor.py:183} INFO - Processing /home/airflow/.local/lib/python3.8/site-packages/airflow/example_dags/example_short_circuit_operator.py took 0.195 seconds
[2026-08-19T12:28:05.820+0000] {processor.py:161} INFO - Started process (PID=1115) to work on /home/airflow/.local/lib/python3.8/site-packages/airflow/example_dags/example_short_circuit_operator.py
[2026-08-19T12:28:05.824+0000] {processor.py:830} INFO - Processing file /home/airflow/.local/lib/python3.8/site-packages/airflow/example_dags/example_short_circuit_operator.py for tasks to queue
[2026-08-19T12:28:05.829+0000] {logging_mixin.py:188} INFO - [2026-08-19T12:28:05.829+0000] {dagbag.py:538} INFO - Filling up the DagBag from /home/airflow/.local/lib/python3.8/site-packages/airflow/example_dags/example_short_circuit_operator.py
[2026-08-19T12:28:05.838+0000] {processor.py:840} INFO - DAG(s) 'example_short_circuit_operator' retrieved from /home/airflow/.local/lib/python3.8/site-packages/airflow/example_dags/example_short_circuit_operator.py
[2026-08-19T12:28:05.866+0000] {logging_mixin.py:188} INFO - [2026-08-19T12:28:05.866+0000] {dag.py:3036} INFO - Sync 1 DAGs
[2026-08-19T12:28:05.895+0000] {logging_mixin.py:188} INFO - [2026-08-19T12:28:05.894+0000] {dag.py:3823} INFO - Setting next_dagrun for example_short_circuit_operator to 2026-08-18 00:00:00+00:00, run_after=2026-08-19 00:00:00+00:00
[2026-08-19T12:28:05.919+0000] {processor.py:183} INFO - Processing /home/airflow/.local/lib/python3.8/site-packages/airflow/example_dags/example_short_circuit_operator.py took 0.104 seconds
[2026-08-19T12:28:36.717+0000] {processor.py:161} INFO - Started process (PID=1198) to work on /home/airflow/.local/lib/python3.8/site-packages/airflow/example_dags/example_short_circuit_operator.py
[2026-08-19T12:28:36.718+0000] {processor.py:830} INFO - Processing file /home/airflow/.local/lib/python3.8/site-packages/airflow/example_dags/example_short_circuit_operator.py for tasks to queue
[2026-08-19T12:28:36.721+0000] {logging_mixin.py:188} INFO - [2026-08-19T12:28:36.721+0000] {dagbag.py:538} INFO - Filling up the DagBag from /home/airflow/.local/lib/python3.8/site-packages/airflow/example_dags/example_short_circuit_operator.py
[2026-08-19T12:28:36.731+0000] {processor.py:840} INFO - DAG(s) 'example_short_circuit_operator' retrieved from /home/airflow/.local/lib/python3.8/site-packages/airflow/example_dags/example_short_circuit_operator.py
[2026-08-19T12:28:36.754+0000] {logging_mixin.py:188} INFO - [2026-08-19T12:28:36.754+0000] {dag.py:3036} INFO - Sync 1 DAGs
[2026-08-19T12:28:36.776+0000] {logging_mixin.py:188} INFO - [2026-08-19T12:28:36.776+0000] {dag.py:3823} INFO - Setting next_dagrun for example_short_circuit_operator to 2026-08-18 00:00:00+00:00, run_after=2026-08-19 00:00:00+00:00
[2026-08-19T12:28:36.798+0000] {processor.py:183} INFO - Processing /home/airflow/.local/lib/python3.8/site-packages/airflow/example_dags/example_short_circuit_operator.py took 0.086 seconds
[2026-08-19T12:29:08.672+0000] {processor.py:161} INFO - Started process (PID=1289) to work on /home/airflow/.local/lib/python3.8/site-packages/airflow/example_dags/example_short_circuit_operator.py
[2026-08-19T12:29:08.675+0000] {processor.py:830} INFO - Processing file /home/airflow/.local/lib/python3.8/site-packages/airflow/example_dags/example_short_circuit_operator.py for tasks to queue
[2026-08-19T12:29:08.692+0000] {logging_mixin.py:188} INFO - [2026-08-19T12:29:08.690+0000] {dagbag.py:538} INFO - Filling up the DagBag from /home/airflow/.local/lib/python3.8/site-packages/airflow/example_dags/example_short_circuit_operator.py
[2026-08-19T12:29:08.788+0000] {processor.py:840} INFO - DAG(s) 'example_short_circuit_operator' retrieved from /home/airflow/.local/lib/python3.8/site-packages/airflow/example_dags/example_short_circuit_operator.py
[2026-08-19T12:29:08.974+0000] {logging_mixin.py:188} INFO - [2026-08-19T12:29:08.974+0000] {dag.py:3036} INFO - Sync 1 DAGs
[2026-08-19T12:29:09.097+0000] {logging_mixin.py:188} INFO - [2026-08-19T12:29:09.096+0000] {dag.py:3823} INFO - Setting next_dagrun for example_short_circuit_operator to 2026-08-18 00:00:00+00:00, run_after=2026-08-19 00:00:00+00:00
[2026-08-19T12:29:09.181+0000] {processor.py:183} INFO - Processing /home/airflow/.local/lib/python3.8/site-packages/airflow/example_dags/example_short_circuit_operator.py took 0.558 seconds
[2026-08-19T12:29:39.592+0000] {processor.py:161} INFO - Started process (PID=1380) to work on /home/airflow/.local/lib/python3.8/site-packages/airflow/example_dags/example_short_circuit_operator.py
[2026-08-19T12:29:39.593+0000] {processor.py:830} INFO - Processing file /home/airflow/.local/lib/python3.8/site-packages/airflow/example_dags/example_short_circuit_operator.py for tasks to queue
[2026-08-19T12:29:39.596+0000] {logging_mixin.py:188} INFO - [2026-08-19T12:29:39.595+0000] {dagbag.py:538} INFO - Filling up the DagBag from /home/airflow/.local/lib/python3.8/site-packages/airflow/example_dags/example_short_circuit_operator.py
[2026-08-19T12:29:39.609+0000] {processor.py:840} INFO - DAG(s) 'example_short_circuit_operator' retrieved from /home/airflow/.local/lib/python3.8/site-packages/airflow/example_dags/example_short_circuit_operator.py
[2026-08-19T12:29:39.646+0000] {logging_mixin.py:188} INFO - [2026-08-19T12:29:39.646+0000] {dag.py:3036} INFO - Sync 1 DAGs
[2026-08-19T12:29:39.678+0000] {logging_mixin.py:188} INFO - [2026-08-19T12:29:39.678+0000] {dag.py:3823} INFO - Setting next_dagrun for example_short_circuit_operator to 2026-08-18 00:00:00+00:00, run_after=2026-08-19 00:00:00+00:00
[2026-08-19T12:29:39.704+0000] {processor.py:183} INFO - Processing /home/airflow/.local/lib/python3.8/site-packages/airflow/example_dags/example_short_circuit_operator.py took 0.117 seconds
[2026-08-19T12:30:09.978+0000] {processor.py:161} INFO - Started process (PID=1469) to work on /home/airflow/.local/lib/python3.8/site-packages/airflow/example_dags/example_short_circuit_operator.py
[2026-08-19T12:30:09.979+0000] {processor.py:830} INFO - Processing file /home/airflow/.local/lib/python3.8/site-packages/airflow/example_dags/example_short_circuit_operator.py for tasks to queue
[2026-08-19T12:30:09.981+0000] {logging_mixin.py:188} INFO - [2026-08-19T12:30:09.981+0000] {dagbag.py:538} INFO - Filling up the DagBag from /home/airflow/.local/lib/python3.8/site-packages/airflow/example_dags/example_short_circuit_operator.py
[2026-08-19T12:30:09.991+0000] {processor.py:840} INFO - DAG(s) 'example_short_circuit_operator' retrieved from /home/airflow/.local/lib/python3.8/site-packages/airflow/example_dags/example_short_circuit_operator.py
[2026-08-19T12:30:10.021+0000] {logging_mixin.py:188} INFO - [2026-08-19T12:30:10.021+0000] {dag.py:3036} INFO - Sync 1 DAGs
[2026-08-19T12:30:10.042+0000] {logging_mixin.py:188} INFO - [2026-08-19T12:30:10.042+0000] {dag.py:3823} INFO - Setting next_dagrun for example_short_circuit_operator to 2026-08-18 00:00:00+00:00, run_after=2026-08-19 00:00:00+00:00
[2026-08-19T12:30:10.061+0000] {processor.py:183} INFO - Processing /home/airflow/.local/lib/python3.8/site-packages/airflow/example_dags/example_short_circuit_operator.py took 0.088 seconds
[2026-08-19T12:30:41.155+0000] {processor.py:161} INFO - Started process (PID=1554) to work on /home/airflow/.local/lib/python3.8/site-packages/airflow/example_dags/example_short_circuit_operator.py
[2026-08-19T12:30:41.156+0000] {processor.py:830} INFO - Processing file /home/airflow/.local/lib/python3.8/site-packages/airflow/example_dags/example_short_circuit_operator.py for tasks to queue
[2026-08-19T12:30:41.159+0000] {logging_mixin.py:188} INFO - [2026-08-19T12:30:41.158+0000] {dagbag.py:538} INFO - Filling up the DagBag from /home/airflow/.local/lib/python3.8/site-packages/airflow/example_dags/example_short_circuit_operator.py
[2026-08-19T12:30:41.169+0000] {processor.py:840} INFO - DAG(s) 'example_short_circuit_operator' retrieved from /home/airflow/.local/lib/python3.8/site-packages/airflow/example_dags/example_short_circuit_operator.py
[2026-08-19T12:30:41.192+0000] {logging_mixin.py:188} INFO - [2026-08-19T12:30:41.192+0000] {dag.py:3036} INFO - Sync 1 DAGs
[2026-08-19T12:30:41.215+0000] {logging_mixin.py:188} INFO - [2026-08-19T12:30:41.214+0000] {dag.py:3823} INFO - Setting next_dagrun for example_short_circuit_operator to 2026-08-18 00:00:00+00:00, run_after=2026-08-19 00:00:00+00:00
[2026-08-19T12:30:41.234+0000] {processor.py:183} INFO - Processing /home/airflow/.local/lib/python3.8/site-packages/airflow/example_dags/example_short_circuit_operator.py took 0.083 seconds
[2026-08-19T12:31:11.680+0000] {processor.py:161} INFO - Started process (PID=1637) to work on /home/airflow/.local/lib/python3.8/site-packages/airflow/example_dags/example_short_circuit_operator.py
[2026-08-19T12:31:11.681+0000] {processor.py:830} INFO - Processing file /home/airflow/.local/lib/python3.8/site-packages/airflow/example_dags/example_short_circuit_operator.py for tasks to queue
[2026-08-19T12:31:11.684+0000] {logging_mixin.py:188} INFO - [2026-08-19T12:31:11.684+0000] {dagbag.py:538} INFO - Filling up the DagBag from /home/airflow/.local/lib/python3.8/site-packages/airflow/example_dags/example_short_circuit_operator.py
[2026-08-19T12:31:11.692+0000] {processor.py:840} INFO - DAG(s) 'example_short_circuit_operator' retrieved from /home/airflow/.local/lib/python3.8/site-packages/airflow/example_dags/example_short_circuit_operator.py
[2026-08-19T12:31:11.718+0000] {logging_mixin.py:188} INFO - [2026-08-19T12:31:11.718+0000] {dag.py:3036} INFO - Sync 1 DAGs
[2026-08-19T12:31:11.763+0000] {logging_mixin.py:188} INFO - [2026-08-19T12:31:11.763+0000] {dag.py:3823} INFO - Setting next_dagrun for example_short_circuit_operator to 2026-08-18 00:00:00+00:00, run_after=2026-08-19 00:00:00+00:00
[2026-08-19T12:31:11.816+0000] {processor.py:183} INFO - Processing /home/airflow/.local/lib/python3.8/site-packages/airflow/example_dags/example_short_circuit_operator.py took 0.140 seconds
[2026-08-19T12:31:42.001+0000] {processor.py:161} INFO - Started process (PID=1722) to work on /home/airflow/.local/lib/python3.8/site-packages/airflow/example_dags/example_short_circuit_operator.py
[2026-08-19T12:31:42.002+0000] {processor.py:830} INFO - Processing file /home/airflow/.local/lib/python3.8/site-packages/airflow/example_dags/example_short_circuit_operator.py for tasks to queue
[2026-08-19T12:31:42.004+0000] {logging_mixin.py:188} INFO - [2026-08-19T12:31:42.004+0000] {dagbag.py:538} INFO - Filling up the DagBag from /home/airflow/.local/lib/python3.8/site-packages/airflow/example_dags/example_short_circuit_operator.py
[2026-08-19T12:31:42.013+0000] {processor.py:840} INFO - DAG(s) 'example_short_circuit_operator' retrieved from /home/airflow/.local/lib/python3.8/site-packages/airflow/example_dags/example_short_circuit_operator.py
[2026-08-19T12:31:42.037+0000] {logging_mixin.py:188} INFO - [2026-08-19T12:31:42.037+0000] {dag.py:3036} INFO - Sync 1 DAGs
[2026-08-19T12:31:42.060+0000] {logging_mixin.py:188} INFO - [2026-08-19T12:31:42.060+0000] {dag.py:3823} INFO - Setting next_dagrun for example_short_circuit_operator to 2026-08-18 00:00:00+00:00, run_after=2026-08-19 00:00:00+00:00
[2026-08-19T12:31:42.082+0000] {processor.py:183} INFO - Processing /home/airflow/.local/lib/python3.8/site-packages/airflow/example_dags/example_short_circuit_operator.py took 0.086 seconds
[2026-08-19T12:32:12.561+0000] {processor.py:161} INFO - Started process (PID=1805) to work on /home/airflow/.local/lib/python3.8/site-packages/airflow/example_dags/example_short_circuit_operator.py
[2026-08-19T12:32:12.562+0000] {processor.py:830} INFO - Processing file /home/airflow/.local/lib/python3.8/site-packages/airflow/example_dags/example_short_circuit_operator.py for tasks to queue
[2026-08-19T12:32:12.564+0000] {logging_mixin.py:188} INFO - [2026-08-19T12:32:12.564+0000] {dagbag.py:538} INFO - Filling up the DagBag from /home/airflow/.local/lib/python3.8/site-packages/airflow/example_dags/example_short_circuit_operator.py
[2026-08-19T12:32:12.571+0000] {processor.py:840} INFO - DAG(s) 'example_short_circuit_operator' retrieved from /home/airflow/.local/lib/python3.8/site-packages/airflow/example_dags/example_short_circuit_operator.py
[2026-08-19T12:32:12.594+0000] {logging_mixin.py:188} INFO - [2026-08-19T12:32:12.594+0000] {dag.py:3036} INFO - Sync 1 DAGs
[2026-08-19T12:32:12.614+0000] {logging_mixin.py:188} INFO - [2026-08-19T12:32:12.613+0000] {dag.py:3823} INFO - Setting next_dagrun for example_short_circuit_operator to 2026-08-18 00:00:00+00:00, run_after=2026-08-19 00:00:00+00:00
[2026-08-19T12:32:12.632+0000] {processor.py:183} INFO - Processing /home/airflow/.local/lib/python3.8/site-packages/airflow/example_dags/example_short_circuit_operator.py took 0.075 seconds
[2026-08-19T12:32:42.694+0000] {processor.py:161} INFO - Started process (PID=1892) to work on /home/airflow/.local/lib/python3.8/site-packages/airflow/example_dags/example_short_circuit_operator.py
[2026-08-19T12:32:42.695+0000] {processor.py:830} INFO - Processing file /home/airflow/.local/lib/python3.8/site-packages/airflow/example_dags/example_short_circuit_operator.py for tasks to queue
[2026-08-19T12:32:42.697+0000] {logging_mixin.py:188} INFO - [2026-08-19T12:32:42.697+0000] {dagbag.py:538} INFO - Filling up the DagBag from /home/airflow/.local/lib/python3.8/site-packages/airflow/example_dags/example_short_circuit_operator.py
[2026-08-19T12:32:42.705+0000] {processor.py:840} INFO - DAG(s) 'example_short_circuit_operator' retrieved from /home/airflow/.local/lib/python3.8/site-packages/airflow/example_dags/example_short_circuit_operator.py
[2026-08-19T12:32:42.729+0000] {logging_mixin.py:188} INFO - [2026-08-19T12:32:42.729+0000] {dag.py:3036} INFO - Sync 1 DAGs
[2026-08-19T12:32:42.749+0000] {logging_mixin.py:188} INFO - [2026-08-19T12:32:42.749+0000] {dag.py:3823} INFO - Setting next_dagrun for example_short_circuit_operator to 2026-08-18 00:00:00+00:00, run_after=2026-08-19 00:00:00+00:00
[2026-08-19T12:32:42.768+0000] {processor.py:183} INFO - Processing /home/airflow/.local/lib/python3.8/site-packages/airflow/example_dags/example_short_circuit_operator.py took 0.078 seconds
[2026-08-19T12:33:12.838+0000] {processor.py:161} INFO - Started process (PID=1975) to work on /home/airflow/.local/lib/python3.8/site-packages/airflow/example_dags/example_short_circuit_operator.py
[2026-08-19T12:33:12.839+0000] {processor.py:830} INFO - Processing file /home/airflow/.local/lib/python3.8/site-packages/airflow/example_dags/example_short_circuit_operator.py for tasks to queue
[2026-08-19T12:33:12.840+0000] {logging_mixin.py:188} INFO - [2026-08-19T12:33:12.840+0000] {dagbag.py:538} INFO - Filling up the DagBag from /home/airflow/.local/lib/python3.8/site-packages/airflow/example_dags/example_short_circuit_operator.py
[2026-08-19T12:33:12.847+0000] {processor.py:840} INFO - DAG(s) 'example_short_circuit_operator' retrieved from /home/airflow/.local/lib/python3.8/site-packages/airflow/example_dags/example_short_circuit_operator.py
[2026-08-19T12:33:12.873+0000] {logging_mixin.py:188} INFO - [2026-08-19T12:33:12.873+0000] {dag.py:3036} INFO - Sync 1 DAGs
[2026-08-19T12:33:12.893+0000] {logging_mixin.py:188} INFO - [2026-08-19T12:33:12.893+0000] {dag.py:3823} INFO - Setting next_dagrun for example_short_circuit_operator to 2026-08-18 00:00:00+00:00, run_after=2026-08-19 00:00:00+00:00
[2026-08-19T12:33:12.912+0000] {processor.py:183} INFO - Processing /home/airflow/.local/lib/python3.8/site-packages/airflow/example_dags/example_short_circuit_operator.py took 0.078 seconds
[2026-08-19T12:33:43.076+0000] {processor.py:161} INFO - Started process (PID=2058) to work on /home/airflow/.local/lib/python3.8/site-packages/airflow/example_dags/example_short_circuit_operator.py
[2026-08-19T12:33:43.080+0000] {processor.py:830} INFO - Processing file /home/airflow/.local/lib/python3.8/site-packages/airflow/example_dags/example_short_circuit_operator.py for tasks to queue
[2026-08-19T12:33:43.082+0000] {logging_mixin.py:188} INFO - [2026-08-19T12:33:43.082+0000] {dagbag.py:538} INFO - Filling up the DagBag from /home/airflow/.local/lib/python3.8/site-packages/airflow/example_dags/example_short_circuit_operator.py
[2026-08-19T12:33:43.090+0000] {processor.py:840} INFO - DAG(s) 'example_short_circuit_operator' retrieved from /home/airflow/.local/lib/python3.8/site-packages/airflow/example_dags/example_short_circuit_operator.py
[2026-08-19T12:33:43.112+0000] {logging_mixin.py:188} INFO - [2026-08-19T12:33:43.112+0000] {dag.py:3036} INFO - Sync 1 DAGs
[2026-08-19T12:33:43.132+0000] {logging_mixin.py:188} INFO - [2026-08-19T12:33:43.132+0000] {dag.py:3823} INFO - Setting next_dagrun for example_short_circuit_operator to 2026-08-18 00:00:00+00:00, run_after=2026-08-19 00:00:00+00:00
[2026-08-19T12:33:43.152+0000] {processor.py:183} INFO - Processing /home/airflow/.local/lib/python3.8/site-packages/airflow/example_dags/example_short_circuit_operator.py took 0.078 seconds
[2026-08-19T12:34:13.568+0000] {processor.py:161} INFO - Started process (PID=2145) to work on /home/airflow/.local/lib/python3.8/site-packages/airflow/example_dags/example_short_circuit_operator.py
[2026-08-19T12:34:13.569+0000] {processor.py:830} INFO - Processing file /home/airflow/.local/lib/python3.8/site-packages/airflow/example_dags/example_short_circuit_operator.py for tasks to queue
[2026-08-19T12:34:13.572+0000] {logging_mixin.py:188} INFO - [2026-08-19T12:34:13.571+0000] {dagbag.py:538} INFO - Filling up the DagBag from /home/airflow/.local/lib/python3.8/site-packages/airflow/example_dags/example_short_circuit_operator.py
[2026-08-19T12:34:13.580+0000] {processor.py:840} INFO - DAG(s) 'example_short_circuit_operator' retrieved from /home/airflow/.local/lib/python3.8/site-packages/airflow/example_dags/example_short_circuit_operator.py
[2026-08-19T12:34:13.621+0000] {logging_mixin.py:188} INFO - [2026-08-19T12:34:13.620+0000] {dag.py:3036} INFO - Sync 1 DAGs
[2026-08-19T12:34:13.660+0000] {logging_mixin.py:188} INFO - [2026-08-19T12:34:13.660+0000] {dag.py:3823} INFO - Setting next_dagrun for example_short_circuit_operator to 2026-08-18 00:00:00+00:00, run_after=2026-08-19 00:00:00+00:00
[2026-08-19T12:34:13.697+0000] {processor.py:183} INFO - Processing /home/airflow/.local/lib/python3.8/site-packages/airflow/example_dags/example_short_circuit_operator.py took 0.132 seconds
[2026-08-19T12:34:44.126+0000] {processor.py:161} INFO - Started process (PID=2228) to work on /home/airflow/.local/lib/python3.8/site-packages/airflow/example_dags/example_short_circuit_operator.py
[2026-08-19T12:34:44.128+0000] {processor.py:830} INFO - Processing file /home/airflow/.local/lib/python3.8/site-packages/airflow/example_dags/example_short_circuit_operator.py for tasks to queue
[2026-08-19T12:34:44.130+0000] {logging_mixin.py:188} INFO - [2026-08-19T12:34:44.129+0000] {dagbag.py:538} INFO - Filling up the DagBag from /home/airflow/.local/lib/python3.8/site-packages/airflow/example_dags/example_short_circuit_operator.py
[2026-08-19T12:34:44.145+0000] {processor.py:840} INFO - DAG(s) 'example_short_circuit_operator' retrieved from /home/airflow/.local/lib/python3.8/site-packages/airflow/example_dags/example_short_circuit_operator.py
[2026-08-19T12:34:44.172+0000] {logging_mixin.py:188} INFO - [2026-08-19T12:34:44.172+0000] {dag.py:3036} INFO - Sync 1 DAGs
[2026-08-19T12:34:44.199+0000] {logging_mixin.py:188} INFO - [2026-08-19T12:34:44.198+0000] {dag.py:3823} INFO - Setting next_dagrun for example_short_circuit_operator to 2026-08-18 00:00:00+00:00, run_after=2026-08-19 00:00:00+00:00
[2026-08-19T12:34:44.227+0000] {processor.py:183} INFO - Processing /home/airflow/.local/lib/python3.8/site-packages/airflow/example_dags/example_short_circuit_operator.py took 0.104 seconds
[2026-08-19T12:35:14.584+0000] {processor.py:161} INFO - Started process (PID=2311) to work on /home/airflow/.local/lib/python3.8/site-packages/airflow/example_dags/example_short_circuit_operator.py
[2026-08-19T12:35:14.586+0000] {processor.py:830} INFO - Processing file /home/airflow/.local/lib/python3.8/site-packages/airflow/example_dags/example_short_circuit_operator.py for tasks to queue
[2026-08-19T12:35:14.588+0000] {logging_mixin.py:188} INFO - [2026-08-19T12:35:14.588+0000] {dagbag.py:538} INFO - Filling up the DagBag from /home/airflow/.local/lib/python3.8/site-packages/airflow/example_dags/example_short_circuit_operator.py
[2026-08-19T12:35:14.599+0000] {processor.py:840} INFO - DAG(s) 'example_short_circuit_operator' retrieved from /home/airflow/.local/lib/python3.8/site-packages/airflow/example_dags/example_short_circuit_operator.py
[2026-08-19T12:35:14.632+0000] {logging_mixin.py:188} INFO - [2026-08-19T12:35:14.632+0000] {dag.py:3036} INFO - Sync 1 DAGs
[2026-08-19T12:35:14.659+0000] {logging_mixin.py:188} INFO - [2026-08-19T12:35:14.658+0000] {dag.py:3823} INFO - Setting next_dagrun for example_short_circuit_operator to 2026-08-18 00:00:00+00:00, run_after=2026-08-19 00:00:00+00:00
[2026-08-19T12:35:14.686+0000] {processor.py:183} INFO - Processing /home/airflow/.local/lib/python3.8/site-packages/airflow/example_dags/example_short_circuit_operator.py took 0.104 seconds
[2026-08-19T12:35:45.048+0000] {processor.py:161} INFO - Started process (PID=2394) to work on /home/airflow/.local/lib/python3.8/site-packages/airflow/example_dags/example_short_circuit_operator.py
[2026-08-19T12:35:45.049+0000] {processor.py:830} INFO - Processing file /home/airflow/.local/lib/python3.8/site-packages/airflow/example_dags/example_short_circuit_operator.py for tasks to queue
[2026-08-19T12:35:45.051+0000] {logging_mixin.py:188} INFO - [2026-08-19T12:35:45.051+0000] {dagbag.py:538} INFO - Filling up the DagBag from /home/airflow/.local/lib/python3.8/site-packages/airflow/example_dags/example_short_circuit_operator.py
[2026-08-19T12:35:45.059+0000] {processor.py:840} INFO - DAG(s) 'example_short_circuit_operator' retrieved from /home/airflow/.local/lib/python3.8/site-packages/airflow/example_dags/example_short_circuit_operator.py
[2026-08-19T12:35:45.082+0000] {logging_mixin.py:188} INFO - [2026-08-19T12:35:45.081+0000] {dag.py:3036} INFO - Sync 1 DAGs
[2026-08-19T12:35:45.104+0000] {logging_mixin.py:188} INFO - [2026-08-19T12:35:45.103+0000] {dag.py:3823} INFO - Setting next_dagrun for example_short_circuit_operator to 2026-08-18 00:00:00+00:00, run_after=2026-08-19 00:00:00+00:00
[2026-08-19T12:35:45.124+0000] {processor.py:183} INFO - Processing /home/airflow/.local/lib/python3.8/site-packages/airflow/example_dags/example_short_circuit_operator.py took 0.080 seconds
[2026-08-19T12:36:15.256+0000] {processor.py:161} INFO - Started process (PID=2477) to work on /home/airflow/.local/lib/python3.8/site-packages/airflow/example_dags/example_short_circuit_operator.py
[2026-08-19T12:36:15.257+0000] {processor.py:830} INFO - Processing file /home/airflow/.local/lib/python3.8/site-packages/airflow/example_dags/example_short_circuit_operator.py for tasks to queue
[2026-08-19T12:36:15.259+0000] {logging_mixin.py:188} INFO - [2026-08-19T12:36:15.259+0000] {dagbag.py:538} INFO - Filling up the DagBag from /home/airflow/.local/lib/python3.8/site-packages/airflow/example_dags/example_short_circuit_operator.py
[2026-08-19T12:36:15.267+0000] {processor.py:840} INFO - DAG(s) 'example_short_circuit_operator' retrieved from /home/airflow/.local/lib/python3.8/site-packages/airflow/example_dags/example_short_circuit_operator.py
[2026-08-19T12:36:15.288+0000] {logging_mixin.py:188} INFO - [2026-08-19T12:36:15.288+0000] {dag.py:3036} INFO - Sync 1 DAGs
[2026-08-19T12:36:15.309+0000] {logging_mixin.py:188} INFO - [2026-08-19T12:36:15.309+0000] {dag.py:3823} INFO - Setting next_dagrun for example_short_circuit_operator to 2026-08-18 00:00:00+00:00, run_after=2026-08-19 00:00:00+00:00
[2026-08-19T12:36:15.329+0000] {processor.py:183} INFO - Processing /home/airflow/.local/lib/python3.8/site-packages/airflow/example_dags/example_short_circuit_operator.py took 0.076 seconds
[2026-08-19T12:36:46.037+0000] {processor.py:161} INFO - Started process (PID=2568) to work on /home/airflow/.local/lib/python3.8/site-packages/airflow/example_dags/example_short_circuit_operator.py
[2026-08-19T12:36:46.041+0000] {processor.py:830} INFO - Processing file /home/airflow/.local/lib/python3.8/site-packages/airflow/example_dags/example_short_circuit_operator.py for tasks to queue
[2026-08-19T12:36:46.045+0000] {logging_mixin.py:188} INFO - [2026-08-19T12:36:46.045+0000] {dagbag.py:538} INFO - Filling up the DagBag from /home/airflow/.local/lib/python3.8/site-packages/airflow/example_dags/example_short_circuit_operator.py
[2026-08-19T12:36:46.076+0000] {processor.py:840} INFO - DAG(s) 'example_short_circuit_operator' retrieved from /home/airflow/.local/lib/python3.8/site-packages/airflow/example_dags/example_short_circuit_operator.py
[2026-08-19T12:36:46.143+0000] {logging_mixin.py:188} INFO - [2026-08-19T12:36:46.142+0000] {dag.py:3036} INFO - Sync 1 DAGs
[2026-08-19T12:36:46.217+0000] {logging_mixin.py:188} INFO - [2026-08-19T12:36:46.217+0000] {dag.py:3823} INFO - Setting next_dagrun for example_short_circuit_operator to 2026-08-18 00:00:00+00:00, run_after=2026-08-19 00:00:00+00:00
[2026-08-19T12:36:46.266+0000] {processor.py:183} INFO - Processing /home/airflow/.local/lib/python3.8/site-packages/airflow/example_dags/example_short_circuit_operator.py took 0.236 seconds
[2026-08-19T12:37:16.789+0000] {processor.py:161} INFO - Started process (PID=2651) to work on /home/airflow/.local/lib/python3.8/site-packages/airflow/example_dags/example_short_circuit_operator.py
[2026-08-19T12:37:16.790+0000] {processor.py:830} INFO - Processing file /home/airflow/.local/lib/python3.8/site-packages/airflow/example_dags/example_short_circuit_operator.py for tasks to queue
[2026-08-19T12:37:16.792+0000] {logging_mixin.py:188} INFO - [2026-08-19T12:37:16.792+0000] {dagbag.py:538} INFO - Filling up the DagBag from /home/airflow/.local/lib/python3.8/site-packages/airflow/example_dags/example_short_circuit_operator.py
[2026-08-19T12:37:16.800+0000] {processor.py:840} INFO - DAG(s) 'example_short_circuit_operator' retrieved from /home/airflow/.local/lib/python3.8/site-packages/airflow/example_dags/example_short_circuit_operator.py
[2026-08-19T12:37:16.822+0000] {logging_mixin.py:188} INFO - [2026-08-19T12:37:16.822+0000] {dag.py:3036} INFO - Sync 1 DAGs
[2026-08-19T12:37:16.843+0000] {logging_mixin.py:188} INFO - [2026-08-19T12:37:16.843+0000] {dag.py:3823} INFO - Setting next_dagrun for example_short_circuit_operator to 2026-08-18 00:00:00+00:00, run_after=2026-08-19 00:00:00+00:00
[2026-08-19T12:37:16.864+0000] {processor.py:183} INFO - Processing /home/airflow/.local/lib/python3.8/site-packages/airflow/example_dags/example_short_circuit_operator.py took 0.079 seconds
[2026-08-19T12:37:47.290+0000] {processor.py:161} INFO - Started process (PID=2734) to work on /home/airflow/.local/lib/python3.8/site-packages/airflow/example_dags/example_short_circuit_operator.py
[2026-08-19T12:37:47.291+0000] {processor.py:830} INFO - Processing file /home/airflow/.local/lib/python3.8/site-packages/airflow/example_dags/example_short_circuit_operator.py for tasks to queue
[2026-08-19T12:37:47.294+0000] {logging_mixin.py:188} INFO - [2026-08-19T12:37:47.293+0000] {dagbag.py:538} INFO - Filling up the DagBag from /home/airflow/.local/lib/python3.8/site-packages/airflow/example_dags/example_short_circuit_operator.py
[2026-08-19T12:37:47.301+0000] {processor.py:840} INFO - DAG(s) 'example_short_circuit_operator' retrieved from /home/airflow/.local/lib/python3.8/site-packages/airflow/example_dags/example_short_circuit_operator.py
[2026-08-19T12:37:47.328+0000] {logging_mixin.py:188} INFO - [2026-08-19T12:37:47.328+0000] {dag.py:3036} INFO - Sync 1 DAGs
[2026-08-19T12:37:47.350+0000] {logging_mixin.py:188} INFO - [2026-08-19T12:37:47.350+0000] {dag.py:3823} INFO - Setting next_dagrun for example_short_circuit_operator to 2026-08-18 00:00:00+00:00, run_after=2026-08-19 00:00:00+00:00
[2026-08-19T12:37:47.371+0000] {processor.py:183} INFO - Processing /home/airflow/.local/lib/python3.8/site-packages/airflow/example_dags/example_short_circuit_operator.py took 0.085 seconds
[2026-08-19T12:38:18.296+0000] {processor.py:161} INFO - Started process (PID=2817) to work on /home/airflow/.local/lib/python3.8/site-packages/airflow/example_dags/example_short_circuit_operator.py
[2026-08-19T12:38:18.297+0000] {processor.py:830} INFO - Processing file /home/airflow/.local/lib/python3.8/site-packages/airflow/example_dags/example_short_circuit_operator.py for tasks to queue
[2026-08-19T12:38:18.299+0000] {logging_mixin.py:188} INFO - [2026-08-19T12:38:18.299+0000] {dagbag.py:538} INFO - Filling up the DagBag from /home/airflow/.local/lib/python3.8/site-packages/airflow/example_dags/example_short_circuit_operator.py
[2026-08-19T12:38:18.307+0000] {processor.py:840} INFO - DAG(s) 'example_short_circuit_operator' retrieved from /home/airflow/.local/lib/python3.8/site-packages/airflow/example_dags/example_short_circuit_operator.py
[2026-08-19T12:38:18.331+0000] {logging_mixin.py:188} INFO - [2026-08-19T12:38:18.330+0000] {dag.py:3036} INFO - Sync 1 DAGs
[2026-08-19T12:38:18.354+0000] {logging_mixin.py:188} INFO - [2026-08-19T12:38:18.354+0000] {dag.py:3823} INFO - Setting next_dagrun for example_short_circuit_operator to 2026-08-18 00:00:00+00:00, run_after=2026-08-19 00:00:00+00:00
[2026-08-19T12:38:18.376+0000] {processor.py:183} INFO - Processing /home/airflow/.local/lib/python3.8/site-packages/airflow/example_dags/example_short_circuit_operator.py took 0.084 seconds
[2026-08-19T12:38:49.458+0000] {processor.py:161} INFO - Started process (PID=2900) to work on /home/airflow/.local/lib/python3.8/site-packages/airflow/example_dags/example_short_circuit_operator.py
[2026-08-19T12:38:49.460+0000] {processor.py:830} INFO - Processing file /home/airflow/.local/lib/python3.8/site-packages/airflow/example_dags/example_short_circuit_operator.py for tasks to queue
[2026-08-19T12:38:49.462+0000] {logging_mixin.py:188} INFO - [2026-08-19T12:38:49.461+0000] {dagbag.py:538} INFO - Filling up the DagBag from /home/airflow/.local/lib/python3.8/site-packages/airflow/example_dags/example_short_circuit_operator.py
[2026-08-19T12:38:49.471+0000] {processor.py:840} INFO - DAG(s) 'example_short_circuit_operator' retrieved from /home/airflow/.local/lib/python3.8/site-packages/airflow/example_dags/example_short_circuit_operator.py
[2026-08-19T12:38:49.496+0000] {logging_mixin.py:188} INFO - [2026-08-19T12:38:49.496+0000] {dag.py:3036} INFO - Sync 1 DAGs
[2026-08-19T12:38:49.521+0000] {logging_mixin.py:188} INFO - [2026-08-19T12:38:49.521+0000] {dag.py:3823} INFO - Setting next_dagrun for example_short_circuit_operator to 2026-08-18 00:00:00+00:00, run_after=2026-08-19 00:00:00+00:00
[2026-08-19T12:38:49.543+0000] {processor.py:183} INFO - Processing /home/airflow/.local/lib/python3.8/site-packages/airflow/example_dags/example_short_circuit_operator.py took 0.088 seconds
[2026-08-19T12:39:20.455+0000] {processor.py:161} INFO - Started process (PID=2983) to work on /home/airflow/.local/lib/python3.8/site-packages/airflow/example_dags/example_short_circuit_operator.py
[2026-08-19T12:39:20.457+0000] {processor.py:830} INFO - Processing file /home/airflow/.local/lib/python3.8/site-packages/airflow/example_dags/example_short_circuit_operator.py for tasks to queue
[2026-08-19T12:39:20.459+0000] {logging_mixin.py:188} INFO - [2026-08-19T12:39:20.458+0000] {dagbag.py:538} INFO - Filling up the DagBag from /home/airflow/.local/lib/python3.8/site-packages/airflow/example_dags/example_short_circuit_operator.py
[2026-08-19T12:39:20.466+0000] {processor.py:840} INFO - DAG(s) 'example_short_circuit_operator' retrieved from /home/airflow/.local/lib/python3.8/site-packages/airflow/example_dags/example_short_circuit_operator.py
[2026-08-19T12:39:20.489+0000] {logging_mixin.py:188} INFO - [2026-08-19T12:39:20.489+0000] {dag.py:3036} INFO - Sync 1 DAGs
[2026-08-19T12:39:20.511+0000] {logging_mixin.py:188} INFO - [2026-08-19T12:39:20.511+0000] {dag.py:3823} INFO - Setting next_dagrun for example_short_circuit_operator to 2026-08-18 00:00:00+00:00, run_after=2026-08-19 00:00:00+00:00
[2026-08-19T12:39:20.532+0000] {processor.py:183} INFO - Processing /home/airflow/.local/lib/python3.8/site-packages/airflow/example_dags/example_short_circuit_operator.py took 0.080 seconds
[2026-08-19T12:39:52.341+0000] {processor.py:161} INFO - Started process (PID=3066) to work on /home/airflow/.local/lib/python3.8/site-packages/airflow/example_dags/example_short_circuit_operator.py
[2026-08-19T12:39:52.342+0000] {processor.py:830} INFO - Processing file /home/airflow/.local/lib/python3.8/site-packages/airflow/example_dags/example_short_circuit_operator.py for tasks to queue
[2026-08-19T12:39:52.344+0000] {logging_mixin.py:188} INFO - [2026-08-19T12:39:52.344+0000] {dagbag.py:538} INFO - Filling up the DagBag from /home/airflow/.local/lib/python3.8/site-packages/airflow/example_dags/example_short_circuit_operator.py
[2026-08-19T12:39:52.352+0000] {processor.py:840} INFO - DAG(s) 'example_short_circuit_operator' retrieved from /home/airflow/.local/lib/python3.8/site-packages/airflow/example_dags/example_short_circuit_operator.py
[2026-08-19T12:39:52.376+0000] {logging_mixin.py:188} INFO - [2026-08-19T12:39:52.376+0000] {dag.py:3036} INFO - Sync 1 DAGs
[2026-08-19T12:39:52.397+0000] {logging_mixin.py:188} INFO - [2026-08-19T12:39:52.397+0000] {dag.py:3823} INFO - Setting next_dagrun for example_short_circuit_operator to 2026-08-18 00:00:00+00:00, run_after=2026-08-19 00:00:00+00:00
[2026-08-19T12:39:52.419+0000] {processor.py:183} INFO - Processing /home/airflow/.local/lib/python3.8/site-packages/airflow/example_dags/example_short_circuit_operator.py took 0.081 seconds
[2026-08-19T12:40:23.172+0000] {processor.py:161} INFO - Started process (PID=3149) to work on /home/airflow/.local/lib/python3.8/site-packages/airflow/example_dags/example_short_circuit_operator.py
[2026-08-19T12:40:23.173+0000] {processor.py:830} INFO - Processing file /home/airflow/.local/lib/python3.8/site-packages/airflow/example_dags/example_short_circuit_operator.py for tasks to queue
[2026-08-19T12:40:23.177+0000] {logging_mixin.py:188} INFO - [2026-08-19T12:40:23.177+0000] {dagbag.py:538} INFO - Filling up the DagBag from /home/airflow/.local/lib/python3.8/site-packages/airflow/example_dags/example_short_circuit_operator.py
[2026-08-19T12:40:23.189+0000] {processor.py:840} INFO - DAG(s) 'example_short_circuit_operator' retrieved from /home/airflow/.local/lib/python3.8/site-packages/airflow/example_dags/example_short_circuit_operator.py
[2026-08-19T12:40:23.218+0000] {logging_mixin.py:188} INFO - [2026-08-19T12:40:23.218+0000] {dag.py:3036} INFO - Sync 1 DAGs
[2026-08-19T12:40:23.243+0000] {logging_mixin.py:188} INFO - [2026-08-19T12:40:23.243+0000] {dag.py:3823} INFO - Setting next_dagrun for example_short_circuit_operator to 2026-08-18 00:00:00+00:00, run_after=2026-08-19 00:00:00+00:00
[2026-08-19T12:40:23.265+0000] {processor.py:183} INFO - Processing /home/airflow/.local/lib/python3.8/site-packages/airflow/example_dags/example_short_circuit_operator.py took 0.098 seconds
[2026-08-19T12:40:54.416+0000] {processor.py:161} INFO - Started process (PID=3232) to work on /home/airflow/.local/lib/python3.8/site-packages/airflow/example_dags/example_short_circuit_operator.py
[2026-08-19T12:40:54.417+0000] {processor.py:830} INFO - Processing file /home/airflow/.local/lib/python3.8/site-packages/airflow/example_dags/example_short_circuit_operator.py for tasks to queue
[2026-08-19T12:40:54.420+0000] {logging_mixin.py:188} INFO - [2026-08-19T12:40:54.420+0000] {dagbag.py:538} INFO - Filling up the DagBag from /home/airflow/.local/lib/python3.8/site-packages/airflow/example_dags/example_short_circuit_operator.py
[2026-08-19T12:40:54.429+0000] {processor.py:840} INFO - DAG(s) 'example_short_circuit_operator' retrieved from /home/airflow/.local/lib/python3.8/site-packages/airflow/example_dags/example_short_circuit_operator.py
[2026-08-19T12:40:54.454+0000] {logging_mixin.py:188} INFO - [2026-08-19T12:40:54.454+0000] {dag.py:3036} INFO - Sync 1 DAGs
[2026-08-19T12:40:54.479+0000] {logging_mixin.py:188} INFO - [2026-08-19T12:40:54.478+0000] {dag.py:3823} INFO - Setting next_dagrun for example_short_circuit_operator to 2026-08-18 00:00:00+00:00, run_after=2026-08-19 00:00:00+00:00
[2026-08-19T12:40:54.502+0000] {processor.py:183} INFO - Processing /home/airflow/.local/lib/python3.8/site-packages/airflow/example_dags/example_short_circuit_operator.py took 0.090 seconds
[2026-08-19T12:41:25.792+0000] {processor.py:161} INFO - Started process (PID=3319) to work on /home/airflow/.local/lib/python3.8/site-packages/airflow/example_dags/example_short_circuit_operator.py
[2026-08-19T12:41:25.794+0000] {processor.py:830} INFO - Processing file /home/airflow/.local/lib/python3.8/site-packages/airflow/example_dags/example_short_circuit_operator.py for tasks to queue
[2026-08-19T12:41:25.796+0000] {logging_mixin.py:188} INFO - [2026-08-19T12:41:25.795+0000] {dagbag.py:538} INFO - Filling up the DagBag from /home/airflow/.local/lib/python3.8/site-packages/airflow/example_dags/example_short_circuit_operator.py
[2026-08-19T12:41:25.805+0000] {processor.py:840} INFO - DAG(s) 'example_short_circuit_operator' retrieved from /home/airflow/.local/lib/python3.8/site-packages/airflow/example_dags/example_short_circuit_operator.py
[2026-08-19T12:41:25.830+0000] {logging_mixin.py:188} INFO - [2026-08-19T12:41:25.829+0000] {dag.py:3036} INFO - Sync 1 DAGs
[2026-08-19T12:41:25.854+0000] {logging_mixin.py:188} INFO - [2026-08-19T12:41:25.854+0000] {dag.py:3823} INFO - Setting next_dagrun for example_short_circuit_operator to 2026-08-18 00:00:00+00:00, run_after=2026-08-19 00:00:00+00:00
[2026-08-19T12:41:25.881+0000] {processor.py:183} INFO - Processing /home/airflow/.local/lib/python3.8/site-packages/airflow/example_dags/example_short_circuit_operator.py took 0.092 seconds
[2026-08-19T12:41:56.580+0000] {processor.py:161} INFO - Started process (PID=3402) to work on /home/airflow/.local/lib/python3.8/site-packages/airflow/example_dags/example_short_circuit_operator.py
[2026-08-19T12:41:56.581+0000] {processor.py:830} INFO - Processing file /home/airflow/.local/lib/python3.8/site-packages/airflow/example_dags/example_short_circuit_operator.py for tasks to queue
[2026-08-19T12:41:56.583+0000] {logging_mixin.py:188} INFO - [2026-08-19T12:41:56.583+0000] {dagbag.py:538} INFO - Filling up the DagBag from /home/airflow/.local/lib/python3.8/site-packages/airflow/example_dags/example_short_circuit_operator.py
[2026-08-19T12:41:56.592+0000] {processor.py:840} INFO - DAG(s) 'example_short_circuit_operator' retrieved from /home/airflow/.local/lib/python3.8/site-packages/airflow/example_dags/example_short_circuit_operator.py
[2026-08-19T12:41:56.617+0000] {logging_mixin.py:188} INFO - [2026-08-19T12:41:56.617+0000] {dag.py:3036} INFO - Sync 1 DAGs
[2026-08-19T12:41:56.640+0000] {logging_mixin.py:188} INFO - [2026-08-19T12:41:56.640+0000] {dag.py:3823} INFO - Setting next_dagrun for example_short_circuit_operator to 2026-08-18 00:00:00+00:00, run_after=2026-08-19 00:00:00+00:00
[2026-08-19T12:41:56.662+0000] {processor.py:183} INFO - Processing /home/airflow/.local/lib/python3.8/site-packages/airflow/example_dags/example_short_circuit_operator.py took 0.086 seconds
[2026-08-19T12:42:26.897+0000] {processor.py:161} INFO - Started process (PID=3485) to work on /home/airflow/.local/lib/python3.8/site-packages/airflow/example_dags/example_short_circuit_operator.py
[2026-08-19T12:42:26.898+0000] {processor.py:830} INFO - Processing file /home/airflow/.local/lib/python3.8/site-packages/airflow/example_dags/example_short_circuit_operator.py for tasks to queue
[2026-08-19T12:42:26.901+0000] {logging_mixin.py:188} INFO - [2026-08-19T12:42:26.900+0000] {dagbag.py:538} INFO - Filling up the DagBag from /home/airflow/.local/lib/python3.8/site-packages/airflow/example_dags/example_short_circuit_operator.py
[2026-08-19T12:42:26.913+0000] {processor.py:840} INFO - DAG(s) 'example_short_circuit_operator' retrieved from /home/airflow/.local/lib/python3.8/site-packages/airflow/example_dags/example_short_circuit_operator.py
[2026-08-19T12:42:26.953+0000] {logging_mixin.py:188} INFO - [2026-08-19T12:42:26.953+0000] {dag.py:3036} INFO - Sync 1 DAGs
[2026-08-19T12:42:26.983+0000] {logging_mixin.py:188} INFO - [2026-08-19T12:42:26.982+0000] {dag.py:3823} INFO - Setting next_dagrun for example_short_circuit_operator to 2026-08-18 00:00:00+00:00, run_after=2026-08-19 00:00:00+00:00
[2026-08-19T12:42:27.006+0000] {processor.py:183} INFO - Processing /home/airflow/.local/lib/python3.8/site-packages/airflow/example_dags/example_short_circuit_operator.py took 0.114 seconds
[2026-08-19T12:42:58.531+0000] {processor.py:161} INFO - Started process (PID=3568) to work on /home/airflow/.local/lib/python3.8/site-packages/airflow/example_dags/example_short_circuit_operator.py
[2026-08-19T12:42:58.532+0000] {processor.py:830} INFO - Processing file /home/airflow/.local/lib/python3.8/site-packages/airflow/example_dags/example_short_circuit_operator.py for tasks to queue
[2026-08-19T12:42:58.535+0000] {logging_mixin.py:188} INFO - [2026-08-19T12:42:58.534+0000] {dagbag.py:538} INFO - Filling up the DagBag from /home/airflow/.local/lib/python3.8/site-packages/airflow/example_dags/example_short_circuit_operator.py
[2026-08-19T12:42:58.542+0000] {processor.py:840} INFO - DAG(s) 'example_short_circuit_operator' retrieved from /home/airflow/.local/lib/python3.8/site-packages/airflow/example_dags/example_short_circuit_operator.py
[2026-08-19T12:42:58.568+0000] {logging_mixin.py:188} INFO - [2026-08-19T12:42:58.568+0000] {dag.py:3036} INFO - Sync 1 DAGs
[2026-08-19T12:42:58.591+0000] {logging_mixin.py:188} INFO - [2026-08-19T12:42:58.591+0000] {dag.py:3823} INFO - Setting next_dagrun for example_short_circuit_operator to 2026-08-18 00:00:00+00:00, run_after=2026-08-19 00:00:00+00:00
[2026-08-19T12:42:58.611+0000] {processor.py:183} INFO - Processing /home/airflow/.local/lib/python3.8/site-packages/airflow/example_dags/example_short_circuit_operator.py took 0.084 seconds
[2026-08-19T12:43:30.462+0000] {processor.py:161} INFO - Started process (PID=3651) to work on /home/airflow/.local/lib/python3.8/site-packages/airflow/example_dags/example_short_circuit_operator.py
[2026-08-19T12:43:30.465+0000] {processor.py:830} INFO - Processing file /home/airflow/.local/lib/python3.8/site-packages/airflow/example_dags/example_short_circuit_operator.py for tasks to queue
[2026-08-19T12:43:30.468+0000] {logging_mixin.py:188} INFO - [2026-08-19T12:43:30.468+0000] {dagbag.py:538} INFO - Filling up the DagBag from /home/airflow/.local/lib/python3.8/site-packages/airflow/example_dags/example_short_circuit_operator.py
[2026-08-19T12:43:30.479+0000] {processor.py:840} INFO - DAG(s) 'example_short_circuit_operator' retrieved from /home/airflow/.local/lib/python3.8/site-packages/airflow/example_dags/example_short_circuit_operator.py
[2026-08-19T12:43:30.514+0000] {logging_mixin.py:188} INFO - [2026-08-19T12:43:30.513+0000] {dag.py:3036} INFO - Sync 1 DAGs
[2026-08-19T12:43:30.545+0000] {logging_mixin.py:188} INFO - [2026-08-19T12:43:30.544+0000] {dag.py:3823} INFO - Setting next_dagrun for example_short_circuit_operator to 2026-08-18 00:00:00+00:00, run_after=2026-08-19 00:00:00+00:00
[2026-08-19T12:43:30.813+0000] {processor.py:183} INFO - Processing /home/airflow/.local/lib/python3.8/site-packages/airflow/example_dags/example_short_circuit_operator.py took 0.357 seconds
[2026-08-19T12:44:08.986+0000] {processor.py:161} INFO - Started process (PID=3736) to work on /home/airflow/.local/lib/python3.8/site-packages/airflow/example_dags/example_short_circuit_operator.py
[2026-08-19T12:44:08.991+0000] {processor.py:830} INFO - Processing file /home/airflow/.local/lib/python3.8/site-packages/airflow/example_dags/example_short_circuit_operator.py for tasks to queue
[2026-08-19T12:44:09.003+0000] {logging_mixin.py:188} INFO - [2026-08-19T12:44:09.002+0000] {dagbag.py:538} INFO - Filling up the DagBag from /home/airflow/.local/lib/python3.8/site-packages/airflow/example_dags/example_short_circuit_operator.py
[2026-08-19T12:44:09.040+0000] {processor.py:840} INFO - DAG(s) 'example_short_circuit_operator' retrieved from /home/airflow/.local/lib/python3.8/site-packages/airflow/example_dags/example_short_circuit_operator.py
[2026-08-19T12:44:09.603+0000] {logging_mixin.py:188} INFO - [2026-08-19T12:44:09.602+0000] {dag.py:3036} INFO - Sync 1 DAGs
[2026-08-19T12:44:09.670+0000] {logging_mixin.py:188} INFO - [2026-08-19T12:44:09.669+0000] {dag.py:3823} INFO - Setting next_dagrun for example_short_circuit_operator to 2026-08-18 00:00:00+00:00, run_after=2026-08-19 00:00:00+00:00
[2026-08-19T12:44:09.737+0000] {processor.py:183} INFO - Processing /home/airflow/.local/lib/python3.8/site-packages/airflow/example_dags/example_short_circuit_operator.py took 0.756 seconds
[2026-08-19T12:44:39.928+0000] {processor.py:161} INFO - Started process (PID=3821) to work on /home/airflow/.local/lib/python3.8/site-packages/airflow/example_dags/example_short_circuit_operator.py
[2026-08-19T12:44:39.929+0000] {processor.py:830} INFO - Processing file /home/airflow/.local/lib/python3.8/site-packages/airflow/example_dags/example_short_circuit_operator.py for tasks to queue
[2026-08-19T12:44:39.932+0000] {logging_mixin.py:188} INFO - [2026-08-19T12:44:39.931+0000] {dagbag.py:538} INFO - Filling up the DagBag from /home/airflow/.local/lib/python3.8/site-packages/airflow/example_dags/example_short_circuit_operator.py
[2026-08-19T12:44:39.939+0000] {processor.py:840} INFO - DAG(s) 'example_short_circuit_operator' retrieved from /home/airflow/.local/lib/python3.8/site-packages/airflow/example_dags/example_short_circuit_operator.py
[2026-08-19T12:44:39.966+0000] {logging_mixin.py:188} INFO - [2026-08-19T12:44:39.966+0000] {dag.py:3036} INFO - Sync 1 DAGs
[2026-08-19T12:44:39.989+0000] {logging_mixin.py:188} INFO - [2026-08-19T12:44:39.989+0000] {dag.py:3823} INFO - Setting next_dagrun for example_short_circuit_operator to 2026-08-18 00:00:00+00:00, run_after=2026-08-19 00:00:00+00:00
[2026-08-19T12:44:40.012+0000] {processor.py:183} INFO - Processing /home/airflow/.local/lib/python3.8/site-packages/airflow/example_dags/example_short_circuit_operator.py took 0.088 seconds
[2026-08-19T12:45:10.290+0000] {processor.py:161} INFO - Started process (PID=3908) to work on /home/airflow/.local/lib/python3.8/site-packages/airflow/example_dags/example_short_circuit_operator.py
[2026-08-19T12:45:10.292+0000] {processor.py:830} INFO - Processing file /home/airflow/.local/lib/python3.8/site-packages/airflow/example_dags/example_short_circuit_operator.py for tasks to queue
[2026-08-19T12:45:10.295+0000] {logging_mixin.py:188} INFO - [2026-08-19T12:45:10.295+0000] {dagbag.py:538} INFO - Filling up the DagBag from /home/airflow/.local/lib/python3.8/site-packages/airflow/example_dags/example_short_circuit_operator.py
[2026-08-19T12:45:10.309+0000] {processor.py:840} INFO - DAG(s) 'example_short_circuit_operator' retrieved from /home/airflow/.local/lib/python3.8/site-packages/airflow/example_dags/example_short_circuit_operator.py
[2026-08-19T12:45:10.344+0000] {logging_mixin.py:188} INFO - [2026-08-19T12:45:10.344+0000] {dag.py:3036} INFO - Sync 1 DAGs
[2026-08-19T12:45:10.377+0000] {logging_mixin.py:188} INFO - [2026-08-19T12:45:10.377+0000] {dag.py:3823} INFO - Setting next_dagrun for example_short_circuit_operator to 2026-08-18 00:00:00+00:00, run_after=2026-08-19 00:00:00+00:00
[2026-08-19T12:45:10.405+0000] {processor.py:183} INFO - Processing /home/airflow/.local/lib/python3.8/site-packages/airflow/example_dags/example_short_circuit_operator.py took 0.120 seconds
[2026-08-19T12:45:40.458+0000] {processor.py:161} INFO - Started process (PID=3989) to work on /home/airflow/.local/lib/python3.8/site-packages/airflow/example_dags/example_short_circuit_operator.py
[2026-08-19T12:45:40.460+0000] {processor.py:830} INFO - Processing file /home/airflow/.local/lib/python3.8/site-packages/airflow/example_dags/example_short_circuit_operator.py for tasks to queue
[2026-08-19T12:45:40.462+0000] {logging_mixin.py:188} INFO - [2026-08-19T12:45:40.462+0000] {dagbag.py:538} INFO - Filling up the DagBag from /home/airflow/.local/lib/python3.8/site-packages/airflow/example_dags/example_short_circuit_operator.py
[2026-08-19T12:45:40.471+0000] {processor.py:840} INFO - DAG(s) 'example_short_circuit_operator' retrieved from /home/airflow/.local/lib/python3.8/site-packages/airflow/example_dags/example_short_circuit_operator.py
[2026-08-19T12:45:40.503+0000] {logging_mixin.py:188} INFO - [2026-08-19T12:45:40.503+0000] {dag.py:3036} INFO - Sync 1 DAGs
[2026-08-19T12:45:40.529+0000] {logging_mixin.py:188} INFO - [2026-08-19T12:45:40.529+0000] {dag.py:3823} INFO - Setting next_dagrun for example_short_circuit_operator to 2026-08-18 00:00:00+00:00, run_after=2026-08-19 00:00:00+00:00
[2026-08-19T12:45:40.553+0000] {processor.py:183} INFO - Processing /home/airflow/.local/lib/python3.8/site-packages/airflow/example_dags/example_short_circuit_operator.py took 0.098 seconds
[2026-08-19T12:46:10.843+0000] {processor.py:161} INFO - Started process (PID=4072) to work on /home/airflow/.local/lib/python3.8/site-packages/airflow/example_dags/example_short_circuit_operator.py
[2026-08-19T12:46:10.844+0000] {processor.py:830} INFO - Processing file /home/airflow/.local/lib/python3.8/site-packages/airflow/example_dags/example_short_circuit_operator.py for tasks to queue
[2026-08-19T12:46:10.846+0000] {logging_mixin.py:188} INFO - [2026-08-19T12:46:10.846+0000] {dagbag.py:538} INFO - Filling up the DagBag from /home/airflow/.local/lib/python3.8/site-packages/airflow/example_dags/example_short_circuit_operator.py
[2026-08-19T12:46:10.854+0000] {processor.py:840} INFO - DAG(s) 'example_short_circuit_operator' retrieved from /home/airflow/.local/lib/python3.8/site-packages/airflow/example_dags/example_short_circuit_operator.py
[2026-08-19T12:46:10.877+0000] {logging_mixin.py:188} INFO - [2026-08-19T12:46:10.877+0000] {dag.py:3036} INFO - Sync 1 DAGs
[2026-08-19T12:46:10.898+0000] {logging_mixin.py:188} INFO - [2026-08-19T12:46:10.898+0000] {dag.py:3823} INFO - Setting next_dagrun for example_short_circuit_operator to 2026-08-18 00:00:00+00:00, run_after=2026-08-19 00:00:00+00:00
[2026-08-19T12:46:10.920+0000] {processor.py:183} INFO - Processing /home/airflow/.local/lib/python3.8/site-packages/airflow/example_dags/example_short_circuit_operator.py took 0.080 seconds
[2026-08-19T12:46:41.193+0000] {processor.py:161} INFO - Started process (PID=4155) to work on /home/airflow/.local/lib/python3.8/site-packages/airflow/example_dags/example_short_circuit_operator.py
[2026-08-19T12:46:41.194+0000] {processor.py:830} INFO - Processing file /home/airflow/.local/lib/python3.8/site-packages/airflow/example_dags/example_short_circuit_operator.py for tasks to queue
[2026-08-19T12:46:41.196+0000] {logging_mixin.py:188} INFO - [2026-08-19T12:46:41.196+0000] {dagbag.py:538} INFO - Filling up the DagBag from /home/airflow/.local/lib/python3.8/site-packages/airflow/example_dags/example_short_circuit_operator.py
[2026-08-19T12:46:41.204+0000] {processor.py:840} INFO - DAG(s) 'example_short_circuit_operator' retrieved from /home/airflow/.local/lib/python3.8/site-packages/airflow/example_dags/example_short_circuit_operator.py
[2026-08-19T12:46:41.229+0000] {logging_mixin.py:188} INFO - [2026-08-19T12:46:41.228+0000] {dag.py:3036} INFO - Sync 1 DAGs
[2026-08-19T12:46:41.251+0000] {logging_mixin.py:188} INFO - [2026-08-19T12:46:41.251+0000] {dag.py:3823} INFO - Setting next_dagrun for example_short_circuit_operator to 2026-08-18 00:00:00+00:00, run_after=2026-08-19 00:00:00+00:00
[2026-08-19T12:46:41.273+0000] {processor.py:183} INFO - Processing /home/airflow/.local/lib/python3.8/site-packages/airflow/example_dags/example_short_circuit_operator.py took 0.083 seconds
[2026-08-19T12:47:11.596+0000] {processor.py:161} INFO - Started process (PID=4238) to work on /home/airflow/.local/lib/python3.8/site-packages/airflow/example_dags/example_short_circuit_operator.py
[2026-08-19T12:47:11.597+0000] {processor.py:830} INFO - Processing file /home/airflow/.local/lib/python3.8/site-packages/airflow/example_dags/example_short_circuit_operator.py for tasks to queue
[2026-08-19T12:47:11.599+0000] {logging_mixin.py:188} INFO - [2026-08-19T12:47:11.599+0000] {dagbag.py:538} INFO - Filling up the DagBag from /home/airflow/.local/lib/python3.8/site-packages/airflow/example_dags/example_short_circuit_operator.py
[2026-08-19T12:47:11.608+0000] {processor.py:840} INFO - DAG(s) 'example_short_circuit_operator' retrieved from /home/airflow/.local/lib/python3.8/site-packages/airflow/example_dags/example_short_circuit_operator.py
[2026-08-19T12:47:11.634+0000] {logging_mixin.py:188} INFO - [2026-08-19T12:47:11.633+0000] {dag.py:3036} INFO - Sync 1 DAGs
[2026-08-19T12:47:11.659+0000] {logging_mixin.py:188} INFO - [2026-08-19T12:47:11.659+0000] {dag.py:3823} INFO - Setting next_dagrun for example_short_circuit_operator to 2026-08-18 00:00:00+00:00, run_after=2026-08-19 00:00:00+00:00
[2026-08-19T12:47:11.681+0000] {processor.py:183} INFO - Processing /home/airflow/.local/lib/python3.8/site-packages/airflow/example_dags/example_short_circuit_operator.py took 0.089 seconds
[2026-08-19T12:47:42.556+0000] {processor.py:161} INFO - Started process (PID=4323) to work on /home/airflow/.local/lib/python3.8/site-packages/airflow/example_dags/example_short_circuit_operator.py
[2026-08-19T12:47:42.557+0000] {processor.py:830} INFO - Processing file /home/airflow/.local/lib/python3.8/site-packages/airflow/example_dags/example_short_circuit_operator.py for tasks to queue
[2026-08-19T12:47:42.559+0000] {logging_mixin.py:188} INFO - [2026-08-19T12:47:42.559+0000] {dagbag.py:538} INFO - Filling up the DagBag from /home/airflow/.local/lib/python3.8/site-packages/airflow/example_dags/example_short_circuit_operator.py
[2026-08-19T12:47:42.566+0000] {processor.py:840} INFO - DAG(s) 'example_short_circuit_operator' retrieved from /home/airflow/.local/lib/python3.8/site-packages/airflow/example_dags/example_short_circuit_operator.py
[2026-08-19T12:47:42.592+0000] {logging_mixin.py:188} INFO - [2026-08-19T12:47:42.591+0000] {dag.py:3036} INFO - Sync 1 DAGs
[2026-08-19T12:47:42.616+0000] {logging_mixin.py:188} INFO - [2026-08-19T12:47:42.616+0000] {dag.py:3823} INFO - Setting next_dagrun for example_short_circuit_operator to 2026-08-18 00:00:00+00:00, run_after=2026-08-19 00:00:00+00:00
[2026-08-19T12:47:42.636+0000] {processor.py:183} INFO - Processing /home/airflow/.local/lib/python3.8/site-packages/airflow/example_dags/example_short_circuit_operator.py took 0.085 seconds
[2026-08-19T12:48:13.088+0000] {processor.py:161} INFO - Started process (PID=4412) to work on /home/airflow/.local/lib/python3.8/site-packages/airflow/example_dags/example_short_circuit_operator.py
[2026-08-19T12:48:13.089+0000] {processor.py:830} INFO - Processing file /home/airflow/.local/lib/python3.8/site-packages/airflow/example_dags/example_short_circuit_operator.py for tasks to queue
[2026-08-19T12:48:13.091+0000] {logging_mixin.py:188} INFO - [2026-08-19T12:48:13.091+0000] {dagbag.py:538} INFO - Filling up the DagBag from /home/airflow/.local/lib/python3.8/site-packages/airflow/example_dags/example_short_circuit_operator.py
[2026-08-19T12:48:13.098+0000] {processor.py:840} INFO - DAG(s) 'example_short_circuit_operator' retrieved from /home/airflow/.local/lib/python3.8/site-packages/airflow/example_dags/example_short_circuit_operator.py
[2026-08-19T12:48:13.123+0000] {logging_mixin.py:188} INFO - [2026-08-19T12:48:13.123+0000] {dag.py:3036} INFO - Sync 1 DAGs
[2026-08-19T12:48:13.146+0000] {logging_mixin.py:188} INFO - [2026-08-19T12:48:13.145+0000] {dag.py:3823} INFO - Setting next_dagrun for example_short_circuit_operator to 2026-08-18 00:00:00+00:00, run_after=2026-08-19 00:00:00+00:00
[2026-08-19T12:48:13.166+0000] {processor.py:183} INFO - Processing /home/airflow/.local/lib/python3.8/site-packages/airflow/example_dags/example_short_circuit_operator.py took 0.082 seconds
[2026-08-19T12:48:43.969+0000] {processor.py:161} INFO - Started process (PID=4495) to work on /home/airflow/.local/lib/python3.8/site-packages/airflow/example_dags/example_short_circuit_operator.py
[2026-08-19T12:48:43.971+0000] {processor.py:830} INFO - Processing file /home/airflow/.local/lib/python3.8/site-packages/airflow/example_dags/example_short_circuit_operator.py for tasks to queue
[2026-08-19T12:48:43.973+0000] {logging_mixin.py:188} INFO - [2026-08-19T12:48:43.972+0000] {dagbag.py:538} INFO - Filling up the DagBag from /home/airflow/.local/lib/python3.8/site-packages/airflow/example_dags/example_short_circuit_operator.py
[2026-08-19T12:48:43.982+0000] {processor.py:840} INFO - DAG(s) 'example_short_circuit_operator' retrieved from /home/airflow/.local/lib/python3.8/site-packages/airflow/example_dags/example_short_circuit_operator.py
[2026-08-19T12:48:44.012+0000] {logging_mixin.py:188} INFO - [2026-08-19T12:48:44.012+0000] {dag.py:3036} INFO - Sync 1 DAGs
[2026-08-19T12:48:44.038+0000] {logging_mixin.py:188} INFO - [2026-08-19T12:48:44.038+0000] {dag.py:3823} INFO - Setting next_dagrun for example_short_circuit_operator to 2026-08-18 00:00:00+00:00, run_after=2026-08-19 00:00:00+00:00
[2026-08-19T12:48:44.062+0000] {processor.py:183} INFO - Processing /home/airflow/.local/lib/python3.8/site-packages/airflow/example_dags/example_short_circuit_operator.py took 0.097 seconds
[2026-08-19T12:49:14.364+0000] {processor.py:161} INFO - Started process (PID=4578) to work on /home/airflow/.local/lib/python3.8/site-packages/airflow/example_dags/example_short_circuit_operator.py
[2026-08-19T12:49:14.366+0000] {processor.py:830} INFO - Processing file /home/airflow/.local/lib/python3.8/site-packages/airflow/example_dags/example_short_circuit_operator.py for tasks to queue
[2026-08-19T12:49:14.371+0000] {logging_mixin.py:188} INFO - [2026-08-19T12:49:14.370+0000] {dagbag.py:538} INFO - Filling up the DagBag from /home/airflow/.local/lib/python3.8/site-packages/airflow/example_dags/example_short_circuit_operator.py
[2026-08-19T12:49:14.392+0000] {processor.py:840} INFO - DAG(s) 'example_short_circuit_operator' retrieved from /home/airflow/.local/lib/python3.8/site-packages/airflow/example_dags/example_short_circuit_operator.py
[2026-08-19T12:49:14.430+0000] {logging_mixin.py:188} INFO - [2026-08-19T12:49:14.429+0000] {dag.py:3036} INFO - Sync 1 DAGs
[2026-08-19T12:49:14.465+0000] {logging_mixin.py:188} INFO - [2026-08-19T12:49:14.464+0000] {dag.py:3823} INFO - Setting next_dagrun for example_short_circuit_operator to 2026-08-18 00:00:00+00:00, run_after=2026-08-19 00:00:00+00:00
[2026-08-19T12:49:14.494+0000] {processor.py:183} INFO - Processing /home/airflow/.local/lib/python3.8/site-packages/airflow/example_dags/example_short_circuit_operator.py took 0.139 seconds
[2026-08-19T12:49:44.796+0000] {processor.py:161} INFO - Started process (PID=4662) to work on /home/airflow/.local/lib/python3.8/site-packages/airflow/example_dags/example_short_circuit_operator.py
[2026-08-19T12:49:44.800+0000] {processor.py:830} INFO - Processing file /home/airflow/.local/lib/python3.8/site-packages/airflow/example_dags/example_short_circuit_operator.py for tasks to queue
[2026-08-19T12:49:44.815+0000] {logging_mixin.py:188} INFO - [2026-08-19T12:49:44.814+0000] {dagbag.py:538} INFO - Filling up the DagBag from /home/airflow/.local/lib/python3.8/site-packages/airflow/example_dags/example_short_circuit_operator.py
[2026-08-19T12:49:44.836+0000] {processor.py:840} INFO - DAG(s) 'example_short_circuit_operator' retrieved from /home/airflow/.local/lib/python3.8/site-packages/airflow/example_dags/example_short_circuit_operator.py
[2026-08-19T12:49:44.869+0000] {logging_mixin.py:188} INFO - [2026-08-19T12:49:44.869+0000] {dag.py:3036} INFO - Sync 1 DAGs
[2026-08-19T12:49:44.898+0000] {logging_mixin.py:188} INFO - [2026-08-19T12:49:44.898+0000] {dag.py:3823} INFO - Setting next_dagrun for example_short_circuit_operator to 2026-08-18 00:00:00+00:00, run_after=2026-08-19 00:00:00+00:00
[2026-08-19T12:49:44.926+0000] {processor.py:183} INFO - Processing /home/airflow/.local/lib/python3.8/site-packages/airflow/example_dags/example_short_circuit_operator.py took 0.135 seconds
[2026-08-19T12:50:15.467+0000] {processor.py:161} INFO - Started process (PID=4747) to work on /home/airflow/.local/lib/python3.8/site-packages/airflow/example_dags/example_short_circuit_operator.py
[2026-08-19T12:50:15.468+0000] {processor.py:830} INFO - Processing file /home/airflow/.local/lib/python3.8/site-packages/airflow/example_dags/example_short_circuit_operator.py for tasks to queue
[2026-08-19T12:50:15.470+0000] {logging_mixin.py:188} INFO - [2026-08-19T12:50:15.470+0000] {dagbag.py:538} INFO - Filling up the DagBag from /home/airflow/.local/lib/python3.8/site-packages/airflow/example_dags/example_short_circuit_operator.py
[2026-08-19T12:50:15.477+0000] {processor.py:840} INFO - DAG(s) 'example_short_circuit_operator' retrieved from /home/airflow/.local/lib/python3.8/site-packages/airflow/example_dags/example_short_circuit_operator.py
[2026-08-19T12:50:15.501+0000] {logging_mixin.py:188} INFO - [2026-08-19T12:50:15.501+0000] {dag.py:3036} INFO - Sync 1 DAGs
[2026-08-19T12:50:15.522+0000] {logging_mixin.py:188} INFO - [2026-08-19T12:50:15.522+0000] {dag.py:3823} INFO - Setting next_dagrun for example_short_circuit_operator to 2026-08-18 00:00:00+00:00, run_after=2026-08-19 00:00:00+00:00
[2026-08-19T12:50:15.543+0000] {processor.py:183} INFO - Processing /home/airflow/.local/lib/python3.8/site-packages/airflow/example_dags/example_short_circuit_operator.py took 0.080 seconds
[2026-08-19T12:50:46.327+0000] {processor.py:161} INFO - Started process (PID=4834) to work on /home/airflow/.local/lib/python3.8/site-packages/airflow/example_dags/example_short_circuit_operator.py
[2026-08-19T12:50:46.328+0000] {processor.py:830} INFO - Processing file /home/airflow/.local/lib/python3.8/site-packages/airflow/example_dags/example_short_circuit_operator.py for tasks to queue
[2026-08-19T12:50:46.330+0000] {logging_mixin.py:188} INFO - [2026-08-19T12:50:46.330+0000] {dagbag.py:538} INFO - Filling up the DagBag from /home/airflow/.local/lib/python3.8/site-packages/airflow/example_dags/example_short_circuit_operator.py
[2026-08-19T12:50:46.337+0000] {processor.py:840} INFO - DAG(s) 'example_short_circuit_operator' retrieved from /home/airflow/.local/lib/python3.8/site-packages/airflow/example_dags/example_short_circuit_operator.py
[2026-08-19T12:50:46.363+0000] {logging_mixin.py:188} INFO - [2026-08-19T12:50:46.363+0000] {dag.py:3036} INFO - Sync 1 DAGs
[2026-08-19T12:50:46.386+0000] {logging_mixin.py:188} INFO - [2026-08-19T12:50:46.385+0000] {dag.py:3823} INFO - Setting next_dagrun for example_short_circuit_operator to 2026-08-18 00:00:00+00:00, run_after=2026-08-19 00:00:00+00:00
[2026-08-19T12:50:46.410+0000] {processor.py:183} INFO - Processing /home/airflow/.local/lib/python3.8/site-packages/airflow/example_dags/example_short_circuit_operator.py took 0.087 seconds
[2026-08-19T12:51:17.042+0000] {processor.py:161} INFO - Started process (PID=4917) to work on /home/airflow/.local/lib/python3.8/site-packages/airflow/example_dags/example_short_circuit_operator.py
[2026-08-19T12:51:17.043+0000] {processor.py:830} INFO - Processing file /home/airflow/.local/lib/python3.8/site-packages/airflow/example_dags/example_short_circuit_operator.py for tasks to queue
[2026-08-19T12:51:17.045+0000] {logging_mixin.py:188} INFO - [2026-08-19T12:51:17.045+0000] {dagbag.py:538} INFO - Filling up the DagBag from /home/airflow/.local/lib/python3.8/site-packages/airflow/example_dags/example_short_circuit_operator.py
[2026-08-19T12:51:17.053+0000] {processor.py:840} INFO - DAG(s) 'example_short_circuit_operator' retrieved from /home/airflow/.local/lib/python3.8/site-packages/airflow/example_dags/example_short_circuit_operator.py
[2026-08-19T12:51:17.078+0000] {logging_mixin.py:188} INFO - [2026-08-19T12:51:17.077+0000] {dag.py:3036} INFO - Sync 1 DAGs
[2026-08-19T12:51:17.100+0000] {logging_mixin.py:188} INFO - [2026-08-19T12:51:17.100+0000] {dag.py:3823} INFO - Setting next_dagrun for example_short_circuit_operator to 2026-08-18 00:00:00+00:00, run_after=2026-08-19 00:00:00+00:00
[2026-08-19T12:51:17.122+0000] {processor.py:183} INFO - Processing /home/airflow/.local/lib/python3.8/site-packages/airflow/example_dags/example_short_circuit_operator.py took 0.083 seconds
[2026-08-19T12:51:47.278+0000] {processor.py:161} INFO - Started process (PID=5000) to work on /home/airflow/.local/lib/python3.8/site-packages/airflow/example_dags/example_short_circuit_operator.py
[2026-08-19T12:51:47.280+0000] {processor.py:830} INFO - Processing file /home/airflow/.local/lib/python3.8/site-packages/airflow/example_dags/example_short_circuit_operator.py for tasks to queue
[2026-08-19T12:51:47.282+0000] {logging_mixin.py:188} INFO - [2026-08-19T12:51:47.282+0000] {dagbag.py:538} INFO - Filling up the DagBag from /home/airflow/.local/lib/python3.8/site-packages/airflow/example_dags/example_short_circuit_operator.py
[2026-08-19T12:51:47.291+0000] {processor.py:840} INFO - DAG(s) 'example_short_circuit_operator' retrieved from /home/airflow/.local/lib/python3.8/site-packages/airflow/example_dags/example_short_circuit_operator.py
[2026-08-19T12:51:47.315+0000] {logging_mixin.py:188} INFO - [2026-08-19T12:51:47.314+0000] {dag.py:3036} INFO - Sync 1 DAGs
[2026-08-19T12:51:47.344+0000] {logging_mixin.py:188} INFO - [2026-08-19T12:51:47.343+0000] {dag.py:3823} INFO - Setting next_dagrun for example_short_circuit_operator to 2026-08-18 00:00:00+00:00, run_after=2026-08-19 00:00:00+00:00
[2026-08-19T12:51:47.365+0000] {processor.py:183} INFO - Processing /home/airflow/.local/lib/python3.8/site-packages/airflow/example_dags/example_short_circuit_operator.py took 0.090 seconds
[2026-08-19T12:52:17.915+0000] {processor.py:161} INFO - Started process (PID=5083) to work on /home/airflow/.local/lib/python3.8/site-packages/airflow/example_dags/example_short_circuit_operator.py
[2026-08-19T12:52:17.919+0000] {processor.py:830} INFO - Processing file /home/airflow/.local/lib/python3.8/site-packages/airflow/example_dags/example_short_circuit_operator.py for tasks to queue
[2026-08-19T12:52:17.921+0000] {logging_mixin.py:188} INFO - [2026-08-19T12:52:17.921+0000] {dagbag.py:538} INFO - Filling up the DagBag from /home/airflow/.local/lib/python3.8/site-packages/airflow/example_dags/example_short_circuit_operator.py
[2026-08-19T12:52:17.929+0000] {processor.py:840} INFO - DAG(s) 'example_short_circuit_operator' retrieved from /home/airflow/.local/lib/python3.8/site-packages/airflow/example_dags/example_short_circuit_operator.py
[2026-08-19T12:52:17.957+0000] {logging_mixin.py:188} INFO - [2026-08-19T12:52:17.957+0000] {dag.py:3036} INFO - Sync 1 DAGs
[2026-08-19T12:52:17.983+0000] {logging_mixin.py:188} INFO - [2026-08-19T12:52:17.982+0000] {dag.py:3823} INFO - Setting next_dagrun for example_short_circuit_operator to 2026-08-18 00:00:00+00:00, run_after=2026-08-19 00:00:00+00:00
[2026-08-19T12:52:18.010+0000] {processor.py:183} INFO - Processing /home/airflow/.local/lib/python3.8/site-packages/airflow/example_dags/example_short_circuit_operator.py took 0.098 seconds
[2026-08-19T12:52:48.925+0000] {processor.py:161} INFO - Started process (PID=5166) to work on /home/airflow/.local/lib/python3.8/site-packages/airflow/example_dags/example_short_circuit_operator.py
[2026-08-19T12:52:48.926+0000] {processor.py:830} INFO - Processing file /home/airflow/.local/lib/python3.8/site-packages/airflow/example_dags/example_short_circuit_operator.py for tasks to queue
[2026-08-19T12:52:48.932+0000] {logging_mixin.py:188} INFO - [2026-08-19T12:52:48.930+0000] {dagbag.py:538} INFO - Filling up the DagBag from /home/airflow/.local/lib/python3.8/site-packages/airflow/example_dags/example_short_circuit_operator.py
[2026-08-19T12:52:48.947+0000] {processor.py:840} INFO - DAG(s) 'example_short_circuit_operator' retrieved from /home/airflow/.local/lib/python3.8/site-packages/airflow/example_dags/example_short_circuit_operator.py
[2026-08-19T12:52:48.986+0000] {logging_mixin.py:188} INFO - [2026-08-19T12:52:48.985+0000] {dag.py:3036} INFO - Sync 1 DAGs
[2026-08-19T12:52:49.018+0000] {logging_mixin.py:188} INFO - [2026-08-19T12:52:49.017+0000] {dag.py:3823} INFO - Setting next_dagrun for example_short_circuit_operator to 2026-08-18 00:00:00+00:00, run_after=2026-08-19 00:00:00+00:00
[2026-08-19T12:52:49.052+0000] {processor.py:183} INFO - Processing /home/airflow/.local/lib/python3.8/site-packages/airflow/example_dags/example_short_circuit_operator.py took 0.134 seconds
[2026-08-19T12:53:20.200+0000] {processor.py:161} INFO - Started process (PID=5248) to work on /home/airflow/.local/lib/python3.8/site-packages/airflow/example_dags/example_short_circuit_operator.py
[2026-08-19T12:53:20.204+0000] {processor.py:830} INFO - Processing file /home/airflow/.local/lib/python3.8/site-packages/airflow/example_dags/example_short_circuit_operator.py for tasks to queue
[2026-08-19T12:53:20.207+0000] {logging_mixin.py:188} INFO - [2026-08-19T12:53:20.207+0000] {dagbag.py:538} INFO - Filling up the DagBag from /home/airflow/.local/lib/python3.8/site-packages/airflow/example_dags/example_short_circuit_operator.py
[2026-08-19T12:53:20.216+0000] {processor.py:840} INFO - DAG(s) 'example_short_circuit_operator' retrieved from /home/airflow/.local/lib/python3.8/site-packages/airflow/example_dags/example_short_circuit_operator.py
[2026-08-19T12:53:20.244+0000] {logging_mixin.py:188} INFO - [2026-08-19T12:53:20.244+0000] {dag.py:3036} INFO - Sync 1 DAGs
[2026-08-19T12:53:20.272+0000] {logging_mixin.py:188} INFO - [2026-08-19T12:53:20.271+0000] {dag.py:3823} INFO - Setting next_dagrun for example_short_circuit_operator to 2026-08-18 00:00:00+00:00, run_after=2026-08-19 00:00:00+00:00
[2026-08-19T12:53:20.299+0000] {processor.py:183} INFO - Processing /home/airflow/.local/lib/python3.8/site-packages/airflow/example_dags/example_short_circuit_operator.py took 0.102 seconds
[2026-08-19T12:53:50.425+0000] {processor.py:161} INFO - Started process (PID=5335) to work on /home/airflow/.local/lib/python3.8/site-packages/airflow/example_dags/example_short_circuit_operator.py
[2026-08-19T12:53:50.426+0000] {processor.py:830} INFO - Processing file /home/airflow/.local/lib/python3.8/site-packages/airflow/example_dags/example_short_circuit_operator.py for tasks to queue
[2026-08-19T12:53:50.429+0000] {logging_mixin.py:188} INFO - [2026-08-19T12:53:50.428+0000] {dagbag.py:538} INFO - Filling up the DagBag from /home/airflow/.local/lib/python3.8/site-packages/airflow/example_dags/example_short_circuit_operator.py
[2026-08-19T12:53:50.437+0000] {processor.py:840} INFO - DAG(s) 'example_short_circuit_operator' retrieved from /home/airflow/.local/lib/python3.8/site-packages/airflow/example_dags/example_short_circuit_operator.py
[2026-08-19T12:53:50.462+0000] {logging_mixin.py:188} INFO - [2026-08-19T12:53:50.462+0000] {dag.py:3036} INFO - Sync 1 DAGs
[2026-08-19T12:53:50.488+0000] {logging_mixin.py:188} INFO - [2026-08-19T12:53:50.487+0000] {dag.py:3823} INFO - Setting next_dagrun for example_short_circuit_operator to 2026-08-18 00:00:00+00:00, run_after=2026-08-19 00:00:00+00:00
[2026-08-19T12:53:50.511+0000] {processor.py:183} INFO - Processing /home/airflow/.local/lib/python3.8/site-packages/airflow/example_dags/example_short_circuit_operator.py took 0.090 seconds
[2026-08-19T12:54:22.151+0000] {processor.py:161} INFO - Started process (PID=5418) to work on /home/airflow/.local/lib/python3.8/site-packages/airflow/example_dags/example_short_circuit_operator.py
[2026-08-19T12:54:22.153+0000] {processor.py:830} INFO - Processing file /home/airflow/.local/lib/python3.8/site-packages/airflow/example_dags/example_short_circuit_operator.py for tasks to queue
[2026-08-19T12:54:22.157+0000] {logging_mixin.py:188} INFO - [2026-08-19T12:54:22.156+0000] {dagbag.py:538} INFO - Filling up the DagBag from /home/airflow/.local/lib/python3.8/site-packages/airflow/example_dags/example_short_circuit_operator.py
[2026-08-19T12:54:22.168+0000] {processor.py:840} INFO - DAG(s) 'example_short_circuit_operator' retrieved from /home/airflow/.local/lib/python3.8/site-packages/airflow/example_dags/example_short_circuit_operator.py
[2026-08-19T12:54:22.201+0000] {logging_mixin.py:188} INFO - [2026-08-19T12:54:22.200+0000] {dag.py:3036} INFO - Sync 1 DAGs
[2026-08-19T12:54:22.229+0000] {logging_mixin.py:188} INFO - [2026-08-19T12:54:22.228+0000] {dag.py:3823} INFO - Setting next_dagrun for example_short_circuit_operator to 2026-08-18 00:00:00+00:00, run_after=2026-08-19 00:00:00+00:00
[2026-08-19T12:54:22.261+0000] {processor.py:183} INFO - Processing /home/airflow/.local/lib/python3.8/site-packages/airflow/example_dags/example_short_circuit_operator.py took 0.116 seconds
[2026-08-19T12:54:53.040+0000] {processor.py:161} INFO - Started process (PID=5501) to work on /home/airflow/.local/lib/python3.8/site-packages/airflow/example_dags/example_short_circuit_operator.py
[2026-08-19T12:54:53.041+0000] {processor.py:830} INFO - Processing file /home/airflow/.local/lib/python3.8/site-packages/airflow/example_dags/example_short_circuit_operator.py for tasks to queue
[2026-08-19T12:54:53.043+0000] {logging_mixin.py:188} INFO - [2026-08-19T12:54:53.043+0000] {dagbag.py:538} INFO - Filling up the DagBag from /home/airflow/.local/lib/python3.8/site-packages/airflow/example_dags/example_short_circuit_operator.py
[2026-08-19T12:54:53.051+0000] {processor.py:840} INFO - DAG(s) 'example_short_circuit_operator' retrieved from /home/airflow/.local/lib/python3.8/site-packages/airflow/example_dags/example_short_circuit_operator.py
[2026-08-19T12:54:53.080+0000] {logging_mixin.py:188} INFO - [2026-08-19T12:54:53.079+0000] {dag.py:3036} INFO - Sync 1 DAGs
[2026-08-19T12:54:53.103+0000] {logging_mixin.py:188} INFO - [2026-08-19T12:54:53.103+0000] {dag.py:3823} INFO - Setting next_dagrun for example_short_circuit_operator to 2026-08-18 00:00:00+00:00, run_after=2026-08-19 00:00:00+00:00
[2026-08-19T12:54:53.158+0000] {processor.py:183} INFO - Processing /home/airflow/.local/lib/python3.8/site-packages/airflow/example_dags/example_short_circuit_operator.py took 0.122 seconds
[2026-08-19T12:55:23.632+0000] {processor.py:161} INFO - Started process (PID=5584) to work on /home/airflow/.local/lib/python3.8/site-packages/airflow/example_dags/example_short_circuit_operator.py
[2026-08-19T12:55:23.634+0000] {processor.py:830} INFO - Processing file /home/airflow/.local/lib/python3.8/site-packages/airflow/example_dags/example_short_circuit_operator.py for tasks to queue
[2026-08-19T12:55:23.636+0000] {logging_mixin.py:188} INFO - [2026-08-19T12:55:23.636+0000] {dagbag.py:538} INFO - Filling up the DagBag from /home/airflow/.local/lib/python3.8/site-packages/airflow/example_dags/example_short_circuit_operator.py
[2026-08-19T12:55:23.645+0000] {processor.py:840} INFO - DAG(s) 'example_short_circuit_operator' retrieved from /home/airflow/.local/lib/python3.8/site-packages/airflow/example_dags/example_short_circuit_operator.py
[2026-08-19T12:55:23.670+0000] {logging_mixin.py:188} INFO - [2026-08-19T12:55:23.669+0000] {dag.py:3036} INFO - Sync 1 DAGs
[2026-08-19T12:55:23.692+0000] {logging_mixin.py:188} INFO - [2026-08-19T12:55:23.692+0000] {dag.py:3823} INFO - Setting next_dagrun for example_short_circuit_operator to 2026-08-18 00:00:00+00:00, run_after=2026-08-19 00:00:00+00:00
[2026-08-19T12:55:23.763+0000] {processor.py:183} INFO - Processing /home/airflow/.local/lib/python3.8/site-packages/airflow/example_dags/example_short_circuit_operator.py took 0.134 seconds
[2026-08-19T12:55:54.679+0000] {processor.py:161} INFO - Started process (PID=5667) to work on /home/airflow/.local/lib/python3.8/site-packages/airflow/example_dags/example_short_circuit_operator.py
[2026-08-19T12:55:54.680+0000] {processor.py:830} INFO - Processing file /home/airflow/.local/lib/python3.8/site-packages/airflow/example_dags/example_short_circuit_operator.py for tasks to queue
[2026-08-19T12:55:54.682+0000] {logging_mixin.py:188} INFO - [2026-08-19T12:55:54.682+0000] {dagbag.py:538} INFO - Filling up the DagBag from /home/airflow/.local/lib/python3.8/site-packages/airflow/example_dags/example_short_circuit_operator.py
[2026-08-19T12:55:54.690+0000] {processor.py:840} INFO - DAG(s) 'example_short_circuit_operator' retrieved from /home/airflow/.local/lib/python3.8/site-packages/airflow/example_dags/example_short_circuit_operator.py
[2026-08-19T12:55:54.712+0000] {logging_mixin.py:188} INFO - [2026-08-19T12:55:54.712+0000] {dag.py:3036} INFO - Sync 1 DAGs
[2026-08-19T12:55:54.733+0000] {logging_mixin.py:188} INFO - [2026-08-19T12:55:54.733+0000] {dag.py:3823} INFO - Setting next_dagrun for example_short_circuit_operator to 2026-08-18 00:00:00+00:00, run_after=2026-08-19 00:00:00+00:00
[2026-08-19T12:55:54.755+0000] {processor.py:183} INFO - Processing /home/airflow/.local/lib/python3.8/site-packages/airflow/example_dags/example_short_circuit_operator.py took 0.080 seconds
[2026-08-19T12:56:24.815+0000] {processor.py:161} INFO - Started process (PID=5750) to work on /home/airflow/.local/lib/python3.8/site-packages/airflow/example_dags/example_short_circuit_operator.py
[2026-08-19T12:56:24.817+0000] {processor.py:830} INFO - Processing file /home/airflow/.local/lib/python3.8/site-packages/airflow/example_dags/example_short_circuit_operator.py for tasks to queue
[2026-08-19T12:56:24.819+0000] {logging_mixin.py:188} INFO - [2026-08-19T12:56:24.819+0000] {dagbag.py:538} INFO - Filling up the DagBag from /home/airflow/.local/lib/python3.8/site-packages/airflow/example_dags/example_short_circuit_operator.py
[2026-08-19T12:56:24.828+0000] {processor.py:840} INFO - DAG(s) 'example_short_circuit_operator' retrieved from /home/airflow/.local/lib/python3.8/site-packages/airflow/example_dags/example_short_circuit_operator.py
[2026-08-19T12:56:24.861+0000] {logging_mixin.py:188} INFO - [2026-08-19T12:56:24.861+0000] {dag.py:3036} INFO - Sync 1 DAGs
[2026-08-19T12:56:24.885+0000] {logging_mixin.py:188} INFO - [2026-08-19T12:56:24.885+0000] {dag.py:3823} INFO - Setting next_dagrun for example_short_circuit_operator to 2026-08-18 00:00:00+00:00, run_after=2026-08-19 00:00:00+00:00
[2026-08-19T12:56:24.909+0000] {processor.py:183} INFO - Processing /home/airflow/.local/lib/python3.8/site-packages/airflow/example_dags/example_short_circuit_operator.py took 0.098 seconds
[2026-08-19T12:56:55.130+0000] {processor.py:161} INFO - Started process (PID=5833) to work on /home/airflow/.local/lib/python3.8/site-packages/airflow/example_dags/example_short_circuit_operator.py
[2026-08-19T12:56:55.131+0000] {processor.py:830} INFO - Processing file /home/airflow/.local/lib/python3.8/site-packages/airflow/example_dags/example_short_circuit_operator.py for tasks to queue
[2026-08-19T12:56:55.135+0000] {logging_mixin.py:188} INFO - [2026-08-19T12:56:55.134+0000] {dagbag.py:538} INFO - Filling up the DagBag from /home/airflow/.local/lib/python3.8/site-packages/airflow/example_dags/example_short_circuit_operator.py
[2026-08-19T12:56:55.148+0000] {processor.py:840} INFO - DAG(s) 'example_short_circuit_operator' retrieved from /home/airflow/.local/lib/python3.8/site-packages/airflow/example_dags/example_short_circuit_operator.py
[2026-08-19T12:56:55.176+0000] {logging_mixin.py:188} INFO - [2026-08-19T12:56:55.176+0000] {dag.py:3036} INFO - Sync 1 DAGs
[2026-08-19T12:56:55.200+0000] {logging_mixin.py:188} INFO - [2026-08-19T12:56:55.199+0000] {dag.py:3823} INFO - Setting next_dagrun for example_short_circuit_operator to 2026-08-18 00:00:00+00:00, run_after=2026-08-19 00:00:00+00:00
[2026-08-19T12:56:55.222+0000] {processor.py:183} INFO - Processing /home/airflow/.local/lib/python3.8/site-packages/airflow/example_dags/example_short_circuit_operator.py took 0.095 seconds
