[2026-08-19T12:22:25.242+0000] {processor.py:161} INFO - Started process (PID=196) to work on /home/airflow/.local/lib/python3.8/site-packages/airflow/example_dags/example_task_group.py
[2026-08-19T12:22:25.257+0000] {processor.py:830} INFO - Processing file /home/airflow/.local/lib/python3.8/site-packages/airflow/example_dags/example_task_group.py for tasks to queue
[2026-08-19T12:22:25.276+0000] {logging_mixin.py:188} INFO - [2026-08-19T12:22:25.275+0000] {dagbag.py:538} INFO - Filling up the DagBag from /home/airflow/.local/lib/python3.8/site-packages/airflow/example_dags/example_task_group.py
[2026-08-19T12:22:25.298+0000] {processor.py:840} INFO - DAG(s) 'example_task_group' retrieved from /home/airflow/.local/lib/python3.8/site-packages/airflow/example_dags/example_task_group.py
[2026-08-19T12:22:25.529+0000] {logging_mixin.py:188} INFO - [2026-08-19T12:22:25.528+0000] {dag.py:3036} INFO - Sync 1 DAGs
[2026-08-19T12:22:25.592+0000] {logging_mixin.py:188} INFO - [2026-08-19T12:22:25.592+0000] {dag.py:3823} INFO - Setting next_dagrun for example_task_group to 2026-08-18 00:00:00+00:00, run_after=2026-08-19 00:00:00+00:00
[2026-08-19T12:22:25.680+0000] {processor.py:183} INFO - Processing /home/airflow/.local/lib/python3.8/site-packages/airflow/example_dags/example_task_group.py took 0.452 seconds
[2026-08-19T12:22:55.886+0000] {processor.py:161} INFO - Started process (PID=285) to work on /home/airflow/.local/lib/python3.8/site-packages/airflow/example_dags/example_task_group.py
[2026-08-19T12:22:55.887+0000] {processor.py:830} INFO - Processing file /home/airflow/.local/lib/python3.8/site-packages/airflow/example_dags/example_task_group.py for tasks to queue
[2026-08-19T12:22:55.890+0000] {logging_mixin.py:188} INFO - [2026-08-19T12:22:55.889+0000] {dagbag.py:538} INFO - Filling up the DagBag from /home/airflow/.local/lib/python3.8/site-packages/airflow/example_dags/example_task_group.py
[2026-08-19T12:22:55.898+0000] {processor.py:840} INFO - DAG(s) 'example_task_group' retrieved from /home/airflow/.local/lib/python3.8/site-packages/airflow/example_dags/example_task_group.py
[2026-08-19T12:22:55.914+0000] {logging_mixin.py:188} INFO - [2026-08-19T12:22:55.914+0000] {dag.py:3036} INFO - Sync 1 DAGs
[2026-08-19T12:22:55.940+0000] {logging_mixin.py:188} INFO - [2026-08-19T12:22:55.940+0000] {dag.py:3823} INFO - Setting next_dagrun for example_task_group to 2026-08-18 00:00:00+00:00, run_after=2026-08-19 00:00:00+00:00
[2026-08-19T12:22:55.996+0000] {processor.py:183} INFO - Processing /home/airflow/.local/lib/python3.8/site-packages/airflow/example_dags/example_task_group.py took 0.114 seconds
[2026-08-19T12:23:27.083+0000] {processor.py:161} INFO - Started process (PID=368) to work on /home/airflow/.local/lib/python3.8/site-packages/airflow/example_dags/example_task_group.py
[2026-08-19T12:23:27.085+0000] {processor.py:830} INFO - Processing file /home/airflow/.local/lib/python3.8/site-packages/airflow/example_dags/example_task_group.py for tasks to queue
[2026-08-19T12:23:27.089+0000] {logging_mixin.py:188} INFO - [2026-08-19T12:23:27.089+0000] {dagbag.py:538} INFO - Filling up the DagBag from /home/airflow/.local/lib/python3.8/site-packages/airflow/example_dags/example_task_group.py
[2026-08-19T12:23:27.101+0000] {processor.py:840} INFO - DAG(s) 'example_task_group' retrieved from /home/airflow/.local/lib/python3.8/site-packages/airflow/example_dags/example_task_group.py
[2026-08-19T12:23:27.268+0000] {logging_mixin.py:188} INFO - [2026-08-19T12:23:27.268+0000] {dag.py:3036} INFO - Sync 1 DAGs
[2026-08-19T12:23:27.294+0000] {logging_mixin.py:188} INFO - [2026-08-19T12:23:27.294+0000] {dag.py:3823} INFO - Setting next_dagrun for example_task_group to 2026-08-18 00:00:00+00:00, run_after=2026-08-19 00:00:00+00:00
[2026-08-19T12:23:27.327+0000] {processor.py:183} INFO - Processing /home/airflow/.local/lib/python3.8/site-packages/airflow/example_dags/example_task_group.py took 0.250 seconds
[2026-08-19T12:24:00.360+0000] {processor.py:161} INFO - Started process (PID=452) to work on /home/airflow/.local/lib/python3.8/site-packages/airflow/example_dags/example_task_group.py
[2026-08-19T12:24:00.362+0000] {processor.py:830} INFO - Processing file /home/airflow/.local/lib/python3.8/site-packages/airflow/example_dags/example_task_group.py for tasks to queue
[2026-08-19T12:24:00.364+0000] {logging_mixin.py:188} INFO - [2026-08-19T12:24:00.364+0000] {dagbag.py:538} INFO - Filling up the DagBag from /home/airflow/.local/lib/python3.8/site-packages/airflow/example_dags/example_task_group.py
[2026-08-19T12:24:00.375+0000] {processor.py:840} INFO - DAG(s) 'example_task_group' retrieved from /home/airflow/.local/lib/python3.8/site-packages/airflow/example_dags/example_task_group.py
[2026-08-19T12:24:00.402+0000] {logging_mixin.py:188} INFO - [2026-08-19T12:24:00.401+0000] {dag.py:3036} INFO - Sync 1 DAGs
[2026-08-19T12:24:00.427+0000] {logging_mixin.py:188} INFO - [2026-08-19T12:24:00.426+0000] {dag.py:3823} INFO - Setting next_dagrun for example_task_group to 2026-08-18 00:00:00+00:00, run_after=2026-08-19 00:00:00+00:00
[2026-08-19T12:24:00.453+0000] {processor.py:183} INFO - Processing /home/airflow/.local/lib/python3.8/site-packages/airflow/example_dags/example_task_group.py took 0.097 seconds
[2026-08-19T12:24:31.066+0000] {processor.py:161} INFO - Started process (PID=539) to work on /home/airflow/.local/lib/python3.8/site-packages/airflow/example_dags/example_task_group.py
[2026-08-19T12:24:31.067+0000] {processor.py:830} INFO - Processing file /home/airflow/.local/lib/python3.8/site-packages/airflow/example_dags/example_task_group.py for tasks to queue
[2026-08-19T12:24:31.070+0000] {logging_mixin.py:188} INFO - [2026-08-19T12:24:31.069+0000] {dagbag.py:538} INFO - Filling up the DagBag from /home/airflow/.local/lib/python3.8/site-packages/airflow/example_dags/example_task_group.py
[2026-08-19T12:24:31.078+0000] {processor.py:840} INFO - DAG(s) 'example_task_group' retrieved from /home/airflow/.local/lib/python3.8/site-packages/airflow/example_dags/example_task_group.py
[2026-08-19T12:24:31.101+0000] {logging_mixin.py:188} INFO - [2026-08-19T12:24:31.101+0000] {dag.py:3036} INFO - Sync 1 DAGs
[2026-08-19T12:24:31.123+0000] {logging_mixin.py:188} INFO - [2026-08-19T12:24:31.123+0000] {dag.py:3823} INFO - Setting next_dagrun for example_task_group to 2026-08-18 00:00:00+00:00, run_after=2026-08-19 00:00:00+00:00
[2026-08-19T12:24:31.171+0000] {processor.py:183} INFO - Processing /home/airflow/.local/lib/python3.8/site-packages/airflow/example_dags/example_task_group.py took 0.109 seconds
[2026-08-19T12:25:01.943+0000] {processor.py:161} INFO - Started process (PID=622) to work on /home/airflow/.local/lib/python3.8/site-packages/airflow/example_dags/example_task_group.py
[2026-08-19T12:25:01.944+0000] {processor.py:830} INFO - Processing file /home/airflow/.local/lib/python3.8/site-packages/airflow/example_dags/example_task_group.py for tasks to queue
[2026-08-19T12:25:01.946+0000] {logging_mixin.py:188} INFO - [2026-08-19T12:25:01.946+0000] {dagbag.py:538} INFO - Filling up the DagBag from /home/airflow/.local/lib/python3.8/site-packages/airflow/example_dags/example_task_group.py
[2026-08-19T12:25:01.955+0000] {processor.py:840} INFO - DAG(s) 'example_task_group' retrieved from /home/airflow/.local/lib/python3.8/site-packages/airflow/example_dags/example_task_group.py
[2026-08-19T12:25:01.980+0000] {logging_mixin.py:188} INFO - [2026-08-19T12:25:01.980+0000] {dag.py:3036} INFO - Sync 1 DAGs
[2026-08-19T12:25:02.004+0000] {logging_mixin.py:188} INFO - [2026-08-19T12:25:02.004+0000] {dag.py:3823} INFO - Setting next_dagrun for example_task_group to 2026-08-18 00:00:00+00:00, run_after=2026-08-19 00:00:00+00:00
[2026-08-19T12:25:02.262+0000] {processor.py:183} INFO - Processing /home/airflow/.local/lib/python3.8/site-packages/airflow/example_dags/example_task_group.py took 0.323 seconds
[2026-08-19T12:25:33.098+0000] {processor.py:161} INFO - Started process (PID=705) to work on /home/airflow/.local/lib/python3.8/site-packages/airflow/example_dags/example_task_group.py
[2026-08-19T12:25:33.099+0000] {processor.py:830} INFO - Processing file /home/airflow/.local/lib/python3.8/site-packages/airflow/example_dags/example_task_group.py for tasks to queue
[2026-08-19T12:25:33.103+0000] {logging_mixin.py:188} INFO - [2026-08-19T12:25:33.102+0000] {dagbag.py:538} INFO - Filling up the DagBag from /home/airflow/.local/lib/python3.8/site-packages/airflow/example_dags/example_task_group.py
[2026-08-19T12:25:33.112+0000] {processor.py:840} INFO - DAG(s) 'example_task_group' retrieved from /home/airflow/.local/lib/python3.8/site-packages/airflow/example_dags/example_task_group.py
[2026-08-19T12:25:33.138+0000] {logging_mixin.py:188} INFO - [2026-08-19T12:25:33.138+0000] {dag.py:3036} INFO - Sync 1 DAGs
[2026-08-19T12:25:33.162+0000] {logging_mixin.py:188} INFO - [2026-08-19T12:25:33.162+0000] {dag.py:3823} INFO - Setting next_dagrun for example_task_group to 2026-08-18 00:00:00+00:00, run_after=2026-08-19 00:00:00+00:00
[2026-08-19T12:25:33.216+0000] {processor.py:183} INFO - Processing /home/airflow/.local/lib/python3.8/site-packages/airflow/example_dags/example_task_group.py took 0.123 seconds
[2026-08-19T12:26:04.058+0000] {processor.py:161} INFO - Started process (PID=788) to work on /home/airflow/.local/lib/python3.8/site-packages/airflow/example_dags/example_task_group.py
[2026-08-19T12:26:04.060+0000] {processor.py:830} INFO - Processing file /home/airflow/.local/lib/python3.8/site-packages/airflow/example_dags/example_task_group.py for tasks to queue
[2026-08-19T12:26:04.063+0000] {logging_mixin.py:188} INFO - [2026-08-19T12:26:04.063+0000] {dagbag.py:538} INFO - Filling up the DagBag from /home/airflow/.local/lib/python3.8/site-packages/airflow/example_dags/example_task_group.py
[2026-08-19T12:26:04.079+0000] {processor.py:840} INFO - DAG(s) 'example_task_group' retrieved from /home/airflow/.local/lib/python3.8/site-packages/airflow/example_dags/example_task_group.py
[2026-08-19T12:26:04.123+0000] {logging_mixin.py:188} INFO - [2026-08-19T12:26:04.123+0000] {dag.py:3036} INFO - Sync 1 DAGs
[2026-08-19T12:26:04.157+0000] {logging_mixin.py:188} INFO - [2026-08-19T12:26:04.157+0000] {dag.py:3823} INFO - Setting next_dagrun for example_task_group to 2026-08-18 00:00:00+00:00, run_after=2026-08-19 00:00:00+00:00
[2026-08-19T12:26:04.190+0000] {processor.py:183} INFO - Processing /home/airflow/.local/lib/python3.8/site-packages/airflow/example_dags/example_task_group.py took 0.139 seconds
[2026-08-19T12:26:34.810+0000] {processor.py:161} INFO - Started process (PID=871) to work on /home/airflow/.local/lib/python3.8/site-packages/airflow/example_dags/example_task_group.py
[2026-08-19T12:26:34.813+0000] {processor.py:830} INFO - Processing file /home/airflow/.local/lib/python3.8/site-packages/airflow/example_dags/example_task_group.py for tasks to queue
[2026-08-19T12:26:34.817+0000] {logging_mixin.py:188} INFO - [2026-08-19T12:26:34.816+0000] {dagbag.py:538} INFO - Filling up the DagBag from /home/airflow/.local/lib/python3.8/site-packages/airflow/example_dags/example_task_group.py
[2026-08-19T12:26:34.826+0000] {processor.py:840} INFO - DAG(s) 'example_task_group' retrieved from /home/airflow/.local/lib/python3.8/site-packages/airflow/example_dags/example_task_group.py
[2026-08-19T12:26:34.857+0000] {logging_mixin.py:188} INFO - [2026-08-19T12:26:34.857+0000] {dag.py:3036} INFO - Sync 1 DAGs
[2026-08-19T12:26:34.885+0000] {logging_mixin.py:188} INFO - [2026-08-19T12:26:34.885+0000] {dag.py:3823} INFO - Setting next_dagrun for example_task_group to 2026-08-18 00:00:00+00:00, run_after=2026-08-19 00:00:00+00:00
[2026-08-19T12:26:34.910+0000] {processor.py:183} INFO - Processing /home/airflow/.local/lib/python3.8/site-packages/airflow/example_dags/example_task_group.py took 0.104 seconds
[2026-08-19T12:27:05.254+0000] {processor.py:161} INFO - Started process (PID=956) to work on /home/airflow/.local/lib/python3.8/site-packages/airflow/example_dags/example_task_group.py
[2026-08-19T12:27:05.256+0000] {processor.py:830} INFO - Processing file /home/airflow/.local/lib/python3.8/site-packages/airflow/example_dags/example_task_group.py for tasks to queue
[2026-08-19T12:27:05.258+0000] {logging_mixin.py:188} INFO - [2026-08-19T12:27:05.258+0000] {dagbag.py:538} INFO - Filling up the DagBag from /home/airflow/.local/lib/python3.8/site-packages/airflow/example_dags/example_task_group.py
[2026-08-19T12:27:05.268+0000] {processor.py:840} INFO - DAG(s) 'example_task_group' retrieved from /home/airflow/.local/lib/python3.8/site-packages/airflow/example_dags/example_task_group.py
[2026-08-19T12:27:05.293+0000] {logging_mixin.py:188} INFO - [2026-08-19T12:27:05.292+0000] {dag.py:3036} INFO - Sync 1 DAGs
[2026-08-19T12:27:05.320+0000] {logging_mixin.py:188} INFO - [2026-08-19T12:27:05.320+0000] {dag.py:3823} INFO - Setting next_dagrun for example_task_group to 2026-08-18 00:00:00+00:00, run_after=2026-08-19 00:00:00+00:00
[2026-08-19T12:27:05.356+0000] {processor.py:183} INFO - Processing /home/airflow/.local/lib/python3.8/site-packages/airflow/example_dags/example_task_group.py took 0.107 seconds
[2026-08-19T12:27:36.676+0000] {processor.py:161} INFO - Started process (PID=1040) to work on /home/airflow/.local/lib/python3.8/site-packages/airflow/example_dags/example_task_group.py
[2026-08-19T12:27:36.678+0000] {processor.py:830} INFO - Processing file /home/airflow/.local/lib/python3.8/site-packages/airflow/example_dags/example_task_group.py for tasks to queue
[2026-08-19T12:27:36.681+0000] {logging_mixin.py:188} INFO - [2026-08-19T12:27:36.680+0000] {dagbag.py:538} INFO - Filling up the DagBag from /home/airflow/.local/lib/python3.8/site-packages/airflow/example_dags/example_task_group.py
[2026-08-19T12:27:36.696+0000] {processor.py:840} INFO - DAG(s) 'example_task_group' retrieved from /home/airflow/.local/lib/python3.8/site-packages/airflow/example_dags/example_task_group.py
[2026-08-19T12:27:36.736+0000] {logging_mixin.py:188} INFO - [2026-08-19T12:27:36.735+0000] {dag.py:3036} INFO - Sync 1 DAGs
[2026-08-19T12:27:36.770+0000] {logging_mixin.py:188} INFO - [2026-08-19T12:27:36.770+0000] {dag.py:3823} INFO - Setting next_dagrun for example_task_group to 2026-08-18 00:00:00+00:00, run_after=2026-08-19 00:00:00+00:00
[2026-08-19T12:27:36.804+0000] {processor.py:183} INFO - Processing /home/airflow/.local/lib/python3.8/site-packages/airflow/example_dags/example_task_group.py took 0.134 seconds
[2026-08-19T12:28:07.497+0000] {processor.py:161} INFO - Started process (PID=1123) to work on /home/airflow/.local/lib/python3.8/site-packages/airflow/example_dags/example_task_group.py
[2026-08-19T12:28:07.498+0000] {processor.py:830} INFO - Processing file /home/airflow/.local/lib/python3.8/site-packages/airflow/example_dags/example_task_group.py for tasks to queue
[2026-08-19T12:28:07.501+0000] {logging_mixin.py:188} INFO - [2026-08-19T12:28:07.500+0000] {dagbag.py:538} INFO - Filling up the DagBag from /home/airflow/.local/lib/python3.8/site-packages/airflow/example_dags/example_task_group.py
[2026-08-19T12:28:07.510+0000] {processor.py:840} INFO - DAG(s) 'example_task_group' retrieved from /home/airflow/.local/lib/python3.8/site-packages/airflow/example_dags/example_task_group.py
[2026-08-19T12:28:07.532+0000] {logging_mixin.py:188} INFO - [2026-08-19T12:28:07.532+0000] {dag.py:3036} INFO - Sync 1 DAGs
[2026-08-19T12:28:07.556+0000] {logging_mixin.py:188} INFO - [2026-08-19T12:28:07.556+0000] {dag.py:3823} INFO - Setting next_dagrun for example_task_group to 2026-08-18 00:00:00+00:00, run_after=2026-08-19 00:00:00+00:00
[2026-08-19T12:28:07.576+0000] {processor.py:183} INFO - Processing /home/airflow/.local/lib/python3.8/site-packages/airflow/example_dags/example_task_group.py took 0.086 seconds
[2026-08-19T12:28:38.307+0000] {processor.py:161} INFO - Started process (PID=1206) to work on /home/airflow/.local/lib/python3.8/site-packages/airflow/example_dags/example_task_group.py
[2026-08-19T12:28:38.309+0000] {processor.py:830} INFO - Processing file /home/airflow/.local/lib/python3.8/site-packages/airflow/example_dags/example_task_group.py for tasks to queue
[2026-08-19T12:28:38.311+0000] {logging_mixin.py:188} INFO - [2026-08-19T12:28:38.311+0000] {dagbag.py:538} INFO - Filling up the DagBag from /home/airflow/.local/lib/python3.8/site-packages/airflow/example_dags/example_task_group.py
[2026-08-19T12:28:38.319+0000] {processor.py:840} INFO - DAG(s) 'example_task_group' retrieved from /home/airflow/.local/lib/python3.8/site-packages/airflow/example_dags/example_task_group.py
[2026-08-19T12:28:38.347+0000] {logging_mixin.py:188} INFO - [2026-08-19T12:28:38.347+0000] {dag.py:3036} INFO - Sync 1 DAGs
[2026-08-19T12:28:38.376+0000] {logging_mixin.py:188} INFO - [2026-08-19T12:28:38.376+0000] {dag.py:3823} INFO - Setting next_dagrun for example_task_group to 2026-08-18 00:00:00+00:00, run_after=2026-08-19 00:00:00+00:00
[2026-08-19T12:28:38.398+0000] {processor.py:183} INFO - Processing /home/airflow/.local/lib/python3.8/site-packages/airflow/example_dags/example_task_group.py took 0.094 seconds
[2026-08-19T12:29:11.139+0000] {processor.py:161} INFO - Started process (PID=1303) to work on /home/airflow/.local/lib/python3.8/site-packages/airflow/example_dags/example_task_group.py
[2026-08-19T12:29:11.141+0000] {processor.py:830} INFO - Processing file /home/airflow/.local/lib/python3.8/site-packages/airflow/example_dags/example_task_group.py for tasks to queue
[2026-08-19T12:29:11.146+0000] {logging_mixin.py:188} INFO - [2026-08-19T12:29:11.145+0000] {dagbag.py:538} INFO - Filling up the DagBag from /home/airflow/.local/lib/python3.8/site-packages/airflow/example_dags/example_task_group.py
[2026-08-19T12:29:11.162+0000] {processor.py:840} INFO - DAG(s) 'example_task_group' retrieved from /home/airflow/.local/lib/python3.8/site-packages/airflow/example_dags/example_task_group.py
[2026-08-19T12:29:11.201+0000] {logging_mixin.py:188} INFO - [2026-08-19T12:29:11.200+0000] {dag.py:3036} INFO - Sync 1 DAGs
[2026-08-19T12:29:11.236+0000] {logging_mixin.py:188} INFO - [2026-08-19T12:29:11.235+0000] {dag.py:3823} INFO - Setting next_dagrun for example_task_group to 2026-08-18 00:00:00+00:00, run_after=2026-08-19 00:00:00+00:00
[2026-08-19T12:29:11.278+0000] {processor.py:183} INFO - Processing /home/airflow/.local/lib/python3.8/site-packages/airflow/example_dags/example_task_group.py took 0.152 seconds
[2026-08-19T12:29:41.940+0000] {processor.py:161} INFO - Started process (PID=1395) to work on /home/airflow/.local/lib/python3.8/site-packages/airflow/example_dags/example_task_group.py
[2026-08-19T12:29:41.941+0000] {processor.py:830} INFO - Processing file /home/airflow/.local/lib/python3.8/site-packages/airflow/example_dags/example_task_group.py for tasks to queue
[2026-08-19T12:29:41.944+0000] {logging_mixin.py:188} INFO - [2026-08-19T12:29:41.943+0000] {dagbag.py:538} INFO - Filling up the DagBag from /home/airflow/.local/lib/python3.8/site-packages/airflow/example_dags/example_task_group.py
[2026-08-19T12:29:41.954+0000] {processor.py:840} INFO - DAG(s) 'example_task_group' retrieved from /home/airflow/.local/lib/python3.8/site-packages/airflow/example_dags/example_task_group.py
[2026-08-19T12:29:41.980+0000] {logging_mixin.py:188} INFO - [2026-08-19T12:29:41.979+0000] {dag.py:3036} INFO - Sync 1 DAGs
[2026-08-19T12:29:42.007+0000] {logging_mixin.py:188} INFO - [2026-08-19T12:29:42.007+0000] {dag.py:3823} INFO - Setting next_dagrun for example_task_group to 2026-08-18 00:00:00+00:00, run_after=2026-08-19 00:00:00+00:00
[2026-08-19T12:29:42.031+0000] {processor.py:183} INFO - Processing /home/airflow/.local/lib/python3.8/site-packages/airflow/example_dags/example_task_group.py took 0.096 seconds
[2026-08-19T12:30:12.924+0000] {processor.py:161} INFO - Started process (PID=1479) to work on /home/airflow/.local/lib/python3.8/site-packages/airflow/example_dags/example_task_group.py
[2026-08-19T12:30:12.925+0000] {processor.py:830} INFO - Processing file /home/airflow/.local/lib/python3.8/site-packages/airflow/example_dags/example_task_group.py for tasks to queue
[2026-08-19T12:30:12.927+0000] {logging_mixin.py:188} INFO - [2026-08-19T12:30:12.927+0000] {dagbag.py:538} INFO - Filling up the DagBag from /home/airflow/.local/lib/python3.8/site-packages/airflow/example_dags/example_task_group.py
[2026-08-19T12:30:12.934+0000] {processor.py:840} INFO - DAG(s) 'example_task_group' retrieved from /home/airflow/.local/lib/python3.8/site-packages/airflow/example_dags/example_task_group.py
[2026-08-19T12:30:12.956+0000] {logging_mixin.py:188} INFO - [2026-08-19T12:30:12.955+0000] {dag.py:3036} INFO - Sync 1 DAGs
[2026-08-19T12:30:12.975+0000] {logging_mixin.py:188} INFO - [2026-08-19T12:30:12.975+0000] {dag.py:3823} INFO - Setting next_dagrun for example_task_group to 2026-08-18 00:00:00+00:00, run_after=2026-08-19 00:00:00+00:00
[2026-08-19T12:30:12.994+0000] {processor.py:183} INFO - Processing /home/airflow/.local/lib/python3.8/site-packages/airflow/example_dags/example_task_group.py took 0.074 seconds
[2026-08-19T12:30:43.032+0000] {processor.py:161} INFO - Started process (PID=1561) to work on /home/airflow/.local/lib/python3.8/site-packages/airflow/example_dags/example_task_group.py
[2026-08-19T12:30:43.033+0000] {processor.py:830} INFO - Processing file /home/airflow/.local/lib/python3.8/site-packages/airflow/example_dags/example_task_group.py for tasks to queue
[2026-08-19T12:30:43.035+0000] {logging_mixin.py:188} INFO - [2026-08-19T12:30:43.035+0000] {dagbag.py:538} INFO - Filling up the DagBag from /home/airflow/.local/lib/python3.8/site-packages/airflow/example_dags/example_task_group.py
[2026-08-19T12:30:43.045+0000] {processor.py:840} INFO - DAG(s) 'example_task_group' retrieved from /home/airflow/.local/lib/python3.8/site-packages/airflow/example_dags/example_task_group.py
[2026-08-19T12:30:43.074+0000] {logging_mixin.py:188} INFO - [2026-08-19T12:30:43.074+0000] {dag.py:3036} INFO - Sync 1 DAGs
[2026-08-19T12:30:43.105+0000] {logging_mixin.py:188} INFO - [2026-08-19T12:30:43.105+0000] {dag.py:3823} INFO - Setting next_dagrun for example_task_group to 2026-08-18 00:00:00+00:00, run_after=2026-08-19 00:00:00+00:00
[2026-08-19T12:30:43.128+0000] {processor.py:183} INFO - Processing /home/airflow/.local/lib/python3.8/site-packages/airflow/example_dags/example_task_group.py took 0.100 seconds
[2026-08-19T12:31:13.196+0000] {processor.py:161} INFO - Started process (PID=1644) to work on /home/airflow/.local/lib/python3.8/site-packages/airflow/example_dags/example_task_group.py
[2026-08-19T12:31:13.197+0000] {processor.py:830} INFO - Processing file /home/airflow/.local/lib/python3.8/site-packages/airflow/example_dags/example_task_group.py for tasks to queue
[2026-08-19T12:31:13.200+0000] {logging_mixin.py:188} INFO - [2026-08-19T12:31:13.199+0000] {dagbag.py:538} INFO - Filling up the DagBag from /home/airflow/.local/lib/python3.8/site-packages/airflow/example_dags/example_task_group.py
[2026-08-19T12:31:13.208+0000] {processor.py:840} INFO - DAG(s) 'example_task_group' retrieved from /home/airflow/.local/lib/python3.8/site-packages/airflow/example_dags/example_task_group.py
[2026-08-19T12:31:13.236+0000] {logging_mixin.py:188} INFO - [2026-08-19T12:31:13.235+0000] {dag.py:3036} INFO - Sync 1 DAGs
[2026-08-19T12:31:13.260+0000] {logging_mixin.py:188} INFO - [2026-08-19T12:31:13.260+0000] {dag.py:3823} INFO - Setting next_dagrun for example_task_group to 2026-08-18 00:00:00+00:00, run_after=2026-08-19 00:00:00+00:00
[2026-08-19T12:31:13.281+0000] {processor.py:183} INFO - Processing /home/airflow/.local/lib/python3.8/site-packages/airflow/example_dags/example_task_group.py took 0.089 seconds
[2026-08-19T12:31:43.344+0000] {processor.py:161} INFO - Started process (PID=1731) to work on /home/airflow/.local/lib/python3.8/site-packages/airflow/example_dags/example_task_group.py
[2026-08-19T12:31:43.346+0000] {processor.py:830} INFO - Processing file /home/airflow/.local/lib/python3.8/site-packages/airflow/example_dags/example_task_group.py for tasks to queue
[2026-08-19T12:31:43.348+0000] {logging_mixin.py:188} INFO - [2026-08-19T12:31:43.347+0000] {dagbag.py:538} INFO - Filling up the DagBag from /home/airflow/.local/lib/python3.8/site-packages/airflow/example_dags/example_task_group.py
[2026-08-19T12:31:43.355+0000] {processor.py:840} INFO - DAG(s) 'example_task_group' retrieved from /home/airflow/.local/lib/python3.8/site-packages/airflow/example_dags/example_task_group.py
[2026-08-19T12:31:43.375+0000] {logging_mixin.py:188} INFO - [2026-08-19T12:31:43.375+0000] {dag.py:3036} INFO - Sync 1 DAGs
[2026-08-19T12:31:43.396+0000] {logging_mixin.py:188} INFO - [2026-08-19T12:31:43.395+0000] {dag.py:3823} INFO - Setting next_dagrun for example_task_group to 2026-08-18 00:00:00+00:00, run_after=2026-08-19 00:00:00+00:00
[2026-08-19T12:31:43.416+0000] {processor.py:183} INFO - Processing /home/airflow/.local/lib/python3.8/site-packages/airflow/example_dags/example_task_group.py took 0.074 seconds
[2026-08-19T12:32:13.661+0000] {processor.py:161} INFO - Started process (PID=1814) to work on /home/airflow/.local/lib/python3.8/site-packages/airflow/example_dags/example_task_group.py
[2026-08-19T12:32:13.662+0000] {processor.py:830} INFO - Processing file /home/airflow/.local/lib/python3.8/site-packages/airflow/example_dags/example_task_group.py for tasks to queue
[2026-08-19T12:32:13.666+0000] {logging_mixin.py:188} INFO - [2026-08-19T12:32:13.665+0000] {dagbag.py:538} INFO - Filling up the DagBag from /home/airflow/.local/lib/python3.8/site-packages/airflow/example_dags/example_task_group.py
[2026-08-19T12:32:13.675+0000] {processor.py:840} INFO - DAG(s) 'example_task_group' retrieved from /home/airflow/.local/lib/python3.8/site-packages/airflow/example_dags/example_task_group.py
[2026-08-19T12:32:13.702+0000] {logging_mixin.py:188} INFO - [2026-08-19T12:32:13.701+0000] {dag.py:3036} INFO - Sync 1 DAGs
[2026-08-19T12:32:13.724+0000] {logging_mixin.py:188} INFO - [2026-08-19T12:32:13.723+0000] {dag.py:3823} INFO - Setting next_dagrun for example_task_group to 2026-08-18 00:00:00+00:00, run_after=2026-08-19 00:00:00+00:00
[2026-08-19T12:32:13.746+0000] {processor.py:183} INFO - Processing /home/airflow/.local/lib/python3.8/site-packages/airflow/example_dags/example_task_group.py took 0.090 seconds
[2026-08-19T12:32:44.055+0000] {processor.py:161} INFO - Started process (PID=1901) to work on /home/airflow/.local/lib/python3.8/site-packages/airflow/example_dags/example_task_group.py
[2026-08-19T12:32:44.056+0000] {processor.py:830} INFO - Processing file /home/airflow/.local/lib/python3.8/site-packages/airflow/example_dags/example_task_group.py for tasks to queue
[2026-08-19T12:32:44.058+0000] {logging_mixin.py:188} INFO - [2026-08-19T12:32:44.058+0000] {dagbag.py:538} INFO - Filling up the DagBag from /home/airflow/.local/lib/python3.8/site-packages/airflow/example_dags/example_task_group.py
[2026-08-19T12:32:44.066+0000] {processor.py:840} INFO - DAG(s) 'example_task_group' retrieved from /home/airflow/.local/lib/python3.8/site-packages/airflow/example_dags/example_task_group.py
[2026-08-19T12:32:44.088+0000] {logging_mixin.py:188} INFO - [2026-08-19T12:32:44.088+0000] {dag.py:3036} INFO - Sync 1 DAGs
[2026-08-19T12:32:44.131+0000] {logging_mixin.py:188} INFO - [2026-08-19T12:32:44.130+0000] {dag.py:3823} INFO - Setting next_dagrun for example_task_group to 2026-08-18 00:00:00+00:00, run_after=2026-08-19 00:00:00+00:00
[2026-08-19T12:32:44.158+0000] {processor.py:183} INFO - Processing /home/airflow/.local/lib/python3.8/site-packages/airflow/example_dags/example_task_group.py took 0.107 seconds
[2026-08-19T12:33:14.259+0000] {processor.py:161} INFO - Started process (PID=1984) to work on /home/airflow/.local/lib/python3.8/site-packages/airflow/example_dags/example_task_group.py
[2026-08-19T12:33:14.261+0000] {processor.py:830} INFO - Processing file /home/airflow/.local/lib/python3.8/site-packages/airflow/example_dags/example_task_group.py for tasks to queue
[2026-08-19T12:33:14.263+0000] {logging_mixin.py:188} INFO - [2026-08-19T12:33:14.262+0000] {dagbag.py:538} INFO - Filling up the DagBag from /home/airflow/.local/lib/python3.8/site-packages/airflow/example_dags/example_task_group.py
[2026-08-19T12:33:14.270+0000] {processor.py:840} INFO - DAG(s) 'example_task_group' retrieved from /home/airflow/.local/lib/python3.8/site-packages/airflow/example_dags/example_task_group.py
[2026-08-19T12:33:14.291+0000] {logging_mixin.py:188} INFO - [2026-08-19T12:33:14.291+0000] {dag.py:3036} INFO - Sync 1 DAGs
[2026-08-19T12:33:14.314+0000] {logging_mixin.py:188} INFO - [2026-08-19T12:33:14.313+0000] {dag.py:3823} INFO - Setting next_dagrun for example_task_group to 2026-08-18 00:00:00+00:00, run_after=2026-08-19 00:00:00+00:00
[2026-08-19T12:33:14.334+0000] {processor.py:183} INFO - Processing /home/airflow/.local/lib/python3.8/site-packages/airflow/example_dags/example_task_group.py took 0.078 seconds
[2026-08-19T12:33:45.306+0000] {processor.py:161} INFO - Started process (PID=2067) to work on /home/airflow/.local/lib/python3.8/site-packages/airflow/example_dags/example_task_group.py
[2026-08-19T12:33:45.307+0000] {processor.py:830} INFO - Processing file /home/airflow/.local/lib/python3.8/site-packages/airflow/example_dags/example_task_group.py for tasks to queue
[2026-08-19T12:33:45.309+0000] {logging_mixin.py:188} INFO - [2026-08-19T12:33:45.309+0000] {dagbag.py:538} INFO - Filling up the DagBag from /home/airflow/.local/lib/python3.8/site-packages/airflow/example_dags/example_task_group.py
[2026-08-19T12:33:45.316+0000] {processor.py:840} INFO - DAG(s) 'example_task_group' retrieved from /home/airflow/.local/lib/python3.8/site-packages/airflow/example_dags/example_task_group.py
[2026-08-19T12:33:45.338+0000] {logging_mixin.py:188} INFO - [2026-08-19T12:33:45.337+0000] {dag.py:3036} INFO - Sync 1 DAGs
[2026-08-19T12:33:45.358+0000] {logging_mixin.py:188} INFO - [2026-08-19T12:33:45.358+0000] {dag.py:3823} INFO - Setting next_dagrun for example_task_group to 2026-08-18 00:00:00+00:00, run_after=2026-08-19 00:00:00+00:00
[2026-08-19T12:33:45.381+0000] {processor.py:183} INFO - Processing /home/airflow/.local/lib/python3.8/site-packages/airflow/example_dags/example_task_group.py took 0.079 seconds
[2026-08-19T12:34:15.923+0000] {processor.py:161} INFO - Started process (PID=2154) to work on /home/airflow/.local/lib/python3.8/site-packages/airflow/example_dags/example_task_group.py
[2026-08-19T12:34:15.924+0000] {processor.py:830} INFO - Processing file /home/airflow/.local/lib/python3.8/site-packages/airflow/example_dags/example_task_group.py for tasks to queue
[2026-08-19T12:34:15.926+0000] {logging_mixin.py:188} INFO - [2026-08-19T12:34:15.926+0000] {dagbag.py:538} INFO - Filling up the DagBag from /home/airflow/.local/lib/python3.8/site-packages/airflow/example_dags/example_task_group.py
[2026-08-19T12:34:15.936+0000] {processor.py:840} INFO - DAG(s) 'example_task_group' retrieved from /home/airflow/.local/lib/python3.8/site-packages/airflow/example_dags/example_task_group.py
[2026-08-19T12:34:15.964+0000] {logging_mixin.py:188} INFO - [2026-08-19T12:34:15.964+0000] {dag.py:3036} INFO - Sync 1 DAGs
[2026-08-19T12:34:15.995+0000] {logging_mixin.py:188} INFO - [2026-08-19T12:34:15.995+0000] {dag.py:3823} INFO - Setting next_dagrun for example_task_group to 2026-08-18 00:00:00+00:00, run_after=2026-08-19 00:00:00+00:00
[2026-08-19T12:34:16.018+0000] {processor.py:183} INFO - Processing /home/airflow/.local/lib/python3.8/site-packages/airflow/example_dags/example_task_group.py took 0.099 seconds
[2026-08-19T12:34:46.526+0000] {processor.py:161} INFO - Started process (PID=2237) to work on /home/airflow/.local/lib/python3.8/site-packages/airflow/example_dags/example_task_group.py
[2026-08-19T12:34:46.528+0000] {processor.py:830} INFO - Processing file /home/airflow/.local/lib/python3.8/site-packages/airflow/example_dags/example_task_group.py for tasks to queue
[2026-08-19T12:34:46.532+0000] {logging_mixin.py:188} INFO - [2026-08-19T12:34:46.532+0000] {dagbag.py:538} INFO - Filling up the DagBag from /home/airflow/.local/lib/python3.8/site-packages/airflow/example_dags/example_task_group.py
[2026-08-19T12:34:46.541+0000] {processor.py:840} INFO - DAG(s) 'example_task_group' retrieved from /home/airflow/.local/lib/python3.8/site-packages/airflow/example_dags/example_task_group.py
[2026-08-19T12:34:46.576+0000] {logging_mixin.py:188} INFO - [2026-08-19T12:34:46.576+0000] {dag.py:3036} INFO - Sync 1 DAGs
[2026-08-19T12:34:46.604+0000] {logging_mixin.py:188} INFO - [2026-08-19T12:34:46.604+0000] {dag.py:3823} INFO - Setting next_dagrun for example_task_group to 2026-08-18 00:00:00+00:00, run_after=2026-08-19 00:00:00+00:00
[2026-08-19T12:34:46.626+0000] {processor.py:183} INFO - Processing /home/airflow/.local/lib/python3.8/site-packages/airflow/example_dags/example_task_group.py took 0.104 seconds
[2026-08-19T12:35:16.832+0000] {processor.py:161} INFO - Started process (PID=2318) to work on /home/airflow/.local/lib/python3.8/site-packages/airflow/example_dags/example_task_group.py
[2026-08-19T12:35:16.833+0000] {processor.py:830} INFO - Processing file /home/airflow/.local/lib/python3.8/site-packages/airflow/example_dags/example_task_group.py for tasks to queue
[2026-08-19T12:35:16.836+0000] {logging_mixin.py:188} INFO - [2026-08-19T12:35:16.835+0000] {dagbag.py:538} INFO - Filling up the DagBag from /home/airflow/.local/lib/python3.8/site-packages/airflow/example_dags/example_task_group.py
[2026-08-19T12:35:16.846+0000] {processor.py:840} INFO - DAG(s) 'example_task_group' retrieved from /home/airflow/.local/lib/python3.8/site-packages/airflow/example_dags/example_task_group.py
[2026-08-19T12:35:16.867+0000] {logging_mixin.py:188} INFO - [2026-08-19T12:35:16.867+0000] {dag.py:3036} INFO - Sync 1 DAGs
[2026-08-19T12:35:16.890+0000] {logging_mixin.py:188} INFO - [2026-08-19T12:35:16.889+0000] {dag.py:3823} INFO - Setting next_dagrun for example_task_group to 2026-08-18 00:00:00+00:00, run_after=2026-08-19 00:00:00+00:00
[2026-08-19T12:35:16.912+0000] {processor.py:183} INFO - Processing /home/airflow/.local/lib/python3.8/site-packages/airflow/example_dags/example_task_group.py took 0.083 seconds
[2026-08-19T12:35:47.153+0000] {processor.py:161} INFO - Started process (PID=2401) to work on /home/airflow/.local/lib/python3.8/site-packages/airflow/example_dags/example_task_group.py
[2026-08-19T12:35:47.155+0000] {processor.py:830} INFO - Processing file /home/airflow/.local/lib/python3.8/site-packages/airflow/example_dags/example_task_group.py for tasks to queue
[2026-08-19T12:35:47.157+0000] {logging_mixin.py:188} INFO - [2026-08-19T12:35:47.156+0000] {dagbag.py:538} INFO - Filling up the DagBag from /home/airflow/.local/lib/python3.8/site-packages/airflow/example_dags/example_task_group.py
[2026-08-19T12:35:47.165+0000] {processor.py:840} INFO - DAG(s) 'example_task_group' retrieved from /home/airflow/.local/lib/python3.8/site-packages/airflow/example_dags/example_task_group.py
[2026-08-19T12:35:47.209+0000] {logging_mixin.py:188} INFO - [2026-08-19T12:35:47.209+0000] {dag.py:3036} INFO - Sync 1 DAGs
[2026-08-19T12:35:47.241+0000] {logging_mixin.py:188} INFO - [2026-08-19T12:35:47.241+0000] {dag.py:3823} INFO - Setting next_dagrun for example_task_group to 2026-08-18 00:00:00+00:00, run_after=2026-08-19 00:00:00+00:00
[2026-08-19T12:35:47.267+0000] {processor.py:183} INFO - Processing /home/airflow/.local/lib/python3.8/site-packages/airflow/example_dags/example_task_group.py took 0.117 seconds
[2026-08-19T12:36:17.481+0000] {processor.py:161} INFO - Started process (PID=2484) to work on /home/airflow/.local/lib/python3.8/site-packages/airflow/example_dags/example_task_group.py
[2026-08-19T12:36:17.482+0000] {processor.py:830} INFO - Processing file /home/airflow/.local/lib/python3.8/site-packages/airflow/example_dags/example_task_group.py for tasks to queue
[2026-08-19T12:36:17.485+0000] {logging_mixin.py:188} INFO - [2026-08-19T12:36:17.485+0000] {dagbag.py:538} INFO - Filling up the DagBag from /home/airflow/.local/lib/python3.8/site-packages/airflow/example_dags/example_task_group.py
[2026-08-19T12:36:17.494+0000] {processor.py:840} INFO - DAG(s) 'example_task_group' retrieved from /home/airflow/.local/lib/python3.8/site-packages/airflow/example_dags/example_task_group.py
[2026-08-19T12:36:17.519+0000] {logging_mixin.py:188} INFO - [2026-08-19T12:36:17.519+0000] {dag.py:3036} INFO - Sync 1 DAGs
[2026-08-19T12:36:17.542+0000] {logging_mixin.py:188} INFO - [2026-08-19T12:36:17.541+0000] {dag.py:3823} INFO - Setting next_dagrun for example_task_group to 2026-08-18 00:00:00+00:00, run_after=2026-08-19 00:00:00+00:00
[2026-08-19T12:36:17.568+0000] {processor.py:183} INFO - Processing /home/airflow/.local/lib/python3.8/site-packages/airflow/example_dags/example_task_group.py took 0.092 seconds
[2026-08-19T12:36:47.764+0000] {processor.py:161} INFO - Started process (PID=2575) to work on /home/airflow/.local/lib/python3.8/site-packages/airflow/example_dags/example_task_group.py
[2026-08-19T12:36:47.766+0000] {processor.py:830} INFO - Processing file /home/airflow/.local/lib/python3.8/site-packages/airflow/example_dags/example_task_group.py for tasks to queue
[2026-08-19T12:36:47.768+0000] {logging_mixin.py:188} INFO - [2026-08-19T12:36:47.768+0000] {dagbag.py:538} INFO - Filling up the DagBag from /home/airflow/.local/lib/python3.8/site-packages/airflow/example_dags/example_task_group.py
[2026-08-19T12:36:47.776+0000] {processor.py:840} INFO - DAG(s) 'example_task_group' retrieved from /home/airflow/.local/lib/python3.8/site-packages/airflow/example_dags/example_task_group.py
[2026-08-19T12:36:47.803+0000] {logging_mixin.py:188} INFO - [2026-08-19T12:36:47.802+0000] {dag.py:3036} INFO - Sync 1 DAGs
[2026-08-19T12:36:47.828+0000] {logging_mixin.py:188} INFO - [2026-08-19T12:36:47.828+0000] {dag.py:3823} INFO - Setting next_dagrun for example_task_group to 2026-08-18 00:00:00+00:00, run_after=2026-08-19 00:00:00+00:00
[2026-08-19T12:36:47.854+0000] {processor.py:183} INFO - Processing /home/airflow/.local/lib/python3.8/site-packages/airflow/example_dags/example_task_group.py took 0.094 seconds
[2026-08-19T12:37:17.979+0000] {processor.py:161} INFO - Started process (PID=2659) to work on /home/airflow/.local/lib/python3.8/site-packages/airflow/example_dags/example_task_group.py
[2026-08-19T12:37:17.981+0000] {processor.py:830} INFO - Processing file /home/airflow/.local/lib/python3.8/site-packages/airflow/example_dags/example_task_group.py for tasks to queue
[2026-08-19T12:37:17.984+0000] {logging_mixin.py:188} INFO - [2026-08-19T12:37:17.984+0000] {dagbag.py:538} INFO - Filling up the DagBag from /home/airflow/.local/lib/python3.8/site-packages/airflow/example_dags/example_task_group.py
[2026-08-19T12:37:17.995+0000] {processor.py:840} INFO - DAG(s) 'example_task_group' retrieved from /home/airflow/.local/lib/python3.8/site-packages/airflow/example_dags/example_task_group.py
[2026-08-19T12:37:18.021+0000] {logging_mixin.py:188} INFO - [2026-08-19T12:37:18.021+0000] {dag.py:3036} INFO - Sync 1 DAGs
[2026-08-19T12:37:18.042+0000] {logging_mixin.py:188} INFO - [2026-08-19T12:37:18.042+0000] {dag.py:3823} INFO - Setting next_dagrun for example_task_group to 2026-08-18 00:00:00+00:00, run_after=2026-08-19 00:00:00+00:00
[2026-08-19T12:37:18.064+0000] {processor.py:183} INFO - Processing /home/airflow/.local/lib/python3.8/site-packages/airflow/example_dags/example_task_group.py took 0.089 seconds
[2026-08-19T12:37:48.356+0000] {processor.py:161} INFO - Started process (PID=2741) to work on /home/airflow/.local/lib/python3.8/site-packages/airflow/example_dags/example_task_group.py
[2026-08-19T12:37:48.358+0000] {processor.py:830} INFO - Processing file /home/airflow/.local/lib/python3.8/site-packages/airflow/example_dags/example_task_group.py for tasks to queue
[2026-08-19T12:37:48.369+0000] {logging_mixin.py:188} INFO - [2026-08-19T12:37:48.368+0000] {dagbag.py:538} INFO - Filling up the DagBag from /home/airflow/.local/lib/python3.8/site-packages/airflow/example_dags/example_task_group.py
[2026-08-19T12:37:48.380+0000] {processor.py:840} INFO - DAG(s) 'example_task_group' retrieved from /home/airflow/.local/lib/python3.8/site-packages/airflow/example_dags/example_task_group.py
[2026-08-19T12:37:48.406+0000] {logging_mixin.py:188} INFO - [2026-08-19T12:37:48.406+0000] {dag.py:3036} INFO - Sync 1 DAGs
[2026-08-19T12:37:48.427+0000] {logging_mixin.py:188} INFO - [2026-08-19T12:37:48.427+0000] {dag.py:3823} INFO - Setting next_dagrun for example_task_group to 2026-08-18 00:00:00+00:00, run_after=2026-08-19 00:00:00+00:00
[2026-08-19T12:37:48.448+0000] {processor.py:183} INFO - Processing /home/airflow/.local/lib/python3.8/site-packages/airflow/example_dags/example_task_group.py took 0.095 seconds
[2026-08-19T12:38:18.723+0000] {processor.py:161} INFO - Started process (PID=2824) to work on /home/airflow/.local/lib/python3.8/site-packages/airflow/example_dags/example_task_group.py
[2026-08-19T12:38:18.724+0000] {processor.py:830} INFO - Processing file /home/airflow/.local/lib/python3.8/site-packages/airflow/example_dags/example_task_group.py for tasks to queue
[2026-08-19T12:38:18.728+0000] {logging_mixin.py:188} INFO - [2026-08-19T12:38:18.727+0000] {dagbag.py:538} INFO - Filling up the DagBag from /home/airflow/.local/lib/python3.8/site-packages/airflow/example_dags/example_task_group.py
[2026-08-19T12:38:18.736+0000] {processor.py:840} INFO - DAG(s) 'example_task_group' retrieved from /home/airflow/.local/lib/python3.8/site-packages/airflow/example_dags/example_task_group.py
[2026-08-19T12:38:18.758+0000] {logging_mixin.py:188} INFO - [2026-08-19T12:38:18.757+0000] {dag.py:3036} INFO - Sync 1 DAGs
[2026-08-19T12:38:18.781+0000] {logging_mixin.py:188} INFO - [2026-08-19T12:38:18.781+0000] {dag.py:3823} INFO - Setting next_dagrun for example_task_group to 2026-08-18 00:00:00+00:00, run_after=2026-08-19 00:00:00+00:00
[2026-08-19T12:38:18.803+0000] {processor.py:183} INFO - Processing /home/airflow/.local/lib/python3.8/site-packages/airflow/example_dags/example_task_group.py took 0.083 seconds
[2026-08-19T12:38:49.924+0000] {processor.py:161} INFO - Started process (PID=2907) to work on /home/airflow/.local/lib/python3.8/site-packages/airflow/example_dags/example_task_group.py
[2026-08-19T12:38:49.925+0000] {processor.py:830} INFO - Processing file /home/airflow/.local/lib/python3.8/site-packages/airflow/example_dags/example_task_group.py for tasks to queue
[2026-08-19T12:38:49.927+0000] {logging_mixin.py:188} INFO - [2026-08-19T12:38:49.927+0000] {dagbag.py:538} INFO - Filling up the DagBag from /home/airflow/.local/lib/python3.8/site-packages/airflow/example_dags/example_task_group.py
[2026-08-19T12:38:49.935+0000] {processor.py:840} INFO - DAG(s) 'example_task_group' retrieved from /home/airflow/.local/lib/python3.8/site-packages/airflow/example_dags/example_task_group.py
[2026-08-19T12:38:49.957+0000] {logging_mixin.py:188} INFO - [2026-08-19T12:38:49.957+0000] {dag.py:3036} INFO - Sync 1 DAGs
[2026-08-19T12:38:49.980+0000] {logging_mixin.py:188} INFO - [2026-08-19T12:38:49.979+0000] {dag.py:3823} INFO - Setting next_dagrun for example_task_group to 2026-08-18 00:00:00+00:00, run_after=2026-08-19 00:00:00+00:00
[2026-08-19T12:38:49.999+0000] {processor.py:183} INFO - Processing /home/airflow/.local/lib/python3.8/site-packages/airflow/example_dags/example_task_group.py took 0.079 seconds
[2026-08-19T12:39:20.980+0000] {processor.py:161} INFO - Started process (PID=2990) to work on /home/airflow/.local/lib/python3.8/site-packages/airflow/example_dags/example_task_group.py
[2026-08-19T12:39:20.982+0000] {processor.py:830} INFO - Processing file /home/airflow/.local/lib/python3.8/site-packages/airflow/example_dags/example_task_group.py for tasks to queue
[2026-08-19T12:39:20.984+0000] {logging_mixin.py:188} INFO - [2026-08-19T12:39:20.983+0000] {dagbag.py:538} INFO - Filling up the DagBag from /home/airflow/.local/lib/python3.8/site-packages/airflow/example_dags/example_task_group.py
[2026-08-19T12:39:20.991+0000] {processor.py:840} INFO - DAG(s) 'example_task_group' retrieved from /home/airflow/.local/lib/python3.8/site-packages/airflow/example_dags/example_task_group.py
[2026-08-19T12:39:21.012+0000] {logging_mixin.py:188} INFO - [2026-08-19T12:39:21.011+0000] {dag.py:3036} INFO - Sync 1 DAGs
[2026-08-19T12:39:21.032+0000] {logging_mixin.py:188} INFO - [2026-08-19T12:39:21.032+0000] {dag.py:3823} INFO - Setting next_dagrun for example_task_group to 2026-08-18 00:00:00+00:00, run_after=2026-08-19 00:00:00+00:00
[2026-08-19T12:39:21.051+0000] {processor.py:183} INFO - Processing /home/airflow/.local/lib/python3.8/site-packages/airflow/example_dags/example_task_group.py took 0.074 seconds
[2026-08-19T12:39:53.131+0000] {processor.py:161} INFO - Started process (PID=3074) to work on /home/airflow/.local/lib/python3.8/site-packages/airflow/example_dags/example_task_group.py
[2026-08-19T12:39:53.134+0000] {processor.py:830} INFO - Processing file /home/airflow/.local/lib/python3.8/site-packages/airflow/example_dags/example_task_group.py for tasks to queue
[2026-08-19T12:39:53.137+0000] {logging_mixin.py:188} INFO - [2026-08-19T12:39:53.136+0000] {dagbag.py:538} INFO - Filling up the DagBag from /home/airflow/.local/lib/python3.8/site-packages/airflow/example_dags/example_task_group.py
[2026-08-19T12:39:53.152+0000] {processor.py:840} INFO - DAG(s) 'example_task_group' retrieved from /home/airflow/.local/lib/python3.8/site-packages/airflow/example_dags/example_task_group.py
[2026-08-19T12:39:53.196+0000] {logging_mixin.py:188} INFO - [2026-08-19T12:39:53.195+0000] {dag.py:3036} INFO - Sync 1 DAGs
[2026-08-19T12:39:53.230+0000] {logging_mixin.py:188} INFO - [2026-08-19T12:39:53.230+0000] {dag.py:3823} INFO - Setting next_dagrun for example_task_group to 2026-08-18 00:00:00+00:00, run_after=2026-08-19 00:00:00+00:00
[2026-08-19T12:39:53.273+0000] {processor.py:183} INFO - Processing /home/airflow/.local/lib/python3.8/site-packages/airflow/example_dags/example_task_group.py took 0.149 seconds
[2026-08-19T12:40:23.779+0000] {processor.py:161} INFO - Started process (PID=3157) to work on /home/airflow/.local/lib/python3.8/site-packages/airflow/example_dags/example_task_group.py
[2026-08-19T12:40:23.781+0000] {processor.py:830} INFO - Processing file /home/airflow/.local/lib/python3.8/site-packages/airflow/example_dags/example_task_group.py for tasks to queue
[2026-08-19T12:40:23.783+0000] {logging_mixin.py:188} INFO - [2026-08-19T12:40:23.783+0000] {dagbag.py:538} INFO - Filling up the DagBag from /home/airflow/.local/lib/python3.8/site-packages/airflow/example_dags/example_task_group.py
[2026-08-19T12:40:23.794+0000] {processor.py:840} INFO - DAG(s) 'example_task_group' retrieved from /home/airflow/.local/lib/python3.8/site-packages/airflow/example_dags/example_task_group.py
[2026-08-19T12:40:23.823+0000] {logging_mixin.py:188} INFO - [2026-08-19T12:40:23.822+0000] {dag.py:3036} INFO - Sync 1 DAGs
[2026-08-19T12:40:23.853+0000] {logging_mixin.py:188} INFO - [2026-08-19T12:40:23.852+0000] {dag.py:3823} INFO - Setting next_dagrun for example_task_group to 2026-08-18 00:00:00+00:00, run_after=2026-08-19 00:00:00+00:00
[2026-08-19T12:40:23.879+0000] {processor.py:183} INFO - Processing /home/airflow/.local/lib/python3.8/site-packages/airflow/example_dags/example_task_group.py took 0.104 seconds
[2026-08-19T12:40:54.976+0000] {processor.py:161} INFO - Started process (PID=3240) to work on /home/airflow/.local/lib/python3.8/site-packages/airflow/example_dags/example_task_group.py
[2026-08-19T12:40:54.978+0000] {processor.py:830} INFO - Processing file /home/airflow/.local/lib/python3.8/site-packages/airflow/example_dags/example_task_group.py for tasks to queue
[2026-08-19T12:40:54.980+0000] {logging_mixin.py:188} INFO - [2026-08-19T12:40:54.979+0000] {dagbag.py:538} INFO - Filling up the DagBag from /home/airflow/.local/lib/python3.8/site-packages/airflow/example_dags/example_task_group.py
[2026-08-19T12:40:54.988+0000] {processor.py:840} INFO - DAG(s) 'example_task_group' retrieved from /home/airflow/.local/lib/python3.8/site-packages/airflow/example_dags/example_task_group.py
[2026-08-19T12:40:55.014+0000] {logging_mixin.py:188} INFO - [2026-08-19T12:40:55.014+0000] {dag.py:3036} INFO - Sync 1 DAGs
[2026-08-19T12:40:55.038+0000] {logging_mixin.py:188} INFO - [2026-08-19T12:40:55.038+0000] {dag.py:3823} INFO - Setting next_dagrun for example_task_group to 2026-08-18 00:00:00+00:00, run_after=2026-08-19 00:00:00+00:00
[2026-08-19T12:40:55.062+0000] {processor.py:183} INFO - Processing /home/airflow/.local/lib/python3.8/site-packages/airflow/example_dags/example_task_group.py took 0.090 seconds
[2026-08-19T12:41:26.322+0000] {processor.py:161} INFO - Started process (PID=3327) to work on /home/airflow/.local/lib/python3.8/site-packages/airflow/example_dags/example_task_group.py
[2026-08-19T12:41:26.324+0000] {processor.py:830} INFO - Processing file /home/airflow/.local/lib/python3.8/site-packages/airflow/example_dags/example_task_group.py for tasks to queue
[2026-08-19T12:41:26.328+0000] {logging_mixin.py:188} INFO - [2026-08-19T12:41:26.328+0000] {dagbag.py:538} INFO - Filling up the DagBag from /home/airflow/.local/lib/python3.8/site-packages/airflow/example_dags/example_task_group.py
[2026-08-19T12:41:26.340+0000] {processor.py:840} INFO - DAG(s) 'example_task_group' retrieved from /home/airflow/.local/lib/python3.8/site-packages/airflow/example_dags/example_task_group.py
[2026-08-19T12:41:26.366+0000] {logging_mixin.py:188} INFO - [2026-08-19T12:41:26.366+0000] {dag.py:3036} INFO - Sync 1 DAGs
[2026-08-19T12:41:26.391+0000] {logging_mixin.py:188} INFO - [2026-08-19T12:41:26.390+0000] {dag.py:3823} INFO - Setting next_dagrun for example_task_group to 2026-08-18 00:00:00+00:00, run_after=2026-08-19 00:00:00+00:00
[2026-08-19T12:41:26.420+0000] {processor.py:183} INFO - Processing /home/airflow/.local/lib/python3.8/site-packages/airflow/example_dags/example_task_group.py took 0.102 seconds
[2026-08-19T12:41:57.185+0000] {processor.py:161} INFO - Started process (PID=3410) to work on /home/airflow/.local/lib/python3.8/site-packages/airflow/example_dags/example_task_group.py
[2026-08-19T12:41:57.187+0000] {processor.py:830} INFO - Processing file /home/airflow/.local/lib/python3.8/site-packages/airflow/example_dags/example_task_group.py for tasks to queue
[2026-08-19T12:41:57.189+0000] {logging_mixin.py:188} INFO - [2026-08-19T12:41:57.189+0000] {dagbag.py:538} INFO - Filling up the DagBag from /home/airflow/.local/lib/python3.8/site-packages/airflow/example_dags/example_task_group.py
[2026-08-19T12:41:57.202+0000] {processor.py:840} INFO - DAG(s) 'example_task_group' retrieved from /home/airflow/.local/lib/python3.8/site-packages/airflow/example_dags/example_task_group.py
[2026-08-19T12:41:57.231+0000] {logging_mixin.py:188} INFO - [2026-08-19T12:41:57.230+0000] {dag.py:3036} INFO - Sync 1 DAGs
[2026-08-19T12:41:57.258+0000] {logging_mixin.py:188} INFO - [2026-08-19T12:41:57.258+0000] {dag.py:3823} INFO - Setting next_dagrun for example_task_group to 2026-08-18 00:00:00+00:00, run_after=2026-08-19 00:00:00+00:00
[2026-08-19T12:41:57.280+0000] {processor.py:183} INFO - Processing /home/airflow/.local/lib/python3.8/site-packages/airflow/example_dags/example_task_group.py took 0.099 seconds
[2026-08-19T12:42:27.351+0000] {processor.py:161} INFO - Started process (PID=3492) to work on /home/airflow/.local/lib/python3.8/site-packages/airflow/example_dags/example_task_group.py
[2026-08-19T12:42:27.353+0000] {processor.py:830} INFO - Processing file /home/airflow/.local/lib/python3.8/site-packages/airflow/example_dags/example_task_group.py for tasks to queue
[2026-08-19T12:42:27.356+0000] {logging_mixin.py:188} INFO - [2026-08-19T12:42:27.355+0000] {dagbag.py:538} INFO - Filling up the DagBag from /home/airflow/.local/lib/python3.8/site-packages/airflow/example_dags/example_task_group.py
[2026-08-19T12:42:27.363+0000] {processor.py:840} INFO - DAG(s) 'example_task_group' retrieved from /home/airflow/.local/lib/python3.8/site-packages/airflow/example_dags/example_task_group.py
[2026-08-19T12:42:27.384+0000] {logging_mixin.py:188} INFO - [2026-08-19T12:42:27.383+0000] {dag.py:3036} INFO - Sync 1 DAGs
[2026-08-19T12:42:27.404+0000] {logging_mixin.py:188} INFO - [2026-08-19T12:42:27.403+0000] {dag.py:3823} INFO - Setting next_dagrun for example_task_group to 2026-08-18 00:00:00+00:00, run_after=2026-08-19 00:00:00+00:00
[2026-08-19T12:42:27.422+0000] {processor.py:183} INFO - Processing /home/airflow/.local/lib/python3.8/site-packages/airflow/example_dags/example_task_group.py took 0.075 seconds
[2026-08-19T12:42:59.127+0000] {processor.py:161} INFO - Started process (PID=3575) to work on /home/airflow/.local/lib/python3.8/site-packages/airflow/example_dags/example_task_group.py
[2026-08-19T12:42:59.128+0000] {processor.py:830} INFO - Processing file /home/airflow/.local/lib/python3.8/site-packages/airflow/example_dags/example_task_group.py for tasks to queue
[2026-08-19T12:42:59.131+0000] {logging_mixin.py:188} INFO - [2026-08-19T12:42:59.130+0000] {dagbag.py:538} INFO - Filling up the DagBag from /home/airflow/.local/lib/python3.8/site-packages/airflow/example_dags/example_task_group.py
[2026-08-19T12:42:59.142+0000] {processor.py:840} INFO - DAG(s) 'example_task_group' retrieved from /home/airflow/.local/lib/python3.8/site-packages/airflow/example_dags/example_task_group.py
[2026-08-19T12:42:59.168+0000] {logging_mixin.py:188} INFO - [2026-08-19T12:42:59.168+0000] {dag.py:3036} INFO - Sync 1 DAGs
[2026-08-19T12:42:59.196+0000] {logging_mixin.py:188} INFO - [2026-08-19T12:42:59.196+0000] {dag.py:3823} INFO - Setting next_dagrun for example_task_group to 2026-08-18 00:00:00+00:00, run_after=2026-08-19 00:00:00+00:00
[2026-08-19T12:42:59.423+0000] {processor.py:183} INFO - Processing /home/airflow/.local/lib/python3.8/site-packages/airflow/example_dags/example_task_group.py took 0.299 seconds
[2026-08-19T12:43:32.607+0000] {processor.py:161} INFO - Started process (PID=3659) to work on /home/airflow/.local/lib/python3.8/site-packages/airflow/example_dags/example_task_group.py
[2026-08-19T12:43:32.609+0000] {processor.py:830} INFO - Processing file /home/airflow/.local/lib/python3.8/site-packages/airflow/example_dags/example_task_group.py for tasks to queue
[2026-08-19T12:43:32.612+0000] {logging_mixin.py:188} INFO - [2026-08-19T12:43:32.612+0000] {dagbag.py:538} INFO - Filling up the DagBag from /home/airflow/.local/lib/python3.8/site-packages/airflow/example_dags/example_task_group.py
[2026-08-19T12:43:32.622+0000] {processor.py:840} INFO - DAG(s) 'example_task_group' retrieved from /home/airflow/.local/lib/python3.8/site-packages/airflow/example_dags/example_task_group.py
[2026-08-19T12:43:32.650+0000] {logging_mixin.py:188} INFO - [2026-08-19T12:43:32.650+0000] {dag.py:3036} INFO - Sync 1 DAGs
[2026-08-19T12:43:32.832+0000] {logging_mixin.py:188} INFO - [2026-08-19T12:43:32.832+0000] {dag.py:3823} INFO - Setting next_dagrun for example_task_group to 2026-08-18 00:00:00+00:00, run_after=2026-08-19 00:00:00+00:00
[2026-08-19T12:43:32.932+0000] {processor.py:183} INFO - Processing /home/airflow/.local/lib/python3.8/site-packages/airflow/example_dags/example_task_group.py took 0.330 seconds
[2026-08-19T12:44:11.577+0000] {processor.py:161} INFO - Started process (PID=3744) to work on /home/airflow/.local/lib/python3.8/site-packages/airflow/example_dags/example_task_group.py
[2026-08-19T12:44:11.580+0000] {processor.py:830} INFO - Processing file /home/airflow/.local/lib/python3.8/site-packages/airflow/example_dags/example_task_group.py for tasks to queue
[2026-08-19T12:44:11.582+0000] {logging_mixin.py:188} INFO - [2026-08-19T12:44:11.582+0000] {dagbag.py:538} INFO - Filling up the DagBag from /home/airflow/.local/lib/python3.8/site-packages/airflow/example_dags/example_task_group.py
[2026-08-19T12:44:11.881+0000] {processor.py:840} INFO - DAG(s) 'example_task_group' retrieved from /home/airflow/.local/lib/python3.8/site-packages/airflow/example_dags/example_task_group.py
[2026-08-19T12:44:11.907+0000] {logging_mixin.py:188} INFO - [2026-08-19T12:44:11.907+0000] {dag.py:3036} INFO - Sync 1 DAGs
[2026-08-19T12:44:11.935+0000] {logging_mixin.py:188} INFO - [2026-08-19T12:44:11.934+0000] {dag.py:3823} INFO - Setting next_dagrun for example_task_group to 2026-08-18 00:00:00+00:00, run_after=2026-08-19 00:00:00+00:00
[2026-08-19T12:44:11.965+0000] {processor.py:183} INFO - Processing /home/airflow/.local/lib/python3.8/site-packages/airflow/example_dags/example_task_group.py took 0.392 seconds
[2026-08-19T12:44:42.144+0000] {processor.py:161} INFO - Started process (PID=3829) to work on /home/airflow/.local/lib/python3.8/site-packages/airflow/example_dags/example_task_group.py
[2026-08-19T12:44:42.146+0000] {processor.py:830} INFO - Processing file /home/airflow/.local/lib/python3.8/site-packages/airflow/example_dags/example_task_group.py for tasks to queue
[2026-08-19T12:44:42.148+0000] {logging_mixin.py:188} INFO - [2026-08-19T12:44:42.148+0000] {dagbag.py:538} INFO - Filling up the DagBag from /home/airflow/.local/lib/python3.8/site-packages/airflow/example_dags/example_task_group.py
[2026-08-19T12:44:42.157+0000] {processor.py:840} INFO - DAG(s) 'example_task_group' retrieved from /home/airflow/.local/lib/python3.8/site-packages/airflow/example_dags/example_task_group.py
[2026-08-19T12:44:42.183+0000] {logging_mixin.py:188} INFO - [2026-08-19T12:44:42.183+0000] {dag.py:3036} INFO - Sync 1 DAGs
[2026-08-19T12:44:42.207+0000] {logging_mixin.py:188} INFO - [2026-08-19T12:44:42.207+0000] {dag.py:3823} INFO - Setting next_dagrun for example_task_group to 2026-08-18 00:00:00+00:00, run_after=2026-08-19 00:00:00+00:00
[2026-08-19T12:44:42.231+0000] {processor.py:183} INFO - Processing /home/airflow/.local/lib/python3.8/site-packages/airflow/example_dags/example_task_group.py took 0.091 seconds
[2026-08-19T12:45:12.329+0000] {processor.py:161} INFO - Started process (PID=3915) to work on /home/airflow/.local/lib/python3.8/site-packages/airflow/example_dags/example_task_group.py
[2026-08-19T12:45:12.330+0000] {processor.py:830} INFO - Processing file /home/airflow/.local/lib/python3.8/site-packages/airflow/example_dags/example_task_group.py for tasks to queue
[2026-08-19T12:45:12.334+0000] {logging_mixin.py:188} INFO - [2026-08-19T12:45:12.333+0000] {dagbag.py:538} INFO - Filling up the DagBag from /home/airflow/.local/lib/python3.8/site-packages/airflow/example_dags/example_task_group.py
[2026-08-19T12:45:12.343+0000] {processor.py:840} INFO - DAG(s) 'example_task_group' retrieved from /home/airflow/.local/lib/python3.8/site-packages/airflow/example_dags/example_task_group.py
[2026-08-19T12:45:12.371+0000] {logging_mixin.py:188} INFO - [2026-08-19T12:45:12.371+0000] {dag.py:3036} INFO - Sync 1 DAGs
[2026-08-19T12:45:12.394+0000] {logging_mixin.py:188} INFO - [2026-08-19T12:45:12.394+0000] {dag.py:3823} INFO - Setting next_dagrun for example_task_group to 2026-08-18 00:00:00+00:00, run_after=2026-08-19 00:00:00+00:00
[2026-08-19T12:45:12.422+0000] {processor.py:183} INFO - Processing /home/airflow/.local/lib/python3.8/site-packages/airflow/example_dags/example_task_group.py took 0.097 seconds
[2026-08-19T12:45:42.574+0000] {processor.py:161} INFO - Started process (PID=4004) to work on /home/airflow/.local/lib/python3.8/site-packages/airflow/example_dags/example_task_group.py
[2026-08-19T12:45:42.575+0000] {processor.py:830} INFO - Processing file /home/airflow/.local/lib/python3.8/site-packages/airflow/example_dags/example_task_group.py for tasks to queue
[2026-08-19T12:45:42.578+0000] {logging_mixin.py:188} INFO - [2026-08-19T12:45:42.577+0000] {dagbag.py:538} INFO - Filling up the DagBag from /home/airflow/.local/lib/python3.8/site-packages/airflow/example_dags/example_task_group.py
[2026-08-19T12:45:42.586+0000] {processor.py:840} INFO - DAG(s) 'example_task_group' retrieved from /home/airflow/.local/lib/python3.8/site-packages/airflow/example_dags/example_task_group.py
[2026-08-19T12:45:42.609+0000] {logging_mixin.py:188} INFO - [2026-08-19T12:45:42.609+0000] {dag.py:3036} INFO - Sync 1 DAGs
[2026-08-19T12:45:42.635+0000] {logging_mixin.py:188} INFO - [2026-08-19T12:45:42.635+0000] {dag.py:3823} INFO - Setting next_dagrun for example_task_group to 2026-08-18 00:00:00+00:00, run_after=2026-08-19 00:00:00+00:00
[2026-08-19T12:45:42.664+0000] {processor.py:183} INFO - Processing /home/airflow/.local/lib/python3.8/site-packages/airflow/example_dags/example_task_group.py took 0.094 seconds
[2026-08-19T12:46:12.870+0000] {processor.py:161} INFO - Started process (PID=4087) to work on /home/airflow/.local/lib/python3.8/site-packages/airflow/example_dags/example_task_group.py
[2026-08-19T12:46:12.871+0000] {processor.py:830} INFO - Processing file /home/airflow/.local/lib/python3.8/site-packages/airflow/example_dags/example_task_group.py for tasks to queue
[2026-08-19T12:46:12.874+0000] {logging_mixin.py:188} INFO - [2026-08-19T12:46:12.873+0000] {dagbag.py:538} INFO - Filling up the DagBag from /home/airflow/.local/lib/python3.8/site-packages/airflow/example_dags/example_task_group.py
[2026-08-19T12:46:12.885+0000] {processor.py:840} INFO - DAG(s) 'example_task_group' retrieved from /home/airflow/.local/lib/python3.8/site-packages/airflow/example_dags/example_task_group.py
[2026-08-19T12:46:12.918+0000] {logging_mixin.py:188} INFO - [2026-08-19T12:46:12.917+0000] {dag.py:3036} INFO - Sync 1 DAGs
[2026-08-19T12:46:12.946+0000] {logging_mixin.py:188} INFO - [2026-08-19T12:46:12.946+0000] {dag.py:3823} INFO - Setting next_dagrun for example_task_group to 2026-08-18 00:00:00+00:00, run_after=2026-08-19 00:00:00+00:00
[2026-08-19T12:46:13.066+0000] {processor.py:183} INFO - Processing /home/airflow/.local/lib/python3.8/site-packages/airflow/example_dags/example_task_group.py took 0.202 seconds
[2026-08-19T12:46:43.994+0000] {processor.py:161} INFO - Started process (PID=4171) to work on /home/airflow/.local/lib/python3.8/site-packages/airflow/example_dags/example_task_group.py
[2026-08-19T12:46:43.995+0000] {processor.py:830} INFO - Processing file /home/airflow/.local/lib/python3.8/site-packages/airflow/example_dags/example_task_group.py for tasks to queue
[2026-08-19T12:46:43.998+0000] {logging_mixin.py:188} INFO - [2026-08-19T12:46:43.997+0000] {dagbag.py:538} INFO - Filling up the DagBag from /home/airflow/.local/lib/python3.8/site-packages/airflow/example_dags/example_task_group.py
[2026-08-19T12:46:44.006+0000] {processor.py:840} INFO - DAG(s) 'example_task_group' retrieved from /home/airflow/.local/lib/python3.8/site-packages/airflow/example_dags/example_task_group.py
[2026-08-19T12:46:44.030+0000] {logging_mixin.py:188} INFO - [2026-08-19T12:46:44.029+0000] {dag.py:3036} INFO - Sync 1 DAGs
[2026-08-19T12:46:44.057+0000] {logging_mixin.py:188} INFO - [2026-08-19T12:46:44.057+0000] {dag.py:3823} INFO - Setting next_dagrun for example_task_group to 2026-08-18 00:00:00+00:00, run_after=2026-08-19 00:00:00+00:00
[2026-08-19T12:46:44.079+0000] {processor.py:183} INFO - Processing /home/airflow/.local/lib/python3.8/site-packages/airflow/example_dags/example_task_group.py took 0.089 seconds
[2026-08-19T12:47:14.296+0000] {processor.py:161} INFO - Started process (PID=4254) to work on /home/airflow/.local/lib/python3.8/site-packages/airflow/example_dags/example_task_group.py
[2026-08-19T12:47:14.297+0000] {processor.py:830} INFO - Processing file /home/airflow/.local/lib/python3.8/site-packages/airflow/example_dags/example_task_group.py for tasks to queue
[2026-08-19T12:47:14.299+0000] {logging_mixin.py:188} INFO - [2026-08-19T12:47:14.299+0000] {dagbag.py:538} INFO - Filling up the DagBag from /home/airflow/.local/lib/python3.8/site-packages/airflow/example_dags/example_task_group.py
[2026-08-19T12:47:14.307+0000] {processor.py:840} INFO - DAG(s) 'example_task_group' retrieved from /home/airflow/.local/lib/python3.8/site-packages/airflow/example_dags/example_task_group.py
[2026-08-19T12:47:14.329+0000] {logging_mixin.py:188} INFO - [2026-08-19T12:47:14.329+0000] {dag.py:3036} INFO - Sync 1 DAGs
[2026-08-19T12:47:14.351+0000] {logging_mixin.py:188} INFO - [2026-08-19T12:47:14.351+0000] {dag.py:3823} INFO - Setting next_dagrun for example_task_group to 2026-08-18 00:00:00+00:00, run_after=2026-08-19 00:00:00+00:00
[2026-08-19T12:47:14.373+0000] {processor.py:183} INFO - Processing /home/airflow/.local/lib/python3.8/site-packages/airflow/example_dags/example_task_group.py took 0.081 seconds
[2026-08-19T12:47:45.275+0000] {processor.py:161} INFO - Started process (PID=4339) to work on /home/airflow/.local/lib/python3.8/site-packages/airflow/example_dags/example_task_group.py
[2026-08-19T12:47:45.277+0000] {processor.py:830} INFO - Processing file /home/airflow/.local/lib/python3.8/site-packages/airflow/example_dags/example_task_group.py for tasks to queue
[2026-08-19T12:47:45.279+0000] {logging_mixin.py:188} INFO - [2026-08-19T12:47:45.278+0000] {dagbag.py:538} INFO - Filling up the DagBag from /home/airflow/.local/lib/python3.8/site-packages/airflow/example_dags/example_task_group.py
[2026-08-19T12:47:45.287+0000] {processor.py:840} INFO - DAG(s) 'example_task_group' retrieved from /home/airflow/.local/lib/python3.8/site-packages/airflow/example_dags/example_task_group.py
[2026-08-19T12:47:45.311+0000] {logging_mixin.py:188} INFO - [2026-08-19T12:47:45.311+0000] {dag.py:3036} INFO - Sync 1 DAGs
[2026-08-19T12:47:45.334+0000] {logging_mixin.py:188} INFO - [2026-08-19T12:47:45.333+0000] {dag.py:3823} INFO - Setting next_dagrun for example_task_group to 2026-08-18 00:00:00+00:00, run_after=2026-08-19 00:00:00+00:00
[2026-08-19T12:47:45.357+0000] {processor.py:183} INFO - Processing /home/airflow/.local/lib/python3.8/site-packages/airflow/example_dags/example_task_group.py took 0.085 seconds
[2026-08-19T12:48:15.755+0000] {processor.py:161} INFO - Started process (PID=4422) to work on /home/airflow/.local/lib/python3.8/site-packages/airflow/example_dags/example_task_group.py
[2026-08-19T12:48:15.757+0000] {processor.py:830} INFO - Processing file /home/airflow/.local/lib/python3.8/site-packages/airflow/example_dags/example_task_group.py for tasks to queue
[2026-08-19T12:48:15.759+0000] {logging_mixin.py:188} INFO - [2026-08-19T12:48:15.759+0000] {dagbag.py:538} INFO - Filling up the DagBag from /home/airflow/.local/lib/python3.8/site-packages/airflow/example_dags/example_task_group.py
[2026-08-19T12:48:15.767+0000] {processor.py:840} INFO - DAG(s) 'example_task_group' retrieved from /home/airflow/.local/lib/python3.8/site-packages/airflow/example_dags/example_task_group.py
[2026-08-19T12:48:15.794+0000] {logging_mixin.py:188} INFO - [2026-08-19T12:48:15.794+0000] {dag.py:3036} INFO - Sync 1 DAGs
[2026-08-19T12:48:15.819+0000] {logging_mixin.py:188} INFO - [2026-08-19T12:48:15.818+0000] {dag.py:3823} INFO - Setting next_dagrun for example_task_group to 2026-08-18 00:00:00+00:00, run_after=2026-08-19 00:00:00+00:00
[2026-08-19T12:48:15.845+0000] {processor.py:183} INFO - Processing /home/airflow/.local/lib/python3.8/site-packages/airflow/example_dags/example_task_group.py took 0.094 seconds
[2026-08-19T12:48:46.746+0000] {processor.py:161} INFO - Started process (PID=4505) to work on /home/airflow/.local/lib/python3.8/site-packages/airflow/example_dags/example_task_group.py
[2026-08-19T12:48:46.748+0000] {processor.py:830} INFO - Processing file /home/airflow/.local/lib/python3.8/site-packages/airflow/example_dags/example_task_group.py for tasks to queue
[2026-08-19T12:48:46.752+0000] {logging_mixin.py:188} INFO - [2026-08-19T12:48:46.751+0000] {dagbag.py:538} INFO - Filling up the DagBag from /home/airflow/.local/lib/python3.8/site-packages/airflow/example_dags/example_task_group.py
[2026-08-19T12:48:46.761+0000] {processor.py:840} INFO - DAG(s) 'example_task_group' retrieved from /home/airflow/.local/lib/python3.8/site-packages/airflow/example_dags/example_task_group.py
[2026-08-19T12:48:46.792+0000] {logging_mixin.py:188} INFO - [2026-08-19T12:48:46.791+0000] {dag.py:3036} INFO - Sync 1 DAGs
[2026-08-19T12:48:46.823+0000] {logging_mixin.py:188} INFO - [2026-08-19T12:48:46.823+0000] {dag.py:3823} INFO - Setting next_dagrun for example_task_group to 2026-08-18 00:00:00+00:00, run_after=2026-08-19 00:00:00+00:00
[2026-08-19T12:48:46.850+0000] {processor.py:183} INFO - Processing /home/airflow/.local/lib/python3.8/site-packages/airflow/example_dags/example_task_group.py took 0.109 seconds
[2026-08-19T12:49:17.489+0000] {processor.py:161} INFO - Started process (PID=4588) to work on /home/airflow/.local/lib/python3.8/site-packages/airflow/example_dags/example_task_group.py
[2026-08-19T12:49:17.495+0000] {processor.py:830} INFO - Processing file /home/airflow/.local/lib/python3.8/site-packages/airflow/example_dags/example_task_group.py for tasks to queue
[2026-08-19T12:49:17.500+0000] {logging_mixin.py:188} INFO - [2026-08-19T12:49:17.499+0000] {dagbag.py:538} INFO - Filling up the DagBag from /home/airflow/.local/lib/python3.8/site-packages/airflow/example_dags/example_task_group.py
[2026-08-19T12:49:17.514+0000] {processor.py:840} INFO - DAG(s) 'example_task_group' retrieved from /home/airflow/.local/lib/python3.8/site-packages/airflow/example_dags/example_task_group.py
[2026-08-19T12:49:17.567+0000] {logging_mixin.py:188} INFO - [2026-08-19T12:49:17.566+0000] {dag.py:3036} INFO - Sync 1 DAGs
[2026-08-19T12:49:17.626+0000] {logging_mixin.py:188} INFO - [2026-08-19T12:49:17.625+0000] {dag.py:3823} INFO - Setting next_dagrun for example_task_group to 2026-08-18 00:00:00+00:00, run_after=2026-08-19 00:00:00+00:00
[2026-08-19T12:49:17.710+0000] {processor.py:183} INFO - Processing /home/airflow/.local/lib/python3.8/site-packages/airflow/example_dags/example_task_group.py took 0.227 seconds
[2026-08-19T12:49:47.824+0000] {processor.py:161} INFO - Started process (PID=4672) to work on /home/airflow/.local/lib/python3.8/site-packages/airflow/example_dags/example_task_group.py
[2026-08-19T12:49:47.825+0000] {processor.py:830} INFO - Processing file /home/airflow/.local/lib/python3.8/site-packages/airflow/example_dags/example_task_group.py for tasks to queue
[2026-08-19T12:49:47.828+0000] {logging_mixin.py:188} INFO - [2026-08-19T12:49:47.828+0000] {dagbag.py:538} INFO - Filling up the DagBag from /home/airflow/.local/lib/python3.8/site-packages/airflow/example_dags/example_task_group.py
[2026-08-19T12:49:47.837+0000] {processor.py:840} INFO - DAG(s) 'example_task_group' retrieved from /home/airflow/.local/lib/python3.8/site-packages/airflow/example_dags/example_task_group.py
[2026-08-19T12:49:47.859+0000] {logging_mixin.py:188} INFO - [2026-08-19T12:49:47.859+0000] {dag.py:3036} INFO - Sync 1 DAGs
[2026-08-19T12:49:47.880+0000] {logging_mixin.py:188} INFO - [2026-08-19T12:49:47.880+0000] {dag.py:3823} INFO - Setting next_dagrun for example_task_group to 2026-08-18 00:00:00+00:00, run_after=2026-08-19 00:00:00+00:00
[2026-08-19T12:49:47.899+0000] {processor.py:183} INFO - Processing /home/airflow/.local/lib/python3.8/site-packages/airflow/example_dags/example_task_group.py took 0.079 seconds
[2026-08-19T12:50:17.967+0000] {processor.py:161} INFO - Started process (PID=4756) to work on /home/airflow/.local/lib/python3.8/site-packages/airflow/example_dags/example_task_group.py
[2026-08-19T12:50:17.968+0000] {processor.py:830} INFO - Processing file /home/airflow/.local/lib/python3.8/site-packages/airflow/example_dags/example_task_group.py for tasks to queue
[2026-08-19T12:50:17.971+0000] {logging_mixin.py:188} INFO - [2026-08-19T12:50:17.970+0000] {dagbag.py:538} INFO - Filling up the DagBag from /home/airflow/.local/lib/python3.8/site-packages/airflow/example_dags/example_task_group.py
[2026-08-19T12:50:17.978+0000] {processor.py:840} INFO - DAG(s) 'example_task_group' retrieved from /home/airflow/.local/lib/python3.8/site-packages/airflow/example_dags/example_task_group.py
[2026-08-19T12:50:18.005+0000] {logging_mixin.py:188} INFO - [2026-08-19T12:50:18.005+0000] {dag.py:3036} INFO - Sync 1 DAGs
[2026-08-19T12:50:18.031+0000] {logging_mixin.py:188} INFO - [2026-08-19T12:50:18.030+0000] {dag.py:3823} INFO - Setting next_dagrun for example_task_group to 2026-08-18 00:00:00+00:00, run_after=2026-08-19 00:00:00+00:00
[2026-08-19T12:50:18.055+0000] {processor.py:183} INFO - Processing /home/airflow/.local/lib/python3.8/site-packages/airflow/example_dags/example_task_group.py took 0.093 seconds
[2026-08-19T12:50:49.114+0000] {processor.py:161} INFO - Started process (PID=4844) to work on /home/airflow/.local/lib/python3.8/site-packages/airflow/example_dags/example_task_group.py
[2026-08-19T12:50:49.115+0000] {processor.py:830} INFO - Processing file /home/airflow/.local/lib/python3.8/site-packages/airflow/example_dags/example_task_group.py for tasks to queue
[2026-08-19T12:50:49.118+0000] {logging_mixin.py:188} INFO - [2026-08-19T12:50:49.117+0000] {dagbag.py:538} INFO - Filling up the DagBag from /home/airflow/.local/lib/python3.8/site-packages/airflow/example_dags/example_task_group.py
[2026-08-19T12:50:49.128+0000] {processor.py:840} INFO - DAG(s) 'example_task_group' retrieved from /home/airflow/.local/lib/python3.8/site-packages/airflow/example_dags/example_task_group.py
[2026-08-19T12:50:49.154+0000] {logging_mixin.py:188} INFO - [2026-08-19T12:50:49.154+0000] {dag.py:3036} INFO - Sync 1 DAGs
[2026-08-19T12:50:49.179+0000] {logging_mixin.py:188} INFO - [2026-08-19T12:50:49.179+0000] {dag.py:3823} INFO - Setting next_dagrun for example_task_group to 2026-08-18 00:00:00+00:00, run_after=2026-08-19 00:00:00+00:00
[2026-08-19T12:50:49.200+0000] {processor.py:183} INFO - Processing /home/airflow/.local/lib/python3.8/site-packages/airflow/example_dags/example_task_group.py took 0.091 seconds
[2026-08-19T12:51:19.822+0000] {processor.py:161} INFO - Started process (PID=4927) to work on /home/airflow/.local/lib/python3.8/site-packages/airflow/example_dags/example_task_group.py
[2026-08-19T12:51:19.823+0000] {processor.py:830} INFO - Processing file /home/airflow/.local/lib/python3.8/site-packages/airflow/example_dags/example_task_group.py for tasks to queue
[2026-08-19T12:51:19.826+0000] {logging_mixin.py:188} INFO - [2026-08-19T12:51:19.826+0000] {dagbag.py:538} INFO - Filling up the DagBag from /home/airflow/.local/lib/python3.8/site-packages/airflow/example_dags/example_task_group.py
[2026-08-19T12:51:19.837+0000] {processor.py:840} INFO - DAG(s) 'example_task_group' retrieved from /home/airflow/.local/lib/python3.8/site-packages/airflow/example_dags/example_task_group.py
[2026-08-19T12:51:19.866+0000] {logging_mixin.py:188} INFO - [2026-08-19T12:51:19.866+0000] {dag.py:3036} INFO - Sync 1 DAGs
[2026-08-19T12:51:19.889+0000] {logging_mixin.py:188} INFO - [2026-08-19T12:51:19.888+0000] {dag.py:3823} INFO - Setting next_dagrun for example_task_group to 2026-08-18 00:00:00+00:00, run_after=2026-08-19 00:00:00+00:00
[2026-08-19T12:51:19.910+0000] {processor.py:183} INFO - Processing /home/airflow/.local/lib/python3.8/site-packages/airflow/example_dags/example_task_group.py took 0.091 seconds
[2026-08-19T12:51:50.145+0000] {processor.py:161} INFO - Started process (PID=5010) to work on /home/airflow/.local/lib/python3.8/site-packages/airflow/example_dags/example_task_group.py
[2026-08-19T12:51:50.146+0000] {processor.py:830} INFO - Processing file /home/airflow/.local/lib/python3.8/site-packages/airflow/example_dags/example_task_group.py for tasks to queue
[2026-08-19T12:51:50.149+0000] {logging_mixin.py:188} INFO - [2026-08-19T12:51:50.148+0000] {dagbag.py:538} INFO - Filling up the DagBag from /home/airflow/.local/lib/python3.8/site-packages/airflow/example_dags/example_task_group.py
[2026-08-19T12:51:50.156+0000] {processor.py:840} INFO - DAG(s) 'example_task_group' retrieved from /home/airflow/.local/lib/python3.8/site-packages/airflow/example_dags/example_task_group.py
[2026-08-19T12:51:50.180+0000] {logging_mixin.py:188} INFO - [2026-08-19T12:51:50.179+0000] {dag.py:3036} INFO - Sync 1 DAGs
[2026-08-19T12:51:50.203+0000] {logging_mixin.py:188} INFO - [2026-08-19T12:51:50.203+0000] {dag.py:3823} INFO - Setting next_dagrun for example_task_group to 2026-08-18 00:00:00+00:00, run_after=2026-08-19 00:00:00+00:00
[2026-08-19T12:51:50.225+0000] {processor.py:183} INFO - Processing /home/airflow/.local/lib/python3.8/site-packages/airflow/example_dags/example_task_group.py took 0.084 seconds
[2026-08-19T12:52:20.322+0000] {processor.py:161} INFO - Started process (PID=5091) to work on /home/airflow/.local/lib/python3.8/site-packages/airflow/example_dags/example_task_group.py
[2026-08-19T12:52:20.323+0000] {processor.py:830} INFO - Processing file /home/airflow/.local/lib/python3.8/site-packages/airflow/example_dags/example_task_group.py for tasks to queue
[2026-08-19T12:52:20.326+0000] {logging_mixin.py:188} INFO - [2026-08-19T12:52:20.325+0000] {dagbag.py:538} INFO - Filling up the DagBag from /home/airflow/.local/lib/python3.8/site-packages/airflow/example_dags/example_task_group.py
[2026-08-19T12:52:20.335+0000] {processor.py:840} INFO - DAG(s) 'example_task_group' retrieved from /home/airflow/.local/lib/python3.8/site-packages/airflow/example_dags/example_task_group.py
[2026-08-19T12:52:20.357+0000] {logging_mixin.py:188} INFO - [2026-08-19T12:52:20.357+0000] {dag.py:3036} INFO - Sync 1 DAGs
[2026-08-19T12:52:20.379+0000] {logging_mixin.py:188} INFO - [2026-08-19T12:52:20.379+0000] {dag.py:3823} INFO - Setting next_dagrun for example_task_group to 2026-08-18 00:00:00+00:00, run_after=2026-08-19 00:00:00+00:00
[2026-08-19T12:52:20.398+0000] {processor.py:183} INFO - Processing /home/airflow/.local/lib/python3.8/site-packages/airflow/example_dags/example_task_group.py took 0.080 seconds
[2026-08-19T12:52:50.508+0000] {processor.py:161} INFO - Started process (PID=5174) to work on /home/airflow/.local/lib/python3.8/site-packages/airflow/example_dags/example_task_group.py
[2026-08-19T12:52:50.510+0000] {processor.py:830} INFO - Processing file /home/airflow/.local/lib/python3.8/site-packages/airflow/example_dags/example_task_group.py for tasks to queue
[2026-08-19T12:52:50.513+0000] {logging_mixin.py:188} INFO - [2026-08-19T12:52:50.513+0000] {dagbag.py:538} INFO - Filling up the DagBag from /home/airflow/.local/lib/python3.8/site-packages/airflow/example_dags/example_task_group.py
[2026-08-19T12:52:50.522+0000] {processor.py:840} INFO - DAG(s) 'example_task_group' retrieved from /home/airflow/.local/lib/python3.8/site-packages/airflow/example_dags/example_task_group.py
[2026-08-19T12:52:50.550+0000] {logging_mixin.py:188} INFO - [2026-08-19T12:52:50.550+0000] {dag.py:3036} INFO - Sync 1 DAGs
[2026-08-19T12:52:50.577+0000] {logging_mixin.py:188} INFO - [2026-08-19T12:52:50.577+0000] {dag.py:3823} INFO - Setting next_dagrun for example_task_group to 2026-08-18 00:00:00+00:00, run_after=2026-08-19 00:00:00+00:00
[2026-08-19T12:52:50.606+0000] {processor.py:183} INFO - Processing /home/airflow/.local/lib/python3.8/site-packages/airflow/example_dags/example_task_group.py took 0.103 seconds
[2026-08-19T12:53:20.727+0000] {processor.py:161} INFO - Started process (PID=5255) to work on /home/airflow/.local/lib/python3.8/site-packages/airflow/example_dags/example_task_group.py
[2026-08-19T12:53:20.729+0000] {processor.py:830} INFO - Processing file /home/airflow/.local/lib/python3.8/site-packages/airflow/example_dags/example_task_group.py for tasks to queue
[2026-08-19T12:53:20.732+0000] {logging_mixin.py:188} INFO - [2026-08-19T12:53:20.731+0000] {dagbag.py:538} INFO - Filling up the DagBag from /home/airflow/.local/lib/python3.8/site-packages/airflow/example_dags/example_task_group.py
[2026-08-19T12:53:20.741+0000] {processor.py:840} INFO - DAG(s) 'example_task_group' retrieved from /home/airflow/.local/lib/python3.8/site-packages/airflow/example_dags/example_task_group.py
[2026-08-19T12:53:20.768+0000] {logging_mixin.py:188} INFO - [2026-08-19T12:53:20.767+0000] {dag.py:3036} INFO - Sync 1 DAGs
[2026-08-19T12:53:20.796+0000] {logging_mixin.py:188} INFO - [2026-08-19T12:53:20.796+0000] {dag.py:3823} INFO - Setting next_dagrun for example_task_group to 2026-08-18 00:00:00+00:00, run_after=2026-08-19 00:00:00+00:00
[2026-08-19T12:53:20.821+0000] {processor.py:183} INFO - Processing /home/airflow/.local/lib/python3.8/site-packages/airflow/example_dags/example_task_group.py took 0.098 seconds
[2026-08-19T12:53:51.118+0000] {processor.py:161} INFO - Started process (PID=5342) to work on /home/airflow/.local/lib/python3.8/site-packages/airflow/example_dags/example_task_group.py
[2026-08-19T12:53:51.119+0000] {processor.py:830} INFO - Processing file /home/airflow/.local/lib/python3.8/site-packages/airflow/example_dags/example_task_group.py for tasks to queue
[2026-08-19T12:53:51.121+0000] {logging_mixin.py:188} INFO - [2026-08-19T12:53:51.121+0000] {dagbag.py:538} INFO - Filling up the DagBag from /home/airflow/.local/lib/python3.8/site-packages/airflow/example_dags/example_task_group.py
[2026-08-19T12:53:51.129+0000] {processor.py:840} INFO - DAG(s) 'example_task_group' retrieved from /home/airflow/.local/lib/python3.8/site-packages/airflow/example_dags/example_task_group.py
[2026-08-19T12:53:51.153+0000] {logging_mixin.py:188} INFO - [2026-08-19T12:53:51.153+0000] {dag.py:3036} INFO - Sync 1 DAGs
[2026-08-19T12:53:51.175+0000] {logging_mixin.py:188} INFO - [2026-08-19T12:53:51.175+0000] {dag.py:3823} INFO - Setting next_dagrun for example_task_group to 2026-08-18 00:00:00+00:00, run_after=2026-08-19 00:00:00+00:00
[2026-08-19T12:53:51.197+0000] {processor.py:183} INFO - Processing /home/airflow/.local/lib/python3.8/site-packages/airflow/example_dags/example_task_group.py took 0.083 seconds
[2026-08-19T12:54:23.507+0000] {processor.py:161} INFO - Started process (PID=5428) to work on /home/airflow/.local/lib/python3.8/site-packages/airflow/example_dags/example_task_group.py
[2026-08-19T12:54:23.509+0000] {processor.py:830} INFO - Processing file /home/airflow/.local/lib/python3.8/site-packages/airflow/example_dags/example_task_group.py for tasks to queue
[2026-08-19T12:54:23.511+0000] {logging_mixin.py:188} INFO - [2026-08-19T12:54:23.510+0000] {dagbag.py:538} INFO - Filling up the DagBag from /home/airflow/.local/lib/python3.8/site-packages/airflow/example_dags/example_task_group.py
[2026-08-19T12:54:23.519+0000] {processor.py:840} INFO - DAG(s) 'example_task_group' retrieved from /home/airflow/.local/lib/python3.8/site-packages/airflow/example_dags/example_task_group.py
[2026-08-19T12:54:23.543+0000] {logging_mixin.py:188} INFO - [2026-08-19T12:54:23.543+0000] {dag.py:3036} INFO - Sync 1 DAGs
[2026-08-19T12:54:23.568+0000] {logging_mixin.py:188} INFO - [2026-08-19T12:54:23.568+0000] {dag.py:3823} INFO - Setting next_dagrun for example_task_group to 2026-08-18 00:00:00+00:00, run_after=2026-08-19 00:00:00+00:00
[2026-08-19T12:54:23.645+0000] {processor.py:183} INFO - Processing /home/airflow/.local/lib/python3.8/site-packages/airflow/example_dags/example_task_group.py took 0.142 seconds
[2026-08-19T12:54:54.208+0000] {processor.py:161} INFO - Started process (PID=5511) to work on /home/airflow/.local/lib/python3.8/site-packages/airflow/example_dags/example_task_group.py
[2026-08-19T12:54:54.210+0000] {processor.py:830} INFO - Processing file /home/airflow/.local/lib/python3.8/site-packages/airflow/example_dags/example_task_group.py for tasks to queue
[2026-08-19T12:54:54.212+0000] {logging_mixin.py:188} INFO - [2026-08-19T12:54:54.212+0000] {dagbag.py:538} INFO - Filling up the DagBag from /home/airflow/.local/lib/python3.8/site-packages/airflow/example_dags/example_task_group.py
[2026-08-19T12:54:54.220+0000] {processor.py:840} INFO - DAG(s) 'example_task_group' retrieved from /home/airflow/.local/lib/python3.8/site-packages/airflow/example_dags/example_task_group.py
[2026-08-19T12:54:54.246+0000] {logging_mixin.py:188} INFO - [2026-08-19T12:54:54.245+0000] {dag.py:3036} INFO - Sync 1 DAGs
[2026-08-19T12:54:54.270+0000] {logging_mixin.py:188} INFO - [2026-08-19T12:54:54.270+0000] {dag.py:3823} INFO - Setting next_dagrun for example_task_group to 2026-08-18 00:00:00+00:00, run_after=2026-08-19 00:00:00+00:00
[2026-08-19T12:54:54.321+0000] {processor.py:183} INFO - Processing /home/airflow/.local/lib/python3.8/site-packages/airflow/example_dags/example_task_group.py took 0.116 seconds
[2026-08-19T12:55:24.564+0000] {processor.py:161} INFO - Started process (PID=5594) to work on /home/airflow/.local/lib/python3.8/site-packages/airflow/example_dags/example_task_group.py
[2026-08-19T12:55:24.565+0000] {processor.py:830} INFO - Processing file /home/airflow/.local/lib/python3.8/site-packages/airflow/example_dags/example_task_group.py for tasks to queue
[2026-08-19T12:55:24.567+0000] {logging_mixin.py:188} INFO - [2026-08-19T12:55:24.567+0000] {dagbag.py:538} INFO - Filling up the DagBag from /home/airflow/.local/lib/python3.8/site-packages/airflow/example_dags/example_task_group.py
[2026-08-19T12:55:24.574+0000] {processor.py:840} INFO - DAG(s) 'example_task_group' retrieved from /home/airflow/.local/lib/python3.8/site-packages/airflow/example_dags/example_task_group.py
[2026-08-19T12:55:24.597+0000] {logging_mixin.py:188} INFO - [2026-08-19T12:55:24.597+0000] {dag.py:3036} INFO - Sync 1 DAGs
[2026-08-19T12:55:24.621+0000] {logging_mixin.py:188} INFO - [2026-08-19T12:55:24.621+0000] {dag.py:3823} INFO - Setting next_dagrun for example_task_group to 2026-08-18 00:00:00+00:00, run_after=2026-08-19 00:00:00+00:00
[2026-08-19T12:55:24.682+0000] {processor.py:183} INFO - Processing /home/airflow/.local/lib/python3.8/site-packages/airflow/example_dags/example_task_group.py took 0.121 seconds
[2026-08-19T12:55:55.202+0000] {processor.py:161} INFO - Started process (PID=5675) to work on /home/airflow/.local/lib/python3.8/site-packages/airflow/example_dags/example_task_group.py
[2026-08-19T12:55:55.204+0000] {processor.py:830} INFO - Processing file /home/airflow/.local/lib/python3.8/site-packages/airflow/example_dags/example_task_group.py for tasks to queue
[2026-08-19T12:55:55.207+0000] {logging_mixin.py:188} INFO - [2026-08-19T12:55:55.207+0000] {dagbag.py:538} INFO - Filling up the DagBag from /home/airflow/.local/lib/python3.8/site-packages/airflow/example_dags/example_task_group.py
[2026-08-19T12:55:55.215+0000] {processor.py:840} INFO - DAG(s) 'example_task_group' retrieved from /home/airflow/.local/lib/python3.8/site-packages/airflow/example_dags/example_task_group.py
[2026-08-19T12:55:55.238+0000] {logging_mixin.py:188} INFO - [2026-08-19T12:55:55.238+0000] {dag.py:3036} INFO - Sync 1 DAGs
[2026-08-19T12:55:55.260+0000] {logging_mixin.py:188} INFO - [2026-08-19T12:55:55.260+0000] {dag.py:3823} INFO - Setting next_dagrun for example_task_group to 2026-08-18 00:00:00+00:00, run_after=2026-08-19 00:00:00+00:00
[2026-08-19T12:55:55.282+0000] {processor.py:183} INFO - Processing /home/airflow/.local/lib/python3.8/site-packages/airflow/example_dags/example_task_group.py took 0.084 seconds
[2026-08-19T12:56:25.488+0000] {processor.py:161} INFO - Started process (PID=5758) to work on /home/airflow/.local/lib/python3.8/site-packages/airflow/example_dags/example_task_group.py
[2026-08-19T12:56:25.490+0000] {processor.py:830} INFO - Processing file /home/airflow/.local/lib/python3.8/site-packages/airflow/example_dags/example_task_group.py for tasks to queue
[2026-08-19T12:56:25.492+0000] {logging_mixin.py:188} INFO - [2026-08-19T12:56:25.492+0000] {dagbag.py:538} INFO - Filling up the DagBag from /home/airflow/.local/lib/python3.8/site-packages/airflow/example_dags/example_task_group.py
[2026-08-19T12:56:25.500+0000] {processor.py:840} INFO - DAG(s) 'example_task_group' retrieved from /home/airflow/.local/lib/python3.8/site-packages/airflow/example_dags/example_task_group.py
[2026-08-19T12:56:25.523+0000] {logging_mixin.py:188} INFO - [2026-08-19T12:56:25.522+0000] {dag.py:3036} INFO - Sync 1 DAGs
[2026-08-19T12:56:25.548+0000] {logging_mixin.py:188} INFO - [2026-08-19T12:56:25.547+0000] {dag.py:3823} INFO - Setting next_dagrun for example_task_group to 2026-08-18 00:00:00+00:00, run_after=2026-08-19 00:00:00+00:00
[2026-08-19T12:56:25.572+0000] {processor.py:183} INFO - Processing /home/airflow/.local/lib/python3.8/site-packages/airflow/example_dags/example_task_group.py took 0.087 seconds
[2026-08-19T12:56:55.695+0000] {processor.py:161} INFO - Started process (PID=5841) to work on /home/airflow/.local/lib/python3.8/site-packages/airflow/example_dags/example_task_group.py
[2026-08-19T12:56:55.696+0000] {processor.py:830} INFO - Processing file /home/airflow/.local/lib/python3.8/site-packages/airflow/example_dags/example_task_group.py for tasks to queue
[2026-08-19T12:56:55.699+0000] {logging_mixin.py:188} INFO - [2026-08-19T12:56:55.698+0000] {dagbag.py:538} INFO - Filling up the DagBag from /home/airflow/.local/lib/python3.8/site-packages/airflow/example_dags/example_task_group.py
[2026-08-19T12:56:55.707+0000] {processor.py:840} INFO - DAG(s) 'example_task_group' retrieved from /home/airflow/.local/lib/python3.8/site-packages/airflow/example_dags/example_task_group.py
[2026-08-19T12:56:55.730+0000] {logging_mixin.py:188} INFO - [2026-08-19T12:56:55.730+0000] {dag.py:3036} INFO - Sync 1 DAGs
[2026-08-19T12:56:55.754+0000] {logging_mixin.py:188} INFO - [2026-08-19T12:56:55.754+0000] {dag.py:3823} INFO - Setting next_dagrun for example_task_group to 2026-08-18 00:00:00+00:00, run_after=2026-08-19 00:00:00+00:00
[2026-08-19T12:56:55.777+0000] {processor.py:183} INFO - Processing /home/airflow/.local/lib/python3.8/site-packages/airflow/example_dags/example_task_group.py took 0.085 seconds
