[2026-08-19T12:22:23.649+0000] {processor.py:161} INFO - Started process (PID=194) to work on /home/airflow/.local/lib/python3.8/site-packages/airflow/example_dags/example_dag_decorator.py
[2026-08-19T12:22:23.657+0000] {processor.py:830} INFO - Processing file /home/airflow/.local/lib/python3.8/site-packages/airflow/example_dags/example_dag_decorator.py for tasks to queue
[2026-08-19T12:22:23.681+0000] {logging_mixin.py:188} INFO - [2026-08-19T12:22:23.679+0000] {dagbag.py:538} INFO - Filling up the DagBag from /home/airflow/.local/lib/python3.8/site-packages/airflow/example_dags/example_dag_decorator.py
[2026-08-19T12:22:25.348+0000] {processor.py:840} INFO - DAG(s) 'example_dag_decorator' retrieved from /home/airflow/.local/lib/python3.8/site-packages/airflow/example_dags/example_dag_decorator.py
[2026-08-19T12:22:26.099+0000] {logging_mixin.py:188} INFO - [2026-08-19T12:22:26.099+0000] {dag.py:3036} INFO - Sync 1 DAGs
[2026-08-19T12:22:26.155+0000] {logging_mixin.py:188} INFO - [2026-08-19T12:22:26.155+0000] {dag.py:3823} INFO - Setting next_dagrun for example_dag_decorator to None, run_after=None
[2026-08-19T12:22:26.262+0000] {processor.py:183} INFO - Processing /home/airflow/.local/lib/python3.8/site-packages/airflow/example_dags/example_dag_decorator.py took 2.627 seconds
[2026-08-19T12:22:56.912+0000] {processor.py:161} INFO - Started process (PID=286) to work on /home/airflow/.local/lib/python3.8/site-packages/airflow/example_dags/example_dag_decorator.py
[2026-08-19T12:22:56.915+0000] {processor.py:830} INFO - Processing file /home/airflow/.local/lib/python3.8/site-packages/airflow/example_dags/example_dag_decorator.py for tasks to queue
[2026-08-19T12:22:56.919+0000] {logging_mixin.py:188} INFO - [2026-08-19T12:22:56.918+0000] {dagbag.py:538} INFO - Filling up the DagBag from /home/airflow/.local/lib/python3.8/site-packages/airflow/example_dags/example_dag_decorator.py
[2026-08-19T12:22:57.062+0000] {processor.py:840} INFO - DAG(s) 'example_dag_decorator' retrieved from /home/airflow/.local/lib/python3.8/site-packages/airflow/example_dags/example_dag_decorator.py
[2026-08-19T12:22:57.077+0000] {logging_mixin.py:188} INFO - [2026-08-19T12:22:57.077+0000] {dag.py:3036} INFO - Sync 1 DAGs
[2026-08-19T12:22:57.092+0000] {logging_mixin.py:188} INFO - [2026-08-19T12:22:57.091+0000] {dag.py:3823} INFO - Setting next_dagrun for example_dag_decorator to None, run_after=None
[2026-08-19T12:22:57.116+0000] {processor.py:183} INFO - Processing /home/airflow/.local/lib/python3.8/site-packages/airflow/example_dags/example_dag_decorator.py took 0.209 seconds
[2026-08-19T12:23:27.386+0000] {processor.py:161} INFO - Started process (PID=369) to work on /home/airflow/.local/lib/python3.8/site-packages/airflow/example_dags/example_dag_decorator.py
[2026-08-19T12:23:27.388+0000] {processor.py:830} INFO - Processing file /home/airflow/.local/lib/python3.8/site-packages/airflow/example_dags/example_dag_decorator.py for tasks to queue
[2026-08-19T12:23:27.392+0000] {logging_mixin.py:188} INFO - [2026-08-19T12:23:27.392+0000] {dagbag.py:538} INFO - Filling up the DagBag from /home/airflow/.local/lib/python3.8/site-packages/airflow/example_dags/example_dag_decorator.py
[2026-08-19T12:23:27.520+0000] {processor.py:840} INFO - DAG(s) 'example_dag_decorator' retrieved from /home/airflow/.local/lib/python3.8/site-packages/airflow/example_dags/example_dag_decorator.py
[2026-08-19T12:23:27.719+0000] {logging_mixin.py:188} INFO - [2026-08-19T12:23:27.719+0000] {dag.py:3036} INFO - Sync 1 DAGs
[2026-08-19T12:23:27.731+0000] {logging_mixin.py:188} INFO - [2026-08-19T12:23:27.731+0000] {dag.py:3823} INFO - Setting next_dagrun for example_dag_decorator to None, run_after=None
[2026-08-19T12:23:27.764+0000] {processor.py:183} INFO - Processing /home/airflow/.local/lib/python3.8/site-packages/airflow/example_dags/example_dag_decorator.py took 0.383 seconds
[2026-08-19T12:24:00.105+0000] {processor.py:161} INFO - Started process (PID=450) to work on /home/airflow/.local/lib/python3.8/site-packages/airflow/example_dags/example_dag_decorator.py
[2026-08-19T12:24:00.108+0000] {processor.py:830} INFO - Processing file /home/airflow/.local/lib/python3.8/site-packages/airflow/example_dags/example_dag_decorator.py for tasks to queue
[2026-08-19T12:24:00.112+0000] {logging_mixin.py:188} INFO - [2026-08-19T12:24:00.111+0000] {dagbag.py:538} INFO - Filling up the DagBag from /home/airflow/.local/lib/python3.8/site-packages/airflow/example_dags/example_dag_decorator.py
[2026-08-19T12:24:00.260+0000] {processor.py:840} INFO - DAG(s) 'example_dag_decorator' retrieved from /home/airflow/.local/lib/python3.8/site-packages/airflow/example_dags/example_dag_decorator.py
[2026-08-19T12:24:00.379+0000] {logging_mixin.py:188} INFO - [2026-08-19T12:24:00.379+0000] {dag.py:3036} INFO - Sync 1 DAGs
[2026-08-19T12:24:00.393+0000] {logging_mixin.py:188} INFO - [2026-08-19T12:24:00.393+0000] {dag.py:3823} INFO - Setting next_dagrun for example_dag_decorator to None, run_after=None
[2026-08-19T12:24:00.416+0000] {processor.py:183} INFO - Processing /home/airflow/.local/lib/python3.8/site-packages/airflow/example_dags/example_dag_decorator.py took 0.319 seconds
[2026-08-19T12:24:30.801+0000] {processor.py:161} INFO - Started process (PID=537) to work on /home/airflow/.local/lib/python3.8/site-packages/airflow/example_dags/example_dag_decorator.py
[2026-08-19T12:24:30.802+0000] {processor.py:830} INFO - Processing file /home/airflow/.local/lib/python3.8/site-packages/airflow/example_dags/example_dag_decorator.py for tasks to queue
[2026-08-19T12:24:30.805+0000] {logging_mixin.py:188} INFO - [2026-08-19T12:24:30.804+0000] {dagbag.py:538} INFO - Filling up the DagBag from /home/airflow/.local/lib/python3.8/site-packages/airflow/example_dags/example_dag_decorator.py
[2026-08-19T12:24:30.883+0000] {processor.py:840} INFO - DAG(s) 'example_dag_decorator' retrieved from /home/airflow/.local/lib/python3.8/site-packages/airflow/example_dags/example_dag_decorator.py
[2026-08-19T12:24:30.983+0000] {logging_mixin.py:188} INFO - [2026-08-19T12:24:30.983+0000] {dag.py:3036} INFO - Sync 1 DAGs
[2026-08-19T12:24:31.135+0000] {logging_mixin.py:188} INFO - [2026-08-19T12:24:31.135+0000] {dag.py:3823} INFO - Setting next_dagrun for example_dag_decorator to None, run_after=None
[2026-08-19T12:24:31.228+0000] {processor.py:183} INFO - Processing /home/airflow/.local/lib/python3.8/site-packages/airflow/example_dags/example_dag_decorator.py took 0.431 seconds
[2026-08-19T12:25:01.787+0000] {processor.py:161} INFO - Started process (PID=620) to work on /home/airflow/.local/lib/python3.8/site-packages/airflow/example_dags/example_dag_decorator.py
[2026-08-19T12:25:01.792+0000] {processor.py:830} INFO - Processing file /home/airflow/.local/lib/python3.8/site-packages/airflow/example_dags/example_dag_decorator.py for tasks to queue
[2026-08-19T12:25:01.794+0000] {logging_mixin.py:188} INFO - [2026-08-19T12:25:01.794+0000] {dagbag.py:538} INFO - Filling up the DagBag from /home/airflow/.local/lib/python3.8/site-packages/airflow/example_dags/example_dag_decorator.py
[2026-08-19T12:25:01.881+0000] {processor.py:840} INFO - DAG(s) 'example_dag_decorator' retrieved from /home/airflow/.local/lib/python3.8/site-packages/airflow/example_dags/example_dag_decorator.py
[2026-08-19T12:25:01.988+0000] {logging_mixin.py:188} INFO - [2026-08-19T12:25:01.988+0000] {dag.py:3036} INFO - Sync 1 DAGs
[2026-08-19T12:25:02.132+0000] {logging_mixin.py:188} INFO - [2026-08-19T12:25:02.131+0000] {dag.py:3823} INFO - Setting next_dagrun for example_dag_decorator to None, run_after=None
[2026-08-19T12:25:02.444+0000] {processor.py:183} INFO - Processing /home/airflow/.local/lib/python3.8/site-packages/airflow/example_dags/example_dag_decorator.py took 0.662 seconds
[2026-08-19T12:25:33.097+0000] {processor.py:161} INFO - Started process (PID=704) to work on /home/airflow/.local/lib/python3.8/site-packages/airflow/example_dags/example_dag_decorator.py
[2026-08-19T12:25:33.099+0000] {processor.py:830} INFO - Processing file /home/airflow/.local/lib/python3.8/site-packages/airflow/example_dags/example_dag_decorator.py for tasks to queue
[2026-08-19T12:25:33.103+0000] {logging_mixin.py:188} INFO - [2026-08-19T12:25:33.102+0000] {dagbag.py:538} INFO - Filling up the DagBag from /home/airflow/.local/lib/python3.8/site-packages/airflow/example_dags/example_dag_decorator.py
[2026-08-19T12:25:33.193+0000] {processor.py:840} INFO - DAG(s) 'example_dag_decorator' retrieved from /home/airflow/.local/lib/python3.8/site-packages/airflow/example_dags/example_dag_decorator.py
[2026-08-19T12:25:33.431+0000] {logging_mixin.py:188} INFO - [2026-08-19T12:25:33.430+0000] {dag.py:3036} INFO - Sync 1 DAGs
[2026-08-19T12:25:33.441+0000] {logging_mixin.py:188} INFO - [2026-08-19T12:25:33.441+0000] {dag.py:3823} INFO - Setting next_dagrun for example_dag_decorator to None, run_after=None
[2026-08-19T12:25:33.536+0000] {processor.py:183} INFO - Processing /home/airflow/.local/lib/python3.8/site-packages/airflow/example_dags/example_dag_decorator.py took 0.444 seconds
[2026-08-19T12:26:03.785+0000] {processor.py:161} INFO - Started process (PID=787) to work on /home/airflow/.local/lib/python3.8/site-packages/airflow/example_dags/example_dag_decorator.py
[2026-08-19T12:26:03.786+0000] {processor.py:830} INFO - Processing file /home/airflow/.local/lib/python3.8/site-packages/airflow/example_dags/example_dag_decorator.py for tasks to queue
[2026-08-19T12:26:03.788+0000] {logging_mixin.py:188} INFO - [2026-08-19T12:26:03.788+0000] {dagbag.py:538} INFO - Filling up the DagBag from /home/airflow/.local/lib/python3.8/site-packages/airflow/example_dags/example_dag_decorator.py
[2026-08-19T12:26:03.982+0000] {processor.py:840} INFO - DAG(s) 'example_dag_decorator' retrieved from /home/airflow/.local/lib/python3.8/site-packages/airflow/example_dags/example_dag_decorator.py
[2026-08-19T12:26:04.333+0000] {logging_mixin.py:188} INFO - [2026-08-19T12:26:04.332+0000] {dag.py:3036} INFO - Sync 1 DAGs
[2026-08-19T12:26:04.348+0000] {logging_mixin.py:188} INFO - [2026-08-19T12:26:04.348+0000] {dag.py:3823} INFO - Setting next_dagrun for example_dag_decorator to None, run_after=None
[2026-08-19T12:26:04.393+0000] {processor.py:183} INFO - Processing /home/airflow/.local/lib/python3.8/site-packages/airflow/example_dags/example_dag_decorator.py took 0.611 seconds
[2026-08-19T12:26:34.952+0000] {processor.py:161} INFO - Started process (PID=873) to work on /home/airflow/.local/lib/python3.8/site-packages/airflow/example_dags/example_dag_decorator.py
[2026-08-19T12:26:34.953+0000] {processor.py:830} INFO - Processing file /home/airflow/.local/lib/python3.8/site-packages/airflow/example_dags/example_dag_decorator.py for tasks to queue
[2026-08-19T12:26:34.956+0000] {logging_mixin.py:188} INFO - [2026-08-19T12:26:34.956+0000] {dagbag.py:538} INFO - Filling up the DagBag from /home/airflow/.local/lib/python3.8/site-packages/airflow/example_dags/example_dag_decorator.py
[2026-08-19T12:26:35.056+0000] {processor.py:840} INFO - DAG(s) 'example_dag_decorator' retrieved from /home/airflow/.local/lib/python3.8/site-packages/airflow/example_dags/example_dag_decorator.py
[2026-08-19T12:26:35.299+0000] {logging_mixin.py:188} INFO - [2026-08-19T12:26:35.299+0000] {dag.py:3036} INFO - Sync 1 DAGs
[2026-08-19T12:26:35.308+0000] {logging_mixin.py:188} INFO - [2026-08-19T12:26:35.307+0000] {dag.py:3823} INFO - Setting next_dagrun for example_dag_decorator to None, run_after=None
[2026-08-19T12:26:35.331+0000] {processor.py:183} INFO - Processing /home/airflow/.local/lib/python3.8/site-packages/airflow/example_dags/example_dag_decorator.py took 0.383 seconds
[2026-08-19T12:27:05.409+0000] {processor.py:161} INFO - Started process (PID=958) to work on /home/airflow/.local/lib/python3.8/site-packages/airflow/example_dags/example_dag_decorator.py
[2026-08-19T12:27:05.411+0000] {processor.py:830} INFO - Processing file /home/airflow/.local/lib/python3.8/site-packages/airflow/example_dags/example_dag_decorator.py for tasks to queue
[2026-08-19T12:27:05.413+0000] {logging_mixin.py:188} INFO - [2026-08-19T12:27:05.413+0000] {dagbag.py:538} INFO - Filling up the DagBag from /home/airflow/.local/lib/python3.8/site-packages/airflow/example_dags/example_dag_decorator.py
[2026-08-19T12:27:05.505+0000] {processor.py:840} INFO - DAG(s) 'example_dag_decorator' retrieved from /home/airflow/.local/lib/python3.8/site-packages/airflow/example_dags/example_dag_decorator.py
[2026-08-19T12:27:05.748+0000] {logging_mixin.py:188} INFO - [2026-08-19T12:27:05.747+0000] {dag.py:3036} INFO - Sync 1 DAGs
[2026-08-19T12:27:05.757+0000] {logging_mixin.py:188} INFO - [2026-08-19T12:27:05.757+0000] {dag.py:3823} INFO - Setting next_dagrun for example_dag_decorator to None, run_after=None
[2026-08-19T12:27:05.781+0000] {processor.py:183} INFO - Processing /home/airflow/.local/lib/python3.8/site-packages/airflow/example_dags/example_dag_decorator.py took 0.376 seconds
[2026-08-19T12:27:36.244+0000] {processor.py:161} INFO - Started process (PID=1038) to work on /home/airflow/.local/lib/python3.8/site-packages/airflow/example_dags/example_dag_decorator.py
[2026-08-19T12:27:36.246+0000] {processor.py:830} INFO - Processing file /home/airflow/.local/lib/python3.8/site-packages/airflow/example_dags/example_dag_decorator.py for tasks to queue
[2026-08-19T12:27:36.249+0000] {logging_mixin.py:188} INFO - [2026-08-19T12:27:36.249+0000] {dagbag.py:538} INFO - Filling up the DagBag from /home/airflow/.local/lib/python3.8/site-packages/airflow/example_dags/example_dag_decorator.py
[2026-08-19T12:27:36.502+0000] {processor.py:840} INFO - DAG(s) 'example_dag_decorator' retrieved from /home/airflow/.local/lib/python3.8/site-packages/airflow/example_dags/example_dag_decorator.py
[2026-08-19T12:27:36.903+0000] {logging_mixin.py:188} INFO - [2026-08-19T12:27:36.903+0000] {dag.py:3036} INFO - Sync 1 DAGs
[2026-08-19T12:27:36.923+0000] {logging_mixin.py:188} INFO - [2026-08-19T12:27:36.922+0000] {dag.py:3823} INFO - Setting next_dagrun for example_dag_decorator to None, run_after=None
[2026-08-19T12:27:36.959+0000] {processor.py:183} INFO - Processing /home/airflow/.local/lib/python3.8/site-packages/airflow/example_dags/example_dag_decorator.py took 0.721 seconds
[2026-08-19T12:28:07.280+0000] {processor.py:161} INFO - Started process (PID=1121) to work on /home/airflow/.local/lib/python3.8/site-packages/airflow/example_dags/example_dag_decorator.py
[2026-08-19T12:28:07.282+0000] {processor.py:830} INFO - Processing file /home/airflow/.local/lib/python3.8/site-packages/airflow/example_dags/example_dag_decorator.py for tasks to queue
[2026-08-19T12:28:07.284+0000] {logging_mixin.py:188} INFO - [2026-08-19T12:28:07.283+0000] {dagbag.py:538} INFO - Filling up the DagBag from /home/airflow/.local/lib/python3.8/site-packages/airflow/example_dags/example_dag_decorator.py
[2026-08-19T12:28:07.527+0000] {processor.py:840} INFO - DAG(s) 'example_dag_decorator' retrieved from /home/airflow/.local/lib/python3.8/site-packages/airflow/example_dags/example_dag_decorator.py
[2026-08-19T12:28:07.620+0000] {logging_mixin.py:188} INFO - [2026-08-19T12:28:07.619+0000] {dag.py:3036} INFO - Sync 1 DAGs
[2026-08-19T12:28:07.632+0000] {logging_mixin.py:188} INFO - [2026-08-19T12:28:07.632+0000] {dag.py:3823} INFO - Setting next_dagrun for example_dag_decorator to None, run_after=None
[2026-08-19T12:28:07.652+0000] {processor.py:183} INFO - Processing /home/airflow/.local/lib/python3.8/site-packages/airflow/example_dags/example_dag_decorator.py took 0.379 seconds
[2026-08-19T12:28:38.095+0000] {processor.py:161} INFO - Started process (PID=1204) to work on /home/airflow/.local/lib/python3.8/site-packages/airflow/example_dags/example_dag_decorator.py
[2026-08-19T12:28:38.096+0000] {processor.py:830} INFO - Processing file /home/airflow/.local/lib/python3.8/site-packages/airflow/example_dags/example_dag_decorator.py for tasks to queue
[2026-08-19T12:28:38.098+0000] {logging_mixin.py:188} INFO - [2026-08-19T12:28:38.098+0000] {dagbag.py:538} INFO - Filling up the DagBag from /home/airflow/.local/lib/python3.8/site-packages/airflow/example_dags/example_dag_decorator.py
[2026-08-19T12:28:38.194+0000] {processor.py:840} INFO - DAG(s) 'example_dag_decorator' retrieved from /home/airflow/.local/lib/python3.8/site-packages/airflow/example_dags/example_dag_decorator.py
[2026-08-19T12:28:38.302+0000] {logging_mixin.py:188} INFO - [2026-08-19T12:28:38.302+0000] {dag.py:3036} INFO - Sync 1 DAGs
[2026-08-19T12:28:38.313+0000] {logging_mixin.py:188} INFO - [2026-08-19T12:28:38.313+0000] {dag.py:3823} INFO - Setting next_dagrun for example_dag_decorator to None, run_after=None
[2026-08-19T12:28:38.335+0000] {processor.py:183} INFO - Processing /home/airflow/.local/lib/python3.8/site-packages/airflow/example_dags/example_dag_decorator.py took 0.244 seconds
[2026-08-19T12:29:10.620+0000] {processor.py:161} INFO - Started process (PID=1301) to work on /home/airflow/.local/lib/python3.8/site-packages/airflow/example_dags/example_dag_decorator.py
[2026-08-19T12:29:10.624+0000] {processor.py:830} INFO - Processing file /home/airflow/.local/lib/python3.8/site-packages/airflow/example_dags/example_dag_decorator.py for tasks to queue
[2026-08-19T12:29:10.631+0000] {logging_mixin.py:188} INFO - [2026-08-19T12:29:10.630+0000] {dagbag.py:538} INFO - Filling up the DagBag from /home/airflow/.local/lib/python3.8/site-packages/airflow/example_dags/example_dag_decorator.py
[2026-08-19T12:29:10.959+0000] {processor.py:840} INFO - DAG(s) 'example_dag_decorator' retrieved from /home/airflow/.local/lib/python3.8/site-packages/airflow/example_dags/example_dag_decorator.py
[2026-08-19T12:29:11.205+0000] {logging_mixin.py:188} INFO - [2026-08-19T12:29:11.204+0000] {dag.py:3036} INFO - Sync 1 DAGs
[2026-08-19T12:29:11.221+0000] {logging_mixin.py:188} INFO - [2026-08-19T12:29:11.221+0000] {dag.py:3823} INFO - Setting next_dagrun for example_dag_decorator to None, run_after=None
[2026-08-19T12:29:11.263+0000] {processor.py:183} INFO - Processing /home/airflow/.local/lib/python3.8/site-packages/airflow/example_dags/example_dag_decorator.py took 0.650 seconds
[2026-08-19T12:29:41.644+0000] {processor.py:161} INFO - Started process (PID=1393) to work on /home/airflow/.local/lib/python3.8/site-packages/airflow/example_dags/example_dag_decorator.py
[2026-08-19T12:29:41.645+0000] {processor.py:830} INFO - Processing file /home/airflow/.local/lib/python3.8/site-packages/airflow/example_dags/example_dag_decorator.py for tasks to queue
[2026-08-19T12:29:41.648+0000] {logging_mixin.py:188} INFO - [2026-08-19T12:29:41.647+0000] {dagbag.py:538} INFO - Filling up the DagBag from /home/airflow/.local/lib/python3.8/site-packages/airflow/example_dags/example_dag_decorator.py
[2026-08-19T12:29:41.796+0000] {processor.py:840} INFO - DAG(s) 'example_dag_decorator' retrieved from /home/airflow/.local/lib/python3.8/site-packages/airflow/example_dags/example_dag_decorator.py
[2026-08-19T12:29:41.944+0000] {logging_mixin.py:188} INFO - [2026-08-19T12:29:41.944+0000] {dag.py:3036} INFO - Sync 1 DAGs
[2026-08-19T12:29:41.956+0000] {logging_mixin.py:188} INFO - [2026-08-19T12:29:41.956+0000] {dag.py:3823} INFO - Setting next_dagrun for example_dag_decorator to None, run_after=None
[2026-08-19T12:29:41.997+0000] {processor.py:183} INFO - Processing /home/airflow/.local/lib/python3.8/site-packages/airflow/example_dags/example_dag_decorator.py took 0.357 seconds
[2026-08-19T12:30:12.830+0000] {processor.py:161} INFO - Started process (PID=1477) to work on /home/airflow/.local/lib/python3.8/site-packages/airflow/example_dags/example_dag_decorator.py
[2026-08-19T12:30:12.832+0000] {processor.py:830} INFO - Processing file /home/airflow/.local/lib/python3.8/site-packages/airflow/example_dags/example_dag_decorator.py for tasks to queue
[2026-08-19T12:30:12.834+0000] {logging_mixin.py:188} INFO - [2026-08-19T12:30:12.834+0000] {dagbag.py:538} INFO - Filling up the DagBag from /home/airflow/.local/lib/python3.8/site-packages/airflow/example_dags/example_dag_decorator.py
[2026-08-19T12:30:12.918+0000] {processor.py:840} INFO - DAG(s) 'example_dag_decorator' retrieved from /home/airflow/.local/lib/python3.8/site-packages/airflow/example_dags/example_dag_decorator.py
[2026-08-19T12:30:13.010+0000] {logging_mixin.py:188} INFO - [2026-08-19T12:30:13.009+0000] {dag.py:3036} INFO - Sync 1 DAGs
[2026-08-19T12:30:13.021+0000] {logging_mixin.py:188} INFO - [2026-08-19T12:30:13.020+0000] {dag.py:3823} INFO - Setting next_dagrun for example_dag_decorator to None, run_after=None
[2026-08-19T12:30:13.041+0000] {processor.py:183} INFO - Processing /home/airflow/.local/lib/python3.8/site-packages/airflow/example_dags/example_dag_decorator.py took 0.214 seconds
[2026-08-19T12:30:43.103+0000] {processor.py:161} INFO - Started process (PID=1562) to work on /home/airflow/.local/lib/python3.8/site-packages/airflow/example_dags/example_dag_decorator.py
[2026-08-19T12:30:43.105+0000] {processor.py:830} INFO - Processing file /home/airflow/.local/lib/python3.8/site-packages/airflow/example_dags/example_dag_decorator.py for tasks to queue
[2026-08-19T12:30:43.108+0000] {logging_mixin.py:188} INFO - [2026-08-19T12:30:43.108+0000] {dagbag.py:538} INFO - Filling up the DagBag from /home/airflow/.local/lib/python3.8/site-packages/airflow/example_dags/example_dag_decorator.py
[2026-08-19T12:30:43.215+0000] {processor.py:840} INFO - DAG(s) 'example_dag_decorator' retrieved from /home/airflow/.local/lib/python3.8/site-packages/airflow/example_dags/example_dag_decorator.py
[2026-08-19T12:30:43.317+0000] {logging_mixin.py:188} INFO - [2026-08-19T12:30:43.317+0000] {dag.py:3036} INFO - Sync 1 DAGs
[2026-08-19T12:30:43.327+0000] {logging_mixin.py:188} INFO - [2026-08-19T12:30:43.327+0000] {dag.py:3823} INFO - Setting next_dagrun for example_dag_decorator to None, run_after=None
[2026-08-19T12:30:43.355+0000] {processor.py:183} INFO - Processing /home/airflow/.local/lib/python3.8/site-packages/airflow/example_dags/example_dag_decorator.py took 0.256 seconds
[2026-08-19T12:31:13.444+0000] {processor.py:161} INFO - Started process (PID=1646) to work on /home/airflow/.local/lib/python3.8/site-packages/airflow/example_dags/example_dag_decorator.py
[2026-08-19T12:31:13.446+0000] {processor.py:830} INFO - Processing file /home/airflow/.local/lib/python3.8/site-packages/airflow/example_dags/example_dag_decorator.py for tasks to queue
[2026-08-19T12:31:13.448+0000] {logging_mixin.py:188} INFO - [2026-08-19T12:31:13.447+0000] {dagbag.py:538} INFO - Filling up the DagBag from /home/airflow/.local/lib/python3.8/site-packages/airflow/example_dags/example_dag_decorator.py
[2026-08-19T12:31:13.539+0000] {processor.py:840} INFO - DAG(s) 'example_dag_decorator' retrieved from /home/airflow/.local/lib/python3.8/site-packages/airflow/example_dags/example_dag_decorator.py
[2026-08-19T12:31:13.697+0000] {logging_mixin.py:188} INFO - [2026-08-19T12:31:13.697+0000] {dag.py:3036} INFO - Sync 1 DAGs
[2026-08-19T12:31:13.713+0000] {logging_mixin.py:188} INFO - [2026-08-19T12:31:13.713+0000] {dag.py:3823} INFO - Setting next_dagrun for example_dag_decorator to None, run_after=None
[2026-08-19T12:31:13.750+0000] {processor.py:183} INFO - Processing /home/airflow/.local/lib/python3.8/site-packages/airflow/example_dags/example_dag_decorator.py took 0.312 seconds
[2026-08-19T12:31:44.404+0000] {processor.py:161} INFO - Started process (PID=1733) to work on /home/airflow/.local/lib/python3.8/site-packages/airflow/example_dags/example_dag_decorator.py
[2026-08-19T12:31:44.405+0000] {processor.py:830} INFO - Processing file /home/airflow/.local/lib/python3.8/site-packages/airflow/example_dags/example_dag_decorator.py for tasks to queue
[2026-08-19T12:31:44.407+0000] {logging_mixin.py:188} INFO - [2026-08-19T12:31:44.407+0000] {dagbag.py:538} INFO - Filling up the DagBag from /home/airflow/.local/lib/python3.8/site-packages/airflow/example_dags/example_dag_decorator.py
[2026-08-19T12:31:44.491+0000] {processor.py:840} INFO - DAG(s) 'example_dag_decorator' retrieved from /home/airflow/.local/lib/python3.8/site-packages/airflow/example_dags/example_dag_decorator.py
[2026-08-19T12:31:44.581+0000] {logging_mixin.py:188} INFO - [2026-08-19T12:31:44.580+0000] {dag.py:3036} INFO - Sync 1 DAGs
[2026-08-19T12:31:44.594+0000] {logging_mixin.py:188} INFO - [2026-08-19T12:31:44.594+0000] {dag.py:3823} INFO - Setting next_dagrun for example_dag_decorator to None, run_after=None
[2026-08-19T12:31:44.614+0000] {processor.py:183} INFO - Processing /home/airflow/.local/lib/python3.8/site-packages/airflow/example_dags/example_dag_decorator.py took 0.214 seconds
[2026-08-19T12:32:14.706+0000] {processor.py:161} INFO - Started process (PID=1816) to work on /home/airflow/.local/lib/python3.8/site-packages/airflow/example_dags/example_dag_decorator.py
[2026-08-19T12:32:14.707+0000] {processor.py:830} INFO - Processing file /home/airflow/.local/lib/python3.8/site-packages/airflow/example_dags/example_dag_decorator.py for tasks to queue
[2026-08-19T12:32:14.709+0000] {logging_mixin.py:188} INFO - [2026-08-19T12:32:14.709+0000] {dagbag.py:538} INFO - Filling up the DagBag from /home/airflow/.local/lib/python3.8/site-packages/airflow/example_dags/example_dag_decorator.py
[2026-08-19T12:32:14.799+0000] {processor.py:840} INFO - DAG(s) 'example_dag_decorator' retrieved from /home/airflow/.local/lib/python3.8/site-packages/airflow/example_dags/example_dag_decorator.py
[2026-08-19T12:32:14.964+0000] {logging_mixin.py:188} INFO - [2026-08-19T12:32:14.964+0000] {dag.py:3036} INFO - Sync 1 DAGs
[2026-08-19T12:32:14.977+0000] {logging_mixin.py:188} INFO - [2026-08-19T12:32:14.977+0000] {dag.py:3823} INFO - Setting next_dagrun for example_dag_decorator to None, run_after=None
[2026-08-19T12:32:15.007+0000] {processor.py:183} INFO - Processing /home/airflow/.local/lib/python3.8/site-packages/airflow/example_dags/example_dag_decorator.py took 0.305 seconds
[2026-08-19T12:32:45.876+0000] {processor.py:161} INFO - Started process (PID=1904) to work on /home/airflow/.local/lib/python3.8/site-packages/airflow/example_dags/example_dag_decorator.py
[2026-08-19T12:32:45.878+0000] {processor.py:830} INFO - Processing file /home/airflow/.local/lib/python3.8/site-packages/airflow/example_dags/example_dag_decorator.py for tasks to queue
[2026-08-19T12:32:45.881+0000] {logging_mixin.py:188} INFO - [2026-08-19T12:32:45.881+0000] {dagbag.py:538} INFO - Filling up the DagBag from /home/airflow/.local/lib/python3.8/site-packages/airflow/example_dags/example_dag_decorator.py
[2026-08-19T12:32:46.013+0000] {processor.py:840} INFO - DAG(s) 'example_dag_decorator' retrieved from /home/airflow/.local/lib/python3.8/site-packages/airflow/example_dags/example_dag_decorator.py
[2026-08-19T12:32:46.131+0000] {logging_mixin.py:188} INFO - [2026-08-19T12:32:46.130+0000] {dag.py:3036} INFO - Sync 1 DAGs
[2026-08-19T12:32:46.143+0000] {logging_mixin.py:188} INFO - [2026-08-19T12:32:46.142+0000] {dag.py:3823} INFO - Setting next_dagrun for example_dag_decorator to None, run_after=None
[2026-08-19T12:32:46.165+0000] {processor.py:183} INFO - Processing /home/airflow/.local/lib/python3.8/site-packages/airflow/example_dags/example_dag_decorator.py took 0.295 seconds
[2026-08-19T12:33:16.232+0000] {processor.py:161} INFO - Started process (PID=1988) to work on /home/airflow/.local/lib/python3.8/site-packages/airflow/example_dags/example_dag_decorator.py
[2026-08-19T12:33:16.233+0000] {processor.py:830} INFO - Processing file /home/airflow/.local/lib/python3.8/site-packages/airflow/example_dags/example_dag_decorator.py for tasks to queue
[2026-08-19T12:33:16.235+0000] {logging_mixin.py:188} INFO - [2026-08-19T12:33:16.235+0000] {dagbag.py:538} INFO - Filling up the DagBag from /home/airflow/.local/lib/python3.8/site-packages/airflow/example_dags/example_dag_decorator.py
[2026-08-19T12:33:16.378+0000] {processor.py:840} INFO - DAG(s) 'example_dag_decorator' retrieved from /home/airflow/.local/lib/python3.8/site-packages/airflow/example_dags/example_dag_decorator.py
[2026-08-19T12:33:16.488+0000] {logging_mixin.py:188} INFO - [2026-08-19T12:33:16.487+0000] {dag.py:3036} INFO - Sync 1 DAGs
[2026-08-19T12:33:16.500+0000] {logging_mixin.py:188} INFO - [2026-08-19T12:33:16.499+0000] {dag.py:3823} INFO - Setting next_dagrun for example_dag_decorator to None, run_after=None
[2026-08-19T12:33:16.522+0000] {processor.py:183} INFO - Processing /home/airflow/.local/lib/python3.8/site-packages/airflow/example_dags/example_dag_decorator.py took 0.293 seconds
[2026-08-19T12:33:46.855+0000] {processor.py:161} INFO - Started process (PID=2071) to work on /home/airflow/.local/lib/python3.8/site-packages/airflow/example_dags/example_dag_decorator.py
[2026-08-19T12:33:46.856+0000] {processor.py:830} INFO - Processing file /home/airflow/.local/lib/python3.8/site-packages/airflow/example_dags/example_dag_decorator.py for tasks to queue
[2026-08-19T12:33:46.858+0000] {logging_mixin.py:188} INFO - [2026-08-19T12:33:46.858+0000] {dagbag.py:538} INFO - Filling up the DagBag from /home/airflow/.local/lib/python3.8/site-packages/airflow/example_dags/example_dag_decorator.py
[2026-08-19T12:33:46.943+0000] {processor.py:840} INFO - DAG(s) 'example_dag_decorator' retrieved from /home/airflow/.local/lib/python3.8/site-packages/airflow/example_dags/example_dag_decorator.py
[2026-08-19T12:33:47.036+0000] {logging_mixin.py:188} INFO - [2026-08-19T12:33:47.035+0000] {dag.py:3036} INFO - Sync 1 DAGs
[2026-08-19T12:33:47.045+0000] {logging_mixin.py:188} INFO - [2026-08-19T12:33:47.044+0000] {dag.py:3823} INFO - Setting next_dagrun for example_dag_decorator to None, run_after=None
[2026-08-19T12:33:47.067+0000] {processor.py:183} INFO - Processing /home/airflow/.local/lib/python3.8/site-packages/airflow/example_dags/example_dag_decorator.py took 0.216 seconds
[2026-08-19T12:34:17.223+0000] {processor.py:161} INFO - Started process (PID=2160) to work on /home/airflow/.local/lib/python3.8/site-packages/airflow/example_dags/example_dag_decorator.py
[2026-08-19T12:34:17.224+0000] {processor.py:830} INFO - Processing file /home/airflow/.local/lib/python3.8/site-packages/airflow/example_dags/example_dag_decorator.py for tasks to queue
[2026-08-19T12:34:17.226+0000] {logging_mixin.py:188} INFO - [2026-08-19T12:34:17.226+0000] {dagbag.py:538} INFO - Filling up the DagBag from /home/airflow/.local/lib/python3.8/site-packages/airflow/example_dags/example_dag_decorator.py
[2026-08-19T12:34:17.317+0000] {processor.py:840} INFO - DAG(s) 'example_dag_decorator' retrieved from /home/airflow/.local/lib/python3.8/site-packages/airflow/example_dags/example_dag_decorator.py
[2026-08-19T12:34:17.415+0000] {logging_mixin.py:188} INFO - [2026-08-19T12:34:17.415+0000] {dag.py:3036} INFO - Sync 1 DAGs
[2026-08-19T12:34:17.426+0000] {logging_mixin.py:188} INFO - [2026-08-19T12:34:17.425+0000] {dag.py:3823} INFO - Setting next_dagrun for example_dag_decorator to None, run_after=None
[2026-08-19T12:34:17.447+0000] {processor.py:183} INFO - Processing /home/airflow/.local/lib/python3.8/site-packages/airflow/example_dags/example_dag_decorator.py took 0.228 seconds
[2026-08-19T12:34:47.671+0000] {processor.py:161} INFO - Started process (PID=2244) to work on /home/airflow/.local/lib/python3.8/site-packages/airflow/example_dags/example_dag_decorator.py
[2026-08-19T12:34:47.672+0000] {processor.py:830} INFO - Processing file /home/airflow/.local/lib/python3.8/site-packages/airflow/example_dags/example_dag_decorator.py for tasks to queue
[2026-08-19T12:34:47.674+0000] {logging_mixin.py:188} INFO - [2026-08-19T12:34:47.674+0000] {dagbag.py:538} INFO - Filling up the DagBag from /home/airflow/.local/lib/python3.8/site-packages/airflow/example_dags/example_dag_decorator.py
[2026-08-19T12:34:47.760+0000] {processor.py:840} INFO - DAG(s) 'example_dag_decorator' retrieved from /home/airflow/.local/lib/python3.8/site-packages/airflow/example_dags/example_dag_decorator.py
[2026-08-19T12:34:47.873+0000] {logging_mixin.py:188} INFO - [2026-08-19T12:34:47.873+0000] {dag.py:3036} INFO - Sync 1 DAGs
[2026-08-19T12:34:47.885+0000] {logging_mixin.py:188} INFO - [2026-08-19T12:34:47.885+0000] {dag.py:3823} INFO - Setting next_dagrun for example_dag_decorator to None, run_after=None
[2026-08-19T12:34:47.909+0000] {processor.py:183} INFO - Processing /home/airflow/.local/lib/python3.8/site-packages/airflow/example_dags/example_dag_decorator.py took 0.241 seconds
[2026-08-19T12:35:18.136+0000] {processor.py:161} INFO - Started process (PID=2327) to work on /home/airflow/.local/lib/python3.8/site-packages/airflow/example_dags/example_dag_decorator.py
[2026-08-19T12:35:18.138+0000] {processor.py:830} INFO - Processing file /home/airflow/.local/lib/python3.8/site-packages/airflow/example_dags/example_dag_decorator.py for tasks to queue
[2026-08-19T12:35:18.141+0000] {logging_mixin.py:188} INFO - [2026-08-19T12:35:18.141+0000] {dagbag.py:538} INFO - Filling up the DagBag from /home/airflow/.local/lib/python3.8/site-packages/airflow/example_dags/example_dag_decorator.py
[2026-08-19T12:35:18.275+0000] {processor.py:840} INFO - DAG(s) 'example_dag_decorator' retrieved from /home/airflow/.local/lib/python3.8/site-packages/airflow/example_dags/example_dag_decorator.py
[2026-08-19T12:35:18.413+0000] {logging_mixin.py:188} INFO - [2026-08-19T12:35:18.412+0000] {dag.py:3036} INFO - Sync 1 DAGs
[2026-08-19T12:35:18.427+0000] {logging_mixin.py:188} INFO - [2026-08-19T12:35:18.426+0000] {dag.py:3823} INFO - Setting next_dagrun for example_dag_decorator to None, run_after=None
[2026-08-19T12:35:18.456+0000] {processor.py:183} INFO - Processing /home/airflow/.local/lib/python3.8/site-packages/airflow/example_dags/example_dag_decorator.py took 0.326 seconds
[2026-08-19T12:35:48.597+0000] {processor.py:161} INFO - Started process (PID=2412) to work on /home/airflow/.local/lib/python3.8/site-packages/airflow/example_dags/example_dag_decorator.py
[2026-08-19T12:35:48.598+0000] {processor.py:830} INFO - Processing file /home/airflow/.local/lib/python3.8/site-packages/airflow/example_dags/example_dag_decorator.py for tasks to queue
[2026-08-19T12:35:48.600+0000] {logging_mixin.py:188} INFO - [2026-08-19T12:35:48.600+0000] {dagbag.py:538} INFO - Filling up the DagBag from /home/airflow/.local/lib/python3.8/site-packages/airflow/example_dags/example_dag_decorator.py
[2026-08-19T12:35:48.697+0000] {processor.py:840} INFO - DAG(s) 'example_dag_decorator' retrieved from /home/airflow/.local/lib/python3.8/site-packages/airflow/example_dags/example_dag_decorator.py
[2026-08-19T12:35:48.810+0000] {logging_mixin.py:188} INFO - [2026-08-19T12:35:48.810+0000] {dag.py:3036} INFO - Sync 1 DAGs
[2026-08-19T12:35:48.821+0000] {logging_mixin.py:188} INFO - [2026-08-19T12:35:48.821+0000] {dag.py:3823} INFO - Setting next_dagrun for example_dag_decorator to None, run_after=None
[2026-08-19T12:35:48.843+0000] {processor.py:183} INFO - Processing /home/airflow/.local/lib/python3.8/site-packages/airflow/example_dags/example_dag_decorator.py took 0.250 seconds
[2026-08-19T12:36:18.941+0000] {processor.py:161} INFO - Started process (PID=2495) to work on /home/airflow/.local/lib/python3.8/site-packages/airflow/example_dags/example_dag_decorator.py
[2026-08-19T12:36:18.943+0000] {processor.py:830} INFO - Processing file /home/airflow/.local/lib/python3.8/site-packages/airflow/example_dags/example_dag_decorator.py for tasks to queue
[2026-08-19T12:36:18.946+0000] {logging_mixin.py:188} INFO - [2026-08-19T12:36:18.946+0000] {dagbag.py:538} INFO - Filling up the DagBag from /home/airflow/.local/lib/python3.8/site-packages/airflow/example_dags/example_dag_decorator.py
[2026-08-19T12:36:19.099+0000] {processor.py:840} INFO - DAG(s) 'example_dag_decorator' retrieved from /home/airflow/.local/lib/python3.8/site-packages/airflow/example_dags/example_dag_decorator.py
[2026-08-19T12:36:19.125+0000] {logging_mixin.py:188} INFO - [2026-08-19T12:36:19.125+0000] {dag.py:3036} INFO - Sync 1 DAGs
[2026-08-19T12:36:19.142+0000] {logging_mixin.py:188} INFO - [2026-08-19T12:36:19.142+0000] {dag.py:3823} INFO - Setting next_dagrun for example_dag_decorator to None, run_after=None
[2026-08-19T12:36:19.168+0000] {processor.py:183} INFO - Processing /home/airflow/.local/lib/python3.8/site-packages/airflow/example_dags/example_dag_decorator.py took 0.231 seconds
[2026-08-19T12:36:49.426+0000] {processor.py:161} INFO - Started process (PID=2580) to work on /home/airflow/.local/lib/python3.8/site-packages/airflow/example_dags/example_dag_decorator.py
[2026-08-19T12:36:49.428+0000] {processor.py:830} INFO - Processing file /home/airflow/.local/lib/python3.8/site-packages/airflow/example_dags/example_dag_decorator.py for tasks to queue
[2026-08-19T12:36:49.430+0000] {logging_mixin.py:188} INFO - [2026-08-19T12:36:49.430+0000] {dagbag.py:538} INFO - Filling up the DagBag from /home/airflow/.local/lib/python3.8/site-packages/airflow/example_dags/example_dag_decorator.py
[2026-08-19T12:36:49.544+0000] {processor.py:840} INFO - DAG(s) 'example_dag_decorator' retrieved from /home/airflow/.local/lib/python3.8/site-packages/airflow/example_dags/example_dag_decorator.py
[2026-08-19T12:36:49.681+0000] {logging_mixin.py:188} INFO - [2026-08-19T12:36:49.681+0000] {dag.py:3036} INFO - Sync 1 DAGs
[2026-08-19T12:36:49.692+0000] {logging_mixin.py:188} INFO - [2026-08-19T12:36:49.692+0000] {dag.py:3823} INFO - Setting next_dagrun for example_dag_decorator to None, run_after=None
[2026-08-19T12:36:49.718+0000] {processor.py:183} INFO - Processing /home/airflow/.local/lib/python3.8/site-packages/airflow/example_dags/example_dag_decorator.py took 0.295 seconds
[2026-08-19T12:37:19.817+0000] {processor.py:161} INFO - Started process (PID=2662) to work on /home/airflow/.local/lib/python3.8/site-packages/airflow/example_dags/example_dag_decorator.py
[2026-08-19T12:37:19.822+0000] {processor.py:830} INFO - Processing file /home/airflow/.local/lib/python3.8/site-packages/airflow/example_dags/example_dag_decorator.py for tasks to queue
[2026-08-19T12:37:19.827+0000] {logging_mixin.py:188} INFO - [2026-08-19T12:37:19.826+0000] {dagbag.py:538} INFO - Filling up the DagBag from /home/airflow/.local/lib/python3.8/site-packages/airflow/example_dags/example_dag_decorator.py
[2026-08-19T12:37:20.008+0000] {processor.py:840} INFO - DAG(s) 'example_dag_decorator' retrieved from /home/airflow/.local/lib/python3.8/site-packages/airflow/example_dags/example_dag_decorator.py
[2026-08-19T12:37:20.175+0000] {logging_mixin.py:188} INFO - [2026-08-19T12:37:20.175+0000] {dag.py:3036} INFO - Sync 1 DAGs
[2026-08-19T12:37:20.190+0000] {logging_mixin.py:188} INFO - [2026-08-19T12:37:20.189+0000] {dag.py:3823} INFO - Setting next_dagrun for example_dag_decorator to None, run_after=None
[2026-08-19T12:37:20.225+0000] {processor.py:183} INFO - Processing /home/airflow/.local/lib/python3.8/site-packages/airflow/example_dags/example_dag_decorator.py took 0.412 seconds
[2026-08-19T12:37:51.029+0000] {processor.py:161} INFO - Started process (PID=2745) to work on /home/airflow/.local/lib/python3.8/site-packages/airflow/example_dags/example_dag_decorator.py
[2026-08-19T12:37:51.030+0000] {processor.py:830} INFO - Processing file /home/airflow/.local/lib/python3.8/site-packages/airflow/example_dags/example_dag_decorator.py for tasks to queue
[2026-08-19T12:37:51.033+0000] {logging_mixin.py:188} INFO - [2026-08-19T12:37:51.032+0000] {dagbag.py:538} INFO - Filling up the DagBag from /home/airflow/.local/lib/python3.8/site-packages/airflow/example_dags/example_dag_decorator.py
[2026-08-19T12:37:51.128+0000] {processor.py:840} INFO - DAG(s) 'example_dag_decorator' retrieved from /home/airflow/.local/lib/python3.8/site-packages/airflow/example_dags/example_dag_decorator.py
[2026-08-19T12:37:51.240+0000] {logging_mixin.py:188} INFO - [2026-08-19T12:37:51.240+0000] {dag.py:3036} INFO - Sync 1 DAGs
[2026-08-19T12:37:51.250+0000] {logging_mixin.py:188} INFO - [2026-08-19T12:37:51.250+0000] {dag.py:3823} INFO - Setting next_dagrun for example_dag_decorator to None, run_after=None
[2026-08-19T12:37:51.273+0000] {processor.py:183} INFO - Processing /home/airflow/.local/lib/python3.8/site-packages/airflow/example_dags/example_dag_decorator.py took 0.248 seconds
[2026-08-19T12:38:21.330+0000] {processor.py:161} INFO - Started process (PID=2829) to work on /home/airflow/.local/lib/python3.8/site-packages/airflow/example_dags/example_dag_decorator.py
[2026-08-19T12:38:21.331+0000] {processor.py:830} INFO - Processing file /home/airflow/.local/lib/python3.8/site-packages/airflow/example_dags/example_dag_decorator.py for tasks to queue
[2026-08-19T12:38:21.333+0000] {logging_mixin.py:188} INFO - [2026-08-19T12:38:21.333+0000] {dagbag.py:538} INFO - Filling up the DagBag from /home/airflow/.local/lib/python3.8/site-packages/airflow/example_dags/example_dag_decorator.py
[2026-08-19T12:38:21.418+0000] {processor.py:840} INFO - DAG(s) 'example_dag_decorator' retrieved from /home/airflow/.local/lib/python3.8/site-packages/airflow/example_dags/example_dag_decorator.py
[2026-08-19T12:38:21.517+0000] {logging_mixin.py:188} INFO - [2026-08-19T12:38:21.516+0000] {dag.py:3036} INFO - Sync 1 DAGs
[2026-08-19T12:38:21.529+0000] {logging_mixin.py:188} INFO - [2026-08-19T12:38:21.528+0000] {dag.py:3823} INFO - Setting next_dagrun for example_dag_decorator to None, run_after=None
[2026-08-19T12:38:21.550+0000] {processor.py:183} INFO - Processing /home/airflow/.local/lib/python3.8/site-packages/airflow/example_dags/example_dag_decorator.py took 0.223 seconds
[2026-08-19T12:38:51.647+0000] {processor.py:161} INFO - Started process (PID=2913) to work on /home/airflow/.local/lib/python3.8/site-packages/airflow/example_dags/example_dag_decorator.py
[2026-08-19T12:38:51.649+0000] {processor.py:830} INFO - Processing file /home/airflow/.local/lib/python3.8/site-packages/airflow/example_dags/example_dag_decorator.py for tasks to queue
[2026-08-19T12:38:51.651+0000] {logging_mixin.py:188} INFO - [2026-08-19T12:38:51.651+0000] {dagbag.py:538} INFO - Filling up the DagBag from /home/airflow/.local/lib/python3.8/site-packages/airflow/example_dags/example_dag_decorator.py
[2026-08-19T12:38:51.743+0000] {processor.py:840} INFO - DAG(s) 'example_dag_decorator' retrieved from /home/airflow/.local/lib/python3.8/site-packages/airflow/example_dags/example_dag_decorator.py
[2026-08-19T12:38:51.844+0000] {logging_mixin.py:188} INFO - [2026-08-19T12:38:51.844+0000] {dag.py:3036} INFO - Sync 1 DAGs
[2026-08-19T12:38:51.855+0000] {logging_mixin.py:188} INFO - [2026-08-19T12:38:51.855+0000] {dag.py:3823} INFO - Setting next_dagrun for example_dag_decorator to None, run_after=None
[2026-08-19T12:38:51.877+0000] {processor.py:183} INFO - Processing /home/airflow/.local/lib/python3.8/site-packages/airflow/example_dags/example_dag_decorator.py took 0.233 seconds
[2026-08-19T12:39:21.987+0000] {processor.py:161} INFO - Started process (PID=2997) to work on /home/airflow/.local/lib/python3.8/site-packages/airflow/example_dags/example_dag_decorator.py
[2026-08-19T12:39:21.988+0000] {processor.py:830} INFO - Processing file /home/airflow/.local/lib/python3.8/site-packages/airflow/example_dags/example_dag_decorator.py for tasks to queue
[2026-08-19T12:39:21.990+0000] {logging_mixin.py:188} INFO - [2026-08-19T12:39:21.990+0000] {dagbag.py:538} INFO - Filling up the DagBag from /home/airflow/.local/lib/python3.8/site-packages/airflow/example_dags/example_dag_decorator.py
[2026-08-19T12:39:22.071+0000] {processor.py:840} INFO - DAG(s) 'example_dag_decorator' retrieved from /home/airflow/.local/lib/python3.8/site-packages/airflow/example_dags/example_dag_decorator.py
[2026-08-19T12:39:22.168+0000] {logging_mixin.py:188} INFO - [2026-08-19T12:39:22.168+0000] {dag.py:3036} INFO - Sync 1 DAGs
[2026-08-19T12:39:22.177+0000] {logging_mixin.py:188} INFO - [2026-08-19T12:39:22.177+0000] {dag.py:3823} INFO - Setting next_dagrun for example_dag_decorator to None, run_after=None
[2026-08-19T12:39:22.200+0000] {processor.py:183} INFO - Processing /home/airflow/.local/lib/python3.8/site-packages/airflow/example_dags/example_dag_decorator.py took 0.217 seconds
[2026-08-19T12:39:52.708+0000] {processor.py:161} INFO - Started process (PID=3072) to work on /home/airflow/.local/lib/python3.8/site-packages/airflow/example_dags/example_dag_decorator.py
[2026-08-19T12:39:52.710+0000] {processor.py:830} INFO - Processing file /home/airflow/.local/lib/python3.8/site-packages/airflow/example_dags/example_dag_decorator.py for tasks to queue
[2026-08-19T12:39:52.714+0000] {logging_mixin.py:188} INFO - [2026-08-19T12:39:52.714+0000] {dagbag.py:538} INFO - Filling up the DagBag from /home/airflow/.local/lib/python3.8/site-packages/airflow/example_dags/example_dag_decorator.py
[2026-08-19T12:39:52.953+0000] {processor.py:840} INFO - DAG(s) 'example_dag_decorator' retrieved from /home/airflow/.local/lib/python3.8/site-packages/airflow/example_dags/example_dag_decorator.py
[2026-08-19T12:39:53.162+0000] {logging_mixin.py:188} INFO - [2026-08-19T12:39:53.160+0000] {dag.py:3036} INFO - Sync 1 DAGs
[2026-08-19T12:39:53.185+0000] {logging_mixin.py:188} INFO - [2026-08-19T12:39:53.185+0000] {dag.py:3823} INFO - Setting next_dagrun for example_dag_decorator to None, run_after=None
[2026-08-19T12:39:53.223+0000] {processor.py:183} INFO - Processing /home/airflow/.local/lib/python3.8/site-packages/airflow/example_dags/example_dag_decorator.py took 0.523 seconds
[2026-08-19T12:40:23.580+0000] {processor.py:161} INFO - Started process (PID=3155) to work on /home/airflow/.local/lib/python3.8/site-packages/airflow/example_dags/example_dag_decorator.py
[2026-08-19T12:40:23.581+0000] {processor.py:830} INFO - Processing file /home/airflow/.local/lib/python3.8/site-packages/airflow/example_dags/example_dag_decorator.py for tasks to queue
[2026-08-19T12:40:23.584+0000] {logging_mixin.py:188} INFO - [2026-08-19T12:40:23.584+0000] {dagbag.py:538} INFO - Filling up the DagBag from /home/airflow/.local/lib/python3.8/site-packages/airflow/example_dags/example_dag_decorator.py
[2026-08-19T12:40:23.713+0000] {processor.py:840} INFO - DAG(s) 'example_dag_decorator' retrieved from /home/airflow/.local/lib/python3.8/site-packages/airflow/example_dags/example_dag_decorator.py
[2026-08-19T12:40:23.847+0000] {logging_mixin.py:188} INFO - [2026-08-19T12:40:23.847+0000] {dag.py:3036} INFO - Sync 1 DAGs
[2026-08-19T12:40:23.862+0000] {logging_mixin.py:188} INFO - [2026-08-19T12:40:23.861+0000] {dag.py:3823} INFO - Setting next_dagrun for example_dag_decorator to None, run_after=None
[2026-08-19T12:40:23.889+0000] {processor.py:183} INFO - Processing /home/airflow/.local/lib/python3.8/site-packages/airflow/example_dags/example_dag_decorator.py took 0.314 seconds
[2026-08-19T12:40:54.776+0000] {processor.py:161} INFO - Started process (PID=3238) to work on /home/airflow/.local/lib/python3.8/site-packages/airflow/example_dags/example_dag_decorator.py
[2026-08-19T12:40:54.777+0000] {processor.py:830} INFO - Processing file /home/airflow/.local/lib/python3.8/site-packages/airflow/example_dags/example_dag_decorator.py for tasks to queue
[2026-08-19T12:40:54.780+0000] {logging_mixin.py:188} INFO - [2026-08-19T12:40:54.779+0000] {dagbag.py:538} INFO - Filling up the DagBag from /home/airflow/.local/lib/python3.8/site-packages/airflow/example_dags/example_dag_decorator.py
[2026-08-19T12:40:54.883+0000] {processor.py:840} INFO - DAG(s) 'example_dag_decorator' retrieved from /home/airflow/.local/lib/python3.8/site-packages/airflow/example_dags/example_dag_decorator.py
[2026-08-19T12:40:54.990+0000] {logging_mixin.py:188} INFO - [2026-08-19T12:40:54.989+0000] {dag.py:3036} INFO - Sync 1 DAGs
[2026-08-19T12:40:55.001+0000] {logging_mixin.py:188} INFO - [2026-08-19T12:40:55.001+0000] {dag.py:3823} INFO - Setting next_dagrun for example_dag_decorator to None, run_after=None
[2026-08-19T12:40:55.025+0000] {processor.py:183} INFO - Processing /home/airflow/.local/lib/python3.8/site-packages/airflow/example_dags/example_dag_decorator.py took 0.254 seconds
[2026-08-19T12:41:26.153+0000] {processor.py:161} INFO - Started process (PID=3325) to work on /home/airflow/.local/lib/python3.8/site-packages/airflow/example_dags/example_dag_decorator.py
[2026-08-19T12:41:26.155+0000] {processor.py:830} INFO - Processing file /home/airflow/.local/lib/python3.8/site-packages/airflow/example_dags/example_dag_decorator.py for tasks to queue
[2026-08-19T12:41:26.157+0000] {logging_mixin.py:188} INFO - [2026-08-19T12:41:26.156+0000] {dagbag.py:538} INFO - Filling up the DagBag from /home/airflow/.local/lib/python3.8/site-packages/airflow/example_dags/example_dag_decorator.py
[2026-08-19T12:41:26.255+0000] {processor.py:840} INFO - DAG(s) 'example_dag_decorator' retrieved from /home/airflow/.local/lib/python3.8/site-packages/airflow/example_dags/example_dag_decorator.py
[2026-08-19T12:41:26.568+0000] {logging_mixin.py:188} INFO - [2026-08-19T12:41:26.568+0000] {dag.py:3036} INFO - Sync 1 DAGs
[2026-08-19T12:41:26.577+0000] {logging_mixin.py:188} INFO - [2026-08-19T12:41:26.577+0000] {dag.py:3823} INFO - Setting next_dagrun for example_dag_decorator to None, run_after=None
[2026-08-19T12:41:26.603+0000] {processor.py:183} INFO - Processing /home/airflow/.local/lib/python3.8/site-packages/airflow/example_dags/example_dag_decorator.py took 0.454 seconds
[2026-08-19T12:41:57.184+0000] {processor.py:161} INFO - Started process (PID=3409) to work on /home/airflow/.local/lib/python3.8/site-packages/airflow/example_dags/example_dag_decorator.py
[2026-08-19T12:41:57.186+0000] {processor.py:830} INFO - Processing file /home/airflow/.local/lib/python3.8/site-packages/airflow/example_dags/example_dag_decorator.py for tasks to queue
[2026-08-19T12:41:57.188+0000] {logging_mixin.py:188} INFO - [2026-08-19T12:41:57.188+0000] {dagbag.py:538} INFO - Filling up the DagBag from /home/airflow/.local/lib/python3.8/site-packages/airflow/example_dags/example_dag_decorator.py
[2026-08-19T12:41:57.290+0000] {processor.py:840} INFO - DAG(s) 'example_dag_decorator' retrieved from /home/airflow/.local/lib/python3.8/site-packages/airflow/example_dags/example_dag_decorator.py
[2026-08-19T12:41:57.560+0000] {logging_mixin.py:188} INFO - [2026-08-19T12:41:57.560+0000] {dag.py:3036} INFO - Sync 1 DAGs
[2026-08-19T12:41:57.570+0000] {logging_mixin.py:188} INFO - [2026-08-19T12:41:57.570+0000] {dag.py:3823} INFO - Setting next_dagrun for example_dag_decorator to None, run_after=None
[2026-08-19T12:41:57.593+0000] {processor.py:183} INFO - Processing /home/airflow/.local/lib/python3.8/site-packages/airflow/example_dags/example_dag_decorator.py took 0.412 seconds
[2026-08-19T12:42:27.706+0000] {processor.py:161} INFO - Started process (PID=3495) to work on /home/airflow/.local/lib/python3.8/site-packages/airflow/example_dags/example_dag_decorator.py
[2026-08-19T12:42:27.708+0000] {processor.py:830} INFO - Processing file /home/airflow/.local/lib/python3.8/site-packages/airflow/example_dags/example_dag_decorator.py for tasks to queue
[2026-08-19T12:42:27.710+0000] {logging_mixin.py:188} INFO - [2026-08-19T12:42:27.710+0000] {dagbag.py:538} INFO - Filling up the DagBag from /home/airflow/.local/lib/python3.8/site-packages/airflow/example_dags/example_dag_decorator.py
[2026-08-19T12:42:27.809+0000] {processor.py:840} INFO - DAG(s) 'example_dag_decorator' retrieved from /home/airflow/.local/lib/python3.8/site-packages/airflow/example_dags/example_dag_decorator.py
[2026-08-19T12:42:28.093+0000] {logging_mixin.py:188} INFO - [2026-08-19T12:42:28.092+0000] {dag.py:3036} INFO - Sync 1 DAGs
[2026-08-19T12:42:28.108+0000] {logging_mixin.py:188} INFO - [2026-08-19T12:42:28.107+0000] {dag.py:3823} INFO - Setting next_dagrun for example_dag_decorator to None, run_after=None
[2026-08-19T12:42:28.135+0000] {processor.py:183} INFO - Processing /home/airflow/.local/lib/python3.8/site-packages/airflow/example_dags/example_dag_decorator.py took 0.432 seconds
[2026-08-19T12:42:59.466+0000] {processor.py:161} INFO - Started process (PID=3578) to work on /home/airflow/.local/lib/python3.8/site-packages/airflow/example_dags/example_dag_decorator.py
[2026-08-19T12:42:59.467+0000] {processor.py:830} INFO - Processing file /home/airflow/.local/lib/python3.8/site-packages/airflow/example_dags/example_dag_decorator.py for tasks to queue
[2026-08-19T12:42:59.470+0000] {logging_mixin.py:188} INFO - [2026-08-19T12:42:59.470+0000] {dagbag.py:538} INFO - Filling up the DagBag from /home/airflow/.local/lib/python3.8/site-packages/airflow/example_dags/example_dag_decorator.py
[2026-08-19T12:42:59.693+0000] {processor.py:840} INFO - DAG(s) 'example_dag_decorator' retrieved from /home/airflow/.local/lib/python3.8/site-packages/airflow/example_dags/example_dag_decorator.py
[2026-08-19T12:42:59.785+0000] {logging_mixin.py:188} INFO - [2026-08-19T12:42:59.785+0000] {dag.py:3036} INFO - Sync 1 DAGs
[2026-08-19T12:42:59.794+0000] {logging_mixin.py:188} INFO - [2026-08-19T12:42:59.794+0000] {dag.py:3823} INFO - Setting next_dagrun for example_dag_decorator to None, run_after=None
[2026-08-19T12:42:59.814+0000] {processor.py:183} INFO - Processing /home/airflow/.local/lib/python3.8/site-packages/airflow/example_dags/example_dag_decorator.py took 0.352 seconds
[2026-08-19T12:43:31.851+0000] {processor.py:161} INFO - Started process (PID=3657) to work on /home/airflow/.local/lib/python3.8/site-packages/airflow/example_dags/example_dag_decorator.py
[2026-08-19T12:43:31.857+0000] {processor.py:830} INFO - Processing file /home/airflow/.local/lib/python3.8/site-packages/airflow/example_dags/example_dag_decorator.py for tasks to queue
[2026-08-19T12:43:31.862+0000] {logging_mixin.py:188} INFO - [2026-08-19T12:43:31.862+0000] {dagbag.py:538} INFO - Filling up the DagBag from /home/airflow/.local/lib/python3.8/site-packages/airflow/example_dags/example_dag_decorator.py
[2026-08-19T12:43:32.288+0000] {processor.py:840} INFO - DAG(s) 'example_dag_decorator' retrieved from /home/airflow/.local/lib/python3.8/site-packages/airflow/example_dags/example_dag_decorator.py
[2026-08-19T12:43:32.495+0000] {logging_mixin.py:188} INFO - [2026-08-19T12:43:32.495+0000] {dag.py:3036} INFO - Sync 1 DAGs
[2026-08-19T12:43:32.513+0000] {logging_mixin.py:188} INFO - [2026-08-19T12:43:32.513+0000] {dag.py:3823} INFO - Setting next_dagrun for example_dag_decorator to None, run_after=None
[2026-08-19T12:43:32.549+0000] {processor.py:183} INFO - Processing /home/airflow/.local/lib/python3.8/site-packages/airflow/example_dags/example_dag_decorator.py took 0.706 seconds
[2026-08-19T12:44:10.919+0000] {processor.py:161} INFO - Started process (PID=3742) to work on /home/airflow/.local/lib/python3.8/site-packages/airflow/example_dags/example_dag_decorator.py
[2026-08-19T12:44:10.925+0000] {processor.py:830} INFO - Processing file /home/airflow/.local/lib/python3.8/site-packages/airflow/example_dags/example_dag_decorator.py for tasks to queue
[2026-08-19T12:44:10.928+0000] {logging_mixin.py:188} INFO - [2026-08-19T12:44:10.928+0000] {dagbag.py:538} INFO - Filling up the DagBag from /home/airflow/.local/lib/python3.8/site-packages/airflow/example_dags/example_dag_decorator.py
[2026-08-19T12:44:11.300+0000] {processor.py:840} INFO - DAG(s) 'example_dag_decorator' retrieved from /home/airflow/.local/lib/python3.8/site-packages/airflow/example_dags/example_dag_decorator.py
[2026-08-19T12:44:11.431+0000] {logging_mixin.py:188} INFO - [2026-08-19T12:44:11.430+0000] {dag.py:3036} INFO - Sync 1 DAGs
[2026-08-19T12:44:11.443+0000] {logging_mixin.py:188} INFO - [2026-08-19T12:44:11.443+0000] {dag.py:3823} INFO - Setting next_dagrun for example_dag_decorator to None, run_after=None
[2026-08-19T12:44:11.525+0000] {processor.py:183} INFO - Processing /home/airflow/.local/lib/python3.8/site-packages/airflow/example_dags/example_dag_decorator.py took 0.611 seconds
[2026-08-19T12:44:42.041+0000] {processor.py:161} INFO - Started process (PID=3827) to work on /home/airflow/.local/lib/python3.8/site-packages/airflow/example_dags/example_dag_decorator.py
[2026-08-19T12:44:42.042+0000] {processor.py:830} INFO - Processing file /home/airflow/.local/lib/python3.8/site-packages/airflow/example_dags/example_dag_decorator.py for tasks to queue
[2026-08-19T12:44:42.044+0000] {logging_mixin.py:188} INFO - [2026-08-19T12:44:42.044+0000] {dagbag.py:538} INFO - Filling up the DagBag from /home/airflow/.local/lib/python3.8/site-packages/airflow/example_dags/example_dag_decorator.py
[2026-08-19T12:44:42.137+0000] {processor.py:840} INFO - DAG(s) 'example_dag_decorator' retrieved from /home/airflow/.local/lib/python3.8/site-packages/airflow/example_dags/example_dag_decorator.py
[2026-08-19T12:44:42.255+0000] {logging_mixin.py:188} INFO - [2026-08-19T12:44:42.254+0000] {dag.py:3036} INFO - Sync 1 DAGs
[2026-08-19T12:44:42.268+0000] {logging_mixin.py:188} INFO - [2026-08-19T12:44:42.267+0000] {dag.py:3823} INFO - Setting next_dagrun for example_dag_decorator to None, run_after=None
[2026-08-19T12:44:42.297+0000] {processor.py:183} INFO - Processing /home/airflow/.local/lib/python3.8/site-packages/airflow/example_dags/example_dag_decorator.py took 0.260 seconds
[2026-08-19T12:45:12.449+0000] {processor.py:161} INFO - Started process (PID=3922) to work on /home/airflow/.local/lib/python3.8/site-packages/airflow/example_dags/example_dag_decorator.py
[2026-08-19T12:45:12.450+0000] {processor.py:830} INFO - Processing file /home/airflow/.local/lib/python3.8/site-packages/airflow/example_dags/example_dag_decorator.py for tasks to queue
[2026-08-19T12:45:12.453+0000] {logging_mixin.py:188} INFO - [2026-08-19T12:45:12.452+0000] {dagbag.py:538} INFO - Filling up the DagBag from /home/airflow/.local/lib/python3.8/site-packages/airflow/example_dags/example_dag_decorator.py
[2026-08-19T12:45:12.535+0000] {processor.py:840} INFO - DAG(s) 'example_dag_decorator' retrieved from /home/airflow/.local/lib/python3.8/site-packages/airflow/example_dags/example_dag_decorator.py
[2026-08-19T12:45:12.619+0000] {logging_mixin.py:188} INFO - [2026-08-19T12:45:12.619+0000] {dag.py:3036} INFO - Sync 1 DAGs
[2026-08-19T12:45:12.628+0000] {logging_mixin.py:188} INFO - [2026-08-19T12:45:12.627+0000] {dag.py:3823} INFO - Setting next_dagrun for example_dag_decorator to None, run_after=None
[2026-08-19T12:45:12.645+0000] {processor.py:183} INFO - Processing /home/airflow/.local/lib/python3.8/site-packages/airflow/example_dags/example_dag_decorator.py took 0.201 seconds
[2026-08-19T12:45:42.707+0000] {processor.py:161} INFO - Started process (PID=4005) to work on /home/airflow/.local/lib/python3.8/site-packages/airflow/example_dags/example_dag_decorator.py
[2026-08-19T12:45:42.708+0000] {processor.py:830} INFO - Processing file /home/airflow/.local/lib/python3.8/site-packages/airflow/example_dags/example_dag_decorator.py for tasks to queue
[2026-08-19T12:45:42.711+0000] {logging_mixin.py:188} INFO - [2026-08-19T12:45:42.711+0000] {dagbag.py:538} INFO - Filling up the DagBag from /home/airflow/.local/lib/python3.8/site-packages/airflow/example_dags/example_dag_decorator.py
[2026-08-19T12:45:42.804+0000] {processor.py:840} INFO - DAG(s) 'example_dag_decorator' retrieved from /home/airflow/.local/lib/python3.8/site-packages/airflow/example_dags/example_dag_decorator.py
[2026-08-19T12:45:42.900+0000] {logging_mixin.py:188} INFO - [2026-08-19T12:45:42.899+0000] {dag.py:3036} INFO - Sync 1 DAGs
[2026-08-19T12:45:42.910+0000] {logging_mixin.py:188} INFO - [2026-08-19T12:45:42.909+0000] {dag.py:3823} INFO - Setting next_dagrun for example_dag_decorator to None, run_after=None
[2026-08-19T12:45:42.931+0000] {processor.py:183} INFO - Processing /home/airflow/.local/lib/python3.8/site-packages/airflow/example_dags/example_dag_decorator.py took 0.229 seconds
[2026-08-19T12:46:13.119+0000] {processor.py:161} INFO - Started process (PID=4088) to work on /home/airflow/.local/lib/python3.8/site-packages/airflow/example_dags/example_dag_decorator.py
[2026-08-19T12:46:13.121+0000] {processor.py:830} INFO - Processing file /home/airflow/.local/lib/python3.8/site-packages/airflow/example_dags/example_dag_decorator.py for tasks to queue
[2026-08-19T12:46:13.123+0000] {logging_mixin.py:188} INFO - [2026-08-19T12:46:13.123+0000] {dagbag.py:538} INFO - Filling up the DagBag from /home/airflow/.local/lib/python3.8/site-packages/airflow/example_dags/example_dag_decorator.py
[2026-08-19T12:46:13.220+0000] {processor.py:840} INFO - DAG(s) 'example_dag_decorator' retrieved from /home/airflow/.local/lib/python3.8/site-packages/airflow/example_dags/example_dag_decorator.py
[2026-08-19T12:46:13.341+0000] {logging_mixin.py:188} INFO - [2026-08-19T12:46:13.341+0000] {dag.py:3036} INFO - Sync 1 DAGs
[2026-08-19T12:46:13.352+0000] {logging_mixin.py:188} INFO - [2026-08-19T12:46:13.352+0000] {dag.py:3823} INFO - Setting next_dagrun for example_dag_decorator to None, run_after=None
[2026-08-19T12:46:13.389+0000] {processor.py:183} INFO - Processing /home/airflow/.local/lib/python3.8/site-packages/airflow/example_dags/example_dag_decorator.py took 0.274 seconds
[2026-08-19T12:46:43.899+0000] {processor.py:161} INFO - Started process (PID=4169) to work on /home/airflow/.local/lib/python3.8/site-packages/airflow/example_dags/example_dag_decorator.py
[2026-08-19T12:46:43.900+0000] {processor.py:830} INFO - Processing file /home/airflow/.local/lib/python3.8/site-packages/airflow/example_dags/example_dag_decorator.py for tasks to queue
[2026-08-19T12:46:43.903+0000] {logging_mixin.py:188} INFO - [2026-08-19T12:46:43.902+0000] {dagbag.py:538} INFO - Filling up the DagBag from /home/airflow/.local/lib/python3.8/site-packages/airflow/example_dags/example_dag_decorator.py
[2026-08-19T12:46:43.989+0000] {processor.py:840} INFO - DAG(s) 'example_dag_decorator' retrieved from /home/airflow/.local/lib/python3.8/site-packages/airflow/example_dags/example_dag_decorator.py
[2026-08-19T12:46:44.090+0000] {logging_mixin.py:188} INFO - [2026-08-19T12:46:44.089+0000] {dag.py:3036} INFO - Sync 1 DAGs
[2026-08-19T12:46:44.100+0000] {logging_mixin.py:188} INFO - [2026-08-19T12:46:44.100+0000] {dag.py:3823} INFO - Setting next_dagrun for example_dag_decorator to None, run_after=None
[2026-08-19T12:46:44.120+0000] {processor.py:183} INFO - Processing /home/airflow/.local/lib/python3.8/site-packages/airflow/example_dags/example_dag_decorator.py took 0.225 seconds
[2026-08-19T12:47:14.203+0000] {processor.py:161} INFO - Started process (PID=4252) to work on /home/airflow/.local/lib/python3.8/site-packages/airflow/example_dags/example_dag_decorator.py
[2026-08-19T12:47:14.205+0000] {processor.py:830} INFO - Processing file /home/airflow/.local/lib/python3.8/site-packages/airflow/example_dags/example_dag_decorator.py for tasks to queue
[2026-08-19T12:47:14.207+0000] {logging_mixin.py:188} INFO - [2026-08-19T12:47:14.207+0000] {dagbag.py:538} INFO - Filling up the DagBag from /home/airflow/.local/lib/python3.8/site-packages/airflow/example_dags/example_dag_decorator.py
[2026-08-19T12:47:14.297+0000] {processor.py:840} INFO - DAG(s) 'example_dag_decorator' retrieved from /home/airflow/.local/lib/python3.8/site-packages/airflow/example_dags/example_dag_decorator.py
[2026-08-19T12:47:14.321+0000] {logging_mixin.py:188} INFO - [2026-08-19T12:47:14.321+0000] {dag.py:3036} INFO - Sync 1 DAGs
[2026-08-19T12:47:14.333+0000] {logging_mixin.py:188} INFO - [2026-08-19T12:47:14.332+0000] {dag.py:3823} INFO - Setting next_dagrun for example_dag_decorator to None, run_after=None
[2026-08-19T12:47:14.352+0000] {processor.py:183} INFO - Processing /home/airflow/.local/lib/python3.8/site-packages/airflow/example_dags/example_dag_decorator.py took 0.153 seconds
[2026-08-19T12:47:45.176+0000] {processor.py:161} INFO - Started process (PID=4337) to work on /home/airflow/.local/lib/python3.8/site-packages/airflow/example_dags/example_dag_decorator.py
[2026-08-19T12:47:45.178+0000] {processor.py:830} INFO - Processing file /home/airflow/.local/lib/python3.8/site-packages/airflow/example_dags/example_dag_decorator.py for tasks to queue
[2026-08-19T12:47:45.180+0000] {logging_mixin.py:188} INFO - [2026-08-19T12:47:45.180+0000] {dagbag.py:538} INFO - Filling up the DagBag from /home/airflow/.local/lib/python3.8/site-packages/airflow/example_dags/example_dag_decorator.py
[2026-08-19T12:47:45.265+0000] {processor.py:840} INFO - DAG(s) 'example_dag_decorator' retrieved from /home/airflow/.local/lib/python3.8/site-packages/airflow/example_dags/example_dag_decorator.py
[2026-08-19T12:47:45.367+0000] {logging_mixin.py:188} INFO - [2026-08-19T12:47:45.366+0000] {dag.py:3036} INFO - Sync 1 DAGs
[2026-08-19T12:47:45.379+0000] {logging_mixin.py:188} INFO - [2026-08-19T12:47:45.378+0000] {dag.py:3823} INFO - Setting next_dagrun for example_dag_decorator to None, run_after=None
[2026-08-19T12:47:45.402+0000] {processor.py:183} INFO - Processing /home/airflow/.local/lib/python3.8/site-packages/airflow/example_dags/example_dag_decorator.py took 0.229 seconds
[2026-08-19T12:48:15.647+0000] {processor.py:161} INFO - Started process (PID=4420) to work on /home/airflow/.local/lib/python3.8/site-packages/airflow/example_dags/example_dag_decorator.py
[2026-08-19T12:48:15.648+0000] {processor.py:830} INFO - Processing file /home/airflow/.local/lib/python3.8/site-packages/airflow/example_dags/example_dag_decorator.py for tasks to queue
[2026-08-19T12:48:15.650+0000] {logging_mixin.py:188} INFO - [2026-08-19T12:48:15.650+0000] {dagbag.py:538} INFO - Filling up the DagBag from /home/airflow/.local/lib/python3.8/site-packages/airflow/example_dags/example_dag_decorator.py
[2026-08-19T12:48:15.746+0000] {processor.py:840} INFO - DAG(s) 'example_dag_decorator' retrieved from /home/airflow/.local/lib/python3.8/site-packages/airflow/example_dags/example_dag_decorator.py
[2026-08-19T12:48:15.854+0000] {logging_mixin.py:188} INFO - [2026-08-19T12:48:15.853+0000] {dag.py:3036} INFO - Sync 1 DAGs
[2026-08-19T12:48:15.866+0000] {logging_mixin.py:188} INFO - [2026-08-19T12:48:15.866+0000] {dag.py:3823} INFO - Setting next_dagrun for example_dag_decorator to None, run_after=None
[2026-08-19T12:48:15.888+0000] {processor.py:183} INFO - Processing /home/airflow/.local/lib/python3.8/site-packages/airflow/example_dags/example_dag_decorator.py took 0.244 seconds
[2026-08-19T12:48:46.615+0000] {processor.py:161} INFO - Started process (PID=4503) to work on /home/airflow/.local/lib/python3.8/site-packages/airflow/example_dags/example_dag_decorator.py
[2026-08-19T12:48:46.618+0000] {processor.py:830} INFO - Processing file /home/airflow/.local/lib/python3.8/site-packages/airflow/example_dags/example_dag_decorator.py for tasks to queue
[2026-08-19T12:48:46.622+0000] {logging_mixin.py:188} INFO - [2026-08-19T12:48:46.622+0000] {dagbag.py:538} INFO - Filling up the DagBag from /home/airflow/.local/lib/python3.8/site-packages/airflow/example_dags/example_dag_decorator.py
[2026-08-19T12:48:46.742+0000] {processor.py:840} INFO - DAG(s) 'example_dag_decorator' retrieved from /home/airflow/.local/lib/python3.8/site-packages/airflow/example_dags/example_dag_decorator.py
[2026-08-19T12:48:46.872+0000] {logging_mixin.py:188} INFO - [2026-08-19T12:48:46.871+0000] {dag.py:3036} INFO - Sync 1 DAGs
[2026-08-19T12:48:46.884+0000] {logging_mixin.py:188} INFO - [2026-08-19T12:48:46.884+0000] {dag.py:3823} INFO - Setting next_dagrun for example_dag_decorator to None, run_after=None
[2026-08-19T12:48:46.910+0000] {processor.py:183} INFO - Processing /home/airflow/.local/lib/python3.8/site-packages/airflow/example_dags/example_dag_decorator.py took 0.300 seconds
[2026-08-19T12:49:17.163+0000] {processor.py:161} INFO - Started process (PID=4586) to work on /home/airflow/.local/lib/python3.8/site-packages/airflow/example_dags/example_dag_decorator.py
[2026-08-19T12:49:17.166+0000] {processor.py:830} INFO - Processing file /home/airflow/.local/lib/python3.8/site-packages/airflow/example_dags/example_dag_decorator.py for tasks to queue
[2026-08-19T12:49:17.174+0000] {logging_mixin.py:188} INFO - [2026-08-19T12:49:17.173+0000] {dagbag.py:538} INFO - Filling up the DagBag from /home/airflow/.local/lib/python3.8/site-packages/airflow/example_dags/example_dag_decorator.py
[2026-08-19T12:49:17.453+0000] {processor.py:840} INFO - DAG(s) 'example_dag_decorator' retrieved from /home/airflow/.local/lib/python3.8/site-packages/airflow/example_dags/example_dag_decorator.py
[2026-08-19T12:49:17.753+0000] {logging_mixin.py:188} INFO - [2026-08-19T12:49:17.752+0000] {dag.py:3036} INFO - Sync 1 DAGs
[2026-08-19T12:49:17.789+0000] {logging_mixin.py:188} INFO - [2026-08-19T12:49:17.788+0000] {dag.py:3823} INFO - Setting next_dagrun for example_dag_decorator to None, run_after=None
[2026-08-19T12:49:17.858+0000] {processor.py:183} INFO - Processing /home/airflow/.local/lib/python3.8/site-packages/airflow/example_dags/example_dag_decorator.py took 0.700 seconds
[2026-08-19T12:49:47.943+0000] {processor.py:161} INFO - Started process (PID=4673) to work on /home/airflow/.local/lib/python3.8/site-packages/airflow/example_dags/example_dag_decorator.py
[2026-08-19T12:49:47.945+0000] {processor.py:830} INFO - Processing file /home/airflow/.local/lib/python3.8/site-packages/airflow/example_dags/example_dag_decorator.py for tasks to queue
[2026-08-19T12:49:47.947+0000] {logging_mixin.py:188} INFO - [2026-08-19T12:49:47.947+0000] {dagbag.py:538} INFO - Filling up the DagBag from /home/airflow/.local/lib/python3.8/site-packages/airflow/example_dags/example_dag_decorator.py
[2026-08-19T12:49:48.026+0000] {processor.py:840} INFO - DAG(s) 'example_dag_decorator' retrieved from /home/airflow/.local/lib/python3.8/site-packages/airflow/example_dags/example_dag_decorator.py
[2026-08-19T12:49:48.120+0000] {logging_mixin.py:188} INFO - [2026-08-19T12:49:48.120+0000] {dag.py:3036} INFO - Sync 1 DAGs
[2026-08-19T12:49:48.129+0000] {logging_mixin.py:188} INFO - [2026-08-19T12:49:48.129+0000] {dag.py:3823} INFO - Setting next_dagrun for example_dag_decorator to None, run_after=None
[2026-08-19T12:49:48.150+0000] {processor.py:183} INFO - Processing /home/airflow/.local/lib/python3.8/site-packages/airflow/example_dags/example_dag_decorator.py took 0.210 seconds
[2026-08-19T12:50:18.251+0000] {processor.py:161} INFO - Started process (PID=4757) to work on /home/airflow/.local/lib/python3.8/site-packages/airflow/example_dags/example_dag_decorator.py
[2026-08-19T12:50:18.252+0000] {processor.py:830} INFO - Processing file /home/airflow/.local/lib/python3.8/site-packages/airflow/example_dags/example_dag_decorator.py for tasks to queue
[2026-08-19T12:50:18.254+0000] {logging_mixin.py:188} INFO - [2026-08-19T12:50:18.254+0000] {dagbag.py:538} INFO - Filling up the DagBag from /home/airflow/.local/lib/python3.8/site-packages/airflow/example_dags/example_dag_decorator.py
[2026-08-19T12:50:18.357+0000] {processor.py:840} INFO - DAG(s) 'example_dag_decorator' retrieved from /home/airflow/.local/lib/python3.8/site-packages/airflow/example_dags/example_dag_decorator.py
[2026-08-19T12:50:18.473+0000] {logging_mixin.py:188} INFO - [2026-08-19T12:50:18.472+0000] {dag.py:3036} INFO - Sync 1 DAGs
[2026-08-19T12:50:18.483+0000] {logging_mixin.py:188} INFO - [2026-08-19T12:50:18.483+0000] {dag.py:3823} INFO - Setting next_dagrun for example_dag_decorator to None, run_after=None
[2026-08-19T12:50:18.502+0000] {processor.py:183} INFO - Processing /home/airflow/.local/lib/python3.8/site-packages/airflow/example_dags/example_dag_decorator.py took 0.255 seconds
[2026-08-19T12:50:48.716+0000] {processor.py:161} INFO - Started process (PID=4841) to work on /home/airflow/.local/lib/python3.8/site-packages/airflow/example_dags/example_dag_decorator.py
[2026-08-19T12:50:48.717+0000] {processor.py:830} INFO - Processing file /home/airflow/.local/lib/python3.8/site-packages/airflow/example_dags/example_dag_decorator.py for tasks to queue
[2026-08-19T12:50:48.719+0000] {logging_mixin.py:188} INFO - [2026-08-19T12:50:48.719+0000] {dagbag.py:538} INFO - Filling up the DagBag from /home/airflow/.local/lib/python3.8/site-packages/airflow/example_dags/example_dag_decorator.py
[2026-08-19T12:50:48.800+0000] {processor.py:840} INFO - DAG(s) 'example_dag_decorator' retrieved from /home/airflow/.local/lib/python3.8/site-packages/airflow/example_dags/example_dag_decorator.py
[2026-08-19T12:50:48.892+0000] {logging_mixin.py:188} INFO - [2026-08-19T12:50:48.892+0000] {dag.py:3036} INFO - Sync 1 DAGs
[2026-08-19T12:50:48.902+0000] {logging_mixin.py:188} INFO - [2026-08-19T12:50:48.902+0000] {dag.py:3823} INFO - Setting next_dagrun for example_dag_decorator to None, run_after=None
[2026-08-19T12:50:48.923+0000] {processor.py:183} INFO - Processing /home/airflow/.local/lib/python3.8/site-packages/airflow/example_dags/example_dag_decorator.py took 0.210 seconds
[2026-08-19T12:51:19.427+0000] {processor.py:161} INFO - Started process (PID=4924) to work on /home/airflow/.local/lib/python3.8/site-packages/airflow/example_dags/example_dag_decorator.py
[2026-08-19T12:51:19.429+0000] {processor.py:830} INFO - Processing file /home/airflow/.local/lib/python3.8/site-packages/airflow/example_dags/example_dag_decorator.py for tasks to queue
[2026-08-19T12:51:19.431+0000] {logging_mixin.py:188} INFO - [2026-08-19T12:51:19.431+0000] {dagbag.py:538} INFO - Filling up the DagBag from /home/airflow/.local/lib/python3.8/site-packages/airflow/example_dags/example_dag_decorator.py
[2026-08-19T12:51:19.514+0000] {processor.py:840} INFO - DAG(s) 'example_dag_decorator' retrieved from /home/airflow/.local/lib/python3.8/site-packages/airflow/example_dags/example_dag_decorator.py
[2026-08-19T12:51:19.610+0000] {logging_mixin.py:188} INFO - [2026-08-19T12:51:19.610+0000] {dag.py:3036} INFO - Sync 1 DAGs
[2026-08-19T12:51:19.621+0000] {logging_mixin.py:188} INFO - [2026-08-19T12:51:19.621+0000] {dag.py:3823} INFO - Setting next_dagrun for example_dag_decorator to None, run_after=None
[2026-08-19T12:51:19.651+0000] {processor.py:183} INFO - Processing /home/airflow/.local/lib/python3.8/site-packages/airflow/example_dags/example_dag_decorator.py took 0.228 seconds
[2026-08-19T12:51:49.792+0000] {processor.py:161} INFO - Started process (PID=5006) to work on /home/airflow/.local/lib/python3.8/site-packages/airflow/example_dags/example_dag_decorator.py
[2026-08-19T12:51:49.793+0000] {processor.py:830} INFO - Processing file /home/airflow/.local/lib/python3.8/site-packages/airflow/example_dags/example_dag_decorator.py for tasks to queue
[2026-08-19T12:51:49.795+0000] {logging_mixin.py:188} INFO - [2026-08-19T12:51:49.795+0000] {dagbag.py:538} INFO - Filling up the DagBag from /home/airflow/.local/lib/python3.8/site-packages/airflow/example_dags/example_dag_decorator.py
[2026-08-19T12:51:49.874+0000] {processor.py:840} INFO - DAG(s) 'example_dag_decorator' retrieved from /home/airflow/.local/lib/python3.8/site-packages/airflow/example_dags/example_dag_decorator.py
[2026-08-19T12:51:49.964+0000] {logging_mixin.py:188} INFO - [2026-08-19T12:51:49.964+0000] {dag.py:3036} INFO - Sync 1 DAGs
[2026-08-19T12:51:49.974+0000] {logging_mixin.py:188} INFO - [2026-08-19T12:51:49.973+0000] {dag.py:3823} INFO - Setting next_dagrun for example_dag_decorator to None, run_after=None
[2026-08-19T12:51:49.992+0000] {processor.py:183} INFO - Processing /home/airflow/.local/lib/python3.8/site-packages/airflow/example_dags/example_dag_decorator.py took 0.204 seconds
[2026-08-19T12:52:20.214+0000] {processor.py:161} INFO - Started process (PID=5089) to work on /home/airflow/.local/lib/python3.8/site-packages/airflow/example_dags/example_dag_decorator.py
[2026-08-19T12:52:20.215+0000] {processor.py:830} INFO - Processing file /home/airflow/.local/lib/python3.8/site-packages/airflow/example_dags/example_dag_decorator.py for tasks to queue
[2026-08-19T12:52:20.217+0000] {logging_mixin.py:188} INFO - [2026-08-19T12:52:20.217+0000] {dagbag.py:538} INFO - Filling up the DagBag from /home/airflow/.local/lib/python3.8/site-packages/airflow/example_dags/example_dag_decorator.py
[2026-08-19T12:52:20.306+0000] {processor.py:840} INFO - DAG(s) 'example_dag_decorator' retrieved from /home/airflow/.local/lib/python3.8/site-packages/airflow/example_dags/example_dag_decorator.py
[2026-08-19T12:52:20.401+0000] {logging_mixin.py:188} INFO - [2026-08-19T12:52:20.400+0000] {dag.py:3036} INFO - Sync 1 DAGs
[2026-08-19T12:52:20.413+0000] {logging_mixin.py:188} INFO - [2026-08-19T12:52:20.413+0000] {dag.py:3823} INFO - Setting next_dagrun for example_dag_decorator to None, run_after=None
[2026-08-19T12:52:20.434+0000] {processor.py:183} INFO - Processing /home/airflow/.local/lib/python3.8/site-packages/airflow/example_dags/example_dag_decorator.py took 0.224 seconds
[2026-08-19T12:52:50.507+0000] {processor.py:161} INFO - Started process (PID=5173) to work on /home/airflow/.local/lib/python3.8/site-packages/airflow/example_dags/example_dag_decorator.py
[2026-08-19T12:52:50.509+0000] {processor.py:830} INFO - Processing file /home/airflow/.local/lib/python3.8/site-packages/airflow/example_dags/example_dag_decorator.py for tasks to queue
[2026-08-19T12:52:50.512+0000] {logging_mixin.py:188} INFO - [2026-08-19T12:52:50.512+0000] {dagbag.py:538} INFO - Filling up the DagBag from /home/airflow/.local/lib/python3.8/site-packages/airflow/example_dags/example_dag_decorator.py
[2026-08-19T12:52:50.620+0000] {processor.py:840} INFO - DAG(s) 'example_dag_decorator' retrieved from /home/airflow/.local/lib/python3.8/site-packages/airflow/example_dags/example_dag_decorator.py
[2026-08-19T12:52:50.744+0000] {logging_mixin.py:188} INFO - [2026-08-19T12:52:50.744+0000] {dag.py:3036} INFO - Sync 1 DAGs
[2026-08-19T12:52:50.762+0000] {logging_mixin.py:188} INFO - [2026-08-19T12:52:50.762+0000] {dag.py:3823} INFO - Setting next_dagrun for example_dag_decorator to None, run_after=None
[2026-08-19T12:52:50.801+0000] {processor.py:183} INFO - Processing /home/airflow/.local/lib/python3.8/site-packages/airflow/example_dags/example_dag_decorator.py took 0.299 seconds
[2026-08-19T12:53:20.864+0000] {processor.py:161} INFO - Started process (PID=5257) to work on /home/airflow/.local/lib/python3.8/site-packages/airflow/example_dags/example_dag_decorator.py
[2026-08-19T12:53:20.866+0000] {processor.py:830} INFO - Processing file /home/airflow/.local/lib/python3.8/site-packages/airflow/example_dags/example_dag_decorator.py for tasks to queue
[2026-08-19T12:53:20.868+0000] {logging_mixin.py:188} INFO - [2026-08-19T12:53:20.868+0000] {dagbag.py:538} INFO - Filling up the DagBag from /home/airflow/.local/lib/python3.8/site-packages/airflow/example_dags/example_dag_decorator.py
[2026-08-19T12:53:20.972+0000] {processor.py:840} INFO - DAG(s) 'example_dag_decorator' retrieved from /home/airflow/.local/lib/python3.8/site-packages/airflow/example_dags/example_dag_decorator.py
[2026-08-19T12:53:21.085+0000] {logging_mixin.py:188} INFO - [2026-08-19T12:53:21.084+0000] {dag.py:3036} INFO - Sync 1 DAGs
[2026-08-19T12:53:21.096+0000] {logging_mixin.py:188} INFO - [2026-08-19T12:53:21.096+0000] {dag.py:3823} INFO - Setting next_dagrun for example_dag_decorator to None, run_after=None
[2026-08-19T12:53:21.120+0000] {processor.py:183} INFO - Processing /home/airflow/.local/lib/python3.8/site-packages/airflow/example_dags/example_dag_decorator.py took 0.260 seconds
[2026-08-19T12:53:51.340+0000] {processor.py:161} INFO - Started process (PID=5345) to work on /home/airflow/.local/lib/python3.8/site-packages/airflow/example_dags/example_dag_decorator.py
[2026-08-19T12:53:51.341+0000] {processor.py:830} INFO - Processing file /home/airflow/.local/lib/python3.8/site-packages/airflow/example_dags/example_dag_decorator.py for tasks to queue
[2026-08-19T12:53:51.344+0000] {logging_mixin.py:188} INFO - [2026-08-19T12:53:51.343+0000] {dagbag.py:538} INFO - Filling up the DagBag from /home/airflow/.local/lib/python3.8/site-packages/airflow/example_dags/example_dag_decorator.py
[2026-08-19T12:53:51.428+0000] {processor.py:840} INFO - DAG(s) 'example_dag_decorator' retrieved from /home/airflow/.local/lib/python3.8/site-packages/airflow/example_dags/example_dag_decorator.py
[2026-08-19T12:53:51.520+0000] {logging_mixin.py:188} INFO - [2026-08-19T12:53:51.519+0000] {dag.py:3036} INFO - Sync 1 DAGs
[2026-08-19T12:53:51.530+0000] {logging_mixin.py:188} INFO - [2026-08-19T12:53:51.529+0000] {dag.py:3823} INFO - Setting next_dagrun for example_dag_decorator to None, run_after=None
[2026-08-19T12:53:51.550+0000] {processor.py:183} INFO - Processing /home/airflow/.local/lib/python3.8/site-packages/airflow/example_dags/example_dag_decorator.py took 0.215 seconds
[2026-08-19T12:54:23.236+0000] {processor.py:161} INFO - Started process (PID=5426) to work on /home/airflow/.local/lib/python3.8/site-packages/airflow/example_dags/example_dag_decorator.py
[2026-08-19T12:54:23.238+0000] {processor.py:830} INFO - Processing file /home/airflow/.local/lib/python3.8/site-packages/airflow/example_dags/example_dag_decorator.py for tasks to queue
[2026-08-19T12:54:23.242+0000] {logging_mixin.py:188} INFO - [2026-08-19T12:54:23.242+0000] {dagbag.py:538} INFO - Filling up the DagBag from /home/airflow/.local/lib/python3.8/site-packages/airflow/example_dags/example_dag_decorator.py
[2026-08-19T12:54:23.319+0000] {processor.py:840} INFO - DAG(s) 'example_dag_decorator' retrieved from /home/airflow/.local/lib/python3.8/site-packages/airflow/example_dags/example_dag_decorator.py
[2026-08-19T12:54:23.401+0000] {logging_mixin.py:188} INFO - [2026-08-19T12:54:23.401+0000] {dag.py:3036} INFO - Sync 1 DAGs
[2026-08-19T12:54:23.410+0000] {logging_mixin.py:188} INFO - [2026-08-19T12:54:23.410+0000] {dag.py:3823} INFO - Setting next_dagrun for example_dag_decorator to None, run_after=None
[2026-08-19T12:54:23.468+0000] {processor.py:183} INFO - Processing /home/airflow/.local/lib/python3.8/site-packages/airflow/example_dags/example_dag_decorator.py took 0.238 seconds
[2026-08-19T12:54:53.799+0000] {processor.py:161} INFO - Started process (PID=5509) to work on /home/airflow/.local/lib/python3.8/site-packages/airflow/example_dags/example_dag_decorator.py
[2026-08-19T12:54:53.801+0000] {processor.py:830} INFO - Processing file /home/airflow/.local/lib/python3.8/site-packages/airflow/example_dags/example_dag_decorator.py for tasks to queue
[2026-08-19T12:54:53.805+0000] {logging_mixin.py:188} INFO - [2026-08-19T12:54:53.804+0000] {dagbag.py:538} INFO - Filling up the DagBag from /home/airflow/.local/lib/python3.8/site-packages/airflow/example_dags/example_dag_decorator.py
[2026-08-19T12:54:53.910+0000] {processor.py:840} INFO - DAG(s) 'example_dag_decorator' retrieved from /home/airflow/.local/lib/python3.8/site-packages/airflow/example_dags/example_dag_decorator.py
[2026-08-19T12:54:54.016+0000] {logging_mixin.py:188} INFO - [2026-08-19T12:54:54.015+0000] {dag.py:3036} INFO - Sync 1 DAGs
[2026-08-19T12:54:54.026+0000] {logging_mixin.py:188} INFO - [2026-08-19T12:54:54.026+0000] {dag.py:3823} INFO - Setting next_dagrun for example_dag_decorator to None, run_after=None
[2026-08-19T12:54:54.085+0000] {processor.py:183} INFO - Processing /home/airflow/.local/lib/python3.8/site-packages/airflow/example_dags/example_dag_decorator.py took 0.291 seconds
[2026-08-19T12:55:24.154+0000] {processor.py:161} INFO - Started process (PID=5590) to work on /home/airflow/.local/lib/python3.8/site-packages/airflow/example_dags/example_dag_decorator.py
[2026-08-19T12:55:24.155+0000] {processor.py:830} INFO - Processing file /home/airflow/.local/lib/python3.8/site-packages/airflow/example_dags/example_dag_decorator.py for tasks to queue
[2026-08-19T12:55:24.157+0000] {logging_mixin.py:188} INFO - [2026-08-19T12:55:24.157+0000] {dagbag.py:538} INFO - Filling up the DagBag from /home/airflow/.local/lib/python3.8/site-packages/airflow/example_dags/example_dag_decorator.py
[2026-08-19T12:55:24.238+0000] {processor.py:840} INFO - DAG(s) 'example_dag_decorator' retrieved from /home/airflow/.local/lib/python3.8/site-packages/airflow/example_dags/example_dag_decorator.py
[2026-08-19T12:55:24.323+0000] {logging_mixin.py:188} INFO - [2026-08-19T12:55:24.322+0000] {dag.py:3036} INFO - Sync 1 DAGs
[2026-08-19T12:55:24.332+0000] {logging_mixin.py:188} INFO - [2026-08-19T12:55:24.331+0000] {dag.py:3823} INFO - Setting next_dagrun for example_dag_decorator to None, run_after=None
[2026-08-19T12:55:24.394+0000] {processor.py:183} INFO - Processing /home/airflow/.local/lib/python3.8/site-packages/airflow/example_dags/example_dag_decorator.py took 0.244 seconds
[2026-08-19T12:55:55.019+0000] {processor.py:161} INFO - Started process (PID=5673) to work on /home/airflow/.local/lib/python3.8/site-packages/airflow/example_dags/example_dag_decorator.py
[2026-08-19T12:55:55.020+0000] {processor.py:830} INFO - Processing file /home/airflow/.local/lib/python3.8/site-packages/airflow/example_dags/example_dag_decorator.py for tasks to queue
[2026-08-19T12:55:55.022+0000] {logging_mixin.py:188} INFO - [2026-08-19T12:55:55.022+0000] {dagbag.py:538} INFO - Filling up the DagBag from /home/airflow/.local/lib/python3.8/site-packages/airflow/example_dags/example_dag_decorator.py
[2026-08-19T12:55:55.111+0000] {processor.py:840} INFO - DAG(s) 'example_dag_decorator' retrieved from /home/airflow/.local/lib/python3.8/site-packages/airflow/example_dags/example_dag_decorator.py
[2026-08-19T12:55:55.135+0000] {logging_mixin.py:188} INFO - [2026-08-19T12:55:55.135+0000] {dag.py:3036} INFO - Sync 1 DAGs
[2026-08-19T12:55:55.147+0000] {logging_mixin.py:188} INFO - [2026-08-19T12:55:55.147+0000] {dag.py:3823} INFO - Setting next_dagrun for example_dag_decorator to None, run_after=None
[2026-08-19T12:55:55.170+0000] {processor.py:183} INFO - Processing /home/airflow/.local/lib/python3.8/site-packages/airflow/example_dags/example_dag_decorator.py took 0.155 seconds
[2026-08-19T12:56:25.310+0000] {processor.py:161} INFO - Started process (PID=5756) to work on /home/airflow/.local/lib/python3.8/site-packages/airflow/example_dags/example_dag_decorator.py
[2026-08-19T12:56:25.311+0000] {processor.py:830} INFO - Processing file /home/airflow/.local/lib/python3.8/site-packages/airflow/example_dags/example_dag_decorator.py for tasks to queue
[2026-08-19T12:56:25.315+0000] {logging_mixin.py:188} INFO - [2026-08-19T12:56:25.315+0000] {dagbag.py:538} INFO - Filling up the DagBag from /home/airflow/.local/lib/python3.8/site-packages/airflow/example_dags/example_dag_decorator.py
[2026-08-19T12:56:25.406+0000] {processor.py:840} INFO - DAG(s) 'example_dag_decorator' retrieved from /home/airflow/.local/lib/python3.8/site-packages/airflow/example_dags/example_dag_decorator.py
[2026-08-19T12:56:25.496+0000] {logging_mixin.py:188} INFO - [2026-08-19T12:56:25.496+0000] {dag.py:3036} INFO - Sync 1 DAGs
[2026-08-19T12:56:25.507+0000] {logging_mixin.py:188} INFO - [2026-08-19T12:56:25.507+0000] {dag.py:3823} INFO - Setting next_dagrun for example_dag_decorator to None, run_after=None
[2026-08-19T12:56:25.530+0000] {processor.py:183} INFO - Processing /home/airflow/.local/lib/python3.8/site-packages/airflow/example_dags/example_dag_decorator.py took 0.224 seconds
[2026-08-19T12:56:55.586+0000] {processor.py:161} INFO - Started process (PID=5839) to work on /home/airflow/.local/lib/python3.8/site-packages/airflow/example_dags/example_dag_decorator.py
[2026-08-19T12:56:55.588+0000] {processor.py:830} INFO - Processing file /home/airflow/.local/lib/python3.8/site-packages/airflow/example_dags/example_dag_decorator.py for tasks to queue
[2026-08-19T12:56:55.590+0000] {logging_mixin.py:188} INFO - [2026-08-19T12:56:55.589+0000] {dagbag.py:538} INFO - Filling up the DagBag from /home/airflow/.local/lib/python3.8/site-packages/airflow/example_dags/example_dag_decorator.py
[2026-08-19T12:56:55.672+0000] {processor.py:840} INFO - DAG(s) 'example_dag_decorator' retrieved from /home/airflow/.local/lib/python3.8/site-packages/airflow/example_dags/example_dag_decorator.py
[2026-08-19T12:56:55.775+0000] {logging_mixin.py:188} INFO - [2026-08-19T12:56:55.775+0000] {dag.py:3036} INFO - Sync 1 DAGs
[2026-08-19T12:56:55.786+0000] {logging_mixin.py:188} INFO - [2026-08-19T12:56:55.786+0000] {dag.py:3823} INFO - Setting next_dagrun for example_dag_decorator to None, run_after=None
[2026-08-19T12:56:55.808+0000] {processor.py:183} INFO - Processing /home/airflow/.local/lib/python3.8/site-packages/airflow/example_dags/example_dag_decorator.py took 0.225 seconds
