[2026-08-14T09:30:05.594+0000] {processor.py:161} INFO - Started process (PID=115) to work on /home/airflow/.local/lib/python3.8/site-packages/airflow/example_dags/example_xcom.py
[2026-08-14T09:30:05.610+0000] {processor.py:830} INFO - Processing file /home/airflow/.local/lib/python3.8/site-packages/airflow/example_dags/example_xcom.py for tasks to queue
[2026-08-14T09:30:05.614+0000] {logging_mixin.py:188} INFO - [2026-08-14T09:30:05.614+0000] {dagbag.py:538} INFO - Filling up the DagBag from /home/airflow/.local/lib/python3.8/site-packages/airflow/example_dags/example_xcom.py
[2026-08-14T09:30:05.687+0000] {processor.py:840} INFO - DAG(s) 'example_xcom' retrieved from /home/airflow/.local/lib/python3.8/site-packages/airflow/example_dags/example_xcom.py
[2026-08-14T09:30:06.089+0000] {logging_mixin.py:188} INFO - [2026-08-14T09:30:06.089+0000] {dag.py:3036} INFO - Sync 1 DAGs
[2026-08-14T09:30:06.168+0000] {logging_mixin.py:188} INFO - [2026-08-14T09:30:06.167+0000] {dag.py:3823} INFO - Setting next_dagrun for example_xcom to 2021-01-01 00:00:00+00:00, run_after=2021-01-01 00:00:00+00:00
[2026-08-14T09:30:06.283+0000] {processor.py:183} INFO - Processing /home/airflow/.local/lib/python3.8/site-packages/airflow/example_dags/example_xcom.py took 0.727 seconds
[2026-08-14T09:30:37.696+0000] {processor.py:161} INFO - Started process (PID=205) to work on /home/airflow/.local/lib/python3.8/site-packages/airflow/example_dags/example_xcom.py
[2026-08-14T09:30:37.700+0000] {processor.py:830} INFO - Processing file /home/airflow/.local/lib/python3.8/site-packages/airflow/example_dags/example_xcom.py for tasks to queue
[2026-08-14T09:30:37.705+0000] {logging_mixin.py:188} INFO - [2026-08-14T09:30:37.704+0000] {dagbag.py:538} INFO - Filling up the DagBag from /home/airflow/.local/lib/python3.8/site-packages/airflow/example_dags/example_xcom.py
[2026-08-14T09:30:37.719+0000] {processor.py:840} INFO - DAG(s) 'example_xcom' retrieved from /home/airflow/.local/lib/python3.8/site-packages/airflow/example_dags/example_xcom.py
[2026-08-14T09:30:37.742+0000] {logging_mixin.py:188} INFO - [2026-08-14T09:30:37.742+0000] {dag.py:3036} INFO - Sync 1 DAGs
[2026-08-14T09:30:37.774+0000] {logging_mixin.py:188} INFO - [2026-08-14T09:30:37.774+0000] {dag.py:3823} INFO - Setting next_dagrun for example_xcom to 2021-01-01 00:00:00+00:00, run_after=2021-01-01 00:00:00+00:00
[2026-08-14T09:30:37.809+0000] {processor.py:183} INFO - Processing /home/airflow/.local/lib/python3.8/site-packages/airflow/example_dags/example_xcom.py took 0.120 seconds
[2026-08-14T09:31:08.291+0000] {processor.py:161} INFO - Started process (PID=278) to work on /home/airflow/.local/lib/python3.8/site-packages/airflow/example_dags/example_xcom.py
[2026-08-14T09:31:08.292+0000] {processor.py:830} INFO - Processing file /home/airflow/.local/lib/python3.8/site-packages/airflow/example_dags/example_xcom.py for tasks to queue
[2026-08-14T09:31:08.294+0000] {logging_mixin.py:188} INFO - [2026-08-14T09:31:08.294+0000] {dagbag.py:538} INFO - Filling up the DagBag from /home/airflow/.local/lib/python3.8/site-packages/airflow/example_dags/example_xcom.py
[2026-08-14T09:31:08.301+0000] {processor.py:840} INFO - DAG(s) 'example_xcom' retrieved from /home/airflow/.local/lib/python3.8/site-packages/airflow/example_dags/example_xcom.py
[2026-08-14T09:31:08.313+0000] {logging_mixin.py:188} INFO - [2026-08-14T09:31:08.313+0000] {dag.py:3036} INFO - Sync 1 DAGs
[2026-08-14T09:31:08.334+0000] {logging_mixin.py:188} INFO - [2026-08-14T09:31:08.334+0000] {dag.py:3823} INFO - Setting next_dagrun for example_xcom to 2021-01-01 00:00:00+00:00, run_after=2021-01-01 00:00:00+00:00
[2026-08-14T09:31:08.393+0000] {processor.py:183} INFO - Processing /home/airflow/.local/lib/python3.8/site-packages/airflow/example_dags/example_xcom.py took 0.106 seconds
[2026-08-14T09:31:39.179+0000] {processor.py:161} INFO - Started process (PID=351) to work on /home/airflow/.local/lib/python3.8/site-packages/airflow/example_dags/example_xcom.py
[2026-08-14T09:31:39.180+0000] {processor.py:830} INFO - Processing file /home/airflow/.local/lib/python3.8/site-packages/airflow/example_dags/example_xcom.py for tasks to queue
[2026-08-14T09:31:39.183+0000] {logging_mixin.py:188} INFO - [2026-08-14T09:31:39.183+0000] {dagbag.py:538} INFO - Filling up the DagBag from /home/airflow/.local/lib/python3.8/site-packages/airflow/example_dags/example_xcom.py
[2026-08-14T09:31:39.190+0000] {processor.py:840} INFO - DAG(s) 'example_xcom' retrieved from /home/airflow/.local/lib/python3.8/site-packages/airflow/example_dags/example_xcom.py
[2026-08-14T09:31:39.281+0000] {logging_mixin.py:188} INFO - [2026-08-14T09:31:39.281+0000] {dag.py:3036} INFO - Sync 1 DAGs
[2026-08-14T09:31:39.304+0000] {logging_mixin.py:188} INFO - [2026-08-14T09:31:39.304+0000] {dag.py:3823} INFO - Setting next_dagrun for example_xcom to 2021-01-01 00:00:00+00:00, run_after=2021-01-01 00:00:00+00:00
[2026-08-14T09:31:39.324+0000] {processor.py:183} INFO - Processing /home/airflow/.local/lib/python3.8/site-packages/airflow/example_dags/example_xcom.py took 0.148 seconds
[2026-08-14T09:32:09.682+0000] {processor.py:161} INFO - Started process (PID=424) to work on /home/airflow/.local/lib/python3.8/site-packages/airflow/example_dags/example_xcom.py
[2026-08-14T09:32:09.684+0000] {processor.py:830} INFO - Processing file /home/airflow/.local/lib/python3.8/site-packages/airflow/example_dags/example_xcom.py for tasks to queue
[2026-08-14T09:32:09.686+0000] {logging_mixin.py:188} INFO - [2026-08-14T09:32:09.686+0000] {dagbag.py:538} INFO - Filling up the DagBag from /home/airflow/.local/lib/python3.8/site-packages/airflow/example_dags/example_xcom.py
[2026-08-14T09:32:09.693+0000] {processor.py:840} INFO - DAG(s) 'example_xcom' retrieved from /home/airflow/.local/lib/python3.8/site-packages/airflow/example_dags/example_xcom.py
[2026-08-14T09:32:09.714+0000] {logging_mixin.py:188} INFO - [2026-08-14T09:32:09.714+0000] {dag.py:3036} INFO - Sync 1 DAGs
[2026-08-14T09:32:09.734+0000] {logging_mixin.py:188} INFO - [2026-08-14T09:32:09.734+0000] {dag.py:3823} INFO - Setting next_dagrun for example_xcom to 2021-01-01 00:00:00+00:00, run_after=2021-01-01 00:00:00+00:00
[2026-08-14T09:32:09.795+0000] {processor.py:183} INFO - Processing /home/airflow/.local/lib/python3.8/site-packages/airflow/example_dags/example_xcom.py took 0.116 seconds
[2026-08-14T09:32:40.338+0000] {processor.py:161} INFO - Started process (PID=505) to work on /home/airflow/.local/lib/python3.8/site-packages/airflow/example_dags/example_xcom.py
[2026-08-14T09:32:40.339+0000] {processor.py:830} INFO - Processing file /home/airflow/.local/lib/python3.8/site-packages/airflow/example_dags/example_xcom.py for tasks to queue
[2026-08-14T09:32:40.341+0000] {logging_mixin.py:188} INFO - [2026-08-14T09:32:40.341+0000] {dagbag.py:538} INFO - Filling up the DagBag from /home/airflow/.local/lib/python3.8/site-packages/airflow/example_dags/example_xcom.py
[2026-08-14T09:32:40.349+0000] {processor.py:840} INFO - DAG(s) 'example_xcom' retrieved from /home/airflow/.local/lib/python3.8/site-packages/airflow/example_dags/example_xcom.py
[2026-08-14T09:32:40.370+0000] {logging_mixin.py:188} INFO - [2026-08-14T09:32:40.370+0000] {dag.py:3036} INFO - Sync 1 DAGs
[2026-08-14T09:32:40.390+0000] {logging_mixin.py:188} INFO - [2026-08-14T09:32:40.389+0000] {dag.py:3823} INFO - Setting next_dagrun for example_xcom to 2021-01-01 00:00:00+00:00, run_after=2021-01-01 00:00:00+00:00
[2026-08-14T09:32:40.431+0000] {processor.py:183} INFO - Processing /home/airflow/.local/lib/python3.8/site-packages/airflow/example_dags/example_xcom.py took 0.096 seconds
[2026-08-14T09:33:10.535+0000] {processor.py:161} INFO - Started process (PID=578) to work on /home/airflow/.local/lib/python3.8/site-packages/airflow/example_dags/example_xcom.py
[2026-08-14T09:33:10.536+0000] {processor.py:830} INFO - Processing file /home/airflow/.local/lib/python3.8/site-packages/airflow/example_dags/example_xcom.py for tasks to queue
[2026-08-14T09:33:10.538+0000] {logging_mixin.py:188} INFO - [2026-08-14T09:33:10.538+0000] {dagbag.py:538} INFO - Filling up the DagBag from /home/airflow/.local/lib/python3.8/site-packages/airflow/example_dags/example_xcom.py
[2026-08-14T09:33:10.548+0000] {processor.py:840} INFO - DAG(s) 'example_xcom' retrieved from /home/airflow/.local/lib/python3.8/site-packages/airflow/example_dags/example_xcom.py
[2026-08-14T09:33:10.579+0000] {logging_mixin.py:188} INFO - [2026-08-14T09:33:10.579+0000] {dag.py:3036} INFO - Sync 1 DAGs
[2026-08-14T09:33:10.602+0000] {logging_mixin.py:188} INFO - [2026-08-14T09:33:10.602+0000] {dag.py:3823} INFO - Setting next_dagrun for example_xcom to 2021-01-01 00:00:00+00:00, run_after=2021-01-01 00:00:00+00:00
[2026-08-14T09:33:10.625+0000] {processor.py:183} INFO - Processing /home/airflow/.local/lib/python3.8/site-packages/airflow/example_dags/example_xcom.py took 0.093 seconds
[2026-08-14T09:33:41.019+0000] {processor.py:161} INFO - Started process (PID=651) to work on /home/airflow/.local/lib/python3.8/site-packages/airflow/example_dags/example_xcom.py
[2026-08-14T09:33:41.025+0000] {processor.py:830} INFO - Processing file /home/airflow/.local/lib/python3.8/site-packages/airflow/example_dags/example_xcom.py for tasks to queue
[2026-08-14T09:33:41.032+0000] {logging_mixin.py:188} INFO - [2026-08-14T09:33:41.031+0000] {dagbag.py:538} INFO - Filling up the DagBag from /home/airflow/.local/lib/python3.8/site-packages/airflow/example_dags/example_xcom.py
[2026-08-14T09:33:41.067+0000] {processor.py:840} INFO - DAG(s) 'example_xcom' retrieved from /home/airflow/.local/lib/python3.8/site-packages/airflow/example_dags/example_xcom.py
[2026-08-14T09:33:41.152+0000] {logging_mixin.py:188} INFO - [2026-08-14T09:33:41.150+0000] {dag.py:3036} INFO - Sync 1 DAGs
[2026-08-14T09:33:41.248+0000] {logging_mixin.py:188} INFO - [2026-08-14T09:33:41.248+0000] {dag.py:3823} INFO - Setting next_dagrun for example_xcom to 2021-01-01 00:00:00+00:00, run_after=2021-01-01 00:00:00+00:00
[2026-08-14T09:33:41.331+0000] {processor.py:183} INFO - Processing /home/airflow/.local/lib/python3.8/site-packages/airflow/example_dags/example_xcom.py took 0.321 seconds
[2026-08-14T09:34:11.535+0000] {processor.py:161} INFO - Started process (PID=724) to work on /home/airflow/.local/lib/python3.8/site-packages/airflow/example_dags/example_xcom.py
[2026-08-14T09:34:11.538+0000] {processor.py:830} INFO - Processing file /home/airflow/.local/lib/python3.8/site-packages/airflow/example_dags/example_xcom.py for tasks to queue
[2026-08-14T09:34:11.542+0000] {logging_mixin.py:188} INFO - [2026-08-14T09:34:11.542+0000] {dagbag.py:538} INFO - Filling up the DagBag from /home/airflow/.local/lib/python3.8/site-packages/airflow/example_dags/example_xcom.py
[2026-08-14T09:34:11.560+0000] {processor.py:840} INFO - DAG(s) 'example_xcom' retrieved from /home/airflow/.local/lib/python3.8/site-packages/airflow/example_dags/example_xcom.py
[2026-08-14T09:34:11.629+0000] {logging_mixin.py:188} INFO - [2026-08-14T09:34:11.626+0000] {dag.py:3036} INFO - Sync 1 DAGs
[2026-08-14T09:34:11.703+0000] {logging_mixin.py:188} INFO - [2026-08-14T09:34:11.703+0000] {dag.py:3823} INFO - Setting next_dagrun for example_xcom to 2021-01-01 00:00:00+00:00, run_after=2021-01-01 00:00:00+00:00
[2026-08-14T09:34:11.768+0000] {processor.py:183} INFO - Processing /home/airflow/.local/lib/python3.8/site-packages/airflow/example_dags/example_xcom.py took 0.247 seconds
[2026-08-14T09:34:42.573+0000] {processor.py:161} INFO - Started process (PID=797) to work on /home/airflow/.local/lib/python3.8/site-packages/airflow/example_dags/example_xcom.py
[2026-08-14T09:34:42.574+0000] {processor.py:830} INFO - Processing file /home/airflow/.local/lib/python3.8/site-packages/airflow/example_dags/example_xcom.py for tasks to queue
[2026-08-14T09:34:42.579+0000] {logging_mixin.py:188} INFO - [2026-08-14T09:34:42.578+0000] {dagbag.py:538} INFO - Filling up the DagBag from /home/airflow/.local/lib/python3.8/site-packages/airflow/example_dags/example_xcom.py
[2026-08-14T09:34:42.590+0000] {processor.py:840} INFO - DAG(s) 'example_xcom' retrieved from /home/airflow/.local/lib/python3.8/site-packages/airflow/example_dags/example_xcom.py
[2026-08-14T09:34:42.614+0000] {logging_mixin.py:188} INFO - [2026-08-14T09:34:42.614+0000] {dag.py:3036} INFO - Sync 1 DAGs
[2026-08-14T09:34:42.637+0000] {logging_mixin.py:188} INFO - [2026-08-14T09:34:42.637+0000] {dag.py:3823} INFO - Setting next_dagrun for example_xcom to 2021-01-01 00:00:00+00:00, run_after=2021-01-01 00:00:00+00:00
[2026-08-14T09:34:42.665+0000] {processor.py:183} INFO - Processing /home/airflow/.local/lib/python3.8/site-packages/airflow/example_dags/example_xcom.py took 0.097 seconds
[2026-08-14T09:35:14.126+0000] {processor.py:161} INFO - Started process (PID=883) to work on /home/airflow/.local/lib/python3.8/site-packages/airflow/example_dags/example_xcom.py
[2026-08-14T09:35:14.129+0000] {processor.py:830} INFO - Processing file /home/airflow/.local/lib/python3.8/site-packages/airflow/example_dags/example_xcom.py for tasks to queue
[2026-08-14T09:35:14.133+0000] {logging_mixin.py:188} INFO - [2026-08-14T09:35:14.132+0000] {dagbag.py:538} INFO - Filling up the DagBag from /home/airflow/.local/lib/python3.8/site-packages/airflow/example_dags/example_xcom.py
[2026-08-14T09:35:14.158+0000] {processor.py:840} INFO - DAG(s) 'example_xcom' retrieved from /home/airflow/.local/lib/python3.8/site-packages/airflow/example_dags/example_xcom.py
[2026-08-14T09:35:14.204+0000] {logging_mixin.py:188} INFO - [2026-08-14T09:35:14.203+0000] {dag.py:3036} INFO - Sync 1 DAGs
[2026-08-14T09:35:14.235+0000] {logging_mixin.py:188} INFO - [2026-08-14T09:35:14.234+0000] {dag.py:3823} INFO - Setting next_dagrun for example_xcom to 2021-01-01 00:00:00+00:00, run_after=2021-01-01 00:00:00+00:00
[2026-08-14T09:35:14.266+0000] {processor.py:183} INFO - Processing /home/airflow/.local/lib/python3.8/site-packages/airflow/example_dags/example_xcom.py took 0.156 seconds
[2026-08-14T09:35:44.895+0000] {processor.py:161} INFO - Started process (PID=966) to work on /home/airflow/.local/lib/python3.8/site-packages/airflow/example_dags/example_xcom.py
[2026-08-14T09:35:44.897+0000] {processor.py:830} INFO - Processing file /home/airflow/.local/lib/python3.8/site-packages/airflow/example_dags/example_xcom.py for tasks to queue
[2026-08-14T09:35:44.900+0000] {logging_mixin.py:188} INFO - [2026-08-14T09:35:44.900+0000] {dagbag.py:538} INFO - Filling up the DagBag from /home/airflow/.local/lib/python3.8/site-packages/airflow/example_dags/example_xcom.py
[2026-08-14T09:35:44.912+0000] {processor.py:840} INFO - DAG(s) 'example_xcom' retrieved from /home/airflow/.local/lib/python3.8/site-packages/airflow/example_dags/example_xcom.py
[2026-08-14T09:35:44.939+0000] {logging_mixin.py:188} INFO - [2026-08-14T09:35:44.939+0000] {dag.py:3036} INFO - Sync 1 DAGs
[2026-08-14T09:35:44.968+0000] {logging_mixin.py:188} INFO - [2026-08-14T09:35:44.968+0000] {dag.py:3823} INFO - Setting next_dagrun for example_xcom to 2021-01-01 00:00:00+00:00, run_after=2021-01-01 00:00:00+00:00
[2026-08-14T09:35:44.998+0000] {processor.py:183} INFO - Processing /home/airflow/.local/lib/python3.8/site-packages/airflow/example_dags/example_xcom.py took 0.107 seconds
[2026-08-14T09:36:15.174+0000] {processor.py:161} INFO - Started process (PID=1049) to work on /home/airflow/.local/lib/python3.8/site-packages/airflow/example_dags/example_xcom.py
[2026-08-14T09:36:15.175+0000] {processor.py:830} INFO - Processing file /home/airflow/.local/lib/python3.8/site-packages/airflow/example_dags/example_xcom.py for tasks to queue
[2026-08-14T09:36:15.179+0000] {logging_mixin.py:188} INFO - [2026-08-14T09:36:15.178+0000] {dagbag.py:538} INFO - Filling up the DagBag from /home/airflow/.local/lib/python3.8/site-packages/airflow/example_dags/example_xcom.py
[2026-08-14T09:36:15.196+0000] {processor.py:840} INFO - DAG(s) 'example_xcom' retrieved from /home/airflow/.local/lib/python3.8/site-packages/airflow/example_dags/example_xcom.py
[2026-08-14T09:36:15.240+0000] {logging_mixin.py:188} INFO - [2026-08-14T09:36:15.240+0000] {dag.py:3036} INFO - Sync 1 DAGs
[2026-08-14T09:36:15.281+0000] {logging_mixin.py:188} INFO - [2026-08-14T09:36:15.280+0000] {dag.py:3823} INFO - Setting next_dagrun for example_xcom to 2021-01-01 00:00:00+00:00, run_after=2021-01-01 00:00:00+00:00
[2026-08-14T09:36:15.316+0000] {processor.py:183} INFO - Processing /home/airflow/.local/lib/python3.8/site-packages/airflow/example_dags/example_xcom.py took 0.147 seconds
[2026-08-14T09:36:45.565+0000] {processor.py:161} INFO - Started process (PID=1126) to work on /home/airflow/.local/lib/python3.8/site-packages/airflow/example_dags/example_xcom.py
[2026-08-14T09:36:45.566+0000] {processor.py:830} INFO - Processing file /home/airflow/.local/lib/python3.8/site-packages/airflow/example_dags/example_xcom.py for tasks to queue
[2026-08-14T09:36:45.568+0000] {logging_mixin.py:188} INFO - [2026-08-14T09:36:45.568+0000] {dagbag.py:538} INFO - Filling up the DagBag from /home/airflow/.local/lib/python3.8/site-packages/airflow/example_dags/example_xcom.py
[2026-08-14T09:36:45.577+0000] {processor.py:840} INFO - DAG(s) 'example_xcom' retrieved from /home/airflow/.local/lib/python3.8/site-packages/airflow/example_dags/example_xcom.py
[2026-08-14T09:36:45.600+0000] {logging_mixin.py:188} INFO - [2026-08-14T09:36:45.600+0000] {dag.py:3036} INFO - Sync 1 DAGs
[2026-08-14T09:36:45.624+0000] {logging_mixin.py:188} INFO - [2026-08-14T09:36:45.624+0000] {dag.py:3823} INFO - Setting next_dagrun for example_xcom to 2021-01-01 00:00:00+00:00, run_after=2021-01-01 00:00:00+00:00
[2026-08-14T09:36:45.654+0000] {processor.py:183} INFO - Processing /home/airflow/.local/lib/python3.8/site-packages/airflow/example_dags/example_xcom.py took 0.093 seconds
[2026-08-14T09:37:16.519+0000] {processor.py:161} INFO - Started process (PID=1201) to work on /home/airflow/.local/lib/python3.8/site-packages/airflow/example_dags/example_xcom.py
[2026-08-14T09:37:16.521+0000] {processor.py:830} INFO - Processing file /home/airflow/.local/lib/python3.8/site-packages/airflow/example_dags/example_xcom.py for tasks to queue
[2026-08-14T09:37:16.524+0000] {logging_mixin.py:188} INFO - [2026-08-14T09:37:16.523+0000] {dagbag.py:538} INFO - Filling up the DagBag from /home/airflow/.local/lib/python3.8/site-packages/airflow/example_dags/example_xcom.py
[2026-08-14T09:37:16.534+0000] {processor.py:840} INFO - DAG(s) 'example_xcom' retrieved from /home/airflow/.local/lib/python3.8/site-packages/airflow/example_dags/example_xcom.py
[2026-08-14T09:37:16.556+0000] {logging_mixin.py:188} INFO - [2026-08-14T09:37:16.556+0000] {dag.py:3036} INFO - Sync 1 DAGs
[2026-08-14T09:37:16.582+0000] {logging_mixin.py:188} INFO - [2026-08-14T09:37:16.582+0000] {dag.py:3823} INFO - Setting next_dagrun for example_xcom to 2021-01-01 00:00:00+00:00, run_after=2021-01-01 00:00:00+00:00
[2026-08-14T09:37:16.602+0000] {processor.py:183} INFO - Processing /home/airflow/.local/lib/python3.8/site-packages/airflow/example_dags/example_xcom.py took 0.087 seconds
[2026-08-14T09:37:47.459+0000] {processor.py:161} INFO - Started process (PID=1276) to work on /home/airflow/.local/lib/python3.8/site-packages/airflow/example_dags/example_xcom.py
[2026-08-14T09:37:47.460+0000] {processor.py:830} INFO - Processing file /home/airflow/.local/lib/python3.8/site-packages/airflow/example_dags/example_xcom.py for tasks to queue
[2026-08-14T09:37:47.463+0000] {logging_mixin.py:188} INFO - [2026-08-14T09:37:47.462+0000] {dagbag.py:538} INFO - Filling up the DagBag from /home/airflow/.local/lib/python3.8/site-packages/airflow/example_dags/example_xcom.py
[2026-08-14T09:37:47.471+0000] {processor.py:840} INFO - DAG(s) 'example_xcom' retrieved from /home/airflow/.local/lib/python3.8/site-packages/airflow/example_dags/example_xcom.py
[2026-08-14T09:37:47.495+0000] {logging_mixin.py:188} INFO - [2026-08-14T09:37:47.495+0000] {dag.py:3036} INFO - Sync 1 DAGs
[2026-08-14T09:37:47.517+0000] {logging_mixin.py:188} INFO - [2026-08-14T09:37:47.516+0000] {dag.py:3823} INFO - Setting next_dagrun for example_xcom to 2021-01-01 00:00:00+00:00, run_after=2021-01-01 00:00:00+00:00
[2026-08-14T09:37:47.536+0000] {processor.py:183} INFO - Processing /home/airflow/.local/lib/python3.8/site-packages/airflow/example_dags/example_xcom.py took 0.082 seconds
[2026-08-14T09:38:18.522+0000] {processor.py:161} INFO - Started process (PID=1351) to work on /home/airflow/.local/lib/python3.8/site-packages/airflow/example_dags/example_xcom.py
[2026-08-14T09:38:18.524+0000] {processor.py:830} INFO - Processing file /home/airflow/.local/lib/python3.8/site-packages/airflow/example_dags/example_xcom.py for tasks to queue
[2026-08-14T09:38:18.526+0000] {logging_mixin.py:188} INFO - [2026-08-14T09:38:18.526+0000] {dagbag.py:538} INFO - Filling up the DagBag from /home/airflow/.local/lib/python3.8/site-packages/airflow/example_dags/example_xcom.py
[2026-08-14T09:38:18.539+0000] {processor.py:840} INFO - DAG(s) 'example_xcom' retrieved from /home/airflow/.local/lib/python3.8/site-packages/airflow/example_dags/example_xcom.py
[2026-08-14T09:38:18.564+0000] {logging_mixin.py:188} INFO - [2026-08-14T09:38:18.564+0000] {dag.py:3036} INFO - Sync 1 DAGs
[2026-08-14T09:38:18.588+0000] {logging_mixin.py:188} INFO - [2026-08-14T09:38:18.588+0000] {dag.py:3823} INFO - Setting next_dagrun for example_xcom to 2021-01-01 00:00:00+00:00, run_after=2021-01-01 00:00:00+00:00
[2026-08-14T09:38:18.614+0000] {processor.py:183} INFO - Processing /home/airflow/.local/lib/python3.8/site-packages/airflow/example_dags/example_xcom.py took 0.097 seconds
[2026-08-14T09:38:50.944+0000] {processor.py:161} INFO - Started process (PID=1427) to work on /home/airflow/.local/lib/python3.8/site-packages/airflow/example_dags/example_xcom.py
[2026-08-14T09:38:50.945+0000] {processor.py:830} INFO - Processing file /home/airflow/.local/lib/python3.8/site-packages/airflow/example_dags/example_xcom.py for tasks to queue
[2026-08-14T09:38:50.949+0000] {logging_mixin.py:188} INFO - [2026-08-14T09:38:50.948+0000] {dagbag.py:538} INFO - Filling up the DagBag from /home/airflow/.local/lib/python3.8/site-packages/airflow/example_dags/example_xcom.py
[2026-08-14T09:38:50.960+0000] {processor.py:840} INFO - DAG(s) 'example_xcom' retrieved from /home/airflow/.local/lib/python3.8/site-packages/airflow/example_dags/example_xcom.py
[2026-08-14T09:38:50.983+0000] {logging_mixin.py:188} INFO - [2026-08-14T09:38:50.982+0000] {dag.py:3036} INFO - Sync 1 DAGs
[2026-08-14T09:38:51.005+0000] {logging_mixin.py:188} INFO - [2026-08-14T09:38:51.005+0000] {dag.py:3823} INFO - Setting next_dagrun for example_xcom to 2021-01-01 00:00:00+00:00, run_after=2021-01-01 00:00:00+00:00
[2026-08-14T09:38:51.036+0000] {processor.py:183} INFO - Processing /home/airflow/.local/lib/python3.8/site-packages/airflow/example_dags/example_xcom.py took 0.097 seconds
[2026-08-14T09:39:22.118+0000] {processor.py:161} INFO - Started process (PID=1508) to work on /home/airflow/.local/lib/python3.8/site-packages/airflow/example_dags/example_xcom.py
[2026-08-14T09:39:22.119+0000] {processor.py:830} INFO - Processing file /home/airflow/.local/lib/python3.8/site-packages/airflow/example_dags/example_xcom.py for tasks to queue
[2026-08-14T09:39:22.121+0000] {logging_mixin.py:188} INFO - [2026-08-14T09:39:22.121+0000] {dagbag.py:538} INFO - Filling up the DagBag from /home/airflow/.local/lib/python3.8/site-packages/airflow/example_dags/example_xcom.py
[2026-08-14T09:39:22.130+0000] {processor.py:840} INFO - DAG(s) 'example_xcom' retrieved from /home/airflow/.local/lib/python3.8/site-packages/airflow/example_dags/example_xcom.py
[2026-08-14T09:39:22.156+0000] {logging_mixin.py:188} INFO - [2026-08-14T09:39:22.155+0000] {dag.py:3036} INFO - Sync 1 DAGs
[2026-08-14T09:39:22.182+0000] {logging_mixin.py:188} INFO - [2026-08-14T09:39:22.182+0000] {dag.py:3823} INFO - Setting next_dagrun for example_xcom to 2021-01-01 00:00:00+00:00, run_after=2021-01-01 00:00:00+00:00
[2026-08-14T09:39:22.205+0000] {processor.py:183} INFO - Processing /home/airflow/.local/lib/python3.8/site-packages/airflow/example_dags/example_xcom.py took 0.091 seconds
[2026-08-14T09:39:52.999+0000] {processor.py:161} INFO - Started process (PID=1583) to work on /home/airflow/.local/lib/python3.8/site-packages/airflow/example_dags/example_xcom.py
[2026-08-14T09:39:53.001+0000] {processor.py:830} INFO - Processing file /home/airflow/.local/lib/python3.8/site-packages/airflow/example_dags/example_xcom.py for tasks to queue
[2026-08-14T09:39:53.003+0000] {logging_mixin.py:188} INFO - [2026-08-14T09:39:53.003+0000] {dagbag.py:538} INFO - Filling up the DagBag from /home/airflow/.local/lib/python3.8/site-packages/airflow/example_dags/example_xcom.py
[2026-08-14T09:39:53.013+0000] {processor.py:840} INFO - DAG(s) 'example_xcom' retrieved from /home/airflow/.local/lib/python3.8/site-packages/airflow/example_dags/example_xcom.py
[2026-08-14T09:39:53.040+0000] {logging_mixin.py:188} INFO - [2026-08-14T09:39:53.040+0000] {dag.py:3036} INFO - Sync 1 DAGs
[2026-08-14T09:39:53.064+0000] {logging_mixin.py:188} INFO - [2026-08-14T09:39:53.064+0000] {dag.py:3823} INFO - Setting next_dagrun for example_xcom to 2021-01-01 00:00:00+00:00, run_after=2021-01-01 00:00:00+00:00
[2026-08-14T09:39:53.087+0000] {processor.py:183} INFO - Processing /home/airflow/.local/lib/python3.8/site-packages/airflow/example_dags/example_xcom.py took 0.092 seconds
[2026-08-14T09:40:24.517+0000] {processor.py:161} INFO - Started process (PID=1658) to work on /home/airflow/.local/lib/python3.8/site-packages/airflow/example_dags/example_xcom.py
[2026-08-14T09:40:24.518+0000] {processor.py:830} INFO - Processing file /home/airflow/.local/lib/python3.8/site-packages/airflow/example_dags/example_xcom.py for tasks to queue
[2026-08-14T09:40:24.521+0000] {logging_mixin.py:188} INFO - [2026-08-14T09:40:24.521+0000] {dagbag.py:538} INFO - Filling up the DagBag from /home/airflow/.local/lib/python3.8/site-packages/airflow/example_dags/example_xcom.py
[2026-08-14T09:40:24.532+0000] {processor.py:840} INFO - DAG(s) 'example_xcom' retrieved from /home/airflow/.local/lib/python3.8/site-packages/airflow/example_dags/example_xcom.py
[2026-08-14T09:40:24.558+0000] {logging_mixin.py:188} INFO - [2026-08-14T09:40:24.558+0000] {dag.py:3036} INFO - Sync 1 DAGs
[2026-08-14T09:40:24.584+0000] {logging_mixin.py:188} INFO - [2026-08-14T09:40:24.584+0000] {dag.py:3823} INFO - Setting next_dagrun for example_xcom to 2021-01-01 00:00:00+00:00, run_after=2021-01-01 00:00:00+00:00
[2026-08-14T09:40:24.607+0000] {processor.py:183} INFO - Processing /home/airflow/.local/lib/python3.8/site-packages/airflow/example_dags/example_xcom.py took 0.094 seconds
[2026-08-14T09:40:55.875+0000] {processor.py:161} INFO - Started process (PID=1733) to work on /home/airflow/.local/lib/python3.8/site-packages/airflow/example_dags/example_xcom.py
[2026-08-14T09:40:55.878+0000] {processor.py:830} INFO - Processing file /home/airflow/.local/lib/python3.8/site-packages/airflow/example_dags/example_xcom.py for tasks to queue
[2026-08-14T09:40:55.882+0000] {logging_mixin.py:188} INFO - [2026-08-14T09:40:55.881+0000] {dagbag.py:538} INFO - Filling up the DagBag from /home/airflow/.local/lib/python3.8/site-packages/airflow/example_dags/example_xcom.py
[2026-08-14T09:40:55.894+0000] {processor.py:840} INFO - DAG(s) 'example_xcom' retrieved from /home/airflow/.local/lib/python3.8/site-packages/airflow/example_dags/example_xcom.py
[2026-08-14T09:40:55.932+0000] {logging_mixin.py:188} INFO - [2026-08-14T09:40:55.931+0000] {dag.py:3036} INFO - Sync 1 DAGs
[2026-08-14T09:40:55.966+0000] {logging_mixin.py:188} INFO - [2026-08-14T09:40:55.966+0000] {dag.py:3823} INFO - Setting next_dagrun for example_xcom to 2021-01-01 00:00:00+00:00, run_after=2021-01-01 00:00:00+00:00
[2026-08-14T09:40:55.990+0000] {processor.py:183} INFO - Processing /home/airflow/.local/lib/python3.8/site-packages/airflow/example_dags/example_xcom.py took 0.121 seconds
[2026-08-14T09:41:27.203+0000] {processor.py:161} INFO - Started process (PID=1808) to work on /home/airflow/.local/lib/python3.8/site-packages/airflow/example_dags/example_xcom.py
[2026-08-14T09:41:27.204+0000] {processor.py:830} INFO - Processing file /home/airflow/.local/lib/python3.8/site-packages/airflow/example_dags/example_xcom.py for tasks to queue
[2026-08-14T09:41:27.207+0000] {logging_mixin.py:188} INFO - [2026-08-14T09:41:27.206+0000] {dagbag.py:538} INFO - Filling up the DagBag from /home/airflow/.local/lib/python3.8/site-packages/airflow/example_dags/example_xcom.py
[2026-08-14T09:41:27.216+0000] {processor.py:840} INFO - DAG(s) 'example_xcom' retrieved from /home/airflow/.local/lib/python3.8/site-packages/airflow/example_dags/example_xcom.py
[2026-08-14T09:41:27.239+0000] {logging_mixin.py:188} INFO - [2026-08-14T09:41:27.238+0000] {dag.py:3036} INFO - Sync 1 DAGs
[2026-08-14T09:41:27.259+0000] {logging_mixin.py:188} INFO - [2026-08-14T09:41:27.259+0000] {dag.py:3823} INFO - Setting next_dagrun for example_xcom to 2021-01-01 00:00:00+00:00, run_after=2021-01-01 00:00:00+00:00
[2026-08-14T09:41:27.279+0000] {processor.py:183} INFO - Processing /home/airflow/.local/lib/python3.8/site-packages/airflow/example_dags/example_xcom.py took 0.081 seconds
[2026-08-14T09:41:58.923+0000] {processor.py:161} INFO - Started process (PID=1883) to work on /home/airflow/.local/lib/python3.8/site-packages/airflow/example_dags/example_xcom.py
[2026-08-14T09:41:58.925+0000] {processor.py:830} INFO - Processing file /home/airflow/.local/lib/python3.8/site-packages/airflow/example_dags/example_xcom.py for tasks to queue
[2026-08-14T09:41:58.927+0000] {logging_mixin.py:188} INFO - [2026-08-14T09:41:58.926+0000] {dagbag.py:538} INFO - Filling up the DagBag from /home/airflow/.local/lib/python3.8/site-packages/airflow/example_dags/example_xcom.py
[2026-08-14T09:41:58.935+0000] {processor.py:840} INFO - DAG(s) 'example_xcom' retrieved from /home/airflow/.local/lib/python3.8/site-packages/airflow/example_dags/example_xcom.py
[2026-08-14T09:41:58.956+0000] {logging_mixin.py:188} INFO - [2026-08-14T09:41:58.956+0000] {dag.py:3036} INFO - Sync 1 DAGs
[2026-08-14T09:41:58.976+0000] {logging_mixin.py:188} INFO - [2026-08-14T09:41:58.976+0000] {dag.py:3823} INFO - Setting next_dagrun for example_xcom to 2021-01-01 00:00:00+00:00, run_after=2021-01-01 00:00:00+00:00
[2026-08-14T09:41:58.997+0000] {processor.py:183} INFO - Processing /home/airflow/.local/lib/python3.8/site-packages/airflow/example_dags/example_xcom.py took 0.077 seconds
[2026-08-14T09:42:29.586+0000] {processor.py:161} INFO - Started process (PID=1959) to work on /home/airflow/.local/lib/python3.8/site-packages/airflow/example_dags/example_xcom.py
[2026-08-14T09:42:29.588+0000] {processor.py:830} INFO - Processing file /home/airflow/.local/lib/python3.8/site-packages/airflow/example_dags/example_xcom.py for tasks to queue
[2026-08-14T09:42:29.590+0000] {logging_mixin.py:188} INFO - [2026-08-14T09:42:29.589+0000] {dagbag.py:538} INFO - Filling up the DagBag from /home/airflow/.local/lib/python3.8/site-packages/airflow/example_dags/example_xcom.py
[2026-08-14T09:42:29.600+0000] {processor.py:840} INFO - DAG(s) 'example_xcom' retrieved from /home/airflow/.local/lib/python3.8/site-packages/airflow/example_dags/example_xcom.py
[2026-08-14T09:42:29.628+0000] {logging_mixin.py:188} INFO - [2026-08-14T09:42:29.627+0000] {dag.py:3036} INFO - Sync 1 DAGs
[2026-08-14T09:42:29.653+0000] {logging_mixin.py:188} INFO - [2026-08-14T09:42:29.653+0000] {dag.py:3823} INFO - Setting next_dagrun for example_xcom to 2021-01-01 00:00:00+00:00, run_after=2021-01-01 00:00:00+00:00
[2026-08-14T09:42:29.673+0000] {processor.py:183} INFO - Processing /home/airflow/.local/lib/python3.8/site-packages/airflow/example_dags/example_xcom.py took 0.091 seconds
[2026-08-14T09:43:01.001+0000] {processor.py:161} INFO - Started process (PID=2034) to work on /home/airflow/.local/lib/python3.8/site-packages/airflow/example_dags/example_xcom.py
[2026-08-14T09:43:01.003+0000] {processor.py:830} INFO - Processing file /home/airflow/.local/lib/python3.8/site-packages/airflow/example_dags/example_xcom.py for tasks to queue
[2026-08-14T09:43:01.005+0000] {logging_mixin.py:188} INFO - [2026-08-14T09:43:01.004+0000] {dagbag.py:538} INFO - Filling up the DagBag from /home/airflow/.local/lib/python3.8/site-packages/airflow/example_dags/example_xcom.py
[2026-08-14T09:43:01.012+0000] {processor.py:840} INFO - DAG(s) 'example_xcom' retrieved from /home/airflow/.local/lib/python3.8/site-packages/airflow/example_dags/example_xcom.py
[2026-08-14T09:43:01.038+0000] {logging_mixin.py:188} INFO - [2026-08-14T09:43:01.038+0000] {dag.py:3036} INFO - Sync 1 DAGs
[2026-08-14T09:43:01.208+0000] {logging_mixin.py:188} INFO - [2026-08-14T09:43:01.208+0000] {dag.py:3823} INFO - Setting next_dagrun for example_xcom to 2021-01-01 00:00:00+00:00, run_after=2021-01-01 00:00:00+00:00
[2026-08-14T09:43:01.227+0000] {processor.py:183} INFO - Processing /home/airflow/.local/lib/python3.8/site-packages/airflow/example_dags/example_xcom.py took 0.231 seconds
[2026-08-14T09:43:31.480+0000] {processor.py:161} INFO - Started process (PID=2109) to work on /home/airflow/.local/lib/python3.8/site-packages/airflow/example_dags/example_xcom.py
[2026-08-14T09:43:31.481+0000] {processor.py:830} INFO - Processing file /home/airflow/.local/lib/python3.8/site-packages/airflow/example_dags/example_xcom.py for tasks to queue
[2026-08-14T09:43:31.483+0000] {logging_mixin.py:188} INFO - [2026-08-14T09:43:31.483+0000] {dagbag.py:538} INFO - Filling up the DagBag from /home/airflow/.local/lib/python3.8/site-packages/airflow/example_dags/example_xcom.py
[2026-08-14T09:43:31.492+0000] {processor.py:840} INFO - DAG(s) 'example_xcom' retrieved from /home/airflow/.local/lib/python3.8/site-packages/airflow/example_dags/example_xcom.py
[2026-08-14T09:43:31.516+0000] {logging_mixin.py:188} INFO - [2026-08-14T09:43:31.515+0000] {dag.py:3036} INFO - Sync 1 DAGs
[2026-08-14T09:43:31.536+0000] {logging_mixin.py:188} INFO - [2026-08-14T09:43:31.536+0000] {dag.py:3823} INFO - Setting next_dagrun for example_xcom to 2021-01-01 00:00:00+00:00, run_after=2021-01-01 00:00:00+00:00
[2026-08-14T09:43:31.557+0000] {processor.py:183} INFO - Processing /home/airflow/.local/lib/python3.8/site-packages/airflow/example_dags/example_xcom.py took 0.081 seconds
[2026-08-14T09:44:02.420+0000] {processor.py:161} INFO - Started process (PID=2184) to work on /home/airflow/.local/lib/python3.8/site-packages/airflow/example_dags/example_xcom.py
[2026-08-14T09:44:02.422+0000] {processor.py:830} INFO - Processing file /home/airflow/.local/lib/python3.8/site-packages/airflow/example_dags/example_xcom.py for tasks to queue
[2026-08-14T09:44:02.423+0000] {logging_mixin.py:188} INFO - [2026-08-14T09:44:02.423+0000] {dagbag.py:538} INFO - Filling up the DagBag from /home/airflow/.local/lib/python3.8/site-packages/airflow/example_dags/example_xcom.py
[2026-08-14T09:44:02.432+0000] {processor.py:840} INFO - DAG(s) 'example_xcom' retrieved from /home/airflow/.local/lib/python3.8/site-packages/airflow/example_dags/example_xcom.py
[2026-08-14T09:44:02.454+0000] {logging_mixin.py:188} INFO - [2026-08-14T09:44:02.453+0000] {dag.py:3036} INFO - Sync 1 DAGs
[2026-08-14T09:44:02.475+0000] {logging_mixin.py:188} INFO - [2026-08-14T09:44:02.475+0000] {dag.py:3823} INFO - Setting next_dagrun for example_xcom to 2021-01-01 00:00:00+00:00, run_after=2021-01-01 00:00:00+00:00
[2026-08-14T09:44:02.499+0000] {processor.py:183} INFO - Processing /home/airflow/.local/lib/python3.8/site-packages/airflow/example_dags/example_xcom.py took 0.082 seconds
[2026-08-14T09:44:32.963+0000] {processor.py:161} INFO - Started process (PID=2259) to work on /home/airflow/.local/lib/python3.8/site-packages/airflow/example_dags/example_xcom.py
[2026-08-14T09:44:32.965+0000] {processor.py:830} INFO - Processing file /home/airflow/.local/lib/python3.8/site-packages/airflow/example_dags/example_xcom.py for tasks to queue
[2026-08-14T09:44:32.968+0000] {logging_mixin.py:188} INFO - [2026-08-14T09:44:32.968+0000] {dagbag.py:538} INFO - Filling up the DagBag from /home/airflow/.local/lib/python3.8/site-packages/airflow/example_dags/example_xcom.py
[2026-08-14T09:44:32.980+0000] {processor.py:840} INFO - DAG(s) 'example_xcom' retrieved from /home/airflow/.local/lib/python3.8/site-packages/airflow/example_dags/example_xcom.py
[2026-08-14T09:44:33.010+0000] {logging_mixin.py:188} INFO - [2026-08-14T09:44:33.009+0000] {dag.py:3036} INFO - Sync 1 DAGs
[2026-08-14T09:44:33.036+0000] {logging_mixin.py:188} INFO - [2026-08-14T09:44:33.035+0000] {dag.py:3823} INFO - Setting next_dagrun for example_xcom to 2021-01-01 00:00:00+00:00, run_after=2021-01-01 00:00:00+00:00
[2026-08-14T09:44:33.059+0000] {processor.py:183} INFO - Processing /home/airflow/.local/lib/python3.8/site-packages/airflow/example_dags/example_xcom.py took 0.100 seconds
[2026-08-14T09:45:03.642+0000] {processor.py:161} INFO - Started process (PID=2334) to work on /home/airflow/.local/lib/python3.8/site-packages/airflow/example_dags/example_xcom.py
[2026-08-14T09:45:03.643+0000] {processor.py:830} INFO - Processing file /home/airflow/.local/lib/python3.8/site-packages/airflow/example_dags/example_xcom.py for tasks to queue
[2026-08-14T09:45:03.646+0000] {logging_mixin.py:188} INFO - [2026-08-14T09:45:03.646+0000] {dagbag.py:538} INFO - Filling up the DagBag from /home/airflow/.local/lib/python3.8/site-packages/airflow/example_dags/example_xcom.py
[2026-08-14T09:45:03.655+0000] {processor.py:840} INFO - DAG(s) 'example_xcom' retrieved from /home/airflow/.local/lib/python3.8/site-packages/airflow/example_dags/example_xcom.py
[2026-08-14T09:45:03.682+0000] {logging_mixin.py:188} INFO - [2026-08-14T09:45:03.682+0000] {dag.py:3036} INFO - Sync 1 DAGs
[2026-08-14T09:45:03.705+0000] {logging_mixin.py:188} INFO - [2026-08-14T09:45:03.705+0000] {dag.py:3823} INFO - Setting next_dagrun for example_xcom to 2021-01-01 00:00:00+00:00, run_after=2021-01-01 00:00:00+00:00
[2026-08-14T09:45:03.729+0000] {processor.py:183} INFO - Processing /home/airflow/.local/lib/python3.8/site-packages/airflow/example_dags/example_xcom.py took 0.092 seconds
[2026-08-14T09:45:35.569+0000] {processor.py:161} INFO - Started process (PID=2417) to work on /home/airflow/.local/lib/python3.8/site-packages/airflow/example_dags/example_xcom.py
[2026-08-14T09:45:35.571+0000] {processor.py:830} INFO - Processing file /home/airflow/.local/lib/python3.8/site-packages/airflow/example_dags/example_xcom.py for tasks to queue
[2026-08-14T09:45:35.575+0000] {logging_mixin.py:188} INFO - [2026-08-14T09:45:35.574+0000] {dagbag.py:538} INFO - Filling up the DagBag from /home/airflow/.local/lib/python3.8/site-packages/airflow/example_dags/example_xcom.py
[2026-08-14T09:45:35.591+0000] {processor.py:840} INFO - DAG(s) 'example_xcom' retrieved from /home/airflow/.local/lib/python3.8/site-packages/airflow/example_dags/example_xcom.py
[2026-08-14T09:45:35.654+0000] {logging_mixin.py:188} INFO - [2026-08-14T09:45:35.653+0000] {dag.py:3036} INFO - Sync 1 DAGs
[2026-08-14T09:45:35.706+0000] {logging_mixin.py:188} INFO - [2026-08-14T09:45:35.705+0000] {dag.py:3823} INFO - Setting next_dagrun for example_xcom to 2021-01-01 00:00:00+00:00, run_after=2021-01-01 00:00:00+00:00
[2026-08-14T09:45:35.753+0000] {processor.py:183} INFO - Processing /home/airflow/.local/lib/python3.8/site-packages/airflow/example_dags/example_xcom.py took 0.193 seconds
[2026-08-14T09:46:06.086+0000] {processor.py:161} INFO - Started process (PID=2504) to work on /home/airflow/.local/lib/python3.8/site-packages/airflow/example_dags/example_xcom.py
[2026-08-14T09:46:06.088+0000] {processor.py:830} INFO - Processing file /home/airflow/.local/lib/python3.8/site-packages/airflow/example_dags/example_xcom.py for tasks to queue
[2026-08-14T09:46:06.091+0000] {logging_mixin.py:188} INFO - [2026-08-14T09:46:06.091+0000] {dagbag.py:538} INFO - Filling up the DagBag from /home/airflow/.local/lib/python3.8/site-packages/airflow/example_dags/example_xcom.py
[2026-08-14T09:46:06.103+0000] {processor.py:840} INFO - DAG(s) 'example_xcom' retrieved from /home/airflow/.local/lib/python3.8/site-packages/airflow/example_dags/example_xcom.py
[2026-08-14T09:46:06.140+0000] {logging_mixin.py:188} INFO - [2026-08-14T09:46:06.140+0000] {dag.py:3036} INFO - Sync 1 DAGs
[2026-08-14T09:46:06.178+0000] {logging_mixin.py:188} INFO - [2026-08-14T09:46:06.177+0000] {dag.py:3823} INFO - Setting next_dagrun for example_xcom to 2021-01-01 00:00:00+00:00, run_after=2021-01-01 00:00:00+00:00
[2026-08-14T09:46:06.209+0000] {processor.py:183} INFO - Processing /home/airflow/.local/lib/python3.8/site-packages/airflow/example_dags/example_xcom.py took 0.128 seconds
[2026-08-14T09:46:37.397+0000] {processor.py:161} INFO - Started process (PID=2587) to work on /home/airflow/.local/lib/python3.8/site-packages/airflow/example_dags/example_xcom.py
[2026-08-14T09:46:37.399+0000] {processor.py:830} INFO - Processing file /home/airflow/.local/lib/python3.8/site-packages/airflow/example_dags/example_xcom.py for tasks to queue
[2026-08-14T09:46:37.402+0000] {logging_mixin.py:188} INFO - [2026-08-14T09:46:37.401+0000] {dagbag.py:538} INFO - Filling up the DagBag from /home/airflow/.local/lib/python3.8/site-packages/airflow/example_dags/example_xcom.py
[2026-08-14T09:46:37.411+0000] {processor.py:840} INFO - DAG(s) 'example_xcom' retrieved from /home/airflow/.local/lib/python3.8/site-packages/airflow/example_dags/example_xcom.py
[2026-08-14T09:46:37.449+0000] {logging_mixin.py:188} INFO - [2026-08-14T09:46:37.448+0000] {dag.py:3036} INFO - Sync 1 DAGs
[2026-08-14T09:46:37.520+0000] {logging_mixin.py:188} INFO - [2026-08-14T09:46:37.520+0000] {dag.py:3823} INFO - Setting next_dagrun for example_xcom to 2021-01-01 00:00:00+00:00, run_after=2021-01-01 00:00:00+00:00
[2026-08-14T09:46:37.564+0000] {processor.py:183} INFO - Processing /home/airflow/.local/lib/python3.8/site-packages/airflow/example_dags/example_xcom.py took 0.171 seconds
[2026-08-14T09:47:08.254+0000] {processor.py:161} INFO - Started process (PID=2666) to work on /home/airflow/.local/lib/python3.8/site-packages/airflow/example_dags/example_xcom.py
[2026-08-14T09:47:08.256+0000] {processor.py:830} INFO - Processing file /home/airflow/.local/lib/python3.8/site-packages/airflow/example_dags/example_xcom.py for tasks to queue
[2026-08-14T09:47:08.259+0000] {logging_mixin.py:188} INFO - [2026-08-14T09:47:08.258+0000] {dagbag.py:538} INFO - Filling up the DagBag from /home/airflow/.local/lib/python3.8/site-packages/airflow/example_dags/example_xcom.py
[2026-08-14T09:47:08.272+0000] {processor.py:840} INFO - DAG(s) 'example_xcom' retrieved from /home/airflow/.local/lib/python3.8/site-packages/airflow/example_dags/example_xcom.py
[2026-08-14T09:47:08.307+0000] {logging_mixin.py:188} INFO - [2026-08-14T09:47:08.306+0000] {dag.py:3036} INFO - Sync 1 DAGs
[2026-08-14T09:47:08.351+0000] {logging_mixin.py:188} INFO - [2026-08-14T09:47:08.350+0000] {dag.py:3823} INFO - Setting next_dagrun for example_xcom to 2021-01-01 00:00:00+00:00, run_after=2021-01-01 00:00:00+00:00
[2026-08-14T09:47:08.375+0000] {processor.py:183} INFO - Processing /home/airflow/.local/lib/python3.8/site-packages/airflow/example_dags/example_xcom.py took 0.126 seconds
[2026-08-14T09:47:38.523+0000] {processor.py:161} INFO - Started process (PID=2745) to work on /home/airflow/.local/lib/python3.8/site-packages/airflow/example_dags/example_xcom.py
[2026-08-14T09:47:38.524+0000] {processor.py:830} INFO - Processing file /home/airflow/.local/lib/python3.8/site-packages/airflow/example_dags/example_xcom.py for tasks to queue
[2026-08-14T09:47:38.527+0000] {logging_mixin.py:188} INFO - [2026-08-14T09:47:38.526+0000] {dagbag.py:538} INFO - Filling up the DagBag from /home/airflow/.local/lib/python3.8/site-packages/airflow/example_dags/example_xcom.py
[2026-08-14T09:47:38.535+0000] {processor.py:840} INFO - DAG(s) 'example_xcom' retrieved from /home/airflow/.local/lib/python3.8/site-packages/airflow/example_dags/example_xcom.py
[2026-08-14T09:47:38.560+0000] {logging_mixin.py:188} INFO - [2026-08-14T09:47:38.560+0000] {dag.py:3036} INFO - Sync 1 DAGs
[2026-08-14T09:47:38.582+0000] {logging_mixin.py:188} INFO - [2026-08-14T09:47:38.582+0000] {dag.py:3823} INFO - Setting next_dagrun for example_xcom to 2021-01-01 00:00:00+00:00, run_after=2021-01-01 00:00:00+00:00
[2026-08-14T09:47:38.607+0000] {processor.py:183} INFO - Processing /home/airflow/.local/lib/python3.8/site-packages/airflow/example_dags/example_xcom.py took 0.087 seconds
[2026-08-14T09:48:08.893+0000] {processor.py:161} INFO - Started process (PID=2820) to work on /home/airflow/.local/lib/python3.8/site-packages/airflow/example_dags/example_xcom.py
[2026-08-14T09:48:08.894+0000] {processor.py:830} INFO - Processing file /home/airflow/.local/lib/python3.8/site-packages/airflow/example_dags/example_xcom.py for tasks to queue
[2026-08-14T09:48:08.896+0000] {logging_mixin.py:188} INFO - [2026-08-14T09:48:08.896+0000] {dagbag.py:538} INFO - Filling up the DagBag from /home/airflow/.local/lib/python3.8/site-packages/airflow/example_dags/example_xcom.py
[2026-08-14T09:48:08.904+0000] {processor.py:840} INFO - DAG(s) 'example_xcom' retrieved from /home/airflow/.local/lib/python3.8/site-packages/airflow/example_dags/example_xcom.py
[2026-08-14T09:48:08.927+0000] {logging_mixin.py:188} INFO - [2026-08-14T09:48:08.926+0000] {dag.py:3036} INFO - Sync 1 DAGs
[2026-08-14T09:48:08.948+0000] {logging_mixin.py:188} INFO - [2026-08-14T09:48:08.948+0000] {dag.py:3823} INFO - Setting next_dagrun for example_xcom to 2021-01-01 00:00:00+00:00, run_after=2021-01-01 00:00:00+00:00
[2026-08-14T09:48:08.968+0000] {processor.py:183} INFO - Processing /home/airflow/.local/lib/python3.8/site-packages/airflow/example_dags/example_xcom.py took 0.079 seconds
[2026-08-14T09:48:39.990+0000] {processor.py:161} INFO - Started process (PID=2895) to work on /home/airflow/.local/lib/python3.8/site-packages/airflow/example_dags/example_xcom.py
[2026-08-14T09:48:39.991+0000] {processor.py:830} INFO - Processing file /home/airflow/.local/lib/python3.8/site-packages/airflow/example_dags/example_xcom.py for tasks to queue
[2026-08-14T09:48:39.993+0000] {logging_mixin.py:188} INFO - [2026-08-14T09:48:39.993+0000] {dagbag.py:538} INFO - Filling up the DagBag from /home/airflow/.local/lib/python3.8/site-packages/airflow/example_dags/example_xcom.py
[2026-08-14T09:48:40.002+0000] {processor.py:840} INFO - DAG(s) 'example_xcom' retrieved from /home/airflow/.local/lib/python3.8/site-packages/airflow/example_dags/example_xcom.py
[2026-08-14T09:48:40.025+0000] {logging_mixin.py:188} INFO - [2026-08-14T09:48:40.025+0000] {dag.py:3036} INFO - Sync 1 DAGs
[2026-08-14T09:48:40.053+0000] {logging_mixin.py:188} INFO - [2026-08-14T09:48:40.053+0000] {dag.py:3823} INFO - Setting next_dagrun for example_xcom to 2021-01-01 00:00:00+00:00, run_after=2021-01-01 00:00:00+00:00
[2026-08-14T09:48:40.084+0000] {processor.py:183} INFO - Processing /home/airflow/.local/lib/python3.8/site-packages/airflow/example_dags/example_xcom.py took 0.098 seconds
[2026-08-14T09:49:10.685+0000] {processor.py:161} INFO - Started process (PID=2970) to work on /home/airflow/.local/lib/python3.8/site-packages/airflow/example_dags/example_xcom.py
[2026-08-14T09:49:10.686+0000] {processor.py:830} INFO - Processing file /home/airflow/.local/lib/python3.8/site-packages/airflow/example_dags/example_xcom.py for tasks to queue
[2026-08-14T09:49:10.688+0000] {logging_mixin.py:188} INFO - [2026-08-14T09:49:10.688+0000] {dagbag.py:538} INFO - Filling up the DagBag from /home/airflow/.local/lib/python3.8/site-packages/airflow/example_dags/example_xcom.py
[2026-08-14T09:49:10.697+0000] {processor.py:840} INFO - DAG(s) 'example_xcom' retrieved from /home/airflow/.local/lib/python3.8/site-packages/airflow/example_dags/example_xcom.py
[2026-08-14T09:49:10.719+0000] {logging_mixin.py:188} INFO - [2026-08-14T09:49:10.719+0000] {dag.py:3036} INFO - Sync 1 DAGs
[2026-08-14T09:49:10.740+0000] {logging_mixin.py:188} INFO - [2026-08-14T09:49:10.739+0000] {dag.py:3823} INFO - Setting next_dagrun for example_xcom to 2021-01-01 00:00:00+00:00, run_after=2021-01-01 00:00:00+00:00
[2026-08-14T09:49:10.759+0000] {processor.py:183} INFO - Processing /home/airflow/.local/lib/python3.8/site-packages/airflow/example_dags/example_xcom.py took 0.078 seconds
[2026-08-14T09:49:42.459+0000] {processor.py:161} INFO - Started process (PID=3053) to work on /home/airflow/.local/lib/python3.8/site-packages/airflow/example_dags/example_xcom.py
[2026-08-14T09:49:42.461+0000] {processor.py:830} INFO - Processing file /home/airflow/.local/lib/python3.8/site-packages/airflow/example_dags/example_xcom.py for tasks to queue
[2026-08-14T09:49:42.464+0000] {logging_mixin.py:188} INFO - [2026-08-14T09:49:42.463+0000] {dagbag.py:538} INFO - Filling up the DagBag from /home/airflow/.local/lib/python3.8/site-packages/airflow/example_dags/example_xcom.py
[2026-08-14T09:49:42.477+0000] {processor.py:840} INFO - DAG(s) 'example_xcom' retrieved from /home/airflow/.local/lib/python3.8/site-packages/airflow/example_dags/example_xcom.py
[2026-08-14T09:49:42.511+0000] {logging_mixin.py:188} INFO - [2026-08-14T09:49:42.511+0000] {dag.py:3036} INFO - Sync 1 DAGs
[2026-08-14T09:49:42.541+0000] {logging_mixin.py:188} INFO - [2026-08-14T09:49:42.540+0000] {dag.py:3823} INFO - Setting next_dagrun for example_xcom to 2021-01-01 00:00:00+00:00, run_after=2021-01-01 00:00:00+00:00
[2026-08-14T09:49:42.565+0000] {processor.py:183} INFO - Processing /home/airflow/.local/lib/python3.8/site-packages/airflow/example_dags/example_xcom.py took 0.109 seconds
[2026-08-14T09:50:13.142+0000] {processor.py:161} INFO - Started process (PID=3128) to work on /home/airflow/.local/lib/python3.8/site-packages/airflow/example_dags/example_xcom.py
[2026-08-14T09:50:13.145+0000] {processor.py:830} INFO - Processing file /home/airflow/.local/lib/python3.8/site-packages/airflow/example_dags/example_xcom.py for tasks to queue
[2026-08-14T09:50:13.148+0000] {logging_mixin.py:188} INFO - [2026-08-14T09:50:13.148+0000] {dagbag.py:538} INFO - Filling up the DagBag from /home/airflow/.local/lib/python3.8/site-packages/airflow/example_dags/example_xcom.py
[2026-08-14T09:50:13.162+0000] {processor.py:840} INFO - DAG(s) 'example_xcom' retrieved from /home/airflow/.local/lib/python3.8/site-packages/airflow/example_dags/example_xcom.py
[2026-08-14T09:50:13.199+0000] {logging_mixin.py:188} INFO - [2026-08-14T09:50:13.199+0000] {dag.py:3036} INFO - Sync 1 DAGs
[2026-08-14T09:50:13.238+0000] {logging_mixin.py:188} INFO - [2026-08-14T09:50:13.237+0000] {dag.py:3823} INFO - Setting next_dagrun for example_xcom to 2021-01-01 00:00:00+00:00, run_after=2021-01-01 00:00:00+00:00
[2026-08-14T09:50:13.276+0000] {processor.py:183} INFO - Processing /home/airflow/.local/lib/python3.8/site-packages/airflow/example_dags/example_xcom.py took 0.139 seconds
[2026-08-14T09:50:43.386+0000] {processor.py:161} INFO - Started process (PID=3203) to work on /home/airflow/.local/lib/python3.8/site-packages/airflow/example_dags/example_xcom.py
[2026-08-14T09:50:43.387+0000] {processor.py:830} INFO - Processing file /home/airflow/.local/lib/python3.8/site-packages/airflow/example_dags/example_xcom.py for tasks to queue
[2026-08-14T09:50:43.390+0000] {logging_mixin.py:188} INFO - [2026-08-14T09:50:43.389+0000] {dagbag.py:538} INFO - Filling up the DagBag from /home/airflow/.local/lib/python3.8/site-packages/airflow/example_dags/example_xcom.py
[2026-08-14T09:50:43.398+0000] {processor.py:840} INFO - DAG(s) 'example_xcom' retrieved from /home/airflow/.local/lib/python3.8/site-packages/airflow/example_dags/example_xcom.py
[2026-08-14T09:50:43.420+0000] {logging_mixin.py:188} INFO - [2026-08-14T09:50:43.420+0000] {dag.py:3036} INFO - Sync 1 DAGs
[2026-08-14T09:50:43.442+0000] {logging_mixin.py:188} INFO - [2026-08-14T09:50:43.441+0000] {dag.py:3823} INFO - Setting next_dagrun for example_xcom to 2021-01-01 00:00:00+00:00, run_after=2021-01-01 00:00:00+00:00
[2026-08-14T09:50:43.463+0000] {processor.py:183} INFO - Processing /home/airflow/.local/lib/python3.8/site-packages/airflow/example_dags/example_xcom.py took 0.081 seconds
[2026-08-14T09:51:14.031+0000] {processor.py:161} INFO - Started process (PID=3278) to work on /home/airflow/.local/lib/python3.8/site-packages/airflow/example_dags/example_xcom.py
[2026-08-14T09:51:14.033+0000] {processor.py:830} INFO - Processing file /home/airflow/.local/lib/python3.8/site-packages/airflow/example_dags/example_xcom.py for tasks to queue
[2026-08-14T09:51:14.035+0000] {logging_mixin.py:188} INFO - [2026-08-14T09:51:14.035+0000] {dagbag.py:538} INFO - Filling up the DagBag from /home/airflow/.local/lib/python3.8/site-packages/airflow/example_dags/example_xcom.py
[2026-08-14T09:51:14.043+0000] {processor.py:840} INFO - DAG(s) 'example_xcom' retrieved from /home/airflow/.local/lib/python3.8/site-packages/airflow/example_dags/example_xcom.py
[2026-08-14T09:51:14.064+0000] {logging_mixin.py:188} INFO - [2026-08-14T09:51:14.063+0000] {dag.py:3036} INFO - Sync 1 DAGs
[2026-08-14T09:51:14.083+0000] {logging_mixin.py:188} INFO - [2026-08-14T09:51:14.083+0000] {dag.py:3823} INFO - Setting next_dagrun for example_xcom to 2021-01-01 00:00:00+00:00, run_after=2021-01-01 00:00:00+00:00
[2026-08-14T09:51:14.112+0000] {processor.py:183} INFO - Processing /home/airflow/.local/lib/python3.8/site-packages/airflow/example_dags/example_xcom.py took 0.084 seconds
[2026-08-14T09:51:45.572+0000] {processor.py:161} INFO - Started process (PID=3353) to work on /home/airflow/.local/lib/python3.8/site-packages/airflow/example_dags/example_xcom.py
[2026-08-14T09:51:45.573+0000] {processor.py:830} INFO - Processing file /home/airflow/.local/lib/python3.8/site-packages/airflow/example_dags/example_xcom.py for tasks to queue
[2026-08-14T09:51:45.576+0000] {logging_mixin.py:188} INFO - [2026-08-14T09:51:45.575+0000] {dagbag.py:538} INFO - Filling up the DagBag from /home/airflow/.local/lib/python3.8/site-packages/airflow/example_dags/example_xcom.py
[2026-08-14T09:51:45.584+0000] {processor.py:840} INFO - DAG(s) 'example_xcom' retrieved from /home/airflow/.local/lib/python3.8/site-packages/airflow/example_dags/example_xcom.py
[2026-08-14T09:51:45.606+0000] {logging_mixin.py:188} INFO - [2026-08-14T09:51:45.606+0000] {dag.py:3036} INFO - Sync 1 DAGs
[2026-08-14T09:51:45.627+0000] {logging_mixin.py:188} INFO - [2026-08-14T09:51:45.627+0000] {dag.py:3823} INFO - Setting next_dagrun for example_xcom to 2021-01-01 00:00:00+00:00, run_after=2021-01-01 00:00:00+00:00
[2026-08-14T09:51:45.648+0000] {processor.py:183} INFO - Processing /home/airflow/.local/lib/python3.8/site-packages/airflow/example_dags/example_xcom.py took 0.080 seconds
[2026-08-14T09:52:15.950+0000] {processor.py:161} INFO - Started process (PID=3428) to work on /home/airflow/.local/lib/python3.8/site-packages/airflow/example_dags/example_xcom.py
[2026-08-14T09:52:15.952+0000] {processor.py:830} INFO - Processing file /home/airflow/.local/lib/python3.8/site-packages/airflow/example_dags/example_xcom.py for tasks to queue
[2026-08-14T09:52:15.954+0000] {logging_mixin.py:188} INFO - [2026-08-14T09:52:15.953+0000] {dagbag.py:538} INFO - Filling up the DagBag from /home/airflow/.local/lib/python3.8/site-packages/airflow/example_dags/example_xcom.py
[2026-08-14T09:52:15.962+0000] {processor.py:840} INFO - DAG(s) 'example_xcom' retrieved from /home/airflow/.local/lib/python3.8/site-packages/airflow/example_dags/example_xcom.py
[2026-08-14T09:52:15.985+0000] {logging_mixin.py:188} INFO - [2026-08-14T09:52:15.985+0000] {dag.py:3036} INFO - Sync 1 DAGs
[2026-08-14T09:52:16.006+0000] {logging_mixin.py:188} INFO - [2026-08-14T09:52:16.006+0000] {dag.py:3823} INFO - Setting next_dagrun for example_xcom to 2021-01-01 00:00:00+00:00, run_after=2021-01-01 00:00:00+00:00
[2026-08-14T09:52:16.027+0000] {processor.py:183} INFO - Processing /home/airflow/.local/lib/python3.8/site-packages/airflow/example_dags/example_xcom.py took 0.081 seconds
[2026-08-14T09:52:46.530+0000] {processor.py:161} INFO - Started process (PID=3503) to work on /home/airflow/.local/lib/python3.8/site-packages/airflow/example_dags/example_xcom.py
[2026-08-14T09:52:46.531+0000] {processor.py:830} INFO - Processing file /home/airflow/.local/lib/python3.8/site-packages/airflow/example_dags/example_xcom.py for tasks to queue
[2026-08-14T09:52:46.533+0000] {logging_mixin.py:188} INFO - [2026-08-14T09:52:46.533+0000] {dagbag.py:538} INFO - Filling up the DagBag from /home/airflow/.local/lib/python3.8/site-packages/airflow/example_dags/example_xcom.py
[2026-08-14T09:52:46.541+0000] {processor.py:840} INFO - DAG(s) 'example_xcom' retrieved from /home/airflow/.local/lib/python3.8/site-packages/airflow/example_dags/example_xcom.py
[2026-08-14T09:52:46.563+0000] {logging_mixin.py:188} INFO - [2026-08-14T09:52:46.563+0000] {dag.py:3036} INFO - Sync 1 DAGs
[2026-08-14T09:52:46.585+0000] {logging_mixin.py:188} INFO - [2026-08-14T09:52:46.585+0000] {dag.py:3823} INFO - Setting next_dagrun for example_xcom to 2021-01-01 00:00:00+00:00, run_after=2021-01-01 00:00:00+00:00
[2026-08-14T09:52:46.605+0000] {processor.py:183} INFO - Processing /home/airflow/.local/lib/python3.8/site-packages/airflow/example_dags/example_xcom.py took 0.078 seconds
[2026-08-14T09:53:17.182+0000] {processor.py:161} INFO - Started process (PID=3578) to work on /home/airflow/.local/lib/python3.8/site-packages/airflow/example_dags/example_xcom.py
[2026-08-14T09:53:17.183+0000] {processor.py:830} INFO - Processing file /home/airflow/.local/lib/python3.8/site-packages/airflow/example_dags/example_xcom.py for tasks to queue
[2026-08-14T09:53:17.185+0000] {logging_mixin.py:188} INFO - [2026-08-14T09:53:17.185+0000] {dagbag.py:538} INFO - Filling up the DagBag from /home/airflow/.local/lib/python3.8/site-packages/airflow/example_dags/example_xcom.py
[2026-08-14T09:53:17.193+0000] {processor.py:840} INFO - DAG(s) 'example_xcom' retrieved from /home/airflow/.local/lib/python3.8/site-packages/airflow/example_dags/example_xcom.py
[2026-08-14T09:53:17.213+0000] {logging_mixin.py:188} INFO - [2026-08-14T09:53:17.212+0000] {dag.py:3036} INFO - Sync 1 DAGs
[2026-08-14T09:53:17.232+0000] {logging_mixin.py:188} INFO - [2026-08-14T09:53:17.232+0000] {dag.py:3823} INFO - Setting next_dagrun for example_xcom to 2021-01-01 00:00:00+00:00, run_after=2021-01-01 00:00:00+00:00
[2026-08-14T09:53:17.253+0000] {processor.py:183} INFO - Processing /home/airflow/.local/lib/python3.8/site-packages/airflow/example_dags/example_xcom.py took 0.074 seconds
