[2026-08-14T09:30:09.695+0000] {processor.py:161} INFO - Started process (PID=123) to work on /home/airflow/.local/lib/python3.8/site-packages/airflow/example_dags/example_short_circuit_decorator.py
[2026-08-14T09:30:09.699+0000] {processor.py:830} INFO - Processing file /home/airflow/.local/lib/python3.8/site-packages/airflow/example_dags/example_short_circuit_decorator.py for tasks to queue
[2026-08-14T09:30:09.707+0000] {logging_mixin.py:188} INFO - [2026-08-14T09:30:09.706+0000] {dagbag.py:538} INFO - Filling up the DagBag from /home/airflow/.local/lib/python3.8/site-packages/airflow/example_dags/example_short_circuit_decorator.py
[2026-08-14T09:30:09.746+0000] {processor.py:840} INFO - DAG(s) 'example_short_circuit_decorator' retrieved from /home/airflow/.local/lib/python3.8/site-packages/airflow/example_dags/example_short_circuit_decorator.py
[2026-08-14T09:30:10.259+0000] {logging_mixin.py:188} INFO - [2026-08-14T09:30:10.258+0000] {dag.py:3036} INFO - Sync 1 DAGs
[2026-08-14T09:30:10.351+0000] {logging_mixin.py:188} INFO - [2026-08-14T09:30:10.350+0000] {dag.py:3823} INFO - Setting next_dagrun for example_short_circuit_decorator to 2026-08-13 00:00:00+00:00, run_after=2026-08-14 00:00:00+00:00
[2026-08-14T09:30:10.469+0000] {processor.py:183} INFO - Processing /home/airflow/.local/lib/python3.8/site-packages/airflow/example_dags/example_short_circuit_decorator.py took 0.780 seconds
[2026-08-14T09:30:40.658+0000] {processor.py:161} INFO - Started process (PID=214) to work on /home/airflow/.local/lib/python3.8/site-packages/airflow/example_dags/example_short_circuit_decorator.py
[2026-08-14T09:30:40.660+0000] {processor.py:830} INFO - Processing file /home/airflow/.local/lib/python3.8/site-packages/airflow/example_dags/example_short_circuit_decorator.py for tasks to queue
[2026-08-14T09:30:40.663+0000] {logging_mixin.py:188} INFO - [2026-08-14T09:30:40.663+0000] {dagbag.py:538} INFO - Filling up the DagBag from /home/airflow/.local/lib/python3.8/site-packages/airflow/example_dags/example_short_circuit_decorator.py
[2026-08-14T09:30:40.676+0000] {processor.py:840} INFO - DAG(s) 'example_short_circuit_decorator' retrieved from /home/airflow/.local/lib/python3.8/site-packages/airflow/example_dags/example_short_circuit_decorator.py
[2026-08-14T09:30:40.692+0000] {logging_mixin.py:188} INFO - [2026-08-14T09:30:40.691+0000] {dag.py:3036} INFO - Sync 1 DAGs
[2026-08-14T09:30:40.718+0000] {logging_mixin.py:188} INFO - [2026-08-14T09:30:40.718+0000] {dag.py:3823} INFO - Setting next_dagrun for example_short_circuit_decorator to 2026-08-13 00:00:00+00:00, run_after=2026-08-14 00:00:00+00:00
[2026-08-14T09:30:40.741+0000] {processor.py:183} INFO - Processing /home/airflow/.local/lib/python3.8/site-packages/airflow/example_dags/example_short_circuit_decorator.py took 0.087 seconds
[2026-08-14T09:31:10.924+0000] {processor.py:161} INFO - Started process (PID=286) to work on /home/airflow/.local/lib/python3.8/site-packages/airflow/example_dags/example_short_circuit_decorator.py
[2026-08-14T09:31:10.926+0000] {processor.py:830} INFO - Processing file /home/airflow/.local/lib/python3.8/site-packages/airflow/example_dags/example_short_circuit_decorator.py for tasks to queue
[2026-08-14T09:31:10.928+0000] {logging_mixin.py:188} INFO - [2026-08-14T09:31:10.927+0000] {dagbag.py:538} INFO - Filling up the DagBag from /home/airflow/.local/lib/python3.8/site-packages/airflow/example_dags/example_short_circuit_decorator.py
[2026-08-14T09:31:10.941+0000] {processor.py:840} INFO - DAG(s) 'example_short_circuit_decorator' retrieved from /home/airflow/.local/lib/python3.8/site-packages/airflow/example_dags/example_short_circuit_decorator.py
[2026-08-14T09:31:10.956+0000] {logging_mixin.py:188} INFO - [2026-08-14T09:31:10.956+0000] {dag.py:3036} INFO - Sync 1 DAGs
[2026-08-14T09:31:10.982+0000] {logging_mixin.py:188} INFO - [2026-08-14T09:31:10.982+0000] {dag.py:3823} INFO - Setting next_dagrun for example_short_circuit_decorator to 2026-08-13 00:00:00+00:00, run_after=2026-08-14 00:00:00+00:00
[2026-08-14T09:31:11.052+0000] {processor.py:183} INFO - Processing /home/airflow/.local/lib/python3.8/site-packages/airflow/example_dags/example_short_circuit_decorator.py took 0.131 seconds
[2026-08-14T09:31:41.932+0000] {processor.py:161} INFO - Started process (PID=359) to work on /home/airflow/.local/lib/python3.8/site-packages/airflow/example_dags/example_short_circuit_decorator.py
[2026-08-14T09:31:41.933+0000] {processor.py:830} INFO - Processing file /home/airflow/.local/lib/python3.8/site-packages/airflow/example_dags/example_short_circuit_decorator.py for tasks to queue
[2026-08-14T09:31:41.935+0000] {logging_mixin.py:188} INFO - [2026-08-14T09:31:41.935+0000] {dagbag.py:538} INFO - Filling up the DagBag from /home/airflow/.local/lib/python3.8/site-packages/airflow/example_dags/example_short_circuit_decorator.py
[2026-08-14T09:31:41.945+0000] {processor.py:840} INFO - DAG(s) 'example_short_circuit_decorator' retrieved from /home/airflow/.local/lib/python3.8/site-packages/airflow/example_dags/example_short_circuit_decorator.py
[2026-08-14T09:31:42.041+0000] {logging_mixin.py:188} INFO - [2026-08-14T09:31:42.041+0000] {dag.py:3036} INFO - Sync 1 DAGs
[2026-08-14T09:31:42.060+0000] {logging_mixin.py:188} INFO - [2026-08-14T09:31:42.060+0000] {dag.py:3823} INFO - Setting next_dagrun for example_short_circuit_decorator to 2026-08-13 00:00:00+00:00, run_after=2026-08-14 00:00:00+00:00
[2026-08-14T09:31:42.114+0000] {processor.py:183} INFO - Processing /home/airflow/.local/lib/python3.8/site-packages/airflow/example_dags/example_short_circuit_decorator.py took 0.187 seconds
[2026-08-14T09:32:12.453+0000] {processor.py:161} INFO - Started process (PID=436) to work on /home/airflow/.local/lib/python3.8/site-packages/airflow/example_dags/example_short_circuit_decorator.py
[2026-08-14T09:32:12.455+0000] {processor.py:830} INFO - Processing file /home/airflow/.local/lib/python3.8/site-packages/airflow/example_dags/example_short_circuit_decorator.py for tasks to queue
[2026-08-14T09:32:12.458+0000] {logging_mixin.py:188} INFO - [2026-08-14T09:32:12.458+0000] {dagbag.py:538} INFO - Filling up the DagBag from /home/airflow/.local/lib/python3.8/site-packages/airflow/example_dags/example_short_circuit_decorator.py
[2026-08-14T09:32:12.472+0000] {processor.py:840} INFO - DAG(s) 'example_short_circuit_decorator' retrieved from /home/airflow/.local/lib/python3.8/site-packages/airflow/example_dags/example_short_circuit_decorator.py
[2026-08-14T09:32:12.509+0000] {logging_mixin.py:188} INFO - [2026-08-14T09:32:12.508+0000] {dag.py:3036} INFO - Sync 1 DAGs
[2026-08-14T09:32:12.543+0000] {logging_mixin.py:188} INFO - [2026-08-14T09:32:12.542+0000] {dag.py:3823} INFO - Setting next_dagrun for example_short_circuit_decorator to 2026-08-13 00:00:00+00:00, run_after=2026-08-14 00:00:00+00:00
[2026-08-14T09:32:12.606+0000] {processor.py:183} INFO - Processing /home/airflow/.local/lib/python3.8/site-packages/airflow/example_dags/example_short_circuit_decorator.py took 0.158 seconds
[2026-08-14T09:32:42.945+0000] {processor.py:161} INFO - Started process (PID=513) to work on /home/airflow/.local/lib/python3.8/site-packages/airflow/example_dags/example_short_circuit_decorator.py
[2026-08-14T09:32:42.946+0000] {processor.py:830} INFO - Processing file /home/airflow/.local/lib/python3.8/site-packages/airflow/example_dags/example_short_circuit_decorator.py for tasks to queue
[2026-08-14T09:32:42.949+0000] {logging_mixin.py:188} INFO - [2026-08-14T09:32:42.948+0000] {dagbag.py:538} INFO - Filling up the DagBag from /home/airflow/.local/lib/python3.8/site-packages/airflow/example_dags/example_short_circuit_decorator.py
[2026-08-14T09:32:42.958+0000] {processor.py:840} INFO - DAG(s) 'example_short_circuit_decorator' retrieved from /home/airflow/.local/lib/python3.8/site-packages/airflow/example_dags/example_short_circuit_decorator.py
[2026-08-14T09:32:42.984+0000] {logging_mixin.py:188} INFO - [2026-08-14T09:32:42.983+0000] {dag.py:3036} INFO - Sync 1 DAGs
[2026-08-14T09:32:43.004+0000] {logging_mixin.py:188} INFO - [2026-08-14T09:32:43.004+0000] {dag.py:3823} INFO - Setting next_dagrun for example_short_circuit_decorator to 2026-08-13 00:00:00+00:00, run_after=2026-08-14 00:00:00+00:00
[2026-08-14T09:32:43.053+0000] {processor.py:183} INFO - Processing /home/airflow/.local/lib/python3.8/site-packages/airflow/example_dags/example_short_circuit_decorator.py took 0.112 seconds
[2026-08-14T09:33:13.162+0000] {processor.py:161} INFO - Started process (PID=586) to work on /home/airflow/.local/lib/python3.8/site-packages/airflow/example_dags/example_short_circuit_decorator.py
[2026-08-14T09:33:13.163+0000] {processor.py:830} INFO - Processing file /home/airflow/.local/lib/python3.8/site-packages/airflow/example_dags/example_short_circuit_decorator.py for tasks to queue
[2026-08-14T09:33:13.165+0000] {logging_mixin.py:188} INFO - [2026-08-14T09:33:13.165+0000] {dagbag.py:538} INFO - Filling up the DagBag from /home/airflow/.local/lib/python3.8/site-packages/airflow/example_dags/example_short_circuit_decorator.py
[2026-08-14T09:33:13.174+0000] {processor.py:840} INFO - DAG(s) 'example_short_circuit_decorator' retrieved from /home/airflow/.local/lib/python3.8/site-packages/airflow/example_dags/example_short_circuit_decorator.py
[2026-08-14T09:33:13.197+0000] {logging_mixin.py:188} INFO - [2026-08-14T09:33:13.196+0000] {dag.py:3036} INFO - Sync 1 DAGs
[2026-08-14T09:33:13.216+0000] {logging_mixin.py:188} INFO - [2026-08-14T09:33:13.216+0000] {dag.py:3823} INFO - Setting next_dagrun for example_short_circuit_decorator to 2026-08-13 00:00:00+00:00, run_after=2026-08-14 00:00:00+00:00
[2026-08-14T09:33:13.235+0000] {processor.py:183} INFO - Processing /home/airflow/.local/lib/python3.8/site-packages/airflow/example_dags/example_short_circuit_decorator.py took 0.076 seconds
[2026-08-14T09:33:43.403+0000] {processor.py:161} INFO - Started process (PID=659) to work on /home/airflow/.local/lib/python3.8/site-packages/airflow/example_dags/example_short_circuit_decorator.py
[2026-08-14T09:33:43.405+0000] {processor.py:830} INFO - Processing file /home/airflow/.local/lib/python3.8/site-packages/airflow/example_dags/example_short_circuit_decorator.py for tasks to queue
[2026-08-14T09:33:43.409+0000] {logging_mixin.py:188} INFO - [2026-08-14T09:33:43.409+0000] {dagbag.py:538} INFO - Filling up the DagBag from /home/airflow/.local/lib/python3.8/site-packages/airflow/example_dags/example_short_circuit_decorator.py
[2026-08-14T09:33:43.419+0000] {processor.py:840} INFO - DAG(s) 'example_short_circuit_decorator' retrieved from /home/airflow/.local/lib/python3.8/site-packages/airflow/example_dags/example_short_circuit_decorator.py
[2026-08-14T09:33:43.449+0000] {logging_mixin.py:188} INFO - [2026-08-14T09:33:43.449+0000] {dag.py:3036} INFO - Sync 1 DAGs
[2026-08-14T09:33:43.488+0000] {logging_mixin.py:188} INFO - [2026-08-14T09:33:43.487+0000] {dag.py:3823} INFO - Setting next_dagrun for example_short_circuit_decorator to 2026-08-13 00:00:00+00:00, run_after=2026-08-14 00:00:00+00:00
[2026-08-14T09:33:43.537+0000] {processor.py:183} INFO - Processing /home/airflow/.local/lib/python3.8/site-packages/airflow/example_dags/example_short_circuit_decorator.py took 0.139 seconds
[2026-08-14T09:34:13.747+0000] {processor.py:161} INFO - Started process (PID=732) to work on /home/airflow/.local/lib/python3.8/site-packages/airflow/example_dags/example_short_circuit_decorator.py
[2026-08-14T09:34:13.748+0000] {processor.py:830} INFO - Processing file /home/airflow/.local/lib/python3.8/site-packages/airflow/example_dags/example_short_circuit_decorator.py for tasks to queue
[2026-08-14T09:34:13.759+0000] {logging_mixin.py:188} INFO - [2026-08-14T09:34:13.758+0000] {dagbag.py:538} INFO - Filling up the DagBag from /home/airflow/.local/lib/python3.8/site-packages/airflow/example_dags/example_short_circuit_decorator.py
[2026-08-14T09:34:13.778+0000] {processor.py:840} INFO - DAG(s) 'example_short_circuit_decorator' retrieved from /home/airflow/.local/lib/python3.8/site-packages/airflow/example_dags/example_short_circuit_decorator.py
[2026-08-14T09:34:13.817+0000] {logging_mixin.py:188} INFO - [2026-08-14T09:34:13.816+0000] {dag.py:3036} INFO - Sync 1 DAGs
[2026-08-14T09:34:13.853+0000] {logging_mixin.py:188} INFO - [2026-08-14T09:34:13.852+0000] {dag.py:3823} INFO - Setting next_dagrun for example_short_circuit_decorator to 2026-08-13 00:00:00+00:00, run_after=2026-08-14 00:00:00+00:00
[2026-08-14T09:34:13.886+0000] {processor.py:183} INFO - Processing /home/airflow/.local/lib/python3.8/site-packages/airflow/example_dags/example_short_circuit_decorator.py took 0.144 seconds
[2026-08-14T09:34:44.081+0000] {processor.py:161} INFO - Started process (PID=805) to work on /home/airflow/.local/lib/python3.8/site-packages/airflow/example_dags/example_short_circuit_decorator.py
[2026-08-14T09:34:44.082+0000] {processor.py:830} INFO - Processing file /home/airflow/.local/lib/python3.8/site-packages/airflow/example_dags/example_short_circuit_decorator.py for tasks to queue
[2026-08-14T09:34:44.084+0000] {logging_mixin.py:188} INFO - [2026-08-14T09:34:44.084+0000] {dagbag.py:538} INFO - Filling up the DagBag from /home/airflow/.local/lib/python3.8/site-packages/airflow/example_dags/example_short_circuit_decorator.py
[2026-08-14T09:34:44.093+0000] {processor.py:840} INFO - DAG(s) 'example_short_circuit_decorator' retrieved from /home/airflow/.local/lib/python3.8/site-packages/airflow/example_dags/example_short_circuit_decorator.py
[2026-08-14T09:34:44.115+0000] {logging_mixin.py:188} INFO - [2026-08-14T09:34:44.115+0000] {dag.py:3036} INFO - Sync 1 DAGs
[2026-08-14T09:34:44.136+0000] {logging_mixin.py:188} INFO - [2026-08-14T09:34:44.136+0000] {dag.py:3823} INFO - Setting next_dagrun for example_short_circuit_decorator to 2026-08-13 00:00:00+00:00, run_after=2026-08-14 00:00:00+00:00
[2026-08-14T09:34:44.155+0000] {processor.py:183} INFO - Processing /home/airflow/.local/lib/python3.8/site-packages/airflow/example_dags/example_short_circuit_decorator.py took 0.078 seconds
[2026-08-14T09:35:14.956+0000] {processor.py:161} INFO - Started process (PID=891) to work on /home/airflow/.local/lib/python3.8/site-packages/airflow/example_dags/example_short_circuit_decorator.py
[2026-08-14T09:35:14.958+0000] {processor.py:830} INFO - Processing file /home/airflow/.local/lib/python3.8/site-packages/airflow/example_dags/example_short_circuit_decorator.py for tasks to queue
[2026-08-14T09:35:14.962+0000] {logging_mixin.py:188} INFO - [2026-08-14T09:35:14.961+0000] {dagbag.py:538} INFO - Filling up the DagBag from /home/airflow/.local/lib/python3.8/site-packages/airflow/example_dags/example_short_circuit_decorator.py
[2026-08-14T09:35:14.976+0000] {processor.py:840} INFO - DAG(s) 'example_short_circuit_decorator' retrieved from /home/airflow/.local/lib/python3.8/site-packages/airflow/example_dags/example_short_circuit_decorator.py
[2026-08-14T09:35:15.013+0000] {logging_mixin.py:188} INFO - [2026-08-14T09:35:15.013+0000] {dag.py:3036} INFO - Sync 1 DAGs
[2026-08-14T09:35:15.050+0000] {logging_mixin.py:188} INFO - [2026-08-14T09:35:15.049+0000] {dag.py:3823} INFO - Setting next_dagrun for example_short_circuit_decorator to 2026-08-13 00:00:00+00:00, run_after=2026-08-14 00:00:00+00:00
[2026-08-14T09:35:15.090+0000] {processor.py:183} INFO - Processing /home/airflow/.local/lib/python3.8/site-packages/airflow/example_dags/example_short_circuit_decorator.py took 0.138 seconds
[2026-08-14T09:35:46.180+0000] {processor.py:161} INFO - Started process (PID=976) to work on /home/airflow/.local/lib/python3.8/site-packages/airflow/example_dags/example_short_circuit_decorator.py
[2026-08-14T09:35:46.181+0000] {processor.py:830} INFO - Processing file /home/airflow/.local/lib/python3.8/site-packages/airflow/example_dags/example_short_circuit_decorator.py for tasks to queue
[2026-08-14T09:35:46.184+0000] {logging_mixin.py:188} INFO - [2026-08-14T09:35:46.183+0000] {dagbag.py:538} INFO - Filling up the DagBag from /home/airflow/.local/lib/python3.8/site-packages/airflow/example_dags/example_short_circuit_decorator.py
[2026-08-14T09:35:46.193+0000] {processor.py:840} INFO - DAG(s) 'example_short_circuit_decorator' retrieved from /home/airflow/.local/lib/python3.8/site-packages/airflow/example_dags/example_short_circuit_decorator.py
[2026-08-14T09:35:46.220+0000] {logging_mixin.py:188} INFO - [2026-08-14T09:35:46.219+0000] {dag.py:3036} INFO - Sync 1 DAGs
[2026-08-14T09:35:46.246+0000] {logging_mixin.py:188} INFO - [2026-08-14T09:35:46.246+0000] {dag.py:3823} INFO - Setting next_dagrun for example_short_circuit_decorator to 2026-08-13 00:00:00+00:00, run_after=2026-08-14 00:00:00+00:00
[2026-08-14T09:35:46.280+0000] {processor.py:183} INFO - Processing /home/airflow/.local/lib/python3.8/site-packages/airflow/example_dags/example_short_circuit_decorator.py took 0.104 seconds
[2026-08-14T09:36:16.993+0000] {processor.py:161} INFO - Started process (PID=1059) to work on /home/airflow/.local/lib/python3.8/site-packages/airflow/example_dags/example_short_circuit_decorator.py
[2026-08-14T09:36:16.995+0000] {processor.py:830} INFO - Processing file /home/airflow/.local/lib/python3.8/site-packages/airflow/example_dags/example_short_circuit_decorator.py for tasks to queue
[2026-08-14T09:36:16.997+0000] {logging_mixin.py:188} INFO - [2026-08-14T09:36:16.997+0000] {dagbag.py:538} INFO - Filling up the DagBag from /home/airflow/.local/lib/python3.8/site-packages/airflow/example_dags/example_short_circuit_decorator.py
[2026-08-14T09:36:17.009+0000] {processor.py:840} INFO - DAG(s) 'example_short_circuit_decorator' retrieved from /home/airflow/.local/lib/python3.8/site-packages/airflow/example_dags/example_short_circuit_decorator.py
[2026-08-14T09:36:17.038+0000] {logging_mixin.py:188} INFO - [2026-08-14T09:36:17.037+0000] {dag.py:3036} INFO - Sync 1 DAGs
[2026-08-14T09:36:17.063+0000] {logging_mixin.py:188} INFO - [2026-08-14T09:36:17.063+0000] {dag.py:3823} INFO - Setting next_dagrun for example_short_circuit_decorator to 2026-08-13 00:00:00+00:00, run_after=2026-08-14 00:00:00+00:00
[2026-08-14T09:36:17.086+0000] {processor.py:183} INFO - Processing /home/airflow/.local/lib/python3.8/site-packages/airflow/example_dags/example_short_circuit_decorator.py took 0.098 seconds
[2026-08-14T09:36:48.035+0000] {processor.py:161} INFO - Started process (PID=1134) to work on /home/airflow/.local/lib/python3.8/site-packages/airflow/example_dags/example_short_circuit_decorator.py
[2026-08-14T09:36:48.036+0000] {processor.py:830} INFO - Processing file /home/airflow/.local/lib/python3.8/site-packages/airflow/example_dags/example_short_circuit_decorator.py for tasks to queue
[2026-08-14T09:36:48.038+0000] {logging_mixin.py:188} INFO - [2026-08-14T09:36:48.038+0000] {dagbag.py:538} INFO - Filling up the DagBag from /home/airflow/.local/lib/python3.8/site-packages/airflow/example_dags/example_short_circuit_decorator.py
[2026-08-14T09:36:48.050+0000] {processor.py:840} INFO - DAG(s) 'example_short_circuit_decorator' retrieved from /home/airflow/.local/lib/python3.8/site-packages/airflow/example_dags/example_short_circuit_decorator.py
[2026-08-14T09:36:48.080+0000] {logging_mixin.py:188} INFO - [2026-08-14T09:36:48.080+0000] {dag.py:3036} INFO - Sync 1 DAGs
[2026-08-14T09:36:48.107+0000] {logging_mixin.py:188} INFO - [2026-08-14T09:36:48.107+0000] {dag.py:3823} INFO - Setting next_dagrun for example_short_circuit_decorator to 2026-08-13 00:00:00+00:00, run_after=2026-08-14 00:00:00+00:00
[2026-08-14T09:36:48.137+0000] {processor.py:183} INFO - Processing /home/airflow/.local/lib/python3.8/site-packages/airflow/example_dags/example_short_circuit_decorator.py took 0.106 seconds
[2026-08-14T09:37:19.005+0000] {processor.py:161} INFO - Started process (PID=1209) to work on /home/airflow/.local/lib/python3.8/site-packages/airflow/example_dags/example_short_circuit_decorator.py
[2026-08-14T09:37:19.006+0000] {processor.py:830} INFO - Processing file /home/airflow/.local/lib/python3.8/site-packages/airflow/example_dags/example_short_circuit_decorator.py for tasks to queue
[2026-08-14T09:37:19.008+0000] {logging_mixin.py:188} INFO - [2026-08-14T09:37:19.008+0000] {dagbag.py:538} INFO - Filling up the DagBag from /home/airflow/.local/lib/python3.8/site-packages/airflow/example_dags/example_short_circuit_decorator.py
[2026-08-14T09:37:19.020+0000] {processor.py:840} INFO - DAG(s) 'example_short_circuit_decorator' retrieved from /home/airflow/.local/lib/python3.8/site-packages/airflow/example_dags/example_short_circuit_decorator.py
[2026-08-14T09:37:19.047+0000] {logging_mixin.py:188} INFO - [2026-08-14T09:37:19.046+0000] {dag.py:3036} INFO - Sync 1 DAGs
[2026-08-14T09:37:19.070+0000] {logging_mixin.py:188} INFO - [2026-08-14T09:37:19.070+0000] {dag.py:3823} INFO - Setting next_dagrun for example_short_circuit_decorator to 2026-08-13 00:00:00+00:00, run_after=2026-08-14 00:00:00+00:00
[2026-08-14T09:37:19.095+0000] {processor.py:183} INFO - Processing /home/airflow/.local/lib/python3.8/site-packages/airflow/example_dags/example_short_circuit_decorator.py took 0.095 seconds
[2026-08-14T09:37:49.923+0000] {processor.py:161} INFO - Started process (PID=1284) to work on /home/airflow/.local/lib/python3.8/site-packages/airflow/example_dags/example_short_circuit_decorator.py
[2026-08-14T09:37:49.925+0000] {processor.py:830} INFO - Processing file /home/airflow/.local/lib/python3.8/site-packages/airflow/example_dags/example_short_circuit_decorator.py for tasks to queue
[2026-08-14T09:37:49.927+0000] {logging_mixin.py:188} INFO - [2026-08-14T09:37:49.927+0000] {dagbag.py:538} INFO - Filling up the DagBag from /home/airflow/.local/lib/python3.8/site-packages/airflow/example_dags/example_short_circuit_decorator.py
[2026-08-14T09:37:49.937+0000] {processor.py:840} INFO - DAG(s) 'example_short_circuit_decorator' retrieved from /home/airflow/.local/lib/python3.8/site-packages/airflow/example_dags/example_short_circuit_decorator.py
[2026-08-14T09:37:49.963+0000] {logging_mixin.py:188} INFO - [2026-08-14T09:37:49.963+0000] {dag.py:3036} INFO - Sync 1 DAGs
[2026-08-14T09:37:49.988+0000] {logging_mixin.py:188} INFO - [2026-08-14T09:37:49.987+0000] {dag.py:3823} INFO - Setting next_dagrun for example_short_circuit_decorator to 2026-08-13 00:00:00+00:00, run_after=2026-08-14 00:00:00+00:00
[2026-08-14T09:37:50.010+0000] {processor.py:183} INFO - Processing /home/airflow/.local/lib/python3.8/site-packages/airflow/example_dags/example_short_circuit_decorator.py took 0.090 seconds
[2026-08-14T09:38:20.123+0000] {processor.py:161} INFO - Started process (PID=1359) to work on /home/airflow/.local/lib/python3.8/site-packages/airflow/example_dags/example_short_circuit_decorator.py
[2026-08-14T09:38:20.124+0000] {processor.py:830} INFO - Processing file /home/airflow/.local/lib/python3.8/site-packages/airflow/example_dags/example_short_circuit_decorator.py for tasks to queue
[2026-08-14T09:38:20.126+0000] {logging_mixin.py:188} INFO - [2026-08-14T09:38:20.126+0000] {dagbag.py:538} INFO - Filling up the DagBag from /home/airflow/.local/lib/python3.8/site-packages/airflow/example_dags/example_short_circuit_decorator.py
[2026-08-14T09:38:20.135+0000] {processor.py:840} INFO - DAG(s) 'example_short_circuit_decorator' retrieved from /home/airflow/.local/lib/python3.8/site-packages/airflow/example_dags/example_short_circuit_decorator.py
[2026-08-14T09:38:20.158+0000] {logging_mixin.py:188} INFO - [2026-08-14T09:38:20.158+0000] {dag.py:3036} INFO - Sync 1 DAGs
[2026-08-14T09:38:20.181+0000] {logging_mixin.py:188} INFO - [2026-08-14T09:38:20.181+0000] {dag.py:3823} INFO - Setting next_dagrun for example_short_circuit_decorator to 2026-08-13 00:00:00+00:00, run_after=2026-08-14 00:00:00+00:00
[2026-08-14T09:38:20.202+0000] {processor.py:183} INFO - Processing /home/airflow/.local/lib/python3.8/site-packages/airflow/example_dags/example_short_circuit_decorator.py took 0.083 seconds
[2026-08-14T09:38:51.729+0000] {processor.py:161} INFO - Started process (PID=1441) to work on /home/airflow/.local/lib/python3.8/site-packages/airflow/example_dags/example_short_circuit_decorator.py
[2026-08-14T09:38:51.731+0000] {processor.py:830} INFO - Processing file /home/airflow/.local/lib/python3.8/site-packages/airflow/example_dags/example_short_circuit_decorator.py for tasks to queue
[2026-08-14T09:38:51.741+0000] {logging_mixin.py:188} INFO - [2026-08-14T09:38:51.741+0000] {dagbag.py:538} INFO - Filling up the DagBag from /home/airflow/.local/lib/python3.8/site-packages/airflow/example_dags/example_short_circuit_decorator.py
[2026-08-14T09:38:51.758+0000] {processor.py:840} INFO - DAG(s) 'example_short_circuit_decorator' retrieved from /home/airflow/.local/lib/python3.8/site-packages/airflow/example_dags/example_short_circuit_decorator.py
[2026-08-14T09:38:51.790+0000] {logging_mixin.py:188} INFO - [2026-08-14T09:38:51.789+0000] {dag.py:3036} INFO - Sync 1 DAGs
[2026-08-14T09:38:51.820+0000] {logging_mixin.py:188} INFO - [2026-08-14T09:38:51.819+0000] {dag.py:3823} INFO - Setting next_dagrun for example_short_circuit_decorator to 2026-08-13 00:00:00+00:00, run_after=2026-08-14 00:00:00+00:00
[2026-08-14T09:38:51.846+0000] {processor.py:183} INFO - Processing /home/airflow/.local/lib/python3.8/site-packages/airflow/example_dags/example_short_circuit_decorator.py took 0.124 seconds
[2026-08-14T09:39:22.610+0000] {processor.py:161} INFO - Started process (PID=1516) to work on /home/airflow/.local/lib/python3.8/site-packages/airflow/example_dags/example_short_circuit_decorator.py
[2026-08-14T09:39:22.611+0000] {processor.py:830} INFO - Processing file /home/airflow/.local/lib/python3.8/site-packages/airflow/example_dags/example_short_circuit_decorator.py for tasks to queue
[2026-08-14T09:39:22.613+0000] {logging_mixin.py:188} INFO - [2026-08-14T09:39:22.613+0000] {dagbag.py:538} INFO - Filling up the DagBag from /home/airflow/.local/lib/python3.8/site-packages/airflow/example_dags/example_short_circuit_decorator.py
[2026-08-14T09:39:22.623+0000] {processor.py:840} INFO - DAG(s) 'example_short_circuit_decorator' retrieved from /home/airflow/.local/lib/python3.8/site-packages/airflow/example_dags/example_short_circuit_decorator.py
[2026-08-14T09:39:22.646+0000] {logging_mixin.py:188} INFO - [2026-08-14T09:39:22.646+0000] {dag.py:3036} INFO - Sync 1 DAGs
[2026-08-14T09:39:22.674+0000] {logging_mixin.py:188} INFO - [2026-08-14T09:39:22.674+0000] {dag.py:3823} INFO - Setting next_dagrun for example_short_circuit_decorator to 2026-08-13 00:00:00+00:00, run_after=2026-08-14 00:00:00+00:00
[2026-08-14T09:39:22.695+0000] {processor.py:183} INFO - Processing /home/airflow/.local/lib/python3.8/site-packages/airflow/example_dags/example_short_circuit_decorator.py took 0.089 seconds
[2026-08-14T09:39:53.502+0000] {processor.py:161} INFO - Started process (PID=1591) to work on /home/airflow/.local/lib/python3.8/site-packages/airflow/example_dags/example_short_circuit_decorator.py
[2026-08-14T09:39:53.504+0000] {processor.py:830} INFO - Processing file /home/airflow/.local/lib/python3.8/site-packages/airflow/example_dags/example_short_circuit_decorator.py for tasks to queue
[2026-08-14T09:39:53.507+0000] {logging_mixin.py:188} INFO - [2026-08-14T09:39:53.507+0000] {dagbag.py:538} INFO - Filling up the DagBag from /home/airflow/.local/lib/python3.8/site-packages/airflow/example_dags/example_short_circuit_decorator.py
[2026-08-14T09:39:53.518+0000] {processor.py:840} INFO - DAG(s) 'example_short_circuit_decorator' retrieved from /home/airflow/.local/lib/python3.8/site-packages/airflow/example_dags/example_short_circuit_decorator.py
[2026-08-14T09:39:53.544+0000] {logging_mixin.py:188} INFO - [2026-08-14T09:39:53.543+0000] {dag.py:3036} INFO - Sync 1 DAGs
[2026-08-14T09:39:53.567+0000] {logging_mixin.py:188} INFO - [2026-08-14T09:39:53.566+0000] {dag.py:3823} INFO - Setting next_dagrun for example_short_circuit_decorator to 2026-08-13 00:00:00+00:00, run_after=2026-08-14 00:00:00+00:00
[2026-08-14T09:39:53.587+0000] {processor.py:183} INFO - Processing /home/airflow/.local/lib/python3.8/site-packages/airflow/example_dags/example_short_circuit_decorator.py took 0.089 seconds
[2026-08-14T09:40:25.011+0000] {processor.py:161} INFO - Started process (PID=1666) to work on /home/airflow/.local/lib/python3.8/site-packages/airflow/example_dags/example_short_circuit_decorator.py
[2026-08-14T09:40:25.013+0000] {processor.py:830} INFO - Processing file /home/airflow/.local/lib/python3.8/site-packages/airflow/example_dags/example_short_circuit_decorator.py for tasks to queue
[2026-08-14T09:40:25.015+0000] {logging_mixin.py:188} INFO - [2026-08-14T09:40:25.014+0000] {dagbag.py:538} INFO - Filling up the DagBag from /home/airflow/.local/lib/python3.8/site-packages/airflow/example_dags/example_short_circuit_decorator.py
[2026-08-14T09:40:25.027+0000] {processor.py:840} INFO - DAG(s) 'example_short_circuit_decorator' retrieved from /home/airflow/.local/lib/python3.8/site-packages/airflow/example_dags/example_short_circuit_decorator.py
[2026-08-14T09:40:25.053+0000] {logging_mixin.py:188} INFO - [2026-08-14T09:40:25.053+0000] {dag.py:3036} INFO - Sync 1 DAGs
[2026-08-14T09:40:25.080+0000] {logging_mixin.py:188} INFO - [2026-08-14T09:40:25.080+0000] {dag.py:3823} INFO - Setting next_dagrun for example_short_circuit_decorator to 2026-08-13 00:00:00+00:00, run_after=2026-08-14 00:00:00+00:00
[2026-08-14T09:40:25.102+0000] {processor.py:183} INFO - Processing /home/airflow/.local/lib/python3.8/site-packages/airflow/example_dags/example_short_circuit_decorator.py took 0.095 seconds
[2026-08-14T09:40:56.480+0000] {processor.py:161} INFO - Started process (PID=1741) to work on /home/airflow/.local/lib/python3.8/site-packages/airflow/example_dags/example_short_circuit_decorator.py
[2026-08-14T09:40:56.481+0000] {processor.py:830} INFO - Processing file /home/airflow/.local/lib/python3.8/site-packages/airflow/example_dags/example_short_circuit_decorator.py for tasks to queue
[2026-08-14T09:40:56.483+0000] {logging_mixin.py:188} INFO - [2026-08-14T09:40:56.483+0000] {dagbag.py:538} INFO - Filling up the DagBag from /home/airflow/.local/lib/python3.8/site-packages/airflow/example_dags/example_short_circuit_decorator.py
[2026-08-14T09:40:56.495+0000] {processor.py:840} INFO - DAG(s) 'example_short_circuit_decorator' retrieved from /home/airflow/.local/lib/python3.8/site-packages/airflow/example_dags/example_short_circuit_decorator.py
[2026-08-14T09:40:56.524+0000] {logging_mixin.py:188} INFO - [2026-08-14T09:40:56.524+0000] {dag.py:3036} INFO - Sync 1 DAGs
[2026-08-14T09:40:56.544+0000] {logging_mixin.py:188} INFO - [2026-08-14T09:40:56.544+0000] {dag.py:3823} INFO - Setting next_dagrun for example_short_circuit_decorator to 2026-08-13 00:00:00+00:00, run_after=2026-08-14 00:00:00+00:00
[2026-08-14T09:40:56.564+0000] {processor.py:183} INFO - Processing /home/airflow/.local/lib/python3.8/site-packages/airflow/example_dags/example_short_circuit_decorator.py took 0.088 seconds
[2026-08-14T09:41:27.669+0000] {processor.py:161} INFO - Started process (PID=1816) to work on /home/airflow/.local/lib/python3.8/site-packages/airflow/example_dags/example_short_circuit_decorator.py
[2026-08-14T09:41:27.671+0000] {processor.py:830} INFO - Processing file /home/airflow/.local/lib/python3.8/site-packages/airflow/example_dags/example_short_circuit_decorator.py for tasks to queue
[2026-08-14T09:41:27.673+0000] {logging_mixin.py:188} INFO - [2026-08-14T09:41:27.672+0000] {dagbag.py:538} INFO - Filling up the DagBag from /home/airflow/.local/lib/python3.8/site-packages/airflow/example_dags/example_short_circuit_decorator.py
[2026-08-14T09:41:27.682+0000] {processor.py:840} INFO - DAG(s) 'example_short_circuit_decorator' retrieved from /home/airflow/.local/lib/python3.8/site-packages/airflow/example_dags/example_short_circuit_decorator.py
[2026-08-14T09:41:27.704+0000] {logging_mixin.py:188} INFO - [2026-08-14T09:41:27.704+0000] {dag.py:3036} INFO - Sync 1 DAGs
[2026-08-14T09:41:27.728+0000] {logging_mixin.py:188} INFO - [2026-08-14T09:41:27.727+0000] {dag.py:3823} INFO - Setting next_dagrun for example_short_circuit_decorator to 2026-08-13 00:00:00+00:00, run_after=2026-08-14 00:00:00+00:00
[2026-08-14T09:41:27.746+0000] {processor.py:183} INFO - Processing /home/airflow/.local/lib/python3.8/site-packages/airflow/example_dags/example_short_circuit_decorator.py took 0.080 seconds
[2026-08-14T09:41:59.487+0000] {processor.py:161} INFO - Started process (PID=1892) to work on /home/airflow/.local/lib/python3.8/site-packages/airflow/example_dags/example_short_circuit_decorator.py
[2026-08-14T09:41:59.488+0000] {processor.py:830} INFO - Processing file /home/airflow/.local/lib/python3.8/site-packages/airflow/example_dags/example_short_circuit_decorator.py for tasks to queue
[2026-08-14T09:41:59.491+0000] {logging_mixin.py:188} INFO - [2026-08-14T09:41:59.490+0000] {dagbag.py:538} INFO - Filling up the DagBag from /home/airflow/.local/lib/python3.8/site-packages/airflow/example_dags/example_short_circuit_decorator.py
[2026-08-14T09:41:59.500+0000] {processor.py:840} INFO - DAG(s) 'example_short_circuit_decorator' retrieved from /home/airflow/.local/lib/python3.8/site-packages/airflow/example_dags/example_short_circuit_decorator.py
[2026-08-14T09:41:59.529+0000] {logging_mixin.py:188} INFO - [2026-08-14T09:41:59.528+0000] {dag.py:3036} INFO - Sync 1 DAGs
[2026-08-14T09:41:59.560+0000] {logging_mixin.py:188} INFO - [2026-08-14T09:41:59.560+0000] {dag.py:3823} INFO - Setting next_dagrun for example_short_circuit_decorator to 2026-08-13 00:00:00+00:00, run_after=2026-08-14 00:00:00+00:00
[2026-08-14T09:41:59.587+0000] {processor.py:183} INFO - Processing /home/airflow/.local/lib/python3.8/site-packages/airflow/example_dags/example_short_circuit_decorator.py took 0.103 seconds
[2026-08-14T09:42:30.241+0000] {processor.py:161} INFO - Started process (PID=1967) to work on /home/airflow/.local/lib/python3.8/site-packages/airflow/example_dags/example_short_circuit_decorator.py
[2026-08-14T09:42:30.245+0000] {processor.py:830} INFO - Processing file /home/airflow/.local/lib/python3.8/site-packages/airflow/example_dags/example_short_circuit_decorator.py for tasks to queue
[2026-08-14T09:42:30.248+0000] {logging_mixin.py:188} INFO - [2026-08-14T09:42:30.247+0000] {dagbag.py:538} INFO - Filling up the DagBag from /home/airflow/.local/lib/python3.8/site-packages/airflow/example_dags/example_short_circuit_decorator.py
[2026-08-14T09:42:30.257+0000] {processor.py:840} INFO - DAG(s) 'example_short_circuit_decorator' retrieved from /home/airflow/.local/lib/python3.8/site-packages/airflow/example_dags/example_short_circuit_decorator.py
[2026-08-14T09:42:30.284+0000] {logging_mixin.py:188} INFO - [2026-08-14T09:42:30.284+0000] {dag.py:3036} INFO - Sync 1 DAGs
[2026-08-14T09:42:30.305+0000] {logging_mixin.py:188} INFO - [2026-08-14T09:42:30.305+0000] {dag.py:3823} INFO - Setting next_dagrun for example_short_circuit_decorator to 2026-08-13 00:00:00+00:00, run_after=2026-08-14 00:00:00+00:00
[2026-08-14T09:42:30.325+0000] {processor.py:183} INFO - Processing /home/airflow/.local/lib/python3.8/site-packages/airflow/example_dags/example_short_circuit_decorator.py took 0.088 seconds
[2026-08-14T09:43:02.409+0000] {processor.py:161} INFO - Started process (PID=2042) to work on /home/airflow/.local/lib/python3.8/site-packages/airflow/example_dags/example_short_circuit_decorator.py
[2026-08-14T09:43:02.411+0000] {processor.py:830} INFO - Processing file /home/airflow/.local/lib/python3.8/site-packages/airflow/example_dags/example_short_circuit_decorator.py for tasks to queue
[2026-08-14T09:43:02.413+0000] {logging_mixin.py:188} INFO - [2026-08-14T09:43:02.413+0000] {dagbag.py:538} INFO - Filling up the DagBag from /home/airflow/.local/lib/python3.8/site-packages/airflow/example_dags/example_short_circuit_decorator.py
[2026-08-14T09:43:02.425+0000] {processor.py:840} INFO - DAG(s) 'example_short_circuit_decorator' retrieved from /home/airflow/.local/lib/python3.8/site-packages/airflow/example_dags/example_short_circuit_decorator.py
[2026-08-14T09:43:02.451+0000] {logging_mixin.py:188} INFO - [2026-08-14T09:43:02.451+0000] {dag.py:3036} INFO - Sync 1 DAGs
[2026-08-14T09:43:02.622+0000] {logging_mixin.py:188} INFO - [2026-08-14T09:43:02.621+0000] {dag.py:3823} INFO - Setting next_dagrun for example_short_circuit_decorator to 2026-08-13 00:00:00+00:00, run_after=2026-08-14 00:00:00+00:00
[2026-08-14T09:43:02.653+0000] {processor.py:183} INFO - Processing /home/airflow/.local/lib/python3.8/site-packages/airflow/example_dags/example_short_circuit_decorator.py took 0.247 seconds
[2026-08-14T09:43:32.917+0000] {processor.py:161} INFO - Started process (PID=2117) to work on /home/airflow/.local/lib/python3.8/site-packages/airflow/example_dags/example_short_circuit_decorator.py
[2026-08-14T09:43:32.920+0000] {processor.py:830} INFO - Processing file /home/airflow/.local/lib/python3.8/site-packages/airflow/example_dags/example_short_circuit_decorator.py for tasks to queue
[2026-08-14T09:43:32.923+0000] {logging_mixin.py:188} INFO - [2026-08-14T09:43:32.922+0000] {dagbag.py:538} INFO - Filling up the DagBag from /home/airflow/.local/lib/python3.8/site-packages/airflow/example_dags/example_short_circuit_decorator.py
[2026-08-14T09:43:32.932+0000] {processor.py:840} INFO - DAG(s) 'example_short_circuit_decorator' retrieved from /home/airflow/.local/lib/python3.8/site-packages/airflow/example_dags/example_short_circuit_decorator.py
[2026-08-14T09:43:32.963+0000] {logging_mixin.py:188} INFO - [2026-08-14T09:43:32.963+0000] {dag.py:3036} INFO - Sync 1 DAGs
[2026-08-14T09:43:32.991+0000] {logging_mixin.py:188} INFO - [2026-08-14T09:43:32.991+0000] {dag.py:3823} INFO - Setting next_dagrun for example_short_circuit_decorator to 2026-08-13 00:00:00+00:00, run_after=2026-08-14 00:00:00+00:00
[2026-08-14T09:43:33.013+0000] {processor.py:183} INFO - Processing /home/airflow/.local/lib/python3.8/site-packages/airflow/example_dags/example_short_circuit_decorator.py took 0.100 seconds
[2026-08-14T09:44:04.052+0000] {processor.py:161} INFO - Started process (PID=2192) to work on /home/airflow/.local/lib/python3.8/site-packages/airflow/example_dags/example_short_circuit_decorator.py
[2026-08-14T09:44:04.053+0000] {processor.py:830} INFO - Processing file /home/airflow/.local/lib/python3.8/site-packages/airflow/example_dags/example_short_circuit_decorator.py for tasks to queue
[2026-08-14T09:44:04.055+0000] {logging_mixin.py:188} INFO - [2026-08-14T09:44:04.055+0000] {dagbag.py:538} INFO - Filling up the DagBag from /home/airflow/.local/lib/python3.8/site-packages/airflow/example_dags/example_short_circuit_decorator.py
[2026-08-14T09:44:04.064+0000] {processor.py:840} INFO - DAG(s) 'example_short_circuit_decorator' retrieved from /home/airflow/.local/lib/python3.8/site-packages/airflow/example_dags/example_short_circuit_decorator.py
[2026-08-14T09:44:04.085+0000] {logging_mixin.py:188} INFO - [2026-08-14T09:44:04.085+0000] {dag.py:3036} INFO - Sync 1 DAGs
[2026-08-14T09:44:04.104+0000] {logging_mixin.py:188} INFO - [2026-08-14T09:44:04.103+0000] {dag.py:3823} INFO - Setting next_dagrun for example_short_circuit_decorator to 2026-08-13 00:00:00+00:00, run_after=2026-08-14 00:00:00+00:00
[2026-08-14T09:44:04.121+0000] {processor.py:183} INFO - Processing /home/airflow/.local/lib/python3.8/site-packages/airflow/example_dags/example_short_circuit_decorator.py took 0.073 seconds
[2026-08-14T09:44:34.405+0000] {processor.py:161} INFO - Started process (PID=2267) to work on /home/airflow/.local/lib/python3.8/site-packages/airflow/example_dags/example_short_circuit_decorator.py
[2026-08-14T09:44:34.406+0000] {processor.py:830} INFO - Processing file /home/airflow/.local/lib/python3.8/site-packages/airflow/example_dags/example_short_circuit_decorator.py for tasks to queue
[2026-08-14T09:44:34.408+0000] {logging_mixin.py:188} INFO - [2026-08-14T09:44:34.408+0000] {dagbag.py:538} INFO - Filling up the DagBag from /home/airflow/.local/lib/python3.8/site-packages/airflow/example_dags/example_short_circuit_decorator.py
[2026-08-14T09:44:34.418+0000] {processor.py:840} INFO - DAG(s) 'example_short_circuit_decorator' retrieved from /home/airflow/.local/lib/python3.8/site-packages/airflow/example_dags/example_short_circuit_decorator.py
[2026-08-14T09:44:34.443+0000] {logging_mixin.py:188} INFO - [2026-08-14T09:44:34.443+0000] {dag.py:3036} INFO - Sync 1 DAGs
[2026-08-14T09:44:34.471+0000] {logging_mixin.py:188} INFO - [2026-08-14T09:44:34.470+0000] {dag.py:3823} INFO - Setting next_dagrun for example_short_circuit_decorator to 2026-08-13 00:00:00+00:00, run_after=2026-08-14 00:00:00+00:00
[2026-08-14T09:44:34.492+0000] {processor.py:183} INFO - Processing /home/airflow/.local/lib/python3.8/site-packages/airflow/example_dags/example_short_circuit_decorator.py took 0.091 seconds
[2026-08-14T09:45:05.250+0000] {processor.py:161} INFO - Started process (PID=2342) to work on /home/airflow/.local/lib/python3.8/site-packages/airflow/example_dags/example_short_circuit_decorator.py
[2026-08-14T09:45:05.251+0000] {processor.py:830} INFO - Processing file /home/airflow/.local/lib/python3.8/site-packages/airflow/example_dags/example_short_circuit_decorator.py for tasks to queue
[2026-08-14T09:45:05.253+0000] {logging_mixin.py:188} INFO - [2026-08-14T09:45:05.252+0000] {dagbag.py:538} INFO - Filling up the DagBag from /home/airflow/.local/lib/python3.8/site-packages/airflow/example_dags/example_short_circuit_decorator.py
[2026-08-14T09:45:05.261+0000] {processor.py:840} INFO - DAG(s) 'example_short_circuit_decorator' retrieved from /home/airflow/.local/lib/python3.8/site-packages/airflow/example_dags/example_short_circuit_decorator.py
[2026-08-14T09:45:05.283+0000] {logging_mixin.py:188} INFO - [2026-08-14T09:45:05.283+0000] {dag.py:3036} INFO - Sync 1 DAGs
[2026-08-14T09:45:05.302+0000] {logging_mixin.py:188} INFO - [2026-08-14T09:45:05.302+0000] {dag.py:3823} INFO - Setting next_dagrun for example_short_circuit_decorator to 2026-08-13 00:00:00+00:00, run_after=2026-08-14 00:00:00+00:00
[2026-08-14T09:45:05.319+0000] {processor.py:183} INFO - Processing /home/airflow/.local/lib/python3.8/site-packages/airflow/example_dags/example_short_circuit_decorator.py took 0.073 seconds
[2026-08-14T09:45:36.500+0000] {processor.py:161} INFO - Started process (PID=2425) to work on /home/airflow/.local/lib/python3.8/site-packages/airflow/example_dags/example_short_circuit_decorator.py
[2026-08-14T09:45:36.502+0000] {processor.py:830} INFO - Processing file /home/airflow/.local/lib/python3.8/site-packages/airflow/example_dags/example_short_circuit_decorator.py for tasks to queue
[2026-08-14T09:45:36.507+0000] {logging_mixin.py:188} INFO - [2026-08-14T09:45:36.506+0000] {dagbag.py:538} INFO - Filling up the DagBag from /home/airflow/.local/lib/python3.8/site-packages/airflow/example_dags/example_short_circuit_decorator.py
[2026-08-14T09:45:36.537+0000] {processor.py:840} INFO - DAG(s) 'example_short_circuit_decorator' retrieved from /home/airflow/.local/lib/python3.8/site-packages/airflow/example_dags/example_short_circuit_decorator.py
[2026-08-14T09:45:36.619+0000] {logging_mixin.py:188} INFO - [2026-08-14T09:45:36.618+0000] {dag.py:3036} INFO - Sync 1 DAGs
[2026-08-14T09:45:36.673+0000] {logging_mixin.py:188} INFO - [2026-08-14T09:45:36.673+0000] {dag.py:3823} INFO - Setting next_dagrun for example_short_circuit_decorator to 2026-08-13 00:00:00+00:00, run_after=2026-08-14 00:00:00+00:00
[2026-08-14T09:45:36.717+0000] {processor.py:183} INFO - Processing /home/airflow/.local/lib/python3.8/site-packages/airflow/example_dags/example_short_circuit_decorator.py took 0.227 seconds
[2026-08-14T09:46:06.806+0000] {processor.py:161} INFO - Started process (PID=2512) to work on /home/airflow/.local/lib/python3.8/site-packages/airflow/example_dags/example_short_circuit_decorator.py
[2026-08-14T09:46:06.808+0000] {processor.py:830} INFO - Processing file /home/airflow/.local/lib/python3.8/site-packages/airflow/example_dags/example_short_circuit_decorator.py for tasks to queue
[2026-08-14T09:46:06.811+0000] {logging_mixin.py:188} INFO - [2026-08-14T09:46:06.810+0000] {dagbag.py:538} INFO - Filling up the DagBag from /home/airflow/.local/lib/python3.8/site-packages/airflow/example_dags/example_short_circuit_decorator.py
[2026-08-14T09:46:06.823+0000] {processor.py:840} INFO - DAG(s) 'example_short_circuit_decorator' retrieved from /home/airflow/.local/lib/python3.8/site-packages/airflow/example_dags/example_short_circuit_decorator.py
[2026-08-14T09:46:06.852+0000] {logging_mixin.py:188} INFO - [2026-08-14T09:46:06.852+0000] {dag.py:3036} INFO - Sync 1 DAGs
[2026-08-14T09:46:06.883+0000] {logging_mixin.py:188} INFO - [2026-08-14T09:46:06.882+0000] {dag.py:3823} INFO - Setting next_dagrun for example_short_circuit_decorator to 2026-08-13 00:00:00+00:00, run_after=2026-08-14 00:00:00+00:00
[2026-08-14T09:46:06.912+0000] {processor.py:183} INFO - Processing /home/airflow/.local/lib/python3.8/site-packages/airflow/example_dags/example_short_circuit_decorator.py took 0.110 seconds
[2026-08-14T09:46:38.326+0000] {processor.py:161} INFO - Started process (PID=2595) to work on /home/airflow/.local/lib/python3.8/site-packages/airflow/example_dags/example_short_circuit_decorator.py
[2026-08-14T09:46:38.330+0000] {processor.py:830} INFO - Processing file /home/airflow/.local/lib/python3.8/site-packages/airflow/example_dags/example_short_circuit_decorator.py for tasks to queue
[2026-08-14T09:46:38.333+0000] {logging_mixin.py:188} INFO - [2026-08-14T09:46:38.332+0000] {dagbag.py:538} INFO - Filling up the DagBag from /home/airflow/.local/lib/python3.8/site-packages/airflow/example_dags/example_short_circuit_decorator.py
[2026-08-14T09:46:38.344+0000] {processor.py:840} INFO - DAG(s) 'example_short_circuit_decorator' retrieved from /home/airflow/.local/lib/python3.8/site-packages/airflow/example_dags/example_short_circuit_decorator.py
[2026-08-14T09:46:38.371+0000] {logging_mixin.py:188} INFO - [2026-08-14T09:46:38.371+0000] {dag.py:3036} INFO - Sync 1 DAGs
[2026-08-14T09:46:38.399+0000] {logging_mixin.py:188} INFO - [2026-08-14T09:46:38.398+0000] {dag.py:3823} INFO - Setting next_dagrun for example_short_circuit_decorator to 2026-08-13 00:00:00+00:00, run_after=2026-08-14 00:00:00+00:00
[2026-08-14T09:46:38.424+0000] {processor.py:183} INFO - Processing /home/airflow/.local/lib/python3.8/site-packages/airflow/example_dags/example_short_circuit_decorator.py took 0.105 seconds
[2026-08-14T09:47:08.790+0000] {processor.py:161} INFO - Started process (PID=2674) to work on /home/airflow/.local/lib/python3.8/site-packages/airflow/example_dags/example_short_circuit_decorator.py
[2026-08-14T09:47:08.791+0000] {processor.py:830} INFO - Processing file /home/airflow/.local/lib/python3.8/site-packages/airflow/example_dags/example_short_circuit_decorator.py for tasks to queue
[2026-08-14T09:47:08.793+0000] {logging_mixin.py:188} INFO - [2026-08-14T09:47:08.793+0000] {dagbag.py:538} INFO - Filling up the DagBag from /home/airflow/.local/lib/python3.8/site-packages/airflow/example_dags/example_short_circuit_decorator.py
[2026-08-14T09:47:08.804+0000] {processor.py:840} INFO - DAG(s) 'example_short_circuit_decorator' retrieved from /home/airflow/.local/lib/python3.8/site-packages/airflow/example_dags/example_short_circuit_decorator.py
[2026-08-14T09:47:08.831+0000] {logging_mixin.py:188} INFO - [2026-08-14T09:47:08.830+0000] {dag.py:3036} INFO - Sync 1 DAGs
[2026-08-14T09:47:08.852+0000] {logging_mixin.py:188} INFO - [2026-08-14T09:47:08.852+0000] {dag.py:3823} INFO - Setting next_dagrun for example_short_circuit_decorator to 2026-08-13 00:00:00+00:00, run_after=2026-08-14 00:00:00+00:00
[2026-08-14T09:47:08.875+0000] {processor.py:183} INFO - Processing /home/airflow/.local/lib/python3.8/site-packages/airflow/example_dags/example_short_circuit_decorator.py took 0.089 seconds
[2026-08-14T09:47:39.160+0000] {processor.py:161} INFO - Started process (PID=2753) to work on /home/airflow/.local/lib/python3.8/site-packages/airflow/example_dags/example_short_circuit_decorator.py
[2026-08-14T09:47:39.161+0000] {processor.py:830} INFO - Processing file /home/airflow/.local/lib/python3.8/site-packages/airflow/example_dags/example_short_circuit_decorator.py for tasks to queue
[2026-08-14T09:47:39.163+0000] {logging_mixin.py:188} INFO - [2026-08-14T09:47:39.163+0000] {dagbag.py:538} INFO - Filling up the DagBag from /home/airflow/.local/lib/python3.8/site-packages/airflow/example_dags/example_short_circuit_decorator.py
[2026-08-14T09:47:39.174+0000] {processor.py:840} INFO - DAG(s) 'example_short_circuit_decorator' retrieved from /home/airflow/.local/lib/python3.8/site-packages/airflow/example_dags/example_short_circuit_decorator.py
[2026-08-14T09:47:39.199+0000] {logging_mixin.py:188} INFO - [2026-08-14T09:47:39.199+0000] {dag.py:3036} INFO - Sync 1 DAGs
[2026-08-14T09:47:39.225+0000] {logging_mixin.py:188} INFO - [2026-08-14T09:47:39.225+0000] {dag.py:3823} INFO - Setting next_dagrun for example_short_circuit_decorator to 2026-08-13 00:00:00+00:00, run_after=2026-08-14 00:00:00+00:00
[2026-08-14T09:47:39.249+0000] {processor.py:183} INFO - Processing /home/airflow/.local/lib/python3.8/site-packages/airflow/example_dags/example_short_circuit_decorator.py took 0.094 seconds
[2026-08-14T09:48:09.352+0000] {processor.py:161} INFO - Started process (PID=2828) to work on /home/airflow/.local/lib/python3.8/site-packages/airflow/example_dags/example_short_circuit_decorator.py
[2026-08-14T09:48:09.353+0000] {processor.py:830} INFO - Processing file /home/airflow/.local/lib/python3.8/site-packages/airflow/example_dags/example_short_circuit_decorator.py for tasks to queue
[2026-08-14T09:48:09.356+0000] {logging_mixin.py:188} INFO - [2026-08-14T09:48:09.355+0000] {dagbag.py:538} INFO - Filling up the DagBag from /home/airflow/.local/lib/python3.8/site-packages/airflow/example_dags/example_short_circuit_decorator.py
[2026-08-14T09:48:09.365+0000] {processor.py:840} INFO - DAG(s) 'example_short_circuit_decorator' retrieved from /home/airflow/.local/lib/python3.8/site-packages/airflow/example_dags/example_short_circuit_decorator.py
[2026-08-14T09:48:09.388+0000] {logging_mixin.py:188} INFO - [2026-08-14T09:48:09.387+0000] {dag.py:3036} INFO - Sync 1 DAGs
[2026-08-14T09:48:09.410+0000] {logging_mixin.py:188} INFO - [2026-08-14T09:48:09.409+0000] {dag.py:3823} INFO - Setting next_dagrun for example_short_circuit_decorator to 2026-08-13 00:00:00+00:00, run_after=2026-08-14 00:00:00+00:00
[2026-08-14T09:48:09.430+0000] {processor.py:183} INFO - Processing /home/airflow/.local/lib/python3.8/site-packages/airflow/example_dags/example_short_circuit_decorator.py took 0.081 seconds
[2026-08-14T09:48:40.563+0000] {processor.py:161} INFO - Started process (PID=2903) to work on /home/airflow/.local/lib/python3.8/site-packages/airflow/example_dags/example_short_circuit_decorator.py
[2026-08-14T09:48:40.564+0000] {processor.py:830} INFO - Processing file /home/airflow/.local/lib/python3.8/site-packages/airflow/example_dags/example_short_circuit_decorator.py for tasks to queue
[2026-08-14T09:48:40.566+0000] {logging_mixin.py:188} INFO - [2026-08-14T09:48:40.566+0000] {dagbag.py:538} INFO - Filling up the DagBag from /home/airflow/.local/lib/python3.8/site-packages/airflow/example_dags/example_short_circuit_decorator.py
[2026-08-14T09:48:40.581+0000] {processor.py:840} INFO - DAG(s) 'example_short_circuit_decorator' retrieved from /home/airflow/.local/lib/python3.8/site-packages/airflow/example_dags/example_short_circuit_decorator.py
[2026-08-14T09:48:40.612+0000] {logging_mixin.py:188} INFO - [2026-08-14T09:48:40.612+0000] {dag.py:3036} INFO - Sync 1 DAGs
[2026-08-14T09:48:40.642+0000] {logging_mixin.py:188} INFO - [2026-08-14T09:48:40.641+0000] {dag.py:3823} INFO - Setting next_dagrun for example_short_circuit_decorator to 2026-08-13 00:00:00+00:00, run_after=2026-08-14 00:00:00+00:00
[2026-08-14T09:48:40.664+0000] {processor.py:183} INFO - Processing /home/airflow/.local/lib/python3.8/site-packages/airflow/example_dags/example_short_circuit_decorator.py took 0.106 seconds
[2026-08-14T09:49:11.153+0000] {processor.py:161} INFO - Started process (PID=2978) to work on /home/airflow/.local/lib/python3.8/site-packages/airflow/example_dags/example_short_circuit_decorator.py
[2026-08-14T09:49:11.154+0000] {processor.py:830} INFO - Processing file /home/airflow/.local/lib/python3.8/site-packages/airflow/example_dags/example_short_circuit_decorator.py for tasks to queue
[2026-08-14T09:49:11.156+0000] {logging_mixin.py:188} INFO - [2026-08-14T09:49:11.156+0000] {dagbag.py:538} INFO - Filling up the DagBag from /home/airflow/.local/lib/python3.8/site-packages/airflow/example_dags/example_short_circuit_decorator.py
[2026-08-14T09:49:11.165+0000] {processor.py:840} INFO - DAG(s) 'example_short_circuit_decorator' retrieved from /home/airflow/.local/lib/python3.8/site-packages/airflow/example_dags/example_short_circuit_decorator.py
[2026-08-14T09:49:11.190+0000] {logging_mixin.py:188} INFO - [2026-08-14T09:49:11.190+0000] {dag.py:3036} INFO - Sync 1 DAGs
[2026-08-14T09:49:11.213+0000] {logging_mixin.py:188} INFO - [2026-08-14T09:49:11.212+0000] {dag.py:3823} INFO - Setting next_dagrun for example_short_circuit_decorator to 2026-08-13 00:00:00+00:00, run_after=2026-08-14 00:00:00+00:00
[2026-08-14T09:49:11.236+0000] {processor.py:183} INFO - Processing /home/airflow/.local/lib/python3.8/site-packages/airflow/example_dags/example_short_circuit_decorator.py took 0.086 seconds
[2026-08-14T09:49:43.005+0000] {processor.py:161} INFO - Started process (PID=3061) to work on /home/airflow/.local/lib/python3.8/site-packages/airflow/example_dags/example_short_circuit_decorator.py
[2026-08-14T09:49:43.007+0000] {processor.py:830} INFO - Processing file /home/airflow/.local/lib/python3.8/site-packages/airflow/example_dags/example_short_circuit_decorator.py for tasks to queue
[2026-08-14T09:49:43.009+0000] {logging_mixin.py:188} INFO - [2026-08-14T09:49:43.009+0000] {dagbag.py:538} INFO - Filling up the DagBag from /home/airflow/.local/lib/python3.8/site-packages/airflow/example_dags/example_short_circuit_decorator.py
[2026-08-14T09:49:43.021+0000] {processor.py:840} INFO - DAG(s) 'example_short_circuit_decorator' retrieved from /home/airflow/.local/lib/python3.8/site-packages/airflow/example_dags/example_short_circuit_decorator.py
[2026-08-14T09:49:43.050+0000] {logging_mixin.py:188} INFO - [2026-08-14T09:49:43.049+0000] {dag.py:3036} INFO - Sync 1 DAGs
[2026-08-14T09:49:43.076+0000] {logging_mixin.py:188} INFO - [2026-08-14T09:49:43.076+0000] {dag.py:3823} INFO - Setting next_dagrun for example_short_circuit_decorator to 2026-08-13 00:00:00+00:00, run_after=2026-08-14 00:00:00+00:00
[2026-08-14T09:49:43.103+0000] {processor.py:183} INFO - Processing /home/airflow/.local/lib/python3.8/site-packages/airflow/example_dags/example_short_circuit_decorator.py took 0.103 seconds
[2026-08-14T09:50:13.817+0000] {processor.py:161} INFO - Started process (PID=3136) to work on /home/airflow/.local/lib/python3.8/site-packages/airflow/example_dags/example_short_circuit_decorator.py
[2026-08-14T09:50:13.819+0000] {processor.py:830} INFO - Processing file /home/airflow/.local/lib/python3.8/site-packages/airflow/example_dags/example_short_circuit_decorator.py for tasks to queue
[2026-08-14T09:50:13.824+0000] {logging_mixin.py:188} INFO - [2026-08-14T09:50:13.823+0000] {dagbag.py:538} INFO - Filling up the DagBag from /home/airflow/.local/lib/python3.8/site-packages/airflow/example_dags/example_short_circuit_decorator.py
[2026-08-14T09:50:13.835+0000] {processor.py:840} INFO - DAG(s) 'example_short_circuit_decorator' retrieved from /home/airflow/.local/lib/python3.8/site-packages/airflow/example_dags/example_short_circuit_decorator.py
[2026-08-14T09:50:13.871+0000] {logging_mixin.py:188} INFO - [2026-08-14T09:50:13.871+0000] {dag.py:3036} INFO - Sync 1 DAGs
[2026-08-14T09:50:13.912+0000] {logging_mixin.py:188} INFO - [2026-08-14T09:50:13.912+0000] {dag.py:3823} INFO - Setting next_dagrun for example_short_circuit_decorator to 2026-08-13 00:00:00+00:00, run_after=2026-08-14 00:00:00+00:00
[2026-08-14T09:50:13.944+0000] {processor.py:183} INFO - Processing /home/airflow/.local/lib/python3.8/site-packages/airflow/example_dags/example_short_circuit_decorator.py took 0.132 seconds
[2026-08-14T09:50:44.007+0000] {processor.py:161} INFO - Started process (PID=3211) to work on /home/airflow/.local/lib/python3.8/site-packages/airflow/example_dags/example_short_circuit_decorator.py
[2026-08-14T09:50:44.008+0000] {processor.py:830} INFO - Processing file /home/airflow/.local/lib/python3.8/site-packages/airflow/example_dags/example_short_circuit_decorator.py for tasks to queue
[2026-08-14T09:50:44.010+0000] {logging_mixin.py:188} INFO - [2026-08-14T09:50:44.010+0000] {dagbag.py:538} INFO - Filling up the DagBag from /home/airflow/.local/lib/python3.8/site-packages/airflow/example_dags/example_short_circuit_decorator.py
[2026-08-14T09:50:44.019+0000] {processor.py:840} INFO - DAG(s) 'example_short_circuit_decorator' retrieved from /home/airflow/.local/lib/python3.8/site-packages/airflow/example_dags/example_short_circuit_decorator.py
[2026-08-14T09:50:44.042+0000] {logging_mixin.py:188} INFO - [2026-08-14T09:50:44.042+0000] {dag.py:3036} INFO - Sync 1 DAGs
[2026-08-14T09:50:44.065+0000] {logging_mixin.py:188} INFO - [2026-08-14T09:50:44.065+0000] {dag.py:3823} INFO - Setting next_dagrun for example_short_circuit_decorator to 2026-08-13 00:00:00+00:00, run_after=2026-08-14 00:00:00+00:00
[2026-08-14T09:50:44.091+0000] {processor.py:183} INFO - Processing /home/airflow/.local/lib/python3.8/site-packages/airflow/example_dags/example_short_circuit_decorator.py took 0.088 seconds
[2026-08-14T09:51:14.577+0000] {processor.py:161} INFO - Started process (PID=3286) to work on /home/airflow/.local/lib/python3.8/site-packages/airflow/example_dags/example_short_circuit_decorator.py
[2026-08-14T09:51:14.578+0000] {processor.py:830} INFO - Processing file /home/airflow/.local/lib/python3.8/site-packages/airflow/example_dags/example_short_circuit_decorator.py for tasks to queue
[2026-08-14T09:51:14.581+0000] {logging_mixin.py:188} INFO - [2026-08-14T09:51:14.580+0000] {dagbag.py:538} INFO - Filling up the DagBag from /home/airflow/.local/lib/python3.8/site-packages/airflow/example_dags/example_short_circuit_decorator.py
[2026-08-14T09:51:14.591+0000] {processor.py:840} INFO - DAG(s) 'example_short_circuit_decorator' retrieved from /home/airflow/.local/lib/python3.8/site-packages/airflow/example_dags/example_short_circuit_decorator.py
[2026-08-14T09:51:14.616+0000] {logging_mixin.py:188} INFO - [2026-08-14T09:51:14.616+0000] {dag.py:3036} INFO - Sync 1 DAGs
[2026-08-14T09:51:14.637+0000] {logging_mixin.py:188} INFO - [2026-08-14T09:51:14.637+0000] {dag.py:3823} INFO - Setting next_dagrun for example_short_circuit_decorator to 2026-08-13 00:00:00+00:00, run_after=2026-08-14 00:00:00+00:00
[2026-08-14T09:51:14.658+0000] {processor.py:183} INFO - Processing /home/airflow/.local/lib/python3.8/site-packages/airflow/example_dags/example_short_circuit_decorator.py took 0.085 seconds
[2026-08-14T09:51:46.040+0000] {processor.py:161} INFO - Started process (PID=3361) to work on /home/airflow/.local/lib/python3.8/site-packages/airflow/example_dags/example_short_circuit_decorator.py
[2026-08-14T09:51:46.041+0000] {processor.py:830} INFO - Processing file /home/airflow/.local/lib/python3.8/site-packages/airflow/example_dags/example_short_circuit_decorator.py for tasks to queue
[2026-08-14T09:51:46.043+0000] {logging_mixin.py:188} INFO - [2026-08-14T09:51:46.043+0000] {dagbag.py:538} INFO - Filling up the DagBag from /home/airflow/.local/lib/python3.8/site-packages/airflow/example_dags/example_short_circuit_decorator.py
[2026-08-14T09:51:46.052+0000] {processor.py:840} INFO - DAG(s) 'example_short_circuit_decorator' retrieved from /home/airflow/.local/lib/python3.8/site-packages/airflow/example_dags/example_short_circuit_decorator.py
[2026-08-14T09:51:46.076+0000] {logging_mixin.py:188} INFO - [2026-08-14T09:51:46.076+0000] {dag.py:3036} INFO - Sync 1 DAGs
[2026-08-14T09:51:46.098+0000] {logging_mixin.py:188} INFO - [2026-08-14T09:51:46.098+0000] {dag.py:3823} INFO - Setting next_dagrun for example_short_circuit_decorator to 2026-08-13 00:00:00+00:00, run_after=2026-08-14 00:00:00+00:00
[2026-08-14T09:51:46.117+0000] {processor.py:183} INFO - Processing /home/airflow/.local/lib/python3.8/site-packages/airflow/example_dags/example_short_circuit_decorator.py took 0.081 seconds
[2026-08-14T09:52:16.548+0000] {processor.py:161} INFO - Started process (PID=3436) to work on /home/airflow/.local/lib/python3.8/site-packages/airflow/example_dags/example_short_circuit_decorator.py
[2026-08-14T09:52:16.549+0000] {processor.py:830} INFO - Processing file /home/airflow/.local/lib/python3.8/site-packages/airflow/example_dags/example_short_circuit_decorator.py for tasks to queue
[2026-08-14T09:52:16.551+0000] {logging_mixin.py:188} INFO - [2026-08-14T09:52:16.551+0000] {dagbag.py:538} INFO - Filling up the DagBag from /home/airflow/.local/lib/python3.8/site-packages/airflow/example_dags/example_short_circuit_decorator.py
[2026-08-14T09:52:16.560+0000] {processor.py:840} INFO - DAG(s) 'example_short_circuit_decorator' retrieved from /home/airflow/.local/lib/python3.8/site-packages/airflow/example_dags/example_short_circuit_decorator.py
[2026-08-14T09:52:16.583+0000] {logging_mixin.py:188} INFO - [2026-08-14T09:52:16.582+0000] {dag.py:3036} INFO - Sync 1 DAGs
[2026-08-14T09:52:16.603+0000] {logging_mixin.py:188} INFO - [2026-08-14T09:52:16.603+0000] {dag.py:3823} INFO - Setting next_dagrun for example_short_circuit_decorator to 2026-08-13 00:00:00+00:00, run_after=2026-08-14 00:00:00+00:00
[2026-08-14T09:52:16.621+0000] {processor.py:183} INFO - Processing /home/airflow/.local/lib/python3.8/site-packages/airflow/example_dags/example_short_circuit_decorator.py took 0.076 seconds
[2026-08-14T09:52:47.059+0000] {processor.py:161} INFO - Started process (PID=3511) to work on /home/airflow/.local/lib/python3.8/site-packages/airflow/example_dags/example_short_circuit_decorator.py
[2026-08-14T09:52:47.061+0000] {processor.py:830} INFO - Processing file /home/airflow/.local/lib/python3.8/site-packages/airflow/example_dags/example_short_circuit_decorator.py for tasks to queue
[2026-08-14T09:52:47.063+0000] {logging_mixin.py:188} INFO - [2026-08-14T09:52:47.063+0000] {dagbag.py:538} INFO - Filling up the DagBag from /home/airflow/.local/lib/python3.8/site-packages/airflow/example_dags/example_short_circuit_decorator.py
[2026-08-14T09:52:47.073+0000] {processor.py:840} INFO - DAG(s) 'example_short_circuit_decorator' retrieved from /home/airflow/.local/lib/python3.8/site-packages/airflow/example_dags/example_short_circuit_decorator.py
[2026-08-14T09:52:47.094+0000] {logging_mixin.py:188} INFO - [2026-08-14T09:52:47.094+0000] {dag.py:3036} INFO - Sync 1 DAGs
[2026-08-14T09:52:47.114+0000] {logging_mixin.py:188} INFO - [2026-08-14T09:52:47.114+0000] {dag.py:3823} INFO - Setting next_dagrun for example_short_circuit_decorator to 2026-08-13 00:00:00+00:00, run_after=2026-08-14 00:00:00+00:00
[2026-08-14T09:52:47.133+0000] {processor.py:183} INFO - Processing /home/airflow/.local/lib/python3.8/site-packages/airflow/example_dags/example_short_circuit_decorator.py took 0.078 seconds
[2026-08-14T09:53:17.790+0000] {processor.py:161} INFO - Started process (PID=3586) to work on /home/airflow/.local/lib/python3.8/site-packages/airflow/example_dags/example_short_circuit_decorator.py
[2026-08-14T09:53:17.792+0000] {processor.py:830} INFO - Processing file /home/airflow/.local/lib/python3.8/site-packages/airflow/example_dags/example_short_circuit_decorator.py for tasks to queue
[2026-08-14T09:53:17.795+0000] {logging_mixin.py:188} INFO - [2026-08-14T09:53:17.794+0000] {dagbag.py:538} INFO - Filling up the DagBag from /home/airflow/.local/lib/python3.8/site-packages/airflow/example_dags/example_short_circuit_decorator.py
[2026-08-14T09:53:17.806+0000] {processor.py:840} INFO - DAG(s) 'example_short_circuit_decorator' retrieved from /home/airflow/.local/lib/python3.8/site-packages/airflow/example_dags/example_short_circuit_decorator.py
[2026-08-14T09:53:17.830+0000] {logging_mixin.py:188} INFO - [2026-08-14T09:53:17.830+0000] {dag.py:3036} INFO - Sync 1 DAGs
[2026-08-14T09:53:17.852+0000] {logging_mixin.py:188} INFO - [2026-08-14T09:53:17.851+0000] {dag.py:3823} INFO - Setting next_dagrun for example_short_circuit_decorator to 2026-08-13 00:00:00+00:00, run_after=2026-08-14 00:00:00+00:00
[2026-08-14T09:53:17.870+0000] {processor.py:183} INFO - Processing /home/airflow/.local/lib/python3.8/site-packages/airflow/example_dags/example_short_circuit_decorator.py took 0.084 seconds
