[2026-08-14T09:30:07.839+0000] {processor.py:161} INFO - Started process (PID=120) to work on /home/airflow/.local/lib/python3.8/site-packages/airflow/example_dags/example_params_ui_tutorial.py
[2026-08-14T09:30:07.880+0000] {processor.py:830} INFO - Processing file /home/airflow/.local/lib/python3.8/site-packages/airflow/example_dags/example_params_ui_tutorial.py for tasks to queue
[2026-08-14T09:30:07.885+0000] {logging_mixin.py:188} INFO - [2026-08-14T09:30:07.884+0000] {dagbag.py:538} INFO - Filling up the DagBag from /home/airflow/.local/lib/python3.8/site-packages/airflow/example_dags/example_params_ui_tutorial.py
[2026-08-14T09:30:07.981+0000] {processor.py:840} INFO - DAG(s) 'example_params_ui_tutorial' retrieved from /home/airflow/.local/lib/python3.8/site-packages/airflow/example_dags/example_params_ui_tutorial.py
[2026-08-14T09:30:08.898+0000] {logging_mixin.py:188} INFO - [2026-08-14T09:30:08.898+0000] {dag.py:3036} INFO - Sync 1 DAGs
[2026-08-14T09:30:08.947+0000] {logging_mixin.py:188} INFO - [2026-08-14T09:30:08.947+0000] {dag.py:3823} INFO - Setting next_dagrun for example_params_ui_tutorial to None, run_after=None
[2026-08-14T09:30:09.007+0000] {processor.py:183} INFO - Processing /home/airflow/.local/lib/python3.8/site-packages/airflow/example_dags/example_params_ui_tutorial.py took 1.178 seconds
[2026-08-14T09:30:39.226+0000] {processor.py:161} INFO - Started process (PID=210) to work on /home/airflow/.local/lib/python3.8/site-packages/airflow/example_dags/example_params_ui_tutorial.py
[2026-08-14T09:30:39.227+0000] {processor.py:830} INFO - Processing file /home/airflow/.local/lib/python3.8/site-packages/airflow/example_dags/example_params_ui_tutorial.py for tasks to queue
[2026-08-14T09:30:39.231+0000] {logging_mixin.py:188} INFO - [2026-08-14T09:30:39.230+0000] {dagbag.py:538} INFO - Filling up the DagBag from /home/airflow/.local/lib/python3.8/site-packages/airflow/example_dags/example_params_ui_tutorial.py
[2026-08-14T09:30:39.250+0000] {processor.py:840} INFO - DAG(s) 'example_params_ui_tutorial' retrieved from /home/airflow/.local/lib/python3.8/site-packages/airflow/example_dags/example_params_ui_tutorial.py
[2026-08-14T09:30:39.270+0000] {logging_mixin.py:188} INFO - [2026-08-14T09:30:39.270+0000] {dag.py:3036} INFO - Sync 1 DAGs
[2026-08-14T09:30:39.290+0000] {logging_mixin.py:188} INFO - [2026-08-14T09:30:39.289+0000] {dag.py:3823} INFO - Setting next_dagrun for example_params_ui_tutorial to None, run_after=None
[2026-08-14T09:30:39.321+0000] {processor.py:183} INFO - Processing /home/airflow/.local/lib/python3.8/site-packages/airflow/example_dags/example_params_ui_tutorial.py took 0.100 seconds
[2026-08-14T09:31:09.628+0000] {processor.py:161} INFO - Started process (PID=283) to work on /home/airflow/.local/lib/python3.8/site-packages/airflow/example_dags/example_params_ui_tutorial.py
[2026-08-14T09:31:09.629+0000] {processor.py:830} INFO - Processing file /home/airflow/.local/lib/python3.8/site-packages/airflow/example_dags/example_params_ui_tutorial.py for tasks to queue
[2026-08-14T09:31:09.631+0000] {logging_mixin.py:188} INFO - [2026-08-14T09:31:09.631+0000] {dagbag.py:538} INFO - Filling up the DagBag from /home/airflow/.local/lib/python3.8/site-packages/airflow/example_dags/example_params_ui_tutorial.py
[2026-08-14T09:31:09.645+0000] {processor.py:840} INFO - DAG(s) 'example_params_ui_tutorial' retrieved from /home/airflow/.local/lib/python3.8/site-packages/airflow/example_dags/example_params_ui_tutorial.py
[2026-08-14T09:31:09.659+0000] {logging_mixin.py:188} INFO - [2026-08-14T09:31:09.659+0000] {dag.py:3036} INFO - Sync 1 DAGs
[2026-08-14T09:31:09.674+0000] {logging_mixin.py:188} INFO - [2026-08-14T09:31:09.674+0000] {dag.py:3823} INFO - Setting next_dagrun for example_params_ui_tutorial to None, run_after=None
[2026-08-14T09:31:09.761+0000] {processor.py:183} INFO - Processing /home/airflow/.local/lib/python3.8/site-packages/airflow/example_dags/example_params_ui_tutorial.py took 0.137 seconds
[2026-08-14T09:31:40.548+0000] {processor.py:161} INFO - Started process (PID=356) to work on /home/airflow/.local/lib/python3.8/site-packages/airflow/example_dags/example_params_ui_tutorial.py
[2026-08-14T09:31:40.549+0000] {processor.py:830} INFO - Processing file /home/airflow/.local/lib/python3.8/site-packages/airflow/example_dags/example_params_ui_tutorial.py for tasks to queue
[2026-08-14T09:31:40.551+0000] {logging_mixin.py:188} INFO - [2026-08-14T09:31:40.550+0000] {dagbag.py:538} INFO - Filling up the DagBag from /home/airflow/.local/lib/python3.8/site-packages/airflow/example_dags/example_params_ui_tutorial.py
[2026-08-14T09:31:40.566+0000] {processor.py:840} INFO - DAG(s) 'example_params_ui_tutorial' retrieved from /home/airflow/.local/lib/python3.8/site-packages/airflow/example_dags/example_params_ui_tutorial.py
[2026-08-14T09:31:40.685+0000] {logging_mixin.py:188} INFO - [2026-08-14T09:31:40.684+0000] {dag.py:3036} INFO - Sync 1 DAGs
[2026-08-14T09:31:40.697+0000] {logging_mixin.py:188} INFO - [2026-08-14T09:31:40.697+0000] {dag.py:3823} INFO - Setting next_dagrun for example_params_ui_tutorial to None, run_after=None
[2026-08-14T09:31:40.716+0000] {processor.py:183} INFO - Processing /home/airflow/.local/lib/python3.8/site-packages/airflow/example_dags/example_params_ui_tutorial.py took 0.171 seconds
[2026-08-14T09:32:10.996+0000] {processor.py:161} INFO - Started process (PID=433) to work on /home/airflow/.local/lib/python3.8/site-packages/airflow/example_dags/example_params_ui_tutorial.py
[2026-08-14T09:32:10.997+0000] {processor.py:830} INFO - Processing file /home/airflow/.local/lib/python3.8/site-packages/airflow/example_dags/example_params_ui_tutorial.py for tasks to queue
[2026-08-14T09:32:11.000+0000] {logging_mixin.py:188} INFO - [2026-08-14T09:32:11.000+0000] {dagbag.py:538} INFO - Filling up the DagBag from /home/airflow/.local/lib/python3.8/site-packages/airflow/example_dags/example_params_ui_tutorial.py
[2026-08-14T09:32:11.015+0000] {processor.py:840} INFO - DAG(s) 'example_params_ui_tutorial' retrieved from /home/airflow/.local/lib/python3.8/site-packages/airflow/example_dags/example_params_ui_tutorial.py
[2026-08-14T09:32:11.079+0000] {logging_mixin.py:188} INFO - [2026-08-14T09:32:11.079+0000] {dag.py:3036} INFO - Sync 1 DAGs
[2026-08-14T09:32:11.105+0000] {logging_mixin.py:188} INFO - [2026-08-14T09:32:11.104+0000] {dag.py:3823} INFO - Setting next_dagrun for example_params_ui_tutorial to None, run_after=None
[2026-08-14T09:32:11.185+0000] {processor.py:183} INFO - Processing /home/airflow/.local/lib/python3.8/site-packages/airflow/example_dags/example_params_ui_tutorial.py took 0.194 seconds
[2026-08-14T09:32:41.645+0000] {processor.py:161} INFO - Started process (PID=510) to work on /home/airflow/.local/lib/python3.8/site-packages/airflow/example_dags/example_params_ui_tutorial.py
[2026-08-14T09:32:41.647+0000] {processor.py:830} INFO - Processing file /home/airflow/.local/lib/python3.8/site-packages/airflow/example_dags/example_params_ui_tutorial.py for tasks to queue
[2026-08-14T09:32:41.649+0000] {logging_mixin.py:188} INFO - [2026-08-14T09:32:41.649+0000] {dagbag.py:538} INFO - Filling up the DagBag from /home/airflow/.local/lib/python3.8/site-packages/airflow/example_dags/example_params_ui_tutorial.py
[2026-08-14T09:32:41.665+0000] {processor.py:840} INFO - DAG(s) 'example_params_ui_tutorial' retrieved from /home/airflow/.local/lib/python3.8/site-packages/airflow/example_dags/example_params_ui_tutorial.py
[2026-08-14T09:32:41.714+0000] {logging_mixin.py:188} INFO - [2026-08-14T09:32:41.714+0000] {dag.py:3036} INFO - Sync 1 DAGs
[2026-08-14T09:32:41.724+0000] {logging_mixin.py:188} INFO - [2026-08-14T09:32:41.724+0000] {dag.py:3823} INFO - Setting next_dagrun for example_params_ui_tutorial to None, run_after=None
[2026-08-14T09:32:41.788+0000] {processor.py:183} INFO - Processing /home/airflow/.local/lib/python3.8/site-packages/airflow/example_dags/example_params_ui_tutorial.py took 0.146 seconds
[2026-08-14T09:33:11.895+0000] {processor.py:161} INFO - Started process (PID=583) to work on /home/airflow/.local/lib/python3.8/site-packages/airflow/example_dags/example_params_ui_tutorial.py
[2026-08-14T09:33:11.897+0000] {processor.py:830} INFO - Processing file /home/airflow/.local/lib/python3.8/site-packages/airflow/example_dags/example_params_ui_tutorial.py for tasks to queue
[2026-08-14T09:33:11.899+0000] {logging_mixin.py:188} INFO - [2026-08-14T09:33:11.899+0000] {dagbag.py:538} INFO - Filling up the DagBag from /home/airflow/.local/lib/python3.8/site-packages/airflow/example_dags/example_params_ui_tutorial.py
[2026-08-14T09:33:11.910+0000] {processor.py:840} INFO - DAG(s) 'example_params_ui_tutorial' retrieved from /home/airflow/.local/lib/python3.8/site-packages/airflow/example_dags/example_params_ui_tutorial.py
[2026-08-14T09:33:11.963+0000] {logging_mixin.py:188} INFO - [2026-08-14T09:33:11.962+0000] {dag.py:3036} INFO - Sync 1 DAGs
[2026-08-14T09:33:11.974+0000] {logging_mixin.py:188} INFO - [2026-08-14T09:33:11.974+0000] {dag.py:3823} INFO - Setting next_dagrun for example_params_ui_tutorial to None, run_after=None
[2026-08-14T09:33:11.992+0000] {processor.py:183} INFO - Processing /home/airflow/.local/lib/python3.8/site-packages/airflow/example_dags/example_params_ui_tutorial.py took 0.100 seconds
[2026-08-14T09:33:42.073+0000] {processor.py:161} INFO - Started process (PID=656) to work on /home/airflow/.local/lib/python3.8/site-packages/airflow/example_dags/example_params_ui_tutorial.py
[2026-08-14T09:33:42.075+0000] {processor.py:830} INFO - Processing file /home/airflow/.local/lib/python3.8/site-packages/airflow/example_dags/example_params_ui_tutorial.py for tasks to queue
[2026-08-14T09:33:42.077+0000] {logging_mixin.py:188} INFO - [2026-08-14T09:33:42.077+0000] {dagbag.py:538} INFO - Filling up the DagBag from /home/airflow/.local/lib/python3.8/site-packages/airflow/example_dags/example_params_ui_tutorial.py
[2026-08-14T09:33:42.089+0000] {processor.py:840} INFO - DAG(s) 'example_params_ui_tutorial' retrieved from /home/airflow/.local/lib/python3.8/site-packages/airflow/example_dags/example_params_ui_tutorial.py
[2026-08-14T09:33:42.149+0000] {logging_mixin.py:188} INFO - [2026-08-14T09:33:42.148+0000] {dag.py:3036} INFO - Sync 1 DAGs
[2026-08-14T09:33:42.163+0000] {logging_mixin.py:188} INFO - [2026-08-14T09:33:42.162+0000] {dag.py:3823} INFO - Setting next_dagrun for example_params_ui_tutorial to None, run_after=None
[2026-08-14T09:33:42.183+0000] {processor.py:183} INFO - Processing /home/airflow/.local/lib/python3.8/site-packages/airflow/example_dags/example_params_ui_tutorial.py took 0.113 seconds
[2026-08-14T09:34:12.325+0000] {processor.py:161} INFO - Started process (PID=729) to work on /home/airflow/.local/lib/python3.8/site-packages/airflow/example_dags/example_params_ui_tutorial.py
[2026-08-14T09:34:12.330+0000] {processor.py:830} INFO - Processing file /home/airflow/.local/lib/python3.8/site-packages/airflow/example_dags/example_params_ui_tutorial.py for tasks to queue
[2026-08-14T09:34:12.335+0000] {logging_mixin.py:188} INFO - [2026-08-14T09:34:12.334+0000] {dagbag.py:538} INFO - Filling up the DagBag from /home/airflow/.local/lib/python3.8/site-packages/airflow/example_dags/example_params_ui_tutorial.py
[2026-08-14T09:34:12.361+0000] {processor.py:840} INFO - DAG(s) 'example_params_ui_tutorial' retrieved from /home/airflow/.local/lib/python3.8/site-packages/airflow/example_dags/example_params_ui_tutorial.py
[2026-08-14T09:34:12.497+0000] {logging_mixin.py:188} INFO - [2026-08-14T09:34:12.496+0000] {dag.py:3036} INFO - Sync 1 DAGs
[2026-08-14T09:34:12.526+0000] {logging_mixin.py:188} INFO - [2026-08-14T09:34:12.525+0000] {dag.py:3823} INFO - Setting next_dagrun for example_params_ui_tutorial to None, run_after=None
[2026-08-14T09:34:12.574+0000] {processor.py:183} INFO - Processing /home/airflow/.local/lib/python3.8/site-packages/airflow/example_dags/example_params_ui_tutorial.py took 0.260 seconds
[2026-08-14T09:34:42.947+0000] {processor.py:161} INFO - Started process (PID=802) to work on /home/airflow/.local/lib/python3.8/site-packages/airflow/example_dags/example_params_ui_tutorial.py
[2026-08-14T09:34:42.948+0000] {processor.py:830} INFO - Processing file /home/airflow/.local/lib/python3.8/site-packages/airflow/example_dags/example_params_ui_tutorial.py for tasks to queue
[2026-08-14T09:34:42.951+0000] {logging_mixin.py:188} INFO - [2026-08-14T09:34:42.951+0000] {dagbag.py:538} INFO - Filling up the DagBag from /home/airflow/.local/lib/python3.8/site-packages/airflow/example_dags/example_params_ui_tutorial.py
[2026-08-14T09:34:42.971+0000] {processor.py:840} INFO - DAG(s) 'example_params_ui_tutorial' retrieved from /home/airflow/.local/lib/python3.8/site-packages/airflow/example_dags/example_params_ui_tutorial.py
[2026-08-14T09:34:43.038+0000] {logging_mixin.py:188} INFO - [2026-08-14T09:34:43.037+0000] {dag.py:3036} INFO - Sync 1 DAGs
[2026-08-14T09:34:43.052+0000] {logging_mixin.py:188} INFO - [2026-08-14T09:34:43.052+0000] {dag.py:3823} INFO - Setting next_dagrun for example_params_ui_tutorial to None, run_after=None
[2026-08-14T09:34:43.076+0000] {processor.py:183} INFO - Processing /home/airflow/.local/lib/python3.8/site-packages/airflow/example_dags/example_params_ui_tutorial.py took 0.133 seconds
[2026-08-14T09:35:14.656+0000] {processor.py:161} INFO - Started process (PID=888) to work on /home/airflow/.local/lib/python3.8/site-packages/airflow/example_dags/example_params_ui_tutorial.py
[2026-08-14T09:35:14.659+0000] {processor.py:830} INFO - Processing file /home/airflow/.local/lib/python3.8/site-packages/airflow/example_dags/example_params_ui_tutorial.py for tasks to queue
[2026-08-14T09:35:14.663+0000] {logging_mixin.py:188} INFO - [2026-08-14T09:35:14.662+0000] {dagbag.py:538} INFO - Filling up the DagBag from /home/airflow/.local/lib/python3.8/site-packages/airflow/example_dags/example_params_ui_tutorial.py
[2026-08-14T09:35:14.684+0000] {processor.py:840} INFO - DAG(s) 'example_params_ui_tutorial' retrieved from /home/airflow/.local/lib/python3.8/site-packages/airflow/example_dags/example_params_ui_tutorial.py
[2026-08-14T09:35:14.777+0000] {logging_mixin.py:188} INFO - [2026-08-14T09:35:14.776+0000] {dag.py:3036} INFO - Sync 1 DAGs
[2026-08-14T09:35:14.796+0000] {logging_mixin.py:188} INFO - [2026-08-14T09:35:14.796+0000] {dag.py:3823} INFO - Setting next_dagrun for example_params_ui_tutorial to None, run_after=None
[2026-08-14T09:35:14.827+0000] {processor.py:183} INFO - Processing /home/airflow/.local/lib/python3.8/site-packages/airflow/example_dags/example_params_ui_tutorial.py took 0.178 seconds
[2026-08-14T09:35:45.353+0000] {processor.py:161} INFO - Started process (PID=971) to work on /home/airflow/.local/lib/python3.8/site-packages/airflow/example_dags/example_params_ui_tutorial.py
[2026-08-14T09:35:45.354+0000] {processor.py:830} INFO - Processing file /home/airflow/.local/lib/python3.8/site-packages/airflow/example_dags/example_params_ui_tutorial.py for tasks to queue
[2026-08-14T09:35:45.357+0000] {logging_mixin.py:188} INFO - [2026-08-14T09:35:45.356+0000] {dagbag.py:538} INFO - Filling up the DagBag from /home/airflow/.local/lib/python3.8/site-packages/airflow/example_dags/example_params_ui_tutorial.py
[2026-08-14T09:35:45.376+0000] {processor.py:840} INFO - DAG(s) 'example_params_ui_tutorial' retrieved from /home/airflow/.local/lib/python3.8/site-packages/airflow/example_dags/example_params_ui_tutorial.py
[2026-08-14T09:35:45.448+0000] {logging_mixin.py:188} INFO - [2026-08-14T09:35:45.447+0000] {dag.py:3036} INFO - Sync 1 DAGs
[2026-08-14T09:35:45.467+0000] {logging_mixin.py:188} INFO - [2026-08-14T09:35:45.467+0000] {dag.py:3823} INFO - Setting next_dagrun for example_params_ui_tutorial to None, run_after=None
[2026-08-14T09:35:45.501+0000] {processor.py:183} INFO - Processing /home/airflow/.local/lib/python3.8/site-packages/airflow/example_dags/example_params_ui_tutorial.py took 0.154 seconds
[2026-08-14T09:36:15.680+0000] {processor.py:161} INFO - Started process (PID=1054) to work on /home/airflow/.local/lib/python3.8/site-packages/airflow/example_dags/example_params_ui_tutorial.py
[2026-08-14T09:36:15.682+0000] {processor.py:830} INFO - Processing file /home/airflow/.local/lib/python3.8/site-packages/airflow/example_dags/example_params_ui_tutorial.py for tasks to queue
[2026-08-14T09:36:15.684+0000] {logging_mixin.py:188} INFO - [2026-08-14T09:36:15.684+0000] {dagbag.py:538} INFO - Filling up the DagBag from /home/airflow/.local/lib/python3.8/site-packages/airflow/example_dags/example_params_ui_tutorial.py
[2026-08-14T09:36:15.698+0000] {processor.py:840} INFO - DAG(s) 'example_params_ui_tutorial' retrieved from /home/airflow/.local/lib/python3.8/site-packages/airflow/example_dags/example_params_ui_tutorial.py
[2026-08-14T09:36:15.762+0000] {logging_mixin.py:188} INFO - [2026-08-14T09:36:15.762+0000] {dag.py:3036} INFO - Sync 1 DAGs
[2026-08-14T09:36:15.777+0000] {logging_mixin.py:188} INFO - [2026-08-14T09:36:15.777+0000] {dag.py:3823} INFO - Setting next_dagrun for example_params_ui_tutorial to None, run_after=None
[2026-08-14T09:36:15.807+0000] {processor.py:183} INFO - Processing /home/airflow/.local/lib/python3.8/site-packages/airflow/example_dags/example_params_ui_tutorial.py took 0.132 seconds
[2026-08-14T09:36:45.945+0000] {processor.py:161} INFO - Started process (PID=1131) to work on /home/airflow/.local/lib/python3.8/site-packages/airflow/example_dags/example_params_ui_tutorial.py
[2026-08-14T09:36:45.948+0000] {processor.py:830} INFO - Processing file /home/airflow/.local/lib/python3.8/site-packages/airflow/example_dags/example_params_ui_tutorial.py for tasks to queue
[2026-08-14T09:36:45.951+0000] {logging_mixin.py:188} INFO - [2026-08-14T09:36:45.950+0000] {dagbag.py:538} INFO - Filling up the DagBag from /home/airflow/.local/lib/python3.8/site-packages/airflow/example_dags/example_params_ui_tutorial.py
[2026-08-14T09:36:45.967+0000] {processor.py:840} INFO - DAG(s) 'example_params_ui_tutorial' retrieved from /home/airflow/.local/lib/python3.8/site-packages/airflow/example_dags/example_params_ui_tutorial.py
[2026-08-14T09:36:46.046+0000] {logging_mixin.py:188} INFO - [2026-08-14T09:36:46.045+0000] {dag.py:3036} INFO - Sync 1 DAGs
[2026-08-14T09:36:46.061+0000] {logging_mixin.py:188} INFO - [2026-08-14T09:36:46.060+0000] {dag.py:3823} INFO - Setting next_dagrun for example_params_ui_tutorial to None, run_after=None
[2026-08-14T09:36:46.086+0000] {processor.py:183} INFO - Processing /home/airflow/.local/lib/python3.8/site-packages/airflow/example_dags/example_params_ui_tutorial.py took 0.145 seconds
[2026-08-14T09:37:16.817+0000] {processor.py:161} INFO - Started process (PID=1206) to work on /home/airflow/.local/lib/python3.8/site-packages/airflow/example_dags/example_params_ui_tutorial.py
[2026-08-14T09:37:16.819+0000] {processor.py:830} INFO - Processing file /home/airflow/.local/lib/python3.8/site-packages/airflow/example_dags/example_params_ui_tutorial.py for tasks to queue
[2026-08-14T09:37:16.821+0000] {logging_mixin.py:188} INFO - [2026-08-14T09:37:16.821+0000] {dagbag.py:538} INFO - Filling up the DagBag from /home/airflow/.local/lib/python3.8/site-packages/airflow/example_dags/example_params_ui_tutorial.py
[2026-08-14T09:37:16.834+0000] {processor.py:840} INFO - DAG(s) 'example_params_ui_tutorial' retrieved from /home/airflow/.local/lib/python3.8/site-packages/airflow/example_dags/example_params_ui_tutorial.py
[2026-08-14T09:37:16.892+0000] {logging_mixin.py:188} INFO - [2026-08-14T09:37:16.892+0000] {dag.py:3036} INFO - Sync 1 DAGs
[2026-08-14T09:37:16.904+0000] {logging_mixin.py:188} INFO - [2026-08-14T09:37:16.904+0000] {dag.py:3823} INFO - Setting next_dagrun for example_params_ui_tutorial to None, run_after=None
[2026-08-14T09:37:16.923+0000] {processor.py:183} INFO - Processing /home/airflow/.local/lib/python3.8/site-packages/airflow/example_dags/example_params_ui_tutorial.py took 0.110 seconds
[2026-08-14T09:37:47.721+0000] {processor.py:161} INFO - Started process (PID=1281) to work on /home/airflow/.local/lib/python3.8/site-packages/airflow/example_dags/example_params_ui_tutorial.py
[2026-08-14T09:37:47.722+0000] {processor.py:830} INFO - Processing file /home/airflow/.local/lib/python3.8/site-packages/airflow/example_dags/example_params_ui_tutorial.py for tasks to queue
[2026-08-14T09:37:47.724+0000] {logging_mixin.py:188} INFO - [2026-08-14T09:37:47.724+0000] {dagbag.py:538} INFO - Filling up the DagBag from /home/airflow/.local/lib/python3.8/site-packages/airflow/example_dags/example_params_ui_tutorial.py
[2026-08-14T09:37:47.737+0000] {processor.py:840} INFO - DAG(s) 'example_params_ui_tutorial' retrieved from /home/airflow/.local/lib/python3.8/site-packages/airflow/example_dags/example_params_ui_tutorial.py
[2026-08-14T09:37:47.789+0000] {logging_mixin.py:188} INFO - [2026-08-14T09:37:47.789+0000] {dag.py:3036} INFO - Sync 1 DAGs
[2026-08-14T09:37:47.801+0000] {logging_mixin.py:188} INFO - [2026-08-14T09:37:47.800+0000] {dag.py:3823} INFO - Setting next_dagrun for example_params_ui_tutorial to None, run_after=None
[2026-08-14T09:37:47.819+0000] {processor.py:183} INFO - Processing /home/airflow/.local/lib/python3.8/site-packages/airflow/example_dags/example_params_ui_tutorial.py took 0.101 seconds
[2026-08-14T09:38:18.837+0000] {processor.py:161} INFO - Started process (PID=1356) to work on /home/airflow/.local/lib/python3.8/site-packages/airflow/example_dags/example_params_ui_tutorial.py
[2026-08-14T09:38:18.838+0000] {processor.py:830} INFO - Processing file /home/airflow/.local/lib/python3.8/site-packages/airflow/example_dags/example_params_ui_tutorial.py for tasks to queue
[2026-08-14T09:38:18.840+0000] {logging_mixin.py:188} INFO - [2026-08-14T09:38:18.840+0000] {dagbag.py:538} INFO - Filling up the DagBag from /home/airflow/.local/lib/python3.8/site-packages/airflow/example_dags/example_params_ui_tutorial.py
[2026-08-14T09:38:18.856+0000] {processor.py:840} INFO - DAG(s) 'example_params_ui_tutorial' retrieved from /home/airflow/.local/lib/python3.8/site-packages/airflow/example_dags/example_params_ui_tutorial.py
[2026-08-14T09:38:18.909+0000] {logging_mixin.py:188} INFO - [2026-08-14T09:38:18.909+0000] {dag.py:3036} INFO - Sync 1 DAGs
[2026-08-14T09:38:18.922+0000] {logging_mixin.py:188} INFO - [2026-08-14T09:38:18.921+0000] {dag.py:3823} INFO - Setting next_dagrun for example_params_ui_tutorial to None, run_after=None
[2026-08-14T09:38:18.942+0000] {processor.py:183} INFO - Processing /home/airflow/.local/lib/python3.8/site-packages/airflow/example_dags/example_params_ui_tutorial.py took 0.109 seconds
[2026-08-14T09:38:51.345+0000] {processor.py:161} INFO - Started process (PID=1432) to work on /home/airflow/.local/lib/python3.8/site-packages/airflow/example_dags/example_params_ui_tutorial.py
[2026-08-14T09:38:51.347+0000] {processor.py:830} INFO - Processing file /home/airflow/.local/lib/python3.8/site-packages/airflow/example_dags/example_params_ui_tutorial.py for tasks to queue
[2026-08-14T09:38:51.349+0000] {logging_mixin.py:188} INFO - [2026-08-14T09:38:51.349+0000] {dagbag.py:538} INFO - Filling up the DagBag from /home/airflow/.local/lib/python3.8/site-packages/airflow/example_dags/example_params_ui_tutorial.py
[2026-08-14T09:38:51.364+0000] {processor.py:840} INFO - DAG(s) 'example_params_ui_tutorial' retrieved from /home/airflow/.local/lib/python3.8/site-packages/airflow/example_dags/example_params_ui_tutorial.py
[2026-08-14T09:38:51.504+0000] {logging_mixin.py:188} INFO - [2026-08-14T09:38:51.504+0000] {dag.py:3036} INFO - Sync 1 DAGs
[2026-08-14T09:38:51.533+0000] {logging_mixin.py:188} INFO - [2026-08-14T09:38:51.533+0000] {dag.py:3823} INFO - Setting next_dagrun for example_params_ui_tutorial to None, run_after=None
[2026-08-14T09:38:51.581+0000] {processor.py:183} INFO - Processing /home/airflow/.local/lib/python3.8/site-packages/airflow/example_dags/example_params_ui_tutorial.py took 0.240 seconds
[2026-08-14T09:39:22.405+0000] {processor.py:161} INFO - Started process (PID=1513) to work on /home/airflow/.local/lib/python3.8/site-packages/airflow/example_dags/example_params_ui_tutorial.py
[2026-08-14T09:39:22.406+0000] {processor.py:830} INFO - Processing file /home/airflow/.local/lib/python3.8/site-packages/airflow/example_dags/example_params_ui_tutorial.py for tasks to queue
[2026-08-14T09:39:22.409+0000] {logging_mixin.py:188} INFO - [2026-08-14T09:39:22.409+0000] {dagbag.py:538} INFO - Filling up the DagBag from /home/airflow/.local/lib/python3.8/site-packages/airflow/example_dags/example_params_ui_tutorial.py
[2026-08-14T09:39:22.422+0000] {processor.py:840} INFO - DAG(s) 'example_params_ui_tutorial' retrieved from /home/airflow/.local/lib/python3.8/site-packages/airflow/example_dags/example_params_ui_tutorial.py
[2026-08-14T09:39:22.495+0000] {logging_mixin.py:188} INFO - [2026-08-14T09:39:22.495+0000] {dag.py:3036} INFO - Sync 1 DAGs
[2026-08-14T09:39:22.510+0000] {logging_mixin.py:188} INFO - [2026-08-14T09:39:22.509+0000] {dag.py:3823} INFO - Setting next_dagrun for example_params_ui_tutorial to None, run_after=None
[2026-08-14T09:39:22.532+0000] {processor.py:183} INFO - Processing /home/airflow/.local/lib/python3.8/site-packages/airflow/example_dags/example_params_ui_tutorial.py took 0.131 seconds
[2026-08-14T09:39:53.274+0000] {processor.py:161} INFO - Started process (PID=1588) to work on /home/airflow/.local/lib/python3.8/site-packages/airflow/example_dags/example_params_ui_tutorial.py
[2026-08-14T09:39:53.276+0000] {processor.py:830} INFO - Processing file /home/airflow/.local/lib/python3.8/site-packages/airflow/example_dags/example_params_ui_tutorial.py for tasks to queue
[2026-08-14T09:39:53.279+0000] {logging_mixin.py:188} INFO - [2026-08-14T09:39:53.278+0000] {dagbag.py:538} INFO - Filling up the DagBag from /home/airflow/.local/lib/python3.8/site-packages/airflow/example_dags/example_params_ui_tutorial.py
[2026-08-14T09:39:53.296+0000] {processor.py:840} INFO - DAG(s) 'example_params_ui_tutorial' retrieved from /home/airflow/.local/lib/python3.8/site-packages/airflow/example_dags/example_params_ui_tutorial.py
[2026-08-14T09:39:53.370+0000] {logging_mixin.py:188} INFO - [2026-08-14T09:39:53.370+0000] {dag.py:3036} INFO - Sync 1 DAGs
[2026-08-14T09:39:53.385+0000] {logging_mixin.py:188} INFO - [2026-08-14T09:39:53.385+0000] {dag.py:3823} INFO - Setting next_dagrun for example_params_ui_tutorial to None, run_after=None
[2026-08-14T09:39:53.407+0000] {processor.py:183} INFO - Processing /home/airflow/.local/lib/python3.8/site-packages/airflow/example_dags/example_params_ui_tutorial.py took 0.137 seconds
[2026-08-14T09:40:24.811+0000] {processor.py:161} INFO - Started process (PID=1663) to work on /home/airflow/.local/lib/python3.8/site-packages/airflow/example_dags/example_params_ui_tutorial.py
[2026-08-14T09:40:24.813+0000] {processor.py:830} INFO - Processing file /home/airflow/.local/lib/python3.8/site-packages/airflow/example_dags/example_params_ui_tutorial.py for tasks to queue
[2026-08-14T09:40:24.815+0000] {logging_mixin.py:188} INFO - [2026-08-14T09:40:24.815+0000] {dagbag.py:538} INFO - Filling up the DagBag from /home/airflow/.local/lib/python3.8/site-packages/airflow/example_dags/example_params_ui_tutorial.py
[2026-08-14T09:40:24.828+0000] {processor.py:840} INFO - DAG(s) 'example_params_ui_tutorial' retrieved from /home/airflow/.local/lib/python3.8/site-packages/airflow/example_dags/example_params_ui_tutorial.py
[2026-08-14T09:40:24.888+0000] {logging_mixin.py:188} INFO - [2026-08-14T09:40:24.888+0000] {dag.py:3036} INFO - Sync 1 DAGs
[2026-08-14T09:40:24.902+0000] {logging_mixin.py:188} INFO - [2026-08-14T09:40:24.901+0000] {dag.py:3823} INFO - Setting next_dagrun for example_params_ui_tutorial to None, run_after=None
[2026-08-14T09:40:24.925+0000] {processor.py:183} INFO - Processing /home/airflow/.local/lib/python3.8/site-packages/airflow/example_dags/example_params_ui_tutorial.py took 0.118 seconds
[2026-08-14T09:40:56.230+0000] {processor.py:161} INFO - Started process (PID=1738) to work on /home/airflow/.local/lib/python3.8/site-packages/airflow/example_dags/example_params_ui_tutorial.py
[2026-08-14T09:40:56.231+0000] {processor.py:830} INFO - Processing file /home/airflow/.local/lib/python3.8/site-packages/airflow/example_dags/example_params_ui_tutorial.py for tasks to queue
[2026-08-14T09:40:56.234+0000] {logging_mixin.py:188} INFO - [2026-08-14T09:40:56.233+0000] {dagbag.py:538} INFO - Filling up the DagBag from /home/airflow/.local/lib/python3.8/site-packages/airflow/example_dags/example_params_ui_tutorial.py
[2026-08-14T09:40:56.248+0000] {processor.py:840} INFO - DAG(s) 'example_params_ui_tutorial' retrieved from /home/airflow/.local/lib/python3.8/site-packages/airflow/example_dags/example_params_ui_tutorial.py
[2026-08-14T09:40:56.304+0000] {logging_mixin.py:188} INFO - [2026-08-14T09:40:56.304+0000] {dag.py:3036} INFO - Sync 1 DAGs
[2026-08-14T09:40:56.315+0000] {logging_mixin.py:188} INFO - [2026-08-14T09:40:56.315+0000] {dag.py:3823} INFO - Setting next_dagrun for example_params_ui_tutorial to None, run_after=None
[2026-08-14T09:40:56.336+0000] {processor.py:183} INFO - Processing /home/airflow/.local/lib/python3.8/site-packages/airflow/example_dags/example_params_ui_tutorial.py took 0.110 seconds
[2026-08-14T09:41:27.504+0000] {processor.py:161} INFO - Started process (PID=1813) to work on /home/airflow/.local/lib/python3.8/site-packages/airflow/example_dags/example_params_ui_tutorial.py
[2026-08-14T09:41:27.505+0000] {processor.py:830} INFO - Processing file /home/airflow/.local/lib/python3.8/site-packages/airflow/example_dags/example_params_ui_tutorial.py for tasks to queue
[2026-08-14T09:41:27.508+0000] {logging_mixin.py:188} INFO - [2026-08-14T09:41:27.507+0000] {dagbag.py:538} INFO - Filling up the DagBag from /home/airflow/.local/lib/python3.8/site-packages/airflow/example_dags/example_params_ui_tutorial.py
[2026-08-14T09:41:27.519+0000] {processor.py:840} INFO - DAG(s) 'example_params_ui_tutorial' retrieved from /home/airflow/.local/lib/python3.8/site-packages/airflow/example_dags/example_params_ui_tutorial.py
[2026-08-14T09:41:27.574+0000] {logging_mixin.py:188} INFO - [2026-08-14T09:41:27.573+0000] {dag.py:3036} INFO - Sync 1 DAGs
[2026-08-14T09:41:27.585+0000] {logging_mixin.py:188} INFO - [2026-08-14T09:41:27.585+0000] {dag.py:3823} INFO - Setting next_dagrun for example_params_ui_tutorial to None, run_after=None
[2026-08-14T09:41:27.604+0000] {processor.py:183} INFO - Processing /home/airflow/.local/lib/python3.8/site-packages/airflow/example_dags/example_params_ui_tutorial.py took 0.103 seconds
[2026-08-14T09:41:59.232+0000] {processor.py:161} INFO - Started process (PID=1888) to work on /home/airflow/.local/lib/python3.8/site-packages/airflow/example_dags/example_params_ui_tutorial.py
[2026-08-14T09:41:59.234+0000] {processor.py:830} INFO - Processing file /home/airflow/.local/lib/python3.8/site-packages/airflow/example_dags/example_params_ui_tutorial.py for tasks to queue
[2026-08-14T09:41:59.237+0000] {logging_mixin.py:188} INFO - [2026-08-14T09:41:59.236+0000] {dagbag.py:538} INFO - Filling up the DagBag from /home/airflow/.local/lib/python3.8/site-packages/airflow/example_dags/example_params_ui_tutorial.py
[2026-08-14T09:41:59.251+0000] {processor.py:840} INFO - DAG(s) 'example_params_ui_tutorial' retrieved from /home/airflow/.local/lib/python3.8/site-packages/airflow/example_dags/example_params_ui_tutorial.py
[2026-08-14T09:41:59.303+0000] {logging_mixin.py:188} INFO - [2026-08-14T09:41:59.302+0000] {dag.py:3036} INFO - Sync 1 DAGs
[2026-08-14T09:41:59.313+0000] {logging_mixin.py:188} INFO - [2026-08-14T09:41:59.313+0000] {dag.py:3823} INFO - Setting next_dagrun for example_params_ui_tutorial to None, run_after=None
[2026-08-14T09:41:59.333+0000] {processor.py:183} INFO - Processing /home/airflow/.local/lib/python3.8/site-packages/airflow/example_dags/example_params_ui_tutorial.py took 0.106 seconds
[2026-08-14T09:42:29.967+0000] {processor.py:161} INFO - Started process (PID=1964) to work on /home/airflow/.local/lib/python3.8/site-packages/airflow/example_dags/example_params_ui_tutorial.py
[2026-08-14T09:42:29.968+0000] {processor.py:830} INFO - Processing file /home/airflow/.local/lib/python3.8/site-packages/airflow/example_dags/example_params_ui_tutorial.py for tasks to queue
[2026-08-14T09:42:29.970+0000] {logging_mixin.py:188} INFO - [2026-08-14T09:42:29.970+0000] {dagbag.py:538} INFO - Filling up the DagBag from /home/airflow/.local/lib/python3.8/site-packages/airflow/example_dags/example_params_ui_tutorial.py
[2026-08-14T09:42:29.988+0000] {processor.py:840} INFO - DAG(s) 'example_params_ui_tutorial' retrieved from /home/airflow/.local/lib/python3.8/site-packages/airflow/example_dags/example_params_ui_tutorial.py
[2026-08-14T09:42:30.053+0000] {logging_mixin.py:188} INFO - [2026-08-14T09:42:30.053+0000] {dag.py:3036} INFO - Sync 1 DAGs
[2026-08-14T09:42:30.068+0000] {logging_mixin.py:188} INFO - [2026-08-14T09:42:30.068+0000] {dag.py:3823} INFO - Setting next_dagrun for example_params_ui_tutorial to None, run_after=None
[2026-08-14T09:42:30.092+0000] {processor.py:183} INFO - Processing /home/airflow/.local/lib/python3.8/site-packages/airflow/example_dags/example_params_ui_tutorial.py took 0.129 seconds
[2026-08-14T09:43:01.858+0000] {processor.py:161} INFO - Started process (PID=2039) to work on /home/airflow/.local/lib/python3.8/site-packages/airflow/example_dags/example_params_ui_tutorial.py
[2026-08-14T09:43:01.860+0000] {processor.py:830} INFO - Processing file /home/airflow/.local/lib/python3.8/site-packages/airflow/example_dags/example_params_ui_tutorial.py for tasks to queue
[2026-08-14T09:43:01.863+0000] {logging_mixin.py:188} INFO - [2026-08-14T09:43:01.862+0000] {dagbag.py:538} INFO - Filling up the DagBag from /home/airflow/.local/lib/python3.8/site-packages/airflow/example_dags/example_params_ui_tutorial.py
[2026-08-14T09:43:01.879+0000] {processor.py:840} INFO - DAG(s) 'example_params_ui_tutorial' retrieved from /home/airflow/.local/lib/python3.8/site-packages/airflow/example_dags/example_params_ui_tutorial.py
[2026-08-14T09:43:01.937+0000] {logging_mixin.py:188} INFO - [2026-08-14T09:43:01.937+0000] {dag.py:3036} INFO - Sync 1 DAGs
[2026-08-14T09:43:02.126+0000] {logging_mixin.py:188} INFO - [2026-08-14T09:43:02.126+0000] {dag.py:3823} INFO - Setting next_dagrun for example_params_ui_tutorial to None, run_after=None
[2026-08-14T09:43:02.147+0000] {processor.py:183} INFO - Processing /home/airflow/.local/lib/python3.8/site-packages/airflow/example_dags/example_params_ui_tutorial.py took 0.293 seconds
[2026-08-14T09:43:32.746+0000] {processor.py:161} INFO - Started process (PID=2114) to work on /home/airflow/.local/lib/python3.8/site-packages/airflow/example_dags/example_params_ui_tutorial.py
[2026-08-14T09:43:32.747+0000] {processor.py:830} INFO - Processing file /home/airflow/.local/lib/python3.8/site-packages/airflow/example_dags/example_params_ui_tutorial.py for tasks to queue
[2026-08-14T09:43:32.749+0000] {logging_mixin.py:188} INFO - [2026-08-14T09:43:32.749+0000] {dagbag.py:538} INFO - Filling up the DagBag from /home/airflow/.local/lib/python3.8/site-packages/airflow/example_dags/example_params_ui_tutorial.py
[2026-08-14T09:43:32.762+0000] {processor.py:840} INFO - DAG(s) 'example_params_ui_tutorial' retrieved from /home/airflow/.local/lib/python3.8/site-packages/airflow/example_dags/example_params_ui_tutorial.py
[2026-08-14T09:43:32.829+0000] {logging_mixin.py:188} INFO - [2026-08-14T09:43:32.828+0000] {dag.py:3036} INFO - Sync 1 DAGs
[2026-08-14T09:43:32.846+0000] {logging_mixin.py:188} INFO - [2026-08-14T09:43:32.846+0000] {dag.py:3823} INFO - Setting next_dagrun for example_params_ui_tutorial to None, run_after=None
[2026-08-14T09:43:32.873+0000] {processor.py:183} INFO - Processing /home/airflow/.local/lib/python3.8/site-packages/airflow/example_dags/example_params_ui_tutorial.py took 0.130 seconds
[2026-08-14T09:44:03.765+0000] {processor.py:161} INFO - Started process (PID=2189) to work on /home/airflow/.local/lib/python3.8/site-packages/airflow/example_dags/example_params_ui_tutorial.py
[2026-08-14T09:44:03.766+0000] {processor.py:830} INFO - Processing file /home/airflow/.local/lib/python3.8/site-packages/airflow/example_dags/example_params_ui_tutorial.py for tasks to queue
[2026-08-14T09:44:03.768+0000] {logging_mixin.py:188} INFO - [2026-08-14T09:44:03.768+0000] {dagbag.py:538} INFO - Filling up the DagBag from /home/airflow/.local/lib/python3.8/site-packages/airflow/example_dags/example_params_ui_tutorial.py
[2026-08-14T09:44:03.780+0000] {processor.py:840} INFO - DAG(s) 'example_params_ui_tutorial' retrieved from /home/airflow/.local/lib/python3.8/site-packages/airflow/example_dags/example_params_ui_tutorial.py
[2026-08-14T09:44:03.832+0000] {logging_mixin.py:188} INFO - [2026-08-14T09:44:03.832+0000] {dag.py:3036} INFO - Sync 1 DAGs
[2026-08-14T09:44:03.852+0000] {logging_mixin.py:188} INFO - [2026-08-14T09:44:03.852+0000] {dag.py:3823} INFO - Setting next_dagrun for example_params_ui_tutorial to None, run_after=None
[2026-08-14T09:44:03.880+0000] {processor.py:183} INFO - Processing /home/airflow/.local/lib/python3.8/site-packages/airflow/example_dags/example_params_ui_tutorial.py took 0.118 seconds
[2026-08-14T09:44:34.268+0000] {processor.py:161} INFO - Started process (PID=2264) to work on /home/airflow/.local/lib/python3.8/site-packages/airflow/example_dags/example_params_ui_tutorial.py
[2026-08-14T09:44:34.269+0000] {processor.py:830} INFO - Processing file /home/airflow/.local/lib/python3.8/site-packages/airflow/example_dags/example_params_ui_tutorial.py for tasks to queue
[2026-08-14T09:44:34.272+0000] {logging_mixin.py:188} INFO - [2026-08-14T09:44:34.271+0000] {dagbag.py:538} INFO - Filling up the DagBag from /home/airflow/.local/lib/python3.8/site-packages/airflow/example_dags/example_params_ui_tutorial.py
[2026-08-14T09:44:34.284+0000] {processor.py:840} INFO - DAG(s) 'example_params_ui_tutorial' retrieved from /home/airflow/.local/lib/python3.8/site-packages/airflow/example_dags/example_params_ui_tutorial.py
[2026-08-14T09:44:34.337+0000] {logging_mixin.py:188} INFO - [2026-08-14T09:44:34.337+0000] {dag.py:3036} INFO - Sync 1 DAGs
[2026-08-14T09:44:34.349+0000] {logging_mixin.py:188} INFO - [2026-08-14T09:44:34.348+0000] {dag.py:3823} INFO - Setting next_dagrun for example_params_ui_tutorial to None, run_after=None
[2026-08-14T09:44:34.373+0000] {processor.py:183} INFO - Processing /home/airflow/.local/lib/python3.8/site-packages/airflow/example_dags/example_params_ui_tutorial.py took 0.109 seconds
[2026-08-14T09:45:05.008+0000] {processor.py:161} INFO - Started process (PID=2339) to work on /home/airflow/.local/lib/python3.8/site-packages/airflow/example_dags/example_params_ui_tutorial.py
[2026-08-14T09:45:05.010+0000] {processor.py:830} INFO - Processing file /home/airflow/.local/lib/python3.8/site-packages/airflow/example_dags/example_params_ui_tutorial.py for tasks to queue
[2026-08-14T09:45:05.012+0000] {logging_mixin.py:188} INFO - [2026-08-14T09:45:05.012+0000] {dagbag.py:538} INFO - Filling up the DagBag from /home/airflow/.local/lib/python3.8/site-packages/airflow/example_dags/example_params_ui_tutorial.py
[2026-08-14T09:45:05.024+0000] {processor.py:840} INFO - DAG(s) 'example_params_ui_tutorial' retrieved from /home/airflow/.local/lib/python3.8/site-packages/airflow/example_dags/example_params_ui_tutorial.py
[2026-08-14T09:45:05.079+0000] {logging_mixin.py:188} INFO - [2026-08-14T09:45:05.079+0000] {dag.py:3036} INFO - Sync 1 DAGs
[2026-08-14T09:45:05.091+0000] {logging_mixin.py:188} INFO - [2026-08-14T09:45:05.091+0000] {dag.py:3823} INFO - Setting next_dagrun for example_params_ui_tutorial to None, run_after=None
[2026-08-14T09:45:05.110+0000] {processor.py:183} INFO - Processing /home/airflow/.local/lib/python3.8/site-packages/airflow/example_dags/example_params_ui_tutorial.py took 0.105 seconds
[2026-08-14T09:45:36.091+0000] {processor.py:161} INFO - Started process (PID=2422) to work on /home/airflow/.local/lib/python3.8/site-packages/airflow/example_dags/example_params_ui_tutorial.py
[2026-08-14T09:45:36.093+0000] {processor.py:830} INFO - Processing file /home/airflow/.local/lib/python3.8/site-packages/airflow/example_dags/example_params_ui_tutorial.py for tasks to queue
[2026-08-14T09:45:36.097+0000] {logging_mixin.py:188} INFO - [2026-08-14T09:45:36.096+0000] {dagbag.py:538} INFO - Filling up the DagBag from /home/airflow/.local/lib/python3.8/site-packages/airflow/example_dags/example_params_ui_tutorial.py
[2026-08-14T09:45:36.117+0000] {processor.py:840} INFO - DAG(s) 'example_params_ui_tutorial' retrieved from /home/airflow/.local/lib/python3.8/site-packages/airflow/example_dags/example_params_ui_tutorial.py
[2026-08-14T09:45:36.255+0000] {logging_mixin.py:188} INFO - [2026-08-14T09:45:36.254+0000] {dag.py:3036} INFO - Sync 1 DAGs
[2026-08-14T09:45:36.281+0000] {logging_mixin.py:188} INFO - [2026-08-14T09:45:36.280+0000] {dag.py:3823} INFO - Setting next_dagrun for example_params_ui_tutorial to None, run_after=None
[2026-08-14T09:45:36.335+0000] {processor.py:183} INFO - Processing /home/airflow/.local/lib/python3.8/site-packages/airflow/example_dags/example_params_ui_tutorial.py took 0.248 seconds
[2026-08-14T09:46:06.563+0000] {processor.py:161} INFO - Started process (PID=2509) to work on /home/airflow/.local/lib/python3.8/site-packages/airflow/example_dags/example_params_ui_tutorial.py
[2026-08-14T09:46:06.565+0000] {processor.py:830} INFO - Processing file /home/airflow/.local/lib/python3.8/site-packages/airflow/example_dags/example_params_ui_tutorial.py for tasks to queue
[2026-08-14T09:46:06.570+0000] {logging_mixin.py:188} INFO - [2026-08-14T09:46:06.569+0000] {dagbag.py:538} INFO - Filling up the DagBag from /home/airflow/.local/lib/python3.8/site-packages/airflow/example_dags/example_params_ui_tutorial.py
[2026-08-14T09:46:06.586+0000] {processor.py:840} INFO - DAG(s) 'example_params_ui_tutorial' retrieved from /home/airflow/.local/lib/python3.8/site-packages/airflow/example_dags/example_params_ui_tutorial.py
[2026-08-14T09:46:06.669+0000] {logging_mixin.py:188} INFO - [2026-08-14T09:46:06.668+0000] {dag.py:3036} INFO - Sync 1 DAGs
[2026-08-14T09:46:06.694+0000] {logging_mixin.py:188} INFO - [2026-08-14T09:46:06.693+0000] {dag.py:3823} INFO - Setting next_dagrun for example_params_ui_tutorial to None, run_after=None
[2026-08-14T09:46:06.725+0000] {processor.py:183} INFO - Processing /home/airflow/.local/lib/python3.8/site-packages/airflow/example_dags/example_params_ui_tutorial.py took 0.168 seconds
[2026-08-14T09:46:37.952+0000] {processor.py:161} INFO - Started process (PID=2592) to work on /home/airflow/.local/lib/python3.8/site-packages/airflow/example_dags/example_params_ui_tutorial.py
[2026-08-14T09:46:37.954+0000] {processor.py:830} INFO - Processing file /home/airflow/.local/lib/python3.8/site-packages/airflow/example_dags/example_params_ui_tutorial.py for tasks to queue
[2026-08-14T09:46:37.957+0000] {logging_mixin.py:188} INFO - [2026-08-14T09:46:37.957+0000] {dagbag.py:538} INFO - Filling up the DagBag from /home/airflow/.local/lib/python3.8/site-packages/airflow/example_dags/example_params_ui_tutorial.py
[2026-08-14T09:46:37.972+0000] {processor.py:840} INFO - DAG(s) 'example_params_ui_tutorial' retrieved from /home/airflow/.local/lib/python3.8/site-packages/airflow/example_dags/example_params_ui_tutorial.py
[2026-08-14T09:46:38.039+0000] {logging_mixin.py:188} INFO - [2026-08-14T09:46:38.039+0000] {dag.py:3036} INFO - Sync 1 DAGs
[2026-08-14T09:46:38.053+0000] {logging_mixin.py:188} INFO - [2026-08-14T09:46:38.052+0000] {dag.py:3823} INFO - Setting next_dagrun for example_params_ui_tutorial to None, run_after=None
[2026-08-14T09:46:38.077+0000] {processor.py:183} INFO - Processing /home/airflow/.local/lib/python3.8/site-packages/airflow/example_dags/example_params_ui_tutorial.py took 0.129 seconds
[2026-08-14T09:47:08.579+0000] {processor.py:161} INFO - Started process (PID=2671) to work on /home/airflow/.local/lib/python3.8/site-packages/airflow/example_dags/example_params_ui_tutorial.py
[2026-08-14T09:47:08.581+0000] {processor.py:830} INFO - Processing file /home/airflow/.local/lib/python3.8/site-packages/airflow/example_dags/example_params_ui_tutorial.py for tasks to queue
[2026-08-14T09:47:08.584+0000] {logging_mixin.py:188} INFO - [2026-08-14T09:47:08.583+0000] {dagbag.py:538} INFO - Filling up the DagBag from /home/airflow/.local/lib/python3.8/site-packages/airflow/example_dags/example_params_ui_tutorial.py
[2026-08-14T09:47:08.598+0000] {processor.py:840} INFO - DAG(s) 'example_params_ui_tutorial' retrieved from /home/airflow/.local/lib/python3.8/site-packages/airflow/example_dags/example_params_ui_tutorial.py
[2026-08-14T09:47:08.658+0000] {logging_mixin.py:188} INFO - [2026-08-14T09:47:08.657+0000] {dag.py:3036} INFO - Sync 1 DAGs
[2026-08-14T09:47:08.672+0000] {logging_mixin.py:188} INFO - [2026-08-14T09:47:08.672+0000] {dag.py:3823} INFO - Setting next_dagrun for example_params_ui_tutorial to None, run_after=None
[2026-08-14T09:47:08.694+0000] {processor.py:183} INFO - Processing /home/airflow/.local/lib/python3.8/site-packages/airflow/example_dags/example_params_ui_tutorial.py took 0.118 seconds
[2026-08-14T09:47:38.965+0000] {processor.py:161} INFO - Started process (PID=2750) to work on /home/airflow/.local/lib/python3.8/site-packages/airflow/example_dags/example_params_ui_tutorial.py
[2026-08-14T09:47:38.966+0000] {processor.py:830} INFO - Processing file /home/airflow/.local/lib/python3.8/site-packages/airflow/example_dags/example_params_ui_tutorial.py for tasks to queue
[2026-08-14T09:47:38.968+0000] {logging_mixin.py:188} INFO - [2026-08-14T09:47:38.968+0000] {dagbag.py:538} INFO - Filling up the DagBag from /home/airflow/.local/lib/python3.8/site-packages/airflow/example_dags/example_params_ui_tutorial.py
[2026-08-14T09:47:38.980+0000] {processor.py:840} INFO - DAG(s) 'example_params_ui_tutorial' retrieved from /home/airflow/.local/lib/python3.8/site-packages/airflow/example_dags/example_params_ui_tutorial.py
[2026-08-14T09:47:39.056+0000] {logging_mixin.py:188} INFO - [2026-08-14T09:47:39.056+0000] {dag.py:3036} INFO - Sync 1 DAGs
[2026-08-14T09:47:39.076+0000] {logging_mixin.py:188} INFO - [2026-08-14T09:47:39.076+0000] {dag.py:3823} INFO - Setting next_dagrun for example_params_ui_tutorial to None, run_after=None
[2026-08-14T09:47:39.111+0000] {processor.py:183} INFO - Processing /home/airflow/.local/lib/python3.8/site-packages/airflow/example_dags/example_params_ui_tutorial.py took 0.150 seconds
[2026-08-14T09:48:09.166+0000] {processor.py:161} INFO - Started process (PID=2825) to work on /home/airflow/.local/lib/python3.8/site-packages/airflow/example_dags/example_params_ui_tutorial.py
[2026-08-14T09:48:09.167+0000] {processor.py:830} INFO - Processing file /home/airflow/.local/lib/python3.8/site-packages/airflow/example_dags/example_params_ui_tutorial.py for tasks to queue
[2026-08-14T09:48:09.169+0000] {logging_mixin.py:188} INFO - [2026-08-14T09:48:09.169+0000] {dagbag.py:538} INFO - Filling up the DagBag from /home/airflow/.local/lib/python3.8/site-packages/airflow/example_dags/example_params_ui_tutorial.py
[2026-08-14T09:48:09.181+0000] {processor.py:840} INFO - DAG(s) 'example_params_ui_tutorial' retrieved from /home/airflow/.local/lib/python3.8/site-packages/airflow/example_dags/example_params_ui_tutorial.py
[2026-08-14T09:48:09.241+0000] {logging_mixin.py:188} INFO - [2026-08-14T09:48:09.241+0000] {dag.py:3036} INFO - Sync 1 DAGs
[2026-08-14T09:48:09.254+0000] {logging_mixin.py:188} INFO - [2026-08-14T09:48:09.254+0000] {dag.py:3823} INFO - Setting next_dagrun for example_params_ui_tutorial to None, run_after=None
[2026-08-14T09:48:09.275+0000] {processor.py:183} INFO - Processing /home/airflow/.local/lib/python3.8/site-packages/airflow/example_dags/example_params_ui_tutorial.py took 0.113 seconds
[2026-08-14T09:48:40.350+0000] {processor.py:161} INFO - Started process (PID=2900) to work on /home/airflow/.local/lib/python3.8/site-packages/airflow/example_dags/example_params_ui_tutorial.py
[2026-08-14T09:48:40.351+0000] {processor.py:830} INFO - Processing file /home/airflow/.local/lib/python3.8/site-packages/airflow/example_dags/example_params_ui_tutorial.py for tasks to queue
[2026-08-14T09:48:40.356+0000] {logging_mixin.py:188} INFO - [2026-08-14T09:48:40.356+0000] {dagbag.py:538} INFO - Filling up the DagBag from /home/airflow/.local/lib/python3.8/site-packages/airflow/example_dags/example_params_ui_tutorial.py
[2026-08-14T09:48:40.371+0000] {processor.py:840} INFO - DAG(s) 'example_params_ui_tutorial' retrieved from /home/airflow/.local/lib/python3.8/site-packages/airflow/example_dags/example_params_ui_tutorial.py
[2026-08-14T09:48:40.437+0000] {logging_mixin.py:188} INFO - [2026-08-14T09:48:40.435+0000] {dag.py:3036} INFO - Sync 1 DAGs
[2026-08-14T09:48:40.450+0000] {logging_mixin.py:188} INFO - [2026-08-14T09:48:40.450+0000] {dag.py:3823} INFO - Setting next_dagrun for example_params_ui_tutorial to None, run_after=None
[2026-08-14T09:48:40.480+0000] {processor.py:183} INFO - Processing /home/airflow/.local/lib/python3.8/site-packages/airflow/example_dags/example_params_ui_tutorial.py took 0.133 seconds
[2026-08-14T09:49:11.019+0000] {processor.py:161} INFO - Started process (PID=2975) to work on /home/airflow/.local/lib/python3.8/site-packages/airflow/example_dags/example_params_ui_tutorial.py
[2026-08-14T09:49:11.020+0000] {processor.py:830} INFO - Processing file /home/airflow/.local/lib/python3.8/site-packages/airflow/example_dags/example_params_ui_tutorial.py for tasks to queue
[2026-08-14T09:49:11.022+0000] {logging_mixin.py:188} INFO - [2026-08-14T09:49:11.022+0000] {dagbag.py:538} INFO - Filling up the DagBag from /home/airflow/.local/lib/python3.8/site-packages/airflow/example_dags/example_params_ui_tutorial.py
[2026-08-14T09:49:11.034+0000] {processor.py:840} INFO - DAG(s) 'example_params_ui_tutorial' retrieved from /home/airflow/.local/lib/python3.8/site-packages/airflow/example_dags/example_params_ui_tutorial.py
[2026-08-14T09:49:11.087+0000] {logging_mixin.py:188} INFO - [2026-08-14T09:49:11.087+0000] {dag.py:3036} INFO - Sync 1 DAGs
[2026-08-14T09:49:11.099+0000] {logging_mixin.py:188} INFO - [2026-08-14T09:49:11.098+0000] {dag.py:3823} INFO - Setting next_dagrun for example_params_ui_tutorial to None, run_after=None
[2026-08-14T09:49:11.120+0000] {processor.py:183} INFO - Processing /home/airflow/.local/lib/python3.8/site-packages/airflow/example_dags/example_params_ui_tutorial.py took 0.105 seconds
[2026-08-14T09:49:42.787+0000] {processor.py:161} INFO - Started process (PID=3058) to work on /home/airflow/.local/lib/python3.8/site-packages/airflow/example_dags/example_params_ui_tutorial.py
[2026-08-14T09:49:42.788+0000] {processor.py:830} INFO - Processing file /home/airflow/.local/lib/python3.8/site-packages/airflow/example_dags/example_params_ui_tutorial.py for tasks to queue
[2026-08-14T09:49:42.791+0000] {logging_mixin.py:188} INFO - [2026-08-14T09:49:42.790+0000] {dagbag.py:538} INFO - Filling up the DagBag from /home/airflow/.local/lib/python3.8/site-packages/airflow/example_dags/example_params_ui_tutorial.py
[2026-08-14T09:49:42.804+0000] {processor.py:840} INFO - DAG(s) 'example_params_ui_tutorial' retrieved from /home/airflow/.local/lib/python3.8/site-packages/airflow/example_dags/example_params_ui_tutorial.py
[2026-08-14T09:49:42.866+0000] {logging_mixin.py:188} INFO - [2026-08-14T09:49:42.866+0000] {dag.py:3036} INFO - Sync 1 DAGs
[2026-08-14T09:49:42.879+0000] {logging_mixin.py:188} INFO - [2026-08-14T09:49:42.879+0000] {dag.py:3823} INFO - Setting next_dagrun for example_params_ui_tutorial to None, run_after=None
[2026-08-14T09:49:42.904+0000] {processor.py:183} INFO - Processing /home/airflow/.local/lib/python3.8/site-packages/airflow/example_dags/example_params_ui_tutorial.py took 0.121 seconds
[2026-08-14T09:50:13.560+0000] {processor.py:161} INFO - Started process (PID=3133) to work on /home/airflow/.local/lib/python3.8/site-packages/airflow/example_dags/example_params_ui_tutorial.py
[2026-08-14T09:50:13.562+0000] {processor.py:830} INFO - Processing file /home/airflow/.local/lib/python3.8/site-packages/airflow/example_dags/example_params_ui_tutorial.py for tasks to queue
[2026-08-14T09:50:13.565+0000] {logging_mixin.py:188} INFO - [2026-08-14T09:50:13.565+0000] {dagbag.py:538} INFO - Filling up the DagBag from /home/airflow/.local/lib/python3.8/site-packages/airflow/example_dags/example_params_ui_tutorial.py
[2026-08-14T09:50:13.583+0000] {processor.py:840} INFO - DAG(s) 'example_params_ui_tutorial' retrieved from /home/airflow/.local/lib/python3.8/site-packages/airflow/example_dags/example_params_ui_tutorial.py
[2026-08-14T09:50:13.673+0000] {logging_mixin.py:188} INFO - [2026-08-14T09:50:13.673+0000] {dag.py:3036} INFO - Sync 1 DAGs
[2026-08-14T09:50:13.692+0000] {logging_mixin.py:188} INFO - [2026-08-14T09:50:13.692+0000] {dag.py:3823} INFO - Setting next_dagrun for example_params_ui_tutorial to None, run_after=None
[2026-08-14T09:50:13.719+0000] {processor.py:183} INFO - Processing /home/airflow/.local/lib/python3.8/site-packages/airflow/example_dags/example_params_ui_tutorial.py took 0.164 seconds
[2026-08-14T09:50:43.762+0000] {processor.py:161} INFO - Started process (PID=3208) to work on /home/airflow/.local/lib/python3.8/site-packages/airflow/example_dags/example_params_ui_tutorial.py
[2026-08-14T09:50:43.764+0000] {processor.py:830} INFO - Processing file /home/airflow/.local/lib/python3.8/site-packages/airflow/example_dags/example_params_ui_tutorial.py for tasks to queue
[2026-08-14T09:50:43.767+0000] {logging_mixin.py:188} INFO - [2026-08-14T09:50:43.766+0000] {dagbag.py:538} INFO - Filling up the DagBag from /home/airflow/.local/lib/python3.8/site-packages/airflow/example_dags/example_params_ui_tutorial.py
[2026-08-14T09:50:43.778+0000] {processor.py:840} INFO - DAG(s) 'example_params_ui_tutorial' retrieved from /home/airflow/.local/lib/python3.8/site-packages/airflow/example_dags/example_params_ui_tutorial.py
[2026-08-14T09:50:43.828+0000] {logging_mixin.py:188} INFO - [2026-08-14T09:50:43.828+0000] {dag.py:3036} INFO - Sync 1 DAGs
[2026-08-14T09:50:43.839+0000] {logging_mixin.py:188} INFO - [2026-08-14T09:50:43.838+0000] {dag.py:3823} INFO - Setting next_dagrun for example_params_ui_tutorial to None, run_after=None
[2026-08-14T09:50:43.855+0000] {processor.py:183} INFO - Processing /home/airflow/.local/lib/python3.8/site-packages/airflow/example_dags/example_params_ui_tutorial.py took 0.097 seconds
[2026-08-14T09:51:14.379+0000] {processor.py:161} INFO - Started process (PID=3283) to work on /home/airflow/.local/lib/python3.8/site-packages/airflow/example_dags/example_params_ui_tutorial.py
[2026-08-14T09:51:14.380+0000] {processor.py:830} INFO - Processing file /home/airflow/.local/lib/python3.8/site-packages/airflow/example_dags/example_params_ui_tutorial.py for tasks to queue
[2026-08-14T09:51:14.382+0000] {logging_mixin.py:188} INFO - [2026-08-14T09:51:14.382+0000] {dagbag.py:538} INFO - Filling up the DagBag from /home/airflow/.local/lib/python3.8/site-packages/airflow/example_dags/example_params_ui_tutorial.py
[2026-08-14T09:51:14.394+0000] {processor.py:840} INFO - DAG(s) 'example_params_ui_tutorial' retrieved from /home/airflow/.local/lib/python3.8/site-packages/airflow/example_dags/example_params_ui_tutorial.py
[2026-08-14T09:51:14.447+0000] {logging_mixin.py:188} INFO - [2026-08-14T09:51:14.447+0000] {dag.py:3036} INFO - Sync 1 DAGs
[2026-08-14T09:51:14.459+0000] {logging_mixin.py:188} INFO - [2026-08-14T09:51:14.459+0000] {dag.py:3823} INFO - Setting next_dagrun for example_params_ui_tutorial to None, run_after=None
[2026-08-14T09:51:14.479+0000] {processor.py:183} INFO - Processing /home/airflow/.local/lib/python3.8/site-packages/airflow/example_dags/example_params_ui_tutorial.py took 0.104 seconds
[2026-08-14T09:51:45.911+0000] {processor.py:161} INFO - Started process (PID=3358) to work on /home/airflow/.local/lib/python3.8/site-packages/airflow/example_dags/example_params_ui_tutorial.py
[2026-08-14T09:51:45.912+0000] {processor.py:830} INFO - Processing file /home/airflow/.local/lib/python3.8/site-packages/airflow/example_dags/example_params_ui_tutorial.py for tasks to queue
[2026-08-14T09:51:45.914+0000] {logging_mixin.py:188} INFO - [2026-08-14T09:51:45.914+0000] {dagbag.py:538} INFO - Filling up the DagBag from /home/airflow/.local/lib/python3.8/site-packages/airflow/example_dags/example_params_ui_tutorial.py
[2026-08-14T09:51:45.926+0000] {processor.py:840} INFO - DAG(s) 'example_params_ui_tutorial' retrieved from /home/airflow/.local/lib/python3.8/site-packages/airflow/example_dags/example_params_ui_tutorial.py
[2026-08-14T09:51:45.976+0000] {logging_mixin.py:188} INFO - [2026-08-14T09:51:45.976+0000] {dag.py:3036} INFO - Sync 1 DAGs
[2026-08-14T09:51:45.987+0000] {logging_mixin.py:188} INFO - [2026-08-14T09:51:45.987+0000] {dag.py:3823} INFO - Setting next_dagrun for example_params_ui_tutorial to None, run_after=None
[2026-08-14T09:51:46.009+0000] {processor.py:183} INFO - Processing /home/airflow/.local/lib/python3.8/site-packages/airflow/example_dags/example_params_ui_tutorial.py took 0.101 seconds
[2026-08-14T09:52:16.272+0000] {processor.py:161} INFO - Started process (PID=3433) to work on /home/airflow/.local/lib/python3.8/site-packages/airflow/example_dags/example_params_ui_tutorial.py
[2026-08-14T09:52:16.273+0000] {processor.py:830} INFO - Processing file /home/airflow/.local/lib/python3.8/site-packages/airflow/example_dags/example_params_ui_tutorial.py for tasks to queue
[2026-08-14T09:52:16.275+0000] {logging_mixin.py:188} INFO - [2026-08-14T09:52:16.275+0000] {dagbag.py:538} INFO - Filling up the DagBag from /home/airflow/.local/lib/python3.8/site-packages/airflow/example_dags/example_params_ui_tutorial.py
[2026-08-14T09:52:16.293+0000] {processor.py:840} INFO - DAG(s) 'example_params_ui_tutorial' retrieved from /home/airflow/.local/lib/python3.8/site-packages/airflow/example_dags/example_params_ui_tutorial.py
[2026-08-14T09:52:16.347+0000] {logging_mixin.py:188} INFO - [2026-08-14T09:52:16.347+0000] {dag.py:3036} INFO - Sync 1 DAGs
[2026-08-14T09:52:16.358+0000] {logging_mixin.py:188} INFO - [2026-08-14T09:52:16.358+0000] {dag.py:3823} INFO - Setting next_dagrun for example_params_ui_tutorial to None, run_after=None
[2026-08-14T09:52:16.379+0000] {processor.py:183} INFO - Processing /home/airflow/.local/lib/python3.8/site-packages/airflow/example_dags/example_params_ui_tutorial.py took 0.111 seconds
[2026-08-14T09:52:46.811+0000] {processor.py:161} INFO - Started process (PID=3508) to work on /home/airflow/.local/lib/python3.8/site-packages/airflow/example_dags/example_params_ui_tutorial.py
[2026-08-14T09:52:46.813+0000] {processor.py:830} INFO - Processing file /home/airflow/.local/lib/python3.8/site-packages/airflow/example_dags/example_params_ui_tutorial.py for tasks to queue
[2026-08-14T09:52:46.817+0000] {logging_mixin.py:188} INFO - [2026-08-14T09:52:46.816+0000] {dagbag.py:538} INFO - Filling up the DagBag from /home/airflow/.local/lib/python3.8/site-packages/airflow/example_dags/example_params_ui_tutorial.py
[2026-08-14T09:52:46.834+0000] {processor.py:840} INFO - DAG(s) 'example_params_ui_tutorial' retrieved from /home/airflow/.local/lib/python3.8/site-packages/airflow/example_dags/example_params_ui_tutorial.py
[2026-08-14T09:52:46.886+0000] {logging_mixin.py:188} INFO - [2026-08-14T09:52:46.885+0000] {dag.py:3036} INFO - Sync 1 DAGs
[2026-08-14T09:52:46.896+0000] {logging_mixin.py:188} INFO - [2026-08-14T09:52:46.896+0000] {dag.py:3823} INFO - Setting next_dagrun for example_params_ui_tutorial to None, run_after=None
[2026-08-14T09:52:46.915+0000] {processor.py:183} INFO - Processing /home/airflow/.local/lib/python3.8/site-packages/airflow/example_dags/example_params_ui_tutorial.py took 0.108 seconds
[2026-08-14T09:53:17.518+0000] {processor.py:161} INFO - Started process (PID=3583) to work on /home/airflow/.local/lib/python3.8/site-packages/airflow/example_dags/example_params_ui_tutorial.py
[2026-08-14T09:53:17.520+0000] {processor.py:830} INFO - Processing file /home/airflow/.local/lib/python3.8/site-packages/airflow/example_dags/example_params_ui_tutorial.py for tasks to queue
[2026-08-14T09:53:17.523+0000] {logging_mixin.py:188} INFO - [2026-08-14T09:53:17.523+0000] {dagbag.py:538} INFO - Filling up the DagBag from /home/airflow/.local/lib/python3.8/site-packages/airflow/example_dags/example_params_ui_tutorial.py
[2026-08-14T09:53:17.540+0000] {processor.py:840} INFO - DAG(s) 'example_params_ui_tutorial' retrieved from /home/airflow/.local/lib/python3.8/site-packages/airflow/example_dags/example_params_ui_tutorial.py
[2026-08-14T09:53:17.600+0000] {logging_mixin.py:188} INFO - [2026-08-14T09:53:17.600+0000] {dag.py:3036} INFO - Sync 1 DAGs
[2026-08-14T09:53:17.614+0000] {logging_mixin.py:188} INFO - [2026-08-14T09:53:17.613+0000] {dag.py:3823} INFO - Setting next_dagrun for example_params_ui_tutorial to None, run_after=None
[2026-08-14T09:53:17.634+0000] {processor.py:183} INFO - Processing /home/airflow/.local/lib/python3.8/site-packages/airflow/example_dags/example_params_ui_tutorial.py took 0.120 seconds
