[2026-08-14T09:30:05.584+0000] {processor.py:161} INFO - Started process (PID=116) to work on /home/airflow/.local/lib/python3.8/site-packages/airflow/example_dags/example_setup_teardown.py
[2026-08-14T09:30:05.591+0000] {processor.py:830} INFO - Processing file /home/airflow/.local/lib/python3.8/site-packages/airflow/example_dags/example_setup_teardown.py for tasks to queue
[2026-08-14T09:30:05.608+0000] {logging_mixin.py:188} INFO - [2026-08-14T09:30:05.607+0000] {dagbag.py:538} INFO - Filling up the DagBag from /home/airflow/.local/lib/python3.8/site-packages/airflow/example_dags/example_setup_teardown.py
[2026-08-14T09:30:05.678+0000] {processor.py:840} INFO - DAG(s) 'example_setup_teardown' retrieved from /home/airflow/.local/lib/python3.8/site-packages/airflow/example_dags/example_setup_teardown.py
[2026-08-14T09:30:06.190+0000] {logging_mixin.py:188} INFO - [2026-08-14T09:30:06.189+0000] {dag.py:3036} INFO - Sync 1 DAGs
[2026-08-14T09:30:06.405+0000] {logging_mixin.py:188} INFO - [2026-08-14T09:30:06.404+0000] {dag.py:3823} INFO - Setting next_dagrun for example_setup_teardown to 2026-08-13 00:00:00+00:00, run_after=2026-08-14 00:00:00+00:00
[2026-08-14T09:30:06.540+0000] {processor.py:183} INFO - Processing /home/airflow/.local/lib/python3.8/site-packages/airflow/example_dags/example_setup_teardown.py took 0.982 seconds
[2026-08-14T09:30:37.695+0000] {processor.py:161} INFO - Started process (PID=206) to work on /home/airflow/.local/lib/python3.8/site-packages/airflow/example_dags/example_setup_teardown.py
[2026-08-14T09:30:37.700+0000] {processor.py:830} INFO - Processing file /home/airflow/.local/lib/python3.8/site-packages/airflow/example_dags/example_setup_teardown.py for tasks to queue
[2026-08-14T09:30:37.705+0000] {logging_mixin.py:188} INFO - [2026-08-14T09:30:37.704+0000] {dagbag.py:538} INFO - Filling up the DagBag from /home/airflow/.local/lib/python3.8/site-packages/airflow/example_dags/example_setup_teardown.py
[2026-08-14T09:30:37.716+0000] {processor.py:840} INFO - DAG(s) 'example_setup_teardown' retrieved from /home/airflow/.local/lib/python3.8/site-packages/airflow/example_dags/example_setup_teardown.py
[2026-08-14T09:30:37.738+0000] {logging_mixin.py:188} INFO - [2026-08-14T09:30:37.737+0000] {dag.py:3036} INFO - Sync 1 DAGs
[2026-08-14T09:30:37.770+0000] {logging_mixin.py:188} INFO - [2026-08-14T09:30:37.770+0000] {dag.py:3823} INFO - Setting next_dagrun for example_setup_teardown to 2026-08-13 00:00:00+00:00, run_after=2026-08-14 00:00:00+00:00
[2026-08-14T09:30:37.802+0000] {processor.py:183} INFO - Processing /home/airflow/.local/lib/python3.8/site-packages/airflow/example_dags/example_setup_teardown.py took 0.113 seconds
[2026-08-14T09:31:08.291+0000] {processor.py:161} INFO - Started process (PID=279) to work on /home/airflow/.local/lib/python3.8/site-packages/airflow/example_dags/example_setup_teardown.py
[2026-08-14T09:31:08.292+0000] {processor.py:830} INFO - Processing file /home/airflow/.local/lib/python3.8/site-packages/airflow/example_dags/example_setup_teardown.py for tasks to queue
[2026-08-14T09:31:08.294+0000] {logging_mixin.py:188} INFO - [2026-08-14T09:31:08.294+0000] {dagbag.py:538} INFO - Filling up the DagBag from /home/airflow/.local/lib/python3.8/site-packages/airflow/example_dags/example_setup_teardown.py
[2026-08-14T09:31:08.300+0000] {processor.py:840} INFO - DAG(s) 'example_setup_teardown' retrieved from /home/airflow/.local/lib/python3.8/site-packages/airflow/example_dags/example_setup_teardown.py
[2026-08-14T09:31:08.313+0000] {logging_mixin.py:188} INFO - [2026-08-14T09:31:08.313+0000] {dag.py:3036} INFO - Sync 1 DAGs
[2026-08-14T09:31:08.335+0000] {logging_mixin.py:188} INFO - [2026-08-14T09:31:08.334+0000] {dag.py:3823} INFO - Setting next_dagrun for example_setup_teardown to 2026-08-13 00:00:00+00:00, run_after=2026-08-14 00:00:00+00:00
[2026-08-14T09:31:08.425+0000] {processor.py:183} INFO - Processing /home/airflow/.local/lib/python3.8/site-packages/airflow/example_dags/example_setup_teardown.py took 0.137 seconds
[2026-08-14T09:31:39.180+0000] {processor.py:161} INFO - Started process (PID=352) to work on /home/airflow/.local/lib/python3.8/site-packages/airflow/example_dags/example_setup_teardown.py
[2026-08-14T09:31:39.181+0000] {processor.py:830} INFO - Processing file /home/airflow/.local/lib/python3.8/site-packages/airflow/example_dags/example_setup_teardown.py for tasks to queue
[2026-08-14T09:31:39.183+0000] {logging_mixin.py:188} INFO - [2026-08-14T09:31:39.183+0000] {dagbag.py:538} INFO - Filling up the DagBag from /home/airflow/.local/lib/python3.8/site-packages/airflow/example_dags/example_setup_teardown.py
[2026-08-14T09:31:39.190+0000] {processor.py:840} INFO - DAG(s) 'example_setup_teardown' retrieved from /home/airflow/.local/lib/python3.8/site-packages/airflow/example_dags/example_setup_teardown.py
[2026-08-14T09:31:39.281+0000] {logging_mixin.py:188} INFO - [2026-08-14T09:31:39.281+0000] {dag.py:3036} INFO - Sync 1 DAGs
[2026-08-14T09:31:39.304+0000] {logging_mixin.py:188} INFO - [2026-08-14T09:31:39.304+0000] {dag.py:3823} INFO - Setting next_dagrun for example_setup_teardown to 2026-08-13 00:00:00+00:00, run_after=2026-08-14 00:00:00+00:00
[2026-08-14T09:31:39.324+0000] {processor.py:183} INFO - Processing /home/airflow/.local/lib/python3.8/site-packages/airflow/example_dags/example_setup_teardown.py took 0.148 seconds
[2026-08-14T09:32:09.682+0000] {processor.py:161} INFO - Started process (PID=425) to work on /home/airflow/.local/lib/python3.8/site-packages/airflow/example_dags/example_setup_teardown.py
[2026-08-14T09:32:09.684+0000] {processor.py:830} INFO - Processing file /home/airflow/.local/lib/python3.8/site-packages/airflow/example_dags/example_setup_teardown.py for tasks to queue
[2026-08-14T09:32:09.686+0000] {logging_mixin.py:188} INFO - [2026-08-14T09:32:09.686+0000] {dagbag.py:538} INFO - Filling up the DagBag from /home/airflow/.local/lib/python3.8/site-packages/airflow/example_dags/example_setup_teardown.py
[2026-08-14T09:32:09.693+0000] {processor.py:840} INFO - DAG(s) 'example_setup_teardown' retrieved from /home/airflow/.local/lib/python3.8/site-packages/airflow/example_dags/example_setup_teardown.py
[2026-08-14T09:32:09.714+0000] {logging_mixin.py:188} INFO - [2026-08-14T09:32:09.714+0000] {dag.py:3036} INFO - Sync 1 DAGs
[2026-08-14T09:32:09.735+0000] {logging_mixin.py:188} INFO - [2026-08-14T09:32:09.734+0000] {dag.py:3823} INFO - Setting next_dagrun for example_setup_teardown to 2026-08-13 00:00:00+00:00, run_after=2026-08-14 00:00:00+00:00
[2026-08-14T09:32:09.795+0000] {processor.py:183} INFO - Processing /home/airflow/.local/lib/python3.8/site-packages/airflow/example_dags/example_setup_teardown.py took 0.115 seconds
[2026-08-14T09:32:40.339+0000] {processor.py:161} INFO - Started process (PID=506) to work on /home/airflow/.local/lib/python3.8/site-packages/airflow/example_dags/example_setup_teardown.py
[2026-08-14T09:32:40.340+0000] {processor.py:830} INFO - Processing file /home/airflow/.local/lib/python3.8/site-packages/airflow/example_dags/example_setup_teardown.py for tasks to queue
[2026-08-14T09:32:40.342+0000] {logging_mixin.py:188} INFO - [2026-08-14T09:32:40.342+0000] {dagbag.py:538} INFO - Filling up the DagBag from /home/airflow/.local/lib/python3.8/site-packages/airflow/example_dags/example_setup_teardown.py
[2026-08-14T09:32:40.349+0000] {processor.py:840} INFO - DAG(s) 'example_setup_teardown' retrieved from /home/airflow/.local/lib/python3.8/site-packages/airflow/example_dags/example_setup_teardown.py
[2026-08-14T09:32:40.370+0000] {logging_mixin.py:188} INFO - [2026-08-14T09:32:40.370+0000] {dag.py:3036} INFO - Sync 1 DAGs
[2026-08-14T09:32:40.390+0000] {logging_mixin.py:188} INFO - [2026-08-14T09:32:40.390+0000] {dag.py:3823} INFO - Setting next_dagrun for example_setup_teardown to 2026-08-13 00:00:00+00:00, run_after=2026-08-14 00:00:00+00:00
[2026-08-14T09:32:40.454+0000] {processor.py:183} INFO - Processing /home/airflow/.local/lib/python3.8/site-packages/airflow/example_dags/example_setup_teardown.py took 0.118 seconds
[2026-08-14T09:33:10.537+0000] {processor.py:161} INFO - Started process (PID=579) to work on /home/airflow/.local/lib/python3.8/site-packages/airflow/example_dags/example_setup_teardown.py
[2026-08-14T09:33:10.538+0000] {processor.py:830} INFO - Processing file /home/airflow/.local/lib/python3.8/site-packages/airflow/example_dags/example_setup_teardown.py for tasks to queue
[2026-08-14T09:33:10.540+0000] {logging_mixin.py:188} INFO - [2026-08-14T09:33:10.540+0000] {dagbag.py:538} INFO - Filling up the DagBag from /home/airflow/.local/lib/python3.8/site-packages/airflow/example_dags/example_setup_teardown.py
[2026-08-14T09:33:10.549+0000] {processor.py:840} INFO - DAG(s) 'example_setup_teardown' retrieved from /home/airflow/.local/lib/python3.8/site-packages/airflow/example_dags/example_setup_teardown.py
[2026-08-14T09:33:10.579+0000] {logging_mixin.py:188} INFO - [2026-08-14T09:33:10.579+0000] {dag.py:3036} INFO - Sync 1 DAGs
[2026-08-14T09:33:10.604+0000] {logging_mixin.py:188} INFO - [2026-08-14T09:33:10.603+0000] {dag.py:3823} INFO - Setting next_dagrun for example_setup_teardown to 2026-08-13 00:00:00+00:00, run_after=2026-08-14 00:00:00+00:00
[2026-08-14T09:33:10.625+0000] {processor.py:183} INFO - Processing /home/airflow/.local/lib/python3.8/site-packages/airflow/example_dags/example_setup_teardown.py took 0.092 seconds
[2026-08-14T09:33:41.025+0000] {processor.py:161} INFO - Started process (PID=652) to work on /home/airflow/.local/lib/python3.8/site-packages/airflow/example_dags/example_setup_teardown.py
[2026-08-14T09:33:41.031+0000] {processor.py:830} INFO - Processing file /home/airflow/.local/lib/python3.8/site-packages/airflow/example_dags/example_setup_teardown.py for tasks to queue
[2026-08-14T09:33:41.041+0000] {logging_mixin.py:188} INFO - [2026-08-14T09:33:41.039+0000] {dagbag.py:538} INFO - Filling up the DagBag from /home/airflow/.local/lib/python3.8/site-packages/airflow/example_dags/example_setup_teardown.py
[2026-08-14T09:33:41.081+0000] {processor.py:840} INFO - DAG(s) 'example_setup_teardown' retrieved from /home/airflow/.local/lib/python3.8/site-packages/airflow/example_dags/example_setup_teardown.py
[2026-08-14T09:33:41.153+0000] {logging_mixin.py:188} INFO - [2026-08-14T09:33:41.150+0000] {dag.py:3036} INFO - Sync 1 DAGs
[2026-08-14T09:33:41.259+0000] {logging_mixin.py:188} INFO - [2026-08-14T09:33:41.259+0000] {dag.py:3823} INFO - Setting next_dagrun for example_setup_teardown to 2026-08-13 00:00:00+00:00, run_after=2026-08-14 00:00:00+00:00
[2026-08-14T09:33:41.340+0000] {processor.py:183} INFO - Processing /home/airflow/.local/lib/python3.8/site-packages/airflow/example_dags/example_setup_teardown.py took 0.327 seconds
[2026-08-14T09:34:11.543+0000] {processor.py:161} INFO - Started process (PID=725) to work on /home/airflow/.local/lib/python3.8/site-packages/airflow/example_dags/example_setup_teardown.py
[2026-08-14T09:34:11.545+0000] {processor.py:830} INFO - Processing file /home/airflow/.local/lib/python3.8/site-packages/airflow/example_dags/example_setup_teardown.py for tasks to queue
[2026-08-14T09:34:11.551+0000] {logging_mixin.py:188} INFO - [2026-08-14T09:34:11.550+0000] {dagbag.py:538} INFO - Filling up the DagBag from /home/airflow/.local/lib/python3.8/site-packages/airflow/example_dags/example_setup_teardown.py
[2026-08-14T09:34:11.576+0000] {processor.py:840} INFO - DAG(s) 'example_setup_teardown' retrieved from /home/airflow/.local/lib/python3.8/site-packages/airflow/example_dags/example_setup_teardown.py
[2026-08-14T09:34:11.641+0000] {logging_mixin.py:188} INFO - [2026-08-14T09:34:11.640+0000] {dag.py:3036} INFO - Sync 1 DAGs
[2026-08-14T09:34:11.727+0000] {logging_mixin.py:188} INFO - [2026-08-14T09:34:11.726+0000] {dag.py:3823} INFO - Setting next_dagrun for example_setup_teardown to 2026-08-13 00:00:00+00:00, run_after=2026-08-14 00:00:00+00:00
[2026-08-14T09:34:11.801+0000] {processor.py:183} INFO - Processing /home/airflow/.local/lib/python3.8/site-packages/airflow/example_dags/example_setup_teardown.py took 0.265 seconds
[2026-08-14T09:34:42.572+0000] {processor.py:161} INFO - Started process (PID=798) to work on /home/airflow/.local/lib/python3.8/site-packages/airflow/example_dags/example_setup_teardown.py
[2026-08-14T09:34:42.573+0000] {processor.py:830} INFO - Processing file /home/airflow/.local/lib/python3.8/site-packages/airflow/example_dags/example_setup_teardown.py for tasks to queue
[2026-08-14T09:34:42.575+0000] {logging_mixin.py:188} INFO - [2026-08-14T09:34:42.575+0000] {dagbag.py:538} INFO - Filling up the DagBag from /home/airflow/.local/lib/python3.8/site-packages/airflow/example_dags/example_setup_teardown.py
[2026-08-14T09:34:42.585+0000] {processor.py:840} INFO - DAG(s) 'example_setup_teardown' retrieved from /home/airflow/.local/lib/python3.8/site-packages/airflow/example_dags/example_setup_teardown.py
[2026-08-14T09:34:42.609+0000] {logging_mixin.py:188} INFO - [2026-08-14T09:34:42.608+0000] {dag.py:3036} INFO - Sync 1 DAGs
[2026-08-14T09:34:42.634+0000] {logging_mixin.py:188} INFO - [2026-08-14T09:34:42.634+0000] {dag.py:3823} INFO - Setting next_dagrun for example_setup_teardown to 2026-08-13 00:00:00+00:00, run_after=2026-08-14 00:00:00+00:00
[2026-08-14T09:34:42.660+0000] {processor.py:183} INFO - Processing /home/airflow/.local/lib/python3.8/site-packages/airflow/example_dags/example_setup_teardown.py took 0.092 seconds
[2026-08-14T09:35:14.310+0000] {processor.py:161} INFO - Started process (PID=884) to work on /home/airflow/.local/lib/python3.8/site-packages/airflow/example_dags/example_setup_teardown.py
[2026-08-14T09:35:14.312+0000] {processor.py:830} INFO - Processing file /home/airflow/.local/lib/python3.8/site-packages/airflow/example_dags/example_setup_teardown.py for tasks to queue
[2026-08-14T09:35:14.315+0000] {logging_mixin.py:188} INFO - [2026-08-14T09:35:14.314+0000] {dagbag.py:538} INFO - Filling up the DagBag from /home/airflow/.local/lib/python3.8/site-packages/airflow/example_dags/example_setup_teardown.py
[2026-08-14T09:35:14.324+0000] {processor.py:840} INFO - DAG(s) 'example_setup_teardown' retrieved from /home/airflow/.local/lib/python3.8/site-packages/airflow/example_dags/example_setup_teardown.py
[2026-08-14T09:35:14.352+0000] {logging_mixin.py:188} INFO - [2026-08-14T09:35:14.351+0000] {dag.py:3036} INFO - Sync 1 DAGs
[2026-08-14T09:35:14.381+0000] {logging_mixin.py:188} INFO - [2026-08-14T09:35:14.381+0000] {dag.py:3823} INFO - Setting next_dagrun for example_setup_teardown to 2026-08-13 00:00:00+00:00, run_after=2026-08-14 00:00:00+00:00
[2026-08-14T09:35:14.407+0000] {processor.py:183} INFO - Processing /home/airflow/.local/lib/python3.8/site-packages/airflow/example_dags/example_setup_teardown.py took 0.103 seconds
[2026-08-14T09:35:45.053+0000] {processor.py:161} INFO - Started process (PID=967) to work on /home/airflow/.local/lib/python3.8/site-packages/airflow/example_dags/example_setup_teardown.py
[2026-08-14T09:35:45.055+0000] {processor.py:830} INFO - Processing file /home/airflow/.local/lib/python3.8/site-packages/airflow/example_dags/example_setup_teardown.py for tasks to queue
[2026-08-14T09:35:45.058+0000] {logging_mixin.py:188} INFO - [2026-08-14T09:35:45.057+0000] {dagbag.py:538} INFO - Filling up the DagBag from /home/airflow/.local/lib/python3.8/site-packages/airflow/example_dags/example_setup_teardown.py
[2026-08-14T09:35:45.072+0000] {processor.py:840} INFO - DAG(s) 'example_setup_teardown' retrieved from /home/airflow/.local/lib/python3.8/site-packages/airflow/example_dags/example_setup_teardown.py
[2026-08-14T09:35:45.107+0000] {logging_mixin.py:188} INFO - [2026-08-14T09:35:45.107+0000] {dag.py:3036} INFO - Sync 1 DAGs
[2026-08-14T09:35:45.149+0000] {logging_mixin.py:188} INFO - [2026-08-14T09:35:45.148+0000] {dag.py:3823} INFO - Setting next_dagrun for example_setup_teardown to 2026-08-13 00:00:00+00:00, run_after=2026-08-14 00:00:00+00:00
[2026-08-14T09:35:45.181+0000] {processor.py:183} INFO - Processing /home/airflow/.local/lib/python3.8/site-packages/airflow/example_dags/example_setup_teardown.py took 0.131 seconds
[2026-08-14T09:36:15.351+0000] {processor.py:161} INFO - Started process (PID=1050) to work on /home/airflow/.local/lib/python3.8/site-packages/airflow/example_dags/example_setup_teardown.py
[2026-08-14T09:36:15.353+0000] {processor.py:830} INFO - Processing file /home/airflow/.local/lib/python3.8/site-packages/airflow/example_dags/example_setup_teardown.py for tasks to queue
[2026-08-14T09:36:15.356+0000] {logging_mixin.py:188} INFO - [2026-08-14T09:36:15.356+0000] {dagbag.py:538} INFO - Filling up the DagBag from /home/airflow/.local/lib/python3.8/site-packages/airflow/example_dags/example_setup_teardown.py
[2026-08-14T09:36:15.366+0000] {processor.py:840} INFO - DAG(s) 'example_setup_teardown' retrieved from /home/airflow/.local/lib/python3.8/site-packages/airflow/example_dags/example_setup_teardown.py
[2026-08-14T09:36:15.404+0000] {logging_mixin.py:188} INFO - [2026-08-14T09:36:15.404+0000] {dag.py:3036} INFO - Sync 1 DAGs
[2026-08-14T09:36:15.441+0000] {logging_mixin.py:188} INFO - [2026-08-14T09:36:15.440+0000] {dag.py:3823} INFO - Setting next_dagrun for example_setup_teardown to 2026-08-13 00:00:00+00:00, run_after=2026-08-14 00:00:00+00:00
[2026-08-14T09:36:15.472+0000] {processor.py:183} INFO - Processing /home/airflow/.local/lib/python3.8/site-packages/airflow/example_dags/example_setup_teardown.py took 0.125 seconds
[2026-08-14T09:36:45.675+0000] {processor.py:161} INFO - Started process (PID=1127) to work on /home/airflow/.local/lib/python3.8/site-packages/airflow/example_dags/example_setup_teardown.py
[2026-08-14T09:36:45.677+0000] {processor.py:830} INFO - Processing file /home/airflow/.local/lib/python3.8/site-packages/airflow/example_dags/example_setup_teardown.py for tasks to queue
[2026-08-14T09:36:45.679+0000] {logging_mixin.py:188} INFO - [2026-08-14T09:36:45.679+0000] {dagbag.py:538} INFO - Filling up the DagBag from /home/airflow/.local/lib/python3.8/site-packages/airflow/example_dags/example_setup_teardown.py
[2026-08-14T09:36:45.687+0000] {processor.py:840} INFO - DAG(s) 'example_setup_teardown' retrieved from /home/airflow/.local/lib/python3.8/site-packages/airflow/example_dags/example_setup_teardown.py
[2026-08-14T09:36:45.714+0000] {logging_mixin.py:188} INFO - [2026-08-14T09:36:45.713+0000] {dag.py:3036} INFO - Sync 1 DAGs
[2026-08-14T09:36:45.744+0000] {logging_mixin.py:188} INFO - [2026-08-14T09:36:45.743+0000] {dag.py:3823} INFO - Setting next_dagrun for example_setup_teardown to 2026-08-13 00:00:00+00:00, run_after=2026-08-14 00:00:00+00:00
[2026-08-14T09:36:45.768+0000] {processor.py:183} INFO - Processing /home/airflow/.local/lib/python3.8/site-packages/airflow/example_dags/example_setup_teardown.py took 0.097 seconds
[2026-08-14T09:37:16.597+0000] {processor.py:161} INFO - Started process (PID=1202) to work on /home/airflow/.local/lib/python3.8/site-packages/airflow/example_dags/example_setup_teardown.py
[2026-08-14T09:37:16.599+0000] {processor.py:830} INFO - Processing file /home/airflow/.local/lib/python3.8/site-packages/airflow/example_dags/example_setup_teardown.py for tasks to queue
[2026-08-14T09:37:16.602+0000] {logging_mixin.py:188} INFO - [2026-08-14T09:37:16.601+0000] {dagbag.py:538} INFO - Filling up the DagBag from /home/airflow/.local/lib/python3.8/site-packages/airflow/example_dags/example_setup_teardown.py
[2026-08-14T09:37:16.611+0000] {processor.py:840} INFO - DAG(s) 'example_setup_teardown' retrieved from /home/airflow/.local/lib/python3.8/site-packages/airflow/example_dags/example_setup_teardown.py
[2026-08-14T09:37:16.635+0000] {logging_mixin.py:188} INFO - [2026-08-14T09:37:16.635+0000] {dag.py:3036} INFO - Sync 1 DAGs
[2026-08-14T09:37:16.658+0000] {logging_mixin.py:188} INFO - [2026-08-14T09:37:16.658+0000] {dag.py:3823} INFO - Setting next_dagrun for example_setup_teardown to 2026-08-13 00:00:00+00:00, run_after=2026-08-14 00:00:00+00:00
[2026-08-14T09:37:16.678+0000] {processor.py:183} INFO - Processing /home/airflow/.local/lib/python3.8/site-packages/airflow/example_dags/example_setup_teardown.py took 0.086 seconds
[2026-08-14T09:37:47.503+0000] {processor.py:161} INFO - Started process (PID=1277) to work on /home/airflow/.local/lib/python3.8/site-packages/airflow/example_dags/example_setup_teardown.py
[2026-08-14T09:37:47.505+0000] {processor.py:830} INFO - Processing file /home/airflow/.local/lib/python3.8/site-packages/airflow/example_dags/example_setup_teardown.py for tasks to queue
[2026-08-14T09:37:47.508+0000] {logging_mixin.py:188} INFO - [2026-08-14T09:37:47.507+0000] {dagbag.py:538} INFO - Filling up the DagBag from /home/airflow/.local/lib/python3.8/site-packages/airflow/example_dags/example_setup_teardown.py
[2026-08-14T09:37:47.515+0000] {processor.py:840} INFO - DAG(s) 'example_setup_teardown' retrieved from /home/airflow/.local/lib/python3.8/site-packages/airflow/example_dags/example_setup_teardown.py
[2026-08-14T09:37:47.537+0000] {logging_mixin.py:188} INFO - [2026-08-14T09:37:47.536+0000] {dag.py:3036} INFO - Sync 1 DAGs
[2026-08-14T09:37:47.562+0000] {logging_mixin.py:188} INFO - [2026-08-14T09:37:47.561+0000] {dag.py:3823} INFO - Setting next_dagrun for example_setup_teardown to 2026-08-13 00:00:00+00:00, run_after=2026-08-14 00:00:00+00:00
[2026-08-14T09:37:47.581+0000] {processor.py:183} INFO - Processing /home/airflow/.local/lib/python3.8/site-packages/airflow/example_dags/example_setup_teardown.py took 0.081 seconds
[2026-08-14T09:38:18.619+0000] {processor.py:161} INFO - Started process (PID=1352) to work on /home/airflow/.local/lib/python3.8/site-packages/airflow/example_dags/example_setup_teardown.py
[2026-08-14T09:38:18.620+0000] {processor.py:830} INFO - Processing file /home/airflow/.local/lib/python3.8/site-packages/airflow/example_dags/example_setup_teardown.py for tasks to queue
[2026-08-14T09:38:18.623+0000] {logging_mixin.py:188} INFO - [2026-08-14T09:38:18.623+0000] {dagbag.py:538} INFO - Filling up the DagBag from /home/airflow/.local/lib/python3.8/site-packages/airflow/example_dags/example_setup_teardown.py
[2026-08-14T09:38:18.632+0000] {processor.py:840} INFO - DAG(s) 'example_setup_teardown' retrieved from /home/airflow/.local/lib/python3.8/site-packages/airflow/example_dags/example_setup_teardown.py
[2026-08-14T09:38:18.657+0000] {logging_mixin.py:188} INFO - [2026-08-14T09:38:18.657+0000] {dag.py:3036} INFO - Sync 1 DAGs
[2026-08-14T09:38:18.680+0000] {logging_mixin.py:188} INFO - [2026-08-14T09:38:18.680+0000] {dag.py:3823} INFO - Setting next_dagrun for example_setup_teardown to 2026-08-13 00:00:00+00:00, run_after=2026-08-14 00:00:00+00:00
[2026-08-14T09:38:18.699+0000] {processor.py:183} INFO - Processing /home/airflow/.local/lib/python3.8/site-packages/airflow/example_dags/example_setup_teardown.py took 0.084 seconds
[2026-08-14T09:38:51.072+0000] {processor.py:161} INFO - Started process (PID=1428) to work on /home/airflow/.local/lib/python3.8/site-packages/airflow/example_dags/example_setup_teardown.py
[2026-08-14T09:38:51.077+0000] {processor.py:830} INFO - Processing file /home/airflow/.local/lib/python3.8/site-packages/airflow/example_dags/example_setup_teardown.py for tasks to queue
[2026-08-14T09:38:51.080+0000] {logging_mixin.py:188} INFO - [2026-08-14T09:38:51.080+0000] {dagbag.py:538} INFO - Filling up the DagBag from /home/airflow/.local/lib/python3.8/site-packages/airflow/example_dags/example_setup_teardown.py
[2026-08-14T09:38:51.088+0000] {processor.py:840} INFO - DAG(s) 'example_setup_teardown' retrieved from /home/airflow/.local/lib/python3.8/site-packages/airflow/example_dags/example_setup_teardown.py
[2026-08-14T09:38:51.112+0000] {logging_mixin.py:188} INFO - [2026-08-14T09:38:51.112+0000] {dag.py:3036} INFO - Sync 1 DAGs
[2026-08-14T09:38:51.143+0000] {logging_mixin.py:188} INFO - [2026-08-14T09:38:51.142+0000] {dag.py:3823} INFO - Setting next_dagrun for example_setup_teardown to 2026-08-13 00:00:00+00:00, run_after=2026-08-14 00:00:00+00:00
[2026-08-14T09:38:51.171+0000] {processor.py:183} INFO - Processing /home/airflow/.local/lib/python3.8/site-packages/airflow/example_dags/example_setup_teardown.py took 0.107 seconds
[2026-08-14T09:39:22.178+0000] {processor.py:161} INFO - Started process (PID=1509) to work on /home/airflow/.local/lib/python3.8/site-packages/airflow/example_dags/example_setup_teardown.py
[2026-08-14T09:39:22.179+0000] {processor.py:830} INFO - Processing file /home/airflow/.local/lib/python3.8/site-packages/airflow/example_dags/example_setup_teardown.py for tasks to queue
[2026-08-14T09:39:22.182+0000] {logging_mixin.py:188} INFO - [2026-08-14T09:39:22.182+0000] {dagbag.py:538} INFO - Filling up the DagBag from /home/airflow/.local/lib/python3.8/site-packages/airflow/example_dags/example_setup_teardown.py
[2026-08-14T09:39:22.190+0000] {processor.py:840} INFO - DAG(s) 'example_setup_teardown' retrieved from /home/airflow/.local/lib/python3.8/site-packages/airflow/example_dags/example_setup_teardown.py
[2026-08-14T09:39:22.215+0000] {logging_mixin.py:188} INFO - [2026-08-14T09:39:22.214+0000] {dag.py:3036} INFO - Sync 1 DAGs
[2026-08-14T09:39:22.238+0000] {logging_mixin.py:188} INFO - [2026-08-14T09:39:22.238+0000] {dag.py:3823} INFO - Setting next_dagrun for example_setup_teardown to 2026-08-13 00:00:00+00:00, run_after=2026-08-14 00:00:00+00:00
[2026-08-14T09:39:22.260+0000] {processor.py:183} INFO - Processing /home/airflow/.local/lib/python3.8/site-packages/airflow/example_dags/example_setup_teardown.py took 0.087 seconds
[2026-08-14T09:39:53.045+0000] {processor.py:161} INFO - Started process (PID=1584) to work on /home/airflow/.local/lib/python3.8/site-packages/airflow/example_dags/example_setup_teardown.py
[2026-08-14T09:39:53.046+0000] {processor.py:830} INFO - Processing file /home/airflow/.local/lib/python3.8/site-packages/airflow/example_dags/example_setup_teardown.py for tasks to queue
[2026-08-14T09:39:53.049+0000] {logging_mixin.py:188} INFO - [2026-08-14T09:39:53.048+0000] {dagbag.py:538} INFO - Filling up the DagBag from /home/airflow/.local/lib/python3.8/site-packages/airflow/example_dags/example_setup_teardown.py
[2026-08-14T09:39:53.057+0000] {processor.py:840} INFO - DAG(s) 'example_setup_teardown' retrieved from /home/airflow/.local/lib/python3.8/site-packages/airflow/example_dags/example_setup_teardown.py
[2026-08-14T09:39:53.085+0000] {logging_mixin.py:188} INFO - [2026-08-14T09:39:53.085+0000] {dag.py:3036} INFO - Sync 1 DAGs
[2026-08-14T09:39:53.113+0000] {logging_mixin.py:188} INFO - [2026-08-14T09:39:53.113+0000] {dag.py:3823} INFO - Setting next_dagrun for example_setup_teardown to 2026-08-13 00:00:00+00:00, run_after=2026-08-14 00:00:00+00:00
[2026-08-14T09:39:53.135+0000] {processor.py:183} INFO - Processing /home/airflow/.local/lib/python3.8/site-packages/airflow/example_dags/example_setup_teardown.py took 0.094 seconds
[2026-08-14T09:40:24.569+0000] {processor.py:161} INFO - Started process (PID=1659) to work on /home/airflow/.local/lib/python3.8/site-packages/airflow/example_dags/example_setup_teardown.py
[2026-08-14T09:40:24.570+0000] {processor.py:830} INFO - Processing file /home/airflow/.local/lib/python3.8/site-packages/airflow/example_dags/example_setup_teardown.py for tasks to queue
[2026-08-14T09:40:24.573+0000] {logging_mixin.py:188} INFO - [2026-08-14T09:40:24.572+0000] {dagbag.py:538} INFO - Filling up the DagBag from /home/airflow/.local/lib/python3.8/site-packages/airflow/example_dags/example_setup_teardown.py
[2026-08-14T09:40:24.583+0000] {processor.py:840} INFO - DAG(s) 'example_setup_teardown' retrieved from /home/airflow/.local/lib/python3.8/site-packages/airflow/example_dags/example_setup_teardown.py
[2026-08-14T09:40:24.608+0000] {logging_mixin.py:188} INFO - [2026-08-14T09:40:24.608+0000] {dag.py:3036} INFO - Sync 1 DAGs
[2026-08-14T09:40:24.633+0000] {logging_mixin.py:188} INFO - [2026-08-14T09:40:24.633+0000] {dag.py:3823} INFO - Setting next_dagrun for example_setup_teardown to 2026-08-13 00:00:00+00:00, run_after=2026-08-14 00:00:00+00:00
[2026-08-14T09:40:24.655+0000] {processor.py:183} INFO - Processing /home/airflow/.local/lib/python3.8/site-packages/airflow/example_dags/example_setup_teardown.py took 0.089 seconds
[2026-08-14T09:40:56.021+0000] {processor.py:161} INFO - Started process (PID=1734) to work on /home/airflow/.local/lib/python3.8/site-packages/airflow/example_dags/example_setup_teardown.py
[2026-08-14T09:40:56.022+0000] {processor.py:830} INFO - Processing file /home/airflow/.local/lib/python3.8/site-packages/airflow/example_dags/example_setup_teardown.py for tasks to queue
[2026-08-14T09:40:56.025+0000] {logging_mixin.py:188} INFO - [2026-08-14T09:40:56.024+0000] {dagbag.py:538} INFO - Filling up the DagBag from /home/airflow/.local/lib/python3.8/site-packages/airflow/example_dags/example_setup_teardown.py
[2026-08-14T09:40:56.032+0000] {processor.py:840} INFO - DAG(s) 'example_setup_teardown' retrieved from /home/airflow/.local/lib/python3.8/site-packages/airflow/example_dags/example_setup_teardown.py
[2026-08-14T09:40:56.053+0000] {logging_mixin.py:188} INFO - [2026-08-14T09:40:56.053+0000] {dag.py:3036} INFO - Sync 1 DAGs
[2026-08-14T09:40:56.075+0000] {logging_mixin.py:188} INFO - [2026-08-14T09:40:56.074+0000] {dag.py:3823} INFO - Setting next_dagrun for example_setup_teardown to 2026-08-13 00:00:00+00:00, run_after=2026-08-14 00:00:00+00:00
[2026-08-14T09:40:56.095+0000] {processor.py:183} INFO - Processing /home/airflow/.local/lib/python3.8/site-packages/airflow/example_dags/example_setup_teardown.py took 0.078 seconds
[2026-08-14T09:41:27.252+0000] {processor.py:161} INFO - Started process (PID=1809) to work on /home/airflow/.local/lib/python3.8/site-packages/airflow/example_dags/example_setup_teardown.py
[2026-08-14T09:41:27.253+0000] {processor.py:830} INFO - Processing file /home/airflow/.local/lib/python3.8/site-packages/airflow/example_dags/example_setup_teardown.py for tasks to queue
[2026-08-14T09:41:27.255+0000] {logging_mixin.py:188} INFO - [2026-08-14T09:41:27.255+0000] {dagbag.py:538} INFO - Filling up the DagBag from /home/airflow/.local/lib/python3.8/site-packages/airflow/example_dags/example_setup_teardown.py
[2026-08-14T09:41:27.262+0000] {processor.py:840} INFO - DAG(s) 'example_setup_teardown' retrieved from /home/airflow/.local/lib/python3.8/site-packages/airflow/example_dags/example_setup_teardown.py
[2026-08-14T09:41:27.284+0000] {logging_mixin.py:188} INFO - [2026-08-14T09:41:27.283+0000] {dag.py:3036} INFO - Sync 1 DAGs
[2026-08-14T09:41:27.307+0000] {logging_mixin.py:188} INFO - [2026-08-14T09:41:27.307+0000] {dag.py:3823} INFO - Setting next_dagrun for example_setup_teardown to 2026-08-13 00:00:00+00:00, run_after=2026-08-14 00:00:00+00:00
[2026-08-14T09:41:27.326+0000] {processor.py:183} INFO - Processing /home/airflow/.local/lib/python3.8/site-packages/airflow/example_dags/example_setup_teardown.py took 0.078 seconds
[2026-08-14T09:41:59.026+0000] {processor.py:161} INFO - Started process (PID=1884) to work on /home/airflow/.local/lib/python3.8/site-packages/airflow/example_dags/example_setup_teardown.py
[2026-08-14T09:41:59.027+0000] {processor.py:830} INFO - Processing file /home/airflow/.local/lib/python3.8/site-packages/airflow/example_dags/example_setup_teardown.py for tasks to queue
[2026-08-14T09:41:59.030+0000] {logging_mixin.py:188} INFO - [2026-08-14T09:41:59.029+0000] {dagbag.py:538} INFO - Filling up the DagBag from /home/airflow/.local/lib/python3.8/site-packages/airflow/example_dags/example_setup_teardown.py
[2026-08-14T09:41:59.038+0000] {processor.py:840} INFO - DAG(s) 'example_setup_teardown' retrieved from /home/airflow/.local/lib/python3.8/site-packages/airflow/example_dags/example_setup_teardown.py
[2026-08-14T09:41:59.058+0000] {logging_mixin.py:188} INFO - [2026-08-14T09:41:59.057+0000] {dag.py:3036} INFO - Sync 1 DAGs
[2026-08-14T09:41:59.079+0000] {logging_mixin.py:188} INFO - [2026-08-14T09:41:59.078+0000] {dag.py:3823} INFO - Setting next_dagrun for example_setup_teardown to 2026-08-13 00:00:00+00:00, run_after=2026-08-14 00:00:00+00:00
[2026-08-14T09:41:59.099+0000] {processor.py:183} INFO - Processing /home/airflow/.local/lib/python3.8/site-packages/airflow/example_dags/example_setup_teardown.py took 0.076 seconds
[2026-08-14T09:42:29.708+0000] {processor.py:161} INFO - Started process (PID=1960) to work on /home/airflow/.local/lib/python3.8/site-packages/airflow/example_dags/example_setup_teardown.py
[2026-08-14T09:42:29.710+0000] {processor.py:830} INFO - Processing file /home/airflow/.local/lib/python3.8/site-packages/airflow/example_dags/example_setup_teardown.py for tasks to queue
[2026-08-14T09:42:29.718+0000] {logging_mixin.py:188} INFO - [2026-08-14T09:42:29.717+0000] {dagbag.py:538} INFO - Filling up the DagBag from /home/airflow/.local/lib/python3.8/site-packages/airflow/example_dags/example_setup_teardown.py
[2026-08-14T09:42:29.725+0000] {processor.py:840} INFO - DAG(s) 'example_setup_teardown' retrieved from /home/airflow/.local/lib/python3.8/site-packages/airflow/example_dags/example_setup_teardown.py
[2026-08-14T09:42:29.750+0000] {logging_mixin.py:188} INFO - [2026-08-14T09:42:29.750+0000] {dag.py:3036} INFO - Sync 1 DAGs
[2026-08-14T09:42:29.771+0000] {logging_mixin.py:188} INFO - [2026-08-14T09:42:29.771+0000] {dag.py:3823} INFO - Setting next_dagrun for example_setup_teardown to 2026-08-13 00:00:00+00:00, run_after=2026-08-14 00:00:00+00:00
[2026-08-14T09:42:29.791+0000] {processor.py:183} INFO - Processing /home/airflow/.local/lib/python3.8/site-packages/airflow/example_dags/example_setup_teardown.py took 0.087 seconds
[2026-08-14T09:43:01.190+0000] {processor.py:161} INFO - Started process (PID=2035) to work on /home/airflow/.local/lib/python3.8/site-packages/airflow/example_dags/example_setup_teardown.py
[2026-08-14T09:43:01.192+0000] {processor.py:830} INFO - Processing file /home/airflow/.local/lib/python3.8/site-packages/airflow/example_dags/example_setup_teardown.py for tasks to queue
[2026-08-14T09:43:01.194+0000] {logging_mixin.py:188} INFO - [2026-08-14T09:43:01.194+0000] {dagbag.py:538} INFO - Filling up the DagBag from /home/airflow/.local/lib/python3.8/site-packages/airflow/example_dags/example_setup_teardown.py
[2026-08-14T09:43:01.203+0000] {processor.py:840} INFO - DAG(s) 'example_setup_teardown' retrieved from /home/airflow/.local/lib/python3.8/site-packages/airflow/example_dags/example_setup_teardown.py
[2026-08-14T09:43:01.229+0000] {logging_mixin.py:188} INFO - [2026-08-14T09:43:01.229+0000] {dag.py:3036} INFO - Sync 1 DAGs
[2026-08-14T09:43:01.410+0000] {logging_mixin.py:188} INFO - [2026-08-14T09:43:01.410+0000] {dag.py:3823} INFO - Setting next_dagrun for example_setup_teardown to 2026-08-13 00:00:00+00:00, run_after=2026-08-14 00:00:00+00:00
[2026-08-14T09:43:01.432+0000] {processor.py:183} INFO - Processing /home/airflow/.local/lib/python3.8/site-packages/airflow/example_dags/example_setup_teardown.py took 0.245 seconds
[2026-08-14T09:43:31.480+0000] {processor.py:161} INFO - Started process (PID=2110) to work on /home/airflow/.local/lib/python3.8/site-packages/airflow/example_dags/example_setup_teardown.py
[2026-08-14T09:43:31.481+0000] {processor.py:830} INFO - Processing file /home/airflow/.local/lib/python3.8/site-packages/airflow/example_dags/example_setup_teardown.py for tasks to queue
[2026-08-14T09:43:31.483+0000] {logging_mixin.py:188} INFO - [2026-08-14T09:43:31.483+0000] {dagbag.py:538} INFO - Filling up the DagBag from /home/airflow/.local/lib/python3.8/site-packages/airflow/example_dags/example_setup_teardown.py
[2026-08-14T09:43:31.492+0000] {processor.py:840} INFO - DAG(s) 'example_setup_teardown' retrieved from /home/airflow/.local/lib/python3.8/site-packages/airflow/example_dags/example_setup_teardown.py
[2026-08-14T09:43:31.515+0000] {logging_mixin.py:188} INFO - [2026-08-14T09:43:31.515+0000] {dag.py:3036} INFO - Sync 1 DAGs
[2026-08-14T09:43:31.537+0000] {logging_mixin.py:188} INFO - [2026-08-14T09:43:31.537+0000] {dag.py:3823} INFO - Setting next_dagrun for example_setup_teardown to 2026-08-13 00:00:00+00:00, run_after=2026-08-14 00:00:00+00:00
[2026-08-14T09:43:31.557+0000] {processor.py:183} INFO - Processing /home/airflow/.local/lib/python3.8/site-packages/airflow/example_dags/example_setup_teardown.py took 0.080 seconds
[2026-08-14T09:44:02.530+0000] {processor.py:161} INFO - Started process (PID=2185) to work on /home/airflow/.local/lib/python3.8/site-packages/airflow/example_dags/example_setup_teardown.py
[2026-08-14T09:44:02.531+0000] {processor.py:830} INFO - Processing file /home/airflow/.local/lib/python3.8/site-packages/airflow/example_dags/example_setup_teardown.py for tasks to queue
[2026-08-14T09:44:02.534+0000] {logging_mixin.py:188} INFO - [2026-08-14T09:44:02.533+0000] {dagbag.py:538} INFO - Filling up the DagBag from /home/airflow/.local/lib/python3.8/site-packages/airflow/example_dags/example_setup_teardown.py
[2026-08-14T09:44:02.543+0000] {processor.py:840} INFO - DAG(s) 'example_setup_teardown' retrieved from /home/airflow/.local/lib/python3.8/site-packages/airflow/example_dags/example_setup_teardown.py
[2026-08-14T09:44:02.564+0000] {logging_mixin.py:188} INFO - [2026-08-14T09:44:02.563+0000] {dag.py:3036} INFO - Sync 1 DAGs
[2026-08-14T09:44:02.584+0000] {logging_mixin.py:188} INFO - [2026-08-14T09:44:02.584+0000] {dag.py:3823} INFO - Setting next_dagrun for example_setup_teardown to 2026-08-13 00:00:00+00:00, run_after=2026-08-14 00:00:00+00:00
[2026-08-14T09:44:02.605+0000] {processor.py:183} INFO - Processing /home/airflow/.local/lib/python3.8/site-packages/airflow/example_dags/example_setup_teardown.py took 0.079 seconds
[2026-08-14T09:44:33.020+0000] {processor.py:161} INFO - Started process (PID=2260) to work on /home/airflow/.local/lib/python3.8/site-packages/airflow/example_dags/example_setup_teardown.py
[2026-08-14T09:44:33.022+0000] {processor.py:830} INFO - Processing file /home/airflow/.local/lib/python3.8/site-packages/airflow/example_dags/example_setup_teardown.py for tasks to queue
[2026-08-14T09:44:33.025+0000] {logging_mixin.py:188} INFO - [2026-08-14T09:44:33.024+0000] {dagbag.py:538} INFO - Filling up the DagBag from /home/airflow/.local/lib/python3.8/site-packages/airflow/example_dags/example_setup_teardown.py
[2026-08-14T09:44:33.032+0000] {processor.py:840} INFO - DAG(s) 'example_setup_teardown' retrieved from /home/airflow/.local/lib/python3.8/site-packages/airflow/example_dags/example_setup_teardown.py
[2026-08-14T09:44:33.056+0000] {logging_mixin.py:188} INFO - [2026-08-14T09:44:33.056+0000] {dag.py:3036} INFO - Sync 1 DAGs
[2026-08-14T09:44:33.083+0000] {logging_mixin.py:188} INFO - [2026-08-14T09:44:33.082+0000] {dag.py:3823} INFO - Setting next_dagrun for example_setup_teardown to 2026-08-13 00:00:00+00:00, run_after=2026-08-14 00:00:00+00:00
[2026-08-14T09:44:33.108+0000] {processor.py:183} INFO - Processing /home/airflow/.local/lib/python3.8/site-packages/airflow/example_dags/example_setup_teardown.py took 0.092 seconds
[2026-08-14T09:45:03.760+0000] {processor.py:161} INFO - Started process (PID=2335) to work on /home/airflow/.local/lib/python3.8/site-packages/airflow/example_dags/example_setup_teardown.py
[2026-08-14T09:45:03.762+0000] {processor.py:830} INFO - Processing file /home/airflow/.local/lib/python3.8/site-packages/airflow/example_dags/example_setup_teardown.py for tasks to queue
[2026-08-14T09:45:03.764+0000] {logging_mixin.py:188} INFO - [2026-08-14T09:45:03.763+0000] {dagbag.py:538} INFO - Filling up the DagBag from /home/airflow/.local/lib/python3.8/site-packages/airflow/example_dags/example_setup_teardown.py
[2026-08-14T09:45:03.772+0000] {processor.py:840} INFO - DAG(s) 'example_setup_teardown' retrieved from /home/airflow/.local/lib/python3.8/site-packages/airflow/example_dags/example_setup_teardown.py
[2026-08-14T09:45:03.794+0000] {logging_mixin.py:188} INFO - [2026-08-14T09:45:03.794+0000] {dag.py:3036} INFO - Sync 1 DAGs
[2026-08-14T09:45:03.816+0000] {logging_mixin.py:188} INFO - [2026-08-14T09:45:03.816+0000] {dag.py:3823} INFO - Setting next_dagrun for example_setup_teardown to 2026-08-13 00:00:00+00:00, run_after=2026-08-14 00:00:00+00:00
[2026-08-14T09:45:03.837+0000] {processor.py:183} INFO - Processing /home/airflow/.local/lib/python3.8/site-packages/airflow/example_dags/example_setup_teardown.py took 0.080 seconds
[2026-08-14T09:45:35.668+0000] {processor.py:161} INFO - Started process (PID=2418) to work on /home/airflow/.local/lib/python3.8/site-packages/airflow/example_dags/example_setup_teardown.py
[2026-08-14T09:45:35.670+0000] {processor.py:830} INFO - Processing file /home/airflow/.local/lib/python3.8/site-packages/airflow/example_dags/example_setup_teardown.py for tasks to queue
[2026-08-14T09:45:35.674+0000] {logging_mixin.py:188} INFO - [2026-08-14T09:45:35.673+0000] {dagbag.py:538} INFO - Filling up the DagBag from /home/airflow/.local/lib/python3.8/site-packages/airflow/example_dags/example_setup_teardown.py
[2026-08-14T09:45:35.691+0000] {processor.py:840} INFO - DAG(s) 'example_setup_teardown' retrieved from /home/airflow/.local/lib/python3.8/site-packages/airflow/example_dags/example_setup_teardown.py
[2026-08-14T09:45:35.739+0000] {logging_mixin.py:188} INFO - [2026-08-14T09:45:35.739+0000] {dag.py:3036} INFO - Sync 1 DAGs
[2026-08-14T09:45:35.790+0000] {logging_mixin.py:188} INFO - [2026-08-14T09:45:35.789+0000] {dag.py:3823} INFO - Setting next_dagrun for example_setup_teardown to 2026-08-13 00:00:00+00:00, run_after=2026-08-14 00:00:00+00:00
[2026-08-14T09:45:35.843+0000] {processor.py:183} INFO - Processing /home/airflow/.local/lib/python3.8/site-packages/airflow/example_dags/example_setup_teardown.py took 0.184 seconds
[2026-08-14T09:46:06.245+0000] {processor.py:161} INFO - Started process (PID=2505) to work on /home/airflow/.local/lib/python3.8/site-packages/airflow/example_dags/example_setup_teardown.py
[2026-08-14T09:46:06.246+0000] {processor.py:830} INFO - Processing file /home/airflow/.local/lib/python3.8/site-packages/airflow/example_dags/example_setup_teardown.py for tasks to queue
[2026-08-14T09:46:06.250+0000] {logging_mixin.py:188} INFO - [2026-08-14T09:46:06.249+0000] {dagbag.py:538} INFO - Filling up the DagBag from /home/airflow/.local/lib/python3.8/site-packages/airflow/example_dags/example_setup_teardown.py
[2026-08-14T09:46:06.261+0000] {processor.py:840} INFO - DAG(s) 'example_setup_teardown' retrieved from /home/airflow/.local/lib/python3.8/site-packages/airflow/example_dags/example_setup_teardown.py
[2026-08-14T09:46:06.290+0000] {logging_mixin.py:188} INFO - [2026-08-14T09:46:06.289+0000] {dag.py:3036} INFO - Sync 1 DAGs
[2026-08-14T09:46:06.325+0000] {logging_mixin.py:188} INFO - [2026-08-14T09:46:06.324+0000] {dag.py:3823} INFO - Setting next_dagrun for example_setup_teardown to 2026-08-13 00:00:00+00:00, run_after=2026-08-14 00:00:00+00:00
[2026-08-14T09:46:06.356+0000] {processor.py:183} INFO - Processing /home/airflow/.local/lib/python3.8/site-packages/airflow/example_dags/example_setup_teardown.py took 0.117 seconds
[2026-08-14T09:46:37.399+0000] {processor.py:161} INFO - Started process (PID=2588) to work on /home/airflow/.local/lib/python3.8/site-packages/airflow/example_dags/example_setup_teardown.py
[2026-08-14T09:46:37.401+0000] {processor.py:830} INFO - Processing file /home/airflow/.local/lib/python3.8/site-packages/airflow/example_dags/example_setup_teardown.py for tasks to queue
[2026-08-14T09:46:37.404+0000] {logging_mixin.py:188} INFO - [2026-08-14T09:46:37.403+0000] {dagbag.py:538} INFO - Filling up the DagBag from /home/airflow/.local/lib/python3.8/site-packages/airflow/example_dags/example_setup_teardown.py
[2026-08-14T09:46:37.413+0000] {processor.py:840} INFO - DAG(s) 'example_setup_teardown' retrieved from /home/airflow/.local/lib/python3.8/site-packages/airflow/example_dags/example_setup_teardown.py
[2026-08-14T09:46:37.445+0000] {logging_mixin.py:188} INFO - [2026-08-14T09:46:37.444+0000] {dag.py:3036} INFO - Sync 1 DAGs
[2026-08-14T09:46:37.517+0000] {logging_mixin.py:188} INFO - [2026-08-14T09:46:37.516+0000] {dag.py:3823} INFO - Setting next_dagrun for example_setup_teardown to 2026-08-13 00:00:00+00:00, run_after=2026-08-14 00:00:00+00:00
[2026-08-14T09:46:37.556+0000] {processor.py:183} INFO - Processing /home/airflow/.local/lib/python3.8/site-packages/airflow/example_dags/example_setup_teardown.py took 0.161 seconds
[2026-08-14T09:47:08.297+0000] {processor.py:161} INFO - Started process (PID=2667) to work on /home/airflow/.local/lib/python3.8/site-packages/airflow/example_dags/example_setup_teardown.py
[2026-08-14T09:47:08.300+0000] {processor.py:830} INFO - Processing file /home/airflow/.local/lib/python3.8/site-packages/airflow/example_dags/example_setup_teardown.py for tasks to queue
[2026-08-14T09:47:08.305+0000] {logging_mixin.py:188} INFO - [2026-08-14T09:47:08.304+0000] {dagbag.py:538} INFO - Filling up the DagBag from /home/airflow/.local/lib/python3.8/site-packages/airflow/example_dags/example_setup_teardown.py
[2026-08-14T09:47:08.319+0000] {processor.py:840} INFO - DAG(s) 'example_setup_teardown' retrieved from /home/airflow/.local/lib/python3.8/site-packages/airflow/example_dags/example_setup_teardown.py
[2026-08-14T09:47:08.357+0000] {logging_mixin.py:188} INFO - [2026-08-14T09:47:08.356+0000] {dag.py:3036} INFO - Sync 1 DAGs
[2026-08-14T09:47:08.383+0000] {logging_mixin.py:188} INFO - [2026-08-14T09:47:08.383+0000] {dag.py:3823} INFO - Setting next_dagrun for example_setup_teardown to 2026-08-13 00:00:00+00:00, run_after=2026-08-14 00:00:00+00:00
[2026-08-14T09:47:08.411+0000] {processor.py:183} INFO - Processing /home/airflow/.local/lib/python3.8/site-packages/airflow/example_dags/example_setup_teardown.py took 0.120 seconds
[2026-08-14T09:47:38.525+0000] {processor.py:161} INFO - Started process (PID=2746) to work on /home/airflow/.local/lib/python3.8/site-packages/airflow/example_dags/example_setup_teardown.py
[2026-08-14T09:47:38.526+0000] {processor.py:830} INFO - Processing file /home/airflow/.local/lib/python3.8/site-packages/airflow/example_dags/example_setup_teardown.py for tasks to queue
[2026-08-14T09:47:38.528+0000] {logging_mixin.py:188} INFO - [2026-08-14T09:47:38.528+0000] {dagbag.py:538} INFO - Filling up the DagBag from /home/airflow/.local/lib/python3.8/site-packages/airflow/example_dags/example_setup_teardown.py
[2026-08-14T09:47:38.536+0000] {processor.py:840} INFO - DAG(s) 'example_setup_teardown' retrieved from /home/airflow/.local/lib/python3.8/site-packages/airflow/example_dags/example_setup_teardown.py
[2026-08-14T09:47:38.560+0000] {logging_mixin.py:188} INFO - [2026-08-14T09:47:38.560+0000] {dag.py:3036} INFO - Sync 1 DAGs
[2026-08-14T09:47:38.583+0000] {logging_mixin.py:188} INFO - [2026-08-14T09:47:38.583+0000] {dag.py:3823} INFO - Setting next_dagrun for example_setup_teardown to 2026-08-13 00:00:00+00:00, run_after=2026-08-14 00:00:00+00:00
[2026-08-14T09:47:38.607+0000] {processor.py:183} INFO - Processing /home/airflow/.local/lib/python3.8/site-packages/airflow/example_dags/example_setup_teardown.py took 0.086 seconds
[2026-08-14T09:48:08.946+0000] {processor.py:161} INFO - Started process (PID=2821) to work on /home/airflow/.local/lib/python3.8/site-packages/airflow/example_dags/example_setup_teardown.py
[2026-08-14T09:48:08.947+0000] {processor.py:830} INFO - Processing file /home/airflow/.local/lib/python3.8/site-packages/airflow/example_dags/example_setup_teardown.py for tasks to queue
[2026-08-14T09:48:08.949+0000] {logging_mixin.py:188} INFO - [2026-08-14T09:48:08.949+0000] {dagbag.py:538} INFO - Filling up the DagBag from /home/airflow/.local/lib/python3.8/site-packages/airflow/example_dags/example_setup_teardown.py
[2026-08-14T09:48:08.956+0000] {processor.py:840} INFO - DAG(s) 'example_setup_teardown' retrieved from /home/airflow/.local/lib/python3.8/site-packages/airflow/example_dags/example_setup_teardown.py
[2026-08-14T09:48:08.979+0000] {logging_mixin.py:188} INFO - [2026-08-14T09:48:08.978+0000] {dag.py:3036} INFO - Sync 1 DAGs
[2026-08-14T09:48:09.001+0000] {logging_mixin.py:188} INFO - [2026-08-14T09:48:09.001+0000] {dag.py:3823} INFO - Setting next_dagrun for example_setup_teardown to 2026-08-13 00:00:00+00:00, run_after=2026-08-14 00:00:00+00:00
[2026-08-14T09:48:09.023+0000] {processor.py:183} INFO - Processing /home/airflow/.local/lib/python3.8/site-packages/airflow/example_dags/example_setup_teardown.py took 0.081 seconds
[2026-08-14T09:48:40.070+0000] {processor.py:161} INFO - Started process (PID=2896) to work on /home/airflow/.local/lib/python3.8/site-packages/airflow/example_dags/example_setup_teardown.py
[2026-08-14T09:48:40.073+0000] {processor.py:830} INFO - Processing file /home/airflow/.local/lib/python3.8/site-packages/airflow/example_dags/example_setup_teardown.py for tasks to queue
[2026-08-14T09:48:40.076+0000] {logging_mixin.py:188} INFO - [2026-08-14T09:48:40.076+0000] {dagbag.py:538} INFO - Filling up the DagBag from /home/airflow/.local/lib/python3.8/site-packages/airflow/example_dags/example_setup_teardown.py
[2026-08-14T09:48:40.084+0000] {processor.py:840} INFO - DAG(s) 'example_setup_teardown' retrieved from /home/airflow/.local/lib/python3.8/site-packages/airflow/example_dags/example_setup_teardown.py
[2026-08-14T09:48:40.118+0000] {logging_mixin.py:188} INFO - [2026-08-14T09:48:40.118+0000] {dag.py:3036} INFO - Sync 1 DAGs
[2026-08-14T09:48:40.149+0000] {logging_mixin.py:188} INFO - [2026-08-14T09:48:40.149+0000] {dag.py:3823} INFO - Setting next_dagrun for example_setup_teardown to 2026-08-13 00:00:00+00:00, run_after=2026-08-14 00:00:00+00:00
[2026-08-14T09:48:40.184+0000] {processor.py:183} INFO - Processing /home/airflow/.local/lib/python3.8/site-packages/airflow/example_dags/example_setup_teardown.py took 0.119 seconds
[2026-08-14T09:49:10.720+0000] {processor.py:161} INFO - Started process (PID=2971) to work on /home/airflow/.local/lib/python3.8/site-packages/airflow/example_dags/example_setup_teardown.py
[2026-08-14T09:49:10.722+0000] {processor.py:830} INFO - Processing file /home/airflow/.local/lib/python3.8/site-packages/airflow/example_dags/example_setup_teardown.py for tasks to queue
[2026-08-14T09:49:10.724+0000] {logging_mixin.py:188} INFO - [2026-08-14T09:49:10.724+0000] {dagbag.py:538} INFO - Filling up the DagBag from /home/airflow/.local/lib/python3.8/site-packages/airflow/example_dags/example_setup_teardown.py
[2026-08-14T09:49:10.731+0000] {processor.py:840} INFO - DAG(s) 'example_setup_teardown' retrieved from /home/airflow/.local/lib/python3.8/site-packages/airflow/example_dags/example_setup_teardown.py
[2026-08-14T09:49:10.751+0000] {logging_mixin.py:188} INFO - [2026-08-14T09:49:10.751+0000] {dag.py:3036} INFO - Sync 1 DAGs
[2026-08-14T09:49:10.773+0000] {logging_mixin.py:188} INFO - [2026-08-14T09:49:10.773+0000] {dag.py:3823} INFO - Setting next_dagrun for example_setup_teardown to 2026-08-13 00:00:00+00:00, run_after=2026-08-14 00:00:00+00:00
[2026-08-14T09:49:10.793+0000] {processor.py:183} INFO - Processing /home/airflow/.local/lib/python3.8/site-packages/airflow/example_dags/example_setup_teardown.py took 0.076 seconds
[2026-08-14T09:49:42.513+0000] {processor.py:161} INFO - Started process (PID=3054) to work on /home/airflow/.local/lib/python3.8/site-packages/airflow/example_dags/example_setup_teardown.py
[2026-08-14T09:49:42.515+0000] {processor.py:830} INFO - Processing file /home/airflow/.local/lib/python3.8/site-packages/airflow/example_dags/example_setup_teardown.py for tasks to queue
[2026-08-14T09:49:42.518+0000] {logging_mixin.py:188} INFO - [2026-08-14T09:49:42.518+0000] {dagbag.py:538} INFO - Filling up the DagBag from /home/airflow/.local/lib/python3.8/site-packages/airflow/example_dags/example_setup_teardown.py
[2026-08-14T09:49:42.527+0000] {processor.py:840} INFO - DAG(s) 'example_setup_teardown' retrieved from /home/airflow/.local/lib/python3.8/site-packages/airflow/example_dags/example_setup_teardown.py
[2026-08-14T09:49:42.554+0000] {logging_mixin.py:188} INFO - [2026-08-14T09:49:42.554+0000] {dag.py:3036} INFO - Sync 1 DAGs
[2026-08-14T09:49:42.582+0000] {logging_mixin.py:188} INFO - [2026-08-14T09:49:42.582+0000] {dag.py:3823} INFO - Setting next_dagrun for example_setup_teardown to 2026-08-13 00:00:00+00:00, run_after=2026-08-14 00:00:00+00:00
[2026-08-14T09:49:42.614+0000] {processor.py:183} INFO - Processing /home/airflow/.local/lib/python3.8/site-packages/airflow/example_dags/example_setup_teardown.py took 0.106 seconds
[2026-08-14T09:50:13.193+0000] {processor.py:161} INFO - Started process (PID=3129) to work on /home/airflow/.local/lib/python3.8/site-packages/airflow/example_dags/example_setup_teardown.py
[2026-08-14T09:50:13.195+0000] {processor.py:830} INFO - Processing file /home/airflow/.local/lib/python3.8/site-packages/airflow/example_dags/example_setup_teardown.py for tasks to queue
[2026-08-14T09:50:13.198+0000] {logging_mixin.py:188} INFO - [2026-08-14T09:50:13.198+0000] {dagbag.py:538} INFO - Filling up the DagBag from /home/airflow/.local/lib/python3.8/site-packages/airflow/example_dags/example_setup_teardown.py
[2026-08-14T09:50:13.208+0000] {processor.py:840} INFO - DAG(s) 'example_setup_teardown' retrieved from /home/airflow/.local/lib/python3.8/site-packages/airflow/example_dags/example_setup_teardown.py
[2026-08-14T09:50:13.244+0000] {logging_mixin.py:188} INFO - [2026-08-14T09:50:13.244+0000] {dag.py:3036} INFO - Sync 1 DAGs
[2026-08-14T09:50:13.284+0000] {logging_mixin.py:188} INFO - [2026-08-14T09:50:13.283+0000] {dag.py:3823} INFO - Setting next_dagrun for example_setup_teardown to 2026-08-13 00:00:00+00:00, run_after=2026-08-14 00:00:00+00:00
[2026-08-14T09:50:13.359+0000] {processor.py:183} INFO - Processing /home/airflow/.local/lib/python3.8/site-packages/airflow/example_dags/example_setup_teardown.py took 0.172 seconds
[2026-08-14T09:50:43.436+0000] {processor.py:161} INFO - Started process (PID=3204) to work on /home/airflow/.local/lib/python3.8/site-packages/airflow/example_dags/example_setup_teardown.py
[2026-08-14T09:50:43.438+0000] {processor.py:830} INFO - Processing file /home/airflow/.local/lib/python3.8/site-packages/airflow/example_dags/example_setup_teardown.py for tasks to queue
[2026-08-14T09:50:43.440+0000] {logging_mixin.py:188} INFO - [2026-08-14T09:50:43.440+0000] {dagbag.py:538} INFO - Filling up the DagBag from /home/airflow/.local/lib/python3.8/site-packages/airflow/example_dags/example_setup_teardown.py
[2026-08-14T09:50:43.449+0000] {processor.py:840} INFO - DAG(s) 'example_setup_teardown' retrieved from /home/airflow/.local/lib/python3.8/site-packages/airflow/example_dags/example_setup_teardown.py
[2026-08-14T09:50:43.474+0000] {logging_mixin.py:188} INFO - [2026-08-14T09:50:43.474+0000] {dag.py:3036} INFO - Sync 1 DAGs
[2026-08-14T09:50:43.497+0000] {logging_mixin.py:188} INFO - [2026-08-14T09:50:43.497+0000] {dag.py:3823} INFO - Setting next_dagrun for example_setup_teardown to 2026-08-13 00:00:00+00:00, run_after=2026-08-14 00:00:00+00:00
[2026-08-14T09:50:43.516+0000] {processor.py:183} INFO - Processing /home/airflow/.local/lib/python3.8/site-packages/airflow/example_dags/example_setup_teardown.py took 0.084 seconds
[2026-08-14T09:51:14.032+0000] {processor.py:161} INFO - Started process (PID=3279) to work on /home/airflow/.local/lib/python3.8/site-packages/airflow/example_dags/example_setup_teardown.py
[2026-08-14T09:51:14.033+0000] {processor.py:830} INFO - Processing file /home/airflow/.local/lib/python3.8/site-packages/airflow/example_dags/example_setup_teardown.py for tasks to queue
[2026-08-14T09:51:14.035+0000] {logging_mixin.py:188} INFO - [2026-08-14T09:51:14.035+0000] {dagbag.py:538} INFO - Filling up the DagBag from /home/airflow/.local/lib/python3.8/site-packages/airflow/example_dags/example_setup_teardown.py
[2026-08-14T09:51:14.043+0000] {processor.py:840} INFO - DAG(s) 'example_setup_teardown' retrieved from /home/airflow/.local/lib/python3.8/site-packages/airflow/example_dags/example_setup_teardown.py
[2026-08-14T09:51:14.064+0000] {logging_mixin.py:188} INFO - [2026-08-14T09:51:14.063+0000] {dag.py:3036} INFO - Sync 1 DAGs
[2026-08-14T09:51:14.085+0000] {logging_mixin.py:188} INFO - [2026-08-14T09:51:14.084+0000] {dag.py:3823} INFO - Setting next_dagrun for example_setup_teardown to 2026-08-13 00:00:00+00:00, run_after=2026-08-14 00:00:00+00:00
[2026-08-14T09:51:14.114+0000] {processor.py:183} INFO - Processing /home/airflow/.local/lib/python3.8/site-packages/airflow/example_dags/example_setup_teardown.py took 0.086 seconds
[2026-08-14T09:51:45.597+0000] {processor.py:161} INFO - Started process (PID=3354) to work on /home/airflow/.local/lib/python3.8/site-packages/airflow/example_dags/example_setup_teardown.py
[2026-08-14T09:51:45.598+0000] {processor.py:830} INFO - Processing file /home/airflow/.local/lib/python3.8/site-packages/airflow/example_dags/example_setup_teardown.py for tasks to queue
[2026-08-14T09:51:45.600+0000] {logging_mixin.py:188} INFO - [2026-08-14T09:51:45.600+0000] {dagbag.py:538} INFO - Filling up the DagBag from /home/airflow/.local/lib/python3.8/site-packages/airflow/example_dags/example_setup_teardown.py
[2026-08-14T09:51:45.608+0000] {processor.py:840} INFO - DAG(s) 'example_setup_teardown' retrieved from /home/airflow/.local/lib/python3.8/site-packages/airflow/example_dags/example_setup_teardown.py
[2026-08-14T09:51:45.630+0000] {logging_mixin.py:188} INFO - [2026-08-14T09:51:45.629+0000] {dag.py:3036} INFO - Sync 1 DAGs
[2026-08-14T09:51:45.653+0000] {logging_mixin.py:188} INFO - [2026-08-14T09:51:45.653+0000] {dag.py:3823} INFO - Setting next_dagrun for example_setup_teardown to 2026-08-13 00:00:00+00:00, run_after=2026-08-14 00:00:00+00:00
[2026-08-14T09:51:45.676+0000] {processor.py:183} INFO - Processing /home/airflow/.local/lib/python3.8/site-packages/airflow/example_dags/example_setup_teardown.py took 0.083 seconds
[2026-08-14T09:52:16.059+0000] {processor.py:161} INFO - Started process (PID=3429) to work on /home/airflow/.local/lib/python3.8/site-packages/airflow/example_dags/example_setup_teardown.py
[2026-08-14T09:52:16.061+0000] {processor.py:830} INFO - Processing file /home/airflow/.local/lib/python3.8/site-packages/airflow/example_dags/example_setup_teardown.py for tasks to queue
[2026-08-14T09:52:16.070+0000] {logging_mixin.py:188} INFO - [2026-08-14T09:52:16.069+0000] {dagbag.py:538} INFO - Filling up the DagBag from /home/airflow/.local/lib/python3.8/site-packages/airflow/example_dags/example_setup_teardown.py
[2026-08-14T09:52:16.077+0000] {processor.py:840} INFO - DAG(s) 'example_setup_teardown' retrieved from /home/airflow/.local/lib/python3.8/site-packages/airflow/example_dags/example_setup_teardown.py
[2026-08-14T09:52:16.098+0000] {logging_mixin.py:188} INFO - [2026-08-14T09:52:16.098+0000] {dag.py:3036} INFO - Sync 1 DAGs
[2026-08-14T09:52:16.121+0000] {logging_mixin.py:188} INFO - [2026-08-14T09:52:16.120+0000] {dag.py:3823} INFO - Setting next_dagrun for example_setup_teardown to 2026-08-13 00:00:00+00:00, run_after=2026-08-14 00:00:00+00:00
[2026-08-14T09:52:16.141+0000] {processor.py:183} INFO - Processing /home/airflow/.local/lib/python3.8/site-packages/airflow/example_dags/example_setup_teardown.py took 0.087 seconds
[2026-08-14T09:52:46.596+0000] {processor.py:161} INFO - Started process (PID=3504) to work on /home/airflow/.local/lib/python3.8/site-packages/airflow/example_dags/example_setup_teardown.py
[2026-08-14T09:52:46.598+0000] {processor.py:830} INFO - Processing file /home/airflow/.local/lib/python3.8/site-packages/airflow/example_dags/example_setup_teardown.py for tasks to queue
[2026-08-14T09:52:46.601+0000] {logging_mixin.py:188} INFO - [2026-08-14T09:52:46.600+0000] {dagbag.py:538} INFO - Filling up the DagBag from /home/airflow/.local/lib/python3.8/site-packages/airflow/example_dags/example_setup_teardown.py
[2026-08-14T09:52:46.609+0000] {processor.py:840} INFO - DAG(s) 'example_setup_teardown' retrieved from /home/airflow/.local/lib/python3.8/site-packages/airflow/example_dags/example_setup_teardown.py
[2026-08-14T09:52:46.631+0000] {logging_mixin.py:188} INFO - [2026-08-14T09:52:46.631+0000] {dag.py:3036} INFO - Sync 1 DAGs
[2026-08-14T09:52:46.652+0000] {logging_mixin.py:188} INFO - [2026-08-14T09:52:46.652+0000] {dag.py:3823} INFO - Setting next_dagrun for example_setup_teardown to 2026-08-13 00:00:00+00:00, run_after=2026-08-14 00:00:00+00:00
[2026-08-14T09:52:46.670+0000] {processor.py:183} INFO - Processing /home/airflow/.local/lib/python3.8/site-packages/airflow/example_dags/example_setup_teardown.py took 0.077 seconds
[2026-08-14T09:53:17.182+0000] {processor.py:161} INFO - Started process (PID=3579) to work on /home/airflow/.local/lib/python3.8/site-packages/airflow/example_dags/example_setup_teardown.py
[2026-08-14T09:53:17.183+0000] {processor.py:830} INFO - Processing file /home/airflow/.local/lib/python3.8/site-packages/airflow/example_dags/example_setup_teardown.py for tasks to queue
[2026-08-14T09:53:17.185+0000] {logging_mixin.py:188} INFO - [2026-08-14T09:53:17.185+0000] {dagbag.py:538} INFO - Filling up the DagBag from /home/airflow/.local/lib/python3.8/site-packages/airflow/example_dags/example_setup_teardown.py
[2026-08-14T09:53:17.192+0000] {processor.py:840} INFO - DAG(s) 'example_setup_teardown' retrieved from /home/airflow/.local/lib/python3.8/site-packages/airflow/example_dags/example_setup_teardown.py
[2026-08-14T09:53:17.213+0000] {logging_mixin.py:188} INFO - [2026-08-14T09:53:17.212+0000] {dag.py:3036} INFO - Sync 1 DAGs
[2026-08-14T09:53:17.233+0000] {logging_mixin.py:188} INFO - [2026-08-14T09:53:17.233+0000] {dag.py:3823} INFO - Setting next_dagrun for example_setup_teardown to 2026-08-13 00:00:00+00:00, run_after=2026-08-14 00:00:00+00:00
[2026-08-14T09:53:17.253+0000] {processor.py:183} INFO - Processing /home/airflow/.local/lib/python3.8/site-packages/airflow/example_dags/example_setup_teardown.py took 0.074 seconds
