[2026-08-14T09:30:19.185+0000] {processor.py:161} INFO - Started process (PID=145) to work on /home/airflow/.local/lib/python3.8/site-packages/airflow/example_dags/example_task_group.py
[2026-08-14T09:30:19.192+0000] {processor.py:830} INFO - Processing file /home/airflow/.local/lib/python3.8/site-packages/airflow/example_dags/example_task_group.py for tasks to queue
[2026-08-14T09:30:19.197+0000] {logging_mixin.py:188} INFO - [2026-08-14T09:30:19.196+0000] {dagbag.py:538} INFO - Filling up the DagBag from /home/airflow/.local/lib/python3.8/site-packages/airflow/example_dags/example_task_group.py
[2026-08-14T09:30:19.233+0000] {processor.py:840} INFO - DAG(s) 'example_task_group' retrieved from /home/airflow/.local/lib/python3.8/site-packages/airflow/example_dags/example_task_group.py
[2026-08-14T09:30:19.584+0000] {logging_mixin.py:188} INFO - [2026-08-14T09:30:19.584+0000] {dag.py:3036} INFO - Sync 1 DAGs
[2026-08-14T09:30:19.717+0000] {logging_mixin.py:188} INFO - [2026-08-14T09:30:19.716+0000] {dag.py:3823} INFO - Setting next_dagrun for example_task_group to 2026-08-13 00:00:00+00:00, run_after=2026-08-14 00:00:00+00:00
[2026-08-14T09:30:19.792+0000] {processor.py:183} INFO - Processing /home/airflow/.local/lib/python3.8/site-packages/airflow/example_dags/example_task_group.py took 0.624 seconds
[2026-08-14T09:30:50.281+0000] {processor.py:161} INFO - Started process (PID=237) to work on /home/airflow/.local/lib/python3.8/site-packages/airflow/example_dags/example_task_group.py
[2026-08-14T09:30:50.282+0000] {processor.py:830} INFO - Processing file /home/airflow/.local/lib/python3.8/site-packages/airflow/example_dags/example_task_group.py for tasks to queue
[2026-08-14T09:30:50.284+0000] {logging_mixin.py:188} INFO - [2026-08-14T09:30:50.284+0000] {dagbag.py:538} INFO - Filling up the DagBag from /home/airflow/.local/lib/python3.8/site-packages/airflow/example_dags/example_task_group.py
[2026-08-14T09:30:50.292+0000] {processor.py:840} INFO - DAG(s) 'example_task_group' retrieved from /home/airflow/.local/lib/python3.8/site-packages/airflow/example_dags/example_task_group.py
[2026-08-14T09:30:50.307+0000] {logging_mixin.py:188} INFO - [2026-08-14T09:30:50.306+0000] {dag.py:3036} INFO - Sync 1 DAGs
[2026-08-14T09:30:50.333+0000] {logging_mixin.py:188} INFO - [2026-08-14T09:30:50.333+0000] {dag.py:3823} INFO - Setting next_dagrun for example_task_group to 2026-08-13 00:00:00+00:00, run_after=2026-08-14 00:00:00+00:00
[2026-08-14T09:30:50.359+0000] {processor.py:183} INFO - Processing /home/airflow/.local/lib/python3.8/site-packages/airflow/example_dags/example_task_group.py took 0.083 seconds
[2026-08-14T09:31:20.396+0000] {processor.py:161} INFO - Started process (PID=310) to work on /home/airflow/.local/lib/python3.8/site-packages/airflow/example_dags/example_task_group.py
[2026-08-14T09:31:20.397+0000] {processor.py:830} INFO - Processing file /home/airflow/.local/lib/python3.8/site-packages/airflow/example_dags/example_task_group.py for tasks to queue
[2026-08-14T09:31:20.400+0000] {logging_mixin.py:188} INFO - [2026-08-14T09:31:20.399+0000] {dagbag.py:538} INFO - Filling up the DagBag from /home/airflow/.local/lib/python3.8/site-packages/airflow/example_dags/example_task_group.py
[2026-08-14T09:31:20.408+0000] {processor.py:840} INFO - DAG(s) 'example_task_group' retrieved from /home/airflow/.local/lib/python3.8/site-packages/airflow/example_dags/example_task_group.py
[2026-08-14T09:31:20.421+0000] {logging_mixin.py:188} INFO - [2026-08-14T09:31:20.421+0000] {dag.py:3036} INFO - Sync 1 DAGs
[2026-08-14T09:31:20.445+0000] {logging_mixin.py:188} INFO - [2026-08-14T09:31:20.445+0000] {dag.py:3823} INFO - Setting next_dagrun for example_task_group to 2026-08-13 00:00:00+00:00, run_after=2026-08-14 00:00:00+00:00
[2026-08-14T09:31:20.493+0000] {processor.py:183} INFO - Processing /home/airflow/.local/lib/python3.8/site-packages/airflow/example_dags/example_task_group.py took 0.101 seconds
[2026-08-14T09:31:50.959+0000] {processor.py:161} INFO - Started process (PID=383) to work on /home/airflow/.local/lib/python3.8/site-packages/airflow/example_dags/example_task_group.py
[2026-08-14T09:31:50.961+0000] {processor.py:830} INFO - Processing file /home/airflow/.local/lib/python3.8/site-packages/airflow/example_dags/example_task_group.py for tasks to queue
[2026-08-14T09:31:50.964+0000] {logging_mixin.py:188} INFO - [2026-08-14T09:31:50.963+0000] {dagbag.py:538} INFO - Filling up the DagBag from /home/airflow/.local/lib/python3.8/site-packages/airflow/example_dags/example_task_group.py
[2026-08-14T09:31:50.976+0000] {processor.py:840} INFO - DAG(s) 'example_task_group' retrieved from /home/airflow/.local/lib/python3.8/site-packages/airflow/example_dags/example_task_group.py
[2026-08-14T09:31:51.207+0000] {logging_mixin.py:188} INFO - [2026-08-14T09:31:51.206+0000] {dag.py:3036} INFO - Sync 1 DAGs
[2026-08-14T09:31:51.258+0000] {logging_mixin.py:188} INFO - [2026-08-14T09:31:51.258+0000] {dag.py:3823} INFO - Setting next_dagrun for example_task_group to 2026-08-13 00:00:00+00:00, run_after=2026-08-14 00:00:00+00:00
[2026-08-14T09:31:51.408+0000] {processor.py:183} INFO - Processing /home/airflow/.local/lib/python3.8/site-packages/airflow/example_dags/example_task_group.py took 0.454 seconds
[2026-08-14T09:32:22.131+0000] {processor.py:161} INFO - Started process (PID=464) to work on /home/airflow/.local/lib/python3.8/site-packages/airflow/example_dags/example_task_group.py
[2026-08-14T09:32:22.133+0000] {processor.py:830} INFO - Processing file /home/airflow/.local/lib/python3.8/site-packages/airflow/example_dags/example_task_group.py for tasks to queue
[2026-08-14T09:32:22.135+0000] {logging_mixin.py:188} INFO - [2026-08-14T09:32:22.135+0000] {dagbag.py:538} INFO - Filling up the DagBag from /home/airflow/.local/lib/python3.8/site-packages/airflow/example_dags/example_task_group.py
[2026-08-14T09:32:22.144+0000] {processor.py:840} INFO - DAG(s) 'example_task_group' retrieved from /home/airflow/.local/lib/python3.8/site-packages/airflow/example_dags/example_task_group.py
[2026-08-14T09:32:22.173+0000] {logging_mixin.py:188} INFO - [2026-08-14T09:32:22.173+0000] {dag.py:3036} INFO - Sync 1 DAGs
[2026-08-14T09:32:22.196+0000] {logging_mixin.py:188} INFO - [2026-08-14T09:32:22.195+0000] {dag.py:3823} INFO - Setting next_dagrun for example_task_group to 2026-08-13 00:00:00+00:00, run_after=2026-08-14 00:00:00+00:00
[2026-08-14T09:32:22.252+0000] {processor.py:183} INFO - Processing /home/airflow/.local/lib/python3.8/site-packages/airflow/example_dags/example_task_group.py took 0.124 seconds
[2026-08-14T09:32:52.487+0000] {processor.py:161} INFO - Started process (PID=537) to work on /home/airflow/.local/lib/python3.8/site-packages/airflow/example_dags/example_task_group.py
[2026-08-14T09:32:52.488+0000] {processor.py:830} INFO - Processing file /home/airflow/.local/lib/python3.8/site-packages/airflow/example_dags/example_task_group.py for tasks to queue
[2026-08-14T09:32:52.491+0000] {logging_mixin.py:188} INFO - [2026-08-14T09:32:52.490+0000] {dagbag.py:538} INFO - Filling up the DagBag from /home/airflow/.local/lib/python3.8/site-packages/airflow/example_dags/example_task_group.py
[2026-08-14T09:32:52.499+0000] {processor.py:840} INFO - DAG(s) 'example_task_group' retrieved from /home/airflow/.local/lib/python3.8/site-packages/airflow/example_dags/example_task_group.py
[2026-08-14T09:32:52.523+0000] {logging_mixin.py:188} INFO - [2026-08-14T09:32:52.523+0000] {dag.py:3036} INFO - Sync 1 DAGs
[2026-08-14T09:32:52.544+0000] {logging_mixin.py:188} INFO - [2026-08-14T09:32:52.544+0000] {dag.py:3823} INFO - Setting next_dagrun for example_task_group to 2026-08-13 00:00:00+00:00, run_after=2026-08-14 00:00:00+00:00
[2026-08-14T09:32:52.563+0000] {processor.py:183} INFO - Processing /home/airflow/.local/lib/python3.8/site-packages/airflow/example_dags/example_task_group.py took 0.080 seconds
[2026-08-14T09:33:22.726+0000] {processor.py:161} INFO - Started process (PID=610) to work on /home/airflow/.local/lib/python3.8/site-packages/airflow/example_dags/example_task_group.py
[2026-08-14T09:33:22.728+0000] {processor.py:830} INFO - Processing file /home/airflow/.local/lib/python3.8/site-packages/airflow/example_dags/example_task_group.py for tasks to queue
[2026-08-14T09:33:22.731+0000] {logging_mixin.py:188} INFO - [2026-08-14T09:33:22.731+0000] {dagbag.py:538} INFO - Filling up the DagBag from /home/airflow/.local/lib/python3.8/site-packages/airflow/example_dags/example_task_group.py
[2026-08-14T09:33:22.741+0000] {processor.py:840} INFO - DAG(s) 'example_task_group' retrieved from /home/airflow/.local/lib/python3.8/site-packages/airflow/example_dags/example_task_group.py
[2026-08-14T09:33:22.767+0000] {logging_mixin.py:188} INFO - [2026-08-14T09:33:22.767+0000] {dag.py:3036} INFO - Sync 1 DAGs
[2026-08-14T09:33:22.794+0000] {logging_mixin.py:188} INFO - [2026-08-14T09:33:22.794+0000] {dag.py:3823} INFO - Setting next_dagrun for example_task_group to 2026-08-13 00:00:00+00:00, run_after=2026-08-14 00:00:00+00:00
[2026-08-14T09:33:22.829+0000] {processor.py:183} INFO - Processing /home/airflow/.local/lib/python3.8/site-packages/airflow/example_dags/example_task_group.py took 0.106 seconds
[2026-08-14T09:33:52.938+0000] {processor.py:161} INFO - Started process (PID=682) to work on /home/airflow/.local/lib/python3.8/site-packages/airflow/example_dags/example_task_group.py
[2026-08-14T09:33:52.939+0000] {processor.py:830} INFO - Processing file /home/airflow/.local/lib/python3.8/site-packages/airflow/example_dags/example_task_group.py for tasks to queue
[2026-08-14T09:33:52.944+0000] {logging_mixin.py:188} INFO - [2026-08-14T09:33:52.943+0000] {dagbag.py:538} INFO - Filling up the DagBag from /home/airflow/.local/lib/python3.8/site-packages/airflow/example_dags/example_task_group.py
[2026-08-14T09:33:52.958+0000] {processor.py:840} INFO - DAG(s) 'example_task_group' retrieved from /home/airflow/.local/lib/python3.8/site-packages/airflow/example_dags/example_task_group.py
[2026-08-14T09:33:52.994+0000] {logging_mixin.py:188} INFO - [2026-08-14T09:33:52.993+0000] {dag.py:3036} INFO - Sync 1 DAGs
[2026-08-14T09:33:53.062+0000] {logging_mixin.py:188} INFO - [2026-08-14T09:33:53.061+0000] {dag.py:3823} INFO - Setting next_dagrun for example_task_group to 2026-08-13 00:00:00+00:00, run_after=2026-08-14 00:00:00+00:00
[2026-08-14T09:33:53.119+0000] {processor.py:183} INFO - Processing /home/airflow/.local/lib/python3.8/site-packages/airflow/example_dags/example_task_group.py took 0.186 seconds
[2026-08-14T09:34:23.207+0000] {processor.py:161} INFO - Started process (PID=755) to work on /home/airflow/.local/lib/python3.8/site-packages/airflow/example_dags/example_task_group.py
[2026-08-14T09:34:23.208+0000] {processor.py:830} INFO - Processing file /home/airflow/.local/lib/python3.8/site-packages/airflow/example_dags/example_task_group.py for tasks to queue
[2026-08-14T09:34:23.210+0000] {logging_mixin.py:188} INFO - [2026-08-14T09:34:23.210+0000] {dagbag.py:538} INFO - Filling up the DagBag from /home/airflow/.local/lib/python3.8/site-packages/airflow/example_dags/example_task_group.py
[2026-08-14T09:34:23.219+0000] {processor.py:840} INFO - DAG(s) 'example_task_group' retrieved from /home/airflow/.local/lib/python3.8/site-packages/airflow/example_dags/example_task_group.py
[2026-08-14T09:34:23.241+0000] {logging_mixin.py:188} INFO - [2026-08-14T09:34:23.241+0000] {dag.py:3036} INFO - Sync 1 DAGs
[2026-08-14T09:34:23.263+0000] {logging_mixin.py:188} INFO - [2026-08-14T09:34:23.262+0000] {dag.py:3823} INFO - Setting next_dagrun for example_task_group to 2026-08-13 00:00:00+00:00, run_after=2026-08-14 00:00:00+00:00
[2026-08-14T09:34:23.284+0000] {processor.py:183} INFO - Processing /home/airflow/.local/lib/python3.8/site-packages/airflow/example_dags/example_task_group.py took 0.081 seconds
[2026-08-14T09:34:53.900+0000] {processor.py:161} INFO - Started process (PID=831) to work on /home/airflow/.local/lib/python3.8/site-packages/airflow/example_dags/example_task_group.py
[2026-08-14T09:34:53.902+0000] {processor.py:830} INFO - Processing file /home/airflow/.local/lib/python3.8/site-packages/airflow/example_dags/example_task_group.py for tasks to queue
[2026-08-14T09:34:53.905+0000] {logging_mixin.py:188} INFO - [2026-08-14T09:34:53.905+0000] {dagbag.py:538} INFO - Filling up the DagBag from /home/airflow/.local/lib/python3.8/site-packages/airflow/example_dags/example_task_group.py
[2026-08-14T09:34:53.913+0000] {processor.py:840} INFO - DAG(s) 'example_task_group' retrieved from /home/airflow/.local/lib/python3.8/site-packages/airflow/example_dags/example_task_group.py
[2026-08-14T09:34:53.939+0000] {logging_mixin.py:188} INFO - [2026-08-14T09:34:53.938+0000] {dag.py:3036} INFO - Sync 1 DAGs
[2026-08-14T09:34:53.970+0000] {logging_mixin.py:188} INFO - [2026-08-14T09:34:53.970+0000] {dag.py:3823} INFO - Setting next_dagrun for example_task_group to 2026-08-13 00:00:00+00:00, run_after=2026-08-14 00:00:00+00:00
[2026-08-14T09:34:53.991+0000] {processor.py:183} INFO - Processing /home/airflow/.local/lib/python3.8/site-packages/airflow/example_dags/example_task_group.py took 0.095 seconds
[2026-08-14T09:35:24.171+0000] {processor.py:161} INFO - Started process (PID=914) to work on /home/airflow/.local/lib/python3.8/site-packages/airflow/example_dags/example_task_group.py
[2026-08-14T09:35:24.173+0000] {processor.py:830} INFO - Processing file /home/airflow/.local/lib/python3.8/site-packages/airflow/example_dags/example_task_group.py for tasks to queue
[2026-08-14T09:35:24.176+0000] {logging_mixin.py:188} INFO - [2026-08-14T09:35:24.175+0000] {dagbag.py:538} INFO - Filling up the DagBag from /home/airflow/.local/lib/python3.8/site-packages/airflow/example_dags/example_task_group.py
[2026-08-14T09:35:24.184+0000] {processor.py:840} INFO - DAG(s) 'example_task_group' retrieved from /home/airflow/.local/lib/python3.8/site-packages/airflow/example_dags/example_task_group.py
[2026-08-14T09:35:24.206+0000] {logging_mixin.py:188} INFO - [2026-08-14T09:35:24.206+0000] {dag.py:3036} INFO - Sync 1 DAGs
[2026-08-14T09:35:24.227+0000] {logging_mixin.py:188} INFO - [2026-08-14T09:35:24.227+0000] {dag.py:3823} INFO - Setting next_dagrun for example_task_group to 2026-08-13 00:00:00+00:00, run_after=2026-08-14 00:00:00+00:00
[2026-08-14T09:35:24.245+0000] {processor.py:183} INFO - Processing /home/airflow/.local/lib/python3.8/site-packages/airflow/example_dags/example_task_group.py took 0.078 seconds
[2026-08-14T09:35:54.468+0000] {processor.py:161} INFO - Started process (PID=999) to work on /home/airflow/.local/lib/python3.8/site-packages/airflow/example_dags/example_task_group.py
[2026-08-14T09:35:54.470+0000] {processor.py:830} INFO - Processing file /home/airflow/.local/lib/python3.8/site-packages/airflow/example_dags/example_task_group.py for tasks to queue
[2026-08-14T09:35:54.472+0000] {logging_mixin.py:188} INFO - [2026-08-14T09:35:54.472+0000] {dagbag.py:538} INFO - Filling up the DagBag from /home/airflow/.local/lib/python3.8/site-packages/airflow/example_dags/example_task_group.py
[2026-08-14T09:35:54.479+0000] {processor.py:840} INFO - DAG(s) 'example_task_group' retrieved from /home/airflow/.local/lib/python3.8/site-packages/airflow/example_dags/example_task_group.py
[2026-08-14T09:35:54.503+0000] {logging_mixin.py:188} INFO - [2026-08-14T09:35:54.503+0000] {dag.py:3036} INFO - Sync 1 DAGs
[2026-08-14T09:35:54.525+0000] {logging_mixin.py:188} INFO - [2026-08-14T09:35:54.525+0000] {dag.py:3823} INFO - Setting next_dagrun for example_task_group to 2026-08-13 00:00:00+00:00, run_after=2026-08-14 00:00:00+00:00
[2026-08-14T09:35:54.544+0000] {processor.py:183} INFO - Processing /home/airflow/.local/lib/python3.8/site-packages/airflow/example_dags/example_task_group.py took 0.081 seconds
[2026-08-14T09:36:25.389+0000] {processor.py:161} INFO - Started process (PID=1084) to work on /home/airflow/.local/lib/python3.8/site-packages/airflow/example_dags/example_task_group.py
[2026-08-14T09:36:25.390+0000] {processor.py:830} INFO - Processing file /home/airflow/.local/lib/python3.8/site-packages/airflow/example_dags/example_task_group.py for tasks to queue
[2026-08-14T09:36:25.393+0000] {logging_mixin.py:188} INFO - [2026-08-14T09:36:25.393+0000] {dagbag.py:538} INFO - Filling up the DagBag from /home/airflow/.local/lib/python3.8/site-packages/airflow/example_dags/example_task_group.py
[2026-08-14T09:36:25.402+0000] {processor.py:840} INFO - DAG(s) 'example_task_group' retrieved from /home/airflow/.local/lib/python3.8/site-packages/airflow/example_dags/example_task_group.py
[2026-08-14T09:36:25.428+0000] {logging_mixin.py:188} INFO - [2026-08-14T09:36:25.428+0000] {dag.py:3036} INFO - Sync 1 DAGs
[2026-08-14T09:36:25.452+0000] {logging_mixin.py:188} INFO - [2026-08-14T09:36:25.452+0000] {dag.py:3823} INFO - Setting next_dagrun for example_task_group to 2026-08-13 00:00:00+00:00, run_after=2026-08-14 00:00:00+00:00
[2026-08-14T09:36:25.478+0000] {processor.py:183} INFO - Processing /home/airflow/.local/lib/python3.8/site-packages/airflow/example_dags/example_task_group.py took 0.094 seconds
[2026-08-14T09:36:56.152+0000] {processor.py:161} INFO - Started process (PID=1159) to work on /home/airflow/.local/lib/python3.8/site-packages/airflow/example_dags/example_task_group.py
[2026-08-14T09:36:56.154+0000] {processor.py:830} INFO - Processing file /home/airflow/.local/lib/python3.8/site-packages/airflow/example_dags/example_task_group.py for tasks to queue
[2026-08-14T09:36:56.157+0000] {logging_mixin.py:188} INFO - [2026-08-14T09:36:56.156+0000] {dagbag.py:538} INFO - Filling up the DagBag from /home/airflow/.local/lib/python3.8/site-packages/airflow/example_dags/example_task_group.py
[2026-08-14T09:36:56.166+0000] {processor.py:840} INFO - DAG(s) 'example_task_group' retrieved from /home/airflow/.local/lib/python3.8/site-packages/airflow/example_dags/example_task_group.py
[2026-08-14T09:36:56.193+0000] {logging_mixin.py:188} INFO - [2026-08-14T09:36:56.193+0000] {dag.py:3036} INFO - Sync 1 DAGs
[2026-08-14T09:36:56.218+0000] {logging_mixin.py:188} INFO - [2026-08-14T09:36:56.218+0000] {dag.py:3823} INFO - Setting next_dagrun for example_task_group to 2026-08-13 00:00:00+00:00, run_after=2026-08-14 00:00:00+00:00
[2026-08-14T09:36:56.243+0000] {processor.py:183} INFO - Processing /home/airflow/.local/lib/python3.8/site-packages/airflow/example_dags/example_task_group.py took 0.094 seconds
[2026-08-14T09:37:27.083+0000] {processor.py:161} INFO - Started process (PID=1234) to work on /home/airflow/.local/lib/python3.8/site-packages/airflow/example_dags/example_task_group.py
[2026-08-14T09:37:27.085+0000] {processor.py:830} INFO - Processing file /home/airflow/.local/lib/python3.8/site-packages/airflow/example_dags/example_task_group.py for tasks to queue
[2026-08-14T09:37:27.087+0000] {logging_mixin.py:188} INFO - [2026-08-14T09:37:27.086+0000] {dagbag.py:538} INFO - Filling up the DagBag from /home/airflow/.local/lib/python3.8/site-packages/airflow/example_dags/example_task_group.py
[2026-08-14T09:37:27.096+0000] {processor.py:840} INFO - DAG(s) 'example_task_group' retrieved from /home/airflow/.local/lib/python3.8/site-packages/airflow/example_dags/example_task_group.py
[2026-08-14T09:37:27.121+0000] {logging_mixin.py:188} INFO - [2026-08-14T09:37:27.121+0000] {dag.py:3036} INFO - Sync 1 DAGs
[2026-08-14T09:37:27.146+0000] {logging_mixin.py:188} INFO - [2026-08-14T09:37:27.146+0000] {dag.py:3823} INFO - Setting next_dagrun for example_task_group to 2026-08-13 00:00:00+00:00, run_after=2026-08-14 00:00:00+00:00
[2026-08-14T09:37:27.168+0000] {processor.py:183} INFO - Processing /home/airflow/.local/lib/python3.8/site-packages/airflow/example_dags/example_task_group.py took 0.088 seconds
[2026-08-14T09:37:57.302+0000] {processor.py:161} INFO - Started process (PID=1309) to work on /home/airflow/.local/lib/python3.8/site-packages/airflow/example_dags/example_task_group.py
[2026-08-14T09:37:57.304+0000] {processor.py:830} INFO - Processing file /home/airflow/.local/lib/python3.8/site-packages/airflow/example_dags/example_task_group.py for tasks to queue
[2026-08-14T09:37:57.306+0000] {logging_mixin.py:188} INFO - [2026-08-14T09:37:57.305+0000] {dagbag.py:538} INFO - Filling up the DagBag from /home/airflow/.local/lib/python3.8/site-packages/airflow/example_dags/example_task_group.py
[2026-08-14T09:37:57.313+0000] {processor.py:840} INFO - DAG(s) 'example_task_group' retrieved from /home/airflow/.local/lib/python3.8/site-packages/airflow/example_dags/example_task_group.py
[2026-08-14T09:37:57.336+0000] {logging_mixin.py:188} INFO - [2026-08-14T09:37:57.335+0000] {dag.py:3036} INFO - Sync 1 DAGs
[2026-08-14T09:37:57.362+0000] {logging_mixin.py:188} INFO - [2026-08-14T09:37:57.361+0000] {dag.py:3823} INFO - Setting next_dagrun for example_task_group to 2026-08-13 00:00:00+00:00, run_after=2026-08-14 00:00:00+00:00
[2026-08-14T09:37:57.381+0000] {processor.py:183} INFO - Processing /home/airflow/.local/lib/python3.8/site-packages/airflow/example_dags/example_task_group.py took 0.082 seconds
[2026-08-14T09:38:27.483+0000] {processor.py:161} INFO - Started process (PID=1385) to work on /home/airflow/.local/lib/python3.8/site-packages/airflow/example_dags/example_task_group.py
[2026-08-14T09:38:27.484+0000] {processor.py:830} INFO - Processing file /home/airflow/.local/lib/python3.8/site-packages/airflow/example_dags/example_task_group.py for tasks to queue
[2026-08-14T09:38:27.487+0000] {logging_mixin.py:188} INFO - [2026-08-14T09:38:27.486+0000] {dagbag.py:538} INFO - Filling up the DagBag from /home/airflow/.local/lib/python3.8/site-packages/airflow/example_dags/example_task_group.py
[2026-08-14T09:38:27.495+0000] {processor.py:840} INFO - DAG(s) 'example_task_group' retrieved from /home/airflow/.local/lib/python3.8/site-packages/airflow/example_dags/example_task_group.py
[2026-08-14T09:38:27.522+0000] {logging_mixin.py:188} INFO - [2026-08-14T09:38:27.522+0000] {dag.py:3036} INFO - Sync 1 DAGs
[2026-08-14T09:38:27.544+0000] {logging_mixin.py:188} INFO - [2026-08-14T09:38:27.544+0000] {dag.py:3823} INFO - Setting next_dagrun for example_task_group to 2026-08-13 00:00:00+00:00, run_after=2026-08-14 00:00:00+00:00
[2026-08-14T09:38:27.563+0000] {processor.py:183} INFO - Processing /home/airflow/.local/lib/python3.8/site-packages/airflow/example_dags/example_task_group.py took 0.084 seconds
[2026-08-14T09:38:57.735+0000] {processor.py:161} INFO - Started process (PID=1460) to work on /home/airflow/.local/lib/python3.8/site-packages/airflow/example_dags/example_task_group.py
[2026-08-14T09:38:57.736+0000] {processor.py:830} INFO - Processing file /home/airflow/.local/lib/python3.8/site-packages/airflow/example_dags/example_task_group.py for tasks to queue
[2026-08-14T09:38:57.738+0000] {logging_mixin.py:188} INFO - [2026-08-14T09:38:57.738+0000] {dagbag.py:538} INFO - Filling up the DagBag from /home/airflow/.local/lib/python3.8/site-packages/airflow/example_dags/example_task_group.py
[2026-08-14T09:38:57.745+0000] {processor.py:840} INFO - DAG(s) 'example_task_group' retrieved from /home/airflow/.local/lib/python3.8/site-packages/airflow/example_dags/example_task_group.py
[2026-08-14T09:38:57.767+0000] {logging_mixin.py:188} INFO - [2026-08-14T09:38:57.767+0000] {dag.py:3036} INFO - Sync 1 DAGs
[2026-08-14T09:38:57.790+0000] {logging_mixin.py:188} INFO - [2026-08-14T09:38:57.790+0000] {dag.py:3823} INFO - Setting next_dagrun for example_task_group to 2026-08-13 00:00:00+00:00, run_after=2026-08-14 00:00:00+00:00
[2026-08-14T09:38:57.808+0000] {processor.py:183} INFO - Processing /home/airflow/.local/lib/python3.8/site-packages/airflow/example_dags/example_task_group.py took 0.077 seconds
[2026-08-14T09:39:28.138+0000] {processor.py:161} INFO - Started process (PID=1535) to work on /home/airflow/.local/lib/python3.8/site-packages/airflow/example_dags/example_task_group.py
[2026-08-14T09:39:28.139+0000] {processor.py:830} INFO - Processing file /home/airflow/.local/lib/python3.8/site-packages/airflow/example_dags/example_task_group.py for tasks to queue
[2026-08-14T09:39:28.141+0000] {logging_mixin.py:188} INFO - [2026-08-14T09:39:28.141+0000] {dagbag.py:538} INFO - Filling up the DagBag from /home/airflow/.local/lib/python3.8/site-packages/airflow/example_dags/example_task_group.py
[2026-08-14T09:39:28.148+0000] {processor.py:840} INFO - DAG(s) 'example_task_group' retrieved from /home/airflow/.local/lib/python3.8/site-packages/airflow/example_dags/example_task_group.py
[2026-08-14T09:39:28.171+0000] {logging_mixin.py:188} INFO - [2026-08-14T09:39:28.171+0000] {dag.py:3036} INFO - Sync 1 DAGs
[2026-08-14T09:39:28.192+0000] {logging_mixin.py:188} INFO - [2026-08-14T09:39:28.192+0000] {dag.py:3823} INFO - Setting next_dagrun for example_task_group to 2026-08-13 00:00:00+00:00, run_after=2026-08-14 00:00:00+00:00
[2026-08-14T09:39:28.212+0000] {processor.py:183} INFO - Processing /home/airflow/.local/lib/python3.8/site-packages/airflow/example_dags/example_task_group.py took 0.078 seconds
[2026-08-14T09:39:59.040+0000] {processor.py:161} INFO - Started process (PID=1610) to work on /home/airflow/.local/lib/python3.8/site-packages/airflow/example_dags/example_task_group.py
[2026-08-14T09:39:59.041+0000] {processor.py:830} INFO - Processing file /home/airflow/.local/lib/python3.8/site-packages/airflow/example_dags/example_task_group.py for tasks to queue
[2026-08-14T09:39:59.043+0000] {logging_mixin.py:188} INFO - [2026-08-14T09:39:59.043+0000] {dagbag.py:538} INFO - Filling up the DagBag from /home/airflow/.local/lib/python3.8/site-packages/airflow/example_dags/example_task_group.py
[2026-08-14T09:39:59.050+0000] {processor.py:840} INFO - DAG(s) 'example_task_group' retrieved from /home/airflow/.local/lib/python3.8/site-packages/airflow/example_dags/example_task_group.py
[2026-08-14T09:39:59.072+0000] {logging_mixin.py:188} INFO - [2026-08-14T09:39:59.072+0000] {dag.py:3036} INFO - Sync 1 DAGs
[2026-08-14T09:39:59.092+0000] {logging_mixin.py:188} INFO - [2026-08-14T09:39:59.092+0000] {dag.py:3823} INFO - Setting next_dagrun for example_task_group to 2026-08-13 00:00:00+00:00, run_after=2026-08-14 00:00:00+00:00
[2026-08-14T09:39:59.110+0000] {processor.py:183} INFO - Processing /home/airflow/.local/lib/python3.8/site-packages/airflow/example_dags/example_task_group.py took 0.074 seconds
[2026-08-14T09:40:29.293+0000] {processor.py:161} INFO - Started process (PID=1685) to work on /home/airflow/.local/lib/python3.8/site-packages/airflow/example_dags/example_task_group.py
[2026-08-14T09:40:29.295+0000] {processor.py:830} INFO - Processing file /home/airflow/.local/lib/python3.8/site-packages/airflow/example_dags/example_task_group.py for tasks to queue
[2026-08-14T09:40:29.301+0000] {logging_mixin.py:188} INFO - [2026-08-14T09:40:29.300+0000] {dagbag.py:538} INFO - Filling up the DagBag from /home/airflow/.local/lib/python3.8/site-packages/airflow/example_dags/example_task_group.py
[2026-08-14T09:40:29.319+0000] {processor.py:840} INFO - DAG(s) 'example_task_group' retrieved from /home/airflow/.local/lib/python3.8/site-packages/airflow/example_dags/example_task_group.py
[2026-08-14T09:40:29.348+0000] {logging_mixin.py:188} INFO - [2026-08-14T09:40:29.348+0000] {dag.py:3036} INFO - Sync 1 DAGs
[2026-08-14T09:40:29.373+0000] {logging_mixin.py:188} INFO - [2026-08-14T09:40:29.373+0000] {dag.py:3823} INFO - Setting next_dagrun for example_task_group to 2026-08-13 00:00:00+00:00, run_after=2026-08-14 00:00:00+00:00
[2026-08-14T09:40:29.393+0000] {processor.py:183} INFO - Processing /home/airflow/.local/lib/python3.8/site-packages/airflow/example_dags/example_task_group.py took 0.104 seconds
[2026-08-14T09:40:59.723+0000] {processor.py:161} INFO - Started process (PID=1760) to work on /home/airflow/.local/lib/python3.8/site-packages/airflow/example_dags/example_task_group.py
[2026-08-14T09:40:59.724+0000] {processor.py:830} INFO - Processing file /home/airflow/.local/lib/python3.8/site-packages/airflow/example_dags/example_task_group.py for tasks to queue
[2026-08-14T09:40:59.726+0000] {logging_mixin.py:188} INFO - [2026-08-14T09:40:59.726+0000] {dagbag.py:538} INFO - Filling up the DagBag from /home/airflow/.local/lib/python3.8/site-packages/airflow/example_dags/example_task_group.py
[2026-08-14T09:40:59.733+0000] {processor.py:840} INFO - DAG(s) 'example_task_group' retrieved from /home/airflow/.local/lib/python3.8/site-packages/airflow/example_dags/example_task_group.py
[2026-08-14T09:40:59.754+0000] {logging_mixin.py:188} INFO - [2026-08-14T09:40:59.754+0000] {dag.py:3036} INFO - Sync 1 DAGs
[2026-08-14T09:40:59.775+0000] {logging_mixin.py:188} INFO - [2026-08-14T09:40:59.775+0000] {dag.py:3823} INFO - Setting next_dagrun for example_task_group to 2026-08-13 00:00:00+00:00, run_after=2026-08-14 00:00:00+00:00
[2026-08-14T09:40:59.796+0000] {processor.py:183} INFO - Processing /home/airflow/.local/lib/python3.8/site-packages/airflow/example_dags/example_task_group.py took 0.076 seconds
[2026-08-14T09:41:30.142+0000] {processor.py:161} INFO - Started process (PID=1835) to work on /home/airflow/.local/lib/python3.8/site-packages/airflow/example_dags/example_task_group.py
[2026-08-14T09:41:30.143+0000] {processor.py:830} INFO - Processing file /home/airflow/.local/lib/python3.8/site-packages/airflow/example_dags/example_task_group.py for tasks to queue
[2026-08-14T09:41:30.145+0000] {logging_mixin.py:188} INFO - [2026-08-14T09:41:30.145+0000] {dagbag.py:538} INFO - Filling up the DagBag from /home/airflow/.local/lib/python3.8/site-packages/airflow/example_dags/example_task_group.py
[2026-08-14T09:41:30.152+0000] {processor.py:840} INFO - DAG(s) 'example_task_group' retrieved from /home/airflow/.local/lib/python3.8/site-packages/airflow/example_dags/example_task_group.py
[2026-08-14T09:41:30.173+0000] {logging_mixin.py:188} INFO - [2026-08-14T09:41:30.173+0000] {dag.py:3036} INFO - Sync 1 DAGs
[2026-08-14T09:41:30.193+0000] {logging_mixin.py:188} INFO - [2026-08-14T09:41:30.193+0000] {dag.py:3823} INFO - Setting next_dagrun for example_task_group to 2026-08-13 00:00:00+00:00, run_after=2026-08-14 00:00:00+00:00
[2026-08-14T09:41:30.211+0000] {processor.py:183} INFO - Processing /home/airflow/.local/lib/python3.8/site-packages/airflow/example_dags/example_task_group.py took 0.073 seconds
[2026-08-14T09:42:00.666+0000] {processor.py:161} INFO - Started process (PID=1910) to work on /home/airflow/.local/lib/python3.8/site-packages/airflow/example_dags/example_task_group.py
[2026-08-14T09:42:00.667+0000] {processor.py:830} INFO - Processing file /home/airflow/.local/lib/python3.8/site-packages/airflow/example_dags/example_task_group.py for tasks to queue
[2026-08-14T09:42:00.670+0000] {logging_mixin.py:188} INFO - [2026-08-14T09:42:00.669+0000] {dagbag.py:538} INFO - Filling up the DagBag from /home/airflow/.local/lib/python3.8/site-packages/airflow/example_dags/example_task_group.py
[2026-08-14T09:42:00.677+0000] {processor.py:840} INFO - DAG(s) 'example_task_group' retrieved from /home/airflow/.local/lib/python3.8/site-packages/airflow/example_dags/example_task_group.py
[2026-08-14T09:42:00.700+0000] {logging_mixin.py:188} INFO - [2026-08-14T09:42:00.700+0000] {dag.py:3036} INFO - Sync 1 DAGs
[2026-08-14T09:42:00.719+0000] {logging_mixin.py:188} INFO - [2026-08-14T09:42:00.719+0000] {dag.py:3823} INFO - Setting next_dagrun for example_task_group to 2026-08-13 00:00:00+00:00, run_after=2026-08-14 00:00:00+00:00
[2026-08-14T09:42:00.736+0000] {processor.py:183} INFO - Processing /home/airflow/.local/lib/python3.8/site-packages/airflow/example_dags/example_task_group.py took 0.074 seconds
[2026-08-14T09:42:33.210+0000] {processor.py:161} INFO - Started process (PID=1986) to work on /home/airflow/.local/lib/python3.8/site-packages/airflow/example_dags/example_task_group.py
[2026-08-14T09:42:33.211+0000] {processor.py:830} INFO - Processing file /home/airflow/.local/lib/python3.8/site-packages/airflow/example_dags/example_task_group.py for tasks to queue
[2026-08-14T09:42:33.213+0000] {logging_mixin.py:188} INFO - [2026-08-14T09:42:33.213+0000] {dagbag.py:538} INFO - Filling up the DagBag from /home/airflow/.local/lib/python3.8/site-packages/airflow/example_dags/example_task_group.py
[2026-08-14T09:42:33.221+0000] {processor.py:840} INFO - DAG(s) 'example_task_group' retrieved from /home/airflow/.local/lib/python3.8/site-packages/airflow/example_dags/example_task_group.py
[2026-08-14T09:42:33.243+0000] {logging_mixin.py:188} INFO - [2026-08-14T09:42:33.242+0000] {dag.py:3036} INFO - Sync 1 DAGs
[2026-08-14T09:42:33.396+0000] {logging_mixin.py:188} INFO - [2026-08-14T09:42:33.396+0000] {dag.py:3823} INFO - Setting next_dagrun for example_task_group to 2026-08-13 00:00:00+00:00, run_after=2026-08-14 00:00:00+00:00
[2026-08-14T09:42:33.412+0000] {processor.py:183} INFO - Processing /home/airflow/.local/lib/python3.8/site-packages/airflow/example_dags/example_task_group.py took 0.207 seconds
[2026-08-14T09:43:05.153+0000] {processor.py:161} INFO - Started process (PID=2061) to work on /home/airflow/.local/lib/python3.8/site-packages/airflow/example_dags/example_task_group.py
[2026-08-14T09:43:05.155+0000] {processor.py:830} INFO - Processing file /home/airflow/.local/lib/python3.8/site-packages/airflow/example_dags/example_task_group.py for tasks to queue
[2026-08-14T09:43:05.157+0000] {logging_mixin.py:188} INFO - [2026-08-14T09:43:05.157+0000] {dagbag.py:538} INFO - Filling up the DagBag from /home/airflow/.local/lib/python3.8/site-packages/airflow/example_dags/example_task_group.py
[2026-08-14T09:43:05.167+0000] {processor.py:840} INFO - DAG(s) 'example_task_group' retrieved from /home/airflow/.local/lib/python3.8/site-packages/airflow/example_dags/example_task_group.py
[2026-08-14T09:43:05.189+0000] {logging_mixin.py:188} INFO - [2026-08-14T09:43:05.189+0000] {dag.py:3036} INFO - Sync 1 DAGs
[2026-08-14T09:43:05.209+0000] {logging_mixin.py:188} INFO - [2026-08-14T09:43:05.209+0000] {dag.py:3823} INFO - Setting next_dagrun for example_task_group to 2026-08-13 00:00:00+00:00, run_after=2026-08-14 00:00:00+00:00
[2026-08-14T09:43:05.234+0000] {processor.py:183} INFO - Processing /home/airflow/.local/lib/python3.8/site-packages/airflow/example_dags/example_task_group.py took 0.084 seconds
[2026-08-14T09:43:35.393+0000] {processor.py:161} INFO - Started process (PID=2136) to work on /home/airflow/.local/lib/python3.8/site-packages/airflow/example_dags/example_task_group.py
[2026-08-14T09:43:35.394+0000] {processor.py:830} INFO - Processing file /home/airflow/.local/lib/python3.8/site-packages/airflow/example_dags/example_task_group.py for tasks to queue
[2026-08-14T09:43:35.396+0000] {logging_mixin.py:188} INFO - [2026-08-14T09:43:35.396+0000] {dagbag.py:538} INFO - Filling up the DagBag from /home/airflow/.local/lib/python3.8/site-packages/airflow/example_dags/example_task_group.py
[2026-08-14T09:43:35.404+0000] {processor.py:840} INFO - DAG(s) 'example_task_group' retrieved from /home/airflow/.local/lib/python3.8/site-packages/airflow/example_dags/example_task_group.py
[2026-08-14T09:43:35.426+0000] {logging_mixin.py:188} INFO - [2026-08-14T09:43:35.426+0000] {dag.py:3036} INFO - Sync 1 DAGs
[2026-08-14T09:43:35.453+0000] {logging_mixin.py:188} INFO - [2026-08-14T09:43:35.452+0000] {dag.py:3823} INFO - Setting next_dagrun for example_task_group to 2026-08-13 00:00:00+00:00, run_after=2026-08-14 00:00:00+00:00
[2026-08-14T09:43:35.479+0000] {processor.py:183} INFO - Processing /home/airflow/.local/lib/python3.8/site-packages/airflow/example_dags/example_task_group.py took 0.090 seconds
[2026-08-14T09:44:06.662+0000] {processor.py:161} INFO - Started process (PID=2211) to work on /home/airflow/.local/lib/python3.8/site-packages/airflow/example_dags/example_task_group.py
[2026-08-14T09:44:06.663+0000] {processor.py:830} INFO - Processing file /home/airflow/.local/lib/python3.8/site-packages/airflow/example_dags/example_task_group.py for tasks to queue
[2026-08-14T09:44:06.665+0000] {logging_mixin.py:188} INFO - [2026-08-14T09:44:06.665+0000] {dagbag.py:538} INFO - Filling up the DagBag from /home/airflow/.local/lib/python3.8/site-packages/airflow/example_dags/example_task_group.py
[2026-08-14T09:44:06.673+0000] {processor.py:840} INFO - DAG(s) 'example_task_group' retrieved from /home/airflow/.local/lib/python3.8/site-packages/airflow/example_dags/example_task_group.py
[2026-08-14T09:44:06.697+0000] {logging_mixin.py:188} INFO - [2026-08-14T09:44:06.697+0000] {dag.py:3036} INFO - Sync 1 DAGs
[2026-08-14T09:44:06.718+0000] {logging_mixin.py:188} INFO - [2026-08-14T09:44:06.718+0000] {dag.py:3823} INFO - Setting next_dagrun for example_task_group to 2026-08-13 00:00:00+00:00, run_after=2026-08-14 00:00:00+00:00
[2026-08-14T09:44:06.743+0000] {processor.py:183} INFO - Processing /home/airflow/.local/lib/python3.8/site-packages/airflow/example_dags/example_task_group.py took 0.084 seconds
[2026-08-14T09:44:36.795+0000] {processor.py:161} INFO - Started process (PID=2286) to work on /home/airflow/.local/lib/python3.8/site-packages/airflow/example_dags/example_task_group.py
[2026-08-14T09:44:36.796+0000] {processor.py:830} INFO - Processing file /home/airflow/.local/lib/python3.8/site-packages/airflow/example_dags/example_task_group.py for tasks to queue
[2026-08-14T09:44:36.798+0000] {logging_mixin.py:188} INFO - [2026-08-14T09:44:36.798+0000] {dagbag.py:538} INFO - Filling up the DagBag from /home/airflow/.local/lib/python3.8/site-packages/airflow/example_dags/example_task_group.py
[2026-08-14T09:44:36.805+0000] {processor.py:840} INFO - DAG(s) 'example_task_group' retrieved from /home/airflow/.local/lib/python3.8/site-packages/airflow/example_dags/example_task_group.py
[2026-08-14T09:44:36.827+0000] {logging_mixin.py:188} INFO - [2026-08-14T09:44:36.827+0000] {dag.py:3036} INFO - Sync 1 DAGs
[2026-08-14T09:44:36.849+0000] {logging_mixin.py:188} INFO - [2026-08-14T09:44:36.849+0000] {dag.py:3823} INFO - Setting next_dagrun for example_task_group to 2026-08-13 00:00:00+00:00, run_after=2026-08-14 00:00:00+00:00
[2026-08-14T09:44:36.869+0000] {processor.py:183} INFO - Processing /home/airflow/.local/lib/python3.8/site-packages/airflow/example_dags/example_task_group.py took 0.077 seconds
[2026-08-14T09:45:07.480+0000] {processor.py:161} INFO - Started process (PID=2361) to work on /home/airflow/.local/lib/python3.8/site-packages/airflow/example_dags/example_task_group.py
[2026-08-14T09:45:07.482+0000] {processor.py:830} INFO - Processing file /home/airflow/.local/lib/python3.8/site-packages/airflow/example_dags/example_task_group.py for tasks to queue
[2026-08-14T09:45:07.484+0000] {logging_mixin.py:188} INFO - [2026-08-14T09:45:07.483+0000] {dagbag.py:538} INFO - Filling up the DagBag from /home/airflow/.local/lib/python3.8/site-packages/airflow/example_dags/example_task_group.py
[2026-08-14T09:45:07.492+0000] {processor.py:840} INFO - DAG(s) 'example_task_group' retrieved from /home/airflow/.local/lib/python3.8/site-packages/airflow/example_dags/example_task_group.py
[2026-08-14T09:45:07.520+0000] {logging_mixin.py:188} INFO - [2026-08-14T09:45:07.520+0000] {dag.py:3036} INFO - Sync 1 DAGs
[2026-08-14T09:45:07.546+0000] {logging_mixin.py:188} INFO - [2026-08-14T09:45:07.546+0000] {dag.py:3823} INFO - Setting next_dagrun for example_task_group to 2026-08-13 00:00:00+00:00, run_after=2026-08-14 00:00:00+00:00
[2026-08-14T09:45:07.566+0000] {processor.py:183} INFO - Processing /home/airflow/.local/lib/python3.8/site-packages/airflow/example_dags/example_task_group.py took 0.089 seconds
[2026-08-14T09:45:38.213+0000] {processor.py:161} INFO - Started process (PID=2444) to work on /home/airflow/.local/lib/python3.8/site-packages/airflow/example_dags/example_task_group.py
[2026-08-14T09:45:38.214+0000] {processor.py:830} INFO - Processing file /home/airflow/.local/lib/python3.8/site-packages/airflow/example_dags/example_task_group.py for tasks to queue
[2026-08-14T09:45:38.216+0000] {logging_mixin.py:188} INFO - [2026-08-14T09:45:38.216+0000] {dagbag.py:538} INFO - Filling up the DagBag from /home/airflow/.local/lib/python3.8/site-packages/airflow/example_dags/example_task_group.py
[2026-08-14T09:45:38.224+0000] {processor.py:840} INFO - DAG(s) 'example_task_group' retrieved from /home/airflow/.local/lib/python3.8/site-packages/airflow/example_dags/example_task_group.py
[2026-08-14T09:45:38.249+0000] {logging_mixin.py:188} INFO - [2026-08-14T09:45:38.249+0000] {dag.py:3036} INFO - Sync 1 DAGs
[2026-08-14T09:45:38.272+0000] {logging_mixin.py:188} INFO - [2026-08-14T09:45:38.272+0000] {dag.py:3823} INFO - Setting next_dagrun for example_task_group to 2026-08-13 00:00:00+00:00, run_after=2026-08-14 00:00:00+00:00
[2026-08-14T09:45:38.294+0000] {processor.py:183} INFO - Processing /home/airflow/.local/lib/python3.8/site-packages/airflow/example_dags/example_task_group.py took 0.085 seconds
[2026-08-14T09:46:08.925+0000] {processor.py:161} INFO - Started process (PID=2533) to work on /home/airflow/.local/lib/python3.8/site-packages/airflow/example_dags/example_task_group.py
[2026-08-14T09:46:08.926+0000] {processor.py:830} INFO - Processing file /home/airflow/.local/lib/python3.8/site-packages/airflow/example_dags/example_task_group.py for tasks to queue
[2026-08-14T09:46:08.932+0000] {logging_mixin.py:188} INFO - [2026-08-14T09:46:08.931+0000] {dagbag.py:538} INFO - Filling up the DagBag from /home/airflow/.local/lib/python3.8/site-packages/airflow/example_dags/example_task_group.py
[2026-08-14T09:46:08.941+0000] {processor.py:840} INFO - DAG(s) 'example_task_group' retrieved from /home/airflow/.local/lib/python3.8/site-packages/airflow/example_dags/example_task_group.py
[2026-08-14T09:46:08.969+0000] {logging_mixin.py:188} INFO - [2026-08-14T09:46:08.968+0000] {dag.py:3036} INFO - Sync 1 DAGs
[2026-08-14T09:46:09.003+0000] {logging_mixin.py:188} INFO - [2026-08-14T09:46:09.003+0000] {dag.py:3823} INFO - Setting next_dagrun for example_task_group to 2026-08-13 00:00:00+00:00, run_after=2026-08-14 00:00:00+00:00
[2026-08-14T09:46:09.029+0000] {processor.py:183} INFO - Processing /home/airflow/.local/lib/python3.8/site-packages/airflow/example_dags/example_task_group.py took 0.109 seconds
[2026-08-14T09:46:39.971+0000] {processor.py:161} INFO - Started process (PID=2612) to work on /home/airflow/.local/lib/python3.8/site-packages/airflow/example_dags/example_task_group.py
[2026-08-14T09:46:39.973+0000] {processor.py:830} INFO - Processing file /home/airflow/.local/lib/python3.8/site-packages/airflow/example_dags/example_task_group.py for tasks to queue
[2026-08-14T09:46:39.976+0000] {logging_mixin.py:188} INFO - [2026-08-14T09:46:39.975+0000] {dagbag.py:538} INFO - Filling up the DagBag from /home/airflow/.local/lib/python3.8/site-packages/airflow/example_dags/example_task_group.py
[2026-08-14T09:46:39.984+0000] {processor.py:840} INFO - DAG(s) 'example_task_group' retrieved from /home/airflow/.local/lib/python3.8/site-packages/airflow/example_dags/example_task_group.py
[2026-08-14T09:46:40.010+0000] {logging_mixin.py:188} INFO - [2026-08-14T09:46:40.009+0000] {dag.py:3036} INFO - Sync 1 DAGs
[2026-08-14T09:46:40.044+0000] {logging_mixin.py:188} INFO - [2026-08-14T09:46:40.044+0000] {dag.py:3823} INFO - Setting next_dagrun for example_task_group to 2026-08-13 00:00:00+00:00, run_after=2026-08-14 00:00:00+00:00
[2026-08-14T09:46:40.071+0000] {processor.py:183} INFO - Processing /home/airflow/.local/lib/python3.8/site-packages/airflow/example_dags/example_task_group.py took 0.103 seconds
[2026-08-14T09:47:10.271+0000] {processor.py:161} INFO - Started process (PID=2691) to work on /home/airflow/.local/lib/python3.8/site-packages/airflow/example_dags/example_task_group.py
[2026-08-14T09:47:10.273+0000] {processor.py:830} INFO - Processing file /home/airflow/.local/lib/python3.8/site-packages/airflow/example_dags/example_task_group.py for tasks to queue
[2026-08-14T09:47:10.276+0000] {logging_mixin.py:188} INFO - [2026-08-14T09:47:10.276+0000] {dagbag.py:538} INFO - Filling up the DagBag from /home/airflow/.local/lib/python3.8/site-packages/airflow/example_dags/example_task_group.py
[2026-08-14T09:47:10.288+0000] {processor.py:840} INFO - DAG(s) 'example_task_group' retrieved from /home/airflow/.local/lib/python3.8/site-packages/airflow/example_dags/example_task_group.py
[2026-08-14T09:47:10.318+0000] {logging_mixin.py:188} INFO - [2026-08-14T09:47:10.318+0000] {dag.py:3036} INFO - Sync 1 DAGs
[2026-08-14T09:47:10.344+0000] {logging_mixin.py:188} INFO - [2026-08-14T09:47:10.344+0000] {dag.py:3823} INFO - Setting next_dagrun for example_task_group to 2026-08-13 00:00:00+00:00, run_after=2026-08-14 00:00:00+00:00
[2026-08-14T09:47:10.372+0000] {processor.py:183} INFO - Processing /home/airflow/.local/lib/python3.8/site-packages/airflow/example_dags/example_task_group.py took 0.107 seconds
[2026-08-14T09:47:40.602+0000] {processor.py:161} INFO - Started process (PID=2770) to work on /home/airflow/.local/lib/python3.8/site-packages/airflow/example_dags/example_task_group.py
[2026-08-14T09:47:40.605+0000] {processor.py:830} INFO - Processing file /home/airflow/.local/lib/python3.8/site-packages/airflow/example_dags/example_task_group.py for tasks to queue
[2026-08-14T09:47:40.607+0000] {logging_mixin.py:188} INFO - [2026-08-14T09:47:40.607+0000] {dagbag.py:538} INFO - Filling up the DagBag from /home/airflow/.local/lib/python3.8/site-packages/airflow/example_dags/example_task_group.py
[2026-08-14T09:47:40.615+0000] {processor.py:840} INFO - DAG(s) 'example_task_group' retrieved from /home/airflow/.local/lib/python3.8/site-packages/airflow/example_dags/example_task_group.py
[2026-08-14T09:47:40.642+0000] {logging_mixin.py:188} INFO - [2026-08-14T09:47:40.642+0000] {dag.py:3036} INFO - Sync 1 DAGs
[2026-08-14T09:47:40.669+0000] {logging_mixin.py:188} INFO - [2026-08-14T09:47:40.669+0000] {dag.py:3823} INFO - Setting next_dagrun for example_task_group to 2026-08-13 00:00:00+00:00, run_after=2026-08-14 00:00:00+00:00
[2026-08-14T09:47:40.698+0000] {processor.py:183} INFO - Processing /home/airflow/.local/lib/python3.8/site-packages/airflow/example_dags/example_task_group.py took 0.100 seconds
[2026-08-14T09:48:11.416+0000] {processor.py:161} INFO - Started process (PID=2845) to work on /home/airflow/.local/lib/python3.8/site-packages/airflow/example_dags/example_task_group.py
[2026-08-14T09:48:11.417+0000] {processor.py:830} INFO - Processing file /home/airflow/.local/lib/python3.8/site-packages/airflow/example_dags/example_task_group.py for tasks to queue
[2026-08-14T09:48:11.419+0000] {logging_mixin.py:188} INFO - [2026-08-14T09:48:11.419+0000] {dagbag.py:538} INFO - Filling up the DagBag from /home/airflow/.local/lib/python3.8/site-packages/airflow/example_dags/example_task_group.py
[2026-08-14T09:48:11.426+0000] {processor.py:840} INFO - DAG(s) 'example_task_group' retrieved from /home/airflow/.local/lib/python3.8/site-packages/airflow/example_dags/example_task_group.py
[2026-08-14T09:48:11.447+0000] {logging_mixin.py:188} INFO - [2026-08-14T09:48:11.447+0000] {dag.py:3036} INFO - Sync 1 DAGs
[2026-08-14T09:48:11.467+0000] {logging_mixin.py:188} INFO - [2026-08-14T09:48:11.467+0000] {dag.py:3823} INFO - Setting next_dagrun for example_task_group to 2026-08-13 00:00:00+00:00, run_after=2026-08-14 00:00:00+00:00
[2026-08-14T09:48:11.488+0000] {processor.py:183} INFO - Processing /home/airflow/.local/lib/python3.8/site-packages/airflow/example_dags/example_task_group.py took 0.076 seconds
[2026-08-14T09:48:41.995+0000] {processor.py:161} INFO - Started process (PID=2920) to work on /home/airflow/.local/lib/python3.8/site-packages/airflow/example_dags/example_task_group.py
[2026-08-14T09:48:41.997+0000] {processor.py:830} INFO - Processing file /home/airflow/.local/lib/python3.8/site-packages/airflow/example_dags/example_task_group.py for tasks to queue
[2026-08-14T09:48:42.001+0000] {logging_mixin.py:188} INFO - [2026-08-14T09:48:42.001+0000] {dagbag.py:538} INFO - Filling up the DagBag from /home/airflow/.local/lib/python3.8/site-packages/airflow/example_dags/example_task_group.py
[2026-08-14T09:48:42.013+0000] {processor.py:840} INFO - DAG(s) 'example_task_group' retrieved from /home/airflow/.local/lib/python3.8/site-packages/airflow/example_dags/example_task_group.py
[2026-08-14T09:48:42.036+0000] {logging_mixin.py:188} INFO - [2026-08-14T09:48:42.035+0000] {dag.py:3036} INFO - Sync 1 DAGs
[2026-08-14T09:48:42.055+0000] {logging_mixin.py:188} INFO - [2026-08-14T09:48:42.055+0000] {dag.py:3823} INFO - Setting next_dagrun for example_task_group to 2026-08-13 00:00:00+00:00, run_after=2026-08-14 00:00:00+00:00
[2026-08-14T09:48:42.073+0000] {processor.py:183} INFO - Processing /home/airflow/.local/lib/python3.8/site-packages/airflow/example_dags/example_task_group.py took 0.083 seconds
[2026-08-14T09:49:12.248+0000] {processor.py:161} INFO - Started process (PID=2995) to work on /home/airflow/.local/lib/python3.8/site-packages/airflow/example_dags/example_task_group.py
[2026-08-14T09:49:12.249+0000] {processor.py:830} INFO - Processing file /home/airflow/.local/lib/python3.8/site-packages/airflow/example_dags/example_task_group.py for tasks to queue
[2026-08-14T09:49:12.252+0000] {logging_mixin.py:188} INFO - [2026-08-14T09:49:12.251+0000] {dagbag.py:538} INFO - Filling up the DagBag from /home/airflow/.local/lib/python3.8/site-packages/airflow/example_dags/example_task_group.py
[2026-08-14T09:49:12.263+0000] {processor.py:840} INFO - DAG(s) 'example_task_group' retrieved from /home/airflow/.local/lib/python3.8/site-packages/airflow/example_dags/example_task_group.py
[2026-08-14T09:49:12.288+0000] {logging_mixin.py:188} INFO - [2026-08-14T09:49:12.288+0000] {dag.py:3036} INFO - Sync 1 DAGs
[2026-08-14T09:49:12.318+0000] {logging_mixin.py:188} INFO - [2026-08-14T09:49:12.318+0000] {dag.py:3823} INFO - Setting next_dagrun for example_task_group to 2026-08-13 00:00:00+00:00, run_after=2026-08-14 00:00:00+00:00
[2026-08-14T09:49:12.348+0000] {processor.py:183} INFO - Processing /home/airflow/.local/lib/python3.8/site-packages/airflow/example_dags/example_task_group.py took 0.104 seconds
[2026-08-14T09:49:44.630+0000] {processor.py:161} INFO - Started process (PID=3081) to work on /home/airflow/.local/lib/python3.8/site-packages/airflow/example_dags/example_task_group.py
[2026-08-14T09:49:44.632+0000] {processor.py:830} INFO - Processing file /home/airflow/.local/lib/python3.8/site-packages/airflow/example_dags/example_task_group.py for tasks to queue
[2026-08-14T09:49:44.636+0000] {logging_mixin.py:188} INFO - [2026-08-14T09:49:44.635+0000] {dagbag.py:538} INFO - Filling up the DagBag from /home/airflow/.local/lib/python3.8/site-packages/airflow/example_dags/example_task_group.py
[2026-08-14T09:49:44.648+0000] {processor.py:840} INFO - DAG(s) 'example_task_group' retrieved from /home/airflow/.local/lib/python3.8/site-packages/airflow/example_dags/example_task_group.py
[2026-08-14T09:49:44.676+0000] {logging_mixin.py:188} INFO - [2026-08-14T09:49:44.675+0000] {dag.py:3036} INFO - Sync 1 DAGs
[2026-08-14T09:49:44.702+0000] {logging_mixin.py:188} INFO - [2026-08-14T09:49:44.702+0000] {dag.py:3823} INFO - Setting next_dagrun for example_task_group to 2026-08-13 00:00:00+00:00, run_after=2026-08-14 00:00:00+00:00
[2026-08-14T09:49:44.724+0000] {processor.py:183} INFO - Processing /home/airflow/.local/lib/python3.8/site-packages/airflow/example_dags/example_task_group.py took 0.100 seconds
[2026-08-14T09:50:15.464+0000] {processor.py:161} INFO - Started process (PID=3156) to work on /home/airflow/.local/lib/python3.8/site-packages/airflow/example_dags/example_task_group.py
[2026-08-14T09:50:15.467+0000] {processor.py:830} INFO - Processing file /home/airflow/.local/lib/python3.8/site-packages/airflow/example_dags/example_task_group.py for tasks to queue
[2026-08-14T09:50:15.474+0000] {logging_mixin.py:188} INFO - [2026-08-14T09:50:15.473+0000] {dagbag.py:538} INFO - Filling up the DagBag from /home/airflow/.local/lib/python3.8/site-packages/airflow/example_dags/example_task_group.py
[2026-08-14T09:50:15.491+0000] {processor.py:840} INFO - DAG(s) 'example_task_group' retrieved from /home/airflow/.local/lib/python3.8/site-packages/airflow/example_dags/example_task_group.py
[2026-08-14T09:50:15.536+0000] {logging_mixin.py:188} INFO - [2026-08-14T09:50:15.536+0000] {dag.py:3036} INFO - Sync 1 DAGs
[2026-08-14T09:50:15.572+0000] {logging_mixin.py:188} INFO - [2026-08-14T09:50:15.572+0000] {dag.py:3823} INFO - Setting next_dagrun for example_task_group to 2026-08-13 00:00:00+00:00, run_after=2026-08-14 00:00:00+00:00
[2026-08-14T09:50:15.601+0000] {processor.py:183} INFO - Processing /home/airflow/.local/lib/python3.8/site-packages/airflow/example_dags/example_task_group.py took 0.144 seconds
[2026-08-14T09:50:45.679+0000] {processor.py:161} INFO - Started process (PID=3231) to work on /home/airflow/.local/lib/python3.8/site-packages/airflow/example_dags/example_task_group.py
[2026-08-14T09:50:45.680+0000] {processor.py:830} INFO - Processing file /home/airflow/.local/lib/python3.8/site-packages/airflow/example_dags/example_task_group.py for tasks to queue
[2026-08-14T09:50:45.682+0000] {logging_mixin.py:188} INFO - [2026-08-14T09:50:45.682+0000] {dagbag.py:538} INFO - Filling up the DagBag from /home/airflow/.local/lib/python3.8/site-packages/airflow/example_dags/example_task_group.py
[2026-08-14T09:50:45.690+0000] {processor.py:840} INFO - DAG(s) 'example_task_group' retrieved from /home/airflow/.local/lib/python3.8/site-packages/airflow/example_dags/example_task_group.py
[2026-08-14T09:50:45.711+0000] {logging_mixin.py:188} INFO - [2026-08-14T09:50:45.711+0000] {dag.py:3036} INFO - Sync 1 DAGs
[2026-08-14T09:50:45.732+0000] {logging_mixin.py:188} INFO - [2026-08-14T09:50:45.731+0000] {dag.py:3823} INFO - Setting next_dagrun for example_task_group to 2026-08-13 00:00:00+00:00, run_after=2026-08-14 00:00:00+00:00
[2026-08-14T09:50:45.751+0000] {processor.py:183} INFO - Processing /home/airflow/.local/lib/python3.8/site-packages/airflow/example_dags/example_task_group.py took 0.076 seconds
[2026-08-14T09:51:15.983+0000] {processor.py:161} INFO - Started process (PID=3306) to work on /home/airflow/.local/lib/python3.8/site-packages/airflow/example_dags/example_task_group.py
[2026-08-14T09:51:15.984+0000] {processor.py:830} INFO - Processing file /home/airflow/.local/lib/python3.8/site-packages/airflow/example_dags/example_task_group.py for tasks to queue
[2026-08-14T09:51:15.987+0000] {logging_mixin.py:188} INFO - [2026-08-14T09:51:15.986+0000] {dagbag.py:538} INFO - Filling up the DagBag from /home/airflow/.local/lib/python3.8/site-packages/airflow/example_dags/example_task_group.py
[2026-08-14T09:51:15.994+0000] {processor.py:840} INFO - DAG(s) 'example_task_group' retrieved from /home/airflow/.local/lib/python3.8/site-packages/airflow/example_dags/example_task_group.py
[2026-08-14T09:51:16.018+0000] {logging_mixin.py:188} INFO - [2026-08-14T09:51:16.017+0000] {dag.py:3036} INFO - Sync 1 DAGs
[2026-08-14T09:51:16.039+0000] {logging_mixin.py:188} INFO - [2026-08-14T09:51:16.039+0000] {dag.py:3823} INFO - Setting next_dagrun for example_task_group to 2026-08-13 00:00:00+00:00, run_after=2026-08-14 00:00:00+00:00
[2026-08-14T09:51:16.058+0000] {processor.py:183} INFO - Processing /home/airflow/.local/lib/python3.8/site-packages/airflow/example_dags/example_task_group.py took 0.080 seconds
[2026-08-14T09:51:47.400+0000] {processor.py:161} INFO - Started process (PID=3381) to work on /home/airflow/.local/lib/python3.8/site-packages/airflow/example_dags/example_task_group.py
[2026-08-14T09:51:47.401+0000] {processor.py:830} INFO - Processing file /home/airflow/.local/lib/python3.8/site-packages/airflow/example_dags/example_task_group.py for tasks to queue
[2026-08-14T09:51:47.404+0000] {logging_mixin.py:188} INFO - [2026-08-14T09:51:47.403+0000] {dagbag.py:538} INFO - Filling up the DagBag from /home/airflow/.local/lib/python3.8/site-packages/airflow/example_dags/example_task_group.py
[2026-08-14T09:51:47.412+0000] {processor.py:840} INFO - DAG(s) 'example_task_group' retrieved from /home/airflow/.local/lib/python3.8/site-packages/airflow/example_dags/example_task_group.py
[2026-08-14T09:51:47.438+0000] {logging_mixin.py:188} INFO - [2026-08-14T09:51:47.438+0000] {dag.py:3036} INFO - Sync 1 DAGs
[2026-08-14T09:51:47.465+0000] {logging_mixin.py:188} INFO - [2026-08-14T09:51:47.465+0000] {dag.py:3823} INFO - Setting next_dagrun for example_task_group to 2026-08-13 00:00:00+00:00, run_after=2026-08-14 00:00:00+00:00
[2026-08-14T09:51:47.484+0000] {processor.py:183} INFO - Processing /home/airflow/.local/lib/python3.8/site-packages/airflow/example_dags/example_task_group.py took 0.087 seconds
[2026-08-14T09:52:18.057+0000] {processor.py:161} INFO - Started process (PID=3456) to work on /home/airflow/.local/lib/python3.8/site-packages/airflow/example_dags/example_task_group.py
[2026-08-14T09:52:18.058+0000] {processor.py:830} INFO - Processing file /home/airflow/.local/lib/python3.8/site-packages/airflow/example_dags/example_task_group.py for tasks to queue
[2026-08-14T09:52:18.061+0000] {logging_mixin.py:188} INFO - [2026-08-14T09:52:18.061+0000] {dagbag.py:538} INFO - Filling up the DagBag from /home/airflow/.local/lib/python3.8/site-packages/airflow/example_dags/example_task_group.py
[2026-08-14T09:52:18.068+0000] {processor.py:840} INFO - DAG(s) 'example_task_group' retrieved from /home/airflow/.local/lib/python3.8/site-packages/airflow/example_dags/example_task_group.py
[2026-08-14T09:52:18.088+0000] {logging_mixin.py:188} INFO - [2026-08-14T09:52:18.088+0000] {dag.py:3036} INFO - Sync 1 DAGs
[2026-08-14T09:52:18.108+0000] {logging_mixin.py:188} INFO - [2026-08-14T09:52:18.108+0000] {dag.py:3823} INFO - Setting next_dagrun for example_task_group to 2026-08-13 00:00:00+00:00, run_after=2026-08-14 00:00:00+00:00
[2026-08-14T09:52:18.128+0000] {processor.py:183} INFO - Processing /home/airflow/.local/lib/python3.8/site-packages/airflow/example_dags/example_task_group.py took 0.074 seconds
[2026-08-14T09:52:48.465+0000] {processor.py:161} INFO - Started process (PID=3531) to work on /home/airflow/.local/lib/python3.8/site-packages/airflow/example_dags/example_task_group.py
[2026-08-14T09:52:48.467+0000] {processor.py:830} INFO - Processing file /home/airflow/.local/lib/python3.8/site-packages/airflow/example_dags/example_task_group.py for tasks to queue
[2026-08-14T09:52:48.469+0000] {logging_mixin.py:188} INFO - [2026-08-14T09:52:48.469+0000] {dagbag.py:538} INFO - Filling up the DagBag from /home/airflow/.local/lib/python3.8/site-packages/airflow/example_dags/example_task_group.py
[2026-08-14T09:52:48.479+0000] {processor.py:840} INFO - DAG(s) 'example_task_group' retrieved from /home/airflow/.local/lib/python3.8/site-packages/airflow/example_dags/example_task_group.py
[2026-08-14T09:52:48.502+0000] {logging_mixin.py:188} INFO - [2026-08-14T09:52:48.502+0000] {dag.py:3036} INFO - Sync 1 DAGs
[2026-08-14T09:52:48.524+0000] {logging_mixin.py:188} INFO - [2026-08-14T09:52:48.524+0000] {dag.py:3823} INFO - Setting next_dagrun for example_task_group to 2026-08-13 00:00:00+00:00, run_after=2026-08-14 00:00:00+00:00
[2026-08-14T09:52:48.543+0000] {processor.py:183} INFO - Processing /home/airflow/.local/lib/python3.8/site-packages/airflow/example_dags/example_task_group.py took 0.083 seconds
[2026-08-14T09:53:19.571+0000] {processor.py:161} INFO - Started process (PID=3606) to work on /home/airflow/.local/lib/python3.8/site-packages/airflow/example_dags/example_task_group.py
[2026-08-14T09:53:19.573+0000] {processor.py:830} INFO - Processing file /home/airflow/.local/lib/python3.8/site-packages/airflow/example_dags/example_task_group.py for tasks to queue
[2026-08-14T09:53:19.575+0000] {logging_mixin.py:188} INFO - [2026-08-14T09:53:19.575+0000] {dagbag.py:538} INFO - Filling up the DagBag from /home/airflow/.local/lib/python3.8/site-packages/airflow/example_dags/example_task_group.py
[2026-08-14T09:53:19.582+0000] {processor.py:840} INFO - DAG(s) 'example_task_group' retrieved from /home/airflow/.local/lib/python3.8/site-packages/airflow/example_dags/example_task_group.py
[2026-08-14T09:53:19.605+0000] {logging_mixin.py:188} INFO - [2026-08-14T09:53:19.605+0000] {dag.py:3036} INFO - Sync 1 DAGs
[2026-08-14T09:53:19.628+0000] {logging_mixin.py:188} INFO - [2026-08-14T09:53:19.628+0000] {dag.py:3823} INFO - Setting next_dagrun for example_task_group to 2026-08-13 00:00:00+00:00, run_after=2026-08-14 00:00:00+00:00
[2026-08-14T09:53:19.649+0000] {processor.py:183} INFO - Processing /home/airflow/.local/lib/python3.8/site-packages/airflow/example_dags/example_task_group.py took 0.081 seconds
