[2026-08-14T09:30:13.046+0000] {processor.py:161} INFO - Started process (PID=133) to work on /home/airflow/.local/lib/python3.8/site-packages/airflow/example_dags/example_branch_python_dop_operator_3.py
[2026-08-14T09:30:13.049+0000] {processor.py:830} INFO - Processing file /home/airflow/.local/lib/python3.8/site-packages/airflow/example_dags/example_branch_python_dop_operator_3.py for tasks to queue
[2026-08-14T09:30:13.060+0000] {logging_mixin.py:188} INFO - [2026-08-14T09:30:13.059+0000] {dagbag.py:538} INFO - Filling up the DagBag from /home/airflow/.local/lib/python3.8/site-packages/airflow/example_dags/example_branch_python_dop_operator_3.py
[2026-08-14T09:30:13.107+0000] {processor.py:840} INFO - DAG(s) 'example_branch_dop_operator_v3' retrieved from /home/airflow/.local/lib/python3.8/site-packages/airflow/example_dags/example_branch_python_dop_operator_3.py
[2026-08-14T09:30:13.494+0000] {logging_mixin.py:188} INFO - [2026-08-14T09:30:13.493+0000] {dag.py:3036} INFO - Sync 1 DAGs
[2026-08-14T09:30:13.594+0000] {logging_mixin.py:188} INFO - [2026-08-14T09:30:13.593+0000] {dag.py:3823} INFO - Setting next_dagrun for example_branch_dop_operator_v3 to 2026-08-14 09:29:00+00:00, run_after=2026-08-14 09:30:00+00:00
[2026-08-14T09:30:13.667+0000] {processor.py:183} INFO - Processing /home/airflow/.local/lib/python3.8/site-packages/airflow/example_dags/example_branch_python_dop_operator_3.py took 0.638 seconds
[2026-08-14T09:30:44.330+0000] {processor.py:161} INFO - Started process (PID=219) to work on /home/airflow/.local/lib/python3.8/site-packages/airflow/example_dags/example_branch_python_dop_operator_3.py
[2026-08-14T09:30:44.339+0000] {processor.py:830} INFO - Processing file /home/airflow/.local/lib/python3.8/site-packages/airflow/example_dags/example_branch_python_dop_operator_3.py for tasks to queue
[2026-08-14T09:30:44.344+0000] {logging_mixin.py:188} INFO - [2026-08-14T09:30:44.343+0000] {dagbag.py:538} INFO - Filling up the DagBag from /home/airflow/.local/lib/python3.8/site-packages/airflow/example_dags/example_branch_python_dop_operator_3.py
[2026-08-14T09:30:44.361+0000] {processor.py:840} INFO - DAG(s) 'example_branch_dop_operator_v3' retrieved from /home/airflow/.local/lib/python3.8/site-packages/airflow/example_dags/example_branch_python_dop_operator_3.py
[2026-08-14T09:30:44.384+0000] {logging_mixin.py:188} INFO - [2026-08-14T09:30:44.384+0000] {dag.py:3036} INFO - Sync 1 DAGs
[2026-08-14T09:30:44.436+0000] {logging_mixin.py:188} INFO - [2026-08-14T09:30:44.436+0000] {dag.py:3823} INFO - Setting next_dagrun for example_branch_dop_operator_v3 to 2026-08-14 09:29:00+00:00, run_after=2026-08-14 09:30:00+00:00
[2026-08-14T09:30:44.469+0000] {processor.py:183} INFO - Processing /home/airflow/.local/lib/python3.8/site-packages/airflow/example_dags/example_branch_python_dop_operator_3.py took 0.145 seconds
[2026-08-14T09:31:15.355+0000] {processor.py:161} INFO - Started process (PID=292) to work on /home/airflow/.local/lib/python3.8/site-packages/airflow/example_dags/example_branch_python_dop_operator_3.py
[2026-08-14T09:31:15.356+0000] {processor.py:830} INFO - Processing file /home/airflow/.local/lib/python3.8/site-packages/airflow/example_dags/example_branch_python_dop_operator_3.py for tasks to queue
[2026-08-14T09:31:15.358+0000] {logging_mixin.py:188} INFO - [2026-08-14T09:31:15.358+0000] {dagbag.py:538} INFO - Filling up the DagBag from /home/airflow/.local/lib/python3.8/site-packages/airflow/example_dags/example_branch_python_dop_operator_3.py
[2026-08-14T09:31:15.368+0000] {processor.py:840} INFO - DAG(s) 'example_branch_dop_operator_v3' retrieved from /home/airflow/.local/lib/python3.8/site-packages/airflow/example_dags/example_branch_python_dop_operator_3.py
[2026-08-14T09:31:15.382+0000] {logging_mixin.py:188} INFO - [2026-08-14T09:31:15.381+0000] {dag.py:3036} INFO - Sync 1 DAGs
[2026-08-14T09:31:15.411+0000] {logging_mixin.py:188} INFO - [2026-08-14T09:31:15.411+0000] {dag.py:3823} INFO - Setting next_dagrun for example_branch_dop_operator_v3 to 2026-08-14 09:30:00+00:00, run_after=2026-08-14 09:31:00+00:00
[2026-08-14T09:31:15.522+0000] {processor.py:183} INFO - Processing /home/airflow/.local/lib/python3.8/site-packages/airflow/example_dags/example_branch_python_dop_operator_3.py took 0.171 seconds
[2026-08-14T09:31:45.639+0000] {processor.py:161} INFO - Started process (PID=365) to work on /home/airflow/.local/lib/python3.8/site-packages/airflow/example_dags/example_branch_python_dop_operator_3.py
[2026-08-14T09:31:45.641+0000] {processor.py:830} INFO - Processing file /home/airflow/.local/lib/python3.8/site-packages/airflow/example_dags/example_branch_python_dop_operator_3.py for tasks to queue
[2026-08-14T09:31:45.642+0000] {logging_mixin.py:188} INFO - [2026-08-14T09:31:45.642+0000] {dagbag.py:538} INFO - Filling up the DagBag from /home/airflow/.local/lib/python3.8/site-packages/airflow/example_dags/example_branch_python_dop_operator_3.py
[2026-08-14T09:31:45.651+0000] {processor.py:840} INFO - DAG(s) 'example_branch_dop_operator_v3' retrieved from /home/airflow/.local/lib/python3.8/site-packages/airflow/example_dags/example_branch_python_dop_operator_3.py
[2026-08-14T09:31:45.737+0000] {logging_mixin.py:188} INFO - [2026-08-14T09:31:45.737+0000] {dag.py:3036} INFO - Sync 1 DAGs
[2026-08-14T09:31:45.758+0000] {logging_mixin.py:188} INFO - [2026-08-14T09:31:45.758+0000] {dag.py:3823} INFO - Setting next_dagrun for example_branch_dop_operator_v3 to 2026-08-14 09:30:00+00:00, run_after=2026-08-14 09:31:00+00:00
[2026-08-14T09:31:45.812+0000] {processor.py:183} INFO - Processing /home/airflow/.local/lib/python3.8/site-packages/airflow/example_dags/example_branch_python_dop_operator_3.py took 0.176 seconds
[2026-08-14T09:32:15.876+0000] {processor.py:161} INFO - Started process (PID=445) to work on /home/airflow/.local/lib/python3.8/site-packages/airflow/example_dags/example_branch_python_dop_operator_3.py
[2026-08-14T09:32:15.878+0000] {processor.py:830} INFO - Processing file /home/airflow/.local/lib/python3.8/site-packages/airflow/example_dags/example_branch_python_dop_operator_3.py for tasks to queue
[2026-08-14T09:32:15.880+0000] {logging_mixin.py:188} INFO - [2026-08-14T09:32:15.880+0000] {dagbag.py:538} INFO - Filling up the DagBag from /home/airflow/.local/lib/python3.8/site-packages/airflow/example_dags/example_branch_python_dop_operator_3.py
[2026-08-14T09:32:15.892+0000] {processor.py:840} INFO - DAG(s) 'example_branch_dop_operator_v3' retrieved from /home/airflow/.local/lib/python3.8/site-packages/airflow/example_dags/example_branch_python_dop_operator_3.py
[2026-08-14T09:32:15.915+0000] {logging_mixin.py:188} INFO - [2026-08-14T09:32:15.914+0000] {dag.py:3036} INFO - Sync 1 DAGs
[2026-08-14T09:32:15.938+0000] {logging_mixin.py:188} INFO - [2026-08-14T09:32:15.938+0000] {dag.py:3823} INFO - Setting next_dagrun for example_branch_dop_operator_v3 to 2026-08-14 09:31:00+00:00, run_after=2026-08-14 09:32:00+00:00
[2026-08-14T09:32:16.018+0000] {processor.py:183} INFO - Processing /home/airflow/.local/lib/python3.8/site-packages/airflow/example_dags/example_branch_python_dop_operator_3.py took 0.146 seconds
[2026-08-14T09:32:46.452+0000] {processor.py:161} INFO - Started process (PID=519) to work on /home/airflow/.local/lib/python3.8/site-packages/airflow/example_dags/example_branch_python_dop_operator_3.py
[2026-08-14T09:32:46.453+0000] {processor.py:830} INFO - Processing file /home/airflow/.local/lib/python3.8/site-packages/airflow/example_dags/example_branch_python_dop_operator_3.py for tasks to queue
[2026-08-14T09:32:46.455+0000] {logging_mixin.py:188} INFO - [2026-08-14T09:32:46.455+0000] {dagbag.py:538} INFO - Filling up the DagBag from /home/airflow/.local/lib/python3.8/site-packages/airflow/example_dags/example_branch_python_dop_operator_3.py
[2026-08-14T09:32:46.465+0000] {processor.py:840} INFO - DAG(s) 'example_branch_dop_operator_v3' retrieved from /home/airflow/.local/lib/python3.8/site-packages/airflow/example_dags/example_branch_python_dop_operator_3.py
[2026-08-14T09:32:46.487+0000] {logging_mixin.py:188} INFO - [2026-08-14T09:32:46.486+0000] {dag.py:3036} INFO - Sync 1 DAGs
[2026-08-14T09:32:46.514+0000] {logging_mixin.py:188} INFO - [2026-08-14T09:32:46.514+0000] {dag.py:3823} INFO - Setting next_dagrun for example_branch_dop_operator_v3 to 2026-08-14 09:31:00+00:00, run_after=2026-08-14 09:32:00+00:00
[2026-08-14T09:32:46.571+0000] {processor.py:183} INFO - Processing /home/airflow/.local/lib/python3.8/site-packages/airflow/example_dags/example_branch_python_dop_operator_3.py took 0.123 seconds
[2026-08-14T09:33:16.707+0000] {processor.py:161} INFO - Started process (PID=592) to work on /home/airflow/.local/lib/python3.8/site-packages/airflow/example_dags/example_branch_python_dop_operator_3.py
[2026-08-14T09:33:16.708+0000] {processor.py:830} INFO - Processing file /home/airflow/.local/lib/python3.8/site-packages/airflow/example_dags/example_branch_python_dop_operator_3.py for tasks to queue
[2026-08-14T09:33:16.712+0000] {logging_mixin.py:188} INFO - [2026-08-14T09:33:16.711+0000] {dagbag.py:538} INFO - Filling up the DagBag from /home/airflow/.local/lib/python3.8/site-packages/airflow/example_dags/example_branch_python_dop_operator_3.py
[2026-08-14T09:33:16.721+0000] {processor.py:840} INFO - DAG(s) 'example_branch_dop_operator_v3' retrieved from /home/airflow/.local/lib/python3.8/site-packages/airflow/example_dags/example_branch_python_dop_operator_3.py
[2026-08-14T09:33:16.742+0000] {logging_mixin.py:188} INFO - [2026-08-14T09:33:16.741+0000] {dag.py:3036} INFO - Sync 1 DAGs
[2026-08-14T09:33:16.765+0000] {logging_mixin.py:188} INFO - [2026-08-14T09:33:16.765+0000] {dag.py:3823} INFO - Setting next_dagrun for example_branch_dop_operator_v3 to 2026-08-14 09:32:00+00:00, run_after=2026-08-14 09:33:00+00:00
[2026-08-14T09:33:16.796+0000] {processor.py:183} INFO - Processing /home/airflow/.local/lib/python3.8/site-packages/airflow/example_dags/example_branch_python_dop_operator_3.py took 0.095 seconds
[2026-08-14T09:33:46.947+0000] {processor.py:161} INFO - Started process (PID=665) to work on /home/airflow/.local/lib/python3.8/site-packages/airflow/example_dags/example_branch_python_dop_operator_3.py
[2026-08-14T09:33:46.949+0000] {processor.py:830} INFO - Processing file /home/airflow/.local/lib/python3.8/site-packages/airflow/example_dags/example_branch_python_dop_operator_3.py for tasks to queue
[2026-08-14T09:33:46.951+0000] {logging_mixin.py:188} INFO - [2026-08-14T09:33:46.951+0000] {dagbag.py:538} INFO - Filling up the DagBag from /home/airflow/.local/lib/python3.8/site-packages/airflow/example_dags/example_branch_python_dop_operator_3.py
[2026-08-14T09:33:46.961+0000] {processor.py:840} INFO - DAG(s) 'example_branch_dop_operator_v3' retrieved from /home/airflow/.local/lib/python3.8/site-packages/airflow/example_dags/example_branch_python_dop_operator_3.py
[2026-08-14T09:33:46.986+0000] {logging_mixin.py:188} INFO - [2026-08-14T09:33:46.985+0000] {dag.py:3036} INFO - Sync 1 DAGs
[2026-08-14T09:33:47.012+0000] {logging_mixin.py:188} INFO - [2026-08-14T09:33:47.012+0000] {dag.py:3823} INFO - Setting next_dagrun for example_branch_dop_operator_v3 to 2026-08-14 09:32:00+00:00, run_after=2026-08-14 09:33:00+00:00
[2026-08-14T09:33:47.037+0000] {processor.py:183} INFO - Processing /home/airflow/.local/lib/python3.8/site-packages/airflow/example_dags/example_branch_python_dop_operator_3.py took 0.094 seconds
[2026-08-14T09:34:17.392+0000] {processor.py:161} INFO - Started process (PID=738) to work on /home/airflow/.local/lib/python3.8/site-packages/airflow/example_dags/example_branch_python_dop_operator_3.py
[2026-08-14T09:34:17.393+0000] {processor.py:830} INFO - Processing file /home/airflow/.local/lib/python3.8/site-packages/airflow/example_dags/example_branch_python_dop_operator_3.py for tasks to queue
[2026-08-14T09:34:17.396+0000] {logging_mixin.py:188} INFO - [2026-08-14T09:34:17.395+0000] {dagbag.py:538} INFO - Filling up the DagBag from /home/airflow/.local/lib/python3.8/site-packages/airflow/example_dags/example_branch_python_dop_operator_3.py
[2026-08-14T09:34:17.410+0000] {processor.py:840} INFO - DAG(s) 'example_branch_dop_operator_v3' retrieved from /home/airflow/.local/lib/python3.8/site-packages/airflow/example_dags/example_branch_python_dop_operator_3.py
[2026-08-14T09:34:17.436+0000] {logging_mixin.py:188} INFO - [2026-08-14T09:34:17.435+0000] {dag.py:3036} INFO - Sync 1 DAGs
[2026-08-14T09:34:17.463+0000] {logging_mixin.py:188} INFO - [2026-08-14T09:34:17.463+0000] {dag.py:3823} INFO - Setting next_dagrun for example_branch_dop_operator_v3 to 2026-08-14 09:33:00+00:00, run_after=2026-08-14 09:34:00+00:00
[2026-08-14T09:34:17.487+0000] {processor.py:183} INFO - Processing /home/airflow/.local/lib/python3.8/site-packages/airflow/example_dags/example_branch_python_dop_operator_3.py took 0.099 seconds
[2026-08-14T09:34:47.651+0000] {processor.py:161} INFO - Started process (PID=811) to work on /home/airflow/.local/lib/python3.8/site-packages/airflow/example_dags/example_branch_python_dop_operator_3.py
[2026-08-14T09:34:47.652+0000] {processor.py:830} INFO - Processing file /home/airflow/.local/lib/python3.8/site-packages/airflow/example_dags/example_branch_python_dop_operator_3.py for tasks to queue
[2026-08-14T09:34:47.655+0000] {logging_mixin.py:188} INFO - [2026-08-14T09:34:47.654+0000] {dagbag.py:538} INFO - Filling up the DagBag from /home/airflow/.local/lib/python3.8/site-packages/airflow/example_dags/example_branch_python_dop_operator_3.py
[2026-08-14T09:34:47.665+0000] {processor.py:840} INFO - DAG(s) 'example_branch_dop_operator_v3' retrieved from /home/airflow/.local/lib/python3.8/site-packages/airflow/example_dags/example_branch_python_dop_operator_3.py
[2026-08-14T09:34:47.695+0000] {logging_mixin.py:188} INFO - [2026-08-14T09:34:47.695+0000] {dag.py:3036} INFO - Sync 1 DAGs
[2026-08-14T09:34:47.725+0000] {logging_mixin.py:188} INFO - [2026-08-14T09:34:47.725+0000] {dag.py:3823} INFO - Setting next_dagrun for example_branch_dop_operator_v3 to 2026-08-14 09:33:00+00:00, run_after=2026-08-14 09:34:00+00:00
[2026-08-14T09:34:47.750+0000] {processor.py:183} INFO - Processing /home/airflow/.local/lib/python3.8/site-packages/airflow/example_dags/example_branch_python_dop_operator_3.py took 0.104 seconds
[2026-08-14T09:35:18.449+0000] {processor.py:161} INFO - Started process (PID=897) to work on /home/airflow/.local/lib/python3.8/site-packages/airflow/example_dags/example_branch_python_dop_operator_3.py
[2026-08-14T09:35:18.451+0000] {processor.py:830} INFO - Processing file /home/airflow/.local/lib/python3.8/site-packages/airflow/example_dags/example_branch_python_dop_operator_3.py for tasks to queue
[2026-08-14T09:35:18.453+0000] {logging_mixin.py:188} INFO - [2026-08-14T09:35:18.453+0000] {dagbag.py:538} INFO - Filling up the DagBag from /home/airflow/.local/lib/python3.8/site-packages/airflow/example_dags/example_branch_python_dop_operator_3.py
[2026-08-14T09:35:18.464+0000] {processor.py:840} INFO - DAG(s) 'example_branch_dop_operator_v3' retrieved from /home/airflow/.local/lib/python3.8/site-packages/airflow/example_dags/example_branch_python_dop_operator_3.py
[2026-08-14T09:35:18.486+0000] {logging_mixin.py:188} INFO - [2026-08-14T09:35:18.486+0000] {dag.py:3036} INFO - Sync 1 DAGs
[2026-08-14T09:35:18.512+0000] {logging_mixin.py:188} INFO - [2026-08-14T09:35:18.512+0000] {dag.py:3823} INFO - Setting next_dagrun for example_branch_dop_operator_v3 to 2026-08-14 09:34:00+00:00, run_after=2026-08-14 09:35:00+00:00
[2026-08-14T09:35:18.533+0000] {processor.py:183} INFO - Processing /home/airflow/.local/lib/python3.8/site-packages/airflow/example_dags/example_branch_python_dop_operator_3.py took 0.088 seconds
[2026-08-14T09:35:48.752+0000] {processor.py:161} INFO - Started process (PID=982) to work on /home/airflow/.local/lib/python3.8/site-packages/airflow/example_dags/example_branch_python_dop_operator_3.py
[2026-08-14T09:35:48.754+0000] {processor.py:830} INFO - Processing file /home/airflow/.local/lib/python3.8/site-packages/airflow/example_dags/example_branch_python_dop_operator_3.py for tasks to queue
[2026-08-14T09:35:48.756+0000] {logging_mixin.py:188} INFO - [2026-08-14T09:35:48.756+0000] {dagbag.py:538} INFO - Filling up the DagBag from /home/airflow/.local/lib/python3.8/site-packages/airflow/example_dags/example_branch_python_dop_operator_3.py
[2026-08-14T09:35:48.772+0000] {processor.py:840} INFO - DAG(s) 'example_branch_dop_operator_v3' retrieved from /home/airflow/.local/lib/python3.8/site-packages/airflow/example_dags/example_branch_python_dop_operator_3.py
[2026-08-14T09:35:48.803+0000] {logging_mixin.py:188} INFO - [2026-08-14T09:35:48.802+0000] {dag.py:3036} INFO - Sync 1 DAGs
[2026-08-14T09:35:48.844+0000] {logging_mixin.py:188} INFO - [2026-08-14T09:35:48.843+0000] {dag.py:3823} INFO - Setting next_dagrun for example_branch_dop_operator_v3 to 2026-08-14 09:34:00+00:00, run_after=2026-08-14 09:35:00+00:00
[2026-08-14T09:35:48.873+0000] {processor.py:183} INFO - Processing /home/airflow/.local/lib/python3.8/site-packages/airflow/example_dags/example_branch_python_dop_operator_3.py took 0.126 seconds
[2026-08-14T09:36:19.462+0000] {processor.py:161} INFO - Started process (PID=1065) to work on /home/airflow/.local/lib/python3.8/site-packages/airflow/example_dags/example_branch_python_dop_operator_3.py
[2026-08-14T09:36:19.463+0000] {processor.py:830} INFO - Processing file /home/airflow/.local/lib/python3.8/site-packages/airflow/example_dags/example_branch_python_dop_operator_3.py for tasks to queue
[2026-08-14T09:36:19.466+0000] {logging_mixin.py:188} INFO - [2026-08-14T09:36:19.465+0000] {dagbag.py:538} INFO - Filling up the DagBag from /home/airflow/.local/lib/python3.8/site-packages/airflow/example_dags/example_branch_python_dop_operator_3.py
[2026-08-14T09:36:19.477+0000] {processor.py:840} INFO - DAG(s) 'example_branch_dop_operator_v3' retrieved from /home/airflow/.local/lib/python3.8/site-packages/airflow/example_dags/example_branch_python_dop_operator_3.py
[2026-08-14T09:36:19.503+0000] {logging_mixin.py:188} INFO - [2026-08-14T09:36:19.503+0000] {dag.py:3036} INFO - Sync 1 DAGs
[2026-08-14T09:36:19.536+0000] {logging_mixin.py:188} INFO - [2026-08-14T09:36:19.536+0000] {dag.py:3823} INFO - Setting next_dagrun for example_branch_dop_operator_v3 to 2026-08-14 09:35:00+00:00, run_after=2026-08-14 09:36:00+00:00
[2026-08-14T09:36:19.571+0000] {processor.py:183} INFO - Processing /home/airflow/.local/lib/python3.8/site-packages/airflow/example_dags/example_branch_python_dop_operator_3.py took 0.113 seconds
[2026-08-14T09:36:50.494+0000] {processor.py:161} INFO - Started process (PID=1140) to work on /home/airflow/.local/lib/python3.8/site-packages/airflow/example_dags/example_branch_python_dop_operator_3.py
[2026-08-14T09:36:50.496+0000] {processor.py:830} INFO - Processing file /home/airflow/.local/lib/python3.8/site-packages/airflow/example_dags/example_branch_python_dop_operator_3.py for tasks to queue
[2026-08-14T09:36:50.501+0000] {logging_mixin.py:188} INFO - [2026-08-14T09:36:50.500+0000] {dagbag.py:538} INFO - Filling up the DagBag from /home/airflow/.local/lib/python3.8/site-packages/airflow/example_dags/example_branch_python_dop_operator_3.py
[2026-08-14T09:36:50.515+0000] {processor.py:840} INFO - DAG(s) 'example_branch_dop_operator_v3' retrieved from /home/airflow/.local/lib/python3.8/site-packages/airflow/example_dags/example_branch_python_dop_operator_3.py
[2026-08-14T09:36:50.546+0000] {logging_mixin.py:188} INFO - [2026-08-14T09:36:50.546+0000] {dag.py:3036} INFO - Sync 1 DAGs
[2026-08-14T09:36:50.575+0000] {logging_mixin.py:188} INFO - [2026-08-14T09:36:50.573+0000] {dag.py:3823} INFO - Setting next_dagrun for example_branch_dop_operator_v3 to 2026-08-14 09:35:00+00:00, run_after=2026-08-14 09:36:00+00:00
[2026-08-14T09:36:50.617+0000] {processor.py:183} INFO - Processing /home/airflow/.local/lib/python3.8/site-packages/airflow/example_dags/example_branch_python_dop_operator_3.py took 0.129 seconds
[2026-08-14T09:37:21.522+0000] {processor.py:161} INFO - Started process (PID=1221) to work on /home/airflow/.local/lib/python3.8/site-packages/airflow/example_dags/example_branch_python_dop_operator_3.py
[2026-08-14T09:37:21.525+0000] {processor.py:830} INFO - Processing file /home/airflow/.local/lib/python3.8/site-packages/airflow/example_dags/example_branch_python_dop_operator_3.py for tasks to queue
[2026-08-14T09:37:21.530+0000] {logging_mixin.py:188} INFO - [2026-08-14T09:37:21.529+0000] {dagbag.py:538} INFO - Filling up the DagBag from /home/airflow/.local/lib/python3.8/site-packages/airflow/example_dags/example_branch_python_dop_operator_3.py
[2026-08-14T09:37:21.552+0000] {processor.py:840} INFO - DAG(s) 'example_branch_dop_operator_v3' retrieved from /home/airflow/.local/lib/python3.8/site-packages/airflow/example_dags/example_branch_python_dop_operator_3.py
[2026-08-14T09:37:21.604+0000] {logging_mixin.py:188} INFO - [2026-08-14T09:37:21.604+0000] {dag.py:3036} INFO - Sync 1 DAGs
[2026-08-14T09:37:21.683+0000] {logging_mixin.py:188} INFO - [2026-08-14T09:37:21.683+0000] {dag.py:3823} INFO - Setting next_dagrun for example_branch_dop_operator_v3 to 2026-08-14 09:36:00+00:00, run_after=2026-08-14 09:37:00+00:00
[2026-08-14T09:37:21.715+0000] {processor.py:183} INFO - Processing /home/airflow/.local/lib/python3.8/site-packages/airflow/example_dags/example_branch_python_dop_operator_3.py took 0.200 seconds
[2026-08-14T09:37:52.308+0000] {processor.py:161} INFO - Started process (PID=1296) to work on /home/airflow/.local/lib/python3.8/site-packages/airflow/example_dags/example_branch_python_dop_operator_3.py
[2026-08-14T09:37:52.310+0000] {processor.py:830} INFO - Processing file /home/airflow/.local/lib/python3.8/site-packages/airflow/example_dags/example_branch_python_dop_operator_3.py for tasks to queue
[2026-08-14T09:37:52.313+0000] {logging_mixin.py:188} INFO - [2026-08-14T09:37:52.313+0000] {dagbag.py:538} INFO - Filling up the DagBag from /home/airflow/.local/lib/python3.8/site-packages/airflow/example_dags/example_branch_python_dop_operator_3.py
[2026-08-14T09:37:52.323+0000] {processor.py:840} INFO - DAG(s) 'example_branch_dop_operator_v3' retrieved from /home/airflow/.local/lib/python3.8/site-packages/airflow/example_dags/example_branch_python_dop_operator_3.py
[2026-08-14T09:37:52.346+0000] {logging_mixin.py:188} INFO - [2026-08-14T09:37:52.346+0000] {dag.py:3036} INFO - Sync 1 DAGs
[2026-08-14T09:37:52.370+0000] {logging_mixin.py:188} INFO - [2026-08-14T09:37:52.370+0000] {dag.py:3823} INFO - Setting next_dagrun for example_branch_dop_operator_v3 to 2026-08-14 09:36:00+00:00, run_after=2026-08-14 09:37:00+00:00
[2026-08-14T09:37:52.390+0000] {processor.py:183} INFO - Processing /home/airflow/.local/lib/python3.8/site-packages/airflow/example_dags/example_branch_python_dop_operator_3.py took 0.088 seconds
[2026-08-14T09:38:22.576+0000] {processor.py:161} INFO - Started process (PID=1372) to work on /home/airflow/.local/lib/python3.8/site-packages/airflow/example_dags/example_branch_python_dop_operator_3.py
[2026-08-14T09:38:22.577+0000] {processor.py:830} INFO - Processing file /home/airflow/.local/lib/python3.8/site-packages/airflow/example_dags/example_branch_python_dop_operator_3.py for tasks to queue
[2026-08-14T09:38:22.579+0000] {logging_mixin.py:188} INFO - [2026-08-14T09:38:22.579+0000] {dagbag.py:538} INFO - Filling up the DagBag from /home/airflow/.local/lib/python3.8/site-packages/airflow/example_dags/example_branch_python_dop_operator_3.py
[2026-08-14T09:38:22.588+0000] {processor.py:840} INFO - DAG(s) 'example_branch_dop_operator_v3' retrieved from /home/airflow/.local/lib/python3.8/site-packages/airflow/example_dags/example_branch_python_dop_operator_3.py
[2026-08-14T09:38:22.612+0000] {logging_mixin.py:188} INFO - [2026-08-14T09:38:22.612+0000] {dag.py:3036} INFO - Sync 1 DAGs
[2026-08-14T09:38:22.637+0000] {logging_mixin.py:188} INFO - [2026-08-14T09:38:22.637+0000] {dag.py:3823} INFO - Setting next_dagrun for example_branch_dop_operator_v3 to 2026-08-14 09:37:00+00:00, run_after=2026-08-14 09:38:00+00:00
[2026-08-14T09:38:22.660+0000] {processor.py:183} INFO - Processing /home/airflow/.local/lib/python3.8/site-packages/airflow/example_dags/example_branch_python_dop_operator_3.py took 0.088 seconds
[2026-08-14T09:38:53.308+0000] {processor.py:161} INFO - Started process (PID=1447) to work on /home/airflow/.local/lib/python3.8/site-packages/airflow/example_dags/example_branch_python_dop_operator_3.py
[2026-08-14T09:38:53.309+0000] {processor.py:830} INFO - Processing file /home/airflow/.local/lib/python3.8/site-packages/airflow/example_dags/example_branch_python_dop_operator_3.py for tasks to queue
[2026-08-14T09:38:53.314+0000] {logging_mixin.py:188} INFO - [2026-08-14T09:38:53.312+0000] {dagbag.py:538} INFO - Filling up the DagBag from /home/airflow/.local/lib/python3.8/site-packages/airflow/example_dags/example_branch_python_dop_operator_3.py
[2026-08-14T09:38:53.327+0000] {processor.py:840} INFO - DAG(s) 'example_branch_dop_operator_v3' retrieved from /home/airflow/.local/lib/python3.8/site-packages/airflow/example_dags/example_branch_python_dop_operator_3.py
[2026-08-14T09:38:53.364+0000] {logging_mixin.py:188} INFO - [2026-08-14T09:38:53.363+0000] {dag.py:3036} INFO - Sync 1 DAGs
[2026-08-14T09:38:53.406+0000] {logging_mixin.py:188} INFO - [2026-08-14T09:38:53.405+0000] {dag.py:3823} INFO - Setting next_dagrun for example_branch_dop_operator_v3 to 2026-08-14 09:37:00+00:00, run_after=2026-08-14 09:38:00+00:00
[2026-08-14T09:38:53.597+0000] {processor.py:183} INFO - Processing /home/airflow/.local/lib/python3.8/site-packages/airflow/example_dags/example_branch_python_dop_operator_3.py took 0.294 seconds
[2026-08-14T09:39:24.047+0000] {processor.py:161} INFO - Started process (PID=1522) to work on /home/airflow/.local/lib/python3.8/site-packages/airflow/example_dags/example_branch_python_dop_operator_3.py
[2026-08-14T09:39:24.048+0000] {processor.py:830} INFO - Processing file /home/airflow/.local/lib/python3.8/site-packages/airflow/example_dags/example_branch_python_dop_operator_3.py for tasks to queue
[2026-08-14T09:39:24.051+0000] {logging_mixin.py:188} INFO - [2026-08-14T09:39:24.050+0000] {dagbag.py:538} INFO - Filling up the DagBag from /home/airflow/.local/lib/python3.8/site-packages/airflow/example_dags/example_branch_python_dop_operator_3.py
[2026-08-14T09:39:24.061+0000] {processor.py:840} INFO - DAG(s) 'example_branch_dop_operator_v3' retrieved from /home/airflow/.local/lib/python3.8/site-packages/airflow/example_dags/example_branch_python_dop_operator_3.py
[2026-08-14T09:39:24.088+0000] {logging_mixin.py:188} INFO - [2026-08-14T09:39:24.088+0000] {dag.py:3036} INFO - Sync 1 DAGs
[2026-08-14T09:39:24.117+0000] {logging_mixin.py:188} INFO - [2026-08-14T09:39:24.117+0000] {dag.py:3823} INFO - Setting next_dagrun for example_branch_dop_operator_v3 to 2026-08-14 09:38:00+00:00, run_after=2026-08-14 09:39:00+00:00
[2026-08-14T09:39:24.141+0000] {processor.py:183} INFO - Processing /home/airflow/.local/lib/python3.8/site-packages/airflow/example_dags/example_branch_python_dop_operator_3.py took 0.098 seconds
[2026-08-14T09:39:54.959+0000] {processor.py:161} INFO - Started process (PID=1597) to work on /home/airflow/.local/lib/python3.8/site-packages/airflow/example_dags/example_branch_python_dop_operator_3.py
[2026-08-14T09:39:54.961+0000] {processor.py:830} INFO - Processing file /home/airflow/.local/lib/python3.8/site-packages/airflow/example_dags/example_branch_python_dop_operator_3.py for tasks to queue
[2026-08-14T09:39:54.963+0000] {logging_mixin.py:188} INFO - [2026-08-14T09:39:54.963+0000] {dagbag.py:538} INFO - Filling up the DagBag from /home/airflow/.local/lib/python3.8/site-packages/airflow/example_dags/example_branch_python_dop_operator_3.py
[2026-08-14T09:39:54.973+0000] {processor.py:840} INFO - DAG(s) 'example_branch_dop_operator_v3' retrieved from /home/airflow/.local/lib/python3.8/site-packages/airflow/example_dags/example_branch_python_dop_operator_3.py
[2026-08-14T09:39:54.995+0000] {logging_mixin.py:188} INFO - [2026-08-14T09:39:54.995+0000] {dag.py:3036} INFO - Sync 1 DAGs
[2026-08-14T09:39:55.019+0000] {logging_mixin.py:188} INFO - [2026-08-14T09:39:55.019+0000] {dag.py:3823} INFO - Setting next_dagrun for example_branch_dop_operator_v3 to 2026-08-14 09:38:00+00:00, run_after=2026-08-14 09:39:00+00:00
[2026-08-14T09:39:55.039+0000] {processor.py:183} INFO - Processing /home/airflow/.local/lib/python3.8/site-packages/airflow/example_dags/example_branch_python_dop_operator_3.py took 0.085 seconds
[2026-08-14T09:40:25.401+0000] {processor.py:161} INFO - Started process (PID=1672) to work on /home/airflow/.local/lib/python3.8/site-packages/airflow/example_dags/example_branch_python_dop_operator_3.py
[2026-08-14T09:40:25.402+0000] {processor.py:830} INFO - Processing file /home/airflow/.local/lib/python3.8/site-packages/airflow/example_dags/example_branch_python_dop_operator_3.py for tasks to queue
[2026-08-14T09:40:25.404+0000] {logging_mixin.py:188} INFO - [2026-08-14T09:40:25.404+0000] {dagbag.py:538} INFO - Filling up the DagBag from /home/airflow/.local/lib/python3.8/site-packages/airflow/example_dags/example_branch_python_dop_operator_3.py
[2026-08-14T09:40:25.419+0000] {processor.py:840} INFO - DAG(s) 'example_branch_dop_operator_v3' retrieved from /home/airflow/.local/lib/python3.8/site-packages/airflow/example_dags/example_branch_python_dop_operator_3.py
[2026-08-14T09:40:25.443+0000] {logging_mixin.py:188} INFO - [2026-08-14T09:40:25.443+0000] {dag.py:3036} INFO - Sync 1 DAGs
[2026-08-14T09:40:25.475+0000] {logging_mixin.py:188} INFO - [2026-08-14T09:40:25.475+0000] {dag.py:3823} INFO - Setting next_dagrun for example_branch_dop_operator_v3 to 2026-08-14 09:39:00+00:00, run_after=2026-08-14 09:40:00+00:00
[2026-08-14T09:40:25.507+0000] {processor.py:183} INFO - Processing /home/airflow/.local/lib/python3.8/site-packages/airflow/example_dags/example_branch_python_dop_operator_3.py took 0.111 seconds
[2026-08-14T09:40:56.833+0000] {processor.py:161} INFO - Started process (PID=1747) to work on /home/airflow/.local/lib/python3.8/site-packages/airflow/example_dags/example_branch_python_dop_operator_3.py
[2026-08-14T09:40:56.835+0000] {processor.py:830} INFO - Processing file /home/airflow/.local/lib/python3.8/site-packages/airflow/example_dags/example_branch_python_dop_operator_3.py for tasks to queue
[2026-08-14T09:40:56.837+0000] {logging_mixin.py:188} INFO - [2026-08-14T09:40:56.837+0000] {dagbag.py:538} INFO - Filling up the DagBag from /home/airflow/.local/lib/python3.8/site-packages/airflow/example_dags/example_branch_python_dop_operator_3.py
[2026-08-14T09:40:56.846+0000] {processor.py:840} INFO - DAG(s) 'example_branch_dop_operator_v3' retrieved from /home/airflow/.local/lib/python3.8/site-packages/airflow/example_dags/example_branch_python_dop_operator_3.py
[2026-08-14T09:40:56.865+0000] {logging_mixin.py:188} INFO - [2026-08-14T09:40:56.865+0000] {dag.py:3036} INFO - Sync 1 DAGs
[2026-08-14T09:40:56.889+0000] {logging_mixin.py:188} INFO - [2026-08-14T09:40:56.889+0000] {dag.py:3823} INFO - Setting next_dagrun for example_branch_dop_operator_v3 to 2026-08-14 09:39:00+00:00, run_after=2026-08-14 09:40:00+00:00
[2026-08-14T09:40:56.908+0000] {processor.py:183} INFO - Processing /home/airflow/.local/lib/python3.8/site-packages/airflow/example_dags/example_branch_python_dop_operator_3.py took 0.079 seconds
[2026-08-14T09:41:28.175+0000] {processor.py:161} INFO - Started process (PID=1822) to work on /home/airflow/.local/lib/python3.8/site-packages/airflow/example_dags/example_branch_python_dop_operator_3.py
[2026-08-14T09:41:28.176+0000] {processor.py:830} INFO - Processing file /home/airflow/.local/lib/python3.8/site-packages/airflow/example_dags/example_branch_python_dop_operator_3.py for tasks to queue
[2026-08-14T09:41:28.179+0000] {logging_mixin.py:188} INFO - [2026-08-14T09:41:28.178+0000] {dagbag.py:538} INFO - Filling up the DagBag from /home/airflow/.local/lib/python3.8/site-packages/airflow/example_dags/example_branch_python_dop_operator_3.py
[2026-08-14T09:41:28.187+0000] {processor.py:840} INFO - DAG(s) 'example_branch_dop_operator_v3' retrieved from /home/airflow/.local/lib/python3.8/site-packages/airflow/example_dags/example_branch_python_dop_operator_3.py
[2026-08-14T09:41:28.208+0000] {logging_mixin.py:188} INFO - [2026-08-14T09:41:28.208+0000] {dag.py:3036} INFO - Sync 1 DAGs
[2026-08-14T09:41:28.236+0000] {logging_mixin.py:188} INFO - [2026-08-14T09:41:28.236+0000] {dag.py:3823} INFO - Setting next_dagrun for example_branch_dop_operator_v3 to 2026-08-14 09:40:00+00:00, run_after=2026-08-14 09:41:00+00:00
[2026-08-14T09:41:28.257+0000] {processor.py:183} INFO - Processing /home/airflow/.local/lib/python3.8/site-packages/airflow/example_dags/example_branch_python_dop_operator_3.py took 0.085 seconds
[2026-08-14T09:42:00.086+0000] {processor.py:161} INFO - Started process (PID=1899) to work on /home/airflow/.local/lib/python3.8/site-packages/airflow/example_dags/example_branch_python_dop_operator_3.py
[2026-08-14T09:42:00.087+0000] {processor.py:830} INFO - Processing file /home/airflow/.local/lib/python3.8/site-packages/airflow/example_dags/example_branch_python_dop_operator_3.py for tasks to queue
[2026-08-14T09:42:00.089+0000] {logging_mixin.py:188} INFO - [2026-08-14T09:42:00.089+0000] {dagbag.py:538} INFO - Filling up the DagBag from /home/airflow/.local/lib/python3.8/site-packages/airflow/example_dags/example_branch_python_dop_operator_3.py
[2026-08-14T09:42:00.099+0000] {processor.py:840} INFO - DAG(s) 'example_branch_dop_operator_v3' retrieved from /home/airflow/.local/lib/python3.8/site-packages/airflow/example_dags/example_branch_python_dop_operator_3.py
[2026-08-14T09:42:00.121+0000] {logging_mixin.py:188} INFO - [2026-08-14T09:42:00.121+0000] {dag.py:3036} INFO - Sync 1 DAGs
[2026-08-14T09:42:00.147+0000] {logging_mixin.py:188} INFO - [2026-08-14T09:42:00.146+0000] {dag.py:3823} INFO - Setting next_dagrun for example_branch_dop_operator_v3 to 2026-08-14 09:41:00+00:00, run_after=2026-08-14 09:42:00+00:00
[2026-08-14T09:42:00.167+0000] {processor.py:183} INFO - Processing /home/airflow/.local/lib/python3.8/site-packages/airflow/example_dags/example_branch_python_dop_operator_3.py took 0.085 seconds
[2026-08-14T09:42:31.256+0000] {processor.py:161} INFO - Started process (PID=1975) to work on /home/airflow/.local/lib/python3.8/site-packages/airflow/example_dags/example_branch_python_dop_operator_3.py
[2026-08-14T09:42:31.257+0000] {processor.py:830} INFO - Processing file /home/airflow/.local/lib/python3.8/site-packages/airflow/example_dags/example_branch_python_dop_operator_3.py for tasks to queue
[2026-08-14T09:42:31.259+0000] {logging_mixin.py:188} INFO - [2026-08-14T09:42:31.259+0000] {dagbag.py:538} INFO - Filling up the DagBag from /home/airflow/.local/lib/python3.8/site-packages/airflow/example_dags/example_branch_python_dop_operator_3.py
[2026-08-14T09:42:31.268+0000] {processor.py:840} INFO - DAG(s) 'example_branch_dop_operator_v3' retrieved from /home/airflow/.local/lib/python3.8/site-packages/airflow/example_dags/example_branch_python_dop_operator_3.py
[2026-08-14T09:42:31.290+0000] {logging_mixin.py:188} INFO - [2026-08-14T09:42:31.290+0000] {dag.py:3036} INFO - Sync 1 DAGs
[2026-08-14T09:42:31.467+0000] {logging_mixin.py:188} INFO - [2026-08-14T09:42:31.466+0000] {dag.py:3823} INFO - Setting next_dagrun for example_branch_dop_operator_v3 to 2026-08-14 09:41:00+00:00, run_after=2026-08-14 09:42:00+00:00
[2026-08-14T09:42:31.490+0000] {processor.py:183} INFO - Processing /home/airflow/.local/lib/python3.8/site-packages/airflow/example_dags/example_branch_python_dop_operator_3.py took 0.237 seconds
[2026-08-14T09:43:03.777+0000] {processor.py:161} INFO - Started process (PID=2050) to work on /home/airflow/.local/lib/python3.8/site-packages/airflow/example_dags/example_branch_python_dop_operator_3.py
[2026-08-14T09:43:03.778+0000] {processor.py:830} INFO - Processing file /home/airflow/.local/lib/python3.8/site-packages/airflow/example_dags/example_branch_python_dop_operator_3.py for tasks to queue
[2026-08-14T09:43:03.780+0000] {logging_mixin.py:188} INFO - [2026-08-14T09:43:03.780+0000] {dagbag.py:538} INFO - Filling up the DagBag from /home/airflow/.local/lib/python3.8/site-packages/airflow/example_dags/example_branch_python_dop_operator_3.py
[2026-08-14T09:43:03.938+0000] {processor.py:840} INFO - DAG(s) 'example_branch_dop_operator_v3' retrieved from /home/airflow/.local/lib/python3.8/site-packages/airflow/example_dags/example_branch_python_dop_operator_3.py
[2026-08-14T09:43:03.957+0000] {logging_mixin.py:188} INFO - [2026-08-14T09:43:03.957+0000] {dag.py:3036} INFO - Sync 1 DAGs
[2026-08-14T09:43:03.979+0000] {logging_mixin.py:188} INFO - [2026-08-14T09:43:03.978+0000] {dag.py:3823} INFO - Setting next_dagrun for example_branch_dop_operator_v3 to 2026-08-14 09:42:00+00:00, run_after=2026-08-14 09:43:00+00:00
[2026-08-14T09:43:03.998+0000] {processor.py:183} INFO - Processing /home/airflow/.local/lib/python3.8/site-packages/airflow/example_dags/example_branch_python_dop_operator_3.py took 0.225 seconds
[2026-08-14T09:43:34.557+0000] {processor.py:161} INFO - Started process (PID=2125) to work on /home/airflow/.local/lib/python3.8/site-packages/airflow/example_dags/example_branch_python_dop_operator_3.py
[2026-08-14T09:43:34.558+0000] {processor.py:830} INFO - Processing file /home/airflow/.local/lib/python3.8/site-packages/airflow/example_dags/example_branch_python_dop_operator_3.py for tasks to queue
[2026-08-14T09:43:34.561+0000] {logging_mixin.py:188} INFO - [2026-08-14T09:43:34.560+0000] {dagbag.py:538} INFO - Filling up the DagBag from /home/airflow/.local/lib/python3.8/site-packages/airflow/example_dags/example_branch_python_dop_operator_3.py
[2026-08-14T09:43:34.570+0000] {processor.py:840} INFO - DAG(s) 'example_branch_dop_operator_v3' retrieved from /home/airflow/.local/lib/python3.8/site-packages/airflow/example_dags/example_branch_python_dop_operator_3.py
[2026-08-14T09:43:34.594+0000] {logging_mixin.py:188} INFO - [2026-08-14T09:43:34.594+0000] {dag.py:3036} INFO - Sync 1 DAGs
[2026-08-14T09:43:34.621+0000] {logging_mixin.py:188} INFO - [2026-08-14T09:43:34.621+0000] {dag.py:3823} INFO - Setting next_dagrun for example_branch_dop_operator_v3 to 2026-08-14 09:42:00+00:00, run_after=2026-08-14 09:43:00+00:00
[2026-08-14T09:43:34.646+0000] {processor.py:183} INFO - Processing /home/airflow/.local/lib/python3.8/site-packages/airflow/example_dags/example_branch_python_dop_operator_3.py took 0.092 seconds
[2026-08-14T09:44:05.757+0000] {processor.py:161} INFO - Started process (PID=2200) to work on /home/airflow/.local/lib/python3.8/site-packages/airflow/example_dags/example_branch_python_dop_operator_3.py
[2026-08-14T09:44:05.759+0000] {processor.py:830} INFO - Processing file /home/airflow/.local/lib/python3.8/site-packages/airflow/example_dags/example_branch_python_dop_operator_3.py for tasks to queue
[2026-08-14T09:44:05.762+0000] {logging_mixin.py:188} INFO - [2026-08-14T09:44:05.761+0000] {dagbag.py:538} INFO - Filling up the DagBag from /home/airflow/.local/lib/python3.8/site-packages/airflow/example_dags/example_branch_python_dop_operator_3.py
[2026-08-14T09:44:05.772+0000] {processor.py:840} INFO - DAG(s) 'example_branch_dop_operator_v3' retrieved from /home/airflow/.local/lib/python3.8/site-packages/airflow/example_dags/example_branch_python_dop_operator_3.py
[2026-08-14T09:44:05.795+0000] {logging_mixin.py:188} INFO - [2026-08-14T09:44:05.795+0000] {dag.py:3036} INFO - Sync 1 DAGs
[2026-08-14T09:44:05.821+0000] {logging_mixin.py:188} INFO - [2026-08-14T09:44:05.821+0000] {dag.py:3823} INFO - Setting next_dagrun for example_branch_dop_operator_v3 to 2026-08-14 09:43:00+00:00, run_after=2026-08-14 09:44:00+00:00
[2026-08-14T09:44:05.843+0000] {processor.py:183} INFO - Processing /home/airflow/.local/lib/python3.8/site-packages/airflow/example_dags/example_branch_python_dop_operator_3.py took 0.090 seconds
[2026-08-14T09:44:35.977+0000] {processor.py:161} INFO - Started process (PID=2275) to work on /home/airflow/.local/lib/python3.8/site-packages/airflow/example_dags/example_branch_python_dop_operator_3.py
[2026-08-14T09:44:35.978+0000] {processor.py:830} INFO - Processing file /home/airflow/.local/lib/python3.8/site-packages/airflow/example_dags/example_branch_python_dop_operator_3.py for tasks to queue
[2026-08-14T09:44:35.981+0000] {logging_mixin.py:188} INFO - [2026-08-14T09:44:35.980+0000] {dagbag.py:538} INFO - Filling up the DagBag from /home/airflow/.local/lib/python3.8/site-packages/airflow/example_dags/example_branch_python_dop_operator_3.py
[2026-08-14T09:44:35.991+0000] {processor.py:840} INFO - DAG(s) 'example_branch_dop_operator_v3' retrieved from /home/airflow/.local/lib/python3.8/site-packages/airflow/example_dags/example_branch_python_dop_operator_3.py
[2026-08-14T09:44:36.017+0000] {logging_mixin.py:188} INFO - [2026-08-14T09:44:36.017+0000] {dag.py:3036} INFO - Sync 1 DAGs
[2026-08-14T09:44:36.043+0000] {logging_mixin.py:188} INFO - [2026-08-14T09:44:36.043+0000] {dag.py:3823} INFO - Setting next_dagrun for example_branch_dop_operator_v3 to 2026-08-14 09:43:00+00:00, run_after=2026-08-14 09:44:00+00:00
[2026-08-14T09:44:36.067+0000] {processor.py:183} INFO - Processing /home/airflow/.local/lib/python3.8/site-packages/airflow/example_dags/example_branch_python_dop_operator_3.py took 0.094 seconds
[2026-08-14T09:45:06.864+0000] {processor.py:161} INFO - Started process (PID=2350) to work on /home/airflow/.local/lib/python3.8/site-packages/airflow/example_dags/example_branch_python_dop_operator_3.py
[2026-08-14T09:45:06.865+0000] {processor.py:830} INFO - Processing file /home/airflow/.local/lib/python3.8/site-packages/airflow/example_dags/example_branch_python_dop_operator_3.py for tasks to queue
[2026-08-14T09:45:06.867+0000] {logging_mixin.py:188} INFO - [2026-08-14T09:45:06.866+0000] {dagbag.py:538} INFO - Filling up the DagBag from /home/airflow/.local/lib/python3.8/site-packages/airflow/example_dags/example_branch_python_dop_operator_3.py
[2026-08-14T09:45:06.876+0000] {processor.py:840} INFO - DAG(s) 'example_branch_dop_operator_v3' retrieved from /home/airflow/.local/lib/python3.8/site-packages/airflow/example_dags/example_branch_python_dop_operator_3.py
[2026-08-14T09:45:06.897+0000] {logging_mixin.py:188} INFO - [2026-08-14T09:45:06.897+0000] {dag.py:3036} INFO - Sync 1 DAGs
[2026-08-14T09:45:06.919+0000] {logging_mixin.py:188} INFO - [2026-08-14T09:45:06.919+0000] {dag.py:3823} INFO - Setting next_dagrun for example_branch_dop_operator_v3 to 2026-08-14 09:44:00+00:00, run_after=2026-08-14 09:45:00+00:00
[2026-08-14T09:45:06.936+0000] {processor.py:183} INFO - Processing /home/airflow/.local/lib/python3.8/site-packages/airflow/example_dags/example_branch_python_dop_operator_3.py took 0.076 seconds
[2026-08-14T09:45:37.390+0000] {processor.py:161} INFO - Started process (PID=2433) to work on /home/airflow/.local/lib/python3.8/site-packages/airflow/example_dags/example_branch_python_dop_operator_3.py
[2026-08-14T09:45:37.391+0000] {processor.py:830} INFO - Processing file /home/airflow/.local/lib/python3.8/site-packages/airflow/example_dags/example_branch_python_dop_operator_3.py for tasks to queue
[2026-08-14T09:45:37.394+0000] {logging_mixin.py:188} INFO - [2026-08-14T09:45:37.394+0000] {dagbag.py:538} INFO - Filling up the DagBag from /home/airflow/.local/lib/python3.8/site-packages/airflow/example_dags/example_branch_python_dop_operator_3.py
[2026-08-14T09:45:37.411+0000] {processor.py:840} INFO - DAG(s) 'example_branch_dop_operator_v3' retrieved from /home/airflow/.local/lib/python3.8/site-packages/airflow/example_dags/example_branch_python_dop_operator_3.py
[2026-08-14T09:45:37.446+0000] {logging_mixin.py:188} INFO - [2026-08-14T09:45:37.445+0000] {dag.py:3036} INFO - Sync 1 DAGs
[2026-08-14T09:45:37.489+0000] {logging_mixin.py:188} INFO - [2026-08-14T09:45:37.489+0000] {dag.py:3823} INFO - Setting next_dagrun for example_branch_dop_operator_v3 to 2026-08-14 09:44:00+00:00, run_after=2026-08-14 09:45:00+00:00
[2026-08-14T09:45:37.522+0000] {processor.py:183} INFO - Processing /home/airflow/.local/lib/python3.8/site-packages/airflow/example_dags/example_branch_python_dop_operator_3.py took 0.137 seconds
[2026-08-14T09:46:07.786+0000] {processor.py:161} INFO - Started process (PID=2522) to work on /home/airflow/.local/lib/python3.8/site-packages/airflow/example_dags/example_branch_python_dop_operator_3.py
[2026-08-14T09:46:07.788+0000] {processor.py:830} INFO - Processing file /home/airflow/.local/lib/python3.8/site-packages/airflow/example_dags/example_branch_python_dop_operator_3.py for tasks to queue
[2026-08-14T09:46:07.795+0000] {logging_mixin.py:188} INFO - [2026-08-14T09:46:07.794+0000] {dagbag.py:538} INFO - Filling up the DagBag from /home/airflow/.local/lib/python3.8/site-packages/airflow/example_dags/example_branch_python_dop_operator_3.py
[2026-08-14T09:46:07.811+0000] {processor.py:840} INFO - DAG(s) 'example_branch_dop_operator_v3' retrieved from /home/airflow/.local/lib/python3.8/site-packages/airflow/example_dags/example_branch_python_dop_operator_3.py
[2026-08-14T09:46:07.845+0000] {logging_mixin.py:188} INFO - [2026-08-14T09:46:07.845+0000] {dag.py:3036} INFO - Sync 1 DAGs
[2026-08-14T09:46:07.899+0000] {logging_mixin.py:188} INFO - [2026-08-14T09:46:07.898+0000] {dag.py:3823} INFO - Setting next_dagrun for example_branch_dop_operator_v3 to 2026-08-14 09:45:00+00:00, run_after=2026-08-14 09:46:00+00:00
[2026-08-14T09:46:07.954+0000] {processor.py:183} INFO - Processing /home/airflow/.local/lib/python3.8/site-packages/airflow/example_dags/example_branch_python_dop_operator_3.py took 0.172 seconds
[2026-08-14T09:46:39.033+0000] {processor.py:161} INFO - Started process (PID=2601) to work on /home/airflow/.local/lib/python3.8/site-packages/airflow/example_dags/example_branch_python_dop_operator_3.py
[2026-08-14T09:46:39.035+0000] {processor.py:830} INFO - Processing file /home/airflow/.local/lib/python3.8/site-packages/airflow/example_dags/example_branch_python_dop_operator_3.py for tasks to queue
[2026-08-14T09:46:39.038+0000] {logging_mixin.py:188} INFO - [2026-08-14T09:46:39.037+0000] {dagbag.py:538} INFO - Filling up the DagBag from /home/airflow/.local/lib/python3.8/site-packages/airflow/example_dags/example_branch_python_dop_operator_3.py
[2026-08-14T09:46:39.050+0000] {processor.py:840} INFO - DAG(s) 'example_branch_dop_operator_v3' retrieved from /home/airflow/.local/lib/python3.8/site-packages/airflow/example_dags/example_branch_python_dop_operator_3.py
[2026-08-14T09:46:39.075+0000] {logging_mixin.py:188} INFO - [2026-08-14T09:46:39.075+0000] {dag.py:3036} INFO - Sync 1 DAGs
[2026-08-14T09:46:39.105+0000] {logging_mixin.py:188} INFO - [2026-08-14T09:46:39.105+0000] {dag.py:3823} INFO - Setting next_dagrun for example_branch_dop_operator_v3 to 2026-08-14 09:45:00+00:00, run_after=2026-08-14 09:46:00+00:00
[2026-08-14T09:46:39.128+0000] {processor.py:183} INFO - Processing /home/airflow/.local/lib/python3.8/site-packages/airflow/example_dags/example_branch_python_dop_operator_3.py took 0.102 seconds
[2026-08-14T09:47:09.292+0000] {processor.py:161} INFO - Started process (PID=2680) to work on /home/airflow/.local/lib/python3.8/site-packages/airflow/example_dags/example_branch_python_dop_operator_3.py
[2026-08-14T09:47:09.293+0000] {processor.py:830} INFO - Processing file /home/airflow/.local/lib/python3.8/site-packages/airflow/example_dags/example_branch_python_dop_operator_3.py for tasks to queue
[2026-08-14T09:47:09.296+0000] {logging_mixin.py:188} INFO - [2026-08-14T09:47:09.295+0000] {dagbag.py:538} INFO - Filling up the DagBag from /home/airflow/.local/lib/python3.8/site-packages/airflow/example_dags/example_branch_python_dop_operator_3.py
[2026-08-14T09:47:09.310+0000] {processor.py:840} INFO - DAG(s) 'example_branch_dop_operator_v3' retrieved from /home/airflow/.local/lib/python3.8/site-packages/airflow/example_dags/example_branch_python_dop_operator_3.py
[2026-08-14T09:47:09.352+0000] {logging_mixin.py:188} INFO - [2026-08-14T09:47:09.351+0000] {dag.py:3036} INFO - Sync 1 DAGs
[2026-08-14T09:47:09.410+0000] {logging_mixin.py:188} INFO - [2026-08-14T09:47:09.409+0000] {dag.py:3823} INFO - Setting next_dagrun for example_branch_dop_operator_v3 to 2026-08-14 09:46:00+00:00, run_after=2026-08-14 09:47:00+00:00
[2026-08-14T09:47:09.457+0000] {processor.py:183} INFO - Processing /home/airflow/.local/lib/python3.8/site-packages/airflow/example_dags/example_branch_python_dop_operator_3.py took 0.169 seconds
[2026-08-14T09:47:39.622+0000] {processor.py:161} INFO - Started process (PID=2759) to work on /home/airflow/.local/lib/python3.8/site-packages/airflow/example_dags/example_branch_python_dop_operator_3.py
[2026-08-14T09:47:39.623+0000] {processor.py:830} INFO - Processing file /home/airflow/.local/lib/python3.8/site-packages/airflow/example_dags/example_branch_python_dop_operator_3.py for tasks to queue
[2026-08-14T09:47:39.626+0000] {logging_mixin.py:188} INFO - [2026-08-14T09:47:39.625+0000] {dagbag.py:538} INFO - Filling up the DagBag from /home/airflow/.local/lib/python3.8/site-packages/airflow/example_dags/example_branch_python_dop_operator_3.py
[2026-08-14T09:47:39.635+0000] {processor.py:840} INFO - DAG(s) 'example_branch_dop_operator_v3' retrieved from /home/airflow/.local/lib/python3.8/site-packages/airflow/example_dags/example_branch_python_dop_operator_3.py
[2026-08-14T09:47:39.657+0000] {logging_mixin.py:188} INFO - [2026-08-14T09:47:39.656+0000] {dag.py:3036} INFO - Sync 1 DAGs
[2026-08-14T09:47:39.682+0000] {logging_mixin.py:188} INFO - [2026-08-14T09:47:39.681+0000] {dag.py:3823} INFO - Setting next_dagrun for example_branch_dop_operator_v3 to 2026-08-14 09:46:00+00:00, run_after=2026-08-14 09:47:00+00:00
[2026-08-14T09:47:39.706+0000] {processor.py:183} INFO - Processing /home/airflow/.local/lib/python3.8/site-packages/airflow/example_dags/example_branch_python_dop_operator_3.py took 0.088 seconds
[2026-08-14T09:48:10.805+0000] {processor.py:161} INFO - Started process (PID=2834) to work on /home/airflow/.local/lib/python3.8/site-packages/airflow/example_dags/example_branch_python_dop_operator_3.py
[2026-08-14T09:48:10.806+0000] {processor.py:830} INFO - Processing file /home/airflow/.local/lib/python3.8/site-packages/airflow/example_dags/example_branch_python_dop_operator_3.py for tasks to queue
[2026-08-14T09:48:10.808+0000] {logging_mixin.py:188} INFO - [2026-08-14T09:48:10.808+0000] {dagbag.py:538} INFO - Filling up the DagBag from /home/airflow/.local/lib/python3.8/site-packages/airflow/example_dags/example_branch_python_dop_operator_3.py
[2026-08-14T09:48:10.817+0000] {processor.py:840} INFO - DAG(s) 'example_branch_dop_operator_v3' retrieved from /home/airflow/.local/lib/python3.8/site-packages/airflow/example_dags/example_branch_python_dop_operator_3.py
[2026-08-14T09:48:10.838+0000] {logging_mixin.py:188} INFO - [2026-08-14T09:48:10.838+0000] {dag.py:3036} INFO - Sync 1 DAGs
[2026-08-14T09:48:10.862+0000] {logging_mixin.py:188} INFO - [2026-08-14T09:48:10.862+0000] {dag.py:3823} INFO - Setting next_dagrun for example_branch_dop_operator_v3 to 2026-08-14 09:47:00+00:00, run_after=2026-08-14 09:48:00+00:00
[2026-08-14T09:48:10.880+0000] {processor.py:183} INFO - Processing /home/airflow/.local/lib/python3.8/site-packages/airflow/example_dags/example_branch_python_dop_operator_3.py took 0.079 seconds
[2026-08-14T09:48:41.005+0000] {processor.py:161} INFO - Started process (PID=2909) to work on /home/airflow/.local/lib/python3.8/site-packages/airflow/example_dags/example_branch_python_dop_operator_3.py
[2026-08-14T09:48:41.007+0000] {processor.py:830} INFO - Processing file /home/airflow/.local/lib/python3.8/site-packages/airflow/example_dags/example_branch_python_dop_operator_3.py for tasks to queue
[2026-08-14T09:48:41.010+0000] {logging_mixin.py:188} INFO - [2026-08-14T09:48:41.009+0000] {dagbag.py:538} INFO - Filling up the DagBag from /home/airflow/.local/lib/python3.8/site-packages/airflow/example_dags/example_branch_python_dop_operator_3.py
[2026-08-14T09:48:41.022+0000] {processor.py:840} INFO - DAG(s) 'example_branch_dop_operator_v3' retrieved from /home/airflow/.local/lib/python3.8/site-packages/airflow/example_dags/example_branch_python_dop_operator_3.py
[2026-08-14T09:48:41.045+0000] {logging_mixin.py:188} INFO - [2026-08-14T09:48:41.045+0000] {dag.py:3036} INFO - Sync 1 DAGs
[2026-08-14T09:48:41.076+0000] {logging_mixin.py:188} INFO - [2026-08-14T09:48:41.076+0000] {dag.py:3823} INFO - Setting next_dagrun for example_branch_dop_operator_v3 to 2026-08-14 09:47:00+00:00, run_after=2026-08-14 09:48:00+00:00
[2026-08-14T09:48:41.108+0000] {processor.py:183} INFO - Processing /home/airflow/.local/lib/python3.8/site-packages/airflow/example_dags/example_branch_python_dop_operator_3.py took 0.109 seconds
[2026-08-14T09:49:11.524+0000] {processor.py:161} INFO - Started process (PID=2984) to work on /home/airflow/.local/lib/python3.8/site-packages/airflow/example_dags/example_branch_python_dop_operator_3.py
[2026-08-14T09:49:11.526+0000] {processor.py:830} INFO - Processing file /home/airflow/.local/lib/python3.8/site-packages/airflow/example_dags/example_branch_python_dop_operator_3.py for tasks to queue
[2026-08-14T09:49:11.528+0000] {logging_mixin.py:188} INFO - [2026-08-14T09:49:11.527+0000] {dagbag.py:538} INFO - Filling up the DagBag from /home/airflow/.local/lib/python3.8/site-packages/airflow/example_dags/example_branch_python_dop_operator_3.py
[2026-08-14T09:49:11.537+0000] {processor.py:840} INFO - DAG(s) 'example_branch_dop_operator_v3' retrieved from /home/airflow/.local/lib/python3.8/site-packages/airflow/example_dags/example_branch_python_dop_operator_3.py
[2026-08-14T09:49:11.558+0000] {logging_mixin.py:188} INFO - [2026-08-14T09:49:11.557+0000] {dag.py:3036} INFO - Sync 1 DAGs
[2026-08-14T09:49:11.584+0000] {logging_mixin.py:188} INFO - [2026-08-14T09:49:11.584+0000] {dag.py:3823} INFO - Setting next_dagrun for example_branch_dop_operator_v3 to 2026-08-14 09:48:00+00:00, run_after=2026-08-14 09:49:00+00:00
[2026-08-14T09:49:11.606+0000] {processor.py:183} INFO - Processing /home/airflow/.local/lib/python3.8/site-packages/airflow/example_dags/example_branch_python_dop_operator_3.py took 0.085 seconds
[2026-08-14T09:49:43.445+0000] {processor.py:161} INFO - Started process (PID=3067) to work on /home/airflow/.local/lib/python3.8/site-packages/airflow/example_dags/example_branch_python_dop_operator_3.py
[2026-08-14T09:49:43.446+0000] {processor.py:830} INFO - Processing file /home/airflow/.local/lib/python3.8/site-packages/airflow/example_dags/example_branch_python_dop_operator_3.py for tasks to queue
[2026-08-14T09:49:43.449+0000] {logging_mixin.py:188} INFO - [2026-08-14T09:49:43.448+0000] {dagbag.py:538} INFO - Filling up the DagBag from /home/airflow/.local/lib/python3.8/site-packages/airflow/example_dags/example_branch_python_dop_operator_3.py
[2026-08-14T09:49:43.458+0000] {processor.py:840} INFO - DAG(s) 'example_branch_dop_operator_v3' retrieved from /home/airflow/.local/lib/python3.8/site-packages/airflow/example_dags/example_branch_python_dop_operator_3.py
[2026-08-14T09:49:43.482+0000] {logging_mixin.py:188} INFO - [2026-08-14T09:49:43.481+0000] {dag.py:3036} INFO - Sync 1 DAGs
[2026-08-14T09:49:43.514+0000] {logging_mixin.py:188} INFO - [2026-08-14T09:49:43.514+0000] {dag.py:3823} INFO - Setting next_dagrun for example_branch_dop_operator_v3 to 2026-08-14 09:48:00+00:00, run_after=2026-08-14 09:49:00+00:00
[2026-08-14T09:49:43.542+0000] {processor.py:183} INFO - Processing /home/airflow/.local/lib/python3.8/site-packages/airflow/example_dags/example_branch_python_dop_operator_3.py took 0.102 seconds
[2026-08-14T09:50:14.368+0000] {processor.py:161} INFO - Started process (PID=3142) to work on /home/airflow/.local/lib/python3.8/site-packages/airflow/example_dags/example_branch_python_dop_operator_3.py
[2026-08-14T09:50:14.370+0000] {processor.py:830} INFO - Processing file /home/airflow/.local/lib/python3.8/site-packages/airflow/example_dags/example_branch_python_dop_operator_3.py for tasks to queue
[2026-08-14T09:50:14.373+0000] {logging_mixin.py:188} INFO - [2026-08-14T09:50:14.372+0000] {dagbag.py:538} INFO - Filling up the DagBag from /home/airflow/.local/lib/python3.8/site-packages/airflow/example_dags/example_branch_python_dop_operator_3.py
[2026-08-14T09:50:14.383+0000] {processor.py:840} INFO - DAG(s) 'example_branch_dop_operator_v3' retrieved from /home/airflow/.local/lib/python3.8/site-packages/airflow/example_dags/example_branch_python_dop_operator_3.py
[2026-08-14T09:50:14.407+0000] {logging_mixin.py:188} INFO - [2026-08-14T09:50:14.407+0000] {dag.py:3036} INFO - Sync 1 DAGs
[2026-08-14T09:50:14.433+0000] {logging_mixin.py:188} INFO - [2026-08-14T09:50:14.433+0000] {dag.py:3823} INFO - Setting next_dagrun for example_branch_dop_operator_v3 to 2026-08-14 09:49:00+00:00, run_after=2026-08-14 09:50:00+00:00
[2026-08-14T09:50:14.453+0000] {processor.py:183} INFO - Processing /home/airflow/.local/lib/python3.8/site-packages/airflow/example_dags/example_branch_python_dop_operator_3.py took 0.089 seconds
[2026-08-14T09:50:44.649+0000] {processor.py:161} INFO - Started process (PID=3217) to work on /home/airflow/.local/lib/python3.8/site-packages/airflow/example_dags/example_branch_python_dop_operator_3.py
[2026-08-14T09:50:44.651+0000] {processor.py:830} INFO - Processing file /home/airflow/.local/lib/python3.8/site-packages/airflow/example_dags/example_branch_python_dop_operator_3.py for tasks to queue
[2026-08-14T09:50:44.653+0000] {logging_mixin.py:188} INFO - [2026-08-14T09:50:44.653+0000] {dagbag.py:538} INFO - Filling up the DagBag from /home/airflow/.local/lib/python3.8/site-packages/airflow/example_dags/example_branch_python_dop_operator_3.py
[2026-08-14T09:50:44.664+0000] {processor.py:840} INFO - DAG(s) 'example_branch_dop_operator_v3' retrieved from /home/airflow/.local/lib/python3.8/site-packages/airflow/example_dags/example_branch_python_dop_operator_3.py
[2026-08-14T09:50:44.687+0000] {logging_mixin.py:188} INFO - [2026-08-14T09:50:44.687+0000] {dag.py:3036} INFO - Sync 1 DAGs
[2026-08-14T09:50:44.714+0000] {logging_mixin.py:188} INFO - [2026-08-14T09:50:44.714+0000] {dag.py:3823} INFO - Setting next_dagrun for example_branch_dop_operator_v3 to 2026-08-14 09:49:00+00:00, run_after=2026-08-14 09:50:00+00:00
[2026-08-14T09:50:44.734+0000] {processor.py:183} INFO - Processing /home/airflow/.local/lib/python3.8/site-packages/airflow/example_dags/example_branch_python_dop_operator_3.py took 0.090 seconds
[2026-08-14T09:51:14.940+0000] {processor.py:161} INFO - Started process (PID=3292) to work on /home/airflow/.local/lib/python3.8/site-packages/airflow/example_dags/example_branch_python_dop_operator_3.py
[2026-08-14T09:51:14.941+0000] {processor.py:830} INFO - Processing file /home/airflow/.local/lib/python3.8/site-packages/airflow/example_dags/example_branch_python_dop_operator_3.py for tasks to queue
[2026-08-14T09:51:14.944+0000] {logging_mixin.py:188} INFO - [2026-08-14T09:51:14.943+0000] {dagbag.py:538} INFO - Filling up the DagBag from /home/airflow/.local/lib/python3.8/site-packages/airflow/example_dags/example_branch_python_dop_operator_3.py
[2026-08-14T09:51:14.953+0000] {processor.py:840} INFO - DAG(s) 'example_branch_dop_operator_v3' retrieved from /home/airflow/.local/lib/python3.8/site-packages/airflow/example_dags/example_branch_python_dop_operator_3.py
[2026-08-14T09:51:14.975+0000] {logging_mixin.py:188} INFO - [2026-08-14T09:51:14.974+0000] {dag.py:3036} INFO - Sync 1 DAGs
[2026-08-14T09:51:15.002+0000] {logging_mixin.py:188} INFO - [2026-08-14T09:51:15.002+0000] {dag.py:3823} INFO - Setting next_dagrun for example_branch_dop_operator_v3 to 2026-08-14 09:50:00+00:00, run_after=2026-08-14 09:51:00+00:00
[2026-08-14T09:51:15.024+0000] {processor.py:183} INFO - Processing /home/airflow/.local/lib/python3.8/site-packages/airflow/example_dags/example_branch_python_dop_operator_3.py took 0.088 seconds
[2026-08-14T09:51:46.376+0000] {processor.py:161} INFO - Started process (PID=3367) to work on /home/airflow/.local/lib/python3.8/site-packages/airflow/example_dags/example_branch_python_dop_operator_3.py
[2026-08-14T09:51:46.377+0000] {processor.py:830} INFO - Processing file /home/airflow/.local/lib/python3.8/site-packages/airflow/example_dags/example_branch_python_dop_operator_3.py for tasks to queue
[2026-08-14T09:51:46.380+0000] {logging_mixin.py:188} INFO - [2026-08-14T09:51:46.379+0000] {dagbag.py:538} INFO - Filling up the DagBag from /home/airflow/.local/lib/python3.8/site-packages/airflow/example_dags/example_branch_python_dop_operator_3.py
[2026-08-14T09:51:46.389+0000] {processor.py:840} INFO - DAG(s) 'example_branch_dop_operator_v3' retrieved from /home/airflow/.local/lib/python3.8/site-packages/airflow/example_dags/example_branch_python_dop_operator_3.py
[2026-08-14T09:51:46.409+0000] {logging_mixin.py:188} INFO - [2026-08-14T09:51:46.408+0000] {dag.py:3036} INFO - Sync 1 DAGs
[2026-08-14T09:51:46.432+0000] {logging_mixin.py:188} INFO - [2026-08-14T09:51:46.432+0000] {dag.py:3823} INFO - Setting next_dagrun for example_branch_dop_operator_v3 to 2026-08-14 09:50:00+00:00, run_after=2026-08-14 09:51:00+00:00
[2026-08-14T09:51:46.452+0000] {processor.py:183} INFO - Processing /home/airflow/.local/lib/python3.8/site-packages/airflow/example_dags/example_branch_python_dop_operator_3.py took 0.080 seconds
[2026-08-14T09:52:16.917+0000] {processor.py:161} INFO - Started process (PID=3442) to work on /home/airflow/.local/lib/python3.8/site-packages/airflow/example_dags/example_branch_python_dop_operator_3.py
[2026-08-14T09:52:16.919+0000] {processor.py:830} INFO - Processing file /home/airflow/.local/lib/python3.8/site-packages/airflow/example_dags/example_branch_python_dop_operator_3.py for tasks to queue
[2026-08-14T09:52:16.921+0000] {logging_mixin.py:188} INFO - [2026-08-14T09:52:16.920+0000] {dagbag.py:538} INFO - Filling up the DagBag from /home/airflow/.local/lib/python3.8/site-packages/airflow/example_dags/example_branch_python_dop_operator_3.py
[2026-08-14T09:52:16.930+0000] {processor.py:840} INFO - DAG(s) 'example_branch_dop_operator_v3' retrieved from /home/airflow/.local/lib/python3.8/site-packages/airflow/example_dags/example_branch_python_dop_operator_3.py
[2026-08-14T09:52:16.951+0000] {logging_mixin.py:188} INFO - [2026-08-14T09:52:16.951+0000] {dag.py:3036} INFO - Sync 1 DAGs
[2026-08-14T09:52:16.976+0000] {logging_mixin.py:188} INFO - [2026-08-14T09:52:16.976+0000] {dag.py:3823} INFO - Setting next_dagrun for example_branch_dop_operator_v3 to 2026-08-14 09:51:00+00:00, run_after=2026-08-14 09:52:00+00:00
[2026-08-14T09:52:16.999+0000] {processor.py:183} INFO - Processing /home/airflow/.local/lib/python3.8/site-packages/airflow/example_dags/example_branch_python_dop_operator_3.py took 0.085 seconds
[2026-08-14T09:52:47.415+0000] {processor.py:161} INFO - Started process (PID=3517) to work on /home/airflow/.local/lib/python3.8/site-packages/airflow/example_dags/example_branch_python_dop_operator_3.py
[2026-08-14T09:52:47.416+0000] {processor.py:830} INFO - Processing file /home/airflow/.local/lib/python3.8/site-packages/airflow/example_dags/example_branch_python_dop_operator_3.py for tasks to queue
[2026-08-14T09:52:47.419+0000] {logging_mixin.py:188} INFO - [2026-08-14T09:52:47.418+0000] {dagbag.py:538} INFO - Filling up the DagBag from /home/airflow/.local/lib/python3.8/site-packages/airflow/example_dags/example_branch_python_dop_operator_3.py
[2026-08-14T09:52:47.429+0000] {processor.py:840} INFO - DAG(s) 'example_branch_dop_operator_v3' retrieved from /home/airflow/.local/lib/python3.8/site-packages/airflow/example_dags/example_branch_python_dop_operator_3.py
[2026-08-14T09:52:47.450+0000] {logging_mixin.py:188} INFO - [2026-08-14T09:52:47.450+0000] {dag.py:3036} INFO - Sync 1 DAGs
[2026-08-14T09:52:47.474+0000] {logging_mixin.py:188} INFO - [2026-08-14T09:52:47.474+0000] {dag.py:3823} INFO - Setting next_dagrun for example_branch_dop_operator_v3 to 2026-08-14 09:51:00+00:00, run_after=2026-08-14 09:52:00+00:00
[2026-08-14T09:52:47.495+0000] {processor.py:183} INFO - Processing /home/airflow/.local/lib/python3.8/site-packages/airflow/example_dags/example_branch_python_dop_operator_3.py took 0.084 seconds
[2026-08-14T09:53:18.401+0000] {processor.py:161} INFO - Started process (PID=3592) to work on /home/airflow/.local/lib/python3.8/site-packages/airflow/example_dags/example_branch_python_dop_operator_3.py
[2026-08-14T09:53:18.403+0000] {processor.py:830} INFO - Processing file /home/airflow/.local/lib/python3.8/site-packages/airflow/example_dags/example_branch_python_dop_operator_3.py for tasks to queue
[2026-08-14T09:53:18.407+0000] {logging_mixin.py:188} INFO - [2026-08-14T09:53:18.406+0000] {dagbag.py:538} INFO - Filling up the DagBag from /home/airflow/.local/lib/python3.8/site-packages/airflow/example_dags/example_branch_python_dop_operator_3.py
[2026-08-14T09:53:18.424+0000] {processor.py:840} INFO - DAG(s) 'example_branch_dop_operator_v3' retrieved from /home/airflow/.local/lib/python3.8/site-packages/airflow/example_dags/example_branch_python_dop_operator_3.py
[2026-08-14T09:53:18.450+0000] {logging_mixin.py:188} INFO - [2026-08-14T09:53:18.450+0000] {dag.py:3036} INFO - Sync 1 DAGs
[2026-08-14T09:53:18.482+0000] {logging_mixin.py:188} INFO - [2026-08-14T09:53:18.482+0000] {dag.py:3823} INFO - Setting next_dagrun for example_branch_dop_operator_v3 to 2026-08-14 09:52:00+00:00, run_after=2026-08-14 09:53:00+00:00
[2026-08-14T09:53:18.505+0000] {processor.py:183} INFO - Processing /home/airflow/.local/lib/python3.8/site-packages/airflow/example_dags/example_branch_python_dop_operator_3.py took 0.110 seconds
