[2026-08-14T09:30:17.418+0000] {processor.py:161} INFO - Started process (PID=142) to work on /home/airflow/.local/lib/python3.8/site-packages/airflow/example_dags/example_xcomargs.py
[2026-08-14T09:30:17.424+0000] {processor.py:830} INFO - Processing file /home/airflow/.local/lib/python3.8/site-packages/airflow/example_dags/example_xcomargs.py for tasks to queue
[2026-08-14T09:30:17.430+0000] {logging_mixin.py:188} INFO - [2026-08-14T09:30:17.429+0000] {dagbag.py:538} INFO - Filling up the DagBag from /home/airflow/.local/lib/python3.8/site-packages/airflow/example_dags/example_xcomargs.py
[2026-08-14T09:30:17.463+0000] {processor.py:840} INFO - DAG(s) 'example_xcom_args', 'example_xcom_args_with_operators' retrieved from /home/airflow/.local/lib/python3.8/site-packages/airflow/example_dags/example_xcomargs.py
[2026-08-14T09:30:17.851+0000] {logging_mixin.py:188} INFO - [2026-08-14T09:30:17.850+0000] {dag.py:3036} INFO - Sync 2 DAGs
[2026-08-14T09:30:17.889+0000] {logging_mixin.py:188} INFO - [2026-08-14T09:30:17.889+0000] {dag.py:3823} INFO - Setting next_dagrun for example_xcom_args to None, run_after=None
[2026-08-14T09:30:17.923+0000] {logging_mixin.py:188} INFO - [2026-08-14T09:30:17.923+0000] {dag.py:3823} INFO - Setting next_dagrun for example_xcom_args_with_operators to None, run_after=None
[2026-08-14T09:30:18.026+0000] {processor.py:183} INFO - Processing /home/airflow/.local/lib/python3.8/site-packages/airflow/example_dags/example_xcomargs.py took 0.617 seconds
[2026-08-14T09:30:48.162+0000] {processor.py:161} INFO - Started process (PID=228) to work on /home/airflow/.local/lib/python3.8/site-packages/airflow/example_dags/example_xcomargs.py
[2026-08-14T09:30:48.163+0000] {processor.py:830} INFO - Processing file /home/airflow/.local/lib/python3.8/site-packages/airflow/example_dags/example_xcomargs.py for tasks to queue
[2026-08-14T09:30:48.165+0000] {logging_mixin.py:188} INFO - [2026-08-14T09:30:48.165+0000] {dagbag.py:538} INFO - Filling up the DagBag from /home/airflow/.local/lib/python3.8/site-packages/airflow/example_dags/example_xcomargs.py
[2026-08-14T09:30:48.176+0000] {processor.py:840} INFO - DAG(s) 'example_xcom_args_with_operators', 'example_xcom_args' retrieved from /home/airflow/.local/lib/python3.8/site-packages/airflow/example_dags/example_xcomargs.py
[2026-08-14T09:30:48.190+0000] {logging_mixin.py:188} INFO - [2026-08-14T09:30:48.190+0000] {dag.py:3036} INFO - Sync 2 DAGs
[2026-08-14T09:30:48.205+0000] {logging_mixin.py:188} INFO - [2026-08-14T09:30:48.204+0000] {dag.py:3823} INFO - Setting next_dagrun for example_xcom_args to None, run_after=None
[2026-08-14T09:30:48.209+0000] {logging_mixin.py:188} INFO - [2026-08-14T09:30:48.208+0000] {dag.py:3823} INFO - Setting next_dagrun for example_xcom_args_with_operators to None, run_after=None
[2026-08-14T09:30:49.183+0000] {processor.py:183} INFO - Processing /home/airflow/.local/lib/python3.8/site-packages/airflow/example_dags/example_xcomargs.py took 1.025 seconds
[2026-08-14T09:31:20.189+0000] {processor.py:161} INFO - Started process (PID=301) to work on /home/airflow/.local/lib/python3.8/site-packages/airflow/example_dags/example_xcomargs.py
[2026-08-14T09:31:20.191+0000] {processor.py:830} INFO - Processing file /home/airflow/.local/lib/python3.8/site-packages/airflow/example_dags/example_xcomargs.py for tasks to queue
[2026-08-14T09:31:20.193+0000] {logging_mixin.py:188} INFO - [2026-08-14T09:31:20.192+0000] {dagbag.py:538} INFO - Filling up the DagBag from /home/airflow/.local/lib/python3.8/site-packages/airflow/example_dags/example_xcomargs.py
[2026-08-14T09:31:20.201+0000] {processor.py:840} INFO - DAG(s) 'example_xcom_args_with_operators', 'example_xcom_args' retrieved from /home/airflow/.local/lib/python3.8/site-packages/airflow/example_dags/example_xcomargs.py
[2026-08-14T09:31:20.214+0000] {logging_mixin.py:188} INFO - [2026-08-14T09:31:20.214+0000] {dag.py:3036} INFO - Sync 2 DAGs
[2026-08-14T09:31:20.227+0000] {logging_mixin.py:188} INFO - [2026-08-14T09:31:20.227+0000] {dag.py:3823} INFO - Setting next_dagrun for example_xcom_args to None, run_after=None
[2026-08-14T09:31:20.231+0000] {logging_mixin.py:188} INFO - [2026-08-14T09:31:20.231+0000] {dag.py:3823} INFO - Setting next_dagrun for example_xcom_args_with_operators to None, run_after=None
[2026-08-14T09:31:20.284+0000] {processor.py:183} INFO - Processing /home/airflow/.local/lib/python3.8/site-packages/airflow/example_dags/example_xcomargs.py took 0.098 seconds
[2026-08-14T09:31:50.628+0000] {processor.py:161} INFO - Started process (PID=380) to work on /home/airflow/.local/lib/python3.8/site-packages/airflow/example_dags/example_xcomargs.py
[2026-08-14T09:31:50.629+0000] {processor.py:830} INFO - Processing file /home/airflow/.local/lib/python3.8/site-packages/airflow/example_dags/example_xcomargs.py for tasks to queue
[2026-08-14T09:31:50.632+0000] {logging_mixin.py:188} INFO - [2026-08-14T09:31:50.631+0000] {dagbag.py:538} INFO - Filling up the DagBag from /home/airflow/.local/lib/python3.8/site-packages/airflow/example_dags/example_xcomargs.py
[2026-08-14T09:31:50.642+0000] {processor.py:840} INFO - DAG(s) 'example_xcom_args', 'example_xcom_args_with_operators' retrieved from /home/airflow/.local/lib/python3.8/site-packages/airflow/example_dags/example_xcomargs.py
[2026-08-14T09:31:50.795+0000] {logging_mixin.py:188} INFO - [2026-08-14T09:31:50.795+0000] {dag.py:3036} INFO - Sync 2 DAGs
[2026-08-14T09:31:50.807+0000] {logging_mixin.py:188} INFO - [2026-08-14T09:31:50.807+0000] {dag.py:3823} INFO - Setting next_dagrun for example_xcom_args to None, run_after=None
[2026-08-14T09:31:50.811+0000] {logging_mixin.py:188} INFO - [2026-08-14T09:31:50.810+0000] {dag.py:3823} INFO - Setting next_dagrun for example_xcom_args_with_operators to None, run_after=None
[2026-08-14T09:31:50.859+0000] {processor.py:183} INFO - Processing /home/airflow/.local/lib/python3.8/site-packages/airflow/example_dags/example_xcomargs.py took 0.235 seconds
[2026-08-14T09:32:21.875+0000] {processor.py:161} INFO - Started process (PID=461) to work on /home/airflow/.local/lib/python3.8/site-packages/airflow/example_dags/example_xcomargs.py
[2026-08-14T09:32:21.876+0000] {processor.py:830} INFO - Processing file /home/airflow/.local/lib/python3.8/site-packages/airflow/example_dags/example_xcomargs.py for tasks to queue
[2026-08-14T09:32:21.879+0000] {logging_mixin.py:188} INFO - [2026-08-14T09:32:21.878+0000] {dagbag.py:538} INFO - Filling up the DagBag from /home/airflow/.local/lib/python3.8/site-packages/airflow/example_dags/example_xcomargs.py
[2026-08-14T09:32:21.886+0000] {processor.py:840} INFO - DAG(s) 'example_xcom_args', 'example_xcom_args_with_operators' retrieved from /home/airflow/.local/lib/python3.8/site-packages/airflow/example_dags/example_xcomargs.py
[2026-08-14T09:32:21.910+0000] {logging_mixin.py:188} INFO - [2026-08-14T09:32:21.910+0000] {dag.py:3036} INFO - Sync 2 DAGs
[2026-08-14T09:32:21.923+0000] {logging_mixin.py:188} INFO - [2026-08-14T09:32:21.923+0000] {dag.py:3823} INFO - Setting next_dagrun for example_xcom_args to None, run_after=None
[2026-08-14T09:32:21.927+0000] {logging_mixin.py:188} INFO - [2026-08-14T09:32:21.927+0000] {dag.py:3823} INFO - Setting next_dagrun for example_xcom_args_with_operators to None, run_after=None
[2026-08-14T09:32:21.979+0000] {processor.py:183} INFO - Processing /home/airflow/.local/lib/python3.8/site-packages/airflow/example_dags/example_xcomargs.py took 0.109 seconds
[2026-08-14T09:32:52.272+0000] {processor.py:161} INFO - Started process (PID=534) to work on /home/airflow/.local/lib/python3.8/site-packages/airflow/example_dags/example_xcomargs.py
[2026-08-14T09:32:52.274+0000] {processor.py:830} INFO - Processing file /home/airflow/.local/lib/python3.8/site-packages/airflow/example_dags/example_xcomargs.py for tasks to queue
[2026-08-14T09:32:52.276+0000] {logging_mixin.py:188} INFO - [2026-08-14T09:32:52.276+0000] {dagbag.py:538} INFO - Filling up the DagBag from /home/airflow/.local/lib/python3.8/site-packages/airflow/example_dags/example_xcomargs.py
[2026-08-14T09:32:52.284+0000] {processor.py:840} INFO - DAG(s) 'example_xcom_args_with_operators', 'example_xcom_args' retrieved from /home/airflow/.local/lib/python3.8/site-packages/airflow/example_dags/example_xcomargs.py
[2026-08-14T09:32:52.309+0000] {logging_mixin.py:188} INFO - [2026-08-14T09:32:52.308+0000] {dag.py:3036} INFO - Sync 2 DAGs
[2026-08-14T09:32:52.321+0000] {logging_mixin.py:188} INFO - [2026-08-14T09:32:52.321+0000] {dag.py:3823} INFO - Setting next_dagrun for example_xcom_args to None, run_after=None
[2026-08-14T09:32:52.325+0000] {logging_mixin.py:188} INFO - [2026-08-14T09:32:52.325+0000] {dag.py:3823} INFO - Setting next_dagrun for example_xcom_args_with_operators to None, run_after=None
[2026-08-14T09:32:52.362+0000] {processor.py:183} INFO - Processing /home/airflow/.local/lib/python3.8/site-packages/airflow/example_dags/example_xcomargs.py took 0.095 seconds
[2026-08-14T09:33:22.491+0000] {processor.py:161} INFO - Started process (PID=607) to work on /home/airflow/.local/lib/python3.8/site-packages/airflow/example_dags/example_xcomargs.py
[2026-08-14T09:33:22.492+0000] {processor.py:830} INFO - Processing file /home/airflow/.local/lib/python3.8/site-packages/airflow/example_dags/example_xcomargs.py for tasks to queue
[2026-08-14T09:33:22.495+0000] {logging_mixin.py:188} INFO - [2026-08-14T09:33:22.494+0000] {dagbag.py:538} INFO - Filling up the DagBag from /home/airflow/.local/lib/python3.8/site-packages/airflow/example_dags/example_xcomargs.py
[2026-08-14T09:33:22.505+0000] {processor.py:840} INFO - DAG(s) 'example_xcom_args', 'example_xcom_args_with_operators' retrieved from /home/airflow/.local/lib/python3.8/site-packages/airflow/example_dags/example_xcomargs.py
[2026-08-14T09:33:22.534+0000] {logging_mixin.py:188} INFO - [2026-08-14T09:33:22.533+0000] {dag.py:3036} INFO - Sync 2 DAGs
[2026-08-14T09:33:22.547+0000] {logging_mixin.py:188} INFO - [2026-08-14T09:33:22.546+0000] {dag.py:3823} INFO - Setting next_dagrun for example_xcom_args to None, run_after=None
[2026-08-14T09:33:22.551+0000] {logging_mixin.py:188} INFO - [2026-08-14T09:33:22.550+0000] {dag.py:3823} INFO - Setting next_dagrun for example_xcom_args_with_operators to None, run_after=None
[2026-08-14T09:33:22.568+0000] {processor.py:183} INFO - Processing /home/airflow/.local/lib/python3.8/site-packages/airflow/example_dags/example_xcomargs.py took 0.081 seconds
[2026-08-14T09:33:52.687+0000] {processor.py:161} INFO - Started process (PID=680) to work on /home/airflow/.local/lib/python3.8/site-packages/airflow/example_dags/example_xcomargs.py
[2026-08-14T09:33:52.688+0000] {processor.py:830} INFO - Processing file /home/airflow/.local/lib/python3.8/site-packages/airflow/example_dags/example_xcomargs.py for tasks to queue
[2026-08-14T09:33:52.693+0000] {logging_mixin.py:188} INFO - [2026-08-14T09:33:52.692+0000] {dagbag.py:538} INFO - Filling up the DagBag from /home/airflow/.local/lib/python3.8/site-packages/airflow/example_dags/example_xcomargs.py
[2026-08-14T09:33:52.714+0000] {processor.py:840} INFO - DAG(s) 'example_xcom_args', 'example_xcom_args_with_operators' retrieved from /home/airflow/.local/lib/python3.8/site-packages/airflow/example_dags/example_xcomargs.py
[2026-08-14T09:33:52.763+0000] {logging_mixin.py:188} INFO - [2026-08-14T09:33:52.763+0000] {dag.py:3036} INFO - Sync 2 DAGs
[2026-08-14T09:33:52.785+0000] {logging_mixin.py:188} INFO - [2026-08-14T09:33:52.785+0000] {dag.py:3823} INFO - Setting next_dagrun for example_xcom_args to None, run_after=None
[2026-08-14T09:33:52.793+0000] {logging_mixin.py:188} INFO - [2026-08-14T09:33:52.792+0000] {dag.py:3823} INFO - Setting next_dagrun for example_xcom_args_with_operators to None, run_after=None
[2026-08-14T09:33:52.846+0000] {processor.py:183} INFO - Processing /home/airflow/.local/lib/python3.8/site-packages/airflow/example_dags/example_xcomargs.py took 0.164 seconds
[2026-08-14T09:34:23.102+0000] {processor.py:161} INFO - Started process (PID=753) to work on /home/airflow/.local/lib/python3.8/site-packages/airflow/example_dags/example_xcomargs.py
[2026-08-14T09:34:23.104+0000] {processor.py:830} INFO - Processing file /home/airflow/.local/lib/python3.8/site-packages/airflow/example_dags/example_xcomargs.py for tasks to queue
[2026-08-14T09:34:23.106+0000] {logging_mixin.py:188} INFO - [2026-08-14T09:34:23.105+0000] {dagbag.py:538} INFO - Filling up the DagBag from /home/airflow/.local/lib/python3.8/site-packages/airflow/example_dags/example_xcomargs.py
[2026-08-14T09:34:23.113+0000] {processor.py:840} INFO - DAG(s) 'example_xcom_args', 'example_xcom_args_with_operators' retrieved from /home/airflow/.local/lib/python3.8/site-packages/airflow/example_dags/example_xcomargs.py
[2026-08-14T09:34:23.136+0000] {logging_mixin.py:188} INFO - [2026-08-14T09:34:23.136+0000] {dag.py:3036} INFO - Sync 2 DAGs
[2026-08-14T09:34:23.147+0000] {logging_mixin.py:188} INFO - [2026-08-14T09:34:23.147+0000] {dag.py:3823} INFO - Setting next_dagrun for example_xcom_args to None, run_after=None
[2026-08-14T09:34:23.151+0000] {logging_mixin.py:188} INFO - [2026-08-14T09:34:23.151+0000] {dag.py:3823} INFO - Setting next_dagrun for example_xcom_args_with_operators to None, run_after=None
[2026-08-14T09:34:23.168+0000] {processor.py:183} INFO - Processing /home/airflow/.local/lib/python3.8/site-packages/airflow/example_dags/example_xcomargs.py took 0.069 seconds
[2026-08-14T09:34:53.771+0000] {processor.py:161} INFO - Started process (PID=829) to work on /home/airflow/.local/lib/python3.8/site-packages/airflow/example_dags/example_xcomargs.py
[2026-08-14T09:34:53.773+0000] {processor.py:830} INFO - Processing file /home/airflow/.local/lib/python3.8/site-packages/airflow/example_dags/example_xcomargs.py for tasks to queue
[2026-08-14T09:34:53.775+0000] {logging_mixin.py:188} INFO - [2026-08-14T09:34:53.775+0000] {dagbag.py:538} INFO - Filling up the DagBag from /home/airflow/.local/lib/python3.8/site-packages/airflow/example_dags/example_xcomargs.py
[2026-08-14T09:34:53.784+0000] {processor.py:840} INFO - DAG(s) 'example_xcom_args_with_operators', 'example_xcom_args' retrieved from /home/airflow/.local/lib/python3.8/site-packages/airflow/example_dags/example_xcomargs.py
[2026-08-14T09:34:53.809+0000] {logging_mixin.py:188} INFO - [2026-08-14T09:34:53.809+0000] {dag.py:3036} INFO - Sync 2 DAGs
[2026-08-14T09:34:53.825+0000] {logging_mixin.py:188} INFO - [2026-08-14T09:34:53.824+0000] {dag.py:3823} INFO - Setting next_dagrun for example_xcom_args to None, run_after=None
[2026-08-14T09:34:53.829+0000] {logging_mixin.py:188} INFO - [2026-08-14T09:34:53.829+0000] {dag.py:3823} INFO - Setting next_dagrun for example_xcom_args_with_operators to None, run_after=None
[2026-08-14T09:34:53.856+0000] {processor.py:183} INFO - Processing /home/airflow/.local/lib/python3.8/site-packages/airflow/example_dags/example_xcomargs.py took 0.089 seconds
[2026-08-14T09:35:24.058+0000] {processor.py:161} INFO - Started process (PID=912) to work on /home/airflow/.local/lib/python3.8/site-packages/airflow/example_dags/example_xcomargs.py
[2026-08-14T09:35:24.060+0000] {processor.py:830} INFO - Processing file /home/airflow/.local/lib/python3.8/site-packages/airflow/example_dags/example_xcomargs.py for tasks to queue
[2026-08-14T09:35:24.062+0000] {logging_mixin.py:188} INFO - [2026-08-14T09:35:24.062+0000] {dagbag.py:538} INFO - Filling up the DagBag from /home/airflow/.local/lib/python3.8/site-packages/airflow/example_dags/example_xcomargs.py
[2026-08-14T09:35:24.072+0000] {processor.py:840} INFO - DAG(s) 'example_xcom_args_with_operators', 'example_xcom_args' retrieved from /home/airflow/.local/lib/python3.8/site-packages/airflow/example_dags/example_xcomargs.py
[2026-08-14T09:35:24.099+0000] {logging_mixin.py:188} INFO - [2026-08-14T09:35:24.099+0000] {dag.py:3036} INFO - Sync 2 DAGs
[2026-08-14T09:35:24.113+0000] {logging_mixin.py:188} INFO - [2026-08-14T09:35:24.112+0000] {dag.py:3823} INFO - Setting next_dagrun for example_xcom_args to None, run_after=None
[2026-08-14T09:35:24.119+0000] {logging_mixin.py:188} INFO - [2026-08-14T09:35:24.118+0000] {dag.py:3823} INFO - Setting next_dagrun for example_xcom_args_with_operators to None, run_after=None
[2026-08-14T09:35:24.143+0000] {processor.py:183} INFO - Processing /home/airflow/.local/lib/python3.8/site-packages/airflow/example_dags/example_xcomargs.py took 0.089 seconds
[2026-08-14T09:35:54.354+0000] {processor.py:161} INFO - Started process (PID=997) to work on /home/airflow/.local/lib/python3.8/site-packages/airflow/example_dags/example_xcomargs.py
[2026-08-14T09:35:54.356+0000] {processor.py:830} INFO - Processing file /home/airflow/.local/lib/python3.8/site-packages/airflow/example_dags/example_xcomargs.py for tasks to queue
[2026-08-14T09:35:54.360+0000] {logging_mixin.py:188} INFO - [2026-08-14T09:35:54.359+0000] {dagbag.py:538} INFO - Filling up the DagBag from /home/airflow/.local/lib/python3.8/site-packages/airflow/example_dags/example_xcomargs.py
[2026-08-14T09:35:54.370+0000] {processor.py:840} INFO - DAG(s) 'example_xcom_args_with_operators', 'example_xcom_args' retrieved from /home/airflow/.local/lib/python3.8/site-packages/airflow/example_dags/example_xcomargs.py
[2026-08-14T09:35:54.396+0000] {logging_mixin.py:188} INFO - [2026-08-14T09:35:54.396+0000] {dag.py:3036} INFO - Sync 2 DAGs
[2026-08-14T09:35:54.409+0000] {logging_mixin.py:188} INFO - [2026-08-14T09:35:54.409+0000] {dag.py:3823} INFO - Setting next_dagrun for example_xcom_args to None, run_after=None
[2026-08-14T09:35:54.413+0000] {logging_mixin.py:188} INFO - [2026-08-14T09:35:54.413+0000] {dag.py:3823} INFO - Setting next_dagrun for example_xcom_args_with_operators to None, run_after=None
[2026-08-14T09:35:54.435+0000] {processor.py:183} INFO - Processing /home/airflow/.local/lib/python3.8/site-packages/airflow/example_dags/example_xcomargs.py took 0.085 seconds
[2026-08-14T09:36:25.272+0000] {processor.py:161} INFO - Started process (PID=1082) to work on /home/airflow/.local/lib/python3.8/site-packages/airflow/example_dags/example_xcomargs.py
[2026-08-14T09:36:25.273+0000] {processor.py:830} INFO - Processing file /home/airflow/.local/lib/python3.8/site-packages/airflow/example_dags/example_xcomargs.py for tasks to queue
[2026-08-14T09:36:25.276+0000] {logging_mixin.py:188} INFO - [2026-08-14T09:36:25.275+0000] {dagbag.py:538} INFO - Filling up the DagBag from /home/airflow/.local/lib/python3.8/site-packages/airflow/example_dags/example_xcomargs.py
[2026-08-14T09:36:25.285+0000] {processor.py:840} INFO - DAG(s) 'example_xcom_args_with_operators', 'example_xcom_args' retrieved from /home/airflow/.local/lib/python3.8/site-packages/airflow/example_dags/example_xcomargs.py
[2026-08-14T09:36:25.314+0000] {logging_mixin.py:188} INFO - [2026-08-14T09:36:25.314+0000] {dag.py:3036} INFO - Sync 2 DAGs
[2026-08-14T09:36:25.329+0000] {logging_mixin.py:188} INFO - [2026-08-14T09:36:25.329+0000] {dag.py:3823} INFO - Setting next_dagrun for example_xcom_args to None, run_after=None
[2026-08-14T09:36:25.333+0000] {logging_mixin.py:188} INFO - [2026-08-14T09:36:25.333+0000] {dag.py:3823} INFO - Setting next_dagrun for example_xcom_args_with_operators to None, run_after=None
[2026-08-14T09:36:25.353+0000] {processor.py:183} INFO - Processing /home/airflow/.local/lib/python3.8/site-packages/airflow/example_dags/example_xcomargs.py took 0.085 seconds
[2026-08-14T09:36:56.021+0000] {processor.py:161} INFO - Started process (PID=1157) to work on /home/airflow/.local/lib/python3.8/site-packages/airflow/example_dags/example_xcomargs.py
[2026-08-14T09:36:56.023+0000] {processor.py:830} INFO - Processing file /home/airflow/.local/lib/python3.8/site-packages/airflow/example_dags/example_xcomargs.py for tasks to queue
[2026-08-14T09:36:56.026+0000] {logging_mixin.py:188} INFO - [2026-08-14T09:36:56.025+0000] {dagbag.py:538} INFO - Filling up the DagBag from /home/airflow/.local/lib/python3.8/site-packages/airflow/example_dags/example_xcomargs.py
[2026-08-14T09:36:56.038+0000] {processor.py:840} INFO - DAG(s) 'example_xcom_args_with_operators', 'example_xcom_args' retrieved from /home/airflow/.local/lib/python3.8/site-packages/airflow/example_dags/example_xcomargs.py
[2026-08-14T09:36:56.070+0000] {logging_mixin.py:188} INFO - [2026-08-14T09:36:56.070+0000] {dag.py:3036} INFO - Sync 2 DAGs
[2026-08-14T09:36:56.088+0000] {logging_mixin.py:188} INFO - [2026-08-14T09:36:56.088+0000] {dag.py:3823} INFO - Setting next_dagrun for example_xcom_args to None, run_after=None
[2026-08-14T09:36:56.093+0000] {logging_mixin.py:188} INFO - [2026-08-14T09:36:56.093+0000] {dag.py:3823} INFO - Setting next_dagrun for example_xcom_args_with_operators to None, run_after=None
[2026-08-14T09:36:56.119+0000] {processor.py:183} INFO - Processing /home/airflow/.local/lib/python3.8/site-packages/airflow/example_dags/example_xcomargs.py took 0.103 seconds
[2026-08-14T09:37:26.900+0000] {processor.py:161} INFO - Started process (PID=1232) to work on /home/airflow/.local/lib/python3.8/site-packages/airflow/example_dags/example_xcomargs.py
[2026-08-14T09:37:26.902+0000] {processor.py:830} INFO - Processing file /home/airflow/.local/lib/python3.8/site-packages/airflow/example_dags/example_xcomargs.py for tasks to queue
[2026-08-14T09:37:26.905+0000] {logging_mixin.py:188} INFO - [2026-08-14T09:37:26.904+0000] {dagbag.py:538} INFO - Filling up the DagBag from /home/airflow/.local/lib/python3.8/site-packages/airflow/example_dags/example_xcomargs.py
[2026-08-14T09:37:26.916+0000] {processor.py:840} INFO - DAG(s) 'example_xcom_args_with_operators', 'example_xcom_args' retrieved from /home/airflow/.local/lib/python3.8/site-packages/airflow/example_dags/example_xcomargs.py
[2026-08-14T09:37:26.946+0000] {logging_mixin.py:188} INFO - [2026-08-14T09:37:26.945+0000] {dag.py:3036} INFO - Sync 2 DAGs
[2026-08-14T09:37:26.960+0000] {logging_mixin.py:188} INFO - [2026-08-14T09:37:26.960+0000] {dag.py:3823} INFO - Setting next_dagrun for example_xcom_args to None, run_after=None
[2026-08-14T09:37:26.965+0000] {logging_mixin.py:188} INFO - [2026-08-14T09:37:26.965+0000] {dag.py:3823} INFO - Setting next_dagrun for example_xcom_args_with_operators to None, run_after=None
[2026-08-14T09:37:27.015+0000] {processor.py:183} INFO - Processing /home/airflow/.local/lib/python3.8/site-packages/airflow/example_dags/example_xcomargs.py took 0.119 seconds
[2026-08-14T09:37:57.175+0000] {processor.py:161} INFO - Started process (PID=1308) to work on /home/airflow/.local/lib/python3.8/site-packages/airflow/example_dags/example_xcomargs.py
[2026-08-14T09:37:57.176+0000] {processor.py:830} INFO - Processing file /home/airflow/.local/lib/python3.8/site-packages/airflow/example_dags/example_xcomargs.py for tasks to queue
[2026-08-14T09:37:57.179+0000] {logging_mixin.py:188} INFO - [2026-08-14T09:37:57.178+0000] {dagbag.py:538} INFO - Filling up the DagBag from /home/airflow/.local/lib/python3.8/site-packages/airflow/example_dags/example_xcomargs.py
[2026-08-14T09:37:57.190+0000] {processor.py:840} INFO - DAG(s) 'example_xcom_args_with_operators', 'example_xcom_args' retrieved from /home/airflow/.local/lib/python3.8/site-packages/airflow/example_dags/example_xcomargs.py
[2026-08-14T09:37:57.218+0000] {logging_mixin.py:188} INFO - [2026-08-14T09:37:57.218+0000] {dag.py:3036} INFO - Sync 2 DAGs
[2026-08-14T09:37:57.232+0000] {logging_mixin.py:188} INFO - [2026-08-14T09:37:57.232+0000] {dag.py:3823} INFO - Setting next_dagrun for example_xcom_args to None, run_after=None
[2026-08-14T09:37:57.237+0000] {logging_mixin.py:188} INFO - [2026-08-14T09:37:57.236+0000] {dag.py:3823} INFO - Setting next_dagrun for example_xcom_args_with_operators to None, run_after=None
[2026-08-14T09:37:57.260+0000] {processor.py:183} INFO - Processing /home/airflow/.local/lib/python3.8/site-packages/airflow/example_dags/example_xcomargs.py took 0.089 seconds
[2026-08-14T09:38:27.367+0000] {processor.py:161} INFO - Started process (PID=1384) to work on /home/airflow/.local/lib/python3.8/site-packages/airflow/example_dags/example_xcomargs.py
[2026-08-14T09:38:27.368+0000] {processor.py:830} INFO - Processing file /home/airflow/.local/lib/python3.8/site-packages/airflow/example_dags/example_xcomargs.py for tasks to queue
[2026-08-14T09:38:27.370+0000] {logging_mixin.py:188} INFO - [2026-08-14T09:38:27.370+0000] {dagbag.py:538} INFO - Filling up the DagBag from /home/airflow/.local/lib/python3.8/site-packages/airflow/example_dags/example_xcomargs.py
[2026-08-14T09:38:27.379+0000] {processor.py:840} INFO - DAG(s) 'example_xcom_args', 'example_xcom_args_with_operators' retrieved from /home/airflow/.local/lib/python3.8/site-packages/airflow/example_dags/example_xcomargs.py
[2026-08-14T09:38:27.405+0000] {logging_mixin.py:188} INFO - [2026-08-14T09:38:27.405+0000] {dag.py:3036} INFO - Sync 2 DAGs
[2026-08-14T09:38:27.417+0000] {logging_mixin.py:188} INFO - [2026-08-14T09:38:27.417+0000] {dag.py:3823} INFO - Setting next_dagrun for example_xcom_args to None, run_after=None
[2026-08-14T09:38:27.422+0000] {logging_mixin.py:188} INFO - [2026-08-14T09:38:27.421+0000] {dag.py:3823} INFO - Setting next_dagrun for example_xcom_args_with_operators to None, run_after=None
[2026-08-14T09:38:27.440+0000] {processor.py:183} INFO - Processing /home/airflow/.local/lib/python3.8/site-packages/airflow/example_dags/example_xcomargs.py took 0.077 seconds
[2026-08-14T09:38:57.625+0000] {processor.py:161} INFO - Started process (PID=1458) to work on /home/airflow/.local/lib/python3.8/site-packages/airflow/example_dags/example_xcomargs.py
[2026-08-14T09:38:57.626+0000] {processor.py:830} INFO - Processing file /home/airflow/.local/lib/python3.8/site-packages/airflow/example_dags/example_xcomargs.py for tasks to queue
[2026-08-14T09:38:57.629+0000] {logging_mixin.py:188} INFO - [2026-08-14T09:38:57.629+0000] {dagbag.py:538} INFO - Filling up the DagBag from /home/airflow/.local/lib/python3.8/site-packages/airflow/example_dags/example_xcomargs.py
[2026-08-14T09:38:57.638+0000] {processor.py:840} INFO - DAG(s) 'example_xcom_args_with_operators', 'example_xcom_args' retrieved from /home/airflow/.local/lib/python3.8/site-packages/airflow/example_dags/example_xcomargs.py
[2026-08-14T09:38:57.666+0000] {logging_mixin.py:188} INFO - [2026-08-14T09:38:57.666+0000] {dag.py:3036} INFO - Sync 2 DAGs
[2026-08-14T09:38:57.679+0000] {logging_mixin.py:188} INFO - [2026-08-14T09:38:57.679+0000] {dag.py:3823} INFO - Setting next_dagrun for example_xcom_args to None, run_after=None
[2026-08-14T09:38:57.683+0000] {logging_mixin.py:188} INFO - [2026-08-14T09:38:57.683+0000] {dag.py:3823} INFO - Setting next_dagrun for example_xcom_args_with_operators to None, run_after=None
[2026-08-14T09:38:57.703+0000] {processor.py:183} INFO - Processing /home/airflow/.local/lib/python3.8/site-packages/airflow/example_dags/example_xcomargs.py took 0.083 seconds
[2026-08-14T09:39:28.023+0000] {processor.py:161} INFO - Started process (PID=1533) to work on /home/airflow/.local/lib/python3.8/site-packages/airflow/example_dags/example_xcomargs.py
[2026-08-14T09:39:28.025+0000] {processor.py:830} INFO - Processing file /home/airflow/.local/lib/python3.8/site-packages/airflow/example_dags/example_xcomargs.py for tasks to queue
[2026-08-14T09:39:28.027+0000] {logging_mixin.py:188} INFO - [2026-08-14T09:39:28.027+0000] {dagbag.py:538} INFO - Filling up the DagBag from /home/airflow/.local/lib/python3.8/site-packages/airflow/example_dags/example_xcomargs.py
[2026-08-14T09:39:28.038+0000] {processor.py:840} INFO - DAG(s) 'example_xcom_args', 'example_xcom_args_with_operators' retrieved from /home/airflow/.local/lib/python3.8/site-packages/airflow/example_dags/example_xcomargs.py
[2026-08-14T09:39:28.072+0000] {logging_mixin.py:188} INFO - [2026-08-14T09:39:28.072+0000] {dag.py:3036} INFO - Sync 2 DAGs
[2026-08-14T09:39:28.086+0000] {logging_mixin.py:188} INFO - [2026-08-14T09:39:28.086+0000] {dag.py:3823} INFO - Setting next_dagrun for example_xcom_args to None, run_after=None
[2026-08-14T09:39:28.090+0000] {logging_mixin.py:188} INFO - [2026-08-14T09:39:28.090+0000] {dag.py:3823} INFO - Setting next_dagrun for example_xcom_args_with_operators to None, run_after=None
[2026-08-14T09:39:28.111+0000] {processor.py:183} INFO - Processing /home/airflow/.local/lib/python3.8/site-packages/airflow/example_dags/example_xcomargs.py took 0.091 seconds
[2026-08-14T09:39:58.941+0000] {processor.py:161} INFO - Started process (PID=1608) to work on /home/airflow/.local/lib/python3.8/site-packages/airflow/example_dags/example_xcomargs.py
[2026-08-14T09:39:58.942+0000] {processor.py:830} INFO - Processing file /home/airflow/.local/lib/python3.8/site-packages/airflow/example_dags/example_xcomargs.py for tasks to queue
[2026-08-14T09:39:58.945+0000] {logging_mixin.py:188} INFO - [2026-08-14T09:39:58.945+0000] {dagbag.py:538} INFO - Filling up the DagBag from /home/airflow/.local/lib/python3.8/site-packages/airflow/example_dags/example_xcomargs.py
[2026-08-14T09:39:58.956+0000] {processor.py:840} INFO - DAG(s) 'example_xcom_args_with_operators', 'example_xcom_args' retrieved from /home/airflow/.local/lib/python3.8/site-packages/airflow/example_dags/example_xcomargs.py
[2026-08-14T09:39:58.978+0000] {logging_mixin.py:188} INFO - [2026-08-14T09:39:58.978+0000] {dag.py:3036} INFO - Sync 2 DAGs
[2026-08-14T09:39:58.991+0000] {logging_mixin.py:188} INFO - [2026-08-14T09:39:58.991+0000] {dag.py:3823} INFO - Setting next_dagrun for example_xcom_args to None, run_after=None
[2026-08-14T09:39:58.995+0000] {logging_mixin.py:188} INFO - [2026-08-14T09:39:58.995+0000] {dag.py:3823} INFO - Setting next_dagrun for example_xcom_args_with_operators to None, run_after=None
[2026-08-14T09:39:59.014+0000] {processor.py:183} INFO - Processing /home/airflow/.local/lib/python3.8/site-packages/airflow/example_dags/example_xcomargs.py took 0.077 seconds
[2026-08-14T09:40:29.152+0000] {processor.py:161} INFO - Started process (PID=1683) to work on /home/airflow/.local/lib/python3.8/site-packages/airflow/example_dags/example_xcomargs.py
[2026-08-14T09:40:29.156+0000] {processor.py:830} INFO - Processing file /home/airflow/.local/lib/python3.8/site-packages/airflow/example_dags/example_xcomargs.py for tasks to queue
[2026-08-14T09:40:29.158+0000] {logging_mixin.py:188} INFO - [2026-08-14T09:40:29.158+0000] {dagbag.py:538} INFO - Filling up the DagBag from /home/airflow/.local/lib/python3.8/site-packages/airflow/example_dags/example_xcomargs.py
[2026-08-14T09:40:29.170+0000] {processor.py:840} INFO - DAG(s) 'example_xcom_args_with_operators', 'example_xcom_args' retrieved from /home/airflow/.local/lib/python3.8/site-packages/airflow/example_dags/example_xcomargs.py
[2026-08-14T09:40:29.195+0000] {logging_mixin.py:188} INFO - [2026-08-14T09:40:29.195+0000] {dag.py:3036} INFO - Sync 2 DAGs
[2026-08-14T09:40:29.209+0000] {logging_mixin.py:188} INFO - [2026-08-14T09:40:29.208+0000] {dag.py:3823} INFO - Setting next_dagrun for example_xcom_args to None, run_after=None
[2026-08-14T09:40:29.213+0000] {logging_mixin.py:188} INFO - [2026-08-14T09:40:29.212+0000] {dag.py:3823} INFO - Setting next_dagrun for example_xcom_args_with_operators to None, run_after=None
[2026-08-14T09:40:29.234+0000] {processor.py:183} INFO - Processing /home/airflow/.local/lib/python3.8/site-packages/airflow/example_dags/example_xcomargs.py took 0.086 seconds
[2026-08-14T09:40:59.619+0000] {processor.py:161} INFO - Started process (PID=1758) to work on /home/airflow/.local/lib/python3.8/site-packages/airflow/example_dags/example_xcomargs.py
[2026-08-14T09:40:59.621+0000] {processor.py:830} INFO - Processing file /home/airflow/.local/lib/python3.8/site-packages/airflow/example_dags/example_xcomargs.py for tasks to queue
[2026-08-14T09:40:59.623+0000] {logging_mixin.py:188} INFO - [2026-08-14T09:40:59.623+0000] {dagbag.py:538} INFO - Filling up the DagBag from /home/airflow/.local/lib/python3.8/site-packages/airflow/example_dags/example_xcomargs.py
[2026-08-14T09:40:59.632+0000] {processor.py:840} INFO - DAG(s) 'example_xcom_args_with_operators', 'example_xcom_args' retrieved from /home/airflow/.local/lib/python3.8/site-packages/airflow/example_dags/example_xcomargs.py
[2026-08-14T09:40:59.656+0000] {logging_mixin.py:188} INFO - [2026-08-14T09:40:59.656+0000] {dag.py:3036} INFO - Sync 2 DAGs
[2026-08-14T09:40:59.667+0000] {logging_mixin.py:188} INFO - [2026-08-14T09:40:59.667+0000] {dag.py:3823} INFO - Setting next_dagrun for example_xcom_args to None, run_after=None
[2026-08-14T09:40:59.671+0000] {logging_mixin.py:188} INFO - [2026-08-14T09:40:59.671+0000] {dag.py:3823} INFO - Setting next_dagrun for example_xcom_args_with_operators to None, run_after=None
[2026-08-14T09:40:59.689+0000] {processor.py:183} INFO - Processing /home/airflow/.local/lib/python3.8/site-packages/airflow/example_dags/example_xcomargs.py took 0.074 seconds
[2026-08-14T09:41:30.047+0000] {processor.py:161} INFO - Started process (PID=1833) to work on /home/airflow/.local/lib/python3.8/site-packages/airflow/example_dags/example_xcomargs.py
[2026-08-14T09:41:30.048+0000] {processor.py:830} INFO - Processing file /home/airflow/.local/lib/python3.8/site-packages/airflow/example_dags/example_xcomargs.py for tasks to queue
[2026-08-14T09:41:30.050+0000] {logging_mixin.py:188} INFO - [2026-08-14T09:41:30.050+0000] {dagbag.py:538} INFO - Filling up the DagBag from /home/airflow/.local/lib/python3.8/site-packages/airflow/example_dags/example_xcomargs.py
[2026-08-14T09:41:30.058+0000] {processor.py:840} INFO - DAG(s) 'example_xcom_args', 'example_xcom_args_with_operators' retrieved from /home/airflow/.local/lib/python3.8/site-packages/airflow/example_dags/example_xcomargs.py
[2026-08-14T09:41:30.081+0000] {logging_mixin.py:188} INFO - [2026-08-14T09:41:30.081+0000] {dag.py:3036} INFO - Sync 2 DAGs
[2026-08-14T09:41:30.093+0000] {logging_mixin.py:188} INFO - [2026-08-14T09:41:30.093+0000] {dag.py:3823} INFO - Setting next_dagrun for example_xcom_args to None, run_after=None
[2026-08-14T09:41:30.097+0000] {logging_mixin.py:188} INFO - [2026-08-14T09:41:30.097+0000] {dag.py:3823} INFO - Setting next_dagrun for example_xcom_args_with_operators to None, run_after=None
[2026-08-14T09:41:30.115+0000] {processor.py:183} INFO - Processing /home/airflow/.local/lib/python3.8/site-packages/airflow/example_dags/example_xcomargs.py took 0.072 seconds
[2026-08-14T09:42:00.558+0000] {processor.py:161} INFO - Started process (PID=1908) to work on /home/airflow/.local/lib/python3.8/site-packages/airflow/example_dags/example_xcomargs.py
[2026-08-14T09:42:00.559+0000] {processor.py:830} INFO - Processing file /home/airflow/.local/lib/python3.8/site-packages/airflow/example_dags/example_xcomargs.py for tasks to queue
[2026-08-14T09:42:00.561+0000] {logging_mixin.py:188} INFO - [2026-08-14T09:42:00.561+0000] {dagbag.py:538} INFO - Filling up the DagBag from /home/airflow/.local/lib/python3.8/site-packages/airflow/example_dags/example_xcomargs.py
[2026-08-14T09:42:00.570+0000] {processor.py:840} INFO - DAG(s) 'example_xcom_args', 'example_xcom_args_with_operators' retrieved from /home/airflow/.local/lib/python3.8/site-packages/airflow/example_dags/example_xcomargs.py
[2026-08-14T09:42:00.596+0000] {logging_mixin.py:188} INFO - [2026-08-14T09:42:00.596+0000] {dag.py:3036} INFO - Sync 2 DAGs
[2026-08-14T09:42:00.614+0000] {logging_mixin.py:188} INFO - [2026-08-14T09:42:00.614+0000] {dag.py:3823} INFO - Setting next_dagrun for example_xcom_args to None, run_after=None
[2026-08-14T09:42:00.619+0000] {logging_mixin.py:188} INFO - [2026-08-14T09:42:00.618+0000] {dag.py:3823} INFO - Setting next_dagrun for example_xcom_args_with_operators to None, run_after=None
[2026-08-14T09:42:00.636+0000] {processor.py:183} INFO - Processing /home/airflow/.local/lib/python3.8/site-packages/airflow/example_dags/example_xcomargs.py took 0.081 seconds
[2026-08-14T09:42:32.949+0000] {processor.py:161} INFO - Started process (PID=1984) to work on /home/airflow/.local/lib/python3.8/site-packages/airflow/example_dags/example_xcomargs.py
[2026-08-14T09:42:32.950+0000] {processor.py:830} INFO - Processing file /home/airflow/.local/lib/python3.8/site-packages/airflow/example_dags/example_xcomargs.py for tasks to queue
[2026-08-14T09:42:32.953+0000] {logging_mixin.py:188} INFO - [2026-08-14T09:42:32.953+0000] {dagbag.py:538} INFO - Filling up the DagBag from /home/airflow/.local/lib/python3.8/site-packages/airflow/example_dags/example_xcomargs.py
[2026-08-14T09:42:32.963+0000] {processor.py:840} INFO - DAG(s) 'example_xcom_args', 'example_xcom_args_with_operators' retrieved from /home/airflow/.local/lib/python3.8/site-packages/airflow/example_dags/example_xcomargs.py
[2026-08-14T09:42:32.989+0000] {logging_mixin.py:188} INFO - [2026-08-14T09:42:32.989+0000] {dag.py:3036} INFO - Sync 2 DAGs
[2026-08-14T09:42:33.146+0000] {logging_mixin.py:188} INFO - [2026-08-14T09:42:33.146+0000] {dag.py:3823} INFO - Setting next_dagrun for example_xcom_args to None, run_after=None
[2026-08-14T09:42:33.150+0000] {logging_mixin.py:188} INFO - [2026-08-14T09:42:33.149+0000] {dag.py:3823} INFO - Setting next_dagrun for example_xcom_args_with_operators to None, run_after=None
[2026-08-14T09:42:33.167+0000] {processor.py:183} INFO - Processing /home/airflow/.local/lib/python3.8/site-packages/airflow/example_dags/example_xcomargs.py took 0.224 seconds
[2026-08-14T09:43:05.045+0000] {processor.py:161} INFO - Started process (PID=2059) to work on /home/airflow/.local/lib/python3.8/site-packages/airflow/example_dags/example_xcomargs.py
[2026-08-14T09:43:05.047+0000] {processor.py:830} INFO - Processing file /home/airflow/.local/lib/python3.8/site-packages/airflow/example_dags/example_xcomargs.py for tasks to queue
[2026-08-14T09:43:05.049+0000] {logging_mixin.py:188} INFO - [2026-08-14T09:43:05.048+0000] {dagbag.py:538} INFO - Filling up the DagBag from /home/airflow/.local/lib/python3.8/site-packages/airflow/example_dags/example_xcomargs.py
[2026-08-14T09:43:05.057+0000] {processor.py:840} INFO - DAG(s) 'example_xcom_args_with_operators', 'example_xcom_args' retrieved from /home/airflow/.local/lib/python3.8/site-packages/airflow/example_dags/example_xcomargs.py
[2026-08-14T09:43:05.083+0000] {logging_mixin.py:188} INFO - [2026-08-14T09:43:05.082+0000] {dag.py:3036} INFO - Sync 2 DAGs
[2026-08-14T09:43:05.094+0000] {logging_mixin.py:188} INFO - [2026-08-14T09:43:05.094+0000] {dag.py:3823} INFO - Setting next_dagrun for example_xcom_args to None, run_after=None
[2026-08-14T09:43:05.099+0000] {logging_mixin.py:188} INFO - [2026-08-14T09:43:05.098+0000] {dag.py:3823} INFO - Setting next_dagrun for example_xcom_args_with_operators to None, run_after=None
[2026-08-14T09:43:05.118+0000] {processor.py:183} INFO - Processing /home/airflow/.local/lib/python3.8/site-packages/airflow/example_dags/example_xcomargs.py took 0.078 seconds
[2026-08-14T09:43:35.271+0000] {processor.py:161} INFO - Started process (PID=2134) to work on /home/airflow/.local/lib/python3.8/site-packages/airflow/example_dags/example_xcomargs.py
[2026-08-14T09:43:35.272+0000] {processor.py:830} INFO - Processing file /home/airflow/.local/lib/python3.8/site-packages/airflow/example_dags/example_xcomargs.py for tasks to queue
[2026-08-14T09:43:35.274+0000] {logging_mixin.py:188} INFO - [2026-08-14T09:43:35.274+0000] {dagbag.py:538} INFO - Filling up the DagBag from /home/airflow/.local/lib/python3.8/site-packages/airflow/example_dags/example_xcomargs.py
[2026-08-14T09:43:35.284+0000] {processor.py:840} INFO - DAG(s) 'example_xcom_args', 'example_xcom_args_with_operators' retrieved from /home/airflow/.local/lib/python3.8/site-packages/airflow/example_dags/example_xcomargs.py
[2026-08-14T09:43:35.310+0000] {logging_mixin.py:188} INFO - [2026-08-14T09:43:35.309+0000] {dag.py:3036} INFO - Sync 2 DAGs
[2026-08-14T09:43:35.323+0000] {logging_mixin.py:188} INFO - [2026-08-14T09:43:35.323+0000] {dag.py:3823} INFO - Setting next_dagrun for example_xcom_args to None, run_after=None
[2026-08-14T09:43:35.327+0000] {logging_mixin.py:188} INFO - [2026-08-14T09:43:35.327+0000] {dag.py:3823} INFO - Setting next_dagrun for example_xcom_args_with_operators to None, run_after=None
[2026-08-14T09:43:35.350+0000] {processor.py:183} INFO - Processing /home/airflow/.local/lib/python3.8/site-packages/airflow/example_dags/example_xcomargs.py took 0.084 seconds
[2026-08-14T09:44:06.560+0000] {processor.py:161} INFO - Started process (PID=2209) to work on /home/airflow/.local/lib/python3.8/site-packages/airflow/example_dags/example_xcomargs.py
[2026-08-14T09:44:06.561+0000] {processor.py:830} INFO - Processing file /home/airflow/.local/lib/python3.8/site-packages/airflow/example_dags/example_xcomargs.py for tasks to queue
[2026-08-14T09:44:06.564+0000] {logging_mixin.py:188} INFO - [2026-08-14T09:44:06.563+0000] {dagbag.py:538} INFO - Filling up the DagBag from /home/airflow/.local/lib/python3.8/site-packages/airflow/example_dags/example_xcomargs.py
[2026-08-14T09:44:06.573+0000] {processor.py:840} INFO - DAG(s) 'example_xcom_args', 'example_xcom_args_with_operators' retrieved from /home/airflow/.local/lib/python3.8/site-packages/airflow/example_dags/example_xcomargs.py
[2026-08-14T09:44:06.599+0000] {logging_mixin.py:188} INFO - [2026-08-14T09:44:06.599+0000] {dag.py:3036} INFO - Sync 2 DAGs
[2026-08-14T09:44:06.613+0000] {logging_mixin.py:188} INFO - [2026-08-14T09:44:06.613+0000] {dag.py:3823} INFO - Setting next_dagrun for example_xcom_args to None, run_after=None
[2026-08-14T09:44:06.617+0000] {logging_mixin.py:188} INFO - [2026-08-14T09:44:06.617+0000] {dag.py:3823} INFO - Setting next_dagrun for example_xcom_args_with_operators to None, run_after=None
[2026-08-14T09:44:06.644+0000] {processor.py:183} INFO - Processing /home/airflow/.local/lib/python3.8/site-packages/airflow/example_dags/example_xcomargs.py took 0.089 seconds
[2026-08-14T09:44:36.692+0000] {processor.py:161} INFO - Started process (PID=2284) to work on /home/airflow/.local/lib/python3.8/site-packages/airflow/example_dags/example_xcomargs.py
[2026-08-14T09:44:36.693+0000] {processor.py:830} INFO - Processing file /home/airflow/.local/lib/python3.8/site-packages/airflow/example_dags/example_xcomargs.py for tasks to queue
[2026-08-14T09:44:36.695+0000] {logging_mixin.py:188} INFO - [2026-08-14T09:44:36.694+0000] {dagbag.py:538} INFO - Filling up the DagBag from /home/airflow/.local/lib/python3.8/site-packages/airflow/example_dags/example_xcomargs.py
[2026-08-14T09:44:36.703+0000] {processor.py:840} INFO - DAG(s) 'example_xcom_args_with_operators', 'example_xcom_args' retrieved from /home/airflow/.local/lib/python3.8/site-packages/airflow/example_dags/example_xcomargs.py
[2026-08-14T09:44:36.728+0000] {logging_mixin.py:188} INFO - [2026-08-14T09:44:36.727+0000] {dag.py:3036} INFO - Sync 2 DAGs
[2026-08-14T09:44:36.740+0000] {logging_mixin.py:188} INFO - [2026-08-14T09:44:36.739+0000] {dag.py:3823} INFO - Setting next_dagrun for example_xcom_args to None, run_after=None
[2026-08-14T09:44:36.743+0000] {logging_mixin.py:188} INFO - [2026-08-14T09:44:36.743+0000] {dag.py:3823} INFO - Setting next_dagrun for example_xcom_args_with_operators to None, run_after=None
[2026-08-14T09:44:36.764+0000] {processor.py:183} INFO - Processing /home/airflow/.local/lib/python3.8/site-packages/airflow/example_dags/example_xcomargs.py took 0.076 seconds
[2026-08-14T09:45:07.376+0000] {processor.py:161} INFO - Started process (PID=2359) to work on /home/airflow/.local/lib/python3.8/site-packages/airflow/example_dags/example_xcomargs.py
[2026-08-14T09:45:07.377+0000] {processor.py:830} INFO - Processing file /home/airflow/.local/lib/python3.8/site-packages/airflow/example_dags/example_xcomargs.py for tasks to queue
[2026-08-14T09:45:07.380+0000] {logging_mixin.py:188} INFO - [2026-08-14T09:45:07.379+0000] {dagbag.py:538} INFO - Filling up the DagBag from /home/airflow/.local/lib/python3.8/site-packages/airflow/example_dags/example_xcomargs.py
[2026-08-14T09:45:07.388+0000] {processor.py:840} INFO - DAG(s) 'example_xcom_args_with_operators', 'example_xcom_args' retrieved from /home/airflow/.local/lib/python3.8/site-packages/airflow/example_dags/example_xcomargs.py
[2026-08-14T09:45:07.415+0000] {logging_mixin.py:188} INFO - [2026-08-14T09:45:07.415+0000] {dag.py:3036} INFO - Sync 2 DAGs
[2026-08-14T09:45:07.427+0000] {logging_mixin.py:188} INFO - [2026-08-14T09:45:07.427+0000] {dag.py:3823} INFO - Setting next_dagrun for example_xcom_args to None, run_after=None
[2026-08-14T09:45:07.431+0000] {logging_mixin.py:188} INFO - [2026-08-14T09:45:07.431+0000] {dag.py:3823} INFO - Setting next_dagrun for example_xcom_args_with_operators to None, run_after=None
[2026-08-14T09:45:07.447+0000] {processor.py:183} INFO - Processing /home/airflow/.local/lib/python3.8/site-packages/airflow/example_dags/example_xcomargs.py took 0.075 seconds
[2026-08-14T09:45:38.085+0000] {processor.py:161} INFO - Started process (PID=2442) to work on /home/airflow/.local/lib/python3.8/site-packages/airflow/example_dags/example_xcomargs.py
[2026-08-14T09:45:38.086+0000] {processor.py:830} INFO - Processing file /home/airflow/.local/lib/python3.8/site-packages/airflow/example_dags/example_xcomargs.py for tasks to queue
[2026-08-14T09:45:38.089+0000] {logging_mixin.py:188} INFO - [2026-08-14T09:45:38.089+0000] {dagbag.py:538} INFO - Filling up the DagBag from /home/airflow/.local/lib/python3.8/site-packages/airflow/example_dags/example_xcomargs.py
[2026-08-14T09:45:38.099+0000] {processor.py:840} INFO - DAG(s) 'example_xcom_args_with_operators', 'example_xcom_args' retrieved from /home/airflow/.local/lib/python3.8/site-packages/airflow/example_dags/example_xcomargs.py
[2026-08-14T09:45:38.128+0000] {logging_mixin.py:188} INFO - [2026-08-14T09:45:38.127+0000] {dag.py:3036} INFO - Sync 2 DAGs
[2026-08-14T09:45:38.144+0000] {logging_mixin.py:188} INFO - [2026-08-14T09:45:38.143+0000] {dag.py:3823} INFO - Setting next_dagrun for example_xcom_args to None, run_after=None
[2026-08-14T09:45:38.151+0000] {logging_mixin.py:188} INFO - [2026-08-14T09:45:38.150+0000] {dag.py:3823} INFO - Setting next_dagrun for example_xcom_args_with_operators to None, run_after=None
[2026-08-14T09:45:38.173+0000] {processor.py:183} INFO - Processing /home/airflow/.local/lib/python3.8/site-packages/airflow/example_dags/example_xcomargs.py took 0.092 seconds
[2026-08-14T09:46:08.779+0000] {processor.py:161} INFO - Started process (PID=2531) to work on /home/airflow/.local/lib/python3.8/site-packages/airflow/example_dags/example_xcomargs.py
[2026-08-14T09:46:08.781+0000] {processor.py:830} INFO - Processing file /home/airflow/.local/lib/python3.8/site-packages/airflow/example_dags/example_xcomargs.py for tasks to queue
[2026-08-14T09:46:08.786+0000] {logging_mixin.py:188} INFO - [2026-08-14T09:46:08.785+0000] {dagbag.py:538} INFO - Filling up the DagBag from /home/airflow/.local/lib/python3.8/site-packages/airflow/example_dags/example_xcomargs.py
[2026-08-14T09:46:08.799+0000] {processor.py:840} INFO - DAG(s) 'example_xcom_args', 'example_xcom_args_with_operators' retrieved from /home/airflow/.local/lib/python3.8/site-packages/airflow/example_dags/example_xcomargs.py
[2026-08-14T09:46:08.840+0000] {logging_mixin.py:188} INFO - [2026-08-14T09:46:08.840+0000] {dag.py:3036} INFO - Sync 2 DAGs
[2026-08-14T09:46:08.860+0000] {logging_mixin.py:188} INFO - [2026-08-14T09:46:08.859+0000] {dag.py:3823} INFO - Setting next_dagrun for example_xcom_args to None, run_after=None
[2026-08-14T09:46:08.865+0000] {logging_mixin.py:188} INFO - [2026-08-14T09:46:08.865+0000] {dag.py:3823} INFO - Setting next_dagrun for example_xcom_args_with_operators to None, run_after=None
[2026-08-14T09:46:08.888+0000] {processor.py:183} INFO - Processing /home/airflow/.local/lib/python3.8/site-packages/airflow/example_dags/example_xcomargs.py took 0.116 seconds
[2026-08-14T09:46:39.860+0000] {processor.py:161} INFO - Started process (PID=2610) to work on /home/airflow/.local/lib/python3.8/site-packages/airflow/example_dags/example_xcomargs.py
[2026-08-14T09:46:39.862+0000] {processor.py:830} INFO - Processing file /home/airflow/.local/lib/python3.8/site-packages/airflow/example_dags/example_xcomargs.py for tasks to queue
[2026-08-14T09:46:39.864+0000] {logging_mixin.py:188} INFO - [2026-08-14T09:46:39.864+0000] {dagbag.py:538} INFO - Filling up the DagBag from /home/airflow/.local/lib/python3.8/site-packages/airflow/example_dags/example_xcomargs.py
[2026-08-14T09:46:39.874+0000] {processor.py:840} INFO - DAG(s) 'example_xcom_args_with_operators', 'example_xcom_args' retrieved from /home/airflow/.local/lib/python3.8/site-packages/airflow/example_dags/example_xcomargs.py
[2026-08-14T09:46:39.901+0000] {logging_mixin.py:188} INFO - [2026-08-14T09:46:39.901+0000] {dag.py:3036} INFO - Sync 2 DAGs
[2026-08-14T09:46:39.916+0000] {logging_mixin.py:188} INFO - [2026-08-14T09:46:39.915+0000] {dag.py:3823} INFO - Setting next_dagrun for example_xcom_args to None, run_after=None
[2026-08-14T09:46:39.920+0000] {logging_mixin.py:188} INFO - [2026-08-14T09:46:39.920+0000] {dag.py:3823} INFO - Setting next_dagrun for example_xcom_args_with_operators to None, run_after=None
[2026-08-14T09:46:39.938+0000] {processor.py:183} INFO - Processing /home/airflow/.local/lib/python3.8/site-packages/airflow/example_dags/example_xcomargs.py took 0.083 seconds
[2026-08-14T09:47:10.134+0000] {processor.py:161} INFO - Started process (PID=2689) to work on /home/airflow/.local/lib/python3.8/site-packages/airflow/example_dags/example_xcomargs.py
[2026-08-14T09:47:10.136+0000] {processor.py:830} INFO - Processing file /home/airflow/.local/lib/python3.8/site-packages/airflow/example_dags/example_xcomargs.py for tasks to queue
[2026-08-14T09:47:10.140+0000] {logging_mixin.py:188} INFO - [2026-08-14T09:47:10.139+0000] {dagbag.py:538} INFO - Filling up the DagBag from /home/airflow/.local/lib/python3.8/site-packages/airflow/example_dags/example_xcomargs.py
[2026-08-14T09:47:10.155+0000] {processor.py:840} INFO - DAG(s) 'example_xcom_args', 'example_xcom_args_with_operators' retrieved from /home/airflow/.local/lib/python3.8/site-packages/airflow/example_dags/example_xcomargs.py
[2026-08-14T09:47:10.186+0000] {logging_mixin.py:188} INFO - [2026-08-14T09:47:10.186+0000] {dag.py:3036} INFO - Sync 2 DAGs
[2026-08-14T09:47:10.202+0000] {logging_mixin.py:188} INFO - [2026-08-14T09:47:10.202+0000] {dag.py:3823} INFO - Setting next_dagrun for example_xcom_args to None, run_after=None
[2026-08-14T09:47:10.209+0000] {logging_mixin.py:188} INFO - [2026-08-14T09:47:10.208+0000] {dag.py:3823} INFO - Setting next_dagrun for example_xcom_args_with_operators to None, run_after=None
[2026-08-14T09:47:10.233+0000] {processor.py:183} INFO - Processing /home/airflow/.local/lib/python3.8/site-packages/airflow/example_dags/example_xcomargs.py took 0.104 seconds
[2026-08-14T09:47:40.464+0000] {processor.py:161} INFO - Started process (PID=2768) to work on /home/airflow/.local/lib/python3.8/site-packages/airflow/example_dags/example_xcomargs.py
[2026-08-14T09:47:40.466+0000] {processor.py:830} INFO - Processing file /home/airflow/.local/lib/python3.8/site-packages/airflow/example_dags/example_xcomargs.py for tasks to queue
[2026-08-14T09:47:40.469+0000] {logging_mixin.py:188} INFO - [2026-08-14T09:47:40.468+0000] {dagbag.py:538} INFO - Filling up the DagBag from /home/airflow/.local/lib/python3.8/site-packages/airflow/example_dags/example_xcomargs.py
[2026-08-14T09:47:40.481+0000] {processor.py:840} INFO - DAG(s) 'example_xcom_args_with_operators', 'example_xcom_args' retrieved from /home/airflow/.local/lib/python3.8/site-packages/airflow/example_dags/example_xcomargs.py
[2026-08-14T09:47:40.514+0000] {logging_mixin.py:188} INFO - [2026-08-14T09:47:40.514+0000] {dag.py:3036} INFO - Sync 2 DAGs
[2026-08-14T09:47:40.531+0000] {logging_mixin.py:188} INFO - [2026-08-14T09:47:40.530+0000] {dag.py:3823} INFO - Setting next_dagrun for example_xcom_args to None, run_after=None
[2026-08-14T09:47:40.538+0000] {logging_mixin.py:188} INFO - [2026-08-14T09:47:40.537+0000] {dag.py:3823} INFO - Setting next_dagrun for example_xcom_args_with_operators to None, run_after=None
[2026-08-14T09:47:40.562+0000] {processor.py:183} INFO - Processing /home/airflow/.local/lib/python3.8/site-packages/airflow/example_dags/example_xcomargs.py took 0.101 seconds
[2026-08-14T09:48:11.320+0000] {processor.py:161} INFO - Started process (PID=2843) to work on /home/airflow/.local/lib/python3.8/site-packages/airflow/example_dags/example_xcomargs.py
[2026-08-14T09:48:11.321+0000] {processor.py:830} INFO - Processing file /home/airflow/.local/lib/python3.8/site-packages/airflow/example_dags/example_xcomargs.py for tasks to queue
[2026-08-14T09:48:11.323+0000] {logging_mixin.py:188} INFO - [2026-08-14T09:48:11.322+0000] {dagbag.py:538} INFO - Filling up the DagBag from /home/airflow/.local/lib/python3.8/site-packages/airflow/example_dags/example_xcomargs.py
[2026-08-14T09:48:11.331+0000] {processor.py:840} INFO - DAG(s) 'example_xcom_args_with_operators', 'example_xcom_args' retrieved from /home/airflow/.local/lib/python3.8/site-packages/airflow/example_dags/example_xcomargs.py
[2026-08-14T09:48:11.353+0000] {logging_mixin.py:188} INFO - [2026-08-14T09:48:11.353+0000] {dag.py:3036} INFO - Sync 2 DAGs
[2026-08-14T09:48:11.365+0000] {logging_mixin.py:188} INFO - [2026-08-14T09:48:11.364+0000] {dag.py:3823} INFO - Setting next_dagrun for example_xcom_args to None, run_after=None
[2026-08-14T09:48:11.368+0000] {logging_mixin.py:188} INFO - [2026-08-14T09:48:11.368+0000] {dag.py:3823} INFO - Setting next_dagrun for example_xcom_args_with_operators to None, run_after=None
[2026-08-14T09:48:11.384+0000] {processor.py:183} INFO - Processing /home/airflow/.local/lib/python3.8/site-packages/airflow/example_dags/example_xcomargs.py took 0.068 seconds
[2026-08-14T09:48:41.800+0000] {processor.py:161} INFO - Started process (PID=2918) to work on /home/airflow/.local/lib/python3.8/site-packages/airflow/example_dags/example_xcomargs.py
[2026-08-14T09:48:41.802+0000] {processor.py:830} INFO - Processing file /home/airflow/.local/lib/python3.8/site-packages/airflow/example_dags/example_xcomargs.py for tasks to queue
[2026-08-14T09:48:41.807+0000] {logging_mixin.py:188} INFO - [2026-08-14T09:48:41.806+0000] {dagbag.py:538} INFO - Filling up the DagBag from /home/airflow/.local/lib/python3.8/site-packages/airflow/example_dags/example_xcomargs.py
[2026-08-14T09:48:41.821+0000] {processor.py:840} INFO - DAG(s) 'example_xcom_args_with_operators', 'example_xcom_args' retrieved from /home/airflow/.local/lib/python3.8/site-packages/airflow/example_dags/example_xcomargs.py
[2026-08-14T09:48:41.864+0000] {logging_mixin.py:188} INFO - [2026-08-14T09:48:41.863+0000] {dag.py:3036} INFO - Sync 2 DAGs
[2026-08-14T09:48:41.885+0000] {logging_mixin.py:188} INFO - [2026-08-14T09:48:41.884+0000] {dag.py:3823} INFO - Setting next_dagrun for example_xcom_args to None, run_after=None
[2026-08-14T09:48:41.894+0000] {logging_mixin.py:188} INFO - [2026-08-14T09:48:41.894+0000] {dag.py:3823} INFO - Setting next_dagrun for example_xcom_args_with_operators to None, run_after=None
[2026-08-14T09:48:41.931+0000] {processor.py:183} INFO - Processing /home/airflow/.local/lib/python3.8/site-packages/airflow/example_dags/example_xcomargs.py took 0.134 seconds
[2026-08-14T09:49:12.100+0000] {processor.py:161} INFO - Started process (PID=2993) to work on /home/airflow/.local/lib/python3.8/site-packages/airflow/example_dags/example_xcomargs.py
[2026-08-14T09:49:12.102+0000] {processor.py:830} INFO - Processing file /home/airflow/.local/lib/python3.8/site-packages/airflow/example_dags/example_xcomargs.py for tasks to queue
[2026-08-14T09:49:12.105+0000] {logging_mixin.py:188} INFO - [2026-08-14T09:49:12.105+0000] {dagbag.py:538} INFO - Filling up the DagBag from /home/airflow/.local/lib/python3.8/site-packages/airflow/example_dags/example_xcomargs.py
[2026-08-14T09:49:12.120+0000] {processor.py:840} INFO - DAG(s) 'example_xcom_args', 'example_xcom_args_with_operators' retrieved from /home/airflow/.local/lib/python3.8/site-packages/airflow/example_dags/example_xcomargs.py
[2026-08-14T09:49:12.153+0000] {logging_mixin.py:188} INFO - [2026-08-14T09:49:12.152+0000] {dag.py:3036} INFO - Sync 2 DAGs
[2026-08-14T09:49:12.169+0000] {logging_mixin.py:188} INFO - [2026-08-14T09:49:12.169+0000] {dag.py:3823} INFO - Setting next_dagrun for example_xcom_args to None, run_after=None
[2026-08-14T09:49:12.174+0000] {logging_mixin.py:188} INFO - [2026-08-14T09:49:12.173+0000] {dag.py:3823} INFO - Setting next_dagrun for example_xcom_args_with_operators to None, run_after=None
[2026-08-14T09:49:12.200+0000] {processor.py:183} INFO - Processing /home/airflow/.local/lib/python3.8/site-packages/airflow/example_dags/example_xcomargs.py took 0.104 seconds
[2026-08-14T09:49:44.288+0000] {processor.py:161} INFO - Started process (PID=3078) to work on /home/airflow/.local/lib/python3.8/site-packages/airflow/example_dags/example_xcomargs.py
[2026-08-14T09:49:44.290+0000] {processor.py:830} INFO - Processing file /home/airflow/.local/lib/python3.8/site-packages/airflow/example_dags/example_xcomargs.py for tasks to queue
[2026-08-14T09:49:44.293+0000] {logging_mixin.py:188} INFO - [2026-08-14T09:49:44.292+0000] {dagbag.py:538} INFO - Filling up the DagBag from /home/airflow/.local/lib/python3.8/site-packages/airflow/example_dags/example_xcomargs.py
[2026-08-14T09:49:44.316+0000] {processor.py:840} INFO - DAG(s) 'example_xcom_args_with_operators', 'example_xcom_args' retrieved from /home/airflow/.local/lib/python3.8/site-packages/airflow/example_dags/example_xcomargs.py
[2026-08-14T09:49:44.393+0000] {logging_mixin.py:188} INFO - [2026-08-14T09:49:44.392+0000] {dag.py:3036} INFO - Sync 2 DAGs
[2026-08-14T09:49:44.433+0000] {logging_mixin.py:188} INFO - [2026-08-14T09:49:44.432+0000] {dag.py:3823} INFO - Setting next_dagrun for example_xcom_args to None, run_after=None
[2026-08-14T09:49:44.438+0000] {logging_mixin.py:188} INFO - [2026-08-14T09:49:44.437+0000] {dag.py:3823} INFO - Setting next_dagrun for example_xcom_args_with_operators to None, run_after=None
[2026-08-14T09:49:44.468+0000] {processor.py:183} INFO - Processing /home/airflow/.local/lib/python3.8/site-packages/airflow/example_dags/example_xcomargs.py took 0.186 seconds
[2026-08-14T09:50:15.168+0000] {processor.py:161} INFO - Started process (PID=3153) to work on /home/airflow/.local/lib/python3.8/site-packages/airflow/example_dags/example_xcomargs.py
[2026-08-14T09:50:15.171+0000] {processor.py:830} INFO - Processing file /home/airflow/.local/lib/python3.8/site-packages/airflow/example_dags/example_xcomargs.py for tasks to queue
[2026-08-14T09:50:15.180+0000] {logging_mixin.py:188} INFO - [2026-08-14T09:50:15.177+0000] {dagbag.py:538} INFO - Filling up the DagBag from /home/airflow/.local/lib/python3.8/site-packages/airflow/example_dags/example_xcomargs.py
[2026-08-14T09:50:15.196+0000] {processor.py:840} INFO - DAG(s) 'example_xcom_args', 'example_xcom_args_with_operators' retrieved from /home/airflow/.local/lib/python3.8/site-packages/airflow/example_dags/example_xcomargs.py
[2026-08-14T09:50:15.232+0000] {logging_mixin.py:188} INFO - [2026-08-14T09:50:15.231+0000] {dag.py:3036} INFO - Sync 2 DAGs
[2026-08-14T09:50:15.247+0000] {logging_mixin.py:188} INFO - [2026-08-14T09:50:15.247+0000] {dag.py:3823} INFO - Setting next_dagrun for example_xcom_args to None, run_after=None
[2026-08-14T09:50:15.254+0000] {logging_mixin.py:188} INFO - [2026-08-14T09:50:15.253+0000] {dag.py:3823} INFO - Setting next_dagrun for example_xcom_args_with_operators to None, run_after=None
[2026-08-14T09:50:15.286+0000] {processor.py:183} INFO - Processing /home/airflow/.local/lib/python3.8/site-packages/airflow/example_dags/example_xcomargs.py took 0.123 seconds
[2026-08-14T09:50:45.506+0000] {processor.py:161} INFO - Started process (PID=3228) to work on /home/airflow/.local/lib/python3.8/site-packages/airflow/example_dags/example_xcomargs.py
[2026-08-14T09:50:45.507+0000] {processor.py:830} INFO - Processing file /home/airflow/.local/lib/python3.8/site-packages/airflow/example_dags/example_xcomargs.py for tasks to queue
[2026-08-14T09:50:45.509+0000] {logging_mixin.py:188} INFO - [2026-08-14T09:50:45.509+0000] {dagbag.py:538} INFO - Filling up the DagBag from /home/airflow/.local/lib/python3.8/site-packages/airflow/example_dags/example_xcomargs.py
[2026-08-14T09:50:45.518+0000] {processor.py:840} INFO - DAG(s) 'example_xcom_args', 'example_xcom_args_with_operators' retrieved from /home/airflow/.local/lib/python3.8/site-packages/airflow/example_dags/example_xcomargs.py
[2026-08-14T09:50:45.544+0000] {logging_mixin.py:188} INFO - [2026-08-14T09:50:45.543+0000] {dag.py:3036} INFO - Sync 2 DAGs
[2026-08-14T09:50:45.559+0000] {logging_mixin.py:188} INFO - [2026-08-14T09:50:45.559+0000] {dag.py:3823} INFO - Setting next_dagrun for example_xcom_args to None, run_after=None
[2026-08-14T09:50:45.564+0000] {logging_mixin.py:188} INFO - [2026-08-14T09:50:45.563+0000] {dag.py:3823} INFO - Setting next_dagrun for example_xcom_args_with_operators to None, run_after=None
[2026-08-14T09:50:45.581+0000] {processor.py:183} INFO - Processing /home/airflow/.local/lib/python3.8/site-packages/airflow/example_dags/example_xcomargs.py took 0.079 seconds
[2026-08-14T09:51:15.714+0000] {processor.py:161} INFO - Started process (PID=3303) to work on /home/airflow/.local/lib/python3.8/site-packages/airflow/example_dags/example_xcomargs.py
[2026-08-14T09:51:15.715+0000] {processor.py:830} INFO - Processing file /home/airflow/.local/lib/python3.8/site-packages/airflow/example_dags/example_xcomargs.py for tasks to queue
[2026-08-14T09:51:15.717+0000] {logging_mixin.py:188} INFO - [2026-08-14T09:51:15.717+0000] {dagbag.py:538} INFO - Filling up the DagBag from /home/airflow/.local/lib/python3.8/site-packages/airflow/example_dags/example_xcomargs.py
[2026-08-14T09:51:15.725+0000] {processor.py:840} INFO - DAG(s) 'example_xcom_args', 'example_xcom_args_with_operators' retrieved from /home/airflow/.local/lib/python3.8/site-packages/airflow/example_dags/example_xcomargs.py
[2026-08-14T09:51:15.749+0000] {logging_mixin.py:188} INFO - [2026-08-14T09:51:15.749+0000] {dag.py:3036} INFO - Sync 2 DAGs
[2026-08-14T09:51:15.761+0000] {logging_mixin.py:188} INFO - [2026-08-14T09:51:15.761+0000] {dag.py:3823} INFO - Setting next_dagrun for example_xcom_args to None, run_after=None
[2026-08-14T09:51:15.765+0000] {logging_mixin.py:188} INFO - [2026-08-14T09:51:15.765+0000] {dag.py:3823} INFO - Setting next_dagrun for example_xcom_args_with_operators to None, run_after=None
[2026-08-14T09:51:15.782+0000] {processor.py:183} INFO - Processing /home/airflow/.local/lib/python3.8/site-packages/airflow/example_dags/example_xcomargs.py took 0.072 seconds
[2026-08-14T09:51:47.206+0000] {processor.py:161} INFO - Started process (PID=3378) to work on /home/airflow/.local/lib/python3.8/site-packages/airflow/example_dags/example_xcomargs.py
[2026-08-14T09:51:47.208+0000] {processor.py:830} INFO - Processing file /home/airflow/.local/lib/python3.8/site-packages/airflow/example_dags/example_xcomargs.py for tasks to queue
[2026-08-14T09:51:47.210+0000] {logging_mixin.py:188} INFO - [2026-08-14T09:51:47.209+0000] {dagbag.py:538} INFO - Filling up the DagBag from /home/airflow/.local/lib/python3.8/site-packages/airflow/example_dags/example_xcomargs.py
[2026-08-14T09:51:47.217+0000] {processor.py:840} INFO - DAG(s) 'example_xcom_args_with_operators', 'example_xcom_args' retrieved from /home/airflow/.local/lib/python3.8/site-packages/airflow/example_dags/example_xcomargs.py
[2026-08-14T09:51:47.243+0000] {logging_mixin.py:188} INFO - [2026-08-14T09:51:47.242+0000] {dag.py:3036} INFO - Sync 2 DAGs
[2026-08-14T09:51:47.255+0000] {logging_mixin.py:188} INFO - [2026-08-14T09:51:47.255+0000] {dag.py:3823} INFO - Setting next_dagrun for example_xcom_args to None, run_after=None
[2026-08-14T09:51:47.259+0000] {logging_mixin.py:188} INFO - [2026-08-14T09:51:47.259+0000] {dag.py:3823} INFO - Setting next_dagrun for example_xcom_args_with_operators to None, run_after=None
[2026-08-14T09:51:47.278+0000] {processor.py:183} INFO - Processing /home/airflow/.local/lib/python3.8/site-packages/airflow/example_dags/example_xcomargs.py took 0.075 seconds
[2026-08-14T09:52:17.706+0000] {processor.py:161} INFO - Started process (PID=3453) to work on /home/airflow/.local/lib/python3.8/site-packages/airflow/example_dags/example_xcomargs.py
[2026-08-14T09:52:17.707+0000] {processor.py:830} INFO - Processing file /home/airflow/.local/lib/python3.8/site-packages/airflow/example_dags/example_xcomargs.py for tasks to queue
[2026-08-14T09:52:17.709+0000] {logging_mixin.py:188} INFO - [2026-08-14T09:52:17.708+0000] {dagbag.py:538} INFO - Filling up the DagBag from /home/airflow/.local/lib/python3.8/site-packages/airflow/example_dags/example_xcomargs.py
[2026-08-14T09:52:17.717+0000] {processor.py:840} INFO - DAG(s) 'example_xcom_args_with_operators', 'example_xcom_args' retrieved from /home/airflow/.local/lib/python3.8/site-packages/airflow/example_dags/example_xcomargs.py
[2026-08-14T09:52:17.742+0000] {logging_mixin.py:188} INFO - [2026-08-14T09:52:17.741+0000] {dag.py:3036} INFO - Sync 2 DAGs
[2026-08-14T09:52:17.755+0000] {logging_mixin.py:188} INFO - [2026-08-14T09:52:17.754+0000] {dag.py:3823} INFO - Setting next_dagrun for example_xcom_args to None, run_after=None
[2026-08-14T09:52:17.760+0000] {logging_mixin.py:188} INFO - [2026-08-14T09:52:17.759+0000] {dag.py:3823} INFO - Setting next_dagrun for example_xcom_args_with_operators to None, run_after=None
[2026-08-14T09:52:17.779+0000] {processor.py:183} INFO - Processing /home/airflow/.local/lib/python3.8/site-packages/airflow/example_dags/example_xcomargs.py took 0.077 seconds
[2026-08-14T09:52:48.260+0000] {processor.py:161} INFO - Started process (PID=3528) to work on /home/airflow/.local/lib/python3.8/site-packages/airflow/example_dags/example_xcomargs.py
[2026-08-14T09:52:48.262+0000] {processor.py:830} INFO - Processing file /home/airflow/.local/lib/python3.8/site-packages/airflow/example_dags/example_xcomargs.py for tasks to queue
[2026-08-14T09:52:48.264+0000] {logging_mixin.py:188} INFO - [2026-08-14T09:52:48.264+0000] {dagbag.py:538} INFO - Filling up the DagBag from /home/airflow/.local/lib/python3.8/site-packages/airflow/example_dags/example_xcomargs.py
[2026-08-14T09:52:48.276+0000] {processor.py:840} INFO - DAG(s) 'example_xcom_args_with_operators', 'example_xcom_args' retrieved from /home/airflow/.local/lib/python3.8/site-packages/airflow/example_dags/example_xcomargs.py
[2026-08-14T09:52:48.304+0000] {logging_mixin.py:188} INFO - [2026-08-14T09:52:48.303+0000] {dag.py:3036} INFO - Sync 2 DAGs
[2026-08-14T09:52:48.317+0000] {logging_mixin.py:188} INFO - [2026-08-14T09:52:48.317+0000] {dag.py:3823} INFO - Setting next_dagrun for example_xcom_args to None, run_after=None
[2026-08-14T09:52:48.321+0000] {logging_mixin.py:188} INFO - [2026-08-14T09:52:48.321+0000] {dag.py:3823} INFO - Setting next_dagrun for example_xcom_args_with_operators to None, run_after=None
[2026-08-14T09:52:48.339+0000] {processor.py:183} INFO - Processing /home/airflow/.local/lib/python3.8/site-packages/airflow/example_dags/example_xcomargs.py took 0.083 seconds
[2026-08-14T09:53:19.365+0000] {processor.py:161} INFO - Started process (PID=3603) to work on /home/airflow/.local/lib/python3.8/site-packages/airflow/example_dags/example_xcomargs.py
[2026-08-14T09:53:19.366+0000] {processor.py:830} INFO - Processing file /home/airflow/.local/lib/python3.8/site-packages/airflow/example_dags/example_xcomargs.py for tasks to queue
[2026-08-14T09:53:19.368+0000] {logging_mixin.py:188} INFO - [2026-08-14T09:53:19.368+0000] {dagbag.py:538} INFO - Filling up the DagBag from /home/airflow/.local/lib/python3.8/site-packages/airflow/example_dags/example_xcomargs.py
[2026-08-14T09:53:19.377+0000] {processor.py:840} INFO - DAG(s) 'example_xcom_args', 'example_xcom_args_with_operators' retrieved from /home/airflow/.local/lib/python3.8/site-packages/airflow/example_dags/example_xcomargs.py
[2026-08-14T09:53:19.401+0000] {logging_mixin.py:188} INFO - [2026-08-14T09:53:19.400+0000] {dag.py:3036} INFO - Sync 2 DAGs
[2026-08-14T09:53:19.413+0000] {logging_mixin.py:188} INFO - [2026-08-14T09:53:19.413+0000] {dag.py:3823} INFO - Setting next_dagrun for example_xcom_args to None, run_after=None
[2026-08-14T09:53:19.417+0000] {logging_mixin.py:188} INFO - [2026-08-14T09:53:19.417+0000] {dag.py:3823} INFO - Setting next_dagrun for example_xcom_args_with_operators to None, run_after=None
[2026-08-14T09:53:19.436+0000] {processor.py:183} INFO - Processing /home/airflow/.local/lib/python3.8/site-packages/airflow/example_dags/example_xcomargs.py took 0.074 seconds
