[2026-08-14T09:30:18.325+0000] {processor.py:161} INFO - Started process (PID=144) to work on /home/airflow/.local/lib/python3.8/site-packages/airflow/example_dags/tutorial_taskflow_api.py
[2026-08-14T09:30:18.328+0000] {processor.py:830} INFO - Processing file /home/airflow/.local/lib/python3.8/site-packages/airflow/example_dags/tutorial_taskflow_api.py for tasks to queue
[2026-08-14T09:30:18.335+0000] {logging_mixin.py:188} INFO - [2026-08-14T09:30:18.334+0000] {dagbag.py:538} INFO - Filling up the DagBag from /home/airflow/.local/lib/python3.8/site-packages/airflow/example_dags/tutorial_taskflow_api.py
[2026-08-14T09:30:18.384+0000] {processor.py:840} INFO - DAG(s) 'tutorial_taskflow_api' retrieved from /home/airflow/.local/lib/python3.8/site-packages/airflow/example_dags/tutorial_taskflow_api.py
[2026-08-14T09:30:18.937+0000] {logging_mixin.py:188} INFO - [2026-08-14T09:30:18.937+0000] {dag.py:3036} INFO - Sync 1 DAGs
[2026-08-14T09:30:18.975+0000] {logging_mixin.py:188} INFO - [2026-08-14T09:30:18.975+0000] {dag.py:3823} INFO - Setting next_dagrun for tutorial_taskflow_api to None, run_after=None
[2026-08-14T09:30:19.056+0000] {processor.py:183} INFO - Processing /home/airflow/.local/lib/python3.8/site-packages/airflow/example_dags/tutorial_taskflow_api.py took 0.758 seconds
[2026-08-14T09:30:49.187+0000] {processor.py:161} INFO - Started process (PID=229) to work on /home/airflow/.local/lib/python3.8/site-packages/airflow/example_dags/tutorial_taskflow_api.py
[2026-08-14T09:30:49.214+0000] {processor.py:830} INFO - Processing file /home/airflow/.local/lib/python3.8/site-packages/airflow/example_dags/tutorial_taskflow_api.py for tasks to queue
[2026-08-14T09:30:49.218+0000] {logging_mixin.py:188} INFO - [2026-08-14T09:30:49.217+0000] {dagbag.py:538} INFO - Filling up the DagBag from /home/airflow/.local/lib/python3.8/site-packages/airflow/example_dags/tutorial_taskflow_api.py
[2026-08-14T09:30:49.229+0000] {processor.py:840} INFO - DAG(s) 'tutorial_taskflow_api' retrieved from /home/airflow/.local/lib/python3.8/site-packages/airflow/example_dags/tutorial_taskflow_api.py
[2026-08-14T09:30:49.243+0000] {logging_mixin.py:188} INFO - [2026-08-14T09:30:49.243+0000] {dag.py:3036} INFO - Sync 1 DAGs
[2026-08-14T09:30:49.260+0000] {logging_mixin.py:188} INFO - [2026-08-14T09:30:49.260+0000] {dag.py:3823} INFO - Setting next_dagrun for tutorial_taskflow_api to None, run_after=None
[2026-08-14T09:30:49.473+0000] {processor.py:183} INFO - Processing /home/airflow/.local/lib/python3.8/site-packages/airflow/example_dags/tutorial_taskflow_api.py took 0.295 seconds
[2026-08-14T09:31:20.317+0000] {processor.py:161} INFO - Started process (PID=309) to work on /home/airflow/.local/lib/python3.8/site-packages/airflow/example_dags/tutorial_taskflow_api.py
[2026-08-14T09:31:20.319+0000] {processor.py:830} INFO - Processing file /home/airflow/.local/lib/python3.8/site-packages/airflow/example_dags/tutorial_taskflow_api.py for tasks to queue
[2026-08-14T09:31:20.321+0000] {logging_mixin.py:188} INFO - [2026-08-14T09:31:20.321+0000] {dagbag.py:538} INFO - Filling up the DagBag from /home/airflow/.local/lib/python3.8/site-packages/airflow/example_dags/tutorial_taskflow_api.py
[2026-08-14T09:31:20.327+0000] {processor.py:840} INFO - DAG(s) 'tutorial_taskflow_api' retrieved from /home/airflow/.local/lib/python3.8/site-packages/airflow/example_dags/tutorial_taskflow_api.py
[2026-08-14T09:31:20.339+0000] {logging_mixin.py:188} INFO - [2026-08-14T09:31:20.339+0000] {dag.py:3036} INFO - Sync 1 DAGs
[2026-08-14T09:31:20.352+0000] {logging_mixin.py:188} INFO - [2026-08-14T09:31:20.351+0000] {dag.py:3823} INFO - Setting next_dagrun for tutorial_taskflow_api to None, run_after=None
[2026-08-14T09:31:20.405+0000] {processor.py:183} INFO - Processing /home/airflow/.local/lib/python3.8/site-packages/airflow/example_dags/tutorial_taskflow_api.py took 0.091 seconds
[2026-08-14T09:31:50.889+0000] {processor.py:161} INFO - Started process (PID=382) to work on /home/airflow/.local/lib/python3.8/site-packages/airflow/example_dags/tutorial_taskflow_api.py
[2026-08-14T09:31:50.890+0000] {processor.py:830} INFO - Processing file /home/airflow/.local/lib/python3.8/site-packages/airflow/example_dags/tutorial_taskflow_api.py for tasks to queue
[2026-08-14T09:31:50.892+0000] {logging_mixin.py:188} INFO - [2026-08-14T09:31:50.892+0000] {dagbag.py:538} INFO - Filling up the DagBag from /home/airflow/.local/lib/python3.8/site-packages/airflow/example_dags/tutorial_taskflow_api.py
[2026-08-14T09:31:50.899+0000] {processor.py:840} INFO - DAG(s) 'tutorial_taskflow_api' retrieved from /home/airflow/.local/lib/python3.8/site-packages/airflow/example_dags/tutorial_taskflow_api.py
[2026-08-14T09:31:51.032+0000] {logging_mixin.py:188} INFO - [2026-08-14T09:31:51.031+0000] {dag.py:3036} INFO - Sync 1 DAGs
[2026-08-14T09:31:51.048+0000] {logging_mixin.py:188} INFO - [2026-08-14T09:31:51.047+0000] {dag.py:3823} INFO - Setting next_dagrun for tutorial_taskflow_api to None, run_after=None
[2026-08-14T09:31:51.130+0000] {processor.py:183} INFO - Processing /home/airflow/.local/lib/python3.8/site-packages/airflow/example_dags/tutorial_taskflow_api.py took 0.245 seconds
[2026-08-14T09:32:22.008+0000] {processor.py:161} INFO - Started process (PID=463) to work on /home/airflow/.local/lib/python3.8/site-packages/airflow/example_dags/tutorial_taskflow_api.py
[2026-08-14T09:32:22.009+0000] {processor.py:830} INFO - Processing file /home/airflow/.local/lib/python3.8/site-packages/airflow/example_dags/tutorial_taskflow_api.py for tasks to queue
[2026-08-14T09:32:22.011+0000] {logging_mixin.py:188} INFO - [2026-08-14T09:32:22.010+0000] {dagbag.py:538} INFO - Filling up the DagBag from /home/airflow/.local/lib/python3.8/site-packages/airflow/example_dags/tutorial_taskflow_api.py
[2026-08-14T09:32:22.017+0000] {processor.py:840} INFO - DAG(s) 'tutorial_taskflow_api' retrieved from /home/airflow/.local/lib/python3.8/site-packages/airflow/example_dags/tutorial_taskflow_api.py
[2026-08-14T09:32:22.038+0000] {logging_mixin.py:188} INFO - [2026-08-14T09:32:22.038+0000] {dag.py:3036} INFO - Sync 1 DAGs
[2026-08-14T09:32:22.050+0000] {logging_mixin.py:188} INFO - [2026-08-14T09:32:22.050+0000] {dag.py:3823} INFO - Setting next_dagrun for tutorial_taskflow_api to None, run_after=None
[2026-08-14T09:32:22.104+0000] {processor.py:183} INFO - Processing /home/airflow/.local/lib/python3.8/site-packages/airflow/example_dags/tutorial_taskflow_api.py took 0.101 seconds
[2026-08-14T09:32:52.389+0000] {processor.py:161} INFO - Started process (PID=536) to work on /home/airflow/.local/lib/python3.8/site-packages/airflow/example_dags/tutorial_taskflow_api.py
[2026-08-14T09:32:52.390+0000] {processor.py:830} INFO - Processing file /home/airflow/.local/lib/python3.8/site-packages/airflow/example_dags/tutorial_taskflow_api.py for tasks to queue
[2026-08-14T09:32:52.392+0000] {logging_mixin.py:188} INFO - [2026-08-14T09:32:52.392+0000] {dagbag.py:538} INFO - Filling up the DagBag from /home/airflow/.local/lib/python3.8/site-packages/airflow/example_dags/tutorial_taskflow_api.py
[2026-08-14T09:32:52.399+0000] {processor.py:840} INFO - DAG(s) 'tutorial_taskflow_api' retrieved from /home/airflow/.local/lib/python3.8/site-packages/airflow/example_dags/tutorial_taskflow_api.py
[2026-08-14T09:32:52.419+0000] {logging_mixin.py:188} INFO - [2026-08-14T09:32:52.419+0000] {dag.py:3036} INFO - Sync 1 DAGs
[2026-08-14T09:32:52.431+0000] {logging_mixin.py:188} INFO - [2026-08-14T09:32:52.430+0000] {dag.py:3823} INFO - Setting next_dagrun for tutorial_taskflow_api to None, run_after=None
[2026-08-14T09:32:52.450+0000] {processor.py:183} INFO - Processing /home/airflow/.local/lib/python3.8/site-packages/airflow/example_dags/tutorial_taskflow_api.py took 0.064 seconds
[2026-08-14T09:33:22.611+0000] {processor.py:161} INFO - Started process (PID=609) to work on /home/airflow/.local/lib/python3.8/site-packages/airflow/example_dags/tutorial_taskflow_api.py
[2026-08-14T09:33:22.613+0000] {processor.py:830} INFO - Processing file /home/airflow/.local/lib/python3.8/site-packages/airflow/example_dags/tutorial_taskflow_api.py for tasks to queue
[2026-08-14T09:33:22.616+0000] {logging_mixin.py:188} INFO - [2026-08-14T09:33:22.615+0000] {dagbag.py:538} INFO - Filling up the DagBag from /home/airflow/.local/lib/python3.8/site-packages/airflow/example_dags/tutorial_taskflow_api.py
[2026-08-14T09:33:22.624+0000] {processor.py:840} INFO - DAG(s) 'tutorial_taskflow_api' retrieved from /home/airflow/.local/lib/python3.8/site-packages/airflow/example_dags/tutorial_taskflow_api.py
[2026-08-14T09:33:22.649+0000] {logging_mixin.py:188} INFO - [2026-08-14T09:33:22.648+0000] {dag.py:3036} INFO - Sync 1 DAGs
[2026-08-14T09:33:22.663+0000] {logging_mixin.py:188} INFO - [2026-08-14T09:33:22.662+0000] {dag.py:3823} INFO - Setting next_dagrun for tutorial_taskflow_api to None, run_after=None
[2026-08-14T09:33:22.692+0000] {processor.py:183} INFO - Processing /home/airflow/.local/lib/python3.8/site-packages/airflow/example_dags/tutorial_taskflow_api.py took 0.084 seconds
[2026-08-14T09:33:52.934+0000] {processor.py:161} INFO - Started process (PID=681) to work on /home/airflow/.local/lib/python3.8/site-packages/airflow/example_dags/tutorial_taskflow_api.py
[2026-08-14T09:33:52.936+0000] {processor.py:830} INFO - Processing file /home/airflow/.local/lib/python3.8/site-packages/airflow/example_dags/tutorial_taskflow_api.py for tasks to queue
[2026-08-14T09:33:52.938+0000] {logging_mixin.py:188} INFO - [2026-08-14T09:33:52.938+0000] {dagbag.py:538} INFO - Filling up the DagBag from /home/airflow/.local/lib/python3.8/site-packages/airflow/example_dags/tutorial_taskflow_api.py
[2026-08-14T09:33:52.950+0000] {processor.py:840} INFO - DAG(s) 'tutorial_taskflow_api' retrieved from /home/airflow/.local/lib/python3.8/site-packages/airflow/example_dags/tutorial_taskflow_api.py
[2026-08-14T09:33:52.982+0000] {logging_mixin.py:188} INFO - [2026-08-14T09:33:52.982+0000] {dag.py:3036} INFO - Sync 1 DAGs
[2026-08-14T09:33:53.006+0000] {logging_mixin.py:188} INFO - [2026-08-14T09:33:53.005+0000] {dag.py:3823} INFO - Setting next_dagrun for tutorial_taskflow_api to None, run_after=None
[2026-08-14T09:33:53.081+0000] {processor.py:183} INFO - Processing /home/airflow/.local/lib/python3.8/site-packages/airflow/example_dags/tutorial_taskflow_api.py took 0.151 seconds
[2026-08-14T09:34:23.211+0000] {processor.py:161} INFO - Started process (PID=754) to work on /home/airflow/.local/lib/python3.8/site-packages/airflow/example_dags/tutorial_taskflow_api.py
[2026-08-14T09:34:23.213+0000] {processor.py:830} INFO - Processing file /home/airflow/.local/lib/python3.8/site-packages/airflow/example_dags/tutorial_taskflow_api.py for tasks to queue
[2026-08-14T09:34:23.215+0000] {logging_mixin.py:188} INFO - [2026-08-14T09:34:23.214+0000] {dagbag.py:538} INFO - Filling up the DagBag from /home/airflow/.local/lib/python3.8/site-packages/airflow/example_dags/tutorial_taskflow_api.py
[2026-08-14T09:34:23.222+0000] {processor.py:840} INFO - DAG(s) 'tutorial_taskflow_api' retrieved from /home/airflow/.local/lib/python3.8/site-packages/airflow/example_dags/tutorial_taskflow_api.py
[2026-08-14T09:34:23.242+0000] {logging_mixin.py:188} INFO - [2026-08-14T09:34:23.242+0000] {dag.py:3036} INFO - Sync 1 DAGs
[2026-08-14T09:34:23.254+0000] {logging_mixin.py:188} INFO - [2026-08-14T09:34:23.254+0000] {dag.py:3823} INFO - Setting next_dagrun for tutorial_taskflow_api to None, run_after=None
[2026-08-14T09:34:23.278+0000] {processor.py:183} INFO - Processing /home/airflow/.local/lib/python3.8/site-packages/airflow/example_dags/tutorial_taskflow_api.py took 0.070 seconds
[2026-08-14T09:34:53.772+0000] {processor.py:161} INFO - Started process (PID=830) to work on /home/airflow/.local/lib/python3.8/site-packages/airflow/example_dags/tutorial_taskflow_api.py
[2026-08-14T09:34:53.773+0000] {processor.py:830} INFO - Processing file /home/airflow/.local/lib/python3.8/site-packages/airflow/example_dags/tutorial_taskflow_api.py for tasks to queue
[2026-08-14T09:34:53.775+0000] {logging_mixin.py:188} INFO - [2026-08-14T09:34:53.775+0000] {dagbag.py:538} INFO - Filling up the DagBag from /home/airflow/.local/lib/python3.8/site-packages/airflow/example_dags/tutorial_taskflow_api.py
[2026-08-14T09:34:53.783+0000] {processor.py:840} INFO - DAG(s) 'tutorial_taskflow_api' retrieved from /home/airflow/.local/lib/python3.8/site-packages/airflow/example_dags/tutorial_taskflow_api.py
[2026-08-14T09:34:53.805+0000] {logging_mixin.py:188} INFO - [2026-08-14T09:34:53.805+0000] {dag.py:3036} INFO - Sync 1 DAGs
[2026-08-14T09:34:53.820+0000] {logging_mixin.py:188} INFO - [2026-08-14T09:34:53.820+0000] {dag.py:3823} INFO - Setting next_dagrun for tutorial_taskflow_api to None, run_after=None
[2026-08-14T09:34:53.846+0000] {processor.py:183} INFO - Processing /home/airflow/.local/lib/python3.8/site-packages/airflow/example_dags/tutorial_taskflow_api.py took 0.077 seconds
[2026-08-14T09:35:24.059+0000] {processor.py:161} INFO - Started process (PID=913) to work on /home/airflow/.local/lib/python3.8/site-packages/airflow/example_dags/tutorial_taskflow_api.py
[2026-08-14T09:35:24.060+0000] {processor.py:830} INFO - Processing file /home/airflow/.local/lib/python3.8/site-packages/airflow/example_dags/tutorial_taskflow_api.py for tasks to queue
[2026-08-14T09:35:24.063+0000] {logging_mixin.py:188} INFO - [2026-08-14T09:35:24.062+0000] {dagbag.py:538} INFO - Filling up the DagBag from /home/airflow/.local/lib/python3.8/site-packages/airflow/example_dags/tutorial_taskflow_api.py
[2026-08-14T09:35:24.071+0000] {processor.py:840} INFO - DAG(s) 'tutorial_taskflow_api' retrieved from /home/airflow/.local/lib/python3.8/site-packages/airflow/example_dags/tutorial_taskflow_api.py
[2026-08-14T09:35:24.093+0000] {logging_mixin.py:188} INFO - [2026-08-14T09:35:24.093+0000] {dag.py:3036} INFO - Sync 1 DAGs
[2026-08-14T09:35:24.107+0000] {logging_mixin.py:188} INFO - [2026-08-14T09:35:24.106+0000] {dag.py:3823} INFO - Setting next_dagrun for tutorial_taskflow_api to None, run_after=None
[2026-08-14T09:35:24.130+0000] {processor.py:183} INFO - Processing /home/airflow/.local/lib/python3.8/site-packages/airflow/example_dags/tutorial_taskflow_api.py took 0.075 seconds
[2026-08-14T09:35:54.356+0000] {processor.py:161} INFO - Started process (PID=998) to work on /home/airflow/.local/lib/python3.8/site-packages/airflow/example_dags/tutorial_taskflow_api.py
[2026-08-14T09:35:54.358+0000] {processor.py:830} INFO - Processing file /home/airflow/.local/lib/python3.8/site-packages/airflow/example_dags/tutorial_taskflow_api.py for tasks to queue
[2026-08-14T09:35:54.360+0000] {logging_mixin.py:188} INFO - [2026-08-14T09:35:54.360+0000] {dagbag.py:538} INFO - Filling up the DagBag from /home/airflow/.local/lib/python3.8/site-packages/airflow/example_dags/tutorial_taskflow_api.py
[2026-08-14T09:35:54.370+0000] {processor.py:840} INFO - DAG(s) 'tutorial_taskflow_api' retrieved from /home/airflow/.local/lib/python3.8/site-packages/airflow/example_dags/tutorial_taskflow_api.py
[2026-08-14T09:35:54.393+0000] {logging_mixin.py:188} INFO - [2026-08-14T09:35:54.392+0000] {dag.py:3036} INFO - Sync 1 DAGs
[2026-08-14T09:35:54.407+0000] {logging_mixin.py:188} INFO - [2026-08-14T09:35:54.407+0000] {dag.py:3823} INFO - Setting next_dagrun for tutorial_taskflow_api to None, run_after=None
[2026-08-14T09:35:54.428+0000] {processor.py:183} INFO - Processing /home/airflow/.local/lib/python3.8/site-packages/airflow/example_dags/tutorial_taskflow_api.py took 0.078 seconds
[2026-08-14T09:36:25.272+0000] {processor.py:161} INFO - Started process (PID=1083) to work on /home/airflow/.local/lib/python3.8/site-packages/airflow/example_dags/tutorial_taskflow_api.py
[2026-08-14T09:36:25.273+0000] {processor.py:830} INFO - Processing file /home/airflow/.local/lib/python3.8/site-packages/airflow/example_dags/tutorial_taskflow_api.py for tasks to queue
[2026-08-14T09:36:25.276+0000] {logging_mixin.py:188} INFO - [2026-08-14T09:36:25.276+0000] {dagbag.py:538} INFO - Filling up the DagBag from /home/airflow/.local/lib/python3.8/site-packages/airflow/example_dags/tutorial_taskflow_api.py
[2026-08-14T09:36:25.283+0000] {processor.py:840} INFO - DAG(s) 'tutorial_taskflow_api' retrieved from /home/airflow/.local/lib/python3.8/site-packages/airflow/example_dags/tutorial_taskflow_api.py
[2026-08-14T09:36:25.311+0000] {logging_mixin.py:188} INFO - [2026-08-14T09:36:25.310+0000] {dag.py:3036} INFO - Sync 1 DAGs
[2026-08-14T09:36:25.323+0000] {logging_mixin.py:188} INFO - [2026-08-14T09:36:25.322+0000] {dag.py:3823} INFO - Setting next_dagrun for tutorial_taskflow_api to None, run_after=None
[2026-08-14T09:36:25.345+0000] {processor.py:183} INFO - Processing /home/airflow/.local/lib/python3.8/site-packages/airflow/example_dags/tutorial_taskflow_api.py took 0.077 seconds
[2026-08-14T09:36:56.022+0000] {processor.py:161} INFO - Started process (PID=1158) to work on /home/airflow/.local/lib/python3.8/site-packages/airflow/example_dags/tutorial_taskflow_api.py
[2026-08-14T09:36:56.024+0000] {processor.py:830} INFO - Processing file /home/airflow/.local/lib/python3.8/site-packages/airflow/example_dags/tutorial_taskflow_api.py for tasks to queue
[2026-08-14T09:36:56.026+0000] {logging_mixin.py:188} INFO - [2026-08-14T09:36:56.026+0000] {dagbag.py:538} INFO - Filling up the DagBag from /home/airflow/.local/lib/python3.8/site-packages/airflow/example_dags/tutorial_taskflow_api.py
[2026-08-14T09:36:56.038+0000] {processor.py:840} INFO - DAG(s) 'tutorial_taskflow_api' retrieved from /home/airflow/.local/lib/python3.8/site-packages/airflow/example_dags/tutorial_taskflow_api.py
[2026-08-14T09:36:56.066+0000] {logging_mixin.py:188} INFO - [2026-08-14T09:36:56.065+0000] {dag.py:3036} INFO - Sync 1 DAGs
[2026-08-14T09:36:56.081+0000] {logging_mixin.py:188} INFO - [2026-08-14T09:36:56.080+0000] {dag.py:3823} INFO - Setting next_dagrun for tutorial_taskflow_api to None, run_after=None
[2026-08-14T09:36:56.110+0000] {processor.py:183} INFO - Processing /home/airflow/.local/lib/python3.8/site-packages/airflow/example_dags/tutorial_taskflow_api.py took 0.092 seconds
[2026-08-14T09:37:26.901+0000] {processor.py:161} INFO - Started process (PID=1233) to work on /home/airflow/.local/lib/python3.8/site-packages/airflow/example_dags/tutorial_taskflow_api.py
[2026-08-14T09:37:26.902+0000] {processor.py:830} INFO - Processing file /home/airflow/.local/lib/python3.8/site-packages/airflow/example_dags/tutorial_taskflow_api.py for tasks to queue
[2026-08-14T09:37:26.905+0000] {logging_mixin.py:188} INFO - [2026-08-14T09:37:26.904+0000] {dagbag.py:538} INFO - Filling up the DagBag from /home/airflow/.local/lib/python3.8/site-packages/airflow/example_dags/tutorial_taskflow_api.py
[2026-08-14T09:37:26.915+0000] {processor.py:840} INFO - DAG(s) 'tutorial_taskflow_api' retrieved from /home/airflow/.local/lib/python3.8/site-packages/airflow/example_dags/tutorial_taskflow_api.py
[2026-08-14T09:37:26.941+0000] {logging_mixin.py:188} INFO - [2026-08-14T09:37:26.940+0000] {dag.py:3036} INFO - Sync 1 DAGs
[2026-08-14T09:37:26.955+0000] {logging_mixin.py:188} INFO - [2026-08-14T09:37:26.954+0000] {dag.py:3823} INFO - Setting next_dagrun for tutorial_taskflow_api to None, run_after=None
[2026-08-14T09:37:26.998+0000] {processor.py:183} INFO - Processing /home/airflow/.local/lib/python3.8/site-packages/airflow/example_dags/tutorial_taskflow_api.py took 0.101 seconds
[2026-08-14T09:37:57.082+0000] {processor.py:161} INFO - Started process (PID=1307) to work on /home/airflow/.local/lib/python3.8/site-packages/airflow/example_dags/tutorial_taskflow_api.py
[2026-08-14T09:37:57.083+0000] {processor.py:830} INFO - Processing file /home/airflow/.local/lib/python3.8/site-packages/airflow/example_dags/tutorial_taskflow_api.py for tasks to queue
[2026-08-14T09:37:57.085+0000] {logging_mixin.py:188} INFO - [2026-08-14T09:37:57.085+0000] {dagbag.py:538} INFO - Filling up the DagBag from /home/airflow/.local/lib/python3.8/site-packages/airflow/example_dags/tutorial_taskflow_api.py
[2026-08-14T09:37:57.092+0000] {processor.py:840} INFO - DAG(s) 'tutorial_taskflow_api' retrieved from /home/airflow/.local/lib/python3.8/site-packages/airflow/example_dags/tutorial_taskflow_api.py
[2026-08-14T09:37:57.114+0000] {logging_mixin.py:188} INFO - [2026-08-14T09:37:57.114+0000] {dag.py:3036} INFO - Sync 1 DAGs
[2026-08-14T09:37:57.126+0000] {logging_mixin.py:188} INFO - [2026-08-14T09:37:57.126+0000] {dag.py:3823} INFO - Setting next_dagrun for tutorial_taskflow_api to None, run_after=None
[2026-08-14T09:37:57.148+0000] {processor.py:183} INFO - Processing /home/airflow/.local/lib/python3.8/site-packages/airflow/example_dags/tutorial_taskflow_api.py took 0.071 seconds
[2026-08-14T09:38:27.268+0000] {processor.py:161} INFO - Started process (PID=1383) to work on /home/airflow/.local/lib/python3.8/site-packages/airflow/example_dags/tutorial_taskflow_api.py
[2026-08-14T09:38:27.269+0000] {processor.py:830} INFO - Processing file /home/airflow/.local/lib/python3.8/site-packages/airflow/example_dags/tutorial_taskflow_api.py for tasks to queue
[2026-08-14T09:38:27.272+0000] {logging_mixin.py:188} INFO - [2026-08-14T09:38:27.271+0000] {dagbag.py:538} INFO - Filling up the DagBag from /home/airflow/.local/lib/python3.8/site-packages/airflow/example_dags/tutorial_taskflow_api.py
[2026-08-14T09:38:27.278+0000] {processor.py:840} INFO - DAG(s) 'tutorial_taskflow_api' retrieved from /home/airflow/.local/lib/python3.8/site-packages/airflow/example_dags/tutorial_taskflow_api.py
[2026-08-14T09:38:27.299+0000] {logging_mixin.py:188} INFO - [2026-08-14T09:38:27.299+0000] {dag.py:3036} INFO - Sync 1 DAGs
[2026-08-14T09:38:27.311+0000] {logging_mixin.py:188} INFO - [2026-08-14T09:38:27.311+0000] {dag.py:3823} INFO - Setting next_dagrun for tutorial_taskflow_api to None, run_after=None
[2026-08-14T09:38:27.329+0000] {processor.py:183} INFO - Processing /home/airflow/.local/lib/python3.8/site-packages/airflow/example_dags/tutorial_taskflow_api.py took 0.065 seconds
[2026-08-14T09:38:57.630+0000] {processor.py:161} INFO - Started process (PID=1459) to work on /home/airflow/.local/lib/python3.8/site-packages/airflow/example_dags/tutorial_taskflow_api.py
[2026-08-14T09:38:57.631+0000] {processor.py:830} INFO - Processing file /home/airflow/.local/lib/python3.8/site-packages/airflow/example_dags/tutorial_taskflow_api.py for tasks to queue
[2026-08-14T09:38:57.633+0000] {logging_mixin.py:188} INFO - [2026-08-14T09:38:57.633+0000] {dagbag.py:538} INFO - Filling up the DagBag from /home/airflow/.local/lib/python3.8/site-packages/airflow/example_dags/tutorial_taskflow_api.py
[2026-08-14T09:38:57.641+0000] {processor.py:840} INFO - DAG(s) 'tutorial_taskflow_api' retrieved from /home/airflow/.local/lib/python3.8/site-packages/airflow/example_dags/tutorial_taskflow_api.py
[2026-08-14T09:38:57.663+0000] {logging_mixin.py:188} INFO - [2026-08-14T09:38:57.663+0000] {dag.py:3036} INFO - Sync 1 DAGs
[2026-08-14T09:38:57.679+0000] {logging_mixin.py:188} INFO - [2026-08-14T09:38:57.678+0000] {dag.py:3823} INFO - Setting next_dagrun for tutorial_taskflow_api to None, run_after=None
[2026-08-14T09:38:57.699+0000] {processor.py:183} INFO - Processing /home/airflow/.local/lib/python3.8/site-packages/airflow/example_dags/tutorial_taskflow_api.py took 0.074 seconds
[2026-08-14T09:39:28.026+0000] {processor.py:161} INFO - Started process (PID=1534) to work on /home/airflow/.local/lib/python3.8/site-packages/airflow/example_dags/tutorial_taskflow_api.py
[2026-08-14T09:39:28.027+0000] {processor.py:830} INFO - Processing file /home/airflow/.local/lib/python3.8/site-packages/airflow/example_dags/tutorial_taskflow_api.py for tasks to queue
[2026-08-14T09:39:28.029+0000] {logging_mixin.py:188} INFO - [2026-08-14T09:39:28.029+0000] {dagbag.py:538} INFO - Filling up the DagBag from /home/airflow/.local/lib/python3.8/site-packages/airflow/example_dags/tutorial_taskflow_api.py
[2026-08-14T09:39:28.040+0000] {processor.py:840} INFO - DAG(s) 'tutorial_taskflow_api' retrieved from /home/airflow/.local/lib/python3.8/site-packages/airflow/example_dags/tutorial_taskflow_api.py
[2026-08-14T09:39:28.065+0000] {logging_mixin.py:188} INFO - [2026-08-14T09:39:28.065+0000] {dag.py:3036} INFO - Sync 1 DAGs
[2026-08-14T09:39:28.081+0000] {logging_mixin.py:188} INFO - [2026-08-14T09:39:28.080+0000] {dag.py:3823} INFO - Setting next_dagrun for tutorial_taskflow_api to None, run_after=None
[2026-08-14T09:39:28.104+0000] {processor.py:183} INFO - Processing /home/airflow/.local/lib/python3.8/site-packages/airflow/example_dags/tutorial_taskflow_api.py took 0.083 seconds
[2026-08-14T09:39:58.941+0000] {processor.py:161} INFO - Started process (PID=1609) to work on /home/airflow/.local/lib/python3.8/site-packages/airflow/example_dags/tutorial_taskflow_api.py
[2026-08-14T09:39:58.942+0000] {processor.py:830} INFO - Processing file /home/airflow/.local/lib/python3.8/site-packages/airflow/example_dags/tutorial_taskflow_api.py for tasks to queue
[2026-08-14T09:39:58.945+0000] {logging_mixin.py:188} INFO - [2026-08-14T09:39:58.945+0000] {dagbag.py:538} INFO - Filling up the DagBag from /home/airflow/.local/lib/python3.8/site-packages/airflow/example_dags/tutorial_taskflow_api.py
[2026-08-14T09:39:58.953+0000] {processor.py:840} INFO - DAG(s) 'tutorial_taskflow_api' retrieved from /home/airflow/.local/lib/python3.8/site-packages/airflow/example_dags/tutorial_taskflow_api.py
[2026-08-14T09:39:58.975+0000] {logging_mixin.py:188} INFO - [2026-08-14T09:39:58.975+0000] {dag.py:3036} INFO - Sync 1 DAGs
[2026-08-14T09:39:58.986+0000] {logging_mixin.py:188} INFO - [2026-08-14T09:39:58.986+0000] {dag.py:3823} INFO - Setting next_dagrun for tutorial_taskflow_api to None, run_after=None
[2026-08-14T09:39:59.007+0000] {processor.py:183} INFO - Processing /home/airflow/.local/lib/python3.8/site-packages/airflow/example_dags/tutorial_taskflow_api.py took 0.071 seconds
[2026-08-14T09:40:29.152+0000] {processor.py:161} INFO - Started process (PID=1684) to work on /home/airflow/.local/lib/python3.8/site-packages/airflow/example_dags/tutorial_taskflow_api.py
[2026-08-14T09:40:29.155+0000] {processor.py:830} INFO - Processing file /home/airflow/.local/lib/python3.8/site-packages/airflow/example_dags/tutorial_taskflow_api.py for tasks to queue
[2026-08-14T09:40:29.156+0000] {logging_mixin.py:188} INFO - [2026-08-14T09:40:29.156+0000] {dagbag.py:538} INFO - Filling up the DagBag from /home/airflow/.local/lib/python3.8/site-packages/airflow/example_dags/tutorial_taskflow_api.py
[2026-08-14T09:40:29.165+0000] {processor.py:840} INFO - DAG(s) 'tutorial_taskflow_api' retrieved from /home/airflow/.local/lib/python3.8/site-packages/airflow/example_dags/tutorial_taskflow_api.py
[2026-08-14T09:40:29.189+0000] {logging_mixin.py:188} INFO - [2026-08-14T09:40:29.189+0000] {dag.py:3036} INFO - Sync 1 DAGs
[2026-08-14T09:40:29.203+0000] {logging_mixin.py:188} INFO - [2026-08-14T09:40:29.202+0000] {dag.py:3823} INFO - Setting next_dagrun for tutorial_taskflow_api to None, run_after=None
[2026-08-14T09:40:29.226+0000] {processor.py:183} INFO - Processing /home/airflow/.local/lib/python3.8/site-packages/airflow/example_dags/tutorial_taskflow_api.py took 0.078 seconds
[2026-08-14T09:40:59.626+0000] {processor.py:161} INFO - Started process (PID=1759) to work on /home/airflow/.local/lib/python3.8/site-packages/airflow/example_dags/tutorial_taskflow_api.py
[2026-08-14T09:40:59.627+0000] {processor.py:830} INFO - Processing file /home/airflow/.local/lib/python3.8/site-packages/airflow/example_dags/tutorial_taskflow_api.py for tasks to queue
[2026-08-14T09:40:59.629+0000] {logging_mixin.py:188} INFO - [2026-08-14T09:40:59.629+0000] {dagbag.py:538} INFO - Filling up the DagBag from /home/airflow/.local/lib/python3.8/site-packages/airflow/example_dags/tutorial_taskflow_api.py
[2026-08-14T09:40:59.636+0000] {processor.py:840} INFO - DAG(s) 'tutorial_taskflow_api' retrieved from /home/airflow/.local/lib/python3.8/site-packages/airflow/example_dags/tutorial_taskflow_api.py
[2026-08-14T09:40:59.656+0000] {logging_mixin.py:188} INFO - [2026-08-14T09:40:59.656+0000] {dag.py:3036} INFO - Sync 1 DAGs
[2026-08-14T09:40:59.667+0000] {logging_mixin.py:188} INFO - [2026-08-14T09:40:59.667+0000] {dag.py:3823} INFO - Setting next_dagrun for tutorial_taskflow_api to None, run_after=None
[2026-08-14T09:40:59.688+0000] {processor.py:183} INFO - Processing /home/airflow/.local/lib/python3.8/site-packages/airflow/example_dags/tutorial_taskflow_api.py took 0.065 seconds
[2026-08-14T09:41:30.048+0000] {processor.py:161} INFO - Started process (PID=1834) to work on /home/airflow/.local/lib/python3.8/site-packages/airflow/example_dags/tutorial_taskflow_api.py
[2026-08-14T09:41:30.049+0000] {processor.py:830} INFO - Processing file /home/airflow/.local/lib/python3.8/site-packages/airflow/example_dags/tutorial_taskflow_api.py for tasks to queue
[2026-08-14T09:41:30.051+0000] {logging_mixin.py:188} INFO - [2026-08-14T09:41:30.050+0000] {dagbag.py:538} INFO - Filling up the DagBag from /home/airflow/.local/lib/python3.8/site-packages/airflow/example_dags/tutorial_taskflow_api.py
[2026-08-14T09:41:30.057+0000] {processor.py:840} INFO - DAG(s) 'tutorial_taskflow_api' retrieved from /home/airflow/.local/lib/python3.8/site-packages/airflow/example_dags/tutorial_taskflow_api.py
[2026-08-14T09:41:30.077+0000] {logging_mixin.py:188} INFO - [2026-08-14T09:41:30.077+0000] {dag.py:3036} INFO - Sync 1 DAGs
[2026-08-14T09:41:30.089+0000] {logging_mixin.py:188} INFO - [2026-08-14T09:41:30.088+0000] {dag.py:3823} INFO - Setting next_dagrun for tutorial_taskflow_api to None, run_after=None
[2026-08-14T09:41:30.108+0000] {processor.py:183} INFO - Processing /home/airflow/.local/lib/python3.8/site-packages/airflow/example_dags/tutorial_taskflow_api.py took 0.064 seconds
[2026-08-14T09:42:00.612+0000] {processor.py:161} INFO - Started process (PID=1909) to work on /home/airflow/.local/lib/python3.8/site-packages/airflow/example_dags/tutorial_taskflow_api.py
[2026-08-14T09:42:00.613+0000] {processor.py:830} INFO - Processing file /home/airflow/.local/lib/python3.8/site-packages/airflow/example_dags/tutorial_taskflow_api.py for tasks to queue
[2026-08-14T09:42:00.616+0000] {logging_mixin.py:188} INFO - [2026-08-14T09:42:00.616+0000] {dagbag.py:538} INFO - Filling up the DagBag from /home/airflow/.local/lib/python3.8/site-packages/airflow/example_dags/tutorial_taskflow_api.py
[2026-08-14T09:42:00.623+0000] {processor.py:840} INFO - DAG(s) 'tutorial_taskflow_api' retrieved from /home/airflow/.local/lib/python3.8/site-packages/airflow/example_dags/tutorial_taskflow_api.py
[2026-08-14T09:42:00.644+0000] {logging_mixin.py:188} INFO - [2026-08-14T09:42:00.643+0000] {dag.py:3036} INFO - Sync 1 DAGs
[2026-08-14T09:42:00.657+0000] {logging_mixin.py:188} INFO - [2026-08-14T09:42:00.656+0000] {dag.py:3823} INFO - Setting next_dagrun for tutorial_taskflow_api to None, run_after=None
[2026-08-14T09:42:00.676+0000] {processor.py:183} INFO - Processing /home/airflow/.local/lib/python3.8/site-packages/airflow/example_dags/tutorial_taskflow_api.py took 0.068 seconds
[2026-08-14T09:42:32.970+0000] {processor.py:161} INFO - Started process (PID=1985) to work on /home/airflow/.local/lib/python3.8/site-packages/airflow/example_dags/tutorial_taskflow_api.py
[2026-08-14T09:42:32.972+0000] {processor.py:830} INFO - Processing file /home/airflow/.local/lib/python3.8/site-packages/airflow/example_dags/tutorial_taskflow_api.py for tasks to queue
[2026-08-14T09:42:32.974+0000] {logging_mixin.py:188} INFO - [2026-08-14T09:42:32.974+0000] {dagbag.py:538} INFO - Filling up the DagBag from /home/airflow/.local/lib/python3.8/site-packages/airflow/example_dags/tutorial_taskflow_api.py
[2026-08-14T09:42:32.981+0000] {processor.py:840} INFO - DAG(s) 'tutorial_taskflow_api' retrieved from /home/airflow/.local/lib/python3.8/site-packages/airflow/example_dags/tutorial_taskflow_api.py
[2026-08-14T09:42:33.003+0000] {logging_mixin.py:188} INFO - [2026-08-14T09:42:33.003+0000] {dag.py:3036} INFO - Sync 1 DAGs
[2026-08-14T09:42:33.159+0000] {logging_mixin.py:188} INFO - [2026-08-14T09:42:33.159+0000] {dag.py:3823} INFO - Setting next_dagrun for tutorial_taskflow_api to None, run_after=None
[2026-08-14T09:42:33.178+0000] {processor.py:183} INFO - Processing /home/airflow/.local/lib/python3.8/site-packages/airflow/example_dags/tutorial_taskflow_api.py took 0.212 seconds
[2026-08-14T09:43:05.157+0000] {processor.py:161} INFO - Started process (PID=2060) to work on /home/airflow/.local/lib/python3.8/site-packages/airflow/example_dags/tutorial_taskflow_api.py
[2026-08-14T09:43:05.158+0000] {processor.py:830} INFO - Processing file /home/airflow/.local/lib/python3.8/site-packages/airflow/example_dags/tutorial_taskflow_api.py for tasks to queue
[2026-08-14T09:43:05.161+0000] {logging_mixin.py:188} INFO - [2026-08-14T09:43:05.161+0000] {dagbag.py:538} INFO - Filling up the DagBag from /home/airflow/.local/lib/python3.8/site-packages/airflow/example_dags/tutorial_taskflow_api.py
[2026-08-14T09:43:05.168+0000] {processor.py:840} INFO - DAG(s) 'tutorial_taskflow_api' retrieved from /home/airflow/.local/lib/python3.8/site-packages/airflow/example_dags/tutorial_taskflow_api.py
[2026-08-14T09:43:05.188+0000] {logging_mixin.py:188} INFO - [2026-08-14T09:43:05.188+0000] {dag.py:3036} INFO - Sync 1 DAGs
[2026-08-14T09:43:05.200+0000] {logging_mixin.py:188} INFO - [2026-08-14T09:43:05.200+0000] {dag.py:3823} INFO - Setting next_dagrun for tutorial_taskflow_api to None, run_after=None
[2026-08-14T09:43:05.224+0000] {processor.py:183} INFO - Processing /home/airflow/.local/lib/python3.8/site-packages/airflow/example_dags/tutorial_taskflow_api.py took 0.069 seconds
[2026-08-14T09:43:35.370+0000] {processor.py:161} INFO - Started process (PID=2135) to work on /home/airflow/.local/lib/python3.8/site-packages/airflow/example_dags/tutorial_taskflow_api.py
[2026-08-14T09:43:35.371+0000] {processor.py:830} INFO - Processing file /home/airflow/.local/lib/python3.8/site-packages/airflow/example_dags/tutorial_taskflow_api.py for tasks to queue
[2026-08-14T09:43:35.374+0000] {logging_mixin.py:188} INFO - [2026-08-14T09:43:35.373+0000] {dagbag.py:538} INFO - Filling up the DagBag from /home/airflow/.local/lib/python3.8/site-packages/airflow/example_dags/tutorial_taskflow_api.py
[2026-08-14T09:43:35.380+0000] {processor.py:840} INFO - DAG(s) 'tutorial_taskflow_api' retrieved from /home/airflow/.local/lib/python3.8/site-packages/airflow/example_dags/tutorial_taskflow_api.py
[2026-08-14T09:43:35.401+0000] {logging_mixin.py:188} INFO - [2026-08-14T09:43:35.401+0000] {dag.py:3036} INFO - Sync 1 DAGs
[2026-08-14T09:43:35.413+0000] {logging_mixin.py:188} INFO - [2026-08-14T09:43:35.413+0000] {dag.py:3823} INFO - Setting next_dagrun for tutorial_taskflow_api to None, run_after=None
[2026-08-14T09:43:35.433+0000] {processor.py:183} INFO - Processing /home/airflow/.local/lib/python3.8/site-packages/airflow/example_dags/tutorial_taskflow_api.py took 0.068 seconds
[2026-08-14T09:44:06.561+0000] {processor.py:161} INFO - Started process (PID=2210) to work on /home/airflow/.local/lib/python3.8/site-packages/airflow/example_dags/tutorial_taskflow_api.py
[2026-08-14T09:44:06.562+0000] {processor.py:830} INFO - Processing file /home/airflow/.local/lib/python3.8/site-packages/airflow/example_dags/tutorial_taskflow_api.py for tasks to queue
[2026-08-14T09:44:06.564+0000] {logging_mixin.py:188} INFO - [2026-08-14T09:44:06.564+0000] {dagbag.py:538} INFO - Filling up the DagBag from /home/airflow/.local/lib/python3.8/site-packages/airflow/example_dags/tutorial_taskflow_api.py
[2026-08-14T09:44:06.571+0000] {processor.py:840} INFO - DAG(s) 'tutorial_taskflow_api' retrieved from /home/airflow/.local/lib/python3.8/site-packages/airflow/example_dags/tutorial_taskflow_api.py
[2026-08-14T09:44:06.593+0000] {logging_mixin.py:188} INFO - [2026-08-14T09:44:06.593+0000] {dag.py:3036} INFO - Sync 1 DAGs
[2026-08-14T09:44:06.606+0000] {logging_mixin.py:188} INFO - [2026-08-14T09:44:06.606+0000] {dag.py:3823} INFO - Setting next_dagrun for tutorial_taskflow_api to None, run_after=None
[2026-08-14T09:44:06.628+0000] {processor.py:183} INFO - Processing /home/airflow/.local/lib/python3.8/site-packages/airflow/example_dags/tutorial_taskflow_api.py took 0.072 seconds
[2026-08-14T09:44:36.687+0000] {processor.py:161} INFO - Started process (PID=2285) to work on /home/airflow/.local/lib/python3.8/site-packages/airflow/example_dags/tutorial_taskflow_api.py
[2026-08-14T09:44:36.689+0000] {processor.py:830} INFO - Processing file /home/airflow/.local/lib/python3.8/site-packages/airflow/example_dags/tutorial_taskflow_api.py for tasks to queue
[2026-08-14T09:44:36.691+0000] {logging_mixin.py:188} INFO - [2026-08-14T09:44:36.690+0000] {dagbag.py:538} INFO - Filling up the DagBag from /home/airflow/.local/lib/python3.8/site-packages/airflow/example_dags/tutorial_taskflow_api.py
[2026-08-14T09:44:36.698+0000] {processor.py:840} INFO - DAG(s) 'tutorial_taskflow_api' retrieved from /home/airflow/.local/lib/python3.8/site-packages/airflow/example_dags/tutorial_taskflow_api.py
[2026-08-14T09:44:36.720+0000] {logging_mixin.py:188} INFO - [2026-08-14T09:44:36.720+0000] {dag.py:3036} INFO - Sync 1 DAGs
[2026-08-14T09:44:36.732+0000] {logging_mixin.py:188} INFO - [2026-08-14T09:44:36.732+0000] {dag.py:3823} INFO - Setting next_dagrun for tutorial_taskflow_api to None, run_after=None
[2026-08-14T09:44:36.752+0000] {processor.py:183} INFO - Processing /home/airflow/.local/lib/python3.8/site-packages/airflow/example_dags/tutorial_taskflow_api.py took 0.069 seconds
[2026-08-14T09:45:07.418+0000] {processor.py:161} INFO - Started process (PID=2360) to work on /home/airflow/.local/lib/python3.8/site-packages/airflow/example_dags/tutorial_taskflow_api.py
[2026-08-14T09:45:07.419+0000] {processor.py:830} INFO - Processing file /home/airflow/.local/lib/python3.8/site-packages/airflow/example_dags/tutorial_taskflow_api.py for tasks to queue
[2026-08-14T09:45:07.421+0000] {logging_mixin.py:188} INFO - [2026-08-14T09:45:07.421+0000] {dagbag.py:538} INFO - Filling up the DagBag from /home/airflow/.local/lib/python3.8/site-packages/airflow/example_dags/tutorial_taskflow_api.py
[2026-08-14T09:45:07.428+0000] {processor.py:840} INFO - DAG(s) 'tutorial_taskflow_api' retrieved from /home/airflow/.local/lib/python3.8/site-packages/airflow/example_dags/tutorial_taskflow_api.py
[2026-08-14T09:45:07.448+0000] {logging_mixin.py:188} INFO - [2026-08-14T09:45:07.448+0000] {dag.py:3036} INFO - Sync 1 DAGs
[2026-08-14T09:45:07.462+0000] {logging_mixin.py:188} INFO - [2026-08-14T09:45:07.462+0000] {dag.py:3823} INFO - Setting next_dagrun for tutorial_taskflow_api to None, run_after=None
[2026-08-14T09:45:07.486+0000] {processor.py:183} INFO - Processing /home/airflow/.local/lib/python3.8/site-packages/airflow/example_dags/tutorial_taskflow_api.py took 0.071 seconds
[2026-08-14T09:45:38.160+0000] {processor.py:161} INFO - Started process (PID=2443) to work on /home/airflow/.local/lib/python3.8/site-packages/airflow/example_dags/tutorial_taskflow_api.py
[2026-08-14T09:45:38.161+0000] {processor.py:830} INFO - Processing file /home/airflow/.local/lib/python3.8/site-packages/airflow/example_dags/tutorial_taskflow_api.py for tasks to queue
[2026-08-14T09:45:38.164+0000] {logging_mixin.py:188} INFO - [2026-08-14T09:45:38.164+0000] {dagbag.py:538} INFO - Filling up the DagBag from /home/airflow/.local/lib/python3.8/site-packages/airflow/example_dags/tutorial_taskflow_api.py
[2026-08-14T09:45:38.171+0000] {processor.py:840} INFO - DAG(s) 'tutorial_taskflow_api' retrieved from /home/airflow/.local/lib/python3.8/site-packages/airflow/example_dags/tutorial_taskflow_api.py
[2026-08-14T09:45:38.197+0000] {logging_mixin.py:188} INFO - [2026-08-14T09:45:38.197+0000] {dag.py:3036} INFO - Sync 1 DAGs
[2026-08-14T09:45:38.212+0000] {logging_mixin.py:188} INFO - [2026-08-14T09:45:38.211+0000] {dag.py:3823} INFO - Setting next_dagrun for tutorial_taskflow_api to None, run_after=None
[2026-08-14T09:45:38.234+0000] {processor.py:183} INFO - Processing /home/airflow/.local/lib/python3.8/site-packages/airflow/example_dags/tutorial_taskflow_api.py took 0.079 seconds
[2026-08-14T09:46:08.824+0000] {processor.py:161} INFO - Started process (PID=2532) to work on /home/airflow/.local/lib/python3.8/site-packages/airflow/example_dags/tutorial_taskflow_api.py
[2026-08-14T09:46:08.827+0000] {processor.py:830} INFO - Processing file /home/airflow/.local/lib/python3.8/site-packages/airflow/example_dags/tutorial_taskflow_api.py for tasks to queue
[2026-08-14T09:46:08.831+0000] {logging_mixin.py:188} INFO - [2026-08-14T09:46:08.830+0000] {dagbag.py:538} INFO - Filling up the DagBag from /home/airflow/.local/lib/python3.8/site-packages/airflow/example_dags/tutorial_taskflow_api.py
[2026-08-14T09:46:08.841+0000] {processor.py:840} INFO - DAG(s) 'tutorial_taskflow_api' retrieved from /home/airflow/.local/lib/python3.8/site-packages/airflow/example_dags/tutorial_taskflow_api.py
[2026-08-14T09:46:08.868+0000] {logging_mixin.py:188} INFO - [2026-08-14T09:46:08.867+0000] {dag.py:3036} INFO - Sync 1 DAGs
[2026-08-14T09:46:08.885+0000] {logging_mixin.py:188} INFO - [2026-08-14T09:46:08.885+0000] {dag.py:3823} INFO - Setting next_dagrun for tutorial_taskflow_api to None, run_after=None
[2026-08-14T09:46:08.914+0000] {processor.py:183} INFO - Processing /home/airflow/.local/lib/python3.8/site-packages/airflow/example_dags/tutorial_taskflow_api.py took 0.097 seconds
[2026-08-14T09:46:39.880+0000] {processor.py:161} INFO - Started process (PID=2611) to work on /home/airflow/.local/lib/python3.8/site-packages/airflow/example_dags/tutorial_taskflow_api.py
[2026-08-14T09:46:39.881+0000] {processor.py:830} INFO - Processing file /home/airflow/.local/lib/python3.8/site-packages/airflow/example_dags/tutorial_taskflow_api.py for tasks to queue
[2026-08-14T09:46:39.884+0000] {logging_mixin.py:188} INFO - [2026-08-14T09:46:39.883+0000] {dagbag.py:538} INFO - Filling up the DagBag from /home/airflow/.local/lib/python3.8/site-packages/airflow/example_dags/tutorial_taskflow_api.py
[2026-08-14T09:46:39.891+0000] {processor.py:840} INFO - DAG(s) 'tutorial_taskflow_api' retrieved from /home/airflow/.local/lib/python3.8/site-packages/airflow/example_dags/tutorial_taskflow_api.py
[2026-08-14T09:46:39.916+0000] {logging_mixin.py:188} INFO - [2026-08-14T09:46:39.915+0000] {dag.py:3036} INFO - Sync 1 DAGs
[2026-08-14T09:46:39.929+0000] {logging_mixin.py:188} INFO - [2026-08-14T09:46:39.929+0000] {dag.py:3823} INFO - Setting next_dagrun for tutorial_taskflow_api to None, run_after=None
[2026-08-14T09:46:39.953+0000] {processor.py:183} INFO - Processing /home/airflow/.local/lib/python3.8/site-packages/airflow/example_dags/tutorial_taskflow_api.py took 0.078 seconds
[2026-08-14T09:47:10.172+0000] {processor.py:161} INFO - Started process (PID=2690) to work on /home/airflow/.local/lib/python3.8/site-packages/airflow/example_dags/tutorial_taskflow_api.py
[2026-08-14T09:47:10.173+0000] {processor.py:830} INFO - Processing file /home/airflow/.local/lib/python3.8/site-packages/airflow/example_dags/tutorial_taskflow_api.py for tasks to queue
[2026-08-14T09:47:10.175+0000] {logging_mixin.py:188} INFO - [2026-08-14T09:47:10.175+0000] {dagbag.py:538} INFO - Filling up the DagBag from /home/airflow/.local/lib/python3.8/site-packages/airflow/example_dags/tutorial_taskflow_api.py
[2026-08-14T09:47:10.184+0000] {processor.py:840} INFO - DAG(s) 'tutorial_taskflow_api' retrieved from /home/airflow/.local/lib/python3.8/site-packages/airflow/example_dags/tutorial_taskflow_api.py
[2026-08-14T09:47:10.210+0000] {logging_mixin.py:188} INFO - [2026-08-14T09:47:10.210+0000] {dag.py:3036} INFO - Sync 1 DAGs
[2026-08-14T09:47:10.226+0000] {logging_mixin.py:188} INFO - [2026-08-14T09:47:10.226+0000] {dag.py:3823} INFO - Setting next_dagrun for tutorial_taskflow_api to None, run_after=None
[2026-08-14T09:47:10.257+0000] {processor.py:183} INFO - Processing /home/airflow/.local/lib/python3.8/site-packages/airflow/example_dags/tutorial_taskflow_api.py took 0.089 seconds
[2026-08-14T09:47:40.472+0000] {processor.py:161} INFO - Started process (PID=2769) to work on /home/airflow/.local/lib/python3.8/site-packages/airflow/example_dags/tutorial_taskflow_api.py
[2026-08-14T09:47:40.474+0000] {processor.py:830} INFO - Processing file /home/airflow/.local/lib/python3.8/site-packages/airflow/example_dags/tutorial_taskflow_api.py for tasks to queue
[2026-08-14T09:47:40.477+0000] {logging_mixin.py:188} INFO - [2026-08-14T09:47:40.476+0000] {dagbag.py:538} INFO - Filling up the DagBag from /home/airflow/.local/lib/python3.8/site-packages/airflow/example_dags/tutorial_taskflow_api.py
[2026-08-14T09:47:40.488+0000] {processor.py:840} INFO - DAG(s) 'tutorial_taskflow_api' retrieved from /home/airflow/.local/lib/python3.8/site-packages/airflow/example_dags/tutorial_taskflow_api.py
[2026-08-14T09:47:40.514+0000] {logging_mixin.py:188} INFO - [2026-08-14T09:47:40.514+0000] {dag.py:3036} INFO - Sync 1 DAGs
[2026-08-14T09:47:40.531+0000] {logging_mixin.py:188} INFO - [2026-08-14T09:47:40.530+0000] {dag.py:3823} INFO - Setting next_dagrun for tutorial_taskflow_api to None, run_after=None
[2026-08-14T09:47:40.560+0000] {processor.py:183} INFO - Processing /home/airflow/.local/lib/python3.8/site-packages/airflow/example_dags/tutorial_taskflow_api.py took 0.095 seconds
[2026-08-14T09:48:11.415+0000] {processor.py:161} INFO - Started process (PID=2844) to work on /home/airflow/.local/lib/python3.8/site-packages/airflow/example_dags/tutorial_taskflow_api.py
[2026-08-14T09:48:11.416+0000] {processor.py:830} INFO - Processing file /home/airflow/.local/lib/python3.8/site-packages/airflow/example_dags/tutorial_taskflow_api.py for tasks to queue
[2026-08-14T09:48:11.418+0000] {logging_mixin.py:188} INFO - [2026-08-14T09:48:11.418+0000] {dagbag.py:538} INFO - Filling up the DagBag from /home/airflow/.local/lib/python3.8/site-packages/airflow/example_dags/tutorial_taskflow_api.py
[2026-08-14T09:48:11.425+0000] {processor.py:840} INFO - DAG(s) 'tutorial_taskflow_api' retrieved from /home/airflow/.local/lib/python3.8/site-packages/airflow/example_dags/tutorial_taskflow_api.py
[2026-08-14T09:48:11.446+0000] {logging_mixin.py:188} INFO - [2026-08-14T09:48:11.446+0000] {dag.py:3036} INFO - Sync 1 DAGs
[2026-08-14T09:48:11.458+0000] {logging_mixin.py:188} INFO - [2026-08-14T09:48:11.457+0000] {dag.py:3823} INFO - Setting next_dagrun for tutorial_taskflow_api to None, run_after=None
[2026-08-14T09:48:11.478+0000] {processor.py:183} INFO - Processing /home/airflow/.local/lib/python3.8/site-packages/airflow/example_dags/tutorial_taskflow_api.py took 0.066 seconds
[2026-08-14T09:48:41.821+0000] {processor.py:161} INFO - Started process (PID=2919) to work on /home/airflow/.local/lib/python3.8/site-packages/airflow/example_dags/tutorial_taskflow_api.py
[2026-08-14T09:48:41.823+0000] {processor.py:830} INFO - Processing file /home/airflow/.local/lib/python3.8/site-packages/airflow/example_dags/tutorial_taskflow_api.py for tasks to queue
[2026-08-14T09:48:41.826+0000] {logging_mixin.py:188} INFO - [2026-08-14T09:48:41.825+0000] {dagbag.py:538} INFO - Filling up the DagBag from /home/airflow/.local/lib/python3.8/site-packages/airflow/example_dags/tutorial_taskflow_api.py
[2026-08-14T09:48:41.839+0000] {processor.py:840} INFO - DAG(s) 'tutorial_taskflow_api' retrieved from /home/airflow/.local/lib/python3.8/site-packages/airflow/example_dags/tutorial_taskflow_api.py
[2026-08-14T09:48:41.872+0000] {logging_mixin.py:188} INFO - [2026-08-14T09:48:41.872+0000] {dag.py:3036} INFO - Sync 1 DAGs
[2026-08-14T09:48:41.894+0000] {logging_mixin.py:188} INFO - [2026-08-14T09:48:41.894+0000] {dag.py:3823} INFO - Setting next_dagrun for tutorial_taskflow_api to None, run_after=None
[2026-08-14T09:48:41.936+0000] {processor.py:183} INFO - Processing /home/airflow/.local/lib/python3.8/site-packages/airflow/example_dags/tutorial_taskflow_api.py took 0.121 seconds
[2026-08-14T09:49:12.136+0000] {processor.py:161} INFO - Started process (PID=2994) to work on /home/airflow/.local/lib/python3.8/site-packages/airflow/example_dags/tutorial_taskflow_api.py
[2026-08-14T09:49:12.137+0000] {processor.py:830} INFO - Processing file /home/airflow/.local/lib/python3.8/site-packages/airflow/example_dags/tutorial_taskflow_api.py for tasks to queue
[2026-08-14T09:49:12.140+0000] {logging_mixin.py:188} INFO - [2026-08-14T09:49:12.140+0000] {dagbag.py:538} INFO - Filling up the DagBag from /home/airflow/.local/lib/python3.8/site-packages/airflow/example_dags/tutorial_taskflow_api.py
[2026-08-14T09:49:12.151+0000] {processor.py:840} INFO - DAG(s) 'tutorial_taskflow_api' retrieved from /home/airflow/.local/lib/python3.8/site-packages/airflow/example_dags/tutorial_taskflow_api.py
[2026-08-14T09:49:12.180+0000] {logging_mixin.py:188} INFO - [2026-08-14T09:49:12.179+0000] {dag.py:3036} INFO - Sync 1 DAGs
[2026-08-14T09:49:12.196+0000] {logging_mixin.py:188} INFO - [2026-08-14T09:49:12.195+0000] {dag.py:3823} INFO - Setting next_dagrun for tutorial_taskflow_api to None, run_after=None
[2026-08-14T09:49:12.224+0000] {processor.py:183} INFO - Processing /home/airflow/.local/lib/python3.8/site-packages/airflow/example_dags/tutorial_taskflow_api.py took 0.091 seconds
[2026-08-14T09:49:44.427+0000] {processor.py:161} INFO - Started process (PID=3079) to work on /home/airflow/.local/lib/python3.8/site-packages/airflow/example_dags/tutorial_taskflow_api.py
[2026-08-14T09:49:44.429+0000] {processor.py:830} INFO - Processing file /home/airflow/.local/lib/python3.8/site-packages/airflow/example_dags/tutorial_taskflow_api.py for tasks to queue
[2026-08-14T09:49:44.433+0000] {logging_mixin.py:188} INFO - [2026-08-14T09:49:44.433+0000] {dagbag.py:538} INFO - Filling up the DagBag from /home/airflow/.local/lib/python3.8/site-packages/airflow/example_dags/tutorial_taskflow_api.py
[2026-08-14T09:49:44.444+0000] {processor.py:840} INFO - DAG(s) 'tutorial_taskflow_api' retrieved from /home/airflow/.local/lib/python3.8/site-packages/airflow/example_dags/tutorial_taskflow_api.py
[2026-08-14T09:49:44.477+0000] {logging_mixin.py:188} INFO - [2026-08-14T09:49:44.477+0000] {dag.py:3036} INFO - Sync 1 DAGs
[2026-08-14T09:49:44.529+0000] {logging_mixin.py:188} INFO - [2026-08-14T09:49:44.528+0000] {dag.py:3823} INFO - Setting next_dagrun for tutorial_taskflow_api to None, run_after=None
[2026-08-14T09:49:44.574+0000] {processor.py:183} INFO - Processing /home/airflow/.local/lib/python3.8/site-packages/airflow/example_dags/tutorial_taskflow_api.py took 0.152 seconds
[2026-08-14T09:50:15.330+0000] {processor.py:161} INFO - Started process (PID=3155) to work on /home/airflow/.local/lib/python3.8/site-packages/airflow/example_dags/tutorial_taskflow_api.py
[2026-08-14T09:50:15.331+0000] {processor.py:830} INFO - Processing file /home/airflow/.local/lib/python3.8/site-packages/airflow/example_dags/tutorial_taskflow_api.py for tasks to queue
[2026-08-14T09:50:15.335+0000] {logging_mixin.py:188} INFO - [2026-08-14T09:50:15.334+0000] {dagbag.py:538} INFO - Filling up the DagBag from /home/airflow/.local/lib/python3.8/site-packages/airflow/example_dags/tutorial_taskflow_api.py
[2026-08-14T09:50:15.343+0000] {processor.py:840} INFO - DAG(s) 'tutorial_taskflow_api' retrieved from /home/airflow/.local/lib/python3.8/site-packages/airflow/example_dags/tutorial_taskflow_api.py
[2026-08-14T09:50:15.371+0000] {logging_mixin.py:188} INFO - [2026-08-14T09:50:15.371+0000] {dag.py:3036} INFO - Sync 1 DAGs
[2026-08-14T09:50:15.386+0000] {logging_mixin.py:188} INFO - [2026-08-14T09:50:15.386+0000] {dag.py:3823} INFO - Setting next_dagrun for tutorial_taskflow_api to None, run_after=None
[2026-08-14T09:50:15.415+0000] {processor.py:183} INFO - Processing /home/airflow/.local/lib/python3.8/site-packages/airflow/example_dags/tutorial_taskflow_api.py took 0.090 seconds
[2026-08-14T09:50:45.575+0000] {processor.py:161} INFO - Started process (PID=3229) to work on /home/airflow/.local/lib/python3.8/site-packages/airflow/example_dags/tutorial_taskflow_api.py
[2026-08-14T09:50:45.576+0000] {processor.py:830} INFO - Processing file /home/airflow/.local/lib/python3.8/site-packages/airflow/example_dags/tutorial_taskflow_api.py for tasks to queue
[2026-08-14T09:50:45.578+0000] {logging_mixin.py:188} INFO - [2026-08-14T09:50:45.578+0000] {dagbag.py:538} INFO - Filling up the DagBag from /home/airflow/.local/lib/python3.8/site-packages/airflow/example_dags/tutorial_taskflow_api.py
[2026-08-14T09:50:45.585+0000] {processor.py:840} INFO - DAG(s) 'tutorial_taskflow_api' retrieved from /home/airflow/.local/lib/python3.8/site-packages/airflow/example_dags/tutorial_taskflow_api.py
[2026-08-14T09:50:45.608+0000] {logging_mixin.py:188} INFO - [2026-08-14T09:50:45.608+0000] {dag.py:3036} INFO - Sync 1 DAGs
[2026-08-14T09:50:45.621+0000] {logging_mixin.py:188} INFO - [2026-08-14T09:50:45.621+0000] {dag.py:3823} INFO - Setting next_dagrun for tutorial_taskflow_api to None, run_after=None
[2026-08-14T09:50:45.642+0000] {processor.py:183} INFO - Processing /home/airflow/.local/lib/python3.8/site-packages/airflow/example_dags/tutorial_taskflow_api.py took 0.072 seconds
[2026-08-14T09:51:15.812+0000] {processor.py:161} INFO - Started process (PID=3304) to work on /home/airflow/.local/lib/python3.8/site-packages/airflow/example_dags/tutorial_taskflow_api.py
[2026-08-14T09:51:15.814+0000] {processor.py:830} INFO - Processing file /home/airflow/.local/lib/python3.8/site-packages/airflow/example_dags/tutorial_taskflow_api.py for tasks to queue
[2026-08-14T09:51:15.816+0000] {logging_mixin.py:188} INFO - [2026-08-14T09:51:15.816+0000] {dagbag.py:538} INFO - Filling up the DagBag from /home/airflow/.local/lib/python3.8/site-packages/airflow/example_dags/tutorial_taskflow_api.py
[2026-08-14T09:51:15.823+0000] {processor.py:840} INFO - DAG(s) 'tutorial_taskflow_api' retrieved from /home/airflow/.local/lib/python3.8/site-packages/airflow/example_dags/tutorial_taskflow_api.py
[2026-08-14T09:51:15.844+0000] {logging_mixin.py:188} INFO - [2026-08-14T09:51:15.843+0000] {dag.py:3036} INFO - Sync 1 DAGs
[2026-08-14T09:51:15.857+0000] {logging_mixin.py:188} INFO - [2026-08-14T09:51:15.857+0000] {dag.py:3823} INFO - Setting next_dagrun for tutorial_taskflow_api to None, run_after=None
[2026-08-14T09:51:15.877+0000] {processor.py:183} INFO - Processing /home/airflow/.local/lib/python3.8/site-packages/airflow/example_dags/tutorial_taskflow_api.py took 0.068 seconds
[2026-08-14T09:51:47.307+0000] {processor.py:161} INFO - Started process (PID=3380) to work on /home/airflow/.local/lib/python3.8/site-packages/airflow/example_dags/tutorial_taskflow_api.py
[2026-08-14T09:51:47.309+0000] {processor.py:830} INFO - Processing file /home/airflow/.local/lib/python3.8/site-packages/airflow/example_dags/tutorial_taskflow_api.py for tasks to queue
[2026-08-14T09:51:47.311+0000] {logging_mixin.py:188} INFO - [2026-08-14T09:51:47.310+0000] {dagbag.py:538} INFO - Filling up the DagBag from /home/airflow/.local/lib/python3.8/site-packages/airflow/example_dags/tutorial_taskflow_api.py
[2026-08-14T09:51:47.317+0000] {processor.py:840} INFO - DAG(s) 'tutorial_taskflow_api' retrieved from /home/airflow/.local/lib/python3.8/site-packages/airflow/example_dags/tutorial_taskflow_api.py
[2026-08-14T09:51:47.337+0000] {logging_mixin.py:188} INFO - [2026-08-14T09:51:47.337+0000] {dag.py:3036} INFO - Sync 1 DAGs
[2026-08-14T09:51:47.348+0000] {logging_mixin.py:188} INFO - [2026-08-14T09:51:47.348+0000] {dag.py:3823} INFO - Setting next_dagrun for tutorial_taskflow_api to None, run_after=None
[2026-08-14T09:51:47.369+0000] {processor.py:183} INFO - Processing /home/airflow/.local/lib/python3.8/site-packages/airflow/example_dags/tutorial_taskflow_api.py took 0.065 seconds
[2026-08-14T09:52:18.056+0000] {processor.py:161} INFO - Started process (PID=3455) to work on /home/airflow/.local/lib/python3.8/site-packages/airflow/example_dags/tutorial_taskflow_api.py
[2026-08-14T09:52:18.058+0000] {processor.py:830} INFO - Processing file /home/airflow/.local/lib/python3.8/site-packages/airflow/example_dags/tutorial_taskflow_api.py for tasks to queue
[2026-08-14T09:52:18.060+0000] {logging_mixin.py:188} INFO - [2026-08-14T09:52:18.060+0000] {dagbag.py:538} INFO - Filling up the DagBag from /home/airflow/.local/lib/python3.8/site-packages/airflow/example_dags/tutorial_taskflow_api.py
[2026-08-14T09:52:18.067+0000] {processor.py:840} INFO - DAG(s) 'tutorial_taskflow_api' retrieved from /home/airflow/.local/lib/python3.8/site-packages/airflow/example_dags/tutorial_taskflow_api.py
[2026-08-14T09:52:18.087+0000] {logging_mixin.py:188} INFO - [2026-08-14T09:52:18.087+0000] {dag.py:3036} INFO - Sync 1 DAGs
[2026-08-14T09:52:18.099+0000] {logging_mixin.py:188} INFO - [2026-08-14T09:52:18.098+0000] {dag.py:3823} INFO - Setting next_dagrun for tutorial_taskflow_api to None, run_after=None
[2026-08-14T09:52:18.119+0000] {processor.py:183} INFO - Processing /home/airflow/.local/lib/python3.8/site-packages/airflow/example_dags/tutorial_taskflow_api.py took 0.066 seconds
[2026-08-14T09:52:48.370+0000] {processor.py:161} INFO - Started process (PID=3530) to work on /home/airflow/.local/lib/python3.8/site-packages/airflow/example_dags/tutorial_taskflow_api.py
[2026-08-14T09:52:48.372+0000] {processor.py:830} INFO - Processing file /home/airflow/.local/lib/python3.8/site-packages/airflow/example_dags/tutorial_taskflow_api.py for tasks to queue
[2026-08-14T09:52:48.375+0000] {logging_mixin.py:188} INFO - [2026-08-14T09:52:48.375+0000] {dagbag.py:538} INFO - Filling up the DagBag from /home/airflow/.local/lib/python3.8/site-packages/airflow/example_dags/tutorial_taskflow_api.py
[2026-08-14T09:52:48.382+0000] {processor.py:840} INFO - DAG(s) 'tutorial_taskflow_api' retrieved from /home/airflow/.local/lib/python3.8/site-packages/airflow/example_dags/tutorial_taskflow_api.py
[2026-08-14T09:52:48.403+0000] {logging_mixin.py:188} INFO - [2026-08-14T09:52:48.403+0000] {dag.py:3036} INFO - Sync 1 DAGs
[2026-08-14T09:52:48.416+0000] {logging_mixin.py:188} INFO - [2026-08-14T09:52:48.415+0000] {dag.py:3823} INFO - Setting next_dagrun for tutorial_taskflow_api to None, run_after=None
[2026-08-14T09:52:48.435+0000] {processor.py:183} INFO - Processing /home/airflow/.local/lib/python3.8/site-packages/airflow/example_dags/tutorial_taskflow_api.py took 0.069 seconds
[2026-08-14T09:53:19.476+0000] {processor.py:161} INFO - Started process (PID=3605) to work on /home/airflow/.local/lib/python3.8/site-packages/airflow/example_dags/tutorial_taskflow_api.py
[2026-08-14T09:53:19.477+0000] {processor.py:830} INFO - Processing file /home/airflow/.local/lib/python3.8/site-packages/airflow/example_dags/tutorial_taskflow_api.py for tasks to queue
[2026-08-14T09:53:19.480+0000] {logging_mixin.py:188} INFO - [2026-08-14T09:53:19.479+0000] {dagbag.py:538} INFO - Filling up the DagBag from /home/airflow/.local/lib/python3.8/site-packages/airflow/example_dags/tutorial_taskflow_api.py
[2026-08-14T09:53:19.487+0000] {processor.py:840} INFO - DAG(s) 'tutorial_taskflow_api' retrieved from /home/airflow/.local/lib/python3.8/site-packages/airflow/example_dags/tutorial_taskflow_api.py
[2026-08-14T09:53:19.508+0000] {logging_mixin.py:188} INFO - [2026-08-14T09:53:19.508+0000] {dag.py:3036} INFO - Sync 1 DAGs
[2026-08-14T09:53:19.519+0000] {logging_mixin.py:188} INFO - [2026-08-14T09:53:19.519+0000] {dag.py:3823} INFO - Setting next_dagrun for tutorial_taskflow_api to None, run_after=None
[2026-08-14T09:53:19.542+0000] {processor.py:183} INFO - Processing /home/airflow/.local/lib/python3.8/site-packages/airflow/example_dags/tutorial_taskflow_api.py took 0.070 seconds
