[2026-08-14T09:30:14.527+0000] {processor.py:161} INFO - Started process (PID=135) to work on /home/airflow/.local/lib/python3.8/site-packages/airflow/example_dags/tutorial_objectstorage.py
[2026-08-14T09:30:14.531+0000] {processor.py:830} INFO - Processing file /home/airflow/.local/lib/python3.8/site-packages/airflow/example_dags/tutorial_objectstorage.py for tasks to queue
[2026-08-14T09:30:14.539+0000] {logging_mixin.py:188} INFO - [2026-08-14T09:30:14.538+0000] {dagbag.py:538} INFO - Filling up the DagBag from /home/airflow/.local/lib/python3.8/site-packages/airflow/example_dags/tutorial_objectstorage.py
[2026-08-14T09:30:14.575+0000] {processor.py:840} INFO - DAG(s) 'tutorial_objectstorage' retrieved from /home/airflow/.local/lib/python3.8/site-packages/airflow/example_dags/tutorial_objectstorage.py
[2026-08-14T09:30:14.852+0000] {logging_mixin.py:188} INFO - [2026-08-14T09:30:14.851+0000] {dag.py:3036} INFO - Sync 1 DAGs
[2026-08-14T09:30:14.902+0000] {logging_mixin.py:188} INFO - [2026-08-14T09:30:14.901+0000] {dag.py:3823} INFO - Setting next_dagrun for tutorial_objectstorage to None, run_after=None
[2026-08-14T09:30:15.020+0000] {processor.py:183} INFO - Processing /home/airflow/.local/lib/python3.8/site-packages/airflow/example_dags/tutorial_objectstorage.py took 0.509 seconds
[2026-08-14T09:30:45.584+0000] {processor.py:161} INFO - Started process (PID=221) to work on /home/airflow/.local/lib/python3.8/site-packages/airflow/example_dags/tutorial_objectstorage.py
[2026-08-14T09:30:45.587+0000] {processor.py:830} INFO - Processing file /home/airflow/.local/lib/python3.8/site-packages/airflow/example_dags/tutorial_objectstorage.py for tasks to queue
[2026-08-14T09:30:45.590+0000] {logging_mixin.py:188} INFO - [2026-08-14T09:30:45.590+0000] {dagbag.py:538} INFO - Filling up the DagBag from /home/airflow/.local/lib/python3.8/site-packages/airflow/example_dags/tutorial_objectstorage.py
[2026-08-14T09:30:45.604+0000] {processor.py:840} INFO - DAG(s) 'tutorial_objectstorage' retrieved from /home/airflow/.local/lib/python3.8/site-packages/airflow/example_dags/tutorial_objectstorage.py
[2026-08-14T09:30:45.635+0000] {logging_mixin.py:188} INFO - [2026-08-14T09:30:45.635+0000] {dag.py:3036} INFO - Sync 1 DAGs
[2026-08-14T09:30:45.674+0000] {logging_mixin.py:188} INFO - [2026-08-14T09:30:45.672+0000] {dag.py:3823} INFO - Setting next_dagrun for tutorial_objectstorage to None, run_after=None
[2026-08-14T09:30:45.771+0000] {processor.py:183} INFO - Processing /home/airflow/.local/lib/python3.8/site-packages/airflow/example_dags/tutorial_objectstorage.py took 0.196 seconds
[2026-08-14T09:31:16.613+0000] {processor.py:161} INFO - Started process (PID=294) to work on /home/airflow/.local/lib/python3.8/site-packages/airflow/example_dags/tutorial_objectstorage.py
[2026-08-14T09:31:16.615+0000] {processor.py:830} INFO - Processing file /home/airflow/.local/lib/python3.8/site-packages/airflow/example_dags/tutorial_objectstorage.py for tasks to queue
[2026-08-14T09:31:16.617+0000] {logging_mixin.py:188} INFO - [2026-08-14T09:31:16.617+0000] {dagbag.py:538} INFO - Filling up the DagBag from /home/airflow/.local/lib/python3.8/site-packages/airflow/example_dags/tutorial_objectstorage.py
[2026-08-14T09:31:16.625+0000] {processor.py:840} INFO - DAG(s) 'tutorial_objectstorage' retrieved from /home/airflow/.local/lib/python3.8/site-packages/airflow/example_dags/tutorial_objectstorage.py
[2026-08-14T09:31:16.638+0000] {logging_mixin.py:188} INFO - [2026-08-14T09:31:16.638+0000] {dag.py:3036} INFO - Sync 1 DAGs
[2026-08-14T09:31:16.654+0000] {logging_mixin.py:188} INFO - [2026-08-14T09:31:16.654+0000] {dag.py:3823} INFO - Setting next_dagrun for tutorial_objectstorage to None, run_after=None
[2026-08-14T09:31:16.779+0000] {processor.py:183} INFO - Processing /home/airflow/.local/lib/python3.8/site-packages/airflow/example_dags/tutorial_objectstorage.py took 0.170 seconds
[2026-08-14T09:31:46.896+0000] {processor.py:161} INFO - Started process (PID=367) to work on /home/airflow/.local/lib/python3.8/site-packages/airflow/example_dags/tutorial_objectstorage.py
[2026-08-14T09:31:46.898+0000] {processor.py:830} INFO - Processing file /home/airflow/.local/lib/python3.8/site-packages/airflow/example_dags/tutorial_objectstorage.py for tasks to queue
[2026-08-14T09:31:46.900+0000] {logging_mixin.py:188} INFO - [2026-08-14T09:31:46.899+0000] {dagbag.py:538} INFO - Filling up the DagBag from /home/airflow/.local/lib/python3.8/site-packages/airflow/example_dags/tutorial_objectstorage.py
[2026-08-14T09:31:46.907+0000] {processor.py:840} INFO - DAG(s) 'tutorial_objectstorage' retrieved from /home/airflow/.local/lib/python3.8/site-packages/airflow/example_dags/tutorial_objectstorage.py
[2026-08-14T09:31:46.992+0000] {logging_mixin.py:188} INFO - [2026-08-14T09:31:46.992+0000] {dag.py:3036} INFO - Sync 1 DAGs
[2026-08-14T09:31:47.001+0000] {logging_mixin.py:188} INFO - [2026-08-14T09:31:47.001+0000] {dag.py:3823} INFO - Setting next_dagrun for tutorial_objectstorage to None, run_after=None
[2026-08-14T09:31:47.068+0000] {processor.py:183} INFO - Processing /home/airflow/.local/lib/python3.8/site-packages/airflow/example_dags/tutorial_objectstorage.py took 0.175 seconds
[2026-08-14T09:32:17.242+0000] {processor.py:161} INFO - Started process (PID=448) to work on /home/airflow/.local/lib/python3.8/site-packages/airflow/example_dags/tutorial_objectstorage.py
[2026-08-14T09:32:17.243+0000] {processor.py:830} INFO - Processing file /home/airflow/.local/lib/python3.8/site-packages/airflow/example_dags/tutorial_objectstorage.py for tasks to queue
[2026-08-14T09:32:17.246+0000] {logging_mixin.py:188} INFO - [2026-08-14T09:32:17.245+0000] {dagbag.py:538} INFO - Filling up the DagBag from /home/airflow/.local/lib/python3.8/site-packages/airflow/example_dags/tutorial_objectstorage.py
[2026-08-14T09:32:17.254+0000] {processor.py:840} INFO - DAG(s) 'tutorial_objectstorage' retrieved from /home/airflow/.local/lib/python3.8/site-packages/airflow/example_dags/tutorial_objectstorage.py
[2026-08-14T09:32:17.278+0000] {logging_mixin.py:188} INFO - [2026-08-14T09:32:17.278+0000] {dag.py:3036} INFO - Sync 1 DAGs
[2026-08-14T09:32:17.291+0000] {logging_mixin.py:188} INFO - [2026-08-14T09:32:17.291+0000] {dag.py:3823} INFO - Setting next_dagrun for tutorial_objectstorage to None, run_after=None
[2026-08-14T09:32:17.464+0000] {processor.py:183} INFO - Processing /home/airflow/.local/lib/python3.8/site-packages/airflow/example_dags/tutorial_objectstorage.py took 0.226 seconds
[2026-08-14T09:32:47.633+0000] {processor.py:161} INFO - Started process (PID=521) to work on /home/airflow/.local/lib/python3.8/site-packages/airflow/example_dags/tutorial_objectstorage.py
[2026-08-14T09:32:47.634+0000] {processor.py:830} INFO - Processing file /home/airflow/.local/lib/python3.8/site-packages/airflow/example_dags/tutorial_objectstorage.py for tasks to queue
[2026-08-14T09:32:47.637+0000] {logging_mixin.py:188} INFO - [2026-08-14T09:32:47.636+0000] {dagbag.py:538} INFO - Filling up the DagBag from /home/airflow/.local/lib/python3.8/site-packages/airflow/example_dags/tutorial_objectstorage.py
[2026-08-14T09:32:47.644+0000] {processor.py:840} INFO - DAG(s) 'tutorial_objectstorage' retrieved from /home/airflow/.local/lib/python3.8/site-packages/airflow/example_dags/tutorial_objectstorage.py
[2026-08-14T09:32:47.664+0000] {logging_mixin.py:188} INFO - [2026-08-14T09:32:47.664+0000] {dag.py:3036} INFO - Sync 1 DAGs
[2026-08-14T09:32:47.675+0000] {logging_mixin.py:188} INFO - [2026-08-14T09:32:47.675+0000] {dag.py:3823} INFO - Setting next_dagrun for tutorial_objectstorage to None, run_after=None
[2026-08-14T09:32:47.720+0000] {processor.py:183} INFO - Processing /home/airflow/.local/lib/python3.8/site-packages/airflow/example_dags/tutorial_objectstorage.py took 0.090 seconds
[2026-08-14T09:33:17.844+0000] {processor.py:161} INFO - Started process (PID=594) to work on /home/airflow/.local/lib/python3.8/site-packages/airflow/example_dags/tutorial_objectstorage.py
[2026-08-14T09:33:17.845+0000] {processor.py:830} INFO - Processing file /home/airflow/.local/lib/python3.8/site-packages/airflow/example_dags/tutorial_objectstorage.py for tasks to queue
[2026-08-14T09:33:17.848+0000] {logging_mixin.py:188} INFO - [2026-08-14T09:33:17.848+0000] {dagbag.py:538} INFO - Filling up the DagBag from /home/airflow/.local/lib/python3.8/site-packages/airflow/example_dags/tutorial_objectstorage.py
[2026-08-14T09:33:17.859+0000] {processor.py:840} INFO - DAG(s) 'tutorial_objectstorage' retrieved from /home/airflow/.local/lib/python3.8/site-packages/airflow/example_dags/tutorial_objectstorage.py
[2026-08-14T09:33:17.889+0000] {logging_mixin.py:188} INFO - [2026-08-14T09:33:17.888+0000] {dag.py:3036} INFO - Sync 1 DAGs
[2026-08-14T09:33:17.908+0000] {logging_mixin.py:188} INFO - [2026-08-14T09:33:17.907+0000] {dag.py:3823} INFO - Setting next_dagrun for tutorial_objectstorage to None, run_after=None
[2026-08-14T09:33:17.943+0000] {processor.py:183} INFO - Processing /home/airflow/.local/lib/python3.8/site-packages/airflow/example_dags/tutorial_objectstorage.py took 0.103 seconds
[2026-08-14T09:33:48.097+0000] {processor.py:161} INFO - Started process (PID=667) to work on /home/airflow/.local/lib/python3.8/site-packages/airflow/example_dags/tutorial_objectstorage.py
[2026-08-14T09:33:48.099+0000] {processor.py:830} INFO - Processing file /home/airflow/.local/lib/python3.8/site-packages/airflow/example_dags/tutorial_objectstorage.py for tasks to queue
[2026-08-14T09:33:48.101+0000] {logging_mixin.py:188} INFO - [2026-08-14T09:33:48.100+0000] {dagbag.py:538} INFO - Filling up the DagBag from /home/airflow/.local/lib/python3.8/site-packages/airflow/example_dags/tutorial_objectstorage.py
[2026-08-14T09:33:48.108+0000] {processor.py:840} INFO - DAG(s) 'tutorial_objectstorage' retrieved from /home/airflow/.local/lib/python3.8/site-packages/airflow/example_dags/tutorial_objectstorage.py
[2026-08-14T09:33:48.129+0000] {logging_mixin.py:188} INFO - [2026-08-14T09:33:48.129+0000] {dag.py:3036} INFO - Sync 1 DAGs
[2026-08-14T09:33:48.142+0000] {logging_mixin.py:188} INFO - [2026-08-14T09:33:48.141+0000] {dag.py:3823} INFO - Setting next_dagrun for tutorial_objectstorage to None, run_after=None
[2026-08-14T09:33:48.165+0000] {processor.py:183} INFO - Processing /home/airflow/.local/lib/python3.8/site-packages/airflow/example_dags/tutorial_objectstorage.py took 0.072 seconds
[2026-08-14T09:34:18.541+0000] {processor.py:161} INFO - Started process (PID=740) to work on /home/airflow/.local/lib/python3.8/site-packages/airflow/example_dags/tutorial_objectstorage.py
[2026-08-14T09:34:18.542+0000] {processor.py:830} INFO - Processing file /home/airflow/.local/lib/python3.8/site-packages/airflow/example_dags/tutorial_objectstorage.py for tasks to queue
[2026-08-14T09:34:18.545+0000] {logging_mixin.py:188} INFO - [2026-08-14T09:34:18.545+0000] {dagbag.py:538} INFO - Filling up the DagBag from /home/airflow/.local/lib/python3.8/site-packages/airflow/example_dags/tutorial_objectstorage.py
[2026-08-14T09:34:18.557+0000] {processor.py:840} INFO - DAG(s) 'tutorial_objectstorage' retrieved from /home/airflow/.local/lib/python3.8/site-packages/airflow/example_dags/tutorial_objectstorage.py
[2026-08-14T09:34:18.592+0000] {logging_mixin.py:188} INFO - [2026-08-14T09:34:18.592+0000] {dag.py:3036} INFO - Sync 1 DAGs
[2026-08-14T09:34:18.625+0000] {logging_mixin.py:188} INFO - [2026-08-14T09:34:18.624+0000] {dag.py:3823} INFO - Setting next_dagrun for tutorial_objectstorage to None, run_after=None
[2026-08-14T09:34:18.692+0000] {processor.py:183} INFO - Processing /home/airflow/.local/lib/python3.8/site-packages/airflow/example_dags/tutorial_objectstorage.py took 0.156 seconds
[2026-08-14T09:34:48.809+0000] {processor.py:161} INFO - Started process (PID=813) to work on /home/airflow/.local/lib/python3.8/site-packages/airflow/example_dags/tutorial_objectstorage.py
[2026-08-14T09:34:48.811+0000] {processor.py:830} INFO - Processing file /home/airflow/.local/lib/python3.8/site-packages/airflow/example_dags/tutorial_objectstorage.py for tasks to queue
[2026-08-14T09:34:48.814+0000] {logging_mixin.py:188} INFO - [2026-08-14T09:34:48.813+0000] {dagbag.py:538} INFO - Filling up the DagBag from /home/airflow/.local/lib/python3.8/site-packages/airflow/example_dags/tutorial_objectstorage.py
[2026-08-14T09:34:48.823+0000] {processor.py:840} INFO - DAG(s) 'tutorial_objectstorage' retrieved from /home/airflow/.local/lib/python3.8/site-packages/airflow/example_dags/tutorial_objectstorage.py
[2026-08-14T09:34:48.847+0000] {logging_mixin.py:188} INFO - [2026-08-14T09:34:48.847+0000] {dag.py:3036} INFO - Sync 1 DAGs
[2026-08-14T09:34:48.860+0000] {logging_mixin.py:188} INFO - [2026-08-14T09:34:48.860+0000] {dag.py:3823} INFO - Setting next_dagrun for tutorial_objectstorage to None, run_after=None
[2026-08-14T09:34:48.888+0000] {processor.py:183} INFO - Processing /home/airflow/.local/lib/python3.8/site-packages/airflow/example_dags/tutorial_objectstorage.py took 0.084 seconds
[2026-08-14T09:35:19.597+0000] {processor.py:161} INFO - Started process (PID=899) to work on /home/airflow/.local/lib/python3.8/site-packages/airflow/example_dags/tutorial_objectstorage.py
[2026-08-14T09:35:19.599+0000] {processor.py:830} INFO - Processing file /home/airflow/.local/lib/python3.8/site-packages/airflow/example_dags/tutorial_objectstorage.py for tasks to queue
[2026-08-14T09:35:19.602+0000] {logging_mixin.py:188} INFO - [2026-08-14T09:35:19.601+0000] {dagbag.py:538} INFO - Filling up the DagBag from /home/airflow/.local/lib/python3.8/site-packages/airflow/example_dags/tutorial_objectstorage.py
[2026-08-14T09:35:19.612+0000] {processor.py:840} INFO - DAG(s) 'tutorial_objectstorage' retrieved from /home/airflow/.local/lib/python3.8/site-packages/airflow/example_dags/tutorial_objectstorage.py
[2026-08-14T09:35:19.644+0000] {logging_mixin.py:188} INFO - [2026-08-14T09:35:19.644+0000] {dag.py:3036} INFO - Sync 1 DAGs
[2026-08-14T09:35:19.663+0000] {logging_mixin.py:188} INFO - [2026-08-14T09:35:19.663+0000] {dag.py:3823} INFO - Setting next_dagrun for tutorial_objectstorage to None, run_after=None
[2026-08-14T09:35:19.692+0000] {processor.py:183} INFO - Processing /home/airflow/.local/lib/python3.8/site-packages/airflow/example_dags/tutorial_objectstorage.py took 0.099 seconds
[2026-08-14T09:35:49.930+0000] {processor.py:161} INFO - Started process (PID=984) to work on /home/airflow/.local/lib/python3.8/site-packages/airflow/example_dags/tutorial_objectstorage.py
[2026-08-14T09:35:49.932+0000] {processor.py:830} INFO - Processing file /home/airflow/.local/lib/python3.8/site-packages/airflow/example_dags/tutorial_objectstorage.py for tasks to queue
[2026-08-14T09:35:49.934+0000] {logging_mixin.py:188} INFO - [2026-08-14T09:35:49.934+0000] {dagbag.py:538} INFO - Filling up the DagBag from /home/airflow/.local/lib/python3.8/site-packages/airflow/example_dags/tutorial_objectstorage.py
[2026-08-14T09:35:49.941+0000] {processor.py:840} INFO - DAG(s) 'tutorial_objectstorage' retrieved from /home/airflow/.local/lib/python3.8/site-packages/airflow/example_dags/tutorial_objectstorage.py
[2026-08-14T09:35:49.964+0000] {logging_mixin.py:188} INFO - [2026-08-14T09:35:49.964+0000] {dag.py:3036} INFO - Sync 1 DAGs
[2026-08-14T09:35:49.977+0000] {logging_mixin.py:188} INFO - [2026-08-14T09:35:49.977+0000] {dag.py:3823} INFO - Setting next_dagrun for tutorial_objectstorage to None, run_after=None
[2026-08-14T09:35:50.000+0000] {processor.py:183} INFO - Processing /home/airflow/.local/lib/python3.8/site-packages/airflow/example_dags/tutorial_objectstorage.py took 0.073 seconds
[2026-08-14T09:36:20.758+0000] {processor.py:161} INFO - Started process (PID=1069) to work on /home/airflow/.local/lib/python3.8/site-packages/airflow/example_dags/tutorial_objectstorage.py
[2026-08-14T09:36:20.759+0000] {processor.py:830} INFO - Processing file /home/airflow/.local/lib/python3.8/site-packages/airflow/example_dags/tutorial_objectstorage.py for tasks to queue
[2026-08-14T09:36:20.762+0000] {logging_mixin.py:188} INFO - [2026-08-14T09:36:20.761+0000] {dagbag.py:538} INFO - Filling up the DagBag from /home/airflow/.local/lib/python3.8/site-packages/airflow/example_dags/tutorial_objectstorage.py
[2026-08-14T09:36:20.772+0000] {processor.py:840} INFO - DAG(s) 'tutorial_objectstorage' retrieved from /home/airflow/.local/lib/python3.8/site-packages/airflow/example_dags/tutorial_objectstorage.py
[2026-08-14T09:36:20.800+0000] {logging_mixin.py:188} INFO - [2026-08-14T09:36:20.800+0000] {dag.py:3036} INFO - Sync 1 DAGs
[2026-08-14T09:36:20.817+0000] {logging_mixin.py:188} INFO - [2026-08-14T09:36:20.817+0000] {dag.py:3823} INFO - Setting next_dagrun for tutorial_objectstorage to None, run_after=None
[2026-08-14T09:36:20.841+0000] {processor.py:183} INFO - Processing /home/airflow/.local/lib/python3.8/site-packages/airflow/example_dags/tutorial_objectstorage.py took 0.087 seconds
[2026-08-14T09:36:51.462+0000] {processor.py:161} INFO - Started process (PID=1150) to work on /home/airflow/.local/lib/python3.8/site-packages/airflow/example_dags/tutorial_objectstorage.py
[2026-08-14T09:36:51.464+0000] {processor.py:830} INFO - Processing file /home/airflow/.local/lib/python3.8/site-packages/airflow/example_dags/tutorial_objectstorage.py for tasks to queue
[2026-08-14T09:36:51.468+0000] {logging_mixin.py:188} INFO - [2026-08-14T09:36:51.467+0000] {dagbag.py:538} INFO - Filling up the DagBag from /home/airflow/.local/lib/python3.8/site-packages/airflow/example_dags/tutorial_objectstorage.py
[2026-08-14T09:36:51.486+0000] {processor.py:840} INFO - DAG(s) 'tutorial_objectstorage' retrieved from /home/airflow/.local/lib/python3.8/site-packages/airflow/example_dags/tutorial_objectstorage.py
[2026-08-14T09:36:51.526+0000] {logging_mixin.py:188} INFO - [2026-08-14T09:36:51.525+0000] {dag.py:3036} INFO - Sync 1 DAGs
[2026-08-14T09:36:51.543+0000] {logging_mixin.py:188} INFO - [2026-08-14T09:36:51.542+0000] {dag.py:3823} INFO - Setting next_dagrun for tutorial_objectstorage to None, run_after=None
[2026-08-14T09:36:51.567+0000] {processor.py:183} INFO - Processing /home/airflow/.local/lib/python3.8/site-packages/airflow/example_dags/tutorial_objectstorage.py took 0.110 seconds
[2026-08-14T09:37:22.311+0000] {processor.py:161} INFO - Started process (PID=1225) to work on /home/airflow/.local/lib/python3.8/site-packages/airflow/example_dags/tutorial_objectstorage.py
[2026-08-14T09:37:22.312+0000] {processor.py:830} INFO - Processing file /home/airflow/.local/lib/python3.8/site-packages/airflow/example_dags/tutorial_objectstorage.py for tasks to queue
[2026-08-14T09:37:22.314+0000] {logging_mixin.py:188} INFO - [2026-08-14T09:37:22.314+0000] {dagbag.py:538} INFO - Filling up the DagBag from /home/airflow/.local/lib/python3.8/site-packages/airflow/example_dags/tutorial_objectstorage.py
[2026-08-14T09:37:22.321+0000] {processor.py:840} INFO - DAG(s) 'tutorial_objectstorage' retrieved from /home/airflow/.local/lib/python3.8/site-packages/airflow/example_dags/tutorial_objectstorage.py
[2026-08-14T09:37:22.344+0000] {logging_mixin.py:188} INFO - [2026-08-14T09:37:22.343+0000] {dag.py:3036} INFO - Sync 1 DAGs
[2026-08-14T09:37:22.356+0000] {logging_mixin.py:188} INFO - [2026-08-14T09:37:22.356+0000] {dag.py:3823} INFO - Setting next_dagrun for tutorial_objectstorage to None, run_after=None
[2026-08-14T09:37:22.377+0000] {processor.py:183} INFO - Processing /home/airflow/.local/lib/python3.8/site-packages/airflow/example_dags/tutorial_objectstorage.py took 0.070 seconds
[2026-08-14T09:37:52.558+0000] {processor.py:161} INFO - Started process (PID=1299) to work on /home/airflow/.local/lib/python3.8/site-packages/airflow/example_dags/tutorial_objectstorage.py
[2026-08-14T09:37:52.559+0000] {processor.py:830} INFO - Processing file /home/airflow/.local/lib/python3.8/site-packages/airflow/example_dags/tutorial_objectstorage.py for tasks to queue
[2026-08-14T09:37:52.562+0000] {logging_mixin.py:188} INFO - [2026-08-14T09:37:52.561+0000] {dagbag.py:538} INFO - Filling up the DagBag from /home/airflow/.local/lib/python3.8/site-packages/airflow/example_dags/tutorial_objectstorage.py
[2026-08-14T09:37:52.571+0000] {processor.py:840} INFO - DAG(s) 'tutorial_objectstorage' retrieved from /home/airflow/.local/lib/python3.8/site-packages/airflow/example_dags/tutorial_objectstorage.py
[2026-08-14T09:37:52.592+0000] {logging_mixin.py:188} INFO - [2026-08-14T09:37:52.592+0000] {dag.py:3036} INFO - Sync 1 DAGs
[2026-08-14T09:37:52.604+0000] {logging_mixin.py:188} INFO - [2026-08-14T09:37:52.604+0000] {dag.py:3823} INFO - Setting next_dagrun for tutorial_objectstorage to None, run_after=None
[2026-08-14T09:37:52.625+0000] {processor.py:183} INFO - Processing /home/airflow/.local/lib/python3.8/site-packages/airflow/example_dags/tutorial_objectstorage.py took 0.071 seconds
[2026-08-14T09:38:22.823+0000] {processor.py:161} INFO - Started process (PID=1374) to work on /home/airflow/.local/lib/python3.8/site-packages/airflow/example_dags/tutorial_objectstorage.py
[2026-08-14T09:38:22.825+0000] {processor.py:830} INFO - Processing file /home/airflow/.local/lib/python3.8/site-packages/airflow/example_dags/tutorial_objectstorage.py for tasks to queue
[2026-08-14T09:38:22.828+0000] {logging_mixin.py:188} INFO - [2026-08-14T09:38:22.828+0000] {dagbag.py:538} INFO - Filling up the DagBag from /home/airflow/.local/lib/python3.8/site-packages/airflow/example_dags/tutorial_objectstorage.py
[2026-08-14T09:38:22.835+0000] {processor.py:840} INFO - DAG(s) 'tutorial_objectstorage' retrieved from /home/airflow/.local/lib/python3.8/site-packages/airflow/example_dags/tutorial_objectstorage.py
[2026-08-14T09:38:22.860+0000] {logging_mixin.py:188} INFO - [2026-08-14T09:38:22.860+0000] {dag.py:3036} INFO - Sync 1 DAGs
[2026-08-14T09:38:22.872+0000] {logging_mixin.py:188} INFO - [2026-08-14T09:38:22.872+0000] {dag.py:3823} INFO - Setting next_dagrun for tutorial_objectstorage to None, run_after=None
[2026-08-14T09:38:22.897+0000] {processor.py:183} INFO - Processing /home/airflow/.local/lib/python3.8/site-packages/airflow/example_dags/tutorial_objectstorage.py took 0.078 seconds
[2026-08-14T09:38:53.649+0000] {processor.py:161} INFO - Started process (PID=1449) to work on /home/airflow/.local/lib/python3.8/site-packages/airflow/example_dags/tutorial_objectstorage.py
[2026-08-14T09:38:53.650+0000] {processor.py:830} INFO - Processing file /home/airflow/.local/lib/python3.8/site-packages/airflow/example_dags/tutorial_objectstorage.py for tasks to queue
[2026-08-14T09:38:53.653+0000] {logging_mixin.py:188} INFO - [2026-08-14T09:38:53.653+0000] {dagbag.py:538} INFO - Filling up the DagBag from /home/airflow/.local/lib/python3.8/site-packages/airflow/example_dags/tutorial_objectstorage.py
[2026-08-14T09:38:53.662+0000] {processor.py:840} INFO - DAG(s) 'tutorial_objectstorage' retrieved from /home/airflow/.local/lib/python3.8/site-packages/airflow/example_dags/tutorial_objectstorage.py
[2026-08-14T09:38:53.694+0000] {logging_mixin.py:188} INFO - [2026-08-14T09:38:53.694+0000] {dag.py:3036} INFO - Sync 1 DAGs
[2026-08-14T09:38:53.722+0000] {logging_mixin.py:188} INFO - [2026-08-14T09:38:53.721+0000] {dag.py:3823} INFO - Setting next_dagrun for tutorial_objectstorage to None, run_after=None
[2026-08-14T09:38:53.745+0000] {processor.py:183} INFO - Processing /home/airflow/.local/lib/python3.8/site-packages/airflow/example_dags/tutorial_objectstorage.py took 0.100 seconds
[2026-08-14T09:39:24.181+0000] {processor.py:161} INFO - Started process (PID=1524) to work on /home/airflow/.local/lib/python3.8/site-packages/airflow/example_dags/tutorial_objectstorage.py
[2026-08-14T09:39:24.183+0000] {processor.py:830} INFO - Processing file /home/airflow/.local/lib/python3.8/site-packages/airflow/example_dags/tutorial_objectstorage.py for tasks to queue
[2026-08-14T09:39:24.186+0000] {logging_mixin.py:188} INFO - [2026-08-14T09:39:24.186+0000] {dagbag.py:538} INFO - Filling up the DagBag from /home/airflow/.local/lib/python3.8/site-packages/airflow/example_dags/tutorial_objectstorage.py
[2026-08-14T09:39:24.195+0000] {processor.py:840} INFO - DAG(s) 'tutorial_objectstorage' retrieved from /home/airflow/.local/lib/python3.8/site-packages/airflow/example_dags/tutorial_objectstorage.py
[2026-08-14T09:39:24.221+0000] {logging_mixin.py:188} INFO - [2026-08-14T09:39:24.221+0000] {dag.py:3036} INFO - Sync 1 DAGs
[2026-08-14T09:39:24.240+0000] {logging_mixin.py:188} INFO - [2026-08-14T09:39:24.240+0000] {dag.py:3823} INFO - Setting next_dagrun for tutorial_objectstorage to None, run_after=None
[2026-08-14T09:39:24.271+0000] {processor.py:183} INFO - Processing /home/airflow/.local/lib/python3.8/site-packages/airflow/example_dags/tutorial_objectstorage.py took 0.093 seconds
[2026-08-14T09:39:55.078+0000] {processor.py:161} INFO - Started process (PID=1599) to work on /home/airflow/.local/lib/python3.8/site-packages/airflow/example_dags/tutorial_objectstorage.py
[2026-08-14T09:39:55.079+0000] {processor.py:830} INFO - Processing file /home/airflow/.local/lib/python3.8/site-packages/airflow/example_dags/tutorial_objectstorage.py for tasks to queue
[2026-08-14T09:39:55.081+0000] {logging_mixin.py:188} INFO - [2026-08-14T09:39:55.081+0000] {dagbag.py:538} INFO - Filling up the DagBag from /home/airflow/.local/lib/python3.8/site-packages/airflow/example_dags/tutorial_objectstorage.py
[2026-08-14T09:39:55.089+0000] {processor.py:840} INFO - DAG(s) 'tutorial_objectstorage' retrieved from /home/airflow/.local/lib/python3.8/site-packages/airflow/example_dags/tutorial_objectstorage.py
[2026-08-14T09:39:55.114+0000] {logging_mixin.py:188} INFO - [2026-08-14T09:39:55.114+0000] {dag.py:3036} INFO - Sync 1 DAGs
[2026-08-14T09:39:55.132+0000] {logging_mixin.py:188} INFO - [2026-08-14T09:39:55.131+0000] {dag.py:3823} INFO - Setting next_dagrun for tutorial_objectstorage to None, run_after=None
[2026-08-14T09:39:55.168+0000] {processor.py:183} INFO - Processing /home/airflow/.local/lib/python3.8/site-packages/airflow/example_dags/tutorial_objectstorage.py took 0.095 seconds
[2026-08-14T09:40:25.546+0000] {processor.py:161} INFO - Started process (PID=1674) to work on /home/airflow/.local/lib/python3.8/site-packages/airflow/example_dags/tutorial_objectstorage.py
[2026-08-14T09:40:25.548+0000] {processor.py:830} INFO - Processing file /home/airflow/.local/lib/python3.8/site-packages/airflow/example_dags/tutorial_objectstorage.py for tasks to queue
[2026-08-14T09:40:25.551+0000] {logging_mixin.py:188} INFO - [2026-08-14T09:40:25.550+0000] {dagbag.py:538} INFO - Filling up the DagBag from /home/airflow/.local/lib/python3.8/site-packages/airflow/example_dags/tutorial_objectstorage.py
[2026-08-14T09:40:25.559+0000] {processor.py:840} INFO - DAG(s) 'tutorial_objectstorage' retrieved from /home/airflow/.local/lib/python3.8/site-packages/airflow/example_dags/tutorial_objectstorage.py
[2026-08-14T09:40:25.594+0000] {logging_mixin.py:188} INFO - [2026-08-14T09:40:25.594+0000] {dag.py:3036} INFO - Sync 1 DAGs
[2026-08-14T09:40:25.611+0000] {logging_mixin.py:188} INFO - [2026-08-14T09:40:25.611+0000] {dag.py:3823} INFO - Setting next_dagrun for tutorial_objectstorage to None, run_after=None
[2026-08-14T09:40:25.638+0000] {processor.py:183} INFO - Processing /home/airflow/.local/lib/python3.8/site-packages/airflow/example_dags/tutorial_objectstorage.py took 0.095 seconds
[2026-08-14T09:40:57.050+0000] {processor.py:161} INFO - Started process (PID=1749) to work on /home/airflow/.local/lib/python3.8/site-packages/airflow/example_dags/tutorial_objectstorage.py
[2026-08-14T09:40:57.051+0000] {processor.py:830} INFO - Processing file /home/airflow/.local/lib/python3.8/site-packages/airflow/example_dags/tutorial_objectstorage.py for tasks to queue
[2026-08-14T09:40:57.053+0000] {logging_mixin.py:188} INFO - [2026-08-14T09:40:57.053+0000] {dagbag.py:538} INFO - Filling up the DagBag from /home/airflow/.local/lib/python3.8/site-packages/airflow/example_dags/tutorial_objectstorage.py
[2026-08-14T09:40:57.061+0000] {processor.py:840} INFO - DAG(s) 'tutorial_objectstorage' retrieved from /home/airflow/.local/lib/python3.8/site-packages/airflow/example_dags/tutorial_objectstorage.py
[2026-08-14T09:40:57.080+0000] {logging_mixin.py:188} INFO - [2026-08-14T09:40:57.080+0000] {dag.py:3036} INFO - Sync 1 DAGs
[2026-08-14T09:40:57.091+0000] {logging_mixin.py:188} INFO - [2026-08-14T09:40:57.091+0000] {dag.py:3823} INFO - Setting next_dagrun for tutorial_objectstorage to None, run_after=None
[2026-08-14T09:40:57.110+0000] {processor.py:183} INFO - Processing /home/airflow/.local/lib/python3.8/site-packages/airflow/example_dags/tutorial_objectstorage.py took 0.063 seconds
[2026-08-14T09:41:28.509+0000] {processor.py:161} INFO - Started process (PID=1826) to work on /home/airflow/.local/lib/python3.8/site-packages/airflow/example_dags/tutorial_objectstorage.py
[2026-08-14T09:41:28.511+0000] {processor.py:830} INFO - Processing file /home/airflow/.local/lib/python3.8/site-packages/airflow/example_dags/tutorial_objectstorage.py for tasks to queue
[2026-08-14T09:41:28.513+0000] {logging_mixin.py:188} INFO - [2026-08-14T09:41:28.513+0000] {dagbag.py:538} INFO - Filling up the DagBag from /home/airflow/.local/lib/python3.8/site-packages/airflow/example_dags/tutorial_objectstorage.py
[2026-08-14T09:41:28.521+0000] {processor.py:840} INFO - DAG(s) 'tutorial_objectstorage' retrieved from /home/airflow/.local/lib/python3.8/site-packages/airflow/example_dags/tutorial_objectstorage.py
[2026-08-14T09:41:28.541+0000] {logging_mixin.py:188} INFO - [2026-08-14T09:41:28.541+0000] {dag.py:3036} INFO - Sync 1 DAGs
[2026-08-14T09:41:28.553+0000] {logging_mixin.py:188} INFO - [2026-08-14T09:41:28.553+0000] {dag.py:3823} INFO - Setting next_dagrun for tutorial_objectstorage to None, run_after=None
[2026-08-14T09:41:28.573+0000] {processor.py:183} INFO - Processing /home/airflow/.local/lib/python3.8/site-packages/airflow/example_dags/tutorial_objectstorage.py took 0.068 seconds
[2026-08-14T09:42:00.196+0000] {processor.py:161} INFO - Started process (PID=1901) to work on /home/airflow/.local/lib/python3.8/site-packages/airflow/example_dags/tutorial_objectstorage.py
[2026-08-14T09:42:00.197+0000] {processor.py:830} INFO - Processing file /home/airflow/.local/lib/python3.8/site-packages/airflow/example_dags/tutorial_objectstorage.py for tasks to queue
[2026-08-14T09:42:00.199+0000] {logging_mixin.py:188} INFO - [2026-08-14T09:42:00.199+0000] {dagbag.py:538} INFO - Filling up the DagBag from /home/airflow/.local/lib/python3.8/site-packages/airflow/example_dags/tutorial_objectstorage.py
[2026-08-14T09:42:00.208+0000] {processor.py:840} INFO - DAG(s) 'tutorial_objectstorage' retrieved from /home/airflow/.local/lib/python3.8/site-packages/airflow/example_dags/tutorial_objectstorage.py
[2026-08-14T09:42:00.229+0000] {logging_mixin.py:188} INFO - [2026-08-14T09:42:00.228+0000] {dag.py:3036} INFO - Sync 1 DAGs
[2026-08-14T09:42:00.242+0000] {logging_mixin.py:188} INFO - [2026-08-14T09:42:00.242+0000] {dag.py:3823} INFO - Setting next_dagrun for tutorial_objectstorage to None, run_after=None
[2026-08-14T09:42:00.264+0000] {processor.py:183} INFO - Processing /home/airflow/.local/lib/python3.8/site-packages/airflow/example_dags/tutorial_objectstorage.py took 0.072 seconds
[2026-08-14T09:42:31.542+0000] {processor.py:161} INFO - Started process (PID=1977) to work on /home/airflow/.local/lib/python3.8/site-packages/airflow/example_dags/tutorial_objectstorage.py
[2026-08-14T09:42:31.544+0000] {processor.py:830} INFO - Processing file /home/airflow/.local/lib/python3.8/site-packages/airflow/example_dags/tutorial_objectstorage.py for tasks to queue
[2026-08-14T09:42:31.547+0000] {logging_mixin.py:188} INFO - [2026-08-14T09:42:31.547+0000] {dagbag.py:538} INFO - Filling up the DagBag from /home/airflow/.local/lib/python3.8/site-packages/airflow/example_dags/tutorial_objectstorage.py
[2026-08-14T09:42:31.556+0000] {processor.py:840} INFO - DAG(s) 'tutorial_objectstorage' retrieved from /home/airflow/.local/lib/python3.8/site-packages/airflow/example_dags/tutorial_objectstorage.py
[2026-08-14T09:42:31.602+0000] {logging_mixin.py:188} INFO - [2026-08-14T09:42:31.601+0000] {dag.py:3036} INFO - Sync 1 DAGs
[2026-08-14T09:42:31.632+0000] {logging_mixin.py:188} INFO - [2026-08-14T09:42:31.632+0000] {dag.py:3823} INFO - Setting next_dagrun for tutorial_objectstorage to None, run_after=None
[2026-08-14T09:42:31.903+0000] {processor.py:183} INFO - Processing /home/airflow/.local/lib/python3.8/site-packages/airflow/example_dags/tutorial_objectstorage.py took 0.365 seconds
[2026-08-14T09:43:04.042+0000] {processor.py:161} INFO - Started process (PID=2052) to work on /home/airflow/.local/lib/python3.8/site-packages/airflow/example_dags/tutorial_objectstorage.py
[2026-08-14T09:43:04.044+0000] {processor.py:830} INFO - Processing file /home/airflow/.local/lib/python3.8/site-packages/airflow/example_dags/tutorial_objectstorage.py for tasks to queue
[2026-08-14T09:43:04.047+0000] {logging_mixin.py:188} INFO - [2026-08-14T09:43:04.046+0000] {dagbag.py:538} INFO - Filling up the DagBag from /home/airflow/.local/lib/python3.8/site-packages/airflow/example_dags/tutorial_objectstorage.py
[2026-08-14T09:43:04.232+0000] {processor.py:840} INFO - DAG(s) 'tutorial_objectstorage' retrieved from /home/airflow/.local/lib/python3.8/site-packages/airflow/example_dags/tutorial_objectstorage.py
[2026-08-14T09:43:04.251+0000] {logging_mixin.py:188} INFO - [2026-08-14T09:43:04.251+0000] {dag.py:3036} INFO - Sync 1 DAGs
[2026-08-14T09:43:04.264+0000] {logging_mixin.py:188} INFO - [2026-08-14T09:43:04.263+0000] {dag.py:3823} INFO - Setting next_dagrun for tutorial_objectstorage to None, run_after=None
[2026-08-14T09:43:04.285+0000] {processor.py:183} INFO - Processing /home/airflow/.local/lib/python3.8/site-packages/airflow/example_dags/tutorial_objectstorage.py took 0.247 seconds
[2026-08-14T09:43:34.684+0000] {processor.py:161} INFO - Started process (PID=2127) to work on /home/airflow/.local/lib/python3.8/site-packages/airflow/example_dags/tutorial_objectstorage.py
[2026-08-14T09:43:34.686+0000] {processor.py:830} INFO - Processing file /home/airflow/.local/lib/python3.8/site-packages/airflow/example_dags/tutorial_objectstorage.py for tasks to queue
[2026-08-14T09:43:34.689+0000] {logging_mixin.py:188} INFO - [2026-08-14T09:43:34.689+0000] {dagbag.py:538} INFO - Filling up the DagBag from /home/airflow/.local/lib/python3.8/site-packages/airflow/example_dags/tutorial_objectstorage.py
[2026-08-14T09:43:34.699+0000] {processor.py:840} INFO - DAG(s) 'tutorial_objectstorage' retrieved from /home/airflow/.local/lib/python3.8/site-packages/airflow/example_dags/tutorial_objectstorage.py
[2026-08-14T09:43:34.723+0000] {logging_mixin.py:188} INFO - [2026-08-14T09:43:34.722+0000] {dag.py:3036} INFO - Sync 1 DAGs
[2026-08-14T09:43:34.736+0000] {logging_mixin.py:188} INFO - [2026-08-14T09:43:34.735+0000] {dag.py:3823} INFO - Setting next_dagrun for tutorial_objectstorage to None, run_after=None
[2026-08-14T09:43:34.762+0000] {processor.py:183} INFO - Processing /home/airflow/.local/lib/python3.8/site-packages/airflow/example_dags/tutorial_objectstorage.py took 0.082 seconds
[2026-08-14T09:44:05.881+0000] {processor.py:161} INFO - Started process (PID=2202) to work on /home/airflow/.local/lib/python3.8/site-packages/airflow/example_dags/tutorial_objectstorage.py
[2026-08-14T09:44:05.882+0000] {processor.py:830} INFO - Processing file /home/airflow/.local/lib/python3.8/site-packages/airflow/example_dags/tutorial_objectstorage.py for tasks to queue
[2026-08-14T09:44:05.884+0000] {logging_mixin.py:188} INFO - [2026-08-14T09:44:05.884+0000] {dagbag.py:538} INFO - Filling up the DagBag from /home/airflow/.local/lib/python3.8/site-packages/airflow/example_dags/tutorial_objectstorage.py
[2026-08-14T09:44:05.891+0000] {processor.py:840} INFO - DAG(s) 'tutorial_objectstorage' retrieved from /home/airflow/.local/lib/python3.8/site-packages/airflow/example_dags/tutorial_objectstorage.py
[2026-08-14T09:44:05.913+0000] {logging_mixin.py:188} INFO - [2026-08-14T09:44:05.913+0000] {dag.py:3036} INFO - Sync 1 DAGs
[2026-08-14T09:44:05.926+0000] {logging_mixin.py:188} INFO - [2026-08-14T09:44:05.926+0000] {dag.py:3823} INFO - Setting next_dagrun for tutorial_objectstorage to None, run_after=None
[2026-08-14T09:44:05.947+0000] {processor.py:183} INFO - Processing /home/airflow/.local/lib/python3.8/site-packages/airflow/example_dags/tutorial_objectstorage.py took 0.069 seconds
[2026-08-14T09:44:36.217+0000] {processor.py:161} INFO - Started process (PID=2277) to work on /home/airflow/.local/lib/python3.8/site-packages/airflow/example_dags/tutorial_objectstorage.py
[2026-08-14T09:44:36.218+0000] {processor.py:830} INFO - Processing file /home/airflow/.local/lib/python3.8/site-packages/airflow/example_dags/tutorial_objectstorage.py for tasks to queue
[2026-08-14T09:44:36.220+0000] {logging_mixin.py:188} INFO - [2026-08-14T09:44:36.220+0000] {dagbag.py:538} INFO - Filling up the DagBag from /home/airflow/.local/lib/python3.8/site-packages/airflow/example_dags/tutorial_objectstorage.py
[2026-08-14T09:44:36.227+0000] {processor.py:840} INFO - DAG(s) 'tutorial_objectstorage' retrieved from /home/airflow/.local/lib/python3.8/site-packages/airflow/example_dags/tutorial_objectstorage.py
[2026-08-14T09:44:36.246+0000] {logging_mixin.py:188} INFO - [2026-08-14T09:44:36.246+0000] {dag.py:3036} INFO - Sync 1 DAGs
[2026-08-14T09:44:36.259+0000] {logging_mixin.py:188} INFO - [2026-08-14T09:44:36.259+0000] {dag.py:3823} INFO - Setting next_dagrun for tutorial_objectstorage to None, run_after=None
[2026-08-14T09:44:36.278+0000] {processor.py:183} INFO - Processing /home/airflow/.local/lib/python3.8/site-packages/airflow/example_dags/tutorial_objectstorage.py took 0.064 seconds
[2026-08-14T09:45:06.971+0000] {processor.py:161} INFO - Started process (PID=2352) to work on /home/airflow/.local/lib/python3.8/site-packages/airflow/example_dags/tutorial_objectstorage.py
[2026-08-14T09:45:06.972+0000] {processor.py:830} INFO - Processing file /home/airflow/.local/lib/python3.8/site-packages/airflow/example_dags/tutorial_objectstorage.py for tasks to queue
[2026-08-14T09:45:06.974+0000] {logging_mixin.py:188} INFO - [2026-08-14T09:45:06.974+0000] {dagbag.py:538} INFO - Filling up the DagBag from /home/airflow/.local/lib/python3.8/site-packages/airflow/example_dags/tutorial_objectstorage.py
[2026-08-14T09:45:06.982+0000] {processor.py:840} INFO - DAG(s) 'tutorial_objectstorage' retrieved from /home/airflow/.local/lib/python3.8/site-packages/airflow/example_dags/tutorial_objectstorage.py
[2026-08-14T09:45:07.006+0000] {logging_mixin.py:188} INFO - [2026-08-14T09:45:07.006+0000] {dag.py:3036} INFO - Sync 1 DAGs
[2026-08-14T09:45:07.018+0000] {logging_mixin.py:188} INFO - [2026-08-14T09:45:07.018+0000] {dag.py:3823} INFO - Setting next_dagrun for tutorial_objectstorage to None, run_after=None
[2026-08-14T09:45:07.037+0000] {processor.py:183} INFO - Processing /home/airflow/.local/lib/python3.8/site-packages/airflow/example_dags/tutorial_objectstorage.py took 0.069 seconds
[2026-08-14T09:45:37.711+0000] {processor.py:161} INFO - Started process (PID=2435) to work on /home/airflow/.local/lib/python3.8/site-packages/airflow/example_dags/tutorial_objectstorage.py
[2026-08-14T09:45:37.712+0000] {processor.py:830} INFO - Processing file /home/airflow/.local/lib/python3.8/site-packages/airflow/example_dags/tutorial_objectstorage.py for tasks to queue
[2026-08-14T09:45:37.715+0000] {logging_mixin.py:188} INFO - [2026-08-14T09:45:37.715+0000] {dagbag.py:538} INFO - Filling up the DagBag from /home/airflow/.local/lib/python3.8/site-packages/airflow/example_dags/tutorial_objectstorage.py
[2026-08-14T09:45:37.723+0000] {processor.py:840} INFO - DAG(s) 'tutorial_objectstorage' retrieved from /home/airflow/.local/lib/python3.8/site-packages/airflow/example_dags/tutorial_objectstorage.py
[2026-08-14T09:45:37.744+0000] {logging_mixin.py:188} INFO - [2026-08-14T09:45:37.743+0000] {dag.py:3036} INFO - Sync 1 DAGs
[2026-08-14T09:45:37.756+0000] {logging_mixin.py:188} INFO - [2026-08-14T09:45:37.756+0000] {dag.py:3823} INFO - Setting next_dagrun for tutorial_objectstorage to None, run_after=None
[2026-08-14T09:45:37.778+0000] {processor.py:183} INFO - Processing /home/airflow/.local/lib/python3.8/site-packages/airflow/example_dags/tutorial_objectstorage.py took 0.071 seconds
[2026-08-14T09:46:08.047+0000] {processor.py:161} INFO - Started process (PID=2524) to work on /home/airflow/.local/lib/python3.8/site-packages/airflow/example_dags/tutorial_objectstorage.py
[2026-08-14T09:46:08.051+0000] {processor.py:830} INFO - Processing file /home/airflow/.local/lib/python3.8/site-packages/airflow/example_dags/tutorial_objectstorage.py for tasks to queue
[2026-08-14T09:46:08.057+0000] {logging_mixin.py:188} INFO - [2026-08-14T09:46:08.056+0000] {dagbag.py:538} INFO - Filling up the DagBag from /home/airflow/.local/lib/python3.8/site-packages/airflow/example_dags/tutorial_objectstorage.py
[2026-08-14T09:46:08.073+0000] {processor.py:840} INFO - DAG(s) 'tutorial_objectstorage' retrieved from /home/airflow/.local/lib/python3.8/site-packages/airflow/example_dags/tutorial_objectstorage.py
[2026-08-14T09:46:08.125+0000] {logging_mixin.py:188} INFO - [2026-08-14T09:46:08.125+0000] {dag.py:3036} INFO - Sync 1 DAGs
[2026-08-14T09:46:08.145+0000] {logging_mixin.py:188} INFO - [2026-08-14T09:46:08.145+0000] {dag.py:3823} INFO - Setting next_dagrun for tutorial_objectstorage to None, run_after=None
[2026-08-14T09:46:08.195+0000] {processor.py:183} INFO - Processing /home/airflow/.local/lib/python3.8/site-packages/airflow/example_dags/tutorial_objectstorage.py took 0.156 seconds
[2026-08-14T09:46:39.327+0000] {processor.py:161} INFO - Started process (PID=2603) to work on /home/airflow/.local/lib/python3.8/site-packages/airflow/example_dags/tutorial_objectstorage.py
[2026-08-14T09:46:39.328+0000] {processor.py:830} INFO - Processing file /home/airflow/.local/lib/python3.8/site-packages/airflow/example_dags/tutorial_objectstorage.py for tasks to queue
[2026-08-14T09:46:39.331+0000] {logging_mixin.py:188} INFO - [2026-08-14T09:46:39.330+0000] {dagbag.py:538} INFO - Filling up the DagBag from /home/airflow/.local/lib/python3.8/site-packages/airflow/example_dags/tutorial_objectstorage.py
[2026-08-14T09:46:39.340+0000] {processor.py:840} INFO - DAG(s) 'tutorial_objectstorage' retrieved from /home/airflow/.local/lib/python3.8/site-packages/airflow/example_dags/tutorial_objectstorage.py
[2026-08-14T09:46:39.373+0000] {logging_mixin.py:188} INFO - [2026-08-14T09:46:39.372+0000] {dag.py:3036} INFO - Sync 1 DAGs
[2026-08-14T09:46:39.388+0000] {logging_mixin.py:188} INFO - [2026-08-14T09:46:39.388+0000] {dag.py:3823} INFO - Setting next_dagrun for tutorial_objectstorage to None, run_after=None
[2026-08-14T09:46:39.418+0000] {processor.py:183} INFO - Processing /home/airflow/.local/lib/python3.8/site-packages/airflow/example_dags/tutorial_objectstorage.py took 0.095 seconds
[2026-08-14T09:47:09.530+0000] {processor.py:161} INFO - Started process (PID=2682) to work on /home/airflow/.local/lib/python3.8/site-packages/airflow/example_dags/tutorial_objectstorage.py
[2026-08-14T09:47:09.534+0000] {processor.py:830} INFO - Processing file /home/airflow/.local/lib/python3.8/site-packages/airflow/example_dags/tutorial_objectstorage.py for tasks to queue
[2026-08-14T09:47:09.538+0000] {logging_mixin.py:188} INFO - [2026-08-14T09:47:09.537+0000] {dagbag.py:538} INFO - Filling up the DagBag from /home/airflow/.local/lib/python3.8/site-packages/airflow/example_dags/tutorial_objectstorage.py
[2026-08-14T09:47:09.551+0000] {processor.py:840} INFO - DAG(s) 'tutorial_objectstorage' retrieved from /home/airflow/.local/lib/python3.8/site-packages/airflow/example_dags/tutorial_objectstorage.py
[2026-08-14T09:47:09.589+0000] {logging_mixin.py:188} INFO - [2026-08-14T09:47:09.588+0000] {dag.py:3036} INFO - Sync 1 DAGs
[2026-08-14T09:47:09.611+0000] {logging_mixin.py:188} INFO - [2026-08-14T09:47:09.610+0000] {dag.py:3823} INFO - Setting next_dagrun for tutorial_objectstorage to None, run_after=None
[2026-08-14T09:47:09.658+0000] {processor.py:183} INFO - Processing /home/airflow/.local/lib/python3.8/site-packages/airflow/example_dags/tutorial_objectstorage.py took 0.134 seconds
[2026-08-14T09:47:39.852+0000] {processor.py:161} INFO - Started process (PID=2761) to work on /home/airflow/.local/lib/python3.8/site-packages/airflow/example_dags/tutorial_objectstorage.py
[2026-08-14T09:47:39.854+0000] {processor.py:830} INFO - Processing file /home/airflow/.local/lib/python3.8/site-packages/airflow/example_dags/tutorial_objectstorage.py for tasks to queue
[2026-08-14T09:47:39.856+0000] {logging_mixin.py:188} INFO - [2026-08-14T09:47:39.856+0000] {dagbag.py:538} INFO - Filling up the DagBag from /home/airflow/.local/lib/python3.8/site-packages/airflow/example_dags/tutorial_objectstorage.py
[2026-08-14T09:47:39.865+0000] {processor.py:840} INFO - DAG(s) 'tutorial_objectstorage' retrieved from /home/airflow/.local/lib/python3.8/site-packages/airflow/example_dags/tutorial_objectstorage.py
[2026-08-14T09:47:39.885+0000] {logging_mixin.py:188} INFO - [2026-08-14T09:47:39.885+0000] {dag.py:3036} INFO - Sync 1 DAGs
[2026-08-14T09:47:39.897+0000] {logging_mixin.py:188} INFO - [2026-08-14T09:47:39.897+0000] {dag.py:3823} INFO - Setting next_dagrun for tutorial_objectstorage to None, run_after=None
[2026-08-14T09:47:39.916+0000] {processor.py:183} INFO - Processing /home/airflow/.local/lib/python3.8/site-packages/airflow/example_dags/tutorial_objectstorage.py took 0.069 seconds
[2026-08-14T09:48:10.913+0000] {processor.py:161} INFO - Started process (PID=2836) to work on /home/airflow/.local/lib/python3.8/site-packages/airflow/example_dags/tutorial_objectstorage.py
[2026-08-14T09:48:10.914+0000] {processor.py:830} INFO - Processing file /home/airflow/.local/lib/python3.8/site-packages/airflow/example_dags/tutorial_objectstorage.py for tasks to queue
[2026-08-14T09:48:10.916+0000] {logging_mixin.py:188} INFO - [2026-08-14T09:48:10.916+0000] {dagbag.py:538} INFO - Filling up the DagBag from /home/airflow/.local/lib/python3.8/site-packages/airflow/example_dags/tutorial_objectstorage.py
[2026-08-14T09:48:10.923+0000] {processor.py:840} INFO - DAG(s) 'tutorial_objectstorage' retrieved from /home/airflow/.local/lib/python3.8/site-packages/airflow/example_dags/tutorial_objectstorage.py
[2026-08-14T09:48:10.942+0000] {logging_mixin.py:188} INFO - [2026-08-14T09:48:10.942+0000] {dag.py:3036} INFO - Sync 1 DAGs
[2026-08-14T09:48:10.953+0000] {logging_mixin.py:188} INFO - [2026-08-14T09:48:10.953+0000] {dag.py:3823} INFO - Setting next_dagrun for tutorial_objectstorage to None, run_after=None
[2026-08-14T09:48:10.971+0000] {processor.py:183} INFO - Processing /home/airflow/.local/lib/python3.8/site-packages/airflow/example_dags/tutorial_objectstorage.py took 0.062 seconds
[2026-08-14T09:48:41.279+0000] {processor.py:161} INFO - Started process (PID=2911) to work on /home/airflow/.local/lib/python3.8/site-packages/airflow/example_dags/tutorial_objectstorage.py
[2026-08-14T09:48:41.280+0000] {processor.py:830} INFO - Processing file /home/airflow/.local/lib/python3.8/site-packages/airflow/example_dags/tutorial_objectstorage.py for tasks to queue
[2026-08-14T09:48:41.282+0000] {logging_mixin.py:188} INFO - [2026-08-14T09:48:41.282+0000] {dagbag.py:538} INFO - Filling up the DagBag from /home/airflow/.local/lib/python3.8/site-packages/airflow/example_dags/tutorial_objectstorage.py
[2026-08-14T09:48:41.292+0000] {processor.py:840} INFO - DAG(s) 'tutorial_objectstorage' retrieved from /home/airflow/.local/lib/python3.8/site-packages/airflow/example_dags/tutorial_objectstorage.py
[2026-08-14T09:48:41.317+0000] {logging_mixin.py:188} INFO - [2026-08-14T09:48:41.316+0000] {dag.py:3036} INFO - Sync 1 DAGs
[2026-08-14T09:48:41.332+0000] {logging_mixin.py:188} INFO - [2026-08-14T09:48:41.332+0000] {dag.py:3823} INFO - Setting next_dagrun for tutorial_objectstorage to None, run_after=None
[2026-08-14T09:48:41.360+0000] {processor.py:183} INFO - Processing /home/airflow/.local/lib/python3.8/site-packages/airflow/example_dags/tutorial_objectstorage.py took 0.085 seconds
[2026-08-14T09:49:11.646+0000] {processor.py:161} INFO - Started process (PID=2986) to work on /home/airflow/.local/lib/python3.8/site-packages/airflow/example_dags/tutorial_objectstorage.py
[2026-08-14T09:49:11.647+0000] {processor.py:830} INFO - Processing file /home/airflow/.local/lib/python3.8/site-packages/airflow/example_dags/tutorial_objectstorage.py for tasks to queue
[2026-08-14T09:49:11.650+0000] {logging_mixin.py:188} INFO - [2026-08-14T09:49:11.649+0000] {dagbag.py:538} INFO - Filling up the DagBag from /home/airflow/.local/lib/python3.8/site-packages/airflow/example_dags/tutorial_objectstorage.py
[2026-08-14T09:49:11.658+0000] {processor.py:840} INFO - DAG(s) 'tutorial_objectstorage' retrieved from /home/airflow/.local/lib/python3.8/site-packages/airflow/example_dags/tutorial_objectstorage.py
[2026-08-14T09:49:11.679+0000] {logging_mixin.py:188} INFO - [2026-08-14T09:49:11.678+0000] {dag.py:3036} INFO - Sync 1 DAGs
[2026-08-14T09:49:11.691+0000] {logging_mixin.py:188} INFO - [2026-08-14T09:49:11.691+0000] {dag.py:3823} INFO - Setting next_dagrun for tutorial_objectstorage to None, run_after=None
[2026-08-14T09:49:11.712+0000] {processor.py:183} INFO - Processing /home/airflow/.local/lib/python3.8/site-packages/airflow/example_dags/tutorial_objectstorage.py took 0.070 seconds
[2026-08-14T09:49:43.588+0000] {processor.py:161} INFO - Started process (PID=3069) to work on /home/airflow/.local/lib/python3.8/site-packages/airflow/example_dags/tutorial_objectstorage.py
[2026-08-14T09:49:43.590+0000] {processor.py:830} INFO - Processing file /home/airflow/.local/lib/python3.8/site-packages/airflow/example_dags/tutorial_objectstorage.py for tasks to queue
[2026-08-14T09:49:43.593+0000] {logging_mixin.py:188} INFO - [2026-08-14T09:49:43.592+0000] {dagbag.py:538} INFO - Filling up the DagBag from /home/airflow/.local/lib/python3.8/site-packages/airflow/example_dags/tutorial_objectstorage.py
[2026-08-14T09:49:43.604+0000] {processor.py:840} INFO - DAG(s) 'tutorial_objectstorage' retrieved from /home/airflow/.local/lib/python3.8/site-packages/airflow/example_dags/tutorial_objectstorage.py
[2026-08-14T09:49:43.627+0000] {logging_mixin.py:188} INFO - [2026-08-14T09:49:43.626+0000] {dag.py:3036} INFO - Sync 1 DAGs
[2026-08-14T09:49:43.642+0000] {logging_mixin.py:188} INFO - [2026-08-14T09:49:43.642+0000] {dag.py:3823} INFO - Setting next_dagrun for tutorial_objectstorage to None, run_after=None
[2026-08-14T09:49:43.663+0000] {processor.py:183} INFO - Processing /home/airflow/.local/lib/python3.8/site-packages/airflow/example_dags/tutorial_objectstorage.py took 0.080 seconds
[2026-08-14T09:50:14.487+0000] {processor.py:161} INFO - Started process (PID=3144) to work on /home/airflow/.local/lib/python3.8/site-packages/airflow/example_dags/tutorial_objectstorage.py
[2026-08-14T09:50:14.488+0000] {processor.py:830} INFO - Processing file /home/airflow/.local/lib/python3.8/site-packages/airflow/example_dags/tutorial_objectstorage.py for tasks to queue
[2026-08-14T09:50:14.491+0000] {logging_mixin.py:188} INFO - [2026-08-14T09:50:14.490+0000] {dagbag.py:538} INFO - Filling up the DagBag from /home/airflow/.local/lib/python3.8/site-packages/airflow/example_dags/tutorial_objectstorage.py
[2026-08-14T09:50:14.498+0000] {processor.py:840} INFO - DAG(s) 'tutorial_objectstorage' retrieved from /home/airflow/.local/lib/python3.8/site-packages/airflow/example_dags/tutorial_objectstorage.py
[2026-08-14T09:50:14.524+0000] {logging_mixin.py:188} INFO - [2026-08-14T09:50:14.524+0000] {dag.py:3036} INFO - Sync 1 DAGs
[2026-08-14T09:50:14.537+0000] {logging_mixin.py:188} INFO - [2026-08-14T09:50:14.537+0000] {dag.py:3823} INFO - Setting next_dagrun for tutorial_objectstorage to None, run_after=None
[2026-08-14T09:50:14.559+0000] {processor.py:183} INFO - Processing /home/airflow/.local/lib/python3.8/site-packages/airflow/example_dags/tutorial_objectstorage.py took 0.076 seconds
[2026-08-14T09:50:44.773+0000] {processor.py:161} INFO - Started process (PID=3219) to work on /home/airflow/.local/lib/python3.8/site-packages/airflow/example_dags/tutorial_objectstorage.py
[2026-08-14T09:50:44.775+0000] {processor.py:830} INFO - Processing file /home/airflow/.local/lib/python3.8/site-packages/airflow/example_dags/tutorial_objectstorage.py for tasks to queue
[2026-08-14T09:50:44.777+0000] {logging_mixin.py:188} INFO - [2026-08-14T09:50:44.777+0000] {dagbag.py:538} INFO - Filling up the DagBag from /home/airflow/.local/lib/python3.8/site-packages/airflow/example_dags/tutorial_objectstorage.py
[2026-08-14T09:50:44.786+0000] {processor.py:840} INFO - DAG(s) 'tutorial_objectstorage' retrieved from /home/airflow/.local/lib/python3.8/site-packages/airflow/example_dags/tutorial_objectstorage.py
[2026-08-14T09:50:44.806+0000] {logging_mixin.py:188} INFO - [2026-08-14T09:50:44.806+0000] {dag.py:3036} INFO - Sync 1 DAGs
[2026-08-14T09:50:44.819+0000] {logging_mixin.py:188} INFO - [2026-08-14T09:50:44.818+0000] {dag.py:3823} INFO - Setting next_dagrun for tutorial_objectstorage to None, run_after=None
[2026-08-14T09:50:44.838+0000] {processor.py:183} INFO - Processing /home/airflow/.local/lib/python3.8/site-packages/airflow/example_dags/tutorial_objectstorage.py took 0.068 seconds
[2026-08-14T09:51:15.058+0000] {processor.py:161} INFO - Started process (PID=3294) to work on /home/airflow/.local/lib/python3.8/site-packages/airflow/example_dags/tutorial_objectstorage.py
[2026-08-14T09:51:15.060+0000] {processor.py:830} INFO - Processing file /home/airflow/.local/lib/python3.8/site-packages/airflow/example_dags/tutorial_objectstorage.py for tasks to queue
[2026-08-14T09:51:15.063+0000] {logging_mixin.py:188} INFO - [2026-08-14T09:51:15.062+0000] {dagbag.py:538} INFO - Filling up the DagBag from /home/airflow/.local/lib/python3.8/site-packages/airflow/example_dags/tutorial_objectstorage.py
[2026-08-14T09:51:15.073+0000] {processor.py:840} INFO - DAG(s) 'tutorial_objectstorage' retrieved from /home/airflow/.local/lib/python3.8/site-packages/airflow/example_dags/tutorial_objectstorage.py
[2026-08-14T09:51:15.096+0000] {logging_mixin.py:188} INFO - [2026-08-14T09:51:15.095+0000] {dag.py:3036} INFO - Sync 1 DAGs
[2026-08-14T09:51:15.109+0000] {logging_mixin.py:188} INFO - [2026-08-14T09:51:15.109+0000] {dag.py:3823} INFO - Setting next_dagrun for tutorial_objectstorage to None, run_after=None
[2026-08-14T09:51:15.136+0000] {processor.py:183} INFO - Processing /home/airflow/.local/lib/python3.8/site-packages/airflow/example_dags/tutorial_objectstorage.py took 0.084 seconds
[2026-08-14T09:51:46.590+0000] {processor.py:161} INFO - Started process (PID=3370) to work on /home/airflow/.local/lib/python3.8/site-packages/airflow/example_dags/tutorial_objectstorage.py
[2026-08-14T09:51:46.592+0000] {processor.py:830} INFO - Processing file /home/airflow/.local/lib/python3.8/site-packages/airflow/example_dags/tutorial_objectstorage.py for tasks to queue
[2026-08-14T09:51:46.594+0000] {logging_mixin.py:188} INFO - [2026-08-14T09:51:46.593+0000] {dagbag.py:538} INFO - Filling up the DagBag from /home/airflow/.local/lib/python3.8/site-packages/airflow/example_dags/tutorial_objectstorage.py
[2026-08-14T09:51:46.601+0000] {processor.py:840} INFO - DAG(s) 'tutorial_objectstorage' retrieved from /home/airflow/.local/lib/python3.8/site-packages/airflow/example_dags/tutorial_objectstorage.py
[2026-08-14T09:51:46.622+0000] {logging_mixin.py:188} INFO - [2026-08-14T09:51:46.621+0000] {dag.py:3036} INFO - Sync 1 DAGs
[2026-08-14T09:51:46.633+0000] {logging_mixin.py:188} INFO - [2026-08-14T09:51:46.633+0000] {dag.py:3823} INFO - Setting next_dagrun for tutorial_objectstorage to None, run_after=None
[2026-08-14T09:51:46.654+0000] {processor.py:183} INFO - Processing /home/airflow/.local/lib/python3.8/site-packages/airflow/example_dags/tutorial_objectstorage.py took 0.068 seconds
[2026-08-14T09:52:17.125+0000] {processor.py:161} INFO - Started process (PID=3445) to work on /home/airflow/.local/lib/python3.8/site-packages/airflow/example_dags/tutorial_objectstorage.py
[2026-08-14T09:52:17.126+0000] {processor.py:830} INFO - Processing file /home/airflow/.local/lib/python3.8/site-packages/airflow/example_dags/tutorial_objectstorage.py for tasks to queue
[2026-08-14T09:52:17.129+0000] {logging_mixin.py:188} INFO - [2026-08-14T09:52:17.128+0000] {dagbag.py:538} INFO - Filling up the DagBag from /home/airflow/.local/lib/python3.8/site-packages/airflow/example_dags/tutorial_objectstorage.py
[2026-08-14T09:52:17.136+0000] {processor.py:840} INFO - DAG(s) 'tutorial_objectstorage' retrieved from /home/airflow/.local/lib/python3.8/site-packages/airflow/example_dags/tutorial_objectstorage.py
[2026-08-14T09:52:17.157+0000] {logging_mixin.py:188} INFO - [2026-08-14T09:52:17.157+0000] {dag.py:3036} INFO - Sync 1 DAGs
[2026-08-14T09:52:17.169+0000] {logging_mixin.py:188} INFO - [2026-08-14T09:52:17.169+0000] {dag.py:3823} INFO - Setting next_dagrun for tutorial_objectstorage to None, run_after=None
[2026-08-14T09:52:17.190+0000] {processor.py:183} INFO - Processing /home/airflow/.local/lib/python3.8/site-packages/airflow/example_dags/tutorial_objectstorage.py took 0.068 seconds
[2026-08-14T09:52:47.638+0000] {processor.py:161} INFO - Started process (PID=3519) to work on /home/airflow/.local/lib/python3.8/site-packages/airflow/example_dags/tutorial_objectstorage.py
[2026-08-14T09:52:47.639+0000] {processor.py:830} INFO - Processing file /home/airflow/.local/lib/python3.8/site-packages/airflow/example_dags/tutorial_objectstorage.py for tasks to queue
[2026-08-14T09:52:47.641+0000] {logging_mixin.py:188} INFO - [2026-08-14T09:52:47.640+0000] {dagbag.py:538} INFO - Filling up the DagBag from /home/airflow/.local/lib/python3.8/site-packages/airflow/example_dags/tutorial_objectstorage.py
[2026-08-14T09:52:47.648+0000] {processor.py:840} INFO - DAG(s) 'tutorial_objectstorage' retrieved from /home/airflow/.local/lib/python3.8/site-packages/airflow/example_dags/tutorial_objectstorage.py
[2026-08-14T09:52:47.667+0000] {logging_mixin.py:188} INFO - [2026-08-14T09:52:47.667+0000] {dag.py:3036} INFO - Sync 1 DAGs
[2026-08-14T09:52:47.678+0000] {logging_mixin.py:188} INFO - [2026-08-14T09:52:47.678+0000] {dag.py:3823} INFO - Setting next_dagrun for tutorial_objectstorage to None, run_after=None
[2026-08-14T09:52:47.695+0000] {processor.py:183} INFO - Processing /home/airflow/.local/lib/python3.8/site-packages/airflow/example_dags/tutorial_objectstorage.py took 0.061 seconds
[2026-08-14T09:53:18.539+0000] {processor.py:161} INFO - Started process (PID=3594) to work on /home/airflow/.local/lib/python3.8/site-packages/airflow/example_dags/tutorial_objectstorage.py
[2026-08-14T09:53:18.541+0000] {processor.py:830} INFO - Processing file /home/airflow/.local/lib/python3.8/site-packages/airflow/example_dags/tutorial_objectstorage.py for tasks to queue
[2026-08-14T09:53:18.545+0000] {logging_mixin.py:188} INFO - [2026-08-14T09:53:18.544+0000] {dagbag.py:538} INFO - Filling up the DagBag from /home/airflow/.local/lib/python3.8/site-packages/airflow/example_dags/tutorial_objectstorage.py
[2026-08-14T09:53:18.554+0000] {processor.py:840} INFO - DAG(s) 'tutorial_objectstorage' retrieved from /home/airflow/.local/lib/python3.8/site-packages/airflow/example_dags/tutorial_objectstorage.py
[2026-08-14T09:53:18.576+0000] {logging_mixin.py:188} INFO - [2026-08-14T09:53:18.575+0000] {dag.py:3036} INFO - Sync 1 DAGs
[2026-08-14T09:53:18.587+0000] {logging_mixin.py:188} INFO - [2026-08-14T09:53:18.587+0000] {dag.py:3823} INFO - Setting next_dagrun for tutorial_objectstorage to None, run_after=None
[2026-08-14T09:53:18.610+0000] {processor.py:183} INFO - Processing /home/airflow/.local/lib/python3.8/site-packages/airflow/example_dags/tutorial_objectstorage.py took 0.076 seconds
